// Jest Snapshot v1, https://goo.gl/fbAQLP

exports[`Heading component Snapshot for prop:appearance 
  appearance: "default"
 1`] = `
<body>
  <div>
    <h3
      class="Mds-Heading Mds-Heading--medium Mds-Heading--default"
      data-test="DesignSystem-Heading"
    >
      Heading
    </h3>
  </div>
</body>
`;

exports[`Heading component Snapshot for prop:appearance 
  appearance: "disabled"
 1`] = `
<body>
  <div>
    <h3
      class="Mds-Heading Mds-Heading--medium Mds-Heading--disabled"
      data-test="DesignSystem-Heading"
    >
      Heading
    </h3>
  </div>
</body>
`;

exports[`Heading component Snapshot for prop:appearance 
  appearance: "subtle"
 1`] = `
<body>
  <div>
    <h3
      class="Mds-Heading Mds-Heading--medium Mds-Heading--subtle"
      data-test="DesignSystem-Heading"
    >
      Heading
    </h3>
  </div>
</body>
`;

exports[`Heading component Snapshot for prop:appearance 
  appearance: "white"
 1`] = `
<body>
  <div>
    <h3
      class="Mds-Heading Mds-Heading--medium Mds-Heading--white"
      data-test="DesignSystem-Heading"
    >
      Heading
    </h3>
  </div>
</body>
`;

exports[`Heading component Snapshot for prop:size 
  size: "large"
 1`] = `
<body>
  <div>
    <h2
      class="Mds-Heading Mds-Heading--large Mds-Heading--default"
      data-test="DesignSystem-Heading"
    >
      Heading
    </h2>
  </div>
</body>
`;

exports[`Heading component Snapshot for prop:size 
  size: "medium"
 1`] = `
<body>
  <div>
    <h3
      class="Mds-Heading Mds-Heading--medium Mds-Heading--default"
      data-test="DesignSystem-Heading"
    >
      Heading
    </h3>
  </div>
</body>
`;

exports[`Heading component Snapshot for prop:size 
  size: "small"
 1`] = `
<body>
  <div>
    <h4
      class="Mds-Heading Mds-Heading--small Mds-Heading--default"
      data-test="DesignSystem-Heading"
    >
      Heading
    </h4>
  </div>
</body>
`;

exports[`Heading component Snapshot for prop:size 
  size: "x-large"
 1`] = `
<body>
  <div>
    <h1
      class="Mds-Heading Mds-Heading--x-large Mds-Heading--default"
      data-test="DesignSystem-Heading"
    >
      Heading
    </h1>
  </div>
</body>
`;

exports[`Heading component Snapshot for prop:size 
  size: "x-small"
 1`] = `
<body>
  <div>
    <h5
      class="Mds-Heading Mds-Heading--x-small Mds-Heading--default"
      data-test="DesignSystem-Heading"
    >
      Heading
    </h5>
  </div>
</body>
`;
