// Jest Snapshot v1, https://goo.gl/fbAQLP

exports[`FullscreenModal component 
  dimension: "large", open: true
 1`] = `
<body>
  <div
    class="Overlay-wrapper"
  >
    <div
      class="Overlay-container Overlay-container--open"
      data-layer="true"
      data-test="DesignSystem-FullscreenModalContainer"
    >
      <div
        class="FullscreenModal FullscreenModal-animation--open"
        data-test="DesignSystem-FullscreenModal"
      >
        <div
          class="Row justify-content-center"
          data-test="DesignSystem-Row"
        >
          <div
            class="Col Col--6 Col--xs-12 Col--m-8 Col--l-8"
            data-test="DesignSystem-Column"
          >
            <div
              class="Row FullscreenModal-header"
              data-test="DesignSystem-Row"
            >
              <div
                class="Col"
                data-test="DesignSystem-Column"
              >
                <div
                  class="OverlayHeader"
                  data-test="DesignSystem-FullscreenModal--header"
                >
                  <div
                    class="OverlayHeader-headerWrapper"
                  />
                </div>
              </div>
              <div
                class="Col flex-grow-0"
                data-test="DesignSystem-Column"
              >
                <div
                  class="PopperWrapper-trigger"
                >
                  <button
                    class="Button Button--regular Button--regularSquare Button--transparent"
                    data-test="DesignSystem-FullscreenModal--CloseButton"
                    tabindex="0"
                  >
                    <div
                      class="Button-icon"
                      data-test="DesignSystem-Button--Icon-Wrapper"
                    >
                      <i
                        class="material-symbols material-symbols-rounded Icon"
                        data-test="DesignSystem-Button--Icon"
                        role="button"
                        style="font-size: 16px; width: 16px;"
                      >
                        close
                      </i>
                    </div>
                  </button>
                </div>
              </div>
            </div>
            <div
              class="OverlayBody FullscreenModal-body"
              data-test="DesignSystem-FullscreenModal--Body"
            >
              this is modal body
            </div>
          </div>
        </div>
      </div>
    </div>
  </div>
  <div />
</body>
`;

exports[`FullscreenModal component 
  dimension: "large", open: true, header: "[ReactNode]", footer: "[ReactNode]"
 1`] = `
<body>
  <div
    class="Overlay-wrapper"
  >
    <div
      class="Overlay-container Overlay-container--open"
      data-layer="true"
      data-test="DesignSystem-FullscreenModalContainer"
    >
      <div
        class="FullscreenModal FullscreenModal-animation--open"
        data-test="DesignSystem-FullscreenModal"
      >
        <div
          class="Row justify-content-center"
          data-test="DesignSystem-Row"
        >
          <div
            class="Col Col--6 Col--xs-12 Col--m-8 Col--l-8"
            data-test="DesignSystem-Column"
          >
            <div
              class="Row FullscreenModal-header"
              data-test="DesignSystem-Row"
            >
              <div
                class="Col"
                data-test="DesignSystem-Column"
              >
                <span
                  class="Text Text--default Text--regular"
                  data-test="DesignSystem-FullscreenModal--HeaderText"
                >
                  Heading
                </span>
              </div>
              <div
                class="Col flex-grow-0"
                data-test="DesignSystem-Column"
              >
                <div
                  class="PopperWrapper-trigger"
                >
                  <button
                    class="Button Button--regular Button--regularSquare Button--transparent"
                    data-test="DesignSystem-FullscreenModal--CloseButton"
                    tabindex="0"
                  >
                    <div
                      class="Button-icon"
                      data-test="DesignSystem-Button--Icon-Wrapper"
                    >
                      <i
                        class="material-symbols material-symbols-rounded Icon"
                        data-test="DesignSystem-Button--Icon"
                        role="button"
                        style="font-size: 16px; width: 16px;"
                      >
                        close
                      </i>
                    </div>
                  </button>
                </div>
              </div>
            </div>
            <div
              class="OverlayBody FullscreenModal-body"
              data-test="DesignSystem-FullscreenModal--Body"
            >
              this is modal body
            </div>
            <div
              class="OverlayFooter FullscreenModal-footer"
              data-test="DesignSystem-FullscreenModal--footer"
            >
              <button
                class="Button Button--regular Button--primary Button--iconAlign-left mr-4"
                data-test="DesignSystem-FullscreenModal--FooterButton"
                tabindex="0"
              >
                <span
                  class="Button-text"
                >
                  Primary
                </span>
              </button>
              <button
                class="Button Button--regular Button--basic Button--iconAlign-left"
                data-test="DesignSystem-Button"
                tabindex="0"
              >
                <span
                  class="Button-text"
                >
                  Basic
                </span>
              </button>
            </div>
          </div>
        </div>
      </div>
    </div>
  </div>
  <div />
</body>
`;

exports[`FullscreenModal component 
  dimension: "large", open: true, headerOptions: {"heading":"this is heading","subHeading":"this is subheading"}, footerOptions: {"actions":[]}
 1`] = `
<body>
  <div
    class="Overlay-wrapper"
  >
    <div
      class="Overlay-container Overlay-container--open"
      data-layer="true"
      data-test="DesignSystem-FullscreenModalContainer"
    >
      <div
        class="FullscreenModal FullscreenModal-animation--open"
        data-test="DesignSystem-FullscreenModal"
      >
        <div
          class="Row justify-content-center"
          data-test="DesignSystem-Row"
        >
          <div
            class="Col Col--6 Col--xs-12 Col--m-8 Col--l-8"
            data-test="DesignSystem-Column"
          >
            <div
              class="Row FullscreenModal-header"
              data-test="DesignSystem-Row"
            >
              <div
                class="Col"
                data-test="DesignSystem-Column"
              >
                <div
                  class="OverlayHeader"
                  data-test="DesignSystem-FullscreenModal--header"
                >
                  <div
                    class="OverlayHeader-headerWrapper"
                  >
                    <h4
                      class="Heading Heading--m Heading--default"
                      data-test="DesignSystem-OverlayHeader--heading"
                    >
                      this is heading
                    </h4>
                  </div>
                  <span
                    class="Text Text--subtle Text--regular OverlayHeader-subheading"
                    data-test="DesignSystem-OverlayHeader--Subheading"
                  >
                    this is subheading
                  </span>
                </div>
              </div>
              <div
                class="Col flex-grow-0"
                data-test="DesignSystem-Column"
              >
                <div
                  class="PopperWrapper-trigger"
                >
                  <button
                    class="Button Button--regular Button--regularSquare Button--transparent"
                    data-test="DesignSystem-FullscreenModal--CloseButton"
                    tabindex="0"
                  >
                    <div
                      class="Button-icon"
                      data-test="DesignSystem-Button--Icon-Wrapper"
                    >
                      <i
                        class="material-symbols material-symbols-rounded Icon"
                        data-test="DesignSystem-Button--Icon"
                        role="button"
                        style="font-size: 16px; width: 16px;"
                      >
                        close
                      </i>
                    </div>
                  </button>
                </div>
              </div>
            </div>
            <div
              class="OverlayBody FullscreenModal-body"
              data-test="DesignSystem-FullscreenModal--Body"
            >
              this is modal body
            </div>
            <div
              class="OverlayFooter FullscreenModal-footer"
              data-test="DesignSystem-FullscreenModal--footer"
            />
          </div>
        </div>
      </div>
    </div>
  </div>
  <div />
</body>
`;

exports[`FullscreenModal component 
  dimension: "medium", open: true
 1`] = `
<body>
  <div />
  <div
    class="Overlay-wrapper"
  >
    <div
      class="Overlay-container Overlay-container--open"
      data-layer="true"
      data-test="DesignSystem-FullscreenModalContainer"
    >
      <div
        class="FullscreenModal FullscreenModal-animation--open"
        data-test="DesignSystem-FullscreenModal"
      >
        <div
          class="Row justify-content-center"
          data-test="DesignSystem-Row"
        >
          <div
            class="Col Col--4 Col--xs-12 Col--m-6 Col--l-6"
            data-test="DesignSystem-Column"
          >
            <div
              class="Row FullscreenModal-header"
              data-test="DesignSystem-Row"
            >
              <div
                class="Col"
                data-test="DesignSystem-Column"
              >
                <div
                  class="OverlayHeader"
                  data-test="DesignSystem-FullscreenModal--header"
                >
                  <div
                    class="OverlayHeader-headerWrapper"
                  />
                </div>
              </div>
              <div
                class="Col flex-grow-0"
                data-test="DesignSystem-Column"
              >
                <div
                  class="PopperWrapper-trigger"
                >
                  <button
                    class="Button Button--regular Button--regularSquare Button--transparent"
                    data-test="DesignSystem-FullscreenModal--CloseButton"
                    tabindex="0"
                  >
                    <div
                      class="Button-icon"
                      data-test="DesignSystem-Button--Icon-Wrapper"
                    >
                      <i
                        class="material-symbols material-symbols-rounded Icon"
                        data-test="DesignSystem-Button--Icon"
                        role="button"
                        style="font-size: 16px; width: 16px;"
                      >
                        close
                      </i>
                    </div>
                  </button>
                </div>
              </div>
            </div>
            <div
              class="OverlayBody FullscreenModal-body"
              data-test="DesignSystem-FullscreenModal--Body"
            >
              this is modal body
            </div>
          </div>
        </div>
      </div>
    </div>
  </div>
</body>
`;

exports[`FullscreenModal component 
  dimension: "medium", open: true, header: "[ReactNode]", footer: "[ReactNode]"
 1`] = `
<body>
  <div
    class="Overlay-wrapper"
  >
    <div
      class="Overlay-container Overlay-container--open"
      data-layer="true"
      data-test="DesignSystem-FullscreenModalContainer"
    >
      <div
        class="FullscreenModal FullscreenModal-animation--open"
        data-test="DesignSystem-FullscreenModal"
      >
        <div
          class="Row justify-content-center"
          data-test="DesignSystem-Row"
        >
          <div
            class="Col Col--4 Col--xs-12 Col--m-6 Col--l-6"
            data-test="DesignSystem-Column"
          >
            <div
              class="Row FullscreenModal-header"
              data-test="DesignSystem-Row"
            >
              <div
                class="Col"
                data-test="DesignSystem-Column"
              >
                <span
                  class="Text Text--default Text--regular"
                  data-test="DesignSystem-FullscreenModal--HeaderText"
                >
                  Heading
                </span>
              </div>
              <div
                class="Col flex-grow-0"
                data-test="DesignSystem-Column"
              >
                <div
                  class="PopperWrapper-trigger"
                >
                  <button
                    class="Button Button--regular Button--regularSquare Button--transparent"
                    data-test="DesignSystem-FullscreenModal--CloseButton"
                    tabindex="0"
                  >
                    <div
                      class="Button-icon"
                      data-test="DesignSystem-Button--Icon-Wrapper"
                    >
                      <i
                        class="material-symbols material-symbols-rounded Icon"
                        data-test="DesignSystem-Button--Icon"
                        role="button"
                        style="font-size: 16px; width: 16px;"
                      >
                        close
                      </i>
                    </div>
                  </button>
                </div>
              </div>
            </div>
            <div
              class="OverlayBody FullscreenModal-body"
              data-test="DesignSystem-FullscreenModal--Body"
            >
              this is modal body
            </div>
            <div
              class="OverlayFooter FullscreenModal-footer"
              data-test="DesignSystem-FullscreenModal--footer"
            >
              <button
                class="Button Button--regular Button--primary Button--iconAlign-left mr-4"
                data-test="DesignSystem-FullscreenModal--FooterButton"
                tabindex="0"
              >
                <span
                  class="Button-text"
                >
                  Primary
                </span>
              </button>
              <button
                class="Button Button--regular Button--basic Button--iconAlign-left"
                data-test="DesignSystem-Button"
                tabindex="0"
              >
                <span
                  class="Button-text"
                >
                  Basic
                </span>
              </button>
            </div>
          </div>
        </div>
      </div>
    </div>
  </div>
  <div />
</body>
`;

exports[`FullscreenModal component 
  dimension: "medium", open: true, headerOptions: {"heading":"this is heading","subHeading":"this is subheading"}, footerOptions: {"actions":[]}
 1`] = `
<body>
  <div
    class="Overlay-wrapper"
  >
    <div
      class="Overlay-container Overlay-container--open"
      data-layer="true"
      data-test="DesignSystem-FullscreenModalContainer"
    >
      <div
        class="FullscreenModal FullscreenModal-animation--open"
        data-test="DesignSystem-FullscreenModal"
      >
        <div
          class="Row justify-content-center"
          data-test="DesignSystem-Row"
        >
          <div
            class="Col Col--4 Col--xs-12 Col--m-6 Col--l-6"
            data-test="DesignSystem-Column"
          >
            <div
              class="Row FullscreenModal-header"
              data-test="DesignSystem-Row"
            >
              <div
                class="Col"
                data-test="DesignSystem-Column"
              >
                <div
                  class="OverlayHeader"
                  data-test="DesignSystem-FullscreenModal--header"
                >
                  <div
                    class="OverlayHeader-headerWrapper"
                  >
                    <h4
                      class="Heading Heading--m Heading--default"
                      data-test="DesignSystem-OverlayHeader--heading"
                    >
                      this is heading
                    </h4>
                  </div>
                  <span
                    class="Text Text--subtle Text--regular OverlayHeader-subheading"
                    data-test="DesignSystem-OverlayHeader--Subheading"
                  >
                    this is subheading
                  </span>
                </div>
              </div>
              <div
                class="Col flex-grow-0"
                data-test="DesignSystem-Column"
              >
                <div
                  class="PopperWrapper-trigger"
                >
                  <button
                    class="Button Button--regular Button--regularSquare Button--transparent"
                    data-test="DesignSystem-FullscreenModal--CloseButton"
                    tabindex="0"
                  >
                    <div
                      class="Button-icon"
                      data-test="DesignSystem-Button--Icon-Wrapper"
                    >
                      <i
                        class="material-symbols material-symbols-rounded Icon"
                        data-test="DesignSystem-Button--Icon"
                        role="button"
                        style="font-size: 16px; width: 16px;"
                      >
                        close
                      </i>
                    </div>
                  </button>
                </div>
              </div>
            </div>
            <div
              class="OverlayBody FullscreenModal-body"
              data-test="DesignSystem-FullscreenModal--Body"
            >
              this is modal body
            </div>
            <div
              class="OverlayFooter FullscreenModal-footer"
              data-test="DesignSystem-FullscreenModal--footer"
            />
          </div>
        </div>
      </div>
    </div>
  </div>
  <div />
</body>
`;
