
> @innovaccer/design-system@4.20.0 test
> jest --coverage

  console.error node_modules/react-dom/cjs/react-dom.development.js:88
    Warning: MultiSlider: getSnapshotBeforeUpdate() should be used with componentDidUpdate(). This component defines getSnapshotBeforeUpdate() only.
        in MultiSlider

  console.error node_modules/react-dom/cjs/react-dom.development.js:88
    Warning: MultiSlider: getDerivedStateFromProps() is defined as an instance method and will be ignored. Instead, declare it as a static method.
        in MultiSlider

  console.error node_modules/react-dom/cjs/react-dom.development.js:88
    Warning: MultiSlider: getDerivedStateFromProps() is defined as an instance method and will be ignored. Instead, declare it as a static method.
        in MultiSlider

  console.error node_modules/react-dom/cjs/react-dom.development.js:88
    Warning: MultiSlider: getDerivedStateFromProps() is defined as an instance method and will be ignored. Instead, declare it as a static method.
        in MultiSlider

  console.error node_modules/react-dom/cjs/react-dom.development.js:88
    Warning: MultiSlider: getDerivedStateFromProps() is defined as an instance method and will be ignored. Instead, declare it as a static method.
        in MultiSlider

  console.error node_modules/react-dom/cjs/react-dom.development.js:88
    Warning: Can't perform a React state update on an unmounted component. This is a no-op, but it indicates a memory leak in your application. To fix, cancel all subscriptions and asynchronous tasks in the componentWillUnmount method.
        in Dropdown (created by TimePickerWithSearch)

  console.error node_modules/react-dom/cjs/react-dom.development.js:88
    Warning: MultiSlider: getDerivedStateFromProps() is defined as an instance method and will be ignored. Instead, declare it as a static method.
        in MultiSlider

  console.error node_modules/react-dom/cjs/react-dom.development.js:88
    Warning: MultiSlider: getDerivedStateFromProps() is defined as an instance method and will be ignored. Instead, declare it as a static method.
        in MultiSlider

PASS core/components/atoms/link/__tests__/Link.test.tsx
  Link component
    ✓ 
  id: "Sample string", href: "Sample string", target: "_blank", rel: "Sample string", onClick: "[Function]"
 (30ms)
    ✓ 
  id: "Sample string", href: "Sample string", target: "_self", rel: "Sample string", onClick: "[Function]"
 (11ms)
    ✓ 
  id: "Sample string", href: "Sample string", target: "_parent", rel: "Sample string", onClick: "[Function]"
 (2ms)
    ✓ 
  id: "Sample string", href: "Sample string", target: "_top", rel: "Sample string", onClick: "[Function]"
 (6ms)
    ✓ renders children (11ms)
    ✓ renders tag name (4ms)
    ✓ renders default props (5ms)
    Link Component with overwrite class
      ✓ overwrite Link class (5ms)
    Link component with prop:appearance
      ✓ should have the Link--default class when appearance=default  (2ms)
      ✓ should have the Link--subtle class when appearance=subtle  (2ms)
    Link component with prop:size
      ✓ should have the Link--regular class when appearance=regular 
      ✓ should have the Link--tiny class when appearance=tiny  (1ms)
    Link component with prop:disabled and with no appearance
      ✓ link should be disabled
    Link component with prop:disabled and with default appearance
      ✓ link should be disabled (1ms)
    Link component with prop:disabled and with subtle appearance
      ✓ link should be disabled

PASS core/components/atoms/multiSlider/__tests__/MultiSlider.test.tsx
  MultiSlider component
    ✓ 
  labelStepSize: 10, labelPrecision: 5, stepSize: 5, label: "MultiSlider", min: 0, max: 100, onChange: "[Function]", onClick: "[Function]", onRelease: "[Function]"
 (52ms)
  renders children with prop
    ✓ renders children (31ms)
    ✓ renders children with label prop (5ms)
    ✓ renders label with expected label (14ms)
  Calls slider event handlers
    ✓ calls mouseOver (18ms)
    ✓ calls multislider mouseDown (7ms)

PASS core/components/molecules/editableChipInput/__tests__/EditableChipInput.test.tsx
  EditableChipInput component
    ✓ 
  placeholder: "Add Value", disableSaveAction: true, value: ["Chip1","Chip2"], chipInputOptions: {"chipOptions":{"onClick":"[Function]","maxWidth":"256px","clearButton":true},"allowDuplicates":false,"defaultValue":[],"autoFocus":true}
 (56ms)
    ✓ 
  placeholder: "Add Value", disableSaveAction: true, value: ["Chip1","Chip2"], chipInputOptions: {"chipOptions":{"onClick":"[Function]","maxWidth":"256px","clearButton":true},"allowDuplicates":false,"defaultValue":[],"autoFocus":true}, size: "regular"
 (9ms)
    ✓ 
  placeholder: "Add Value", disableSaveAction: true, value: ["Chip1","Chip2"], chipInputOptions: {"chipOptions":{"onClick":"[Function]","maxWidth":"256px","clearButton":true},"allowDuplicates":false,"defaultValue":[],"autoFocus":true}, size: "small"
 (12ms)
    ✓ 
  placeholder: "Add Value", disableSaveAction: false, value: ["Chip1","Chip2"], chipInputOptions: {"chipOptions":{"onClick":"[Function]","maxWidth":"256px","clearButton":true},"allowDuplicates":false,"defaultValue":[],"autoFocus":true}
 (22ms)
    ✓ 
  placeholder: "Add Value", disableSaveAction: false, value: ["Chip1","Chip2"], chipInputOptions: {"chipOptions":{"onClick":"[Function]","maxWidth":"256px","clearButton":true},"allowDuplicates":false,"defaultValue":[],"autoFocus":true}, size: "regular"
 (8ms)
    ✓ 
  placeholder: "Add Value", disableSaveAction: false, value: ["Chip1","Chip2"], chipInputOptions: {"chipOptions":{"onClick":"[Function]","maxWidth":"256px","clearButton":true},"allowDuplicates":false,"defaultValue":[],"autoFocus":true}, size: "small"
 (9ms)
    ✓ renders ChipInput and action buttons on click (22ms)
  Default EditableChipInput component
    ✓ renders default div initially (5ms)
    Should toggle between editableChipInput-default and editableChipInput-defaultwithChips classes 
      ✓ should have editableChipInput-default class with no chips  (4ms)
      ✓ should have editableChipInput-default class with chips present (7ms)
  Chip component
    ✓ onClick should have been called (12ms)
  EditableChipInput component with action buttons and props: value and chipInputOptions
    ✓ discard changes (10ms)
    ✓ save changes (13ms)
  EditableChipInput component with chipOptions maxWidth
    ✓ applies maxWidth style to chips from chipOptions (45ms)
  EditableChipInput component - Size functionality
    Size prop validation and default behavior for EditableChipInput molecule component
      ✓ should render with default size "regular" when size prop is not provided (5ms)
      ✓ should render with size "regular" when explicitly provided (2ms)
      ✓ should render with size "small" when explicitly provided (6ms)
    Size prop propagation to child Chip components in default state
      ✓ should pass size="regular" to individual Chip components in default view (6ms)
      ✓ should pass size="small" to individual Chip components in default view (2ms)
    Size prop propagation to ChipInput component in edit mode
      ✓ should pass default size="regular" to ChipInput component when size prop is not provided (6ms)
      ✓ should pass size="regular" to ChipInput component when in edit mode (4ms)
      ✓ should pass size="small" to ChipInput component when in edit mode (6ms)
    Size consistency between default and edit modes
      ✓ should maintain consistent size="regular" when switching between default and edit modes (11ms)
      ✓ should maintain consistent size="small" when switching between default and edit modes (31ms)
    Size prop with empty value state
      ✓ should handle size prop correctly when no chips are present (11ms)

  console.error node_modules/@testing-library/react/dist/act-compat.js:52
    Warning: Can't perform a React state update on an unmounted component. This is a no-op, but it indicates a memory leak in your application. To fix, cancel all subscriptions and asynchronous tasks in the componentWillUnmount method.
        in Dropdown

  console.error node_modules/react-dom/cjs/react-dom.development.js:88
    Warning: Received NaN for the `children` attribute. If this is expected, cast the value to a string.
        in h5 (created by ForwardRef(GenericText))
        in ForwardRef(GenericText) (created by Heading)
        in Heading (created by Calendar)
        in div (created by Calendar)
        in div (created by Calendar)
        in div (created by Calendar)
        in div (created by Calendar)
        in div (created by Calendar)
        in Calendar (created by DateRangePicker)
        in DateRangePicker

  console.warn node_modules/@jest/fake-timers/build/jestFakeTimers.js:358
    A function to advance timers was called but the timers API is not mocked with fake timers. Call `jest.useFakeTimers()` in this test or enable fake timers globally by setting `"timers": "fake"` in the configuration file. This warning is likely a result of a default configuration change in Jest 15.
    
    Release Blog Post: https://jestjs.io/blog/2016/09/01/jest-15.html
    Stack Trace:
    
          172 |
          173 |   afterEach(() => {
        > 174 |     jest.runOnlyPendingTimers();
              |          ^
          175 |     jest.useRealTimers();
          176 |   });
          177 |
    
          Error: 
          at FakeTimers._checkFakeTimers (node_modules/@jest/fake-timers/build/jestFakeTimers.js:368:13)
          at FakeTimers.runOnlyPendingTimers (node_modules/@jest/fake-timers/build/jestFakeTimers.js:222:10)
          at Object.<anonymous> (core/components/molecules/fullscreenModal/__tests__/Fullscreen.test.tsx:174:10)

PASS core/components/molecules/overlayHeader/__tests__/OverlayHeader.test.tsx
  OverlayHeader component
    ✓ 
  heading: "Modal header", subHeading: "Modal subheading", backButton: true, backButtonCallback: "[Function]"
 (9ms)
  OverlayHeader component with props
    ✓ renders heading and subheading (2ms)
    ✓ renders with props: backIcon and backIconCallback (4ms)
    ✓ renders with props: backButton and backButtonCallback (3ms)
  OverlayHeader with overwrite class
    ✓ overwrite OverlayHeader class (2ms)

PASS core/components/molecules/chat/typingIndicator/__tests__/TypingIndicator.test.tsx
  Chat Typing Indicator component snapshot
    ✓ 
  text: "John Doe is Typing..."
 (6ms)
  Chat Typing Indicator component
    ✓ renders children (1ms)
    ✓ overwrite Chat Typing Indicator class (1ms)
    ✓ Chat Typing Indicator Component with overwrite data-test attribute (2ms)

PASS core/components/molecules/fullscreenModal/__tests__/Fullscreen.test.tsx
  FullscreenModal component
    ✓ 
  dimension: "medium", open: true
 (17ms)
    ✓ 
  dimension: "large", open: true
 (13ms)
    ✓ 
  dimension: "medium", open: true, header: "[ReactNode]", footer: "[ReactNode]"
 (9ms)
    ✓ 
  dimension: "large", open: true, header: "[ReactNode]", footer: "[ReactNode]"
 (10ms)
    ✓ 
  dimension: "medium", open: true, headerOptions: {"heading":"this is heading","subHeading":"this is subheading"}, footerOptions: {"actions":[]}
 (7ms)
    ✓ 
  dimension: "large", open: true, headerOptions: {"heading":"this is heading","subHeading":"this is subheading"}, footerOptions: {"actions":[]}
 (4ms)
  FullscreenModal component with props
    ✓ renders children with prop: open  (3ms)
    ✓ renders children with props : headerOptions & footerOptions  (11ms)
    ✓ renders children with props : header & footer (9ms)
    ✓ renders children without footer and footerOptions props (5ms)
    ✓ renders with prop: onClose and header (4ms)
  FullscreenModal component with prop: dimension
    ✓ renders FullscreenModal with dimension: medium (5ms)
    ✓ renders FullscreenModal with dimension: large (2ms)
  FullscreenModal component with prop: open
    ✓ renders FullscreenModal with open: true (6ms)
    ✓ renders FullscreenModal with open: false (1ms)
    ✓ renders FullscreenModal with toggle of open (25ms)
  Multiple modal components
    ✓ renders multiple modal components (14ms)
  FullscreenModal Component with overwrite className
    ✓ overwrite Avatar className (3ms)

PASS core/components/organisms/dateRangePicker/__tests__/DateRangePicker.test.tsx (6.79s)
  DateRangePicker component
    ✓ 
  open: true, size: "large", withInput: true, rangeLimit: 7, view: "year"
 (116ms)
    ✓ 
  open: true, size: "large", withInput: true, rangeLimit: 7, view: "month"
 (47ms)
    ✓ 
  open: true, size: "large", withInput: true, rangeLimit: 7, view: "date"
 (61ms)
    ✓ 
  open: true, size: "large", withInput: false, rangeLimit: 7, view: "year"
 (4ms)
    ✓ 
  open: true, size: "large", withInput: false, rangeLimit: 7, view: "month"
 (8ms)
    ✓ 
  open: true, size: "large", withInput: false, rangeLimit: 7, view: "date"
 (9ms)
    ✓ 
  open: true, size: "small", withInput: true, rangeLimit: 7, view: "year"
 (55ms)
    ✓ 
  open: true, size: "small", withInput: true, rangeLimit: 7, view: "month"
 (37ms)
    ✓ 
  open: true, size: "small", withInput: true, rangeLimit: 7, view: "date"
 (33ms)
    ✓ 
  open: true, size: "small", withInput: false, rangeLimit: 7, view: "year"
 (9ms)
    ✓ 
  open: true, size: "small", withInput: false, rangeLimit: 7, view: "month"
 (4ms)
    ✓ 
  open: true, size: "small", withInput: false, rangeLimit: 7, view: "date"
 (10ms)
    ✓ 
  open: false, size: "large", withInput: true, rangeLimit: 7, view: "year"
 (8ms)
    ✓ 
  open: false, size: "large", withInput: true, rangeLimit: 7, view: "month"
 (8ms)
    ✓ 
  open: false, size: "large", withInput: true, rangeLimit: 7, view: "date"
 (7ms)
    ✓ 
  open: false, size: "large", withInput: false, rangeLimit: 7, view: "year"
 (9ms)
    ✓ 
  open: false, size: "large", withInput: false, rangeLimit: 7, view: "month"
 (6ms)
    ✓ 
  open: false, size: "large", withInput: false, rangeLimit: 7, view: "date"
 (10ms)
    ✓ 
  open: false, size: "small", withInput: true, rangeLimit: 7, view: "year"
 (3ms)
    ✓ 
  open: false, size: "small", withInput: true, rangeLimit: 7, view: "month"
 (5ms)
    ✓ 
  open: false, size: "small", withInput: true, rangeLimit: 7, view: "date"
 (3ms)
    ✓ 
  open: false, size: "small", withInput: false, rangeLimit: 7, view: "year"
 (3ms)
    ✓ 
  open: false, size: "small", withInput: false, rangeLimit: 7, view: "month"
 (10ms)
    ✓ 
  open: false, size: "small", withInput: false, rangeLimit: 7, view: "date"
 (17ms)
    ✓ 
  firstDayOfWeek: "sunday"
 (27ms)
    ✓ 
  firstDayOfWeek: "monday"
 (9ms)
    ✓ 
  firstDayOfWeek: "tuesday"
 (13ms)
    ✓ 
  firstDayOfWeek: "wednesday"
 (8ms)
    ✓ 
  firstDayOfWeek: "thursday"
 (11ms)
    ✓ 
  firstDayOfWeek: "friday"
 (12ms)
    ✓ 
  firstDayOfWeek: "saturday"
 (7ms)
    ✓ 
  disabledBefore: 1629790081880, jumpView: true
 (22ms)
    ✓ 
  disabledBefore: 1629790081880, jumpView: false
 (19ms)
    ✓ 
  yearNav: 1, disabledAfter: 1629790081880
 (18ms)
    ✓ 
  yearNav: 2, disabledAfter: 1629790081880
 (23ms)
    ✓ 
  yearNav: 3, disabledAfter: 1629790081880
 (8ms)
    ✓ 
  monthNav: 1, monthsInView: 1
 (29ms)
    ✓ 
  monthNav: 1, monthsInView: 2
 (19ms)
    ✓ 
  monthNav: 1, monthsInView: 3
 (30ms)
    ✓ 
  monthNav: 2, monthsInView: 1
 (14ms)
    ✓ 
  monthNav: 2, monthsInView: 2
 (19ms)
    ✓ 
  monthNav: 2, monthsInView: 3
 (25ms)
    ✓ 
  monthNav: 3, monthsInView: 1
 (10ms)
    ✓ 
  monthNav: 3, monthsInView: 2
 (23ms)
    ✓ 
  monthNav: 3, monthsInView: 3
 (20ms)
    ✓ 
  startDate: {}, endDate: {}, position: "bottom", contentAlign: "left"
 (12ms)
    ✓ 
  startDate: {}, endDate: {}, position: "bottom", contentAlign: "right"
 (4ms)
    ✓ 
  startDate: {}, endDate: {}, position: "top", contentAlign: "left"
 (6ms)
    ✓ 
  startDate: {}, endDate: {}, position: "top", contentAlign: "right"
 (3ms)
    ✓ 
  startDate: {}, endDate: {}, position: "top-start", contentAlign: "left"
 (1ms)
    ✓ 
  startDate: {}, endDate: {}, position: "top-start", contentAlign: "right"
 (5ms)
    ✓ 
  startDate: {}, endDate: {}, position: "top-end", contentAlign: "left"
 (3ms)
    ✓ 
  startDate: {}, endDate: {}, position: "top-end", contentAlign: "right"
 (4ms)
    ✓ 
  startDate: {}, endDate: {}, position: "bottom-start", contentAlign: "left"
 (2ms)
    ✓ 
  startDate: {}, endDate: {}, position: "bottom-start", contentAlign: "right"
 (5ms)
    ✓ 
  startDate: {}, endDate: {}, position: "bottom-end", contentAlign: "left"
 (2ms)
    ✓ 
  startDate: {}, endDate: {}, position: "bottom-end", contentAlign: "right"
 (6ms)
    ✓ 
  startDate: {}, endDate: {}, position: "left", contentAlign: "left"
 (4ms)
    ✓ 
  startDate: {}, endDate: {}, position: "left", contentAlign: "right"
 (3ms)
    ✓ 
  startDate: {}, endDate: {}, position: "right", contentAlign: "left"
 (4ms)
    ✓ 
  startDate: {}, endDate: {}, position: "right", contentAlign: "right"
 (2ms)
    ✓ 
  startDate: {}, endDate: 1629790081880, position: "bottom", contentAlign: "left"
 (13ms)
    ✓ 
  startDate: {}, endDate: 1629790081880, position: "bottom", contentAlign: "right"
 (7ms)
    ✓ 
  startDate: {}, endDate: 1629790081880, position: "top", contentAlign: "left"
 (9ms)
    ✓ 
  startDate: {}, endDate: 1629790081880, position: "top", contentAlign: "right"
 (6ms)
    ✓ 
  startDate: {}, endDate: 1629790081880, position: "top-start", contentAlign: "left"
 (9ms)
    ✓ 
  startDate: {}, endDate: 1629790081880, position: "top-start", contentAlign: "right"
 (12ms)
    ✓ 
  startDate: {}, endDate: 1629790081880, position: "top-end", contentAlign: "left"
 (11ms)
    ✓ 
  startDate: {}, endDate: 1629790081880, position: "top-end", contentAlign: "right"
 (14ms)
    ✓ 
  startDate: {}, endDate: 1629790081880, position: "bottom-start", contentAlign: "left"
 (11ms)
    ✓ 
  startDate: {}, endDate: 1629790081880, position: "bottom-start", contentAlign: "right"
 (11ms)
    ✓ 
  startDate: {}, endDate: 1629790081880, position: "bottom-end", contentAlign: "left"
 (12ms)
    ✓ 
  startDate: {}, endDate: 1629790081880, position: "bottom-end", contentAlign: "right"
 (11ms)
    ✓ 
  startDate: {}, endDate: 1629790081880, position: "left", contentAlign: "left"
 (10ms)
    ✓ 
  startDate: {}, endDate: 1629790081880, position: "left", contentAlign: "right"
 (11ms)
    ✓ 
  startDate: {}, endDate: 1629790081880, position: "right", contentAlign: "left"
 (8ms)
    ✓ 
  startDate: {}, endDate: 1629790081880, position: "right", contentAlign: "right"
 (12ms)
    ✓ 
  startDate: 1629790081880, endDate: {}, position: "bottom", contentAlign: "left"
 (3ms)
    ✓ 
  startDate: 1629790081880, endDate: {}, position: "bottom", contentAlign: "right"
 (2ms)
    ✓ 
  startDate: 1629790081880, endDate: {}, position: "top", contentAlign: "left"
 (4ms)
    ✓ 
  startDate: 1629790081880, endDate: {}, position: "top", contentAlign: "right"
 (2ms)
    ✓ 
  startDate: 1629790081880, endDate: {}, position: "top-start", contentAlign: "left"
 (3ms)
    ✓ 
  startDate: 1629790081880, endDate: {}, position: "top-start", contentAlign: "right"
 (2ms)
    ✓ 
  startDate: 1629790081880, endDate: {}, position: "top-end", contentAlign: "left"
 (3ms)
    ✓ 
  startDate: 1629790081880, endDate: {}, position: "top-end", contentAlign: "right"
 (2ms)
    ✓ 
  startDate: 1629790081880, endDate: {}, position: "bottom-start", contentAlign: "left"
 (1ms)
    ✓ 
  startDate: 1629790081880, endDate: {}, position: "bottom-start", contentAlign: "right"
 (3ms)
    ✓ 
  startDate: 1629790081880, endDate: {}, position: "bottom-end", contentAlign: "left"
 (2ms)
    ✓ 
  startDate: 1629790081880, endDate: {}, position: "bottom-end", contentAlign: "right"
 (2ms)
    ✓ 
  startDate: 1629790081880, endDate: {}, position: "left", contentAlign: "left"
 (4ms)
    ✓ 
  startDate: 1629790081880, endDate: {}, position: "left", contentAlign: "right"
 (2ms)
    ✓ 
  startDate: 1629790081880, endDate: {}, position: "right", contentAlign: "left"
 (3ms)
    ✓ 
  startDate: 1629790081880, endDate: {}, position: "right", contentAlign: "right"
 (3ms)
    ✓ 
  startDate: 1629790081880, endDate: 1629790081880, position: "bottom", contentAlign: "left"
 (9ms)
    ✓ 
  startDate: 1629790081880, endDate: 1629790081880, position: "bottom", contentAlign: "right"
 (10ms)
    ✓ 
  startDate: 1629790081880, endDate: 1629790081880, position: "top", contentAlign: "left"
 (16ms)
    ✓ 
  startDate: 1629790081880, endDate: 1629790081880, position: "top", contentAlign: "right"
 (8ms)
    ✓ 
  startDate: 1629790081880, endDate: 1629790081880, position: "top-start", contentAlign: "left"
 (12ms)
    ✓ 
  startDate: 1629790081880, endDate: 1629790081880, position: "top-start", contentAlign: "right"
 (8ms)
    ✓ 
  startDate: 1629790081880, endDate: 1629790081880, position: "top-end", contentAlign: "left"
 (10ms)
    ✓ 
  startDate: 1629790081880, endDate: 1629790081880, position: "top-end", contentAlign: "right"
 (13ms)
    ✓ 
  startDate: 1629790081880, endDate: 1629790081880, position: "bottom-start", contentAlign: "left"
 (10ms)
    ✓ 
  startDate: 1629790081880, endDate: 1629790081880, position: "bottom-start", contentAlign: "right"
 (10ms)
    ✓ 
  startDate: 1629790081880, endDate: 1629790081880, position: "bottom-end", contentAlign: "left"
 (16ms)
    ✓ 
  startDate: 1629790081880, endDate: 1629790081880, position: "bottom-end", contentAlign: "right"
 (11ms)
    ✓ 
  startDate: 1629790081880, endDate: 1629790081880, position: "left", contentAlign: "left"
 (6ms)
    ✓ 
  startDate: 1629790081880, endDate: 1629790081880, position: "left", contentAlign: "right"
 (7ms)
    ✓ 
  startDate: 1629790081880, endDate: 1629790081880, position: "right", contentAlign: "left"
 (8ms)
    ✓ 
  startDate: 1629790081880, endDate: 1629790081880, position: "right", contentAlign: "right"
 (8ms)
    ✓ 
  singleInput: true
 (21ms)
    ✓ 
  singleInput: false
 (9ms)
    ✓ 
  inputFormat: "mm/dd/yyyy", outputFormat: "mm/dd/yyyy"
 (8ms)
    ✓ 
  inputFormat: "mm/dd/yyyy", outputFormat: "dd/mm/yyyy"
 (10ms)
    ✓ 
  inputFormat: "mm/dd/yyyy", outputFormat: "yyyy/mm/dd"
 (8ms)
    ✓ 
  inputFormat: "mm/dd/yyyy", outputFormat: "mm-dd-yyyy"
 (10ms)
    ✓ 
  inputFormat: "mm/dd/yyyy", outputFormat: "dd-mm-yyyy"
 (11ms)
    ✓ 
  inputFormat: "mm/dd/yyyy", outputFormat: "yyyy-mm-dd"
 (22ms)
    ✓ 
  inputFormat: "dd/mm/yyyy", outputFormat: "mm/dd/yyyy"
 (30ms)
    ✓ 
  inputFormat: "dd/mm/yyyy", outputFormat: "dd/mm/yyyy"
 (7ms)
    ✓ 
  inputFormat: "dd/mm/yyyy", outputFormat: "yyyy/mm/dd"
 (4ms)
    ✓ 
  inputFormat: "dd/mm/yyyy", outputFormat: "mm-dd-yyyy"
 (5ms)
    ✓ 
  inputFormat: "dd/mm/yyyy", outputFormat: "dd-mm-yyyy"
 (8ms)
    ✓ 
  inputFormat: "dd/mm/yyyy", outputFormat: "yyyy-mm-dd"
 (6ms)
    ✓ 
  inputFormat: "yyyy/mm/dd", outputFormat: "mm/dd/yyyy"
 (5ms)
    ✓ 
  inputFormat: "yyyy/mm/dd", outputFormat: "dd/mm/yyyy"
 (7ms)
    ✓ 
  inputFormat: "yyyy/mm/dd", outputFormat: "yyyy/mm/dd"
 (9ms)
    ✓ 
  inputFormat: "yyyy/mm/dd", outputFormat: "mm-dd-yyyy"
 (15ms)
    ✓ 
  inputFormat: "yyyy/mm/dd", outputFormat: "dd-mm-yyyy"
 (13ms)
    ✓ 
  inputFormat: "yyyy/mm/dd", outputFormat: "yyyy-mm-dd"
 (12ms)
    ✓ 
  inputFormat: "mm-dd-yyyy", outputFormat: "mm/dd/yyyy"
 (17ms)
    ✓ 
  inputFormat: "mm-dd-yyyy", outputFormat: "dd/mm/yyyy"
 (11ms)
    ✓ 
  inputFormat: "mm-dd-yyyy", outputFormat: "yyyy/mm/dd"
 (10ms)
    ✓ 
  inputFormat: "mm-dd-yyyy", outputFormat: "mm-dd-yyyy"
 (7ms)
    ✓ 
  inputFormat: "mm-dd-yyyy", outputFormat: "dd-mm-yyyy"
 (7ms)
    ✓ 
  inputFormat: "mm-dd-yyyy", outputFormat: "yyyy-mm-dd"
 (6ms)
    ✓ 
  inputFormat: "dd-mm-yyyy", outputFormat: "mm/dd/yyyy"
 (8ms)
    ✓ 
  inputFormat: "dd-mm-yyyy", outputFormat: "dd/mm/yyyy"
 (6ms)
    ✓ 
  inputFormat: "dd-mm-yyyy", outputFormat: "yyyy/mm/dd"
 (8ms)
    ✓ 
  inputFormat: "dd-mm-yyyy", outputFormat: "mm-dd-yyyy"
 (9ms)
    ✓ 
  inputFormat: "dd-mm-yyyy", outputFormat: "dd-mm-yyyy"
 (5ms)
    ✓ 
  inputFormat: "dd-mm-yyyy", outputFormat: "yyyy-mm-dd"
 (8ms)
    ✓ 
  inputFormat: "yyyy-mm-dd", outputFormat: "mm/dd/yyyy"
 (20ms)
    ✓ 
  inputFormat: "yyyy-mm-dd", outputFormat: "dd/mm/yyyy"
 (25ms)
    ✓ 
  inputFormat: "yyyy-mm-dd", outputFormat: "yyyy/mm/dd"
 (5ms)
    ✓ 
  inputFormat: "yyyy-mm-dd", outputFormat: "mm-dd-yyyy"
 (7ms)
    ✓ 
  inputFormat: "yyyy-mm-dd", outputFormat: "dd-mm-yyyy"
 (13ms)
    ✓ 
  inputFormat: "yyyy-mm-dd", outputFormat: "yyyy-mm-dd"
 (5ms)
    ✓ 
  allowReverseSelection: true
 (6ms)
    ✓ 
  allowReverseSelection: false
 (12ms)
  DateRangePicker component prop:withInput
    ✓ show InputTrigger if prop:withInput is passed as true (7ms)
    ✓ show InputTrigger if prop:withInput is passed as false (4ms)
    ✓ same start and end date selection if prop:withInput is passed as true (3ms)
    ✓ same start and end date selection with fire events if prop:withInput is passed as true (72ms)
  DateRangePicker component prop:singleInput
    ✓ show SingleInputTrigger if prop:singleInput is passed as true (2ms)
    ✓ show correct label if prop:singleInput is passed as true (2ms)
    ✓ checks prop:singleInput=true with default dates (2ms)
    ✓ same start and end date selection with fire events if prop:singleInput is passed as true (70ms)
  DateRangePicker component prop:onRangeChange
    ✓ onClear Event handler  (26ms)
    ✓ onChange Event handler  (3ms)
    ✓ onBlur Event handler  (3ms)
    ✓ same start and end date selection with fire events if prop:onRangeChange is passed (40ms)
  DateRangePicker component update state 
    ✓ check for updating start date (7ms)
    ✓ check for updating end date (9ms)
    ✓ check for updating open state (64ms)
    ✓ check for updating yearNav (28ms)
    ✓ check for updating monthNav (11ms)
    ✓ check for updating rangeLimit (31ms)
  DateRangePicker component Event handlers with prop:singleInput set to True
    ✓ onClear Event handler  (28ms)
    ✓ onChange Event handler  (2ms)
    ✓ onBlur Event handler  (8ms)
  DateRangePicker component classname with different prop:size
    ✓ should have the Calendar--large class if size is passed as large (13ms)
    ✓ should have the Calendar--small class if size is passed as small (12ms)
    ✓ should have the class large as default value (9ms)
  DateRangePicker component with prop:monthsInView
    ✓ check for calender component when monthsInView is passed as prop (24ms)
    ✓ check for calender--monthsInView prop default value (27ms)
  DateRangePicker Component with overwrite class
    ✓ overwrite DesignSystem-Calendar-Wrapper class (6ms)
  DateRangePicker component with prop:endInputOptions
    ✓ check for placeholderChar property onClear Event (21ms)
    ✓ check for default endErrorMsg property onClear Event (22ms)
    ✓ check for placeholderChar property onBlur Event (3ms)
    ✓ check for placeholderChar property default value onBlur Event  (6ms)
    ✓ check for placeholderChar property onChange Event (6ms)
    ✓ check for placeholderChar property default value onChange Event (3ms)
    ✓ check for placeholderChar property default value onClick Event  (15ms)
    ✓ check for error property (7ms)
  DateRangePicker component with prop:startInputOptions
    ✓ check for placeholderChar property onClear Event (19ms)
    ✓ check for default startErrorMsg property onClear Event (31ms)
    ✓ check for error property (3ms)
  DateRangePicker component with prop:inputOptions
    ✓ check for default startErrorMsg property onClear Event (17ms)
    ✓ check for default caption property onClear Event (15ms)
    ✓ check for placeholderChar property default value onChange Event (3ms)
    ✓ check for placeholderChar property default value onChange Event (2ms)
  DateRangePicker component with prop:rangeLimit
    ✓ check for valid rangeLimit (4ms)
  DateRangePicker component prop:allowReverseSelection
    ✓ selects dates in forward direction when allowReverseSelection is false (71ms)
    ✓ selects dates in forward direction when allowReverseSelection is true (64ms)
    ✓ selects dates in reverse direction when allowReverseSelection is true (88ms)
    ✓ selects dates in reverse direction when allowReverseSelection is false (72ms)
    ✓ swaps start date to end date on hover when hover date is less than start date (55ms)
    ✓ no swapping of dates on hover when allowReverseSelection is passed as false (37ms)
    ✓ swaps end date to start date on hover when hover date is greater than end date (39ms)
    ✓ swaps end date to start date on selection when start date is greater than end date (47ms)
    ✓ selects dates in forward direction when allowReverseSelection is true in single input (67ms)
    ✓ selects dates in reverse direction when allowReverseSelection is true in single input (83ms)
    ✓ selects dates in reverse direction when allowReverseSelection is false in single input (54ms)
    ✓ swaps end date to start date on hover when hover date is greater than end date in single input (40ms)
    ✓ swaps start date to end date on hover when hover date is smaller than start date in single input (37ms)

PASS core/ai-components/AIChip/__tests__/AIChip.test.tsx
  AI Chip Component
    ✓ renders the Chip with provided label and icon (6ms)
    ✓ does not call onClick when the Chip is disabled (2ms)
    ✓ calls onClick when the Chip is clicked (2ms)
    ✓ renders a custom className

PASS core/components/atoms/meter/__tests__/Meter.test.tsx (8.308s)
  Meter Component Snapshot
    ✓ 
  value: 50, min: 0, max: 100, stepCount: 5, meterSize: "regular", fillColor: "success", emptyColor: "danger", labelSize: "large", showLabel: true
 (35ms)
    ✓ 
  value: 50, min: 0, max: 100, stepCount: 5, meterSize: "regular", fillColor: "success", emptyColor: "danger", labelSize: "large", showLabel: false
 (4ms)
    ✓ 
  value: 50, min: 0, max: 100, stepCount: 5, meterSize: "regular", fillColor: "success", emptyColor: "danger", labelSize: "regular", showLabel: true
 (2ms)
    ✓ 
  value: 50, min: 0, max: 100, stepCount: 5, meterSize: "regular", fillColor: "success", emptyColor: "danger", labelSize: "regular", showLabel: false
 (5ms)
    ✓ 
  value: 50, min: 0, max: 100, stepCount: 5, meterSize: "regular", fillColor: "success", emptyColor: "danger", labelSize: "small", showLabel: true
 (6ms)
    ✓ 
  value: 50, min: 0, max: 100, stepCount: 5, meterSize: "regular", fillColor: "success", emptyColor: "danger", labelSize: "small", showLabel: false
 (2ms)
    ✓ 
  value: 50, min: 0, max: 100, stepCount: 5, meterSize: "regular", fillColor: "success", emptyColor: "alert", labelSize: "large", showLabel: true
 (2ms)
    ✓ 
  value: 50, min: 0, max: 100, stepCount: 5, meterSize: "regular", fillColor: "success", emptyColor: "alert", labelSize: "large", showLabel: false
 (4ms)
    ✓ 
  value: 50, min: 0, max: 100, stepCount: 5, meterSize: "regular", fillColor: "success", emptyColor: "alert", labelSize: "regular", showLabel: true
 (6ms)
    ✓ 
  value: 50, min: 0, max: 100, stepCount: 5, meterSize: "regular", fillColor: "success", emptyColor: "alert", labelSize: "regular", showLabel: false
 (3ms)
    ✓ 
  value: 50, min: 0, max: 100, stepCount: 5, meterSize: "regular", fillColor: "success", emptyColor: "alert", labelSize: "small", showLabel: true
 (2ms)
    ✓ 
  value: 50, min: 0, max: 100, stepCount: 5, meterSize: "regular", fillColor: "success", emptyColor: "alert", labelSize: "small", showLabel: false
 (2ms)
    ✓ 
  value: 50, min: 0, max: 100, stepCount: 5, meterSize: "regular", fillColor: "warning", emptyColor: "danger", labelSize: "large", showLabel: true
 (4ms)
    ✓ 
  value: 50, min: 0, max: 100, stepCount: 5, meterSize: "regular", fillColor: "warning", emptyColor: "danger", labelSize: "large", showLabel: false
 (3ms)
    ✓ 
  value: 50, min: 0, max: 100, stepCount: 5, meterSize: "regular", fillColor: "warning", emptyColor: "danger", labelSize: "regular", showLabel: true
 (5ms)
    ✓ 
  value: 50, min: 0, max: 100, stepCount: 5, meterSize: "regular", fillColor: "warning", emptyColor: "danger", labelSize: "regular", showLabel: false
 (4ms)
    ✓ 
  value: 50, min: 0, max: 100, stepCount: 5, meterSize: "regular", fillColor: "warning", emptyColor: "danger", labelSize: "small", showLabel: true
 (5ms)
    ✓ 
  value: 50, min: 0, max: 100, stepCount: 5, meterSize: "regular", fillColor: "warning", emptyColor: "danger", labelSize: "small", showLabel: false
 (2ms)
    ✓ 
  value: 50, min: 0, max: 100, stepCount: 5, meterSize: "regular", fillColor: "warning", emptyColor: "alert", labelSize: "large", showLabel: true
 (2ms)
    ✓ 
  value: 50, min: 0, max: 100, stepCount: 5, meterSize: "regular", fillColor: "warning", emptyColor: "alert", labelSize: "large", showLabel: false
 (2ms)
    ✓ 
  value: 50, min: 0, max: 100, stepCount: 5, meterSize: "regular", fillColor: "warning", emptyColor: "alert", labelSize: "regular", showLabel: true
 (3ms)
    ✓ 
  value: 50, min: 0, max: 100, stepCount: 5, meterSize: "regular", fillColor: "warning", emptyColor: "alert", labelSize: "regular", showLabel: false
 (2ms)
    ✓ 
  value: 50, min: 0, max: 100, stepCount: 5, meterSize: "regular", fillColor: "warning", emptyColor: "alert", labelSize: "small", showLabel: true
 (4ms)
    ✓ 
  value: 50, min: 0, max: 100, stepCount: 5, meterSize: "regular", fillColor: "warning", emptyColor: "alert", labelSize: "small", showLabel: false
 (3ms)
    ✓ 
  value: 50, min: 0, max: 100, stepCount: 5, meterSize: "regular", fillColor: "alert", emptyColor: "danger", labelSize: "large", showLabel: true
 (5ms)
    ✓ 
  value: 50, min: 0, max: 100, stepCount: 5, meterSize: "regular", fillColor: "alert", emptyColor: "danger", labelSize: "large", showLabel: false
 (3ms)
    ✓ 
  value: 50, min: 0, max: 100, stepCount: 5, meterSize: "regular", fillColor: "alert", emptyColor: "danger", labelSize: "regular", showLabel: true
 (3ms)
    ✓ 
  value: 50, min: 0, max: 100, stepCount: 5, meterSize: "regular", fillColor: "alert", emptyColor: "danger", labelSize: "regular", showLabel: false
 (3ms)
    ✓ 
  value: 50, min: 0, max: 100, stepCount: 5, meterSize: "regular", fillColor: "alert", emptyColor: "danger", labelSize: "small", showLabel: true
 (2ms)
    ✓ 
  value: 50, min: 0, max: 100, stepCount: 5, meterSize: "regular", fillColor: "alert", emptyColor: "danger", labelSize: "small", showLabel: false
 (2ms)
    ✓ 
  value: 50, min: 0, max: 100, stepCount: 5, meterSize: "regular", fillColor: "alert", emptyColor: "alert", labelSize: "large", showLabel: true
 (2ms)
    ✓ 
  value: 50, min: 0, max: 100, stepCount: 5, meterSize: "regular", fillColor: "alert", emptyColor: "alert", labelSize: "large", showLabel: false
 (2ms)
    ✓ 
  value: 50, min: 0, max: 100, stepCount: 5, meterSize: "regular", fillColor: "alert", emptyColor: "alert", labelSize: "regular", showLabel: true
 (3ms)
    ✓ 
  value: 50, min: 0, max: 100, stepCount: 5, meterSize: "regular", fillColor: "alert", emptyColor: "alert", labelSize: "regular", showLabel: false
 (2ms)
    ✓ 
  value: 50, min: 0, max: 100, stepCount: 5, meterSize: "regular", fillColor: "alert", emptyColor: "alert", labelSize: "small", showLabel: true
 (3ms)
    ✓ 
  value: 50, min: 0, max: 100, stepCount: 5, meterSize: "regular", fillColor: "alert", emptyColor: "alert", labelSize: "small", showLabel: false
 (3ms)
    ✓ 
  value: 50, min: 0, max: 100, stepCount: 5, meterSize: "regular", fillColor: "info", emptyColor: "danger", labelSize: "large", showLabel: true
 (2ms)
    ✓ 
  value: 50, min: 0, max: 100, stepCount: 5, meterSize: "regular", fillColor: "info", emptyColor: "danger", labelSize: "large", showLabel: false
 (2ms)
    ✓ 
  value: 50, min: 0, max: 100, stepCount: 5, meterSize: "regular", fillColor: "info", emptyColor: "danger", labelSize: "regular", showLabel: true
 (2ms)
    ✓ 
  value: 50, min: 0, max: 100, stepCount: 5, meterSize: "regular", fillColor: "info", emptyColor: "danger", labelSize: "regular", showLabel: false
 (3ms)
    ✓ 
  value: 50, min: 0, max: 100, stepCount: 5, meterSize: "regular", fillColor: "info", emptyColor: "danger", labelSize: "small", showLabel: true
 (2ms)
    ✓ 
  value: 50, min: 0, max: 100, stepCount: 5, meterSize: "regular", fillColor: "info", emptyColor: "danger", labelSize: "small", showLabel: false
 (2ms)
    ✓ 
  value: 50, min: 0, max: 100, stepCount: 5, meterSize: "regular", fillColor: "info", emptyColor: "alert", labelSize: "large", showLabel: true
 (1ms)
    ✓ 
  value: 50, min: 0, max: 100, stepCount: 5, meterSize: "regular", fillColor: "info", emptyColor: "alert", labelSize: "large", showLabel: false
 (1ms)
    ✓ 
  value: 50, min: 0, max: 100, stepCount: 5, meterSize: "regular", fillColor: "info", emptyColor: "alert", labelSize: "regular", showLabel: true
 (1ms)
    ✓ 
  value: 50, min: 0, max: 100, stepCount: 5, meterSize: "regular", fillColor: "info", emptyColor: "alert", labelSize: "regular", showLabel: false
 (1ms)
    ✓ 
  value: 50, min: 0, max: 100, stepCount: 5, meterSize: "regular", fillColor: "info", emptyColor: "alert", labelSize: "small", showLabel: true
 (1ms)
    ✓ 
  value: 50, min: 0, max: 100, stepCount: 5, meterSize: "regular", fillColor: "info", emptyColor: "alert", labelSize: "small", showLabel: false
 (2ms)
    ✓ 
  value: 50, min: 0, max: 100, stepCount: 5, meterSize: "large", fillColor: "success", emptyColor: "danger", labelSize: "large", showLabel: true
 (4ms)
    ✓ 
  value: 50, min: 0, max: 100, stepCount: 5, meterSize: "large", fillColor: "success", emptyColor: "danger", labelSize: "large", showLabel: false
 (2ms)
    ✓ 
  value: 50, min: 0, max: 100, stepCount: 5, meterSize: "large", fillColor: "success", emptyColor: "danger", labelSize: "regular", showLabel: true
 (3ms)
    ✓ 
  value: 50, min: 0, max: 100, stepCount: 5, meterSize: "large", fillColor: "success", emptyColor: "danger", labelSize: "regular", showLabel: false
 (4ms)
    ✓ 
  value: 50, min: 0, max: 100, stepCount: 5, meterSize: "large", fillColor: "success", emptyColor: "danger", labelSize: "small", showLabel: true
 (3ms)
    ✓ 
  value: 50, min: 0, max: 100, stepCount: 5, meterSize: "large", fillColor: "success", emptyColor: "danger", labelSize: "small", showLabel: false
 (2ms)
    ✓ 
  value: 50, min: 0, max: 100, stepCount: 5, meterSize: "large", fillColor: "success", emptyColor: "alert", labelSize: "large", showLabel: true
 (1ms)
    ✓ 
  value: 50, min: 0, max: 100, stepCount: 5, meterSize: "large", fillColor: "success", emptyColor: "alert", labelSize: "large", showLabel: false
 (3ms)
    ✓ 
  value: 50, min: 0, max: 100, stepCount: 5, meterSize: "large", fillColor: "success", emptyColor: "alert", labelSize: "regular", showLabel: true
 (3ms)
    ✓ 
  value: 50, min: 0, max: 100, stepCount: 5, meterSize: "large", fillColor: "success", emptyColor: "alert", labelSize: "regular", showLabel: false
 (2ms)
    ✓ 
  value: 50, min: 0, max: 100, stepCount: 5, meterSize: "large", fillColor: "success", emptyColor: "alert", labelSize: "small", showLabel: true
 (4ms)
    ✓ 
  value: 50, min: 0, max: 100, stepCount: 5, meterSize: "large", fillColor: "success", emptyColor: "alert", labelSize: "small", showLabel: false
 (1ms)
    ✓ 
  value: 50, min: 0, max: 100, stepCount: 5, meterSize: "large", fillColor: "warning", emptyColor: "danger", labelSize: "large", showLabel: true
 (3ms)
    ✓ 
  value: 50, min: 0, max: 100, stepCount: 5, meterSize: "large", fillColor: "warning", emptyColor: "danger", labelSize: "large", showLabel: false
 (1ms)
    ✓ 
  value: 50, min: 0, max: 100, stepCount: 5, meterSize: "large", fillColor: "warning", emptyColor: "danger", labelSize: "regular", showLabel: true
 (3ms)
    ✓ 
  value: 50, min: 0, max: 100, stepCount: 5, meterSize: "large", fillColor: "warning", emptyColor: "danger", labelSize: "regular", showLabel: false
 (2ms)
    ✓ 
  value: 50, min: 0, max: 100, stepCount: 5, meterSize: "large", fillColor: "warning", emptyColor: "danger", labelSize: "small", showLabel: true
 (3ms)
    ✓ 
  value: 50, min: 0, max: 100, stepCount: 5, meterSize: "large", fillColor: "warning", emptyColor: "danger", labelSize: "small", showLabel: false
 (1ms)
    ✓ 
  value: 50, min: 0, max: 100, stepCount: 5, meterSize: "large", fillColor: "warning", emptyColor: "alert", labelSize: "large", showLabel: true
 (3ms)
    ✓ 
  value: 50, min: 0, max: 100, stepCount: 5, meterSize: "large", fillColor: "warning", emptyColor: "alert", labelSize: "large", showLabel: false
 (1ms)
    ✓ 
  value: 50, min: 0, max: 100, stepCount: 5, meterSize: "large", fillColor: "warning", emptyColor: "alert", labelSize: "regular", showLabel: true
 (2ms)
    ✓ 
  value: 50, min: 0, max: 100, stepCount: 5, meterSize: "large", fillColor: "warning", emptyColor: "alert", labelSize: "regular", showLabel: false
 (3ms)
    ✓ 
  value: 50, min: 0, max: 100, stepCount: 5, meterSize: "large", fillColor: "warning", emptyColor: "alert", labelSize: "small", showLabel: true
 (2ms)
    ✓ 
  value: 50, min: 0, max: 100, stepCount: 5, meterSize: "large", fillColor: "warning", emptyColor: "alert", labelSize: "small", showLabel: false
 (3ms)
    ✓ 
  value: 50, min: 0, max: 100, stepCount: 5, meterSize: "large", fillColor: "alert", emptyColor: "danger", labelSize: "large", showLabel: true
 (3ms)
    ✓ 
  value: 50, min: 0, max: 100, stepCount: 5, meterSize: "large", fillColor: "alert", emptyColor: "danger", labelSize: "large", showLabel: false
 (1ms)
    ✓ 
  value: 50, min: 0, max: 100, stepCount: 5, meterSize: "large", fillColor: "alert", emptyColor: "danger", labelSize: "regular", showLabel: true
 (4ms)
    ✓ 
  value: 50, min: 0, max: 100, stepCount: 5, meterSize: "large", fillColor: "alert", emptyColor: "danger", labelSize: "regular", showLabel: false
 (4ms)
    ✓ 
  value: 50, min: 0, max: 100, stepCount: 5, meterSize: "large", fillColor: "alert", emptyColor: "danger", labelSize: "small", showLabel: true
 (1ms)
    ✓ 
  value: 50, min: 0, max: 100, stepCount: 5, meterSize: "large", fillColor: "alert", emptyColor: "danger", labelSize: "small", showLabel: false
 (2ms)
    ✓ 
  value: 50, min: 0, max: 100, stepCount: 5, meterSize: "large", fillColor: "alert", emptyColor: "alert", labelSize: "large", showLabel: true
 (2ms)
    ✓ 
  value: 50, min: 0, max: 100, stepCount: 5, meterSize: "large", fillColor: "alert", emptyColor: "alert", labelSize: "large", showLabel: false
 (3ms)
    ✓ 
  value: 50, min: 0, max: 100, stepCount: 5, meterSize: "large", fillColor: "alert", emptyColor: "alert", labelSize: "regular", showLabel: true
 (3ms)
    ✓ 
  value: 50, min: 0, max: 100, stepCount: 5, meterSize: "large", fillColor: "alert", emptyColor: "alert", labelSize: "regular", showLabel: false
 (4ms)
    ✓ 
  value: 50, min: 0, max: 100, stepCount: 5, meterSize: "large", fillColor: "alert", emptyColor: "alert", labelSize: "small", showLabel: true
 (2ms)
    ✓ 
  value: 50, min: 0, max: 100, stepCount: 5, meterSize: "large", fillColor: "alert", emptyColor: "alert", labelSize: "small", showLabel: false
 (2ms)
    ✓ 
  value: 50, min: 0, max: 100, stepCount: 5, meterSize: "large", fillColor: "info", emptyColor: "danger", labelSize: "large", showLabel: true
 (3ms)
    ✓ 
  value: 50, min: 0, max: 100, stepCount: 5, meterSize: "large", fillColor: "info", emptyColor: "danger", labelSize: "large", showLabel: false
 (2ms)
    ✓ 
  value: 50, min: 0, max: 100, stepCount: 5, meterSize: "large", fillColor: "info", emptyColor: "danger", labelSize: "regular", showLabel: true
 (2ms)
    ✓ 
  value: 50, min: 0, max: 100, stepCount: 5, meterSize: "large", fillColor: "info", emptyColor: "danger", labelSize: "regular", showLabel: false
 (2ms)
    ✓ 
  value: 50, min: 0, max: 100, stepCount: 5, meterSize: "large", fillColor: "info", emptyColor: "danger", labelSize: "small", showLabel: true
 (2ms)
    ✓ 
  value: 50, min: 0, max: 100, stepCount: 5, meterSize: "large", fillColor: "info", emptyColor: "danger", labelSize: "small", showLabel: false
 (4ms)
    ✓ 
  value: 50, min: 0, max: 100, stepCount: 5, meterSize: "large", fillColor: "info", emptyColor: "alert", labelSize: "large", showLabel: true
 (3ms)
    ✓ 
  value: 50, min: 0, max: 100, stepCount: 5, meterSize: "large", fillColor: "info", emptyColor: "alert", labelSize: "large", showLabel: false
 (1ms)
    ✓ 
  value: 50, min: 0, max: 100, stepCount: 5, meterSize: "large", fillColor: "info", emptyColor: "alert", labelSize: "regular", showLabel: true
 (1ms)
    ✓ 
  value: 50, min: 0, max: 100, stepCount: 5, meterSize: "large", fillColor: "info", emptyColor: "alert", labelSize: "regular", showLabel: false
 (3ms)
    ✓ 
  value: 50, min: 0, max: 100, stepCount: 5, meterSize: "large", fillColor: "info", emptyColor: "alert", labelSize: "small", showLabel: true
 (2ms)
    ✓ 
  value: 50, min: 0, max: 100, stepCount: 5, meterSize: "large", fillColor: "info", emptyColor: "alert", labelSize: "small", showLabel: false
 (5ms)
    ✓ 
  value: 50, min: 0, max: 100, stepCount: 5, meterSize: "small", fillColor: "success", emptyColor: "danger", labelSize: "large", showLabel: true
 (3ms)
    ✓ 
  value: 50, min: 0, max: 100, stepCount: 5, meterSize: "small", fillColor: "success", emptyColor: "danger", labelSize: "large", showLabel: false
 (3ms)
    ✓ 
  value: 50, min: 0, max: 100, stepCount: 5, meterSize: "small", fillColor: "success", emptyColor: "danger", labelSize: "regular", showLabel: true
 (2ms)
    ✓ 
  value: 50, min: 0, max: 100, stepCount: 5, meterSize: "small", fillColor: "success", emptyColor: "danger", labelSize: "regular", showLabel: false
 (2ms)
    ✓ 
  value: 50, min: 0, max: 100, stepCount: 5, meterSize: "small", fillColor: "success", emptyColor: "danger", labelSize: "small", showLabel: true
 (3ms)
    ✓ 
  value: 50, min: 0, max: 100, stepCount: 5, meterSize: "small", fillColor: "success", emptyColor: "danger", labelSize: "small", showLabel: false
 (4ms)
    ✓ 
  value: 50, min: 0, max: 100, stepCount: 5, meterSize: "small", fillColor: "success", emptyColor: "alert", labelSize: "large", showLabel: true
 (3ms)
    ✓ 
  value: 50, min: 0, max: 100, stepCount: 5, meterSize: "small", fillColor: "success", emptyColor: "alert", labelSize: "large", showLabel: false
 (3ms)
    ✓ 
  value: 50, min: 0, max: 100, stepCount: 5, meterSize: "small", fillColor: "success", emptyColor: "alert", labelSize: "regular", showLabel: true
 (3ms)
    ✓ 
  value: 50, min: 0, max: 100, stepCount: 5, meterSize: "small", fillColor: "success", emptyColor: "alert", labelSize: "regular", showLabel: false
 (2ms)
    ✓ 
  value: 50, min: 0, max: 100, stepCount: 5, meterSize: "small", fillColor: "success", emptyColor: "alert", labelSize: "small", showLabel: true
 (3ms)
    ✓ 
  value: 50, min: 0, max: 100, stepCount: 5, meterSize: "small", fillColor: "success", emptyColor: "alert", labelSize: "small", showLabel: false
 (3ms)
    ✓ 
  value: 50, min: 0, max: 100, stepCount: 5, meterSize: "small", fillColor: "warning", emptyColor: "danger", labelSize: "large", showLabel: true
 (2ms)
    ✓ 
  value: 50, min: 0, max: 100, stepCount: 5, meterSize: "small", fillColor: "warning", emptyColor: "danger", labelSize: "large", showLabel: false
 (2ms)
    ✓ 
  value: 50, min: 0, max: 100, stepCount: 5, meterSize: "small", fillColor: "warning", emptyColor: "danger", labelSize: "regular", showLabel: true
 (2ms)
    ✓ 
  value: 50, min: 0, max: 100, stepCount: 5, meterSize: "small", fillColor: "warning", emptyColor: "danger", labelSize: "regular", showLabel: false
 (2ms)
    ✓ 
  value: 50, min: 0, max: 100, stepCount: 5, meterSize: "small", fillColor: "warning", emptyColor: "danger", labelSize: "small", showLabel: true
 (2ms)
    ✓ 
  value: 50, min: 0, max: 100, stepCount: 5, meterSize: "small", fillColor: "warning", emptyColor: "danger", labelSize: "small", showLabel: false
 (2ms)
    ✓ 
  value: 50, min: 0, max: 100, stepCount: 5, meterSize: "small", fillColor: "warning", emptyColor: "alert", labelSize: "large", showLabel: true
 (2ms)
    ✓ 
  value: 50, min: 0, max: 100, stepCount: 5, meterSize: "small", fillColor: "warning", emptyColor: "alert", labelSize: "large", showLabel: false
 (2ms)
    ✓ 
  value: 50, min: 0, max: 100, stepCount: 5, meterSize: "small", fillColor: "warning", emptyColor: "alert", labelSize: "regular", showLabel: true
 (3ms)
    ✓ 
  value: 50, min: 0, max: 100, stepCount: 5, meterSize: "small", fillColor: "warning", emptyColor: "alert", labelSize: "regular", showLabel: false
 (1ms)
    ✓ 
  value: 50, min: 0, max: 100, stepCount: 5, meterSize: "small", fillColor: "warning", emptyColor: "alert", labelSize: "small", showLabel: true
 (2ms)
    ✓ 
  value: 50, min: 0, max: 100, stepCount: 5, meterSize: "small", fillColor: "warning", emptyColor: "alert", labelSize: "small", showLabel: false
 (2ms)
    ✓ 
  value: 50, min: 0, max: 100, stepCount: 5, meterSize: "small", fillColor: "alert", emptyColor: "danger", labelSize: "large", showLabel: true
 (4ms)
    ✓ 
  value: 50, min: 0, max: 100, stepCount: 5, meterSize: "small", fillColor: "alert", emptyColor: "danger", labelSize: "large", showLabel: false
 (3ms)
    ✓ 
  value: 50, min: 0, max: 100, stepCount: 5, meterSize: "small", fillColor: "alert", emptyColor: "danger", labelSize: "regular", showLabel: true
 (2ms)
    ✓ 
  value: 50, min: 0, max: 100, stepCount: 5, meterSize: "small", fillColor: "alert", emptyColor: "danger", labelSize: "regular", showLabel: false
 (1ms)
    ✓ 
  value: 50, min: 0, max: 100, stepCount: 5, meterSize: "small", fillColor: "alert", emptyColor: "danger", labelSize: "small", showLabel: true
 (2ms)
    ✓ 
  value: 50, min: 0, max: 100, stepCount: 5, meterSize: "small", fillColor: "alert", emptyColor: "danger", labelSize: "small", showLabel: false
 (1ms)
    ✓ 
  value: 50, min: 0, max: 100, stepCount: 5, meterSize: "small", fillColor: "alert", emptyColor: "alert", labelSize: "large", showLabel: true
 (5ms)
    ✓ 
  value: 50, min: 0, max: 100, stepCount: 5, meterSize: "small", fillColor: "alert", emptyColor: "alert", labelSize: "large", showLabel: false
 (1ms)
    ✓ 
  value: 50, min: 0, max: 100, stepCount: 5, meterSize: "small", fillColor: "alert", emptyColor: "alert", labelSize: "regular", showLabel: true
 (3ms)
    ✓ 
  value: 50, min: 0, max: 100, stepCount: 5, meterSize: "small", fillColor: "alert", emptyColor: "alert", labelSize: "regular", showLabel: false
 (2ms)
    ✓ 
  value: 50, min: 0, max: 100, stepCount: 5, meterSize: "small", fillColor: "alert", emptyColor: "alert", labelSize: "small", showLabel: true
 (3ms)
    ✓ 
  value: 50, min: 0, max: 100, stepCount: 5, meterSize: "small", fillColor: "alert", emptyColor: "alert", labelSize: "small", showLabel: false
 (4ms)
    ✓ 
  value: 50, min: 0, max: 100, stepCount: 5, meterSize: "small", fillColor: "info", emptyColor: "danger", labelSize: "large", showLabel: true
 (2ms)
    ✓ 
  value: 50, min: 0, max: 100, stepCount: 5, meterSize: "small", fillColor: "info", emptyColor: "danger", labelSize: "large", showLabel: false
 (1ms)
    ✓ 
  value: 50, min: 0, max: 100, stepCount: 5, meterSize: "small", fillColor: "info", emptyColor: "danger", labelSize: "regular", showLabel: true
 (2ms)
    ✓ 
  value: 50, min: 0, max: 100, stepCount: 5, meterSize: "small", fillColor: "info", emptyColor: "danger", labelSize: "regular", showLabel: false
 (2ms)
    ✓ 
  value: 50, min: 0, max: 100, stepCount: 5, meterSize: "small", fillColor: "info", emptyColor: "danger", labelSize: "small", showLabel: true
 (2ms)
    ✓ 
  value: 50, min: 0, max: 100, stepCount: 5, meterSize: "small", fillColor: "info", emptyColor: "danger", labelSize: "small", showLabel: false
 (1ms)
    ✓ 
  value: 50, min: 0, max: 100, stepCount: 5, meterSize: "small", fillColor: "info", emptyColor: "alert", labelSize: "large", showLabel: true
 (2ms)
    ✓ 
  value: 50, min: 0, max: 100, stepCount: 5, meterSize: "small", fillColor: "info", emptyColor: "alert", labelSize: "large", showLabel: false
 (1ms)
    ✓ 
  value: 50, min: 0, max: 100, stepCount: 5, meterSize: "small", fillColor: "info", emptyColor: "alert", labelSize: "regular", showLabel: true
 (2ms)
    ✓ 
  value: 50, min: 0, max: 100, stepCount: 5, meterSize: "small", fillColor: "info", emptyColor: "alert", labelSize: "regular", showLabel: false
 (2ms)
    ✓ 
  value: 50, min: 0, max: 100, stepCount: 5, meterSize: "small", fillColor: "info", emptyColor: "alert", labelSize: "small", showLabel: true
 (1ms)
    ✓ 
  value: 50, min: 0, max: 100, stepCount: 5, meterSize: "small", fillColor: "info", emptyColor: "alert", labelSize: "small", showLabel: false
 (2ms)
    ✓ 
  value: 50, min: 0, max: 100, stepCount: 10, meterSize: "regular", fillColor: "success", emptyColor: "danger", labelSize: "large", showLabel: true
 (4ms)
    ✓ 
  value: 50, min: 0, max: 100, stepCount: 10, meterSize: "regular", fillColor: "success", emptyColor: "danger", labelSize: "large", showLabel: false
 (5ms)
    ✓ 
  value: 50, min: 0, max: 100, stepCount: 10, meterSize: "regular", fillColor: "success", emptyColor: "danger", labelSize: "regular", showLabel: true
 (2ms)
    ✓ 
  value: 50, min: 0, max: 100, stepCount: 10, meterSize: "regular", fillColor: "success", emptyColor: "danger", labelSize: "regular", showLabel: false
 (2ms)
    ✓ 
  value: 50, min: 0, max: 100, stepCount: 10, meterSize: "regular", fillColor: "success", emptyColor: "danger", labelSize: "small", showLabel: true
 (1ms)
    ✓ 
  value: 50, min: 0, max: 100, stepCount: 10, meterSize: "regular", fillColor: "success", emptyColor: "danger", labelSize: "small", showLabel: false
 (2ms)
    ✓ 
  value: 50, min: 0, max: 100, stepCount: 10, meterSize: "regular", fillColor: "success", emptyColor: "alert", labelSize: "large", showLabel: true
 (6ms)
    ✓ 
  value: 50, min: 0, max: 100, stepCount: 10, meterSize: "regular", fillColor: "success", emptyColor: "alert", labelSize: "large", showLabel: false
 (1ms)
    ✓ 
  value: 50, min: 0, max: 100, stepCount: 10, meterSize: "regular", fillColor: "success", emptyColor: "alert", labelSize: "regular", showLabel: true
 (2ms)
    ✓ 
  value: 50, min: 0, max: 100, stepCount: 10, meterSize: "regular", fillColor: "success", emptyColor: "alert", labelSize: "regular", showLabel: false
 (3ms)
    ✓ 
  value: 50, min: 0, max: 100, stepCount: 10, meterSize: "regular", fillColor: "success", emptyColor: "alert", labelSize: "small", showLabel: true
 (1ms)
    ✓ 
  value: 50, min: 0, max: 100, stepCount: 10, meterSize: "regular", fillColor: "success", emptyColor: "alert", labelSize: "small", showLabel: false
 (2ms)
    ✓ 
  value: 50, min: 0, max: 100, stepCount: 10, meterSize: "regular", fillColor: "warning", emptyColor: "danger", labelSize: "large", showLabel: true
 (1ms)
    ✓ 
  value: 50, min: 0, max: 100, stepCount: 10, meterSize: "regular", fillColor: "warning", emptyColor: "danger", labelSize: "large", showLabel: false
 (3ms)
    ✓ 
  value: 50, min: 0, max: 100, stepCount: 10, meterSize: "regular", fillColor: "warning", emptyColor: "danger", labelSize: "regular", showLabel: true
 (3ms)
    ✓ 
  value: 50, min: 0, max: 100, stepCount: 10, meterSize: "regular", fillColor: "warning", emptyColor: "danger", labelSize: "regular", showLabel: false
 (1ms)
    ✓ 
  value: 50, min: 0, max: 100, stepCount: 10, meterSize: "regular", fillColor: "warning", emptyColor: "danger", labelSize: "small", showLabel: true
 (1ms)
    ✓ 
  value: 50, min: 0, max: 100, stepCount: 10, meterSize: "regular", fillColor: "warning", emptyColor: "danger", labelSize: "small", showLabel: false
 (1ms)
    ✓ 
  value: 50, min: 0, max: 100, stepCount: 10, meterSize: "regular", fillColor: "warning", emptyColor: "alert", labelSize: "large", showLabel: true
 (3ms)
    ✓ 
  value: 50, min: 0, max: 100, stepCount: 10, meterSize: "regular", fillColor: "warning", emptyColor: "alert", labelSize: "large", showLabel: false
 (2ms)
    ✓ 
  value: 50, min: 0, max: 100, stepCount: 10, meterSize: "regular", fillColor: "warning", emptyColor: "alert", labelSize: "regular", showLabel: true
 (1ms)
    ✓ 
  value: 50, min: 0, max: 100, stepCount: 10, meterSize: "regular", fillColor: "warning", emptyColor: "alert", labelSize: "regular", showLabel: false
 (3ms)
    ✓ 
  value: 50, min: 0, max: 100, stepCount: 10, meterSize: "regular", fillColor: "warning", emptyColor: "alert", labelSize: "small", showLabel: true
 (2ms)
    ✓ 
  value: 50, min: 0, max: 100, stepCount: 10, meterSize: "regular", fillColor: "warning", emptyColor: "alert", labelSize: "small", showLabel: false
 (4ms)
    ✓ 
  value: 50, min: 0, max: 100, stepCount: 10, meterSize: "regular", fillColor: "alert", emptyColor: "danger", labelSize: "large", showLabel: true
 (5ms)
    ✓ 
  value: 50, min: 0, max: 100, stepCount: 10, meterSize: "regular", fillColor: "alert", emptyColor: "danger", labelSize: "large", showLabel: false
 (2ms)
    ✓ 
  value: 50, min: 0, max: 100, stepCount: 10, meterSize: "regular", fillColor: "alert", emptyColor: "danger", labelSize: "regular", showLabel: true
 (3ms)
    ✓ 
  value: 50, min: 0, max: 100, stepCount: 10, meterSize: "regular", fillColor: "alert", emptyColor: "danger", labelSize: "regular", showLabel: false
 (3ms)
    ✓ 
  value: 50, min: 0, max: 100, stepCount: 10, meterSize: "regular", fillColor: "alert", emptyColor: "danger", labelSize: "small", showLabel: true
 (1ms)
    ✓ 
  value: 50, min: 0, max: 100, stepCount: 10, meterSize: "regular", fillColor: "alert", emptyColor: "danger", labelSize: "small", showLabel: false
 (3ms)
    ✓ 
  value: 50, min: 0, max: 100, stepCount: 10, meterSize: "regular", fillColor: "alert", emptyColor: "alert", labelSize: "large", showLabel: true
 (2ms)
    ✓ 
  value: 50, min: 0, max: 100, stepCount: 10, meterSize: "regular", fillColor: "alert", emptyColor: "alert", labelSize: "large", showLabel: false
 (2ms)
    ✓ 
  value: 50, min: 0, max: 100, stepCount: 10, meterSize: "regular", fillColor: "alert", emptyColor: "alert", labelSize: "regular", showLabel: true
 (1ms)
    ✓ 
  value: 50, min: 0, max: 100, stepCount: 10, meterSize: "regular", fillColor: "alert", emptyColor: "alert", labelSize: "regular", showLabel: false
 (4ms)
    ✓ 
  value: 50, min: 0, max: 100, stepCount: 10, meterSize: "regular", fillColor: "alert", emptyColor: "alert", labelSize: "small", showLabel: true
 (2ms)
    ✓ 
  value: 50, min: 0, max: 100, stepCount: 10, meterSize: "regular", fillColor: "alert", emptyColor: "alert", labelSize: "small", showLabel: false
 (1ms)
    ✓ 
  value: 50, min: 0, max: 100, stepCount: 10, meterSize: "regular", fillColor: "info", emptyColor: "danger", labelSize: "large", showLabel: true
 (1ms)
    ✓ 
  value: 50, min: 0, max: 100, stepCount: 10, meterSize: "regular", fillColor: "info", emptyColor: "danger", labelSize: "large", showLabel: false
 (6ms)
    ✓ 
  value: 50, min: 0, max: 100, stepCount: 10, meterSize: "regular", fillColor: "info", emptyColor: "danger", labelSize: "regular", showLabel: true
 (2ms)
    ✓ 
  value: 50, min: 0, max: 100, stepCount: 10, meterSize: "regular", fillColor: "info", emptyColor: "danger", labelSize: "regular", showLabel: false
 (1ms)
    ✓ 
  value: 50, min: 0, max: 100, stepCount: 10, meterSize: "regular", fillColor: "info", emptyColor: "danger", labelSize: "small", showLabel: true
 (7ms)
    ✓ 
  value: 50, min: 0, max: 100, stepCount: 10, meterSize: "regular", fillColor: "info", emptyColor: "danger", labelSize: "small", showLabel: false
 (1ms)
    ✓ 
  value: 50, min: 0, max: 100, stepCount: 10, meterSize: "regular", fillColor: "info", emptyColor: "alert", labelSize: "large", showLabel: true
 (3ms)
    ✓ 
  value: 50, min: 0, max: 100, stepCount: 10, meterSize: "regular", fillColor: "info", emptyColor: "alert", labelSize: "large", showLabel: false
 (2ms)
    ✓ 
  value: 50, min: 0, max: 100, stepCount: 10, meterSize: "regular", fillColor: "info", emptyColor: "alert", labelSize: "regular", showLabel: true
 (3ms)
    ✓ 
  value: 50, min: 0, max: 100, stepCount: 10, meterSize: "regular", fillColor: "info", emptyColor: "alert", labelSize: "regular", showLabel: false
 (1ms)
    ✓ 
  value: 50, min: 0, max: 100, stepCount: 10, meterSize: "regular", fillColor: "info", emptyColor: "alert", labelSize: "small", showLabel: true
 (5ms)
    ✓ 
  value: 50, min: 0, max: 100, stepCount: 10, meterSize: "regular", fillColor: "info", emptyColor: "alert", labelSize: "small", showLabel: false
 (1ms)
    ✓ 
  value: 50, min: 0, max: 100, stepCount: 10, meterSize: "large", fillColor: "success", emptyColor: "danger", labelSize: "large", showLabel: true
 (2ms)
    ✓ 
  value: 50, min: 0, max: 100, stepCount: 10, meterSize: "large", fillColor: "success", emptyColor: "danger", labelSize: "large", showLabel: false
 (1ms)
    ✓ 
  value: 50, min: 0, max: 100, stepCount: 10, meterSize: "large", fillColor: "success", emptyColor: "danger", labelSize: "regular", showLabel: true
 (4ms)
    ✓ 
  value: 50, min: 0, max: 100, stepCount: 10, meterSize: "large", fillColor: "success", emptyColor: "danger", labelSize: "regular", showLabel: false
 (2ms)
    ✓ 
  value: 50, min: 0, max: 100, stepCount: 10, meterSize: "large", fillColor: "success", emptyColor: "danger", labelSize: "small", showLabel: true
 (2ms)
    ✓ 
  value: 50, min: 0, max: 100, stepCount: 10, meterSize: "large", fillColor: "success", emptyColor: "danger", labelSize: "small", showLabel: false
 (3ms)
    ✓ 
  value: 50, min: 0, max: 100, stepCount: 10, meterSize: "large", fillColor: "success", emptyColor: "alert", labelSize: "large", showLabel: true
 (1ms)
    ✓ 
  value: 50, min: 0, max: 100, stepCount: 10, meterSize: "large", fillColor: "success", emptyColor: "alert", labelSize: "large", showLabel: false
 (2ms)
    ✓ 
  value: 50, min: 0, max: 100, stepCount: 10, meterSize: "large", fillColor: "success", emptyColor: "alert", labelSize: "regular", showLabel: true
 (2ms)
    ✓ 
  value: 50, min: 0, max: 100, stepCount: 10, meterSize: "large", fillColor: "success", emptyColor: "alert", labelSize: "regular", showLabel: false
 (3ms)
    ✓ 
  value: 50, min: 0, max: 100, stepCount: 10, meterSize: "large", fillColor: "success", emptyColor: "alert", labelSize: "small", showLabel: true
 (1ms)
    ✓ 
  value: 50, min: 0, max: 100, stepCount: 10, meterSize: "large", fillColor: "success", emptyColor: "alert", labelSize: "small", showLabel: false
 (2ms)
    ✓ 
  value: 50, min: 0, max: 100, stepCount: 10, meterSize: "large", fillColor: "warning", emptyColor: "danger", labelSize: "large", showLabel: true
 (3ms)
    ✓ 
  value: 50, min: 0, max: 100, stepCount: 10, meterSize: "large", fillColor: "warning", emptyColor: "danger", labelSize: "large", showLabel: false
 (2ms)
    ✓ 
  value: 50, min: 0, max: 100, stepCount: 10, meterSize: "large", fillColor: "warning", emptyColor: "danger", labelSize: "regular", showLabel: true
 (4ms)
    ✓ 
  value: 50, min: 0, max: 100, stepCount: 10, meterSize: "large", fillColor: "warning", emptyColor: "danger", labelSize: "regular", showLabel: false
 (2ms)
    ✓ 
  value: 50, min: 0, max: 100, stepCount: 10, meterSize: "large", fillColor: "warning", emptyColor: "danger", labelSize: "small", showLabel: true
 (2ms)
    ✓ 
  value: 50, min: 0, max: 100, stepCount: 10, meterSize: "large", fillColor: "warning", emptyColor: "danger", labelSize: "small", showLabel: false
 (2ms)
    ✓ 
  value: 50, min: 0, max: 100, stepCount: 10, meterSize: "large", fillColor: "warning", emptyColor: "alert", labelSize: "large", showLabel: true
 (3ms)
    ✓ 
  value: 50, min: 0, max: 100, stepCount: 10, meterSize: "large", fillColor: "warning", emptyColor: "alert", labelSize: "large", showLabel: false
 (2ms)
    ✓ 
  value: 50, min: 0, max: 100, stepCount: 10, meterSize: "large", fillColor: "warning", emptyColor: "alert", labelSize: "regular", showLabel: true
 (1ms)
    ✓ 
  value: 50, min: 0, max: 100, stepCount: 10, meterSize: "large", fillColor: "warning", emptyColor: "alert", labelSize: "regular", showLabel: false
 (1ms)
    ✓ 
  value: 50, min: 0, max: 100, stepCount: 10, meterSize: "large", fillColor: "warning", emptyColor: "alert", labelSize: "small", showLabel: true
 (1ms)
    ✓ 
  value: 50, min: 0, max: 100, stepCount: 10, meterSize: "large", fillColor: "warning", emptyColor: "alert", labelSize: "small", showLabel: false

    ✓ 
  value: 50, min: 0, max: 100, stepCount: 10, meterSize: "large", fillColor: "alert", emptyColor: "danger", labelSize: "large", showLabel: true
 (1ms)
    ✓ 
  value: 50, min: 0, max: 100, stepCount: 10, meterSize: "large", fillColor: "alert", emptyColor: "danger", labelSize: "large", showLabel: false
 (1ms)
    ✓ 
  value: 50, min: 0, max: 100, stepCount: 10, meterSize: "large", fillColor: "alert", emptyColor: "danger", labelSize: "regular", showLabel: true
 (4ms)
    ✓ 
  value: 50, min: 0, max: 100, stepCount: 10, meterSize: "large", fillColor: "alert", emptyColor: "danger", labelSize: "regular", showLabel: false
 (2ms)
    ✓ 
  value: 50, min: 0, max: 100, stepCount: 10, meterSize: "large", fillColor: "alert", emptyColor: "danger", labelSize: "small", showLabel: true
 (2ms)
    ✓ 
  value: 50, min: 0, max: 100, stepCount: 10, meterSize: "large", fillColor: "alert", emptyColor: "danger", labelSize: "small", showLabel: false
 (1ms)
    ✓ 
  value: 50, min: 0, max: 100, stepCount: 10, meterSize: "large", fillColor: "alert", emptyColor: "alert", labelSize: "large", showLabel: true
 (1ms)
    ✓ 
  value: 50, min: 0, max: 100, stepCount: 10, meterSize: "large", fillColor: "alert", emptyColor: "alert", labelSize: "large", showLabel: false

    ✓ 
  value: 50, min: 0, max: 100, stepCount: 10, meterSize: "large", fillColor: "alert", emptyColor: "alert", labelSize: "regular", showLabel: true
 (1ms)
    ✓ 
  value: 50, min: 0, max: 100, stepCount: 10, meterSize: "large", fillColor: "alert", emptyColor: "alert", labelSize: "regular", showLabel: false
 (4ms)
    ✓ 
  value: 50, min: 0, max: 100, stepCount: 10, meterSize: "large", fillColor: "alert", emptyColor: "alert", labelSize: "small", showLabel: true
 (4ms)
    ✓ 
  value: 50, min: 0, max: 100, stepCount: 10, meterSize: "large", fillColor: "alert", emptyColor: "alert", labelSize: "small", showLabel: false
 (1ms)
    ✓ 
  value: 50, min: 0, max: 100, stepCount: 10, meterSize: "large", fillColor: "info", emptyColor: "danger", labelSize: "large", showLabel: true
 (5ms)
    ✓ 
  value: 50, min: 0, max: 100, stepCount: 10, meterSize: "large", fillColor: "info", emptyColor: "danger", labelSize: "large", showLabel: false
 (2ms)
    ✓ 
  value: 50, min: 0, max: 100, stepCount: 10, meterSize: "large", fillColor: "info", emptyColor: "danger", labelSize: "regular", showLabel: true
 (1ms)
    ✓ 
  value: 50, min: 0, max: 100, stepCount: 10, meterSize: "large", fillColor: "info", emptyColor: "danger", labelSize: "regular", showLabel: false
 (2ms)
    ✓ 
  value: 50, min: 0, max: 100, stepCount: 10, meterSize: "large", fillColor: "info", emptyColor: "danger", labelSize: "small", showLabel: true
 (3ms)
    ✓ 
  value: 50, min: 0, max: 100, stepCount: 10, meterSize: "large", fillColor: "info", emptyColor: "danger", labelSize: "small", showLabel: false
 (2ms)
    ✓ 
  value: 50, min: 0, max: 100, stepCount: 10, meterSize: "large", fillColor: "info", emptyColor: "alert", labelSize: "large", showLabel: true
 (2ms)
    ✓ 
  value: 50, min: 0, max: 100, stepCount: 10, meterSize: "large", fillColor: "info", emptyColor: "alert", labelSize: "large", showLabel: false
 (1ms)
    ✓ 
  value: 50, min: 0, max: 100, stepCount: 10, meterSize: "large", fillColor: "info", emptyColor: "alert", labelSize: "regular", showLabel: true
 (5ms)
    ✓ 
  value: 50, min: 0, max: 100, stepCount: 10, meterSize: "large", fillColor: "info", emptyColor: "alert", labelSize: "regular", showLabel: false
 (4ms)
    ✓ 
  value: 50, min: 0, max: 100, stepCount: 10, meterSize: "large", fillColor: "info", emptyColor: "alert", labelSize: "small", showLabel: true
 (4ms)
    ✓ 
  value: 50, min: 0, max: 100, stepCount: 10, meterSize: "large", fillColor: "info", emptyColor: "alert", labelSize: "small", showLabel: false
 (1ms)
    ✓ 
  value: 50, min: 0, max: 100, stepCount: 10, meterSize: "small", fillColor: "success", emptyColor: "danger", labelSize: "large", showLabel: true
 (1ms)
    ✓ 
  value: 50, min: 0, max: 100, stepCount: 10, meterSize: "small", fillColor: "success", emptyColor: "danger", labelSize: "large", showLabel: false
 (3ms)
    ✓ 
  value: 50, min: 0, max: 100, stepCount: 10, meterSize: "small", fillColor: "success", emptyColor: "danger", labelSize: "regular", showLabel: true
 (2ms)
    ✓ 
  value: 50, min: 0, max: 100, stepCount: 10, meterSize: "small", fillColor: "success", emptyColor: "danger", labelSize: "regular", showLabel: false
 (3ms)
    ✓ 
  value: 50, min: 0, max: 100, stepCount: 10, meterSize: "small", fillColor: "success", emptyColor: "danger", labelSize: "small", showLabel: true
 (4ms)
    ✓ 
  value: 50, min: 0, max: 100, stepCount: 10, meterSize: "small", fillColor: "success", emptyColor: "danger", labelSize: "small", showLabel: false
 (1ms)
    ✓ 
  value: 50, min: 0, max: 100, stepCount: 10, meterSize: "small", fillColor: "success", emptyColor: "alert", labelSize: "large", showLabel: true
 (1ms)
    ✓ 
  value: 50, min: 0, max: 100, stepCount: 10, meterSize: "small", fillColor: "success", emptyColor: "alert", labelSize: "large", showLabel: false
 (1ms)
    ✓ 
  value: 50, min: 0, max: 100, stepCount: 10, meterSize: "small", fillColor: "success", emptyColor: "alert", labelSize: "regular", showLabel: true
 (1ms)
    ✓ 
  value: 50, min: 0, max: 100, stepCount: 10, meterSize: "small", fillColor: "success", emptyColor: "alert", labelSize: "regular", showLabel: false
 (3ms)
    ✓ 
  value: 50, min: 0, max: 100, stepCount: 10, meterSize: "small", fillColor: "success", emptyColor: "alert", labelSize: "small", showLabel: true
 (3ms)
    ✓ 
  value: 50, min: 0, max: 100, stepCount: 10, meterSize: "small", fillColor: "success", emptyColor: "alert", labelSize: "small", showLabel: false
 (1ms)
    ✓ 
  value: 50, min: 0, max: 100, stepCount: 10, meterSize: "small", fillColor: "warning", emptyColor: "danger", labelSize: "large", showLabel: true
 (2ms)
    ✓ 
  value: 50, min: 0, max: 100, stepCount: 10, meterSize: "small", fillColor: "warning", emptyColor: "danger", labelSize: "large", showLabel: false
 (1ms)
    ✓ 
  value: 50, min: 0, max: 100, stepCount: 10, meterSize: "small", fillColor: "warning", emptyColor: "danger", labelSize: "regular", showLabel: true
 (1ms)
    ✓ 
  value: 50, min: 0, max: 100, stepCount: 10, meterSize: "small", fillColor: "warning", emptyColor: "danger", labelSize: "regular", showLabel: false
 (2ms)
    ✓ 
  value: 50, min: 0, max: 100, stepCount: 10, meterSize: "small", fillColor: "warning", emptyColor: "danger", labelSize: "small", showLabel: true
 (2ms)
    ✓ 
  value: 50, min: 0, max: 100, stepCount: 10, meterSize: "small", fillColor: "warning", emptyColor: "danger", labelSize: "small", showLabel: false
 (1ms)
    ✓ 
  value: 50, min: 0, max: 100, stepCount: 10, meterSize: "small", fillColor: "warning", emptyColor: "alert", labelSize: "large", showLabel: true
 (1ms)
    ✓ 
  value: 50, min: 0, max: 100, stepCount: 10, meterSize: "small", fillColor: "warning", emptyColor: "alert", labelSize: "large", showLabel: false
 (3ms)
    ✓ 
  value: 50, min: 0, max: 100, stepCount: 10, meterSize: "small", fillColor: "warning", emptyColor: "alert", labelSize: "regular", showLabel: true
 (1ms)
    ✓ 
  value: 50, min: 0, max: 100, stepCount: 10, meterSize: "small", fillColor: "warning", emptyColor: "alert", labelSize: "regular", showLabel: false
 (1ms)
    ✓ 
  value: 50, min: 0, max: 100, stepCount: 10, meterSize: "small", fillColor: "warning", emptyColor: "alert", labelSize: "small", showLabel: true
 (1ms)
    ✓ 
  value: 50, min: 0, max: 100, stepCount: 10, meterSize: "small", fillColor: "warning", emptyColor: "alert", labelSize: "small", showLabel: false
 (1ms)
    ✓ 
  value: 50, min: 0, max: 100, stepCount: 10, meterSize: "small", fillColor: "alert", emptyColor: "danger", labelSize: "large", showLabel: true
 (2ms)
    ✓ 
  value: 50, min: 0, max: 100, stepCount: 10, meterSize: "small", fillColor: "alert", emptyColor: "danger", labelSize: "large", showLabel: false

    ✓ 
  value: 50, min: 0, max: 100, stepCount: 10, meterSize: "small", fillColor: "alert", emptyColor: "danger", labelSize: "regular", showLabel: true
 (2ms)
    ✓ 
  value: 50, min: 0, max: 100, stepCount: 10, meterSize: "small", fillColor: "alert", emptyColor: "danger", labelSize: "regular", showLabel: false
 (1ms)
    ✓ 
  value: 50, min: 0, max: 100, stepCount: 10, meterSize: "small", fillColor: "alert", emptyColor: "danger", labelSize: "small", showLabel: true
 (4ms)
    ✓ 
  value: 50, min: 0, max: 100, stepCount: 10, meterSize: "small", fillColor: "alert", emptyColor: "danger", labelSize: "small", showLabel: false
 (3ms)
    ✓ 
  value: 50, min: 0, max: 100, stepCount: 10, meterSize: "small", fillColor: "alert", emptyColor: "alert", labelSize: "large", showLabel: true
 (1ms)
    ✓ 
  value: 50, min: 0, max: 100, stepCount: 10, meterSize: "small", fillColor: "alert", emptyColor: "alert", labelSize: "large", showLabel: false
 (3ms)
    ✓ 
  value: 50, min: 0, max: 100, stepCount: 10, meterSize: "small", fillColor: "alert", emptyColor: "alert", labelSize: "regular", showLabel: true
 (2ms)
    ✓ 
  value: 50, min: 0, max: 100, stepCount: 10, meterSize: "small", fillColor: "alert", emptyColor: "alert", labelSize: "regular", showLabel: false
 (1ms)
    ✓ 
  value: 50, min: 0, max: 100, stepCount: 10, meterSize: "small", fillColor: "alert", emptyColor: "alert", labelSize: "small", showLabel: true
 (2ms)
    ✓ 
  value: 50, min: 0, max: 100, stepCount: 10, meterSize: "small", fillColor: "alert", emptyColor: "alert", labelSize: "small", showLabel: false
 (3ms)
    ✓ 
  value: 50, min: 0, max: 100, stepCount: 10, meterSize: "small", fillColor: "info", emptyColor: "danger", labelSize: "large", showLabel: true
 (6ms)
    ✓ 
  value: 50, min: 0, max: 100, stepCount: 10, meterSize: "small", fillColor: "info", emptyColor: "danger", labelSize: "large", showLabel: false
 (7ms)
    ✓ 
  value: 50, min: 0, max: 100, stepCount: 10, meterSize: "small", fillColor: "info", emptyColor: "danger", labelSize: "regular", showLabel: true
 (3ms)
    ✓ 
  value: 50, min: 0, max: 100, stepCount: 10, meterSize: "small", fillColor: "info", emptyColor: "danger", labelSize: "regular", showLabel: false
 (4ms)
    ✓ 
  value: 50, min: 0, max: 100, stepCount: 10, meterSize: "small", fillColor: "info", emptyColor: "danger", labelSize: "small", showLabel: true
 (3ms)
    ✓ 
  value: 50, min: 0, max: 100, stepCount: 10, meterSize: "small", fillColor: "info", emptyColor: "danger", labelSize: "small", showLabel: false
 (2ms)
    ✓ 
  value: 50, min: 0, max: 100, stepCount: 10, meterSize: "small", fillColor: "info", emptyColor: "alert", labelSize: "large", showLabel: true

    ✓ 
  value: 50, min: 0, max: 100, stepCount: 10, meterSize: "small", fillColor: "info", emptyColor: "alert", labelSize: "large", showLabel: false
 (2ms)
    ✓ 
  value: 50, min: 0, max: 100, stepCount: 10, meterSize: "small", fillColor: "info", emptyColor: "alert", labelSize: "regular", showLabel: true
 (3ms)
    ✓ 
  value: 50, min: 0, max: 100, stepCount: 10, meterSize: "small", fillColor: "info", emptyColor: "alert", labelSize: "regular", showLabel: false
 (4ms)
    ✓ 
  value: 50, min: 0, max: 100, stepCount: 10, meterSize: "small", fillColor: "info", emptyColor: "alert", labelSize: "small", showLabel: true
 (3ms)
    ✓ 
  value: 50, min: 0, max: 100, stepCount: 10, meterSize: "small", fillColor: "info", emptyColor: "alert", labelSize: "small", showLabel: false
 (2ms)
    ✓ 
  value: 50, min: 0, max: 100, stepCount: 5, meterSize: "regular", fillColor: "success", emptyColor: "danger", labelSize: "large", showLabel: true
 (1ms)
    ✓ 
  value: 50, min: 0, max: 100, stepCount: 5, meterSize: "regular", fillColor: "success", emptyColor: "danger", labelSize: "large", showLabel: false

    ✓ 
  value: 50, min: 0, max: 100, stepCount: 5, meterSize: "regular", fillColor: "success", emptyColor: "danger", labelSize: "regular", showLabel: true
 (1ms)
    ✓ 
  value: 50, min: 0, max: 100, stepCount: 5, meterSize: "regular", fillColor: "success", emptyColor: "danger", labelSize: "regular", showLabel: false
 (1ms)
    ✓ 
  value: 50, min: 0, max: 100, stepCount: 5, meterSize: "regular", fillColor: "success", emptyColor: "danger", labelSize: "small", showLabel: true
 (1ms)
    ✓ 
  value: 50, min: 0, max: 100, stepCount: 5, meterSize: "regular", fillColor: "success", emptyColor: "danger", labelSize: "small", showLabel: false

    ✓ 
  value: 50, min: 0, max: 100, stepCount: 5, meterSize: "regular", fillColor: "success", emptyColor: "alert", labelSize: "large", showLabel: true
 (1ms)
    ✓ 
  value: 50, min: 0, max: 100, stepCount: 5, meterSize: "regular", fillColor: "success", emptyColor: "alert", labelSize: "large", showLabel: false
 (2ms)
    ✓ 
  value: 50, min: 0, max: 100, stepCount: 5, meterSize: "regular", fillColor: "success", emptyColor: "alert", labelSize: "regular", showLabel: true
 (1ms)
    ✓ 
  value: 50, min: 0, max: 100, stepCount: 5, meterSize: "regular", fillColor: "success", emptyColor: "alert", labelSize: "regular", showLabel: false
 (1ms)
    ✓ 
  value: 50, min: 0, max: 100, stepCount: 5, meterSize: "regular", fillColor: "success", emptyColor: "alert", labelSize: "small", showLabel: true

    ✓ 
  value: 50, min: 0, max: 100, stepCount: 5, meterSize: "regular", fillColor: "success", emptyColor: "alert", labelSize: "small", showLabel: false
 (1ms)
    ✓ 
  value: 50, min: 0, max: 100, stepCount: 5, meterSize: "regular", fillColor: "warning", emptyColor: "danger", labelSize: "large", showLabel: true
 (3ms)
    ✓ 
  value: 50, min: 0, max: 100, stepCount: 5, meterSize: "regular", fillColor: "warning", emptyColor: "danger", labelSize: "large", showLabel: false
 (1ms)
    ✓ 
  value: 50, min: 0, max: 100, stepCount: 5, meterSize: "regular", fillColor: "warning", emptyColor: "danger", labelSize: "regular", showLabel: true
 (1ms)
    ✓ 
  value: 50, min: 0, max: 100, stepCount: 5, meterSize: "regular", fillColor: "warning", emptyColor: "danger", labelSize: "regular", showLabel: false

    ✓ 
  value: 50, min: 0, max: 100, stepCount: 5, meterSize: "regular", fillColor: "warning", emptyColor: "danger", labelSize: "small", showLabel: true
 (1ms)
    ✓ 
  value: 50, min: 0, max: 100, stepCount: 5, meterSize: "regular", fillColor: "warning", emptyColor: "danger", labelSize: "small", showLabel: false
 (1ms)
    ✓ 
  value: 50, min: 0, max: 100, stepCount: 5, meterSize: "regular", fillColor: "warning", emptyColor: "alert", labelSize: "large", showLabel: true

    ✓ 
  value: 50, min: 0, max: 100, stepCount: 5, meterSize: "regular", fillColor: "warning", emptyColor: "alert", labelSize: "large", showLabel: false
 (1ms)
    ✓ 
  value: 50, min: 0, max: 100, stepCount: 5, meterSize: "regular", fillColor: "warning", emptyColor: "alert", labelSize: "regular", showLabel: true
 (1ms)
    ✓ 
  value: 50, min: 0, max: 100, stepCount: 5, meterSize: "regular", fillColor: "warning", emptyColor: "alert", labelSize: "regular", showLabel: false

    ✓ 
  value: 50, min: 0, max: 100, stepCount: 5, meterSize: "regular", fillColor: "warning", emptyColor: "alert", labelSize: "small", showLabel: true
 (3ms)
    ✓ 
  value: 50, min: 0, max: 100, stepCount: 5, meterSize: "regular", fillColor: "warning", emptyColor: "alert", labelSize: "small", showLabel: false
 (1ms)
    ✓ 
  value: 50, min: 0, max: 100, stepCount: 5, meterSize: "regular", fillColor: "alert", emptyColor: "danger", labelSize: "large", showLabel: true
 (1ms)
    ✓ 
  value: 50, min: 0, max: 100, stepCount: 5, meterSize: "regular", fillColor: "alert", emptyColor: "danger", labelSize: "large", showLabel: false
 (2ms)
    ✓ 
  value: 50, min: 0, max: 100, stepCount: 5, meterSize: "regular", fillColor: "alert", emptyColor: "danger", labelSize: "regular", showLabel: true
 (3ms)
    ✓ 
  value: 50, min: 0, max: 100, stepCount: 5, meterSize: "regular", fillColor: "alert", emptyColor: "danger", labelSize: "regular", showLabel: false
 (1ms)
    ✓ 
  value: 50, min: 0, max: 100, stepCount: 5, meterSize: "regular", fillColor: "alert", emptyColor: "danger", labelSize: "small", showLabel: true
 (2ms)
    ✓ 
  value: 50, min: 0, max: 100, stepCount: 5, meterSize: "regular", fillColor: "alert", emptyColor: "danger", labelSize: "small", showLabel: false

    ✓ 
  value: 50, min: 0, max: 100, stepCount: 5, meterSize: "regular", fillColor: "alert", emptyColor: "alert", labelSize: "large", showLabel: true
 (1ms)
    ✓ 
  value: 50, min: 0, max: 100, stepCount: 5, meterSize: "regular", fillColor: "alert", emptyColor: "alert", labelSize: "large", showLabel: false
 (1ms)
    ✓ 
  value: 50, min: 0, max: 100, stepCount: 5, meterSize: "regular", fillColor: "alert", emptyColor: "alert", labelSize: "regular", showLabel: true
 (2ms)
    ✓ 
  value: 50, min: 0, max: 100, stepCount: 5, meterSize: "regular", fillColor: "alert", emptyColor: "alert", labelSize: "regular", showLabel: false
 (4ms)
    ✓ 
  value: 50, min: 0, max: 100, stepCount: 5, meterSize: "regular", fillColor: "alert", emptyColor: "alert", labelSize: "small", showLabel: true
 (2ms)
    ✓ 
  value: 50, min: 0, max: 100, stepCount: 5, meterSize: "regular", fillColor: "alert", emptyColor: "alert", labelSize: "small", showLabel: false
 (2ms)
    ✓ 
  value: 50, min: 0, max: 100, stepCount: 5, meterSize: "regular", fillColor: "info", emptyColor: "danger", labelSize: "large", showLabel: true
 (2ms)
    ✓ 
  value: 50, min: 0, max: 100, stepCount: 5, meterSize: "regular", fillColor: "info", emptyColor: "danger", labelSize: "large", showLabel: false
 (3ms)
    ✓ 
  value: 50, min: 0, max: 100, stepCount: 5, meterSize: "regular", fillColor: "info", emptyColor: "danger", labelSize: "regular", showLabel: true
 (1ms)
    ✓ 
  value: 50, min: 0, max: 100, stepCount: 5, meterSize: "regular", fillColor: "info", emptyColor: "danger", labelSize: "regular", showLabel: false
 (3ms)
    ✓ 
  value: 50, min: 0, max: 100, stepCount: 5, meterSize: "regular", fillColor: "info", emptyColor: "danger", labelSize: "small", showLabel: true
 (1ms)
    ✓ 
  value: 50, min: 0, max: 100, stepCount: 5, meterSize: "regular", fillColor: "info", emptyColor: "danger", labelSize: "small", showLabel: false
 (2ms)
    ✓ 
  value: 50, min: 0, max: 100, stepCount: 5, meterSize: "regular", fillColor: "info", emptyColor: "alert", labelSize: "large", showLabel: true
 (5ms)
    ✓ 
  value: 50, min: 0, max: 100, stepCount: 5, meterSize: "regular", fillColor: "info", emptyColor: "alert", labelSize: "large", showLabel: false
 (2ms)
    ✓ 
  value: 50, min: 0, max: 100, stepCount: 5, meterSize: "regular", fillColor: "info", emptyColor: "alert", labelSize: "regular", showLabel: true
 (3ms)
    ✓ 
  value: 50, min: 0, max: 100, stepCount: 5, meterSize: "regular", fillColor: "info", emptyColor: "alert", labelSize: "regular", showLabel: false
 (5ms)
    ✓ 
  value: 50, min: 0, max: 100, stepCount: 5, meterSize: "regular", fillColor: "info", emptyColor: "alert", labelSize: "small", showLabel: true
 (7ms)
    ✓ 
  value: 50, min: 0, max: 100, stepCount: 5, meterSize: "regular", fillColor: "info", emptyColor: "alert", labelSize: "small", showLabel: false
 (2ms)
    ✓ 
  value: 50, min: 0, max: 100, stepCount: 5, meterSize: "large", fillColor: "success", emptyColor: "danger", labelSize: "large", showLabel: true
 (1ms)
    ✓ 
  value: 50, min: 0, max: 100, stepCount: 5, meterSize: "large", fillColor: "success", emptyColor: "danger", labelSize: "large", showLabel: false
 (7ms)
    ✓ 
  value: 50, min: 0, max: 100, stepCount: 5, meterSize: "large", fillColor: "success", emptyColor: "danger", labelSize: "regular", showLabel: true
 (2ms)
    ✓ 
  value: 50, min: 0, max: 100, stepCount: 5, meterSize: "large", fillColor: "success", emptyColor: "danger", labelSize: "regular", showLabel: false
 (4ms)
    ✓ 
  value: 50, min: 0, max: 100, stepCount: 5, meterSize: "large", fillColor: "success", emptyColor: "danger", labelSize: "small", showLabel: true
 (1ms)
    ✓ 
  value: 50, min: 0, max: 100, stepCount: 5, meterSize: "large", fillColor: "success", emptyColor: "danger", labelSize: "small", showLabel: false
 (1ms)
    ✓ 
  value: 50, min: 0, max: 100, stepCount: 5, meterSize: "large", fillColor: "success", emptyColor: "alert", labelSize: "large", showLabel: true
 (1ms)
    ✓ 
  value: 50, min: 0, max: 100, stepCount: 5, meterSize: "large", fillColor: "success", emptyColor: "alert", labelSize: "large", showLabel: false
 (1ms)
    ✓ 
  value: 50, min: 0, max: 100, stepCount: 5, meterSize: "large", fillColor: "success", emptyColor: "alert", labelSize: "regular", showLabel: true
 (1ms)
    ✓ 
  value: 50, min: 0, max: 100, stepCount: 5, meterSize: "large", fillColor: "success", emptyColor: "alert", labelSize: "regular", showLabel: false
 (1ms)
    ✓ 
  value: 50, min: 0, max: 100, stepCount: 5, meterSize: "large", fillColor: "success", emptyColor: "alert", labelSize: "small", showLabel: true
 (2ms)
    ✓ 
  value: 50, min: 0, max: 100, stepCount: 5, meterSize: "large", fillColor: "success", emptyColor: "alert", labelSize: "small", showLabel: false
 (1ms)
    ✓ 
  value: 50, min: 0, max: 100, stepCount: 5, meterSize: "large", fillColor: "warning", emptyColor: "danger", labelSize: "large", showLabel: true
 (3ms)
    ✓ 
  value: 50, min: 0, max: 100, stepCount: 5, meterSize: "large", fillColor: "warning", emptyColor: "danger", labelSize: "large", showLabel: false
 (4ms)
    ✓ 
  value: 50, min: 0, max: 100, stepCount: 5, meterSize: "large", fillColor: "warning", emptyColor: "danger", labelSize: "regular", showLabel: true
 (1ms)
    ✓ 
  value: 50, min: 0, max: 100, stepCount: 5, meterSize: "large", fillColor: "warning", emptyColor: "danger", labelSize: "regular", showLabel: false

    ✓ 
  value: 50, min: 0, max: 100, stepCount: 5, meterSize: "large", fillColor: "warning", emptyColor: "danger", labelSize: "small", showLabel: true
 (1ms)
    ✓ 
  value: 50, min: 0, max: 100, stepCount: 5, meterSize: "large", fillColor: "warning", emptyColor: "danger", labelSize: "small", showLabel: false
 (1ms)
    ✓ 
  value: 50, min: 0, max: 100, stepCount: 5, meterSize: "large", fillColor: "warning", emptyColor: "alert", labelSize: "large", showLabel: true

    ✓ 
  value: 50, min: 0, max: 100, stepCount: 5, meterSize: "large", fillColor: "warning", emptyColor: "alert", labelSize: "large", showLabel: false
 (1ms)
    ✓ 
  value: 50, min: 0, max: 100, stepCount: 5, meterSize: "large", fillColor: "warning", emptyColor: "alert", labelSize: "regular", showLabel: true

    ✓ 
  value: 50, min: 0, max: 100, stepCount: 5, meterSize: "large", fillColor: "warning", emptyColor: "alert", labelSize: "regular", showLabel: false
 (1ms)
    ✓ 
  value: 50, min: 0, max: 100, stepCount: 5, meterSize: "large", fillColor: "warning", emptyColor: "alert", labelSize: "small", showLabel: true
 (2ms)
    ✓ 
  value: 50, min: 0, max: 100, stepCount: 5, meterSize: "large", fillColor: "warning", emptyColor: "alert", labelSize: "small", showLabel: false
 (1ms)
    ✓ 
  value: 50, min: 0, max: 100, stepCount: 5, meterSize: "large", fillColor: "alert", emptyColor: "danger", labelSize: "large", showLabel: true
 (1ms)
    ✓ 
  value: 50, min: 0, max: 100, stepCount: 5, meterSize: "large", fillColor: "alert", emptyColor: "danger", labelSize: "large", showLabel: false
 (1ms)
    ✓ 
  value: 50, min: 0, max: 100, stepCount: 5, meterSize: "large", fillColor: "alert", emptyColor: "danger", labelSize: "regular", showLabel: true
 (1ms)
    ✓ 
  value: 50, min: 0, max: 100, stepCount: 5, meterSize: "large", fillColor: "alert", emptyColor: "danger", labelSize: "regular", showLabel: false
 (2ms)
    ✓ 
  value: 50, min: 0, max: 100, stepCount: 5, meterSize: "large", fillColor: "alert", emptyColor: "danger", labelSize: "small", showLabel: true
 (1ms)
    ✓ 
  value: 50, min: 0, max: 100, stepCount: 5, meterSize: "large", fillColor: "alert", emptyColor: "danger", labelSize: "small", showLabel: false
 (1ms)
    ✓ 
  value: 50, min: 0, max: 100, stepCount: 5, meterSize: "large", fillColor: "alert", emptyColor: "alert", labelSize: "large", showLabel: true
 (1ms)
    ✓ 
  value: 50, min: 0, max: 100, stepCount: 5, meterSize: "large", fillColor: "alert", emptyColor: "alert", labelSize: "large", showLabel: false

    ✓ 
  value: 50, min: 0, max: 100, stepCount: 5, meterSize: "large", fillColor: "alert", emptyColor: "alert", labelSize: "regular", showLabel: true
 (1ms)
    ✓ 
  value: 50, min: 0, max: 100, stepCount: 5, meterSize: "large", fillColor: "alert", emptyColor: "alert", labelSize: "regular", showLabel: false
 (1ms)
    ✓ 
  value: 50, min: 0, max: 100, stepCount: 5, meterSize: "large", fillColor: "alert", emptyColor: "alert", labelSize: "small", showLabel: true
 (1ms)
    ✓ 
  value: 50, min: 0, max: 100, stepCount: 5, meterSize: "large", fillColor: "alert", emptyColor: "alert", labelSize: "small", showLabel: false
 (1ms)
    ✓ 
  value: 50, min: 0, max: 100, stepCount: 5, meterSize: "large", fillColor: "info", emptyColor: "danger", labelSize: "large", showLabel: true
 (1ms)
    ✓ 
  value: 50, min: 0, max: 100, stepCount: 5, meterSize: "large", fillColor: "info", emptyColor: "danger", labelSize: "large", showLabel: false
 (1ms)
    ✓ 
  value: 50, min: 0, max: 100, stepCount: 5, meterSize: "large", fillColor: "info", emptyColor: "danger", labelSize: "regular", showLabel: true
 (1ms)
    ✓ 
  value: 50, min: 0, max: 100, stepCount: 5, meterSize: "large", fillColor: "info", emptyColor: "danger", labelSize: "regular", showLabel: false
 (1ms)
    ✓ 
  value: 50, min: 0, max: 100, stepCount: 5, meterSize: "large", fillColor: "info", emptyColor: "danger", labelSize: "small", showLabel: true
 (1ms)
    ✓ 
  value: 50, min: 0, max: 100, stepCount: 5, meterSize: "large", fillColor: "info", emptyColor: "danger", labelSize: "small", showLabel: false
 (1ms)
    ✓ 
  value: 50, min: 0, max: 100, stepCount: 5, meterSize: "large", fillColor: "info", emptyColor: "alert", labelSize: "large", showLabel: true

    ✓ 
  value: 50, min: 0, max: 100, stepCount: 5, meterSize: "large", fillColor: "info", emptyColor: "alert", labelSize: "large", showLabel: false
 (1ms)
    ✓ 
  value: 50, min: 0, max: 100, stepCount: 5, meterSize: "large", fillColor: "info", emptyColor: "alert", labelSize: "regular", showLabel: true
 (1ms)
    ✓ 
  value: 50, min: 0, max: 100, stepCount: 5, meterSize: "large", fillColor: "info", emptyColor: "alert", labelSize: "regular", showLabel: false
 (2ms)
    ✓ 
  value: 50, min: 0, max: 100, stepCount: 5, meterSize: "large", fillColor: "info", emptyColor: "alert", labelSize: "small", showLabel: true
 (4ms)
    ✓ 
  value: 50, min: 0, max: 100, stepCount: 5, meterSize: "large", fillColor: "info", emptyColor: "alert", labelSize: "small", showLabel: false
 (1ms)
    ✓ 
  value: 50, min: 0, max: 100, stepCount: 5, meterSize: "small", fillColor: "success", emptyColor: "danger", labelSize: "large", showLabel: true

    ✓ 
  value: 50, min: 0, max: 100, stepCount: 5, meterSize: "small", fillColor: "success", emptyColor: "danger", labelSize: "large", showLabel: false
 (1ms)
    ✓ 
  value: 50, min: 0, max: 100, stepCount: 5, meterSize: "small", fillColor: "success", emptyColor: "danger", labelSize: "regular", showLabel: true

    ✓ 
  value: 50, min: 0, max: 100, stepCount: 5, meterSize: "small", fillColor: "success", emptyColor: "danger", labelSize: "regular", showLabel: false
 (1ms)
    ✓ 
  value: 50, min: 0, max: 100, stepCount: 5, meterSize: "small", fillColor: "success", emptyColor: "danger", labelSize: "small", showLabel: true
 (2ms)
    ✓ 
  value: 50, min: 0, max: 100, stepCount: 5, meterSize: "small", fillColor: "success", emptyColor: "danger", labelSize: "small", showLabel: false
 (2ms)
    ✓ 
  value: 50, min: 0, max: 100, stepCount: 5, meterSize: "small", fillColor: "success", emptyColor: "alert", labelSize: "large", showLabel: true
 (1ms)
    ✓ 
  value: 50, min: 0, max: 100, stepCount: 5, meterSize: "small", fillColor: "success", emptyColor: "alert", labelSize: "large", showLabel: false

    ✓ 
  value: 50, min: 0, max: 100, stepCount: 5, meterSize: "small", fillColor: "success", emptyColor: "alert", labelSize: "regular", showLabel: true
 (1ms)
    ✓ 
  value: 50, min: 0, max: 100, stepCount: 5, meterSize: "small", fillColor: "success", emptyColor: "alert", labelSize: "regular", showLabel: false

    ✓ 
  value: 50, min: 0, max: 100, stepCount: 5, meterSize: "small", fillColor: "success", emptyColor: "alert", labelSize: "small", showLabel: true
 (2ms)
    ✓ 
  value: 50, min: 0, max: 100, stepCount: 5, meterSize: "small", fillColor: "success", emptyColor: "alert", labelSize: "small", showLabel: false
 (1ms)
    ✓ 
  value: 50, min: 0, max: 100, stepCount: 5, meterSize: "small", fillColor: "warning", emptyColor: "danger", labelSize: "large", showLabel: true
 (1ms)
    ✓ 
  value: 50, min: 0, max: 100, stepCount: 5, meterSize: "small", fillColor: "warning", emptyColor: "danger", labelSize: "large", showLabel: false
 (3ms)
    ✓ 
  value: 50, min: 0, max: 100, stepCount: 5, meterSize: "small", fillColor: "warning", emptyColor: "danger", labelSize: "regular", showLabel: true
 (3ms)
    ✓ 
  value: 50, min: 0, max: 100, stepCount: 5, meterSize: "small", fillColor: "warning", emptyColor: "danger", labelSize: "regular", showLabel: false
 (6ms)
    ✓ 
  value: 50, min: 0, max: 100, stepCount: 5, meterSize: "small", fillColor: "warning", emptyColor: "danger", labelSize: "small", showLabel: true
 (3ms)
    ✓ 
  value: 50, min: 0, max: 100, stepCount: 5, meterSize: "small", fillColor: "warning", emptyColor: "danger", labelSize: "small", showLabel: false
 (1ms)
    ✓ 
  value: 50, min: 0, max: 100, stepCount: 5, meterSize: "small", fillColor: "warning", emptyColor: "alert", labelSize: "large", showLabel: true
 (1ms)
    ✓ 
  value: 50, min: 0, max: 100, stepCount: 5, meterSize: "small", fillColor: "warning", emptyColor: "alert", labelSize: "large", showLabel: false

    ✓ 
  value: 50, min: 0, max: 100, stepCount: 5, meterSize: "small", fillColor: "warning", emptyColor: "alert", labelSize: "regular", showLabel: true
 (1ms)
    ✓ 
  value: 50, min: 0, max: 100, stepCount: 5, meterSize: "small", fillColor: "warning", emptyColor: "alert", labelSize: "regular", showLabel: false
 (1ms)
    ✓ 
  value: 50, min: 0, max: 100, stepCount: 5, meterSize: "small", fillColor: "warning", emptyColor: "alert", labelSize: "small", showLabel: true

    ✓ 
  value: 50, min: 0, max: 100, stepCount: 5, meterSize: "small", fillColor: "warning", emptyColor: "alert", labelSize: "small", showLabel: false

    ✓ 
  value: 50, min: 0, max: 100, stepCount: 5, meterSize: "small", fillColor: "alert", emptyColor: "danger", labelSize: "large", showLabel: true
 (4ms)
    ✓ 
  value: 50, min: 0, max: 100, stepCount: 5, meterSize: "small", fillColor: "alert", emptyColor: "danger", labelSize: "large", showLabel: false
 (1ms)
    ✓ 
  value: 50, min: 0, max: 100, stepCount: 5, meterSize: "small", fillColor: "alert", emptyColor: "danger", labelSize: "regular", showLabel: true
 (2ms)
    ✓ 
  value: 50, min: 0, max: 100, stepCount: 5, meterSize: "small", fillColor: "alert", emptyColor: "danger", labelSize: "regular", showLabel: false
 (1ms)
    ✓ 
  value: 50, min: 0, max: 100, stepCount: 5, meterSize: "small", fillColor: "alert", emptyColor: "danger", labelSize: "small", showLabel: true
 (3ms)
    ✓ 
  value: 50, min: 0, max: 100, stepCount: 5, meterSize: "small", fillColor: "alert", emptyColor: "danger", labelSize: "small", showLabel: false
 (3ms)
    ✓ 
  value: 50, min: 0, max: 100, stepCount: 5, meterSize: "small", fillColor: "alert", emptyColor: "alert", labelSize: "large", showLabel: true
 (1ms)
    ✓ 
  value: 50, min: 0, max: 100, stepCount: 5, meterSize: "small", fillColor: "alert", emptyColor: "alert", labelSize: "large", showLabel: false
 (1ms)
    ✓ 
  value: 50, min: 0, max: 100, stepCount: 5, meterSize: "small", fillColor: "alert", emptyColor: "alert", labelSize: "regular", showLabel: true
 (1ms)
    ✓ 
  value: 50, min: 0, max: 100, stepCount: 5, meterSize: "small", fillColor: "alert", emptyColor: "alert", labelSize: "regular", showLabel: false
 (1ms)
    ✓ 
  value: 50, min: 0, max: 100, stepCount: 5, meterSize: "small", fillColor: "alert", emptyColor: "alert", labelSize: "small", showLabel: true
 (1ms)
    ✓ 
  value: 50, min: 0, max: 100, stepCount: 5, meterSize: "small", fillColor: "alert", emptyColor: "alert", labelSize: "small", showLabel: false
 (1ms)
    ✓ 
  value: 50, min: 0, max: 100, stepCount: 5, meterSize: "small", fillColor: "info", emptyColor: "danger", labelSize: "large", showLabel: true
 (1ms)
    ✓ 
  value: 50, min: 0, max: 100, stepCount: 5, meterSize: "small", fillColor: "info", emptyColor: "danger", labelSize: "large", showLabel: false

    ✓ 
  value: 50, min: 0, max: 100, stepCount: 5, meterSize: "small", fillColor: "info", emptyColor: "danger", labelSize: "regular", showLabel: true
 (1ms)
    ✓ 
  value: 50, min: 0, max: 100, stepCount: 5, meterSize: "small", fillColor: "info", emptyColor: "danger", labelSize: "regular", showLabel: false

    ✓ 
  value: 50, min: 0, max: 100, stepCount: 5, meterSize: "small", fillColor: "info", emptyColor: "danger", labelSize: "small", showLabel: true
 (1ms)
    ✓ 
  value: 50, min: 0, max: 100, stepCount: 5, meterSize: "small", fillColor: "info", emptyColor: "danger", labelSize: "small", showLabel: false
 (1ms)
    ✓ 
  value: 50, min: 0, max: 100, stepCount: 5, meterSize: "small", fillColor: "info", emptyColor: "alert", labelSize: "large", showLabel: true
 (1ms)
    ✓ 
  value: 50, min: 0, max: 100, stepCount: 5, meterSize: "small", fillColor: "info", emptyColor: "alert", labelSize: "large", showLabel: false
 (3ms)
    ✓ 
  value: 50, min: 0, max: 100, stepCount: 5, meterSize: "small", fillColor: "info", emptyColor: "alert", labelSize: "regular", showLabel: true

    ✓ 
  value: 50, min: 0, max: 100, stepCount: 5, meterSize: "small", fillColor: "info", emptyColor: "alert", labelSize: "regular", showLabel: false
 (1ms)
    ✓ 
  value: 50, min: 0, max: 100, stepCount: 5, meterSize: "small", fillColor: "info", emptyColor: "alert", labelSize: "small", showLabel: true
 (1ms)
    ✓ 
  value: 50, min: 0, max: 100, stepCount: 5, meterSize: "small", fillColor: "info", emptyColor: "alert", labelSize: "small", showLabel: false

    ✓ 
  value: 50, min: 0, max: 100, stepCount: 10, meterSize: "regular", fillColor: "success", emptyColor: "danger", labelSize: "large", showLabel: true
 (1ms)
    ✓ 
  value: 50, min: 0, max: 100, stepCount: 10, meterSize: "regular", fillColor: "success", emptyColor: "danger", labelSize: "large", showLabel: false
 (1ms)
    ✓ 
  value: 50, min: 0, max: 100, stepCount: 10, meterSize: "regular", fillColor: "success", emptyColor: "danger", labelSize: "regular", showLabel: true
 (4ms)
    ✓ 
  value: 50, min: 0, max: 100, stepCount: 10, meterSize: "regular", fillColor: "success", emptyColor: "danger", labelSize: "regular", showLabel: false
 (1ms)
    ✓ 
  value: 50, min: 0, max: 100, stepCount: 10, meterSize: "regular", fillColor: "success", emptyColor: "danger", labelSize: "small", showLabel: true
 (1ms)
    ✓ 
  value: 50, min: 0, max: 100, stepCount: 10, meterSize: "regular", fillColor: "success", emptyColor: "danger", labelSize: "small", showLabel: false
 (4ms)
    ✓ 
  value: 50, min: 0, max: 100, stepCount: 10, meterSize: "regular", fillColor: "success", emptyColor: "alert", labelSize: "large", showLabel: true
 (1ms)
    ✓ 
  value: 50, min: 0, max: 100, stepCount: 10, meterSize: "regular", fillColor: "success", emptyColor: "alert", labelSize: "large", showLabel: false
 (2ms)
    ✓ 
  value: 50, min: 0, max: 100, stepCount: 10, meterSize: "regular", fillColor: "success", emptyColor: "alert", labelSize: "regular", showLabel: true
 (2ms)
    ✓ 
  value: 50, min: 0, max: 100, stepCount: 10, meterSize: "regular", fillColor: "success", emptyColor: "alert", labelSize: "regular", showLabel: false
 (1ms)
    ✓ 
  value: 50, min: 0, max: 100, stepCount: 10, meterSize: "regular", fillColor: "success", emptyColor: "alert", labelSize: "small", showLabel: true
 (2ms)
    ✓ 
  value: 50, min: 0, max: 100, stepCount: 10, meterSize: "regular", fillColor: "success", emptyColor: "alert", labelSize: "small", showLabel: false
 (1ms)
    ✓ 
  value: 50, min: 0, max: 100, stepCount: 10, meterSize: "regular", fillColor: "warning", emptyColor: "danger", labelSize: "large", showLabel: true
 (1ms)
    ✓ 
  value: 50, min: 0, max: 100, stepCount: 10, meterSize: "regular", fillColor: "warning", emptyColor: "danger", labelSize: "large", showLabel: false
 (1ms)
    ✓ 
  value: 50, min: 0, max: 100, stepCount: 10, meterSize: "regular", fillColor: "warning", emptyColor: "danger", labelSize: "regular", showLabel: true
 (2ms)
    ✓ 
  value: 50, min: 0, max: 100, stepCount: 10, meterSize: "regular", fillColor: "warning", emptyColor: "danger", labelSize: "regular", showLabel: false
 (2ms)
    ✓ 
  value: 50, min: 0, max: 100, stepCount: 10, meterSize: "regular", fillColor: "warning", emptyColor: "danger", labelSize: "small", showLabel: true
 (1ms)
    ✓ 
  value: 50, min: 0, max: 100, stepCount: 10, meterSize: "regular", fillColor: "warning", emptyColor: "danger", labelSize: "small", showLabel: false
 (2ms)
    ✓ 
  value: 50, min: 0, max: 100, stepCount: 10, meterSize: "regular", fillColor: "warning", emptyColor: "alert", labelSize: "large", showLabel: true
 (1ms)
    ✓ 
  value: 50, min: 0, max: 100, stepCount: 10, meterSize: "regular", fillColor: "warning", emptyColor: "alert", labelSize: "large", showLabel: false
 (1ms)
    ✓ 
  value: 50, min: 0, max: 100, stepCount: 10, meterSize: "regular", fillColor: "warning", emptyColor: "alert", labelSize: "regular", showLabel: true
 (2ms)
    ✓ 
  value: 50, min: 0, max: 100, stepCount: 10, meterSize: "regular", fillColor: "warning", emptyColor: "alert", labelSize: "regular", showLabel: false
 (4ms)
    ✓ 
  value: 50, min: 0, max: 100, stepCount: 10, meterSize: "regular", fillColor: "warning", emptyColor: "alert", labelSize: "small", showLabel: true
 (3ms)
    ✓ 
  value: 50, min: 0, max: 100, stepCount: 10, meterSize: "regular", fillColor: "warning", emptyColor: "alert", labelSize: "small", showLabel: false
 (3ms)
    ✓ 
  value: 50, min: 0, max: 100, stepCount: 10, meterSize: "regular", fillColor: "alert", emptyColor: "danger", labelSize: "large", showLabel: true
 (1ms)
    ✓ 
  value: 50, min: 0, max: 100, stepCount: 10, meterSize: "regular", fillColor: "alert", emptyColor: "danger", labelSize: "large", showLabel: false
 (1ms)
    ✓ 
  value: 50, min: 0, max: 100, stepCount: 10, meterSize: "regular", fillColor: "alert", emptyColor: "danger", labelSize: "regular", showLabel: true
 (1ms)
    ✓ 
  value: 50, min: 0, max: 100, stepCount: 10, meterSize: "regular", fillColor: "alert", emptyColor: "danger", labelSize: "regular", showLabel: false
 (1ms)
    ✓ 
  value: 50, min: 0, max: 100, stepCount: 10, meterSize: "regular", fillColor: "alert", emptyColor: "danger", labelSize: "small", showLabel: true
 (2ms)
    ✓ 
  value: 50, min: 0, max: 100, stepCount: 10, meterSize: "regular", fillColor: "alert", emptyColor: "danger", labelSize: "small", showLabel: false
 (1ms)
    ✓ 
  value: 50, min: 0, max: 100, stepCount: 10, meterSize: "regular", fillColor: "alert", emptyColor: "alert", labelSize: "large", showLabel: true
 (2ms)
    ✓ 
  value: 50, min: 0, max: 100, stepCount: 10, meterSize: "regular", fillColor: "alert", emptyColor: "alert", labelSize: "large", showLabel: false
 (1ms)
    ✓ 
  value: 50, min: 0, max: 100, stepCount: 10, meterSize: "regular", fillColor: "alert", emptyColor: "alert", labelSize: "regular", showLabel: true
 (3ms)
    ✓ 
  value: 50, min: 0, max: 100, stepCount: 10, meterSize: "regular", fillColor: "alert", emptyColor: "alert", labelSize: "regular", showLabel: false
 (5ms)
    ✓ 
  value: 50, min: 0, max: 100, stepCount: 10, meterSize: "regular", fillColor: "alert", emptyColor: "alert", labelSize: "small", showLabel: true
 (4ms)
    ✓ 
  value: 50, min: 0, max: 100, stepCount: 10, meterSize: "regular", fillColor: "alert", emptyColor: "alert", labelSize: "small", showLabel: false
 (1ms)
    ✓ 
  value: 50, min: 0, max: 100, stepCount: 10, meterSize: "regular", fillColor: "info", emptyColor: "danger", labelSize: "large", showLabel: true
 (3ms)
    ✓ 
  value: 50, min: 0, max: 100, stepCount: 10, meterSize: "regular", fillColor: "info", emptyColor: "danger", labelSize: "large", showLabel: false
 (1ms)
    ✓ 
  value: 50, min: 0, max: 100, stepCount: 10, meterSize: "regular", fillColor: "info", emptyColor: "danger", labelSize: "regular", showLabel: true
 (1ms)
    ✓ 
  value: 50, min: 0, max: 100, stepCount: 10, meterSize: "regular", fillColor: "info", emptyColor: "danger", labelSize: "regular", showLabel: false
 (1ms)
    ✓ 
  value: 50, min: 0, max: 100, stepCount: 10, meterSize: "regular", fillColor: "info", emptyColor: "danger", labelSize: "small", showLabel: true
 (1ms)
    ✓ 
  value: 50, min: 0, max: 100, stepCount: 10, meterSize: "regular", fillColor: "info", emptyColor: "danger", labelSize: "small", showLabel: false
 (3ms)
    ✓ 
  value: 50, min: 0, max: 100, stepCount: 10, meterSize: "regular", fillColor: "info", emptyColor: "alert", labelSize: "large", showLabel: true
 (4ms)
    ✓ 
  value: 50, min: 0, max: 100, stepCount: 10, meterSize: "regular", fillColor: "info", emptyColor: "alert", labelSize: "large", showLabel: false
 (3ms)
    ✓ 
  value: 50, min: 0, max: 100, stepCount: 10, meterSize: "regular", fillColor: "info", emptyColor: "alert", labelSize: "regular", showLabel: true
 (2ms)
    ✓ 
  value: 50, min: 0, max: 100, stepCount: 10, meterSize: "regular", fillColor: "info", emptyColor: "alert", labelSize: "regular", showLabel: false
 (1ms)
    ✓ 
  value: 50, min: 0, max: 100, stepCount: 10, meterSize: "regular", fillColor: "info", emptyColor: "alert", labelSize: "small", showLabel: true
 (5ms)
    ✓ 
  value: 50, min: 0, max: 100, stepCount: 10, meterSize: "regular", fillColor: "info", emptyColor: "alert", labelSize: "small", showLabel: false
 (1ms)
    ✓ 
  value: 50, min: 0, max: 100, stepCount: 10, meterSize: "large", fillColor: "success", emptyColor: "danger", labelSize: "large", showLabel: true
 (1ms)
    ✓ 
  value: 50, min: 0, max: 100, stepCount: 10, meterSize: "large", fillColor: "success", emptyColor: "danger", labelSize: "large", showLabel: false
 (1ms)
    ✓ 
  value: 50, min: 0, max: 100, stepCount: 10, meterSize: "large", fillColor: "success", emptyColor: "danger", labelSize: "regular", showLabel: true
 (2ms)
    ✓ 
  value: 50, min: 0, max: 100, stepCount: 10, meterSize: "large", fillColor: "success", emptyColor: "danger", labelSize: "regular", showLabel: false
 (2ms)
    ✓ 
  value: 50, min: 0, max: 100, stepCount: 10, meterSize: "large", fillColor: "success", emptyColor: "danger", labelSize: "small", showLabel: true
 (2ms)
    ✓ 
  value: 50, min: 0, max: 100, stepCount: 10, meterSize: "large", fillColor: "success", emptyColor: "danger", labelSize: "small", showLabel: false
 (1ms)
    ✓ 
  value: 50, min: 0, max: 100, stepCount: 10, meterSize: "large", fillColor: "success", emptyColor: "alert", labelSize: "large", showLabel: true
 (1ms)
    ✓ 
  value: 50, min: 0, max: 100, stepCount: 10, meterSize: "large", fillColor: "success", emptyColor: "alert", labelSize: "large", showLabel: false
 (1ms)
    ✓ 
  value: 50, min: 0, max: 100, stepCount: 10, meterSize: "large", fillColor: "success", emptyColor: "alert", labelSize: "regular", showLabel: true
 (1ms)
    ✓ 
  value: 50, min: 0, max: 100, stepCount: 10, meterSize: "large", fillColor: "success", emptyColor: "alert", labelSize: "regular", showLabel: false

    ✓ 
  value: 50, min: 0, max: 100, stepCount: 10, meterSize: "large", fillColor: "success", emptyColor: "alert", labelSize: "small", showLabel: true
 (1ms)
    ✓ 
  value: 50, min: 0, max: 100, stepCount: 10, meterSize: "large", fillColor: "success", emptyColor: "alert", labelSize: "small", showLabel: false
 (4ms)
    ✓ 
  value: 50, min: 0, max: 100, stepCount: 10, meterSize: "large", fillColor: "warning", emptyColor: "danger", labelSize: "large", showLabel: true
 (2ms)
    ✓ 
  value: 50, min: 0, max: 100, stepCount: 10, meterSize: "large", fillColor: "warning", emptyColor: "danger", labelSize: "large", showLabel: false
 (2ms)
    ✓ 
  value: 50, min: 0, max: 100, stepCount: 10, meterSize: "large", fillColor: "warning", emptyColor: "danger", labelSize: "regular", showLabel: true
 (3ms)
    ✓ 
  value: 50, min: 0, max: 100, stepCount: 10, meterSize: "large", fillColor: "warning", emptyColor: "danger", labelSize: "regular", showLabel: false
 (2ms)
    ✓ 
  value: 50, min: 0, max: 100, stepCount: 10, meterSize: "large", fillColor: "warning", emptyColor: "danger", labelSize: "small", showLabel: true

    ✓ 
  value: 50, min: 0, max: 100, stepCount: 10, meterSize: "large", fillColor: "warning", emptyColor: "danger", labelSize: "small", showLabel: false
 (1ms)
    ✓ 
  value: 50, min: 0, max: 100, stepCount: 10, meterSize: "large", fillColor: "warning", emptyColor: "alert", labelSize: "large", showLabel: true
 (1ms)
    ✓ 
  value: 50, min: 0, max: 100, stepCount: 10, meterSize: "large", fillColor: "warning", emptyColor: "alert", labelSize: "large", showLabel: false
 (1ms)
    ✓ 
  value: 50, min: 0, max: 100, stepCount: 10, meterSize: "large", fillColor: "warning", emptyColor: "alert", labelSize: "regular", showLabel: true
 (4ms)
    ✓ 
  value: 50, min: 0, max: 100, stepCount: 10, meterSize: "large", fillColor: "warning", emptyColor: "alert", labelSize: "regular", showLabel: false
 (1ms)
    ✓ 
  value: 50, min: 0, max: 100, stepCount: 10, meterSize: "large", fillColor: "warning", emptyColor: "alert", labelSize: "small", showLabel: true
 (2ms)
    ✓ 
  value: 50, min: 0, max: 100, stepCount: 10, meterSize: "large", fillColor: "warning", emptyColor: "alert", labelSize: "small", showLabel: false
 (4ms)
    ✓ 
  value: 50, min: 0, max: 100, stepCount: 10, meterSize: "large", fillColor: "alert", emptyColor: "danger", labelSize: "large", showLabel: true
 (2ms)
    ✓ 
  value: 50, min: 0, max: 100, stepCount: 10, meterSize: "large", fillColor: "alert", emptyColor: "danger", labelSize: "large", showLabel: false
 (1ms)
    ✓ 
  value: 50, min: 0, max: 100, stepCount: 10, meterSize: "large", fillColor: "alert", emptyColor: "danger", labelSize: "regular", showLabel: true
 (1ms)
    ✓ 
  value: 50, min: 0, max: 100, stepCount: 10, meterSize: "large", fillColor: "alert", emptyColor: "danger", labelSize: "regular", showLabel: false
 (1ms)
    ✓ 
  value: 50, min: 0, max: 100, stepCount: 10, meterSize: "large", fillColor: "alert", emptyColor: "danger", labelSize: "small", showLabel: true
 (2ms)
    ✓ 
  value: 50, min: 0, max: 100, stepCount: 10, meterSize: "large", fillColor: "alert", emptyColor: "danger", labelSize: "small", showLabel: false
 (1ms)
    ✓ 
  value: 50, min: 0, max: 100, stepCount: 10, meterSize: "large", fillColor: "alert", emptyColor: "alert", labelSize: "large", showLabel: true
 (1ms)
    ✓ 
  value: 50, min: 0, max: 100, stepCount: 10, meterSize: "large", fillColor: "alert", emptyColor: "alert", labelSize: "large", showLabel: false
 (3ms)
    ✓ 
  value: 50, min: 0, max: 100, stepCount: 10, meterSize: "large", fillColor: "alert", emptyColor: "alert", labelSize: "regular", showLabel: true
 (1ms)
    ✓ 
  value: 50, min: 0, max: 100, stepCount: 10, meterSize: "large", fillColor: "alert", emptyColor: "alert", labelSize: "regular", showLabel: false
 (1ms)
    ✓ 
  value: 50, min: 0, max: 100, stepCount: 10, meterSize: "large", fillColor: "alert", emptyColor: "alert", labelSize: "small", showLabel: true
 (2ms)
    ✓ 
  value: 50, min: 0, max: 100, stepCount: 10, meterSize: "large", fillColor: "alert", emptyColor: "alert", labelSize: "small", showLabel: false

    ✓ 
  value: 50, min: 0, max: 100, stepCount: 10, meterSize: "large", fillColor: "info", emptyColor: "danger", labelSize: "large", showLabel: true
 (1ms)
    ✓ 
  value: 50, min: 0, max: 100, stepCount: 10, meterSize: "large", fillColor: "info", emptyColor: "danger", labelSize: "large", showLabel: false
 (1ms)
    ✓ 
  value: 50, min: 0, max: 100, stepCount: 10, meterSize: "large", fillColor: "info", emptyColor: "danger", labelSize: "regular", showLabel: true
 (1ms)
    ✓ 
  value: 50, min: 0, max: 100, stepCount: 10, meterSize: "large", fillColor: "info", emptyColor: "danger", labelSize: "regular", showLabel: false
 (3ms)
    ✓ 
  value: 50, min: 0, max: 100, stepCount: 10, meterSize: "large", fillColor: "info", emptyColor: "danger", labelSize: "small", showLabel: true
 (6ms)
    ✓ 
  value: 50, min: 0, max: 100, stepCount: 10, meterSize: "large", fillColor: "info", emptyColor: "danger", labelSize: "small", showLabel: false
 (3ms)
    ✓ 
  value: 50, min: 0, max: 100, stepCount: 10, meterSize: "large", fillColor: "info", emptyColor: "alert", labelSize: "large", showLabel: true
 (3ms)
    ✓ 
  value: 50, min: 0, max: 100, stepCount: 10, meterSize: "large", fillColor: "info", emptyColor: "alert", labelSize: "large", showLabel: false
 (2ms)
    ✓ 
  value: 50, min: 0, max: 100, stepCount: 10, meterSize: "large", fillColor: "info", emptyColor: "alert", labelSize: "regular", showLabel: true
 (1ms)
    ✓ 
  value: 50, min: 0, max: 100, stepCount: 10, meterSize: "large", fillColor: "info", emptyColor: "alert", labelSize: "regular", showLabel: false

    ✓ 
  value: 50, min: 0, max: 100, stepCount: 10, meterSize: "large", fillColor: "info", emptyColor: "alert", labelSize: "small", showLabel: true
 (3ms)
    ✓ 
  value: 50, min: 0, max: 100, stepCount: 10, meterSize: "large", fillColor: "info", emptyColor: "alert", labelSize: "small", showLabel: false
 (2ms)
    ✓ 
  value: 50, min: 0, max: 100, stepCount: 10, meterSize: "small", fillColor: "success", emptyColor: "danger", labelSize: "large", showLabel: true
 (1ms)
    ✓ 
  value: 50, min: 0, max: 100, stepCount: 10, meterSize: "small", fillColor: "success", emptyColor: "danger", labelSize: "large", showLabel: false

    ✓ 
  value: 50, min: 0, max: 100, stepCount: 10, meterSize: "small", fillColor: "success", emptyColor: "danger", labelSize: "regular", showLabel: true
 (1ms)
    ✓ 
  value: 50, min: 0, max: 100, stepCount: 10, meterSize: "small", fillColor: "success", emptyColor: "danger", labelSize: "regular", showLabel: false
 (1ms)
    ✓ 
  value: 50, min: 0, max: 100, stepCount: 10, meterSize: "small", fillColor: "success", emptyColor: "danger", labelSize: "small", showLabel: true
 (1ms)
    ✓ 
  value: 50, min: 0, max: 100, stepCount: 10, meterSize: "small", fillColor: "success", emptyColor: "danger", labelSize: "small", showLabel: false

    ✓ 
  value: 50, min: 0, max: 100, stepCount: 10, meterSize: "small", fillColor: "success", emptyColor: "alert", labelSize: "large", showLabel: true
 (1ms)
    ✓ 
  value: 50, min: 0, max: 100, stepCount: 10, meterSize: "small", fillColor: "success", emptyColor: "alert", labelSize: "large", showLabel: false
 (3ms)
    ✓ 
  value: 50, min: 0, max: 100, stepCount: 10, meterSize: "small", fillColor: "success", emptyColor: "alert", labelSize: "regular", showLabel: true
 (4ms)
    ✓ 
  value: 50, min: 0, max: 100, stepCount: 10, meterSize: "small", fillColor: "success", emptyColor: "alert", labelSize: "regular", showLabel: false
 (2ms)
    ✓ 
  value: 50, min: 0, max: 100, stepCount: 10, meterSize: "small", fillColor: "success", emptyColor: "alert", labelSize: "small", showLabel: true
 (2ms)
    ✓ 
  value: 50, min: 0, max: 100, stepCount: 10, meterSize: "small", fillColor: "success", emptyColor: "alert", labelSize: "small", showLabel: false
 (1ms)
    ✓ 
  value: 50, min: 0, max: 100, stepCount: 10, meterSize: "small", fillColor: "warning", emptyColor: "danger", labelSize: "large", showLabel: true
 (4ms)
    ✓ 
  value: 50, min: 0, max: 100, stepCount: 10, meterSize: "small", fillColor: "warning", emptyColor: "danger", labelSize: "large", showLabel: false
 (5ms)
    ✓ 
  value: 50, min: 0, max: 100, stepCount: 10, meterSize: "small", fillColor: "warning", emptyColor: "danger", labelSize: "regular", showLabel: true
 (1ms)
    ✓ 
  value: 50, min: 0, max: 100, stepCount: 10, meterSize: "small", fillColor: "warning", emptyColor: "danger", labelSize: "regular", showLabel: false

    ✓ 
  value: 50, min: 0, max: 100, stepCount: 10, meterSize: "small", fillColor: "warning", emptyColor: "danger", labelSize: "small", showLabel: true
 (1ms)
    ✓ 
  value: 50, min: 0, max: 100, stepCount: 10, meterSize: "small", fillColor: "warning", emptyColor: "danger", labelSize: "small", showLabel: false
 (1ms)
    ✓ 
  value: 50, min: 0, max: 100, stepCount: 10, meterSize: "small", fillColor: "warning", emptyColor: "alert", labelSize: "large", showLabel: true
 (4ms)
    ✓ 
  value: 50, min: 0, max: 100, stepCount: 10, meterSize: "small", fillColor: "warning", emptyColor: "alert", labelSize: "large", showLabel: false
 (3ms)
    ✓ 
  value: 50, min: 0, max: 100, stepCount: 10, meterSize: "small", fillColor: "warning", emptyColor: "alert", labelSize: "regular", showLabel: true
 (6ms)
    ✓ 
  value: 50, min: 0, max: 100, stepCount: 10, meterSize: "small", fillColor: "warning", emptyColor: "alert", labelSize: "regular", showLabel: false
 (1ms)
    ✓ 
  value: 50, min: 0, max: 100, stepCount: 10, meterSize: "small", fillColor: "warning", emptyColor: "alert", labelSize: "small", showLabel: true
 (5ms)
    ✓ 
  value: 50, min: 0, max: 100, stepCount: 10, meterSize: "small", fillColor: "warning", emptyColor: "alert", labelSize: "small", showLabel: false
 (1ms)
    ✓ 
  value: 50, min: 0, max: 100, stepCount: 10, meterSize: "small", fillColor: "alert", emptyColor: "danger", labelSize: "large", showLabel: true
 (5ms)
    ✓ 
  value: 50, min: 0, max: 100, stepCount: 10, meterSize: "small", fillColor: "alert", emptyColor: "danger", labelSize: "large", showLabel: false
 (5ms)
    ✓ 
  value: 50, min: 0, max: 100, stepCount: 10, meterSize: "small", fillColor: "alert", emptyColor: "danger", labelSize: "regular", showLabel: true
 (4ms)
    ✓ 
  value: 50, min: 0, max: 100, stepCount: 10, meterSize: "small", fillColor: "alert", emptyColor: "danger", labelSize: "regular", showLabel: false
 (2ms)
    ✓ 
  value: 50, min: 0, max: 100, stepCount: 10, meterSize: "small", fillColor: "alert", emptyColor: "danger", labelSize: "small", showLabel: true
 (3ms)
    ✓ 
  value: 50, min: 0, max: 100, stepCount: 10, meterSize: "small", fillColor: "alert", emptyColor: "danger", labelSize: "small", showLabel: false
 (2ms)
    ✓ 
  value: 50, min: 0, max: 100, stepCount: 10, meterSize: "small", fillColor: "alert", emptyColor: "alert", labelSize: "large", showLabel: true
 (3ms)
    ✓ 
  value: 50, min: 0, max: 100, stepCount: 10, meterSize: "small", fillColor: "alert", emptyColor: "alert", labelSize: "large", showLabel: false
 (2ms)
    ✓ 
  value: 50, min: 0, max: 100, stepCount: 10, meterSize: "small", fillColor: "alert", emptyColor: "alert", labelSize: "regular", showLabel: true
 (5ms)
    ✓ 
  value: 50, min: 0, max: 100, stepCount: 10, meterSize: "small", fillColor: "alert", emptyColor: "alert", labelSize: "regular", showLabel: false
 (4ms)
    ✓ 
  value: 50, min: 0, max: 100, stepCount: 10, meterSize: "small", fillColor: "alert", emptyColor: "alert", labelSize: "small", showLabel: true
 (3ms)
    ✓ 
  value: 50, min: 0, max: 100, stepCount: 10, meterSize: "small", fillColor: "alert", emptyColor: "alert", labelSize: "small", showLabel: false
 (4ms)
    ✓ 
  value: 50, min: 0, max: 100, stepCount: 10, meterSize: "small", fillColor: "info", emptyColor: "danger", labelSize: "large", showLabel: true
 (2ms)
    ✓ 
  value: 50, min: 0, max: 100, stepCount: 10, meterSize: "small", fillColor: "info", emptyColor: "danger", labelSize: "large", showLabel: false
 (2ms)
    ✓ 
  value: 50, min: 0, max: 100, stepCount: 10, meterSize: "small", fillColor: "info", emptyColor: "danger", labelSize: "regular", showLabel: true
 (2ms)
    ✓ 
  value: 50, min: 0, max: 100, stepCount: 10, meterSize: "small", fillColor: "info", emptyColor: "danger", labelSize: "regular", showLabel: false
 (2ms)
    ✓ 
  value: 50, min: 0, max: 100, stepCount: 10, meterSize: "small", fillColor: "info", emptyColor: "danger", labelSize: "small", showLabel: true
 (3ms)
    ✓ 
  value: 50, min: 0, max: 100, stepCount: 10, meterSize: "small", fillColor: "info", emptyColor: "danger", labelSize: "small", showLabel: false
 (2ms)
    ✓ 
  value: 50, min: 0, max: 100, stepCount: 10, meterSize: "small", fillColor: "info", emptyColor: "alert", labelSize: "large", showLabel: true
 (3ms)
    ✓ 
  value: 50, min: 0, max: 100, stepCount: 10, meterSize: "small", fillColor: "info", emptyColor: "alert", labelSize: "large", showLabel: false
 (3ms)
    ✓ 
  value: 50, min: 0, max: 100, stepCount: 10, meterSize: "small", fillColor: "info", emptyColor: "alert", labelSize: "regular", showLabel: true
 (3ms)
    ✓ 
  value: 50, min: 0, max: 100, stepCount: 10, meterSize: "small", fillColor: "info", emptyColor: "alert", labelSize: "regular", showLabel: false
 (2ms)
    ✓ 
  value: 50, min: 0, max: 100, stepCount: 10, meterSize: "small", fillColor: "info", emptyColor: "alert", labelSize: "small", showLabel: true
 (2ms)
    ✓ 
  value: 50, min: 0, max: 100, stepCount: 10, meterSize: "small", fillColor: "info", emptyColor: "alert", labelSize: "small", showLabel: false
 (3ms)
    ✓ 
  value: 50, min: 0, max: 100, stepCount: 5, meterSize: "regular", fillColor: "success", emptyColor: "danger", labelSize: "large", showLabel: true
 (1ms)
    ✓ 
  value: 50, min: 0, max: 100, stepCount: 5, meterSize: "regular", fillColor: "success", emptyColor: "danger", labelSize: "large", showLabel: false
 (2ms)
    ✓ 
  value: 50, min: 0, max: 100, stepCount: 5, meterSize: "regular", fillColor: "success", emptyColor: "danger", labelSize: "regular", showLabel: true
 (2ms)
    ✓ 
  value: 50, min: 0, max: 100, stepCount: 5, meterSize: "regular", fillColor: "success", emptyColor: "danger", labelSize: "regular", showLabel: false
 (1ms)
    ✓ 
  value: 50, min: 0, max: 100, stepCount: 5, meterSize: "regular", fillColor: "success", emptyColor: "danger", labelSize: "small", showLabel: true
 (1ms)
    ✓ 
  value: 50, min: 0, max: 100, stepCount: 5, meterSize: "regular", fillColor: "success", emptyColor: "danger", labelSize: "small", showLabel: false
 (2ms)
    ✓ 
  value: 50, min: 0, max: 100, stepCount: 5, meterSize: "regular", fillColor: "success", emptyColor: "alert", labelSize: "large", showLabel: true
 (3ms)
    ✓ 
  value: 50, min: 0, max: 100, stepCount: 5, meterSize: "regular", fillColor: "success", emptyColor: "alert", labelSize: "large", showLabel: false
 (2ms)
    ✓ 
  value: 50, min: 0, max: 100, stepCount: 5, meterSize: "regular", fillColor: "success", emptyColor: "alert", labelSize: "regular", showLabel: true
 (2ms)
    ✓ 
  value: 50, min: 0, max: 100, stepCount: 5, meterSize: "regular", fillColor: "success", emptyColor: "alert", labelSize: "regular", showLabel: false
 (1ms)
    ✓ 
  value: 50, min: 0, max: 100, stepCount: 5, meterSize: "regular", fillColor: "success", emptyColor: "alert", labelSize: "small", showLabel: true

    ✓ 
  value: 50, min: 0, max: 100, stepCount: 5, meterSize: "regular", fillColor: "success", emptyColor: "alert", labelSize: "small", showLabel: false
 (1ms)
    ✓ 
  value: 50, min: 0, max: 100, stepCount: 5, meterSize: "regular", fillColor: "warning", emptyColor: "danger", labelSize: "large", showLabel: true
 (2ms)
    ✓ 
  value: 50, min: 0, max: 100, stepCount: 5, meterSize: "regular", fillColor: "warning", emptyColor: "danger", labelSize: "large", showLabel: false
 (1ms)
    ✓ 
  value: 50, min: 0, max: 100, stepCount: 5, meterSize: "regular", fillColor: "warning", emptyColor: "danger", labelSize: "regular", showLabel: true
 (1ms)
    ✓ 
  value: 50, min: 0, max: 100, stepCount: 5, meterSize: "regular", fillColor: "warning", emptyColor: "danger", labelSize: "regular", showLabel: false

    ✓ 
  value: 50, min: 0, max: 100, stepCount: 5, meterSize: "regular", fillColor: "warning", emptyColor: "danger", labelSize: "small", showLabel: true
 (1ms)
    ✓ 
  value: 50, min: 0, max: 100, stepCount: 5, meterSize: "regular", fillColor: "warning", emptyColor: "danger", labelSize: "small", showLabel: false
 (2ms)
    ✓ 
  value: 50, min: 0, max: 100, stepCount: 5, meterSize: "regular", fillColor: "warning", emptyColor: "alert", labelSize: "large", showLabel: true
 (3ms)
    ✓ 
  value: 50, min: 0, max: 100, stepCount: 5, meterSize: "regular", fillColor: "warning", emptyColor: "alert", labelSize: "large", showLabel: false
 (3ms)
    ✓ 
  value: 50, min: 0, max: 100, stepCount: 5, meterSize: "regular", fillColor: "warning", emptyColor: "alert", labelSize: "regular", showLabel: true
 (2ms)
    ✓ 
  value: 50, min: 0, max: 100, stepCount: 5, meterSize: "regular", fillColor: "warning", emptyColor: "alert", labelSize: "regular", showLabel: false
 (1ms)
    ✓ 
  value: 50, min: 0, max: 100, stepCount: 5, meterSize: "regular", fillColor: "warning", emptyColor: "alert", labelSize: "small", showLabel: true
 (2ms)
    ✓ 
  value: 50, min: 0, max: 100, stepCount: 5, meterSize: "regular", fillColor: "warning", emptyColor: "alert", labelSize: "small", showLabel: false
 (1ms)
    ✓ 
  value: 50, min: 0, max: 100, stepCount: 5, meterSize: "regular", fillColor: "alert", emptyColor: "danger", labelSize: "large", showLabel: true
 (2ms)
    ✓ 
  value: 50, min: 0, max: 100, stepCount: 5, meterSize: "regular", fillColor: "alert", emptyColor: "danger", labelSize: "large", showLabel: false
 (1ms)
    ✓ 
  value: 50, min: 0, max: 100, stepCount: 5, meterSize: "regular", fillColor: "alert", emptyColor: "danger", labelSize: "regular", showLabel: true
 (1ms)
    ✓ 
  value: 50, min: 0, max: 100, stepCount: 5, meterSize: "regular", fillColor: "alert", emptyColor: "danger", labelSize: "regular", showLabel: false
 (3ms)
    ✓ 
  value: 50, min: 0, max: 100, stepCount: 5, meterSize: "regular", fillColor: "alert", emptyColor: "danger", labelSize: "small", showLabel: true
 (2ms)
    ✓ 
  value: 50, min: 0, max: 100, stepCount: 5, meterSize: "regular", fillColor: "alert", emptyColor: "danger", labelSize: "small", showLabel: false
 (2ms)
    ✓ 
  value: 50, min: 0, max: 100, stepCount: 5, meterSize: "regular", fillColor: "alert", emptyColor: "alert", labelSize: "large", showLabel: true
 (2ms)
    ✓ 
  value: 50, min: 0, max: 100, stepCount: 5, meterSize: "regular", fillColor: "alert", emptyColor: "alert", labelSize: "large", showLabel: false
 (3ms)
    ✓ 
  value: 50, min: 0, max: 100, stepCount: 5, meterSize: "regular", fillColor: "alert", emptyColor: "alert", labelSize: "regular", showLabel: true
 (2ms)
    ✓ 
  value: 50, min: 0, max: 100, stepCount: 5, meterSize: "regular", fillColor: "alert", emptyColor: "alert", labelSize: "regular", showLabel: false
 (2ms)
    ✓ 
  value: 50, min: 0, max: 100, stepCount: 5, meterSize: "regular", fillColor: "alert", emptyColor: "alert", labelSize: "small", showLabel: true
 (2ms)
    ✓ 
  value: 50, min: 0, max: 100, stepCount: 5, meterSize: "regular", fillColor: "alert", emptyColor: "alert", labelSize: "small", showLabel: false
 (1ms)
    ✓ 
  value: 50, min: 0, max: 100, stepCount: 5, meterSize: "regular", fillColor: "info", emptyColor: "danger", labelSize: "large", showLabel: true
 (3ms)
    ✓ 
  value: 50, min: 0, max: 100, stepCount: 5, meterSize: "regular", fillColor: "info", emptyColor: "danger", labelSize: "large", showLabel: false
 (2ms)
    ✓ 
  value: 50, min: 0, max: 100, stepCount: 5, meterSize: "regular", fillColor: "info", emptyColor: "danger", labelSize: "regular", showLabel: true
 (2ms)
    ✓ 
  value: 50, min: 0, max: 100, stepCount: 5, meterSize: "regular", fillColor: "info", emptyColor: "danger", labelSize: "regular", showLabel: false
 (1ms)
    ✓ 
  value: 50, min: 0, max: 100, stepCount: 5, meterSize: "regular", fillColor: "info", emptyColor: "danger", labelSize: "small", showLabel: true
 (2ms)
    ✓ 
  value: 50, min: 0, max: 100, stepCount: 5, meterSize: "regular", fillColor: "info", emptyColor: "danger", labelSize: "small", showLabel: false
 (1ms)
    ✓ 
  value: 50, min: 0, max: 100, stepCount: 5, meterSize: "regular", fillColor: "info", emptyColor: "alert", labelSize: "large", showLabel: true
 (2ms)
    ✓ 
  value: 50, min: 0, max: 100, stepCount: 5, meterSize: "regular", fillColor: "info", emptyColor: "alert", labelSize: "large", showLabel: false
 (2ms)
    ✓ 
  value: 50, min: 0, max: 100, stepCount: 5, meterSize: "regular", fillColor: "info", emptyColor: "alert", labelSize: "regular", showLabel: true
 (3ms)
    ✓ 
  value: 50, min: 0, max: 100, stepCount: 5, meterSize: "regular", fillColor: "info", emptyColor: "alert", labelSize: "regular", showLabel: false
 (5ms)
    ✓ 
  value: 50, min: 0, max: 100, stepCount: 5, meterSize: "regular", fillColor: "info", emptyColor: "alert", labelSize: "small", showLabel: true
 (2ms)
    ✓ 
  value: 50, min: 0, max: 100, stepCount: 5, meterSize: "regular", fillColor: "info", emptyColor: "alert", labelSize: "small", showLabel: false
 (2ms)
    ✓ 
  value: 50, min: 0, max: 100, stepCount: 5, meterSize: "large", fillColor: "success", emptyColor: "danger", labelSize: "large", showLabel: true
 (1ms)
    ✓ 
  value: 50, min: 0, max: 100, stepCount: 5, meterSize: "large", fillColor: "success", emptyColor: "danger", labelSize: "large", showLabel: false
 (2ms)
    ✓ 
  value: 50, min: 0, max: 100, stepCount: 5, meterSize: "large", fillColor: "success", emptyColor: "danger", labelSize: "regular", showLabel: true

    ✓ 
  value: 50, min: 0, max: 100, stepCount: 5, meterSize: "large", fillColor: "success", emptyColor: "danger", labelSize: "regular", showLabel: false
 (2ms)
    ✓ 
  value: 50, min: 0, max: 100, stepCount: 5, meterSize: "large", fillColor: "success", emptyColor: "danger", labelSize: "small", showLabel: true
 (3ms)
    ✓ 
  value: 50, min: 0, max: 100, stepCount: 5, meterSize: "large", fillColor: "success", emptyColor: "danger", labelSize: "small", showLabel: false
 (2ms)
    ✓ 
  value: 50, min: 0, max: 100, stepCount: 5, meterSize: "large", fillColor: "success", emptyColor: "alert", labelSize: "large", showLabel: true
 (2ms)
    ✓ 
  value: 50, min: 0, max: 100, stepCount: 5, meterSize: "large", fillColor: "success", emptyColor: "alert", labelSize: "large", showLabel: false
 (1ms)
    ✓ 
  value: 50, min: 0, max: 100, stepCount: 5, meterSize: "large", fillColor: "success", emptyColor: "alert", labelSize: "regular", showLabel: true
 (3ms)
    ✓ 
  value: 50, min: 0, max: 100, stepCount: 5, meterSize: "large", fillColor: "success", emptyColor: "alert", labelSize: "regular", showLabel: false
 (2ms)
    ✓ 
  value: 50, min: 0, max: 100, stepCount: 5, meterSize: "large", fillColor: "success", emptyColor: "alert", labelSize: "small", showLabel: true
 (2ms)
    ✓ 
  value: 50, min: 0, max: 100, stepCount: 5, meterSize: "large", fillColor: "success", emptyColor: "alert", labelSize: "small", showLabel: false
 (1ms)
    ✓ 
  value: 50, min: 0, max: 100, stepCount: 5, meterSize: "large", fillColor: "warning", emptyColor: "danger", labelSize: "large", showLabel: true
 (3ms)
    ✓ 
  value: 50, min: 0, max: 100, stepCount: 5, meterSize: "large", fillColor: "warning", emptyColor: "danger", labelSize: "large", showLabel: false
 (1ms)
    ✓ 
  value: 50, min: 0, max: 100, stepCount: 5, meterSize: "large", fillColor: "warning", emptyColor: "danger", labelSize: "regular", showLabel: true

    ✓ 
  value: 50, min: 0, max: 100, stepCount: 5, meterSize: "large", fillColor: "warning", emptyColor: "danger", labelSize: "regular", showLabel: false
 (2ms)
    ✓ 
  value: 50, min: 0, max: 100, stepCount: 5, meterSize: "large", fillColor: "warning", emptyColor: "danger", labelSize: "small", showLabel: true
 (6ms)
    ✓ 
  value: 50, min: 0, max: 100, stepCount: 5, meterSize: "large", fillColor: "warning", emptyColor: "danger", labelSize: "small", showLabel: false
 (2ms)
    ✓ 
  value: 50, min: 0, max: 100, stepCount: 5, meterSize: "large", fillColor: "warning", emptyColor: "alert", labelSize: "large", showLabel: true
 (2ms)
    ✓ 
  value: 50, min: 0, max: 100, stepCount: 5, meterSize: "large", fillColor: "warning", emptyColor: "alert", labelSize: "large", showLabel: false
 (2ms)
    ✓ 
  value: 50, min: 0, max: 100, stepCount: 5, meterSize: "large", fillColor: "warning", emptyColor: "alert", labelSize: "regular", showLabel: true

    ✓ 
  value: 50, min: 0, max: 100, stepCount: 5, meterSize: "large", fillColor: "warning", emptyColor: "alert", labelSize: "regular", showLabel: false
 (2ms)
    ✓ 
  value: 50, min: 0, max: 100, stepCount: 5, meterSize: "large", fillColor: "warning", emptyColor: "alert", labelSize: "small", showLabel: true
 (2ms)
    ✓ 
  value: 50, min: 0, max: 100, stepCount: 5, meterSize: "large", fillColor: "warning", emptyColor: "alert", labelSize: "small", showLabel: false
 (3ms)
    ✓ 
  value: 50, min: 0, max: 100, stepCount: 5, meterSize: "large", fillColor: "alert", emptyColor: "danger", labelSize: "large", showLabel: true
 (2ms)
    ✓ 
  value: 50, min: 0, max: 100, stepCount: 5, meterSize: "large", fillColor: "alert", emptyColor: "danger", labelSize: "large", showLabel: false

    ✓ 
  value: 50, min: 0, max: 100, stepCount: 5, meterSize: "large", fillColor: "alert", emptyColor: "danger", labelSize: "regular", showLabel: true

    ✓ 
  value: 50, min: 0, max: 100, stepCount: 5, meterSize: "large", fillColor: "alert", emptyColor: "danger", labelSize: "regular", showLabel: false
 (1ms)
    ✓ 
  value: 50, min: 0, max: 100, stepCount: 5, meterSize: "large", fillColor: "alert", emptyColor: "danger", labelSize: "small", showLabel: true
 (1ms)
    ✓ 
  value: 50, min: 0, max: 100, stepCount: 5, meterSize: "large", fillColor: "alert", emptyColor: "danger", labelSize: "small", showLabel: false
 (2ms)
    ✓ 
  value: 50, min: 0, max: 100, stepCount: 5, meterSize: "large", fillColor: "alert", emptyColor: "alert", labelSize: "large", showLabel: true
 (2ms)
    ✓ 
  value: 50, min: 0, max: 100, stepCount: 5, meterSize: "large", fillColor: "alert", emptyColor: "alert", labelSize: "large", showLabel: false
 (1ms)
    ✓ 
  value: 50, min: 0, max: 100, stepCount: 5, meterSize: "large", fillColor: "alert", emptyColor: "alert", labelSize: "regular", showLabel: true
 (3ms)
    ✓ 
  value: 50, min: 0, max: 100, stepCount: 5, meterSize: "large", fillColor: "alert", emptyColor: "alert", labelSize: "regular", showLabel: false
 (4ms)
    ✓ 
  value: 50, min: 0, max: 100, stepCount: 5, meterSize: "large", fillColor: "alert", emptyColor: "alert", labelSize: "small", showLabel: true
 (2ms)
    ✓ 
  value: 50, min: 0, max: 100, stepCount: 5, meterSize: "large", fillColor: "alert", emptyColor: "alert", labelSize: "small", showLabel: false
 (2ms)
    ✓ 
  value: 50, min: 0, max: 100, stepCount: 5, meterSize: "large", fillColor: "info", emptyColor: "danger", labelSize: "large", showLabel: true
 (1ms)
    ✓ 
  value: 50, min: 0, max: 100, stepCount: 5, meterSize: "large", fillColor: "info", emptyColor: "danger", labelSize: "large", showLabel: false
 (2ms)
    ✓ 
  value: 50, min: 0, max: 100, stepCount: 5, meterSize: "large", fillColor: "info", emptyColor: "danger", labelSize: "regular", showLabel: true
 (1ms)
    ✓ 
  value: 50, min: 0, max: 100, stepCount: 5, meterSize: "large", fillColor: "info", emptyColor: "danger", labelSize: "regular", showLabel: false

    ✓ 
  value: 50, min: 0, max: 100, stepCount: 5, meterSize: "large", fillColor: "info", emptyColor: "danger", labelSize: "small", showLabel: true

    ✓ 
  value: 50, min: 0, max: 100, stepCount: 5, meterSize: "large", fillColor: "info", emptyColor: "danger", labelSize: "small", showLabel: false
 (2ms)
    ✓ 
  value: 50, min: 0, max: 100, stepCount: 5, meterSize: "large", fillColor: "info", emptyColor: "alert", labelSize: "large", showLabel: true
 (1ms)
    ✓ 
  value: 50, min: 0, max: 100, stepCount: 5, meterSize: "large", fillColor: "info", emptyColor: "alert", labelSize: "large", showLabel: false
 (1ms)
    ✓ 
  value: 50, min: 0, max: 100, stepCount: 5, meterSize: "large", fillColor: "info", emptyColor: "alert", labelSize: "regular", showLabel: true
 (3ms)
    ✓ 
  value: 50, min: 0, max: 100, stepCount: 5, meterSize: "large", fillColor: "info", emptyColor: "alert", labelSize: "regular", showLabel: false
 (1ms)
    ✓ 
  value: 50, min: 0, max: 100, stepCount: 5, meterSize: "large", fillColor: "info", emptyColor: "alert", labelSize: "small", showLabel: true

    ✓ 
  value: 50, min: 0, max: 100, stepCount: 5, meterSize: "large", fillColor: "info", emptyColor: "alert", labelSize: "small", showLabel: false
 (1ms)
    ✓ 
  value: 50, min: 0, max: 100, stepCount: 5, meterSize: "small", fillColor: "success", emptyColor: "danger", labelSize: "large", showLabel: true

    ✓ 
  value: 50, min: 0, max: 100, stepCount: 5, meterSize: "small", fillColor: "success", emptyColor: "danger", labelSize: "large", showLabel: false
 (1ms)
    ✓ 
  value: 50, min: 0, max: 100, stepCount: 5, meterSize: "small", fillColor: "success", emptyColor: "danger", labelSize: "regular", showLabel: true
 (1ms)
    ✓ 
  value: 50, min: 0, max: 100, stepCount: 5, meterSize: "small", fillColor: "success", emptyColor: "danger", labelSize: "regular", showLabel: false
 (2ms)
    ✓ 
  value: 50, min: 0, max: 100, stepCount: 5, meterSize: "small", fillColor: "success", emptyColor: "danger", labelSize: "small", showLabel: true
 (3ms)
    ✓ 
  value: 50, min: 0, max: 100, stepCount: 5, meterSize: "small", fillColor: "success", emptyColor: "danger", labelSize: "small", showLabel: false
 (1ms)
    ✓ 
  value: 50, min: 0, max: 100, stepCount: 5, meterSize: "small", fillColor: "success", emptyColor: "alert", labelSize: "large", showLabel: true
 (3ms)
    ✓ 
  value: 50, min: 0, max: 100, stepCount: 5, meterSize: "small", fillColor: "success", emptyColor: "alert", labelSize: "large", showLabel: false
 (3ms)
    ✓ 
  value: 50, min: 0, max: 100, stepCount: 5, meterSize: "small", fillColor: "success", emptyColor: "alert", labelSize: "regular", showLabel: true
 (3ms)
    ✓ 
  value: 50, min: 0, max: 100, stepCount: 5, meterSize: "small", fillColor: "success", emptyColor: "alert", labelSize: "regular", showLabel: false

    ✓ 
  value: 50, min: 0, max: 100, stepCount: 5, meterSize: "small", fillColor: "success", emptyColor: "alert", labelSize: "small", showLabel: true
 (1ms)
    ✓ 
  value: 50, min: 0, max: 100, stepCount: 5, meterSize: "small", fillColor: "success", emptyColor: "alert", labelSize: "small", showLabel: false
 (2ms)
    ✓ 
  value: 50, min: 0, max: 100, stepCount: 5, meterSize: "small", fillColor: "warning", emptyColor: "danger", labelSize: "large", showLabel: true
 (2ms)
    ✓ 
  value: 50, min: 0, max: 100, stepCount: 5, meterSize: "small", fillColor: "warning", emptyColor: "danger", labelSize: "large", showLabel: false
 (1ms)
    ✓ 
  value: 50, min: 0, max: 100, stepCount: 5, meterSize: "small", fillColor: "warning", emptyColor: "danger", labelSize: "regular", showLabel: true
 (2ms)
    ✓ 
  value: 50, min: 0, max: 100, stepCount: 5, meterSize: "small", fillColor: "warning", emptyColor: "danger", labelSize: "regular", showLabel: false

    ✓ 
  value: 50, min: 0, max: 100, stepCount: 5, meterSize: "small", fillColor: "warning", emptyColor: "danger", labelSize: "small", showLabel: true
 (2ms)
    ✓ 
  value: 50, min: 0, max: 100, stepCount: 5, meterSize: "small", fillColor: "warning", emptyColor: "danger", labelSize: "small", showLabel: false
 (2ms)
    ✓ 
  value: 50, min: 0, max: 100, stepCount: 5, meterSize: "small", fillColor: "warning", emptyColor: "alert", labelSize: "large", showLabel: true
 (2ms)
    ✓ 
  value: 50, min: 0, max: 100, stepCount: 5, meterSize: "small", fillColor: "warning", emptyColor: "alert", labelSize: "large", showLabel: false
 (1ms)
    ✓ 
  value: 50, min: 0, max: 100, stepCount: 5, meterSize: "small", fillColor: "warning", emptyColor: "alert", labelSize: "regular", showLabel: true
 (3ms)
    ✓ 
  value: 50, min: 0, max: 100, stepCount: 5, meterSize: "small", fillColor: "warning", emptyColor: "alert", labelSize: "regular", showLabel: false
 (1ms)
    ✓ 
  value: 50, min: 0, max: 100, stepCount: 5, meterSize: "small", fillColor: "warning", emptyColor: "alert", labelSize: "small", showLabel: true
 (1ms)
    ✓ 
  value: 50, min: 0, max: 100, stepCount: 5, meterSize: "small", fillColor: "warning", emptyColor: "alert", labelSize: "small", showLabel: false
 (1ms)
    ✓ 
  value: 50, min: 0, max: 100, stepCount: 5, meterSize: "small", fillColor: "alert", emptyColor: "danger", labelSize: "large", showLabel: true
 (1ms)
    ✓ 
  value: 50, min: 0, max: 100, stepCount: 5, meterSize: "small", fillColor: "alert", emptyColor: "danger", labelSize: "large", showLabel: false

    ✓ 
  value: 50, min: 0, max: 100, stepCount: 5, meterSize: "small", fillColor: "alert", emptyColor: "danger", labelSize: "regular", showLabel: true
 (1ms)
    ✓ 
  value: 50, min: 0, max: 100, stepCount: 5, meterSize: "small", fillColor: "alert", emptyColor: "danger", labelSize: "regular", showLabel: false
 (1ms)
    ✓ 
  value: 50, min: 0, max: 100, stepCount: 5, meterSize: "small", fillColor: "alert", emptyColor: "danger", labelSize: "small", showLabel: true
 (2ms)
    ✓ 
  value: 50, min: 0, max: 100, stepCount: 5, meterSize: "small", fillColor: "alert", emptyColor: "danger", labelSize: "small", showLabel: false
 (2ms)
    ✓ 
  value: 50, min: 0, max: 100, stepCount: 5, meterSize: "small", fillColor: "alert", emptyColor: "alert", labelSize: "large", showLabel: true
 (2ms)
    ✓ 
  value: 50, min: 0, max: 100, stepCount: 5, meterSize: "small", fillColor: "alert", emptyColor: "alert", labelSize: "large", showLabel: false
 (2ms)
    ✓ 
  value: 50, min: 0, max: 100, stepCount: 5, meterSize: "small", fillColor: "alert", emptyColor: "alert", labelSize: "regular", showLabel: true
 (2ms)
    ✓ 
  value: 50, min: 0, max: 100, stepCount: 5, meterSize: "small", fillColor: "alert", emptyColor: "alert", labelSize: "regular", showLabel: false
 (1ms)
    ✓ 
  value: 50, min: 0, max: 100, stepCount: 5, meterSize: "small", fillColor: "alert", emptyColor: "alert", labelSize: "small", showLabel: true
 (1ms)
    ✓ 
  value: 50, min: 0, max: 100, stepCount: 5, meterSize: "small", fillColor: "alert", emptyColor: "alert", labelSize: "small", showLabel: false
 (1ms)
    ✓ 
  value: 50, min: 0, max: 100, stepCount: 5, meterSize: "small", fillColor: "info", emptyColor: "danger", labelSize: "large", showLabel: true

    ✓ 
  value: 50, min: 0, max: 100, stepCount: 5, meterSize: "small", fillColor: "info", emptyColor: "danger", labelSize: "large", showLabel: false
 (1ms)
    ✓ 
  value: 50, min: 0, max: 100, stepCount: 5, meterSize: "small", fillColor: "info", emptyColor: "danger", labelSize: "regular", showLabel: true
 (1ms)
    ✓ 
  value: 50, min: 0, max: 100, stepCount: 5, meterSize: "small", fillColor: "info", emptyColor: "danger", labelSize: "regular", showLabel: false
 (2ms)
    ✓ 
  value: 50, min: 0, max: 100, stepCount: 5, meterSize: "small", fillColor: "info", emptyColor: "danger", labelSize: "small", showLabel: true
 (1ms)
    ✓ 
  value: 50, min: 0, max: 100, stepCount: 5, meterSize: "small", fillColor: "info", emptyColor: "danger", labelSize: "small", showLabel: false

    ✓ 
  value: 50, min: 0, max: 100, stepCount: 5, meterSize: "small", fillColor: "info", emptyColor: "alert", labelSize: "large", showLabel: true
 (3ms)
    ✓ 
  value: 50, min: 0, max: 100, stepCount: 5, meterSize: "small", fillColor: "info", emptyColor: "alert", labelSize: "large", showLabel: false
 (1ms)
    ✓ 
  value: 50, min: 0, max: 100, stepCount: 5, meterSize: "small", fillColor: "info", emptyColor: "alert", labelSize: "regular", showLabel: true
 (1ms)
    ✓ 
  value: 50, min: 0, max: 100, stepCount: 5, meterSize: "small", fillColor: "info", emptyColor: "alert", labelSize: "regular", showLabel: false
 (1ms)
    ✓ 
  value: 50, min: 0, max: 100, stepCount: 5, meterSize: "small", fillColor: "info", emptyColor: "alert", labelSize: "small", showLabel: true
 (1ms)
    ✓ 
  value: 50, min: 0, max: 100, stepCount: 5, meterSize: "small", fillColor: "info", emptyColor: "alert", labelSize: "small", showLabel: false
 (1ms)
    ✓ 
  value: 50, min: 0, max: 100, stepCount: 10, meterSize: "regular", fillColor: "success", emptyColor: "danger", labelSize: "large", showLabel: true
 (3ms)
    ✓ 
  value: 50, min: 0, max: 100, stepCount: 10, meterSize: "regular", fillColor: "success", emptyColor: "danger", labelSize: "large", showLabel: false
 (2ms)
    ✓ 
  value: 50, min: 0, max: 100, stepCount: 10, meterSize: "regular", fillColor: "success", emptyColor: "danger", labelSize: "regular", showLabel: true
 (1ms)
    ✓ 
  value: 50, min: 0, max: 100, stepCount: 10, meterSize: "regular", fillColor: "success", emptyColor: "danger", labelSize: "regular", showLabel: false
 (1ms)
    ✓ 
  value: 50, min: 0, max: 100, stepCount: 10, meterSize: "regular", fillColor: "success", emptyColor: "danger", labelSize: "small", showLabel: true
 (2ms)
    ✓ 
  value: 50, min: 0, max: 100, stepCount: 10, meterSize: "regular", fillColor: "success", emptyColor: "danger", labelSize: "small", showLabel: false
 (1ms)
    ✓ 
  value: 50, min: 0, max: 100, stepCount: 10, meterSize: "regular", fillColor: "success", emptyColor: "alert", labelSize: "large", showLabel: true
 (3ms)
    ✓ 
  value: 50, min: 0, max: 100, stepCount: 10, meterSize: "regular", fillColor: "success", emptyColor: "alert", labelSize: "large", showLabel: false
 (2ms)
    ✓ 
  value: 50, min: 0, max: 100, stepCount: 10, meterSize: "regular", fillColor: "success", emptyColor: "alert", labelSize: "regular", showLabel: true
 (2ms)
    ✓ 
  value: 50, min: 0, max: 100, stepCount: 10, meterSize: "regular", fillColor: "success", emptyColor: "alert", labelSize: "regular", showLabel: false
 (2ms)
    ✓ 
  value: 50, min: 0, max: 100, stepCount: 10, meterSize: "regular", fillColor: "success", emptyColor: "alert", labelSize: "small", showLabel: true
 (2ms)
    ✓ 
  value: 50, min: 0, max: 100, stepCount: 10, meterSize: "regular", fillColor: "success", emptyColor: "alert", labelSize: "small", showLabel: false
 (1ms)
    ✓ 
  value: 50, min: 0, max: 100, stepCount: 10, meterSize: "regular", fillColor: "warning", emptyColor: "danger", labelSize: "large", showLabel: true
 (2ms)
    ✓ 
  value: 50, min: 0, max: 100, stepCount: 10, meterSize: "regular", fillColor: "warning", emptyColor: "danger", labelSize: "large", showLabel: false
 (1ms)
    ✓ 
  value: 50, min: 0, max: 100, stepCount: 10, meterSize: "regular", fillColor: "warning", emptyColor: "danger", labelSize: "regular", showLabel: true
 (2ms)
    ✓ 
  value: 50, min: 0, max: 100, stepCount: 10, meterSize: "regular", fillColor: "warning", emptyColor: "danger", labelSize: "regular", showLabel: false

    ✓ 
  value: 50, min: 0, max: 100, stepCount: 10, meterSize: "regular", fillColor: "warning", emptyColor: "danger", labelSize: "small", showLabel: true
 (1ms)
    ✓ 
  value: 50, min: 0, max: 100, stepCount: 10, meterSize: "regular", fillColor: "warning", emptyColor: "danger", labelSize: "small", showLabel: false
 (2ms)
    ✓ 
  value: 50, min: 0, max: 100, stepCount: 10, meterSize: "regular", fillColor: "warning", emptyColor: "alert", labelSize: "large", showLabel: true
 (2ms)
    ✓ 
  value: 50, min: 0, max: 100, stepCount: 10, meterSize: "regular", fillColor: "warning", emptyColor: "alert", labelSize: "large", showLabel: false
 (1ms)
    ✓ 
  value: 50, min: 0, max: 100, stepCount: 10, meterSize: "regular", fillColor: "warning", emptyColor: "alert", labelSize: "regular", showLabel: true
 (2ms)
    ✓ 
  value: 50, min: 0, max: 100, stepCount: 10, meterSize: "regular", fillColor: "warning", emptyColor: "alert", labelSize: "regular", showLabel: false
 (1ms)
    ✓ 
  value: 50, min: 0, max: 100, stepCount: 10, meterSize: "regular", fillColor: "warning", emptyColor: "alert", labelSize: "small", showLabel: true
 (1ms)
    ✓ 
  value: 50, min: 0, max: 100, stepCount: 10, meterSize: "regular", fillColor: "warning", emptyColor: "alert", labelSize: "small", showLabel: false
 (1ms)
    ✓ 
  value: 50, min: 0, max: 100, stepCount: 10, meterSize: "regular", fillColor: "alert", emptyColor: "danger", labelSize: "large", showLabel: true
 (3ms)
    ✓ 
  value: 50, min: 0, max: 100, stepCount: 10, meterSize: "regular", fillColor: "alert", emptyColor: "danger", labelSize: "large", showLabel: false
 (1ms)
    ✓ 
  value: 50, min: 0, max: 100, stepCount: 10, meterSize: "regular", fillColor: "alert", emptyColor: "danger", labelSize: "regular", showLabel: true

    ✓ 
  value: 50, min: 0, max: 100, stepCount: 10, meterSize: "regular", fillColor: "alert", emptyColor: "danger", labelSize: "regular", showLabel: false
 (2ms)
    ✓ 
  value: 50, min: 0, max: 100, stepCount: 10, meterSize: "regular", fillColor: "alert", emptyColor: "danger", labelSize: "small", showLabel: true
 (1ms)
    ✓ 
  value: 50, min: 0, max: 100, stepCount: 10, meterSize: "regular", fillColor: "alert", emptyColor: "danger", labelSize: "small", showLabel: false
 (2ms)
    ✓ 
  value: 50, min: 0, max: 100, stepCount: 10, meterSize: "regular", fillColor: "alert", emptyColor: "alert", labelSize: "large", showLabel: true
 (2ms)
    ✓ 
  value: 50, min: 0, max: 100, stepCount: 10, meterSize: "regular", fillColor: "alert", emptyColor: "alert", labelSize: "large", showLabel: false
 (2ms)
    ✓ 
  value: 50, min: 0, max: 100, stepCount: 10, meterSize: "regular", fillColor: "alert", emptyColor: "alert", labelSize: "regular", showLabel: true
 (4ms)
    ✓ 
  value: 50, min: 0, max: 100, stepCount: 10, meterSize: "regular", fillColor: "alert", emptyColor: "alert", labelSize: "regular", showLabel: false
 (1ms)
    ✓ 
  value: 50, min: 0, max: 100, stepCount: 10, meterSize: "regular", fillColor: "alert", emptyColor: "alert", labelSize: "small", showLabel: true
 (1ms)
    ✓ 
  value: 50, min: 0, max: 100, stepCount: 10, meterSize: "regular", fillColor: "alert", emptyColor: "alert", labelSize: "small", showLabel: false
 (4ms)
    ✓ 
  value: 50, min: 0, max: 100, stepCount: 10, meterSize: "regular", fillColor: "info", emptyColor: "danger", labelSize: "large", showLabel: true
 (2ms)
    ✓ 
  value: 50, min: 0, max: 100, stepCount: 10, meterSize: "regular", fillColor: "info", emptyColor: "danger", labelSize: "large", showLabel: false
 (1ms)
    ✓ 
  value: 50, min: 0, max: 100, stepCount: 10, meterSize: "regular", fillColor: "info", emptyColor: "danger", labelSize: "regular", showLabel: true
 (1ms)
    ✓ 
  value: 50, min: 0, max: 100, stepCount: 10, meterSize: "regular", fillColor: "info", emptyColor: "danger", labelSize: "regular", showLabel: false

    ✓ 
  value: 50, min: 0, max: 100, stepCount: 10, meterSize: "regular", fillColor: "info", emptyColor: "danger", labelSize: "small", showLabel: true
 (2ms)
    ✓ 
  value: 50, min: 0, max: 100, stepCount: 10, meterSize: "regular", fillColor: "info", emptyColor: "danger", labelSize: "small", showLabel: false
 (1ms)
    ✓ 
  value: 50, min: 0, max: 100, stepCount: 10, meterSize: "regular", fillColor: "info", emptyColor: "alert", labelSize: "large", showLabel: true
 (2ms)
    ✓ 
  value: 50, min: 0, max: 100, stepCount: 10, meterSize: "regular", fillColor: "info", emptyColor: "alert", labelSize: "large", showLabel: false
 (2ms)
    ✓ 
  value: 50, min: 0, max: 100, stepCount: 10, meterSize: "regular", fillColor: "info", emptyColor: "alert", labelSize: "regular", showLabel: true
 (2ms)
    ✓ 
  value: 50, min: 0, max: 100, stepCount: 10, meterSize: "regular", fillColor: "info", emptyColor: "alert", labelSize: "regular", showLabel: false
 (2ms)
    ✓ 
  value: 50, min: 0, max: 100, stepCount: 10, meterSize: "regular", fillColor: "info", emptyColor: "alert", labelSize: "small", showLabel: true
 (1ms)
    ✓ 
  value: 50, min: 0, max: 100, stepCount: 10, meterSize: "regular", fillColor: "info", emptyColor: "alert", labelSize: "small", showLabel: false
 (1ms)
    ✓ 
  value: 50, min: 0, max: 100, stepCount: 10, meterSize: "large", fillColor: "success", emptyColor: "danger", labelSize: "large", showLabel: true
 (2ms)
    ✓ 
  value: 50, min: 0, max: 100, stepCount: 10, meterSize: "large", fillColor: "success", emptyColor: "danger", labelSize: "large", showLabel: false
 (1ms)
    ✓ 
  value: 50, min: 0, max: 100, stepCount: 10, meterSize: "large", fillColor: "success", emptyColor: "danger", labelSize: "regular", showLabel: true
 (2ms)
    ✓ 
  value: 50, min: 0, max: 100, stepCount: 10, meterSize: "large", fillColor: "success", emptyColor: "danger", labelSize: "regular", showLabel: false
 (2ms)
    ✓ 
  value: 50, min: 0, max: 100, stepCount: 10, meterSize: "large", fillColor: "success", emptyColor: "danger", labelSize: "small", showLabel: true
 (1ms)
    ✓ 
  value: 50, min: 0, max: 100, stepCount: 10, meterSize: "large", fillColor: "success", emptyColor: "danger", labelSize: "small", showLabel: false
 (2ms)
    ✓ 
  value: 50, min: 0, max: 100, stepCount: 10, meterSize: "large", fillColor: "success", emptyColor: "alert", labelSize: "large", showLabel: true

    ✓ 
  value: 50, min: 0, max: 100, stepCount: 10, meterSize: "large", fillColor: "success", emptyColor: "alert", labelSize: "large", showLabel: false
 (3ms)
    ✓ 
  value: 50, min: 0, max: 100, stepCount: 10, meterSize: "large", fillColor: "success", emptyColor: "alert", labelSize: "regular", showLabel: true
 (3ms)
    ✓ 
  value: 50, min: 0, max: 100, stepCount: 10, meterSize: "large", fillColor: "success", emptyColor: "alert", labelSize: "regular", showLabel: false
 (1ms)
    ✓ 
  value: 50, min: 0, max: 100, stepCount: 10, meterSize: "large", fillColor: "success", emptyColor: "alert", labelSize: "small", showLabel: true
 (1ms)
    ✓ 
  value: 50, min: 0, max: 100, stepCount: 10, meterSize: "large", fillColor: "success", emptyColor: "alert", labelSize: "small", showLabel: false
 (1ms)
    ✓ 
  value: 50, min: 0, max: 100, stepCount: 10, meterSize: "large", fillColor: "warning", emptyColor: "danger", labelSize: "large", showLabel: true
 (1ms)
    ✓ 
  value: 50, min: 0, max: 100, stepCount: 10, meterSize: "large", fillColor: "warning", emptyColor: "danger", labelSize: "large", showLabel: false

    ✓ 
  value: 50, min: 0, max: 100, stepCount: 10, meterSize: "large", fillColor: "warning", emptyColor: "danger", labelSize: "regular", showLabel: true
 (1ms)
    ✓ 
  value: 50, min: 0, max: 100, stepCount: 10, meterSize: "large", fillColor: "warning", emptyColor: "danger", labelSize: "regular", showLabel: false

    ✓ 
  value: 50, min: 0, max: 100, stepCount: 10, meterSize: "large", fillColor: "warning", emptyColor: "danger", labelSize: "small", showLabel: true
 (1ms)
    ✓ 
  value: 50, min: 0, max: 100, stepCount: 10, meterSize: "large", fillColor: "warning", emptyColor: "danger", labelSize: "small", showLabel: false
 (1ms)
    ✓ 
  value: 50, min: 0, max: 100, stepCount: 10, meterSize: "large", fillColor: "warning", emptyColor: "alert", labelSize: "large", showLabel: true
 (3ms)
    ✓ 
  value: 50, min: 0, max: 100, stepCount: 10, meterSize: "large", fillColor: "warning", emptyColor: "alert", labelSize: "large", showLabel: false
 (1ms)
    ✓ 
  value: 50, min: 0, max: 100, stepCount: 10, meterSize: "large", fillColor: "warning", emptyColor: "alert", labelSize: "regular", showLabel: true
 (2ms)
    ✓ 
  value: 50, min: 0, max: 100, stepCount: 10, meterSize: "large", fillColor: "warning", emptyColor: "alert", labelSize: "regular", showLabel: false
 (2ms)
    ✓ 
  value: 50, min: 0, max: 100, stepCount: 10, meterSize: "large", fillColor: "warning", emptyColor: "alert", labelSize: "small", showLabel: true
 (2ms)
    ✓ 
  value: 50, min: 0, max: 100, stepCount: 10, meterSize: "large", fillColor: "warning", emptyColor: "alert", labelSize: "small", showLabel: false
 (1ms)
    ✓ 
  value: 50, min: 0, max: 100, stepCount: 10, meterSize: "large", fillColor: "alert", emptyColor: "danger", labelSize: "large", showLabel: true
 (2ms)
    ✓ 
  value: 50, min: 0, max: 100, stepCount: 10, meterSize: "large", fillColor: "alert", emptyColor: "danger", labelSize: "large", showLabel: false
 (1ms)
    ✓ 
  value: 50, min: 0, max: 100, stepCount: 10, meterSize: "large", fillColor: "alert", emptyColor: "danger", labelSize: "regular", showLabel: true
 (2ms)
    ✓ 
  value: 50, min: 0, max: 100, stepCount: 10, meterSize: "large", fillColor: "alert", emptyColor: "danger", labelSize: "regular", showLabel: false

    ✓ 
  value: 50, min: 0, max: 100, stepCount: 10, meterSize: "large", fillColor: "alert", emptyColor: "danger", labelSize: "small", showLabel: true

    ✓ 
  value: 50, min: 0, max: 100, stepCount: 10, meterSize: "large", fillColor: "alert", emptyColor: "danger", labelSize: "small", showLabel: false
 (4ms)
    ✓ 
  value: 50, min: 0, max: 100, stepCount: 10, meterSize: "large", fillColor: "alert", emptyColor: "alert", labelSize: "large", showLabel: true
 (2ms)
    ✓ 
  value: 50, min: 0, max: 100, stepCount: 10, meterSize: "large", fillColor: "alert", emptyColor: "alert", labelSize: "large", showLabel: false
 (2ms)
    ✓ 
  value: 50, min: 0, max: 100, stepCount: 10, meterSize: "large", fillColor: "alert", emptyColor: "alert", labelSize: "regular", showLabel: true
 (1ms)
    ✓ 
  value: 50, min: 0, max: 100, stepCount: 10, meterSize: "large", fillColor: "alert", emptyColor: "alert", labelSize: "regular", showLabel: false
 (1ms)
    ✓ 
  value: 50, min: 0, max: 100, stepCount: 10, meterSize: "large", fillColor: "alert", emptyColor: "alert", labelSize: "small", showLabel: true
 (2ms)
    ✓ 
  value: 50, min: 0, max: 100, stepCount: 10, meterSize: "large", fillColor: "alert", emptyColor: "alert", labelSize: "small", showLabel: false
 (1ms)
    ✓ 
  value: 50, min: 0, max: 100, stepCount: 10, meterSize: "large", fillColor: "info", emptyColor: "danger", labelSize: "large", showLabel: true
 (2ms)
    ✓ 
  value: 50, min: 0, max: 100, stepCount: 10, meterSize: "large", fillColor: "info", emptyColor: "danger", labelSize: "large", showLabel: false
 (1ms)
    ✓ 
  value: 50, min: 0, max: 100, stepCount: 10, meterSize: "large", fillColor: "info", emptyColor: "danger", labelSize: "regular", showLabel: true
 (1ms)
    ✓ 
  value: 50, min: 0, max: 100, stepCount: 10, meterSize: "large", fillColor: "info", emptyColor: "danger", labelSize: "regular", showLabel: false
 (2ms)
    ✓ 
  value: 50, min: 0, max: 100, stepCount: 10, meterSize: "large", fillColor: "info", emptyColor: "danger", labelSize: "small", showLabel: true
 (3ms)
    ✓ 
  value: 50, min: 0, max: 100, stepCount: 10, meterSize: "large", fillColor: "info", emptyColor: "danger", labelSize: "small", showLabel: false
 (1ms)
    ✓ 
  value: 50, min: 0, max: 100, stepCount: 10, meterSize: "large", fillColor: "info", emptyColor: "alert", labelSize: "large", showLabel: true
 (2ms)
    ✓ 
  value: 50, min: 0, max: 100, stepCount: 10, meterSize: "large", fillColor: "info", emptyColor: "alert", labelSize: "large", showLabel: false
 (1ms)
    ✓ 
  value: 50, min: 0, max: 100, stepCount: 10, meterSize: "large", fillColor: "info", emptyColor: "alert", labelSize: "regular", showLabel: true
 (2ms)
    ✓ 
  value: 50, min: 0, max: 100, stepCount: 10, meterSize: "large", fillColor: "info", emptyColor: "alert", labelSize: "regular", showLabel: false
 (1ms)
    ✓ 
  value: 50, min: 0, max: 100, stepCount: 10, meterSize: "large", fillColor: "info", emptyColor: "alert", labelSize: "small", showLabel: true
 (1ms)
    ✓ 
  value: 50, min: 0, max: 100, stepCount: 10, meterSize: "large", fillColor: "info", emptyColor: "alert", labelSize: "small", showLabel: false
 (1ms)
    ✓ 
  value: 50, min: 0, max: 100, stepCount: 10, meterSize: "small", fillColor: "success", emptyColor: "danger", labelSize: "large", showLabel: true
 (1ms)
    ✓ 
  value: 50, min: 0, max: 100, stepCount: 10, meterSize: "small", fillColor: "success", emptyColor: "danger", labelSize: "large", showLabel: false
 (2ms)
    ✓ 
  value: 50, min: 0, max: 100, stepCount: 10, meterSize: "small", fillColor: "success", emptyColor: "danger", labelSize: "regular", showLabel: true
 (1ms)
    ✓ 
  value: 50, min: 0, max: 100, stepCount: 10, meterSize: "small", fillColor: "success", emptyColor: "danger", labelSize: "regular", showLabel: false
 (1ms)
    ✓ 
  value: 50, min: 0, max: 100, stepCount: 10, meterSize: "small", fillColor: "success", emptyColor: "danger", labelSize: "small", showLabel: true
 (2ms)
    ✓ 
  value: 50, min: 0, max: 100, stepCount: 10, meterSize: "small", fillColor: "success", emptyColor: "danger", labelSize: "small", showLabel: false
 (2ms)
    ✓ 
  value: 50, min: 0, max: 100, stepCount: 10, meterSize: "small", fillColor: "success", emptyColor: "alert", labelSize: "large", showLabel: true
 (2ms)
    ✓ 
  value: 50, min: 0, max: 100, stepCount: 10, meterSize: "small", fillColor: "success", emptyColor: "alert", labelSize: "large", showLabel: false
 (2ms)
    ✓ 
  value: 50, min: 0, max: 100, stepCount: 10, meterSize: "small", fillColor: "success", emptyColor: "alert", labelSize: "regular", showLabel: true
 (3ms)
    ✓ 
  value: 50, min: 0, max: 100, stepCount: 10, meterSize: "small", fillColor: "success", emptyColor: "alert", labelSize: "regular", showLabel: false
 (1ms)
    ✓ 
  value: 50, min: 0, max: 100, stepCount: 10, meterSize: "small", fillColor: "success", emptyColor: "alert", labelSize: "small", showLabel: true
 (1ms)
    ✓ 
  value: 50, min: 0, max: 100, stepCount: 10, meterSize: "small", fillColor: "success", emptyColor: "alert", labelSize: "small", showLabel: false
 (3ms)
    ✓ 
  value: 50, min: 0, max: 100, stepCount: 10, meterSize: "small", fillColor: "warning", emptyColor: "danger", labelSize: "large", showLabel: true
 (3ms)
    ✓ 
  value: 50, min: 0, max: 100, stepCount: 10, meterSize: "small", fillColor: "warning", emptyColor: "danger", labelSize: "large", showLabel: false
 (1ms)
    ✓ 
  value: 50, min: 0, max: 100, stepCount: 10, meterSize: "small", fillColor: "warning", emptyColor: "danger", labelSize: "regular", showLabel: true
 (3ms)
    ✓ 
  value: 50, min: 0, max: 100, stepCount: 10, meterSize: "small", fillColor: "warning", emptyColor: "danger", labelSize: "regular", showLabel: false
 (2ms)
    ✓ 
  value: 50, min: 0, max: 100, stepCount: 10, meterSize: "small", fillColor: "warning", emptyColor: "danger", labelSize: "small", showLabel: true
 (2ms)
    ✓ 
  value: 50, min: 0, max: 100, stepCount: 10, meterSize: "small", fillColor: "warning", emptyColor: "danger", labelSize: "small", showLabel: false

    ✓ 
  value: 50, min: 0, max: 100, stepCount: 10, meterSize: "small", fillColor: "warning", emptyColor: "alert", labelSize: "large", showLabel: true
 (1ms)
    ✓ 
  value: 50, min: 0, max: 100, stepCount: 10, meterSize: "small", fillColor: "warning", emptyColor: "alert", labelSize: "large", showLabel: false
 (3ms)
    ✓ 
  value: 50, min: 0, max: 100, stepCount: 10, meterSize: "small", fillColor: "warning", emptyColor: "alert", labelSize: "regular", showLabel: true
 (1ms)
    ✓ 
  value: 50, min: 0, max: 100, stepCount: 10, meterSize: "small", fillColor: "warning", emptyColor: "alert", labelSize: "regular", showLabel: false
 (2ms)
    ✓ 
  value: 50, min: 0, max: 100, stepCount: 10, meterSize: "small", fillColor: "warning", emptyColor: "alert", labelSize: "small", showLabel: true
 (3ms)
    ✓ 
  value: 50, min: 0, max: 100, stepCount: 10, meterSize: "small", fillColor: "warning", emptyColor: "alert", labelSize: "small", showLabel: false
 (1ms)
    ✓ 
  value: 50, min: 0, max: 100, stepCount: 10, meterSize: "small", fillColor: "alert", emptyColor: "danger", labelSize: "large", showLabel: true
 (1ms)
    ✓ 
  value: 50, min: 0, max: 100, stepCount: 10, meterSize: "small", fillColor: "alert", emptyColor: "danger", labelSize: "large", showLabel: false
 (1ms)
    ✓ 
  value: 50, min: 0, max: 100, stepCount: 10, meterSize: "small", fillColor: "alert", emptyColor: "danger", labelSize: "regular", showLabel: true
 (2ms)
    ✓ 
  value: 50, min: 0, max: 100, stepCount: 10, meterSize: "small", fillColor: "alert", emptyColor: "danger", labelSize: "regular", showLabel: false
 (1ms)
    ✓ 
  value: 50, min: 0, max: 100, stepCount: 10, meterSize: "small", fillColor: "alert", emptyColor: "danger", labelSize: "small", showLabel: true
 (1ms)
    ✓ 
  value: 50, min: 0, max: 100, stepCount: 10, meterSize: "small", fillColor: "alert", emptyColor: "danger", labelSize: "small", showLabel: false
 (2ms)
    ✓ 
  value: 50, min: 0, max: 100, stepCount: 10, meterSize: "small", fillColor: "alert", emptyColor: "alert", labelSize: "large", showLabel: true
 (4ms)
    ✓ 
  value: 50, min: 0, max: 100, stepCount: 10, meterSize: "small", fillColor: "alert", emptyColor: "alert", labelSize: "large", showLabel: false
 (2ms)
    ✓ 
  value: 50, min: 0, max: 100, stepCount: 10, meterSize: "small", fillColor: "alert", emptyColor: "alert", labelSize: "regular", showLabel: true
 (2ms)
    ✓ 
  value: 50, min: 0, max: 100, stepCount: 10, meterSize: "small", fillColor: "alert", emptyColor: "alert", labelSize: "regular", showLabel: false
 (1ms)
    ✓ 
  value: 50, min: 0, max: 100, stepCount: 10, meterSize: "small", fillColor: "alert", emptyColor: "alert", labelSize: "small", showLabel: true
 (1ms)
    ✓ 
  value: 50, min: 0, max: 100, stepCount: 10, meterSize: "small", fillColor: "alert", emptyColor: "alert", labelSize: "small", showLabel: false
 (1ms)
    ✓ 
  value: 50, min: 0, max: 100, stepCount: 10, meterSize: "small", fillColor: "info", emptyColor: "danger", labelSize: "large", showLabel: true
 (2ms)
    ✓ 
  value: 50, min: 0, max: 100, stepCount: 10, meterSize: "small", fillColor: "info", emptyColor: "danger", labelSize: "large", showLabel: false
 (1ms)
    ✓ 
  value: 50, min: 0, max: 100, stepCount: 10, meterSize: "small", fillColor: "info", emptyColor: "danger", labelSize: "regular", showLabel: true
 (2ms)
    ✓ 
  value: 50, min: 0, max: 100, stepCount: 10, meterSize: "small", fillColor: "info", emptyColor: "danger", labelSize: "regular", showLabel: false
 (1ms)
    ✓ 
  value: 50, min: 0, max: 100, stepCount: 10, meterSize: "small", fillColor: "info", emptyColor: "danger", labelSize: "small", showLabel: true
 (1ms)
    ✓ 
  value: 50, min: 0, max: 100, stepCount: 10, meterSize: "small", fillColor: "info", emptyColor: "danger", labelSize: "small", showLabel: false
 (1ms)
    ✓ 
  value: 50, min: 0, max: 100, stepCount: 10, meterSize: "small", fillColor: "info", emptyColor: "alert", labelSize: "large", showLabel: true
 (2ms)
    ✓ 
  value: 50, min: 0, max: 100, stepCount: 10, meterSize: "small", fillColor: "info", emptyColor: "alert", labelSize: "large", showLabel: false
 (1ms)
    ✓ 
  value: 50, min: 0, max: 100, stepCount: 10, meterSize: "small", fillColor: "info", emptyColor: "alert", labelSize: "regular", showLabel: true
 (1ms)
    ✓ 
  value: 50, min: 0, max: 100, stepCount: 10, meterSize: "small", fillColor: "info", emptyColor: "alert", labelSize: "regular", showLabel: false
 (1ms)
    ✓ 
  value: 50, min: 0, max: 100, stepCount: 10, meterSize: "small", fillColor: "info", emptyColor: "alert", labelSize: "small", showLabel: true
 (1ms)
    ✓ 
  value: 50, min: 0, max: 100, stepCount: 10, meterSize: "small", fillColor: "info", emptyColor: "alert", labelSize: "small", showLabel: false
 (1ms)
    ✓ 
  value: 50, min: 0, max: 100, stepCount: 5, meterSize: "regular", fillColor: "success", emptyColor: "danger", labelSize: "large", showLabel: true

    ✓ 
  value: 50, min: 0, max: 100, stepCount: 5, meterSize: "regular", fillColor: "success", emptyColor: "danger", labelSize: "large", showLabel: false
 (1ms)
    ✓ 
  value: 50, min: 0, max: 100, stepCount: 5, meterSize: "regular", fillColor: "success", emptyColor: "danger", labelSize: "regular", showLabel: true
 (2ms)
    ✓ 
  value: 50, min: 0, max: 100, stepCount: 5, meterSize: "regular", fillColor: "success", emptyColor: "danger", labelSize: "regular", showLabel: false

    ✓ 
  value: 50, min: 0, max: 100, stepCount: 5, meterSize: "regular", fillColor: "success", emptyColor: "danger", labelSize: "small", showLabel: true
 (2ms)
    ✓ 
  value: 50, min: 0, max: 100, stepCount: 5, meterSize: "regular", fillColor: "success", emptyColor: "danger", labelSize: "small", showLabel: false

    ✓ 
  value: 50, min: 0, max: 100, stepCount: 5, meterSize: "regular", fillColor: "success", emptyColor: "alert", labelSize: "large", showLabel: true
 (1ms)
    ✓ 
  value: 50, min: 0, max: 100, stepCount: 5, meterSize: "regular", fillColor: "success", emptyColor: "alert", labelSize: "large", showLabel: false

    ✓ 
  value: 50, min: 0, max: 100, stepCount: 5, meterSize: "regular", fillColor: "success", emptyColor: "alert", labelSize: "regular", showLabel: true
 (1ms)
    ✓ 
  value: 50, min: 0, max: 100, stepCount: 5, meterSize: "regular", fillColor: "success", emptyColor: "alert", labelSize: "regular", showLabel: false

    ✓ 
  value: 50, min: 0, max: 100, stepCount: 5, meterSize: "regular", fillColor: "success", emptyColor: "alert", labelSize: "small", showLabel: true
 (2ms)
    ✓ 
  value: 50, min: 0, max: 100, stepCount: 5, meterSize: "regular", fillColor: "success", emptyColor: "alert", labelSize: "small", showLabel: false
 (1ms)
    ✓ 
  value: 50, min: 0, max: 100, stepCount: 5, meterSize: "regular", fillColor: "warning", emptyColor: "danger", labelSize: "large", showLabel: true
 (2ms)
    ✓ 
  value: 50, min: 0, max: 100, stepCount: 5, meterSize: "regular", fillColor: "warning", emptyColor: "danger", labelSize: "large", showLabel: false
 (1ms)
    ✓ 
  value: 50, min: 0, max: 100, stepCount: 5, meterSize: "regular", fillColor: "warning", emptyColor: "danger", labelSize: "regular", showLabel: true
 (1ms)
    ✓ 
  value: 50, min: 0, max: 100, stepCount: 5, meterSize: "regular", fillColor: "warning", emptyColor: "danger", labelSize: "regular", showLabel: false
 (2ms)
    ✓ 
  value: 50, min: 0, max: 100, stepCount: 5, meterSize: "regular", fillColor: "warning", emptyColor: "danger", labelSize: "small", showLabel: true
 (1ms)
    ✓ 
  value: 50, min: 0, max: 100, stepCount: 5, meterSize: "regular", fillColor: "warning", emptyColor: "danger", labelSize: "small", showLabel: false
 (2ms)
    ✓ 
  value: 50, min: 0, max: 100, stepCount: 5, meterSize: "regular", fillColor: "warning", emptyColor: "alert", labelSize: "large", showLabel: true
 (1ms)
    ✓ 
  value: 50, min: 0, max: 100, stepCount: 5, meterSize: "regular", fillColor: "warning", emptyColor: "alert", labelSize: "large", showLabel: false
 (2ms)
    ✓ 
  value: 50, min: 0, max: 100, stepCount: 5, meterSize: "regular", fillColor: "warning", emptyColor: "alert", labelSize: "regular", showLabel: true
 (2ms)
    ✓ 
  value: 50, min: 0, max: 100, stepCount: 5, meterSize: "regular", fillColor: "warning", emptyColor: "alert", labelSize: "regular", showLabel: false
 (2ms)
    ✓ 
  value: 50, min: 0, max: 100, stepCount: 5, meterSize: "regular", fillColor: "warning", emptyColor: "alert", labelSize: "small", showLabel: true
 (2ms)
    ✓ 
  value: 50, min: 0, max: 100, stepCount: 5, meterSize: "regular", fillColor: "warning", emptyColor: "alert", labelSize: "small", showLabel: false
 (1ms)
    ✓ 
  value: 50, min: 0, max: 100, stepCount: 5, meterSize: "regular", fillColor: "alert", emptyColor: "danger", labelSize: "large", showLabel: true
 (1ms)
    ✓ 
  value: 50, min: 0, max: 100, stepCount: 5, meterSize: "regular", fillColor: "alert", emptyColor: "danger", labelSize: "large", showLabel: false
 (2ms)
    ✓ 
  value: 50, min: 0, max: 100, stepCount: 5, meterSize: "regular", fillColor: "alert", emptyColor: "danger", labelSize: "regular", showLabel: true
 (1ms)
    ✓ 
  value: 50, min: 0, max: 100, stepCount: 5, meterSize: "regular", fillColor: "alert", emptyColor: "danger", labelSize: "regular", showLabel: false
 (1ms)
    ✓ 
  value: 50, min: 0, max: 100, stepCount: 5, meterSize: "regular", fillColor: "alert", emptyColor: "danger", labelSize: "small", showLabel: true
 (2ms)
    ✓ 
  value: 50, min: 0, max: 100, stepCount: 5, meterSize: "regular", fillColor: "alert", emptyColor: "danger", labelSize: "small", showLabel: false

    ✓ 
  value: 50, min: 0, max: 100, stepCount: 5, meterSize: "regular", fillColor: "alert", emptyColor: "alert", labelSize: "large", showLabel: true
 (2ms)
    ✓ 
  value: 50, min: 0, max: 100, stepCount: 5, meterSize: "regular", fillColor: "alert", emptyColor: "alert", labelSize: "large", showLabel: false

    ✓ 
  value: 50, min: 0, max: 100, stepCount: 5, meterSize: "regular", fillColor: "alert", emptyColor: "alert", labelSize: "regular", showLabel: true
 (2ms)
    ✓ 
  value: 50, min: 0, max: 100, stepCount: 5, meterSize: "regular", fillColor: "alert", emptyColor: "alert", labelSize: "regular", showLabel: false
 (2ms)
    ✓ 
  value: 50, min: 0, max: 100, stepCount: 5, meterSize: "regular", fillColor: "alert", emptyColor: "alert", labelSize: "small", showLabel: true
 (2ms)
    ✓ 
  value: 50, min: 0, max: 100, stepCount: 5, meterSize: "regular", fillColor: "alert", emptyColor: "alert", labelSize: "small", showLabel: false
 (2ms)
    ✓ 
  value: 50, min: 0, max: 100, stepCount: 5, meterSize: "regular", fillColor: "info", emptyColor: "danger", labelSize: "large", showLabel: true
 (2ms)
    ✓ 
  value: 50, min: 0, max: 100, stepCount: 5, meterSize: "regular", fillColor: "info", emptyColor: "danger", labelSize: "large", showLabel: false
 (1ms)
    ✓ 
  value: 50, min: 0, max: 100, stepCount: 5, meterSize: "regular", fillColor: "info", emptyColor: "danger", labelSize: "regular", showLabel: true
 (1ms)
    ✓ 
  value: 50, min: 0, max: 100, stepCount: 5, meterSize: "regular", fillColor: "info", emptyColor: "danger", labelSize: "regular", showLabel: false
 (1ms)
    ✓ 
  value: 50, min: 0, max: 100, stepCount: 5, meterSize: "regular", fillColor: "info", emptyColor: "danger", labelSize: "small", showLabel: true
 (2ms)
    ✓ 
  value: 50, min: 0, max: 100, stepCount: 5, meterSize: "regular", fillColor: "info", emptyColor: "danger", labelSize: "small", showLabel: false

    ✓ 
  value: 50, min: 0, max: 100, stepCount: 5, meterSize: "regular", fillColor: "info", emptyColor: "alert", labelSize: "large", showLabel: true
 (2ms)
    ✓ 
  value: 50, min: 0, max: 100, stepCount: 5, meterSize: "regular", fillColor: "info", emptyColor: "alert", labelSize: "large", showLabel: false
 (2ms)
    ✓ 
  value: 50, min: 0, max: 100, stepCount: 5, meterSize: "regular", fillColor: "info", emptyColor: "alert", labelSize: "regular", showLabel: true
 (1ms)
    ✓ 
  value: 50, min: 0, max: 100, stepCount: 5, meterSize: "regular", fillColor: "info", emptyColor: "alert", labelSize: "regular", showLabel: false
 (1ms)
    ✓ 
  value: 50, min: 0, max: 100, stepCount: 5, meterSize: "regular", fillColor: "info", emptyColor: "alert", labelSize: "small", showLabel: true
 (1ms)
    ✓ 
  value: 50, min: 0, max: 100, stepCount: 5, meterSize: "regular", fillColor: "info", emptyColor: "alert", labelSize: "small", showLabel: false
 (1ms)
    ✓ 
  value: 50, min: 0, max: 100, stepCount: 5, meterSize: "large", fillColor: "success", emptyColor: "danger", labelSize: "large", showLabel: true
 (1ms)
    ✓ 
  value: 50, min: 0, max: 100, stepCount: 5, meterSize: "large", fillColor: "success", emptyColor: "danger", labelSize: "large", showLabel: false
 (1ms)
    ✓ 
  value: 50, min: 0, max: 100, stepCount: 5, meterSize: "large", fillColor: "success", emptyColor: "danger", labelSize: "regular", showLabel: true

    ✓ 
  value: 50, min: 0, max: 100, stepCount: 5, meterSize: "large", fillColor: "success", emptyColor: "danger", labelSize: "regular", showLabel: false
 (2ms)
    ✓ 
  value: 50, min: 0, max: 100, stepCount: 5, meterSize: "large", fillColor: "success", emptyColor: "danger", labelSize: "small", showLabel: true
 (1ms)
    ✓ 
  value: 50, min: 0, max: 100, stepCount: 5, meterSize: "large", fillColor: "success", emptyColor: "danger", labelSize: "small", showLabel: false
 (1ms)
    ✓ 
  value: 50, min: 0, max: 100, stepCount: 5, meterSize: "large", fillColor: "success", emptyColor: "alert", labelSize: "large", showLabel: true
 (2ms)
    ✓ 
  value: 50, min: 0, max: 100, stepCount: 5, meterSize: "large", fillColor: "success", emptyColor: "alert", labelSize: "large", showLabel: false
 (1ms)
    ✓ 
  value: 50, min: 0, max: 100, stepCount: 5, meterSize: "large", fillColor: "success", emptyColor: "alert", labelSize: "regular", showLabel: true
 (3ms)
    ✓ 
  value: 50, min: 0, max: 100, stepCount: 5, meterSize: "large", fillColor: "success", emptyColor: "alert", labelSize: "regular", showLabel: false
 (1ms)
    ✓ 
  value: 50, min: 0, max: 100, stepCount: 5, meterSize: "large", fillColor: "success", emptyColor: "alert", labelSize: "small", showLabel: true
 (1ms)
    ✓ 
  value: 50, min: 0, max: 100, stepCount: 5, meterSize: "large", fillColor: "success", emptyColor: "alert", labelSize: "small", showLabel: false
 (1ms)
    ✓ 
  value: 50, min: 0, max: 100, stepCount: 5, meterSize: "large", fillColor: "warning", emptyColor: "danger", labelSize: "large", showLabel: true

    ✓ 
  value: 50, min: 0, max: 100, stepCount: 5, meterSize: "large", fillColor: "warning", emptyColor: "danger", labelSize: "large", showLabel: false
 (2ms)
    ✓ 
  value: 50, min: 0, max: 100, stepCount: 5, meterSize: "large", fillColor: "warning", emptyColor: "danger", labelSize: "regular", showLabel: true
 (1ms)
    ✓ 
  value: 50, min: 0, max: 100, stepCount: 5, meterSize: "large", fillColor: "warning", emptyColor: "danger", labelSize: "regular", showLabel: false
 (1ms)
    ✓ 
  value: 50, min: 0, max: 100, stepCount: 5, meterSize: "large", fillColor: "warning", emptyColor: "danger", labelSize: "small", showLabel: true
 (1ms)
    ✓ 
  value: 50, min: 0, max: 100, stepCount: 5, meterSize: "large", fillColor: "warning", emptyColor: "danger", labelSize: "small", showLabel: false
 (3ms)
    ✓ 
  value: 50, min: 0, max: 100, stepCount: 5, meterSize: "large", fillColor: "warning", emptyColor: "alert", labelSize: "large", showLabel: true
 (2ms)
    ✓ 
  value: 50, min: 0, max: 100, stepCount: 5, meterSize: "large", fillColor: "warning", emptyColor: "alert", labelSize: "large", showLabel: false
 (1ms)
    ✓ 
  value: 50, min: 0, max: 100, stepCount: 5, meterSize: "large", fillColor: "warning", emptyColor: "alert", labelSize: "regular", showLabel: true
 (3ms)
    ✓ 
  value: 50, min: 0, max: 100, stepCount: 5, meterSize: "large", fillColor: "warning", emptyColor: "alert", labelSize: "regular", showLabel: false
 (2ms)
    ✓ 
  value: 50, min: 0, max: 100, stepCount: 5, meterSize: "large", fillColor: "warning", emptyColor: "alert", labelSize: "small", showLabel: true
 (1ms)
    ✓ 
  value: 50, min: 0, max: 100, stepCount: 5, meterSize: "large", fillColor: "warning", emptyColor: "alert", labelSize: "small", showLabel: false
 (1ms)
    ✓ 
  value: 50, min: 0, max: 100, stepCount: 5, meterSize: "large", fillColor: "alert", emptyColor: "danger", labelSize: "large", showLabel: true

    ✓ 
  value: 50, min: 0, max: 100, stepCount: 5, meterSize: "large", fillColor: "alert", emptyColor: "danger", labelSize: "large", showLabel: false
 (2ms)
    ✓ 
  value: 50, min: 0, max: 100, stepCount: 5, meterSize: "large", fillColor: "alert", emptyColor: "danger", labelSize: "regular", showLabel: true
 (2ms)
    ✓ 
  value: 50, min: 0, max: 100, stepCount: 5, meterSize: "large", fillColor: "alert", emptyColor: "danger", labelSize: "regular", showLabel: false
 (2ms)
    ✓ 
  value: 50, min: 0, max: 100, stepCount: 5, meterSize: "large", fillColor: "alert", emptyColor: "danger", labelSize: "small", showLabel: true
 (2ms)
    ✓ 
  value: 50, min: 0, max: 100, stepCount: 5, meterSize: "large", fillColor: "alert", emptyColor: "danger", labelSize: "small", showLabel: false
 (1ms)
    ✓ 
  value: 50, min: 0, max: 100, stepCount: 5, meterSize: "large", fillColor: "alert", emptyColor: "alert", labelSize: "large", showLabel: true
 (1ms)
    ✓ 
  value: 50, min: 0, max: 100, stepCount: 5, meterSize: "large", fillColor: "alert", emptyColor: "alert", labelSize: "large", showLabel: false
 (1ms)
    ✓ 
  value: 50, min: 0, max: 100, stepCount: 5, meterSize: "large", fillColor: "alert", emptyColor: "alert", labelSize: "regular", showLabel: true
 (2ms)
    ✓ 
  value: 50, min: 0, max: 100, stepCount: 5, meterSize: "large", fillColor: "alert", emptyColor: "alert", labelSize: "regular", showLabel: false
 (1ms)
    ✓ 
  value: 50, min: 0, max: 100, stepCount: 5, meterSize: "large", fillColor: "alert", emptyColor: "alert", labelSize: "small", showLabel: true
 (1ms)
    ✓ 
  value: 50, min: 0, max: 100, stepCount: 5, meterSize: "large", fillColor: "alert", emptyColor: "alert", labelSize: "small", showLabel: false
 (1ms)
    ✓ 
  value: 50, min: 0, max: 100, stepCount: 5, meterSize: "large", fillColor: "info", emptyColor: "danger", labelSize: "large", showLabel: true
 (2ms)
    ✓ 
  value: 50, min: 0, max: 100, stepCount: 5, meterSize: "large", fillColor: "info", emptyColor: "danger", labelSize: "large", showLabel: false
 (2ms)
    ✓ 
  value: 50, min: 0, max: 100, stepCount: 5, meterSize: "large", fillColor: "info", emptyColor: "danger", labelSize: "regular", showLabel: true
 (2ms)
    ✓ 
  value: 50, min: 0, max: 100, stepCount: 5, meterSize: "large", fillColor: "info", emptyColor: "danger", labelSize: "regular", showLabel: false
 (2ms)
    ✓ 
  value: 50, min: 0, max: 100, stepCount: 5, meterSize: "large", fillColor: "info", emptyColor: "danger", labelSize: "small", showLabel: true
 (2ms)
    ✓ 
  value: 50, min: 0, max: 100, stepCount: 5, meterSize: "large", fillColor: "info", emptyColor: "danger", labelSize: "small", showLabel: false
 (3ms)
    ✓ 
  value: 50, min: 0, max: 100, stepCount: 5, meterSize: "large", fillColor: "info", emptyColor: "alert", labelSize: "large", showLabel: true
 (3ms)
    ✓ 
  value: 50, min: 0, max: 100, stepCount: 5, meterSize: "large", fillColor: "info", emptyColor: "alert", labelSize: "large", showLabel: false
 (1ms)
    ✓ 
  value: 50, min: 0, max: 100, stepCount: 5, meterSize: "large", fillColor: "info", emptyColor: "alert", labelSize: "regular", showLabel: true

    ✓ 
  value: 50, min: 0, max: 100, stepCount: 5, meterSize: "large", fillColor: "info", emptyColor: "alert", labelSize: "regular", showLabel: false
 (2ms)
    ✓ 
  value: 50, min: 0, max: 100, stepCount: 5, meterSize: "large", fillColor: "info", emptyColor: "alert", labelSize: "small", showLabel: true
 (2ms)
    ✓ 
  value: 50, min: 0, max: 100, stepCount: 5, meterSize: "large", fillColor: "info", emptyColor: "alert", labelSize: "small", showLabel: false
 (3ms)
    ✓ 
  value: 50, min: 0, max: 100, stepCount: 5, meterSize: "small", fillColor: "success", emptyColor: "danger", labelSize: "large", showLabel: true
 (1ms)
    ✓ 
  value: 50, min: 0, max: 100, stepCount: 5, meterSize: "small", fillColor: "success", emptyColor: "danger", labelSize: "large", showLabel: false
 (2ms)
    ✓ 
  value: 50, min: 0, max: 100, stepCount: 5, meterSize: "small", fillColor: "success", emptyColor: "danger", labelSize: "regular", showLabel: true
 (2ms)
    ✓ 
  value: 50, min: 0, max: 100, stepCount: 5, meterSize: "small", fillColor: "success", emptyColor: "danger", labelSize: "regular", showLabel: false
 (2ms)
    ✓ 
  value: 50, min: 0, max: 100, stepCount: 5, meterSize: "small", fillColor: "success", emptyColor: "danger", labelSize: "small", showLabel: true
 (2ms)
    ✓ 
  value: 50, min: 0, max: 100, stepCount: 5, meterSize: "small", fillColor: "success", emptyColor: "danger", labelSize: "small", showLabel: false
 (1ms)
    ✓ 
  value: 50, min: 0, max: 100, stepCount: 5, meterSize: "small", fillColor: "success", emptyColor: "alert", labelSize: "large", showLabel: true
 (1ms)
    ✓ 
  value: 50, min: 0, max: 100, stepCount: 5, meterSize: "small", fillColor: "success", emptyColor: "alert", labelSize: "large", showLabel: false

    ✓ 
  value: 50, min: 0, max: 100, stepCount: 5, meterSize: "small", fillColor: "success", emptyColor: "alert", labelSize: "regular", showLabel: true

    ✓ 
  value: 50, min: 0, max: 100, stepCount: 5, meterSize: "small", fillColor: "success", emptyColor: "alert", labelSize: "regular", showLabel: false
 (1ms)
    ✓ 
  value: 50, min: 0, max: 100, stepCount: 5, meterSize: "small", fillColor: "success", emptyColor: "alert", labelSize: "small", showLabel: true
 (2ms)
    ✓ 
  value: 50, min: 0, max: 100, stepCount: 5, meterSize: "small", fillColor: "success", emptyColor: "alert", labelSize: "small", showLabel: false
 (4ms)
    ✓ 
  value: 50, min: 0, max: 100, stepCount: 5, meterSize: "small", fillColor: "warning", emptyColor: "danger", labelSize: "large", showLabel: true
 (1ms)
    ✓ 
  value: 50, min: 0, max: 100, stepCount: 5, meterSize: "small", fillColor: "warning", emptyColor: "danger", labelSize: "large", showLabel: false
 (1ms)
    ✓ 
  value: 50, min: 0, max: 100, stepCount: 5, meterSize: "small", fillColor: "warning", emptyColor: "danger", labelSize: "regular", showLabel: true
 (2ms)
    ✓ 
  value: 50, min: 0, max: 100, stepCount: 5, meterSize: "small", fillColor: "warning", emptyColor: "danger", labelSize: "regular", showLabel: false
 (1ms)
    ✓ 
  value: 50, min: 0, max: 100, stepCount: 5, meterSize: "small", fillColor: "warning", emptyColor: "danger", labelSize: "small", showLabel: true
 (2ms)
    ✓ 
  value: 50, min: 0, max: 100, stepCount: 5, meterSize: "small", fillColor: "warning", emptyColor: "danger", labelSize: "small", showLabel: false
 (3ms)
    ✓ 
  value: 50, min: 0, max: 100, stepCount: 5, meterSize: "small", fillColor: "warning", emptyColor: "alert", labelSize: "large", showLabel: true
 (2ms)
    ✓ 
  value: 50, min: 0, max: 100, stepCount: 5, meterSize: "small", fillColor: "warning", emptyColor: "alert", labelSize: "large", showLabel: false
 (1ms)
    ✓ 
  value: 50, min: 0, max: 100, stepCount: 5, meterSize: "small", fillColor: "warning", emptyColor: "alert", labelSize: "regular", showLabel: true
 (1ms)
    ✓ 
  value: 50, min: 0, max: 100, stepCount: 5, meterSize: "small", fillColor: "warning", emptyColor: "alert", labelSize: "regular", showLabel: false

    ✓ 
  value: 50, min: 0, max: 100, stepCount: 5, meterSize: "small", fillColor: "warning", emptyColor: "alert", labelSize: "small", showLabel: true
 (2ms)
    ✓ 
  value: 50, min: 0, max: 100, stepCount: 5, meterSize: "small", fillColor: "warning", emptyColor: "alert", labelSize: "small", showLabel: false
 (1ms)
    ✓ 
  value: 50, min: 0, max: 100, stepCount: 5, meterSize: "small", fillColor: "alert", emptyColor: "danger", labelSize: "large", showLabel: true
 (2ms)
    ✓ 
  value: 50, min: 0, max: 100, stepCount: 5, meterSize: "small", fillColor: "alert", emptyColor: "danger", labelSize: "large", showLabel: false
 (1ms)
    ✓ 
  value: 50, min: 0, max: 100, stepCount: 5, meterSize: "small", fillColor: "alert", emptyColor: "danger", labelSize: "regular", showLabel: true
 (1ms)
    ✓ 
  value: 50, min: 0, max: 100, stepCount: 5, meterSize: "small", fillColor: "alert", emptyColor: "danger", labelSize: "regular", showLabel: false

    ✓ 
  value: 50, min: 0, max: 100, stepCount: 5, meterSize: "small", fillColor: "alert", emptyColor: "danger", labelSize: "small", showLabel: true
 (2ms)
    ✓ 
  value: 50, min: 0, max: 100, stepCount: 5, meterSize: "small", fillColor: "alert", emptyColor: "danger", labelSize: "small", showLabel: false
 (2ms)
    ✓ 
  value: 50, min: 0, max: 100, stepCount: 5, meterSize: "small", fillColor: "alert", emptyColor: "alert", labelSize: "large", showLabel: true
 (3ms)
    ✓ 
  value: 50, min: 0, max: 100, stepCount: 5, meterSize: "small", fillColor: "alert", emptyColor: "alert", labelSize: "large", showLabel: false
 (2ms)
    ✓ 
  value: 50, min: 0, max: 100, stepCount: 5, meterSize: "small", fillColor: "alert", emptyColor: "alert", labelSize: "regular", showLabel: true
 (1ms)
    ✓ 
  value: 50, min: 0, max: 100, stepCount: 5, meterSize: "small", fillColor: "alert", emptyColor: "alert", labelSize: "regular", showLabel: false
 (1ms)
    ✓ 
  value: 50, min: 0, max: 100, stepCount: 5, meterSize: "small", fillColor: "alert", emptyColor: "alert", labelSize: "small", showLabel: true
 (2ms)
    ✓ 
  value: 50, min: 0, max: 100, stepCount: 5, meterSize: "small", fillColor: "alert", emptyColor: "alert", labelSize: "small", showLabel: false
 (1ms)
    ✓ 
  value: 50, min: 0, max: 100, stepCount: 5, meterSize: "small", fillColor: "info", emptyColor: "danger", labelSize: "large", showLabel: true

    ✓ 
  value: 50, min: 0, max: 100, stepCount: 5, meterSize: "small", fillColor: "info", emptyColor: "danger", labelSize: "large", showLabel: false
 (2ms)
    ✓ 
  value: 50, min: 0, max: 100, stepCount: 5, meterSize: "small", fillColor: "info", emptyColor: "danger", labelSize: "regular", showLabel: true
 (4ms)
    ✓ 
  value: 50, min: 0, max: 100, stepCount: 5, meterSize: "small", fillColor: "info", emptyColor: "danger", labelSize: "regular", showLabel: false
 (2ms)
    ✓ 
  value: 50, min: 0, max: 100, stepCount: 5, meterSize: "small", fillColor: "info", emptyColor: "danger", labelSize: "small", showLabel: true

    ✓ 
  value: 50, min: 0, max: 100, stepCount: 5, meterSize: "small", fillColor: "info", emptyColor: "danger", labelSize: "small", showLabel: false
 (1ms)
    ✓ 
  value: 50, min: 0, max: 100, stepCount: 5, meterSize: "small", fillColor: "info", emptyColor: "alert", labelSize: "large", showLabel: true
 (1ms)
    ✓ 
  value: 50, min: 0, max: 100, stepCount: 5, meterSize: "small", fillColor: "info", emptyColor: "alert", labelSize: "large", showLabel: false
 (4ms)
    ✓ 
  value: 50, min: 0, max: 100, stepCount: 5, meterSize: "small", fillColor: "info", emptyColor: "alert", labelSize: "regular", showLabel: true
 (2ms)
    ✓ 
  value: 50, min: 0, max: 100, stepCount: 5, meterSize: "small", fillColor: "info", emptyColor: "alert", labelSize: "regular", showLabel: false
 (1ms)
    ✓ 
  value: 50, min: 0, max: 100, stepCount: 5, meterSize: "small", fillColor: "info", emptyColor: "alert", labelSize: "small", showLabel: true
 (1ms)
    ✓ 
  value: 50, min: 0, max: 100, stepCount: 5, meterSize: "small", fillColor: "info", emptyColor: "alert", labelSize: "small", showLabel: false
 (1ms)
    ✓ 
  value: 50, min: 0, max: 100, stepCount: 10, meterSize: "regular", fillColor: "success", emptyColor: "danger", labelSize: "large", showLabel: true
 (2ms)
    ✓ 
  value: 50, min: 0, max: 100, stepCount: 10, meterSize: "regular", fillColor: "success", emptyColor: "danger", labelSize: "large", showLabel: false
 (4ms)
    ✓ 
  value: 50, min: 0, max: 100, stepCount: 10, meterSize: "regular", fillColor: "success", emptyColor: "danger", labelSize: "regular", showLabel: true
 (2ms)
    ✓ 
  value: 50, min: 0, max: 100, stepCount: 10, meterSize: "regular", fillColor: "success", emptyColor: "danger", labelSize: "regular", showLabel: false
 (1ms)
    ✓ 
  value: 50, min: 0, max: 100, stepCount: 10, meterSize: "regular", fillColor: "success", emptyColor: "danger", labelSize: "small", showLabel: true
 (2ms)
    ✓ 
  value: 50, min: 0, max: 100, stepCount: 10, meterSize: "regular", fillColor: "success", emptyColor: "danger", labelSize: "small", showLabel: false
 (1ms)
    ✓ 
  value: 50, min: 0, max: 100, stepCount: 10, meterSize: "regular", fillColor: "success", emptyColor: "alert", labelSize: "large", showLabel: true
 (2ms)
    ✓ 
  value: 50, min: 0, max: 100, stepCount: 10, meterSize: "regular", fillColor: "success", emptyColor: "alert", labelSize: "large", showLabel: false
 (2ms)
    ✓ 
  value: 50, min: 0, max: 100, stepCount: 10, meterSize: "regular", fillColor: "success", emptyColor: "alert", labelSize: "regular", showLabel: true
 (1ms)
    ✓ 
  value: 50, min: 0, max: 100, stepCount: 10, meterSize: "regular", fillColor: "success", emptyColor: "alert", labelSize: "regular", showLabel: false
 (1ms)
    ✓ 
  value: 50, min: 0, max: 100, stepCount: 10, meterSize: "regular", fillColor: "success", emptyColor: "alert", labelSize: "small", showLabel: true
 (1ms)
    ✓ 
  value: 50, min: 0, max: 100, stepCount: 10, meterSize: "regular", fillColor: "success", emptyColor: "alert", labelSize: "small", showLabel: false
 (2ms)
    ✓ 
  value: 50, min: 0, max: 100, stepCount: 10, meterSize: "regular", fillColor: "warning", emptyColor: "danger", labelSize: "large", showLabel: true
 (2ms)
    ✓ 
  value: 50, min: 0, max: 100, stepCount: 10, meterSize: "regular", fillColor: "warning", emptyColor: "danger", labelSize: "large", showLabel: false
 (2ms)
    ✓ 
  value: 50, min: 0, max: 100, stepCount: 10, meterSize: "regular", fillColor: "warning", emptyColor: "danger", labelSize: "regular", showLabel: true
 (3ms)
    ✓ 
  value: 50, min: 0, max: 100, stepCount: 10, meterSize: "regular", fillColor: "warning", emptyColor: "danger", labelSize: "regular", showLabel: false
 (1ms)
    ✓ 
  value: 50, min: 0, max: 100, stepCount: 10, meterSize: "regular", fillColor: "warning", emptyColor: "danger", labelSize: "small", showLabel: true

    ✓ 
  value: 50, min: 0, max: 100, stepCount: 10, meterSize: "regular", fillColor: "warning", emptyColor: "danger", labelSize: "small", showLabel: false
 (2ms)
    ✓ 
  value: 50, min: 0, max: 100, stepCount: 10, meterSize: "regular", fillColor: "warning", emptyColor: "alert", labelSize: "large", showLabel: true
 (3ms)
    ✓ 
  value: 50, min: 0, max: 100, stepCount: 10, meterSize: "regular", fillColor: "warning", emptyColor: "alert", labelSize: "large", showLabel: false
 (3ms)
    ✓ 
  value: 50, min: 0, max: 100, stepCount: 10, meterSize: "regular", fillColor: "warning", emptyColor: "alert", labelSize: "regular", showLabel: true
 (2ms)
    ✓ 
  value: 50, min: 0, max: 100, stepCount: 10, meterSize: "regular", fillColor: "warning", emptyColor: "alert", labelSize: "regular", showLabel: false
 (2ms)
    ✓ 
  value: 50, min: 0, max: 100, stepCount: 10, meterSize: "regular", fillColor: "warning", emptyColor: "alert", labelSize: "small", showLabel: true
 (2ms)
    ✓ 
  value: 50, min: 0, max: 100, stepCount: 10, meterSize: "regular", fillColor: "warning", emptyColor: "alert", labelSize: "small", showLabel: false
 (1ms)
    ✓ 
  value: 50, min: 0, max: 100, stepCount: 10, meterSize: "regular", fillColor: "alert", emptyColor: "danger", labelSize: "large", showLabel: true
 (1ms)
    ✓ 
  value: 50, min: 0, max: 100, stepCount: 10, meterSize: "regular", fillColor: "alert", emptyColor: "danger", labelSize: "large", showLabel: false
 (3ms)
    ✓ 
  value: 50, min: 0, max: 100, stepCount: 10, meterSize: "regular", fillColor: "alert", emptyColor: "danger", labelSize: "regular", showLabel: true
 (2ms)
    ✓ 
  value: 50, min: 0, max: 100, stepCount: 10, meterSize: "regular", fillColor: "alert", emptyColor: "danger", labelSize: "regular", showLabel: false
 (1ms)
    ✓ 
  value: 50, min: 0, max: 100, stepCount: 10, meterSize: "regular", fillColor: "alert", emptyColor: "danger", labelSize: "small", showLabel: true
 (2ms)
    ✓ 
  value: 50, min: 0, max: 100, stepCount: 10, meterSize: "regular", fillColor: "alert", emptyColor: "danger", labelSize: "small", showLabel: false
 (2ms)
    ✓ 
  value: 50, min: 0, max: 100, stepCount: 10, meterSize: "regular", fillColor: "alert", emptyColor: "alert", labelSize: "large", showLabel: true
 (2ms)
    ✓ 
  value: 50, min: 0, max: 100, stepCount: 10, meterSize: "regular", fillColor: "alert", emptyColor: "alert", labelSize: "large", showLabel: false
 (2ms)
    ✓ 
  value: 50, min: 0, max: 100, stepCount: 10, meterSize: "regular", fillColor: "alert", emptyColor: "alert", labelSize: "regular", showLabel: true
 (2ms)
    ✓ 
  value: 50, min: 0, max: 100, stepCount: 10, meterSize: "regular", fillColor: "alert", emptyColor: "alert", labelSize: "regular", showLabel: false
 (3ms)
    ✓ 
  value: 50, min: 0, max: 100, stepCount: 10, meterSize: "regular", fillColor: "alert", emptyColor: "alert", labelSize: "small", showLabel: true
 (3ms)
    ✓ 
  value: 50, min: 0, max: 100, stepCount: 10, meterSize: "regular", fillColor: "alert", emptyColor: "alert", labelSize: "small", showLabel: false
 (2ms)
    ✓ 
  value: 50, min: 0, max: 100, stepCount: 10, meterSize: "regular", fillColor: "info", emptyColor: "danger", labelSize: "large", showLabel: true
 (2ms)
    ✓ 
  value: 50, min: 0, max: 100, stepCount: 10, meterSize: "regular", fillColor: "info", emptyColor: "danger", labelSize: "large", showLabel: false
 (1ms)
    ✓ 
  value: 50, min: 0, max: 100, stepCount: 10, meterSize: "regular", fillColor: "info", emptyColor: "danger", labelSize: "regular", showLabel: true
 (3ms)
    ✓ 
  value: 50, min: 0, max: 100, stepCount: 10, meterSize: "regular", fillColor: "info", emptyColor: "danger", labelSize: "regular", showLabel: false
 (3ms)
    ✓ 
  value: 50, min: 0, max: 100, stepCount: 10, meterSize: "regular", fillColor: "info", emptyColor: "danger", labelSize: "small", showLabel: true
 (1ms)
    ✓ 
  value: 50, min: 0, max: 100, stepCount: 10, meterSize: "regular", fillColor: "info", emptyColor: "danger", labelSize: "small", showLabel: false
 (1ms)
    ✓ 
  value: 50, min: 0, max: 100, stepCount: 10, meterSize: "regular", fillColor: "info", emptyColor: "alert", labelSize: "large", showLabel: true

    ✓ 
  value: 50, min: 0, max: 100, stepCount: 10, meterSize: "regular", fillColor: "info", emptyColor: "alert", labelSize: "large", showLabel: false

    ✓ 
  value: 50, min: 0, max: 100, stepCount: 10, meterSize: "regular", fillColor: "info", emptyColor: "alert", labelSize: "regular", showLabel: true
 (3ms)
    ✓ 
  value: 50, min: 0, max: 100, stepCount: 10, meterSize: "regular", fillColor: "info", emptyColor: "alert", labelSize: "regular", showLabel: false
 (2ms)
    ✓ 
  value: 50, min: 0, max: 100, stepCount: 10, meterSize: "regular", fillColor: "info", emptyColor: "alert", labelSize: "small", showLabel: true
 (3ms)
    ✓ 
  value: 50, min: 0, max: 100, stepCount: 10, meterSize: "regular", fillColor: "info", emptyColor: "alert", labelSize: "small", showLabel: false
 (4ms)
    ✓ 
  value: 50, min: 0, max: 100, stepCount: 10, meterSize: "large", fillColor: "success", emptyColor: "danger", labelSize: "large", showLabel: true
 (2ms)
    ✓ 
  value: 50, min: 0, max: 100, stepCount: 10, meterSize: "large", fillColor: "success", emptyColor: "danger", labelSize: "large", showLabel: false
 (3ms)
    ✓ 
  value: 50, min: 0, max: 100, stepCount: 10, meterSize: "large", fillColor: "success", emptyColor: "danger", labelSize: "regular", showLabel: true
 (3ms)
    ✓ 
  value: 50, min: 0, max: 100, stepCount: 10, meterSize: "large", fillColor: "success", emptyColor: "danger", labelSize: "regular", showLabel: false
 (3ms)
    ✓ 
  value: 50, min: 0, max: 100, stepCount: 10, meterSize: "large", fillColor: "success", emptyColor: "danger", labelSize: "small", showLabel: true
 (2ms)
    ✓ 
  value: 50, min: 0, max: 100, stepCount: 10, meterSize: "large", fillColor: "success", emptyColor: "danger", labelSize: "small", showLabel: false
 (4ms)
    ✓ 
  value: 50, min: 0, max: 100, stepCount: 10, meterSize: "large", fillColor: "success", emptyColor: "alert", labelSize: "large", showLabel: true
 (1ms)
    ✓ 
  value: 50, min: 0, max: 100, stepCount: 10, meterSize: "large", fillColor: "success", emptyColor: "alert", labelSize: "large", showLabel: false
 (1ms)
    ✓ 
  value: 50, min: 0, max: 100, stepCount: 10, meterSize: "large", fillColor: "success", emptyColor: "alert", labelSize: "regular", showLabel: true
 (2ms)
    ✓ 
  value: 50, min: 0, max: 100, stepCount: 10, meterSize: "large", fillColor: "success", emptyColor: "alert", labelSize: "regular", showLabel: false
 (3ms)
    ✓ 
  value: 50, min: 0, max: 100, stepCount: 10, meterSize: "large", fillColor: "success", emptyColor: "alert", labelSize: "small", showLabel: true
 (1ms)
    ✓ 
  value: 50, min: 0, max: 100, stepCount: 10, meterSize: "large", fillColor: "success", emptyColor: "alert", labelSize: "small", showLabel: false
 (2ms)
    ✓ 
  value: 50, min: 0, max: 100, stepCount: 10, meterSize: "large", fillColor: "warning", emptyColor: "danger", labelSize: "large", showLabel: true
 (3ms)
    ✓ 
  value: 50, min: 0, max: 100, stepCount: 10, meterSize: "large", fillColor: "warning", emptyColor: "danger", labelSize: "large", showLabel: false
 (2ms)
    ✓ 
  value: 50, min: 0, max: 100, stepCount: 10, meterSize: "large", fillColor: "warning", emptyColor: "danger", labelSize: "regular", showLabel: true
 (4ms)
    ✓ 
  value: 50, min: 0, max: 100, stepCount: 10, meterSize: "large", fillColor: "warning", emptyColor: "danger", labelSize: "regular", showLabel: false
 (1ms)
    ✓ 
  value: 50, min: 0, max: 100, stepCount: 10, meterSize: "large", fillColor: "warning", emptyColor: "danger", labelSize: "small", showLabel: true
 (1ms)
    ✓ 
  value: 50, min: 0, max: 100, stepCount: 10, meterSize: "large", fillColor: "warning", emptyColor: "danger", labelSize: "small", showLabel: false
 (3ms)
    ✓ 
  value: 50, min: 0, max: 100, stepCount: 10, meterSize: "large", fillColor: "warning", emptyColor: "alert", labelSize: "large", showLabel: true
 (1ms)
    ✓ 
  value: 50, min: 0, max: 100, stepCount: 10, meterSize: "large", fillColor: "warning", emptyColor: "alert", labelSize: "large", showLabel: false
 (2ms)
    ✓ 
  value: 50, min: 0, max: 100, stepCount: 10, meterSize: "large", fillColor: "warning", emptyColor: "alert", labelSize: "regular", showLabel: true
 (3ms)
    ✓ 
  value: 50, min: 0, max: 100, stepCount: 10, meterSize: "large", fillColor: "warning", emptyColor: "alert", labelSize: "regular", showLabel: false
 (1ms)
    ✓ 
  value: 50, min: 0, max: 100, stepCount: 10, meterSize: "large", fillColor: "warning", emptyColor: "alert", labelSize: "small", showLabel: true
 (3ms)
    ✓ 
  value: 50, min: 0, max: 100, stepCount: 10, meterSize: "large", fillColor: "warning", emptyColor: "alert", labelSize: "small", showLabel: false
 (1ms)
    ✓ 
  value: 50, min: 0, max: 100, stepCount: 10, meterSize: "large", fillColor: "alert", emptyColor: "danger", labelSize: "large", showLabel: true
 (3ms)
    ✓ 
  value: 50, min: 0, max: 100, stepCount: 10, meterSize: "large", fillColor: "alert", emptyColor: "danger", labelSize: "large", showLabel: false
 (2ms)
    ✓ 
  value: 50, min: 0, max: 100, stepCount: 10, meterSize: "large", fillColor: "alert", emptyColor: "danger", labelSize: "regular", showLabel: true
 (3ms)
    ✓ 
  value: 50, min: 0, max: 100, stepCount: 10, meterSize: "large", fillColor: "alert", emptyColor: "danger", labelSize: "regular", showLabel: false
 (2ms)
    ✓ 
  value: 50, min: 0, max: 100, stepCount: 10, meterSize: "large", fillColor: "alert", emptyColor: "danger", labelSize: "small", showLabel: true
 (1ms)
    ✓ 
  value: 50, min: 0, max: 100, stepCount: 10, meterSize: "large", fillColor: "alert", emptyColor: "danger", labelSize: "small", showLabel: false
 (2ms)
    ✓ 
  value: 50, min: 0, max: 100, stepCount: 10, meterSize: "large", fillColor: "alert", emptyColor: "alert", labelSize: "large", showLabel: true
 (2ms)
    ✓ 
  value: 50, min: 0, max: 100, stepCount: 10, meterSize: "large", fillColor: "alert", emptyColor: "alert", labelSize: "large", showLabel: false
 (2ms)
    ✓ 
  value: 50, min: 0, max: 100, stepCount: 10, meterSize: "large", fillColor: "alert", emptyColor: "alert", labelSize: "regular", showLabel: true
 (3ms)
    ✓ 
  value: 50, min: 0, max: 100, stepCount: 10, meterSize: "large", fillColor: "alert", emptyColor: "alert", labelSize: "regular", showLabel: false
 (1ms)
    ✓ 
  value: 50, min: 0, max: 100, stepCount: 10, meterSize: "large", fillColor: "alert", emptyColor: "alert", labelSize: "small", showLabel: true
 (3ms)
    ✓ 
  value: 50, min: 0, max: 100, stepCount: 10, meterSize: "large", fillColor: "alert", emptyColor: "alert", labelSize: "small", showLabel: false
 (1ms)
    ✓ 
  value: 50, min: 0, max: 100, stepCount: 10, meterSize: "large", fillColor: "info", emptyColor: "danger", labelSize: "large", showLabel: true
 (2ms)
    ✓ 
  value: 50, min: 0, max: 100, stepCount: 10, meterSize: "large", fillColor: "info", emptyColor: "danger", labelSize: "large", showLabel: false
 (2ms)
    ✓ 
  value: 50, min: 0, max: 100, stepCount: 10, meterSize: "large", fillColor: "info", emptyColor: "danger", labelSize: "regular", showLabel: true
 (2ms)
    ✓ 
  value: 50, min: 0, max: 100, stepCount: 10, meterSize: "large", fillColor: "info", emptyColor: "danger", labelSize: "regular", showLabel: false
 (2ms)
    ✓ 
  value: 50, min: 0, max: 100, stepCount: 10, meterSize: "large", fillColor: "info", emptyColor: "danger", labelSize: "small", showLabel: true
 (4ms)
    ✓ 
  value: 50, min: 0, max: 100, stepCount: 10, meterSize: "large", fillColor: "info", emptyColor: "danger", labelSize: "small", showLabel: false
 (2ms)
    ✓ 
  value: 50, min: 0, max: 100, stepCount: 10, meterSize: "large", fillColor: "info", emptyColor: "alert", labelSize: "large", showLabel: true
 (1ms)
    ✓ 
  value: 50, min: 0, max: 100, stepCount: 10, meterSize: "large", fillColor: "info", emptyColor: "alert", labelSize: "large", showLabel: false
 (2ms)
    ✓ 
  value: 50, min: 0, max: 100, stepCount: 10, meterSize: "large", fillColor: "info", emptyColor: "alert", labelSize: "regular", showLabel: true
 (2ms)
    ✓ 
  value: 50, min: 0, max: 100, stepCount: 10, meterSize: "large", fillColor: "info", emptyColor: "alert", labelSize: "regular", showLabel: false
 (2ms)
    ✓ 
  value: 50, min: 0, max: 100, stepCount: 10, meterSize: "large", fillColor: "info", emptyColor: "alert", labelSize: "small", showLabel: true
 (3ms)
    ✓ 
  value: 50, min: 0, max: 100, stepCount: 10, meterSize: "large", fillColor: "info", emptyColor: "alert", labelSize: "small", showLabel: false
 (2ms)
    ✓ 
  value: 50, min: 0, max: 100, stepCount: 10, meterSize: "small", fillColor: "success", emptyColor: "danger", labelSize: "large", showLabel: true
 (4ms)
    ✓ 
  value: 50, min: 0, max: 100, stepCount: 10, meterSize: "small", fillColor: "success", emptyColor: "danger", labelSize: "large", showLabel: false
 (1ms)
    ✓ 
  value: 50, min: 0, max: 100, stepCount: 10, meterSize: "small", fillColor: "success", emptyColor: "danger", labelSize: "regular", showLabel: true
 (3ms)
    ✓ 
  value: 50, min: 0, max: 100, stepCount: 10, meterSize: "small", fillColor: "success", emptyColor: "danger", labelSize: "regular", showLabel: false
 (1ms)
    ✓ 
  value: 50, min: 0, max: 100, stepCount: 10, meterSize: "small", fillColor: "success", emptyColor: "danger", labelSize: "small", showLabel: true
 (2ms)
    ✓ 
  value: 50, min: 0, max: 100, stepCount: 10, meterSize: "small", fillColor: "success", emptyColor: "danger", labelSize: "small", showLabel: false
 (1ms)
    ✓ 
  value: 50, min: 0, max: 100, stepCount: 10, meterSize: "small", fillColor: "success", emptyColor: "alert", labelSize: "large", showLabel: true
 (1ms)
    ✓ 
  value: 50, min: 0, max: 100, stepCount: 10, meterSize: "small", fillColor: "success", emptyColor: "alert", labelSize: "large", showLabel: false

    ✓ 
  value: 50, min: 0, max: 100, stepCount: 10, meterSize: "small", fillColor: "success", emptyColor: "alert", labelSize: "regular", showLabel: true
 (4ms)
    ✓ 
  value: 50, min: 0, max: 100, stepCount: 10, meterSize: "small", fillColor: "success", emptyColor: "alert", labelSize: "regular", showLabel: false
 (2ms)
    ✓ 
  value: 50, min: 0, max: 100, stepCount: 10, meterSize: "small", fillColor: "success", emptyColor: "alert", labelSize: "small", showLabel: true
 (4ms)
    ✓ 
  value: 50, min: 0, max: 100, stepCount: 10, meterSize: "small", fillColor: "success", emptyColor: "alert", labelSize: "small", showLabel: false
 (2ms)
    ✓ 
  value: 50, min: 0, max: 100, stepCount: 10, meterSize: "small", fillColor: "warning", emptyColor: "danger", labelSize: "large", showLabel: true
 (3ms)
    ✓ 
  value: 50, min: 0, max: 100, stepCount: 10, meterSize: "small", fillColor: "warning", emptyColor: "danger", labelSize: "large", showLabel: false
 (1ms)
    ✓ 
  value: 50, min: 0, max: 100, stepCount: 10, meterSize: "small", fillColor: "warning", emptyColor: "danger", labelSize: "regular", showLabel: true
 (7ms)
    ✓ 
  value: 50, min: 0, max: 100, stepCount: 10, meterSize: "small", fillColor: "warning", emptyColor: "danger", labelSize: "regular", showLabel: false
 (3ms)
    ✓ 
  value: 50, min: 0, max: 100, stepCount: 10, meterSize: "small", fillColor: "warning", emptyColor: "danger", labelSize: "small", showLabel: true
 (2ms)
    ✓ 
  value: 50, min: 0, max: 100, stepCount: 10, meterSize: "small", fillColor: "warning", emptyColor: "danger", labelSize: "small", showLabel: false
 (4ms)
    ✓ 
  value: 50, min: 0, max: 100, stepCount: 10, meterSize: "small", fillColor: "warning", emptyColor: "alert", labelSize: "large", showLabel: true
 (1ms)
    ✓ 
  value: 50, min: 0, max: 100, stepCount: 10, meterSize: "small", fillColor: "warning", emptyColor: "alert", labelSize: "large", showLabel: false
 (2ms)
    ✓ 
  value: 50, min: 0, max: 100, stepCount: 10, meterSize: "small", fillColor: "warning", emptyColor: "alert", labelSize: "regular", showLabel: true
 (1ms)
    ✓ 
  value: 50, min: 0, max: 100, stepCount: 10, meterSize: "small", fillColor: "warning", emptyColor: "alert", labelSize: "regular", showLabel: false
 (2ms)
    ✓ 
  value: 50, min: 0, max: 100, stepCount: 10, meterSize: "small", fillColor: "warning", emptyColor: "alert", labelSize: "small", showLabel: true
 (2ms)
    ✓ 
  value: 50, min: 0, max: 100, stepCount: 10, meterSize: "small", fillColor: "warning", emptyColor: "alert", labelSize: "small", showLabel: false
 (1ms)
    ✓ 
  value: 50, min: 0, max: 100, stepCount: 10, meterSize: "small", fillColor: "alert", emptyColor: "danger", labelSize: "large", showLabel: true
 (3ms)
    ✓ 
  value: 50, min: 0, max: 100, stepCount: 10, meterSize: "small", fillColor: "alert", emptyColor: "danger", labelSize: "large", showLabel: false
 (1ms)
    ✓ 
  value: 50, min: 0, max: 100, stepCount: 10, meterSize: "small", fillColor: "alert", emptyColor: "danger", labelSize: "regular", showLabel: true
 (3ms)
    ✓ 
  value: 50, min: 0, max: 100, stepCount: 10, meterSize: "small", fillColor: "alert", emptyColor: "danger", labelSize: "regular", showLabel: false
 (2ms)
    ✓ 
  value: 50, min: 0, max: 100, stepCount: 10, meterSize: "small", fillColor: "alert", emptyColor: "danger", labelSize: "small", showLabel: true
 (2ms)
    ✓ 
  value: 50, min: 0, max: 100, stepCount: 10, meterSize: "small", fillColor: "alert", emptyColor: "danger", labelSize: "small", showLabel: false
 (3ms)
    ✓ 
  value: 50, min: 0, max: 100, stepCount: 10, meterSize: "small", fillColor: "alert", emptyColor: "alert", labelSize: "large", showLabel: true
 (1ms)
    ✓ 
  value: 50, min: 0, max: 100, stepCount: 10, meterSize: "small", fillColor: "alert", emptyColor: "alert", labelSize: "large", showLabel: false
 (3ms)
    ✓ 
  value: 50, min: 0, max: 100, stepCount: 10, meterSize: "small", fillColor: "alert", emptyColor: "alert", labelSize: "regular", showLabel: true
 (2ms)
    ✓ 
  value: 50, min: 0, max: 100, stepCount: 10, meterSize: "small", fillColor: "alert", emptyColor: "alert", labelSize: "regular", showLabel: false
 (3ms)
    ✓ 
  value: 50, min: 0, max: 100, stepCount: 10, meterSize: "small", fillColor: "alert", emptyColor: "alert", labelSize: "small", showLabel: true
 (2ms)
    ✓ 
  value: 50, min: 0, max: 100, stepCount: 10, meterSize: "small", fillColor: "alert", emptyColor: "alert", labelSize: "small", showLabel: false
 (1ms)
    ✓ 
  value: 50, min: 0, max: 100, stepCount: 10, meterSize: "small", fillColor: "info", emptyColor: "danger", labelSize: "large", showLabel: true
 (3ms)
    ✓ 
  value: 50, min: 0, max: 100, stepCount: 10, meterSize: "small", fillColor: "info", emptyColor: "danger", labelSize: "large", showLabel: false
 (1ms)
    ✓ 
  value: 50, min: 0, max: 100, stepCount: 10, meterSize: "small", fillColor: "info", emptyColor: "danger", labelSize: "regular", showLabel: true
 (1ms)
    ✓ 
  value: 50, min: 0, max: 100, stepCount: 10, meterSize: "small", fillColor: "info", emptyColor: "danger", labelSize: "regular", showLabel: false
 (2ms)
    ✓ 
  value: 50, min: 0, max: 100, stepCount: 10, meterSize: "small", fillColor: "info", emptyColor: "danger", labelSize: "small", showLabel: true
 (3ms)
    ✓ 
  value: 50, min: 0, max: 100, stepCount: 10, meterSize: "small", fillColor: "info", emptyColor: "danger", labelSize: "small", showLabel: false
 (2ms)
    ✓ 
  value: 50, min: 0, max: 100, stepCount: 10, meterSize: "small", fillColor: "info", emptyColor: "alert", labelSize: "large", showLabel: true
 (3ms)
    ✓ 
  value: 50, min: 0, max: 100, stepCount: 10, meterSize: "small", fillColor: "info", emptyColor: "alert", labelSize: "large", showLabel: false
 (1ms)
    ✓ 
  value: 50, min: 0, max: 100, stepCount: 10, meterSize: "small", fillColor: "info", emptyColor: "alert", labelSize: "regular", showLabel: true
 (2ms)
    ✓ 
  value: 50, min: 0, max: 100, stepCount: 10, meterSize: "small", fillColor: "info", emptyColor: "alert", labelSize: "regular", showLabel: false
 (3ms)
    ✓ 
  value: 50, min: 0, max: 100, stepCount: 10, meterSize: "small", fillColor: "info", emptyColor: "alert", labelSize: "small", showLabel: true
 (2ms)
    ✓ 
  value: 50, min: 0, max: 100, stepCount: 10, meterSize: "small", fillColor: "info", emptyColor: "alert", labelSize: "small", showLabel: false
 (2ms)
    ✓ 
  value: 75, min: 0, max: 100, stepCount: 5, meterSize: "regular", fillColor: "success", emptyColor: "danger", labelSize: "large", showLabel: true
 (1ms)
    ✓ 
  value: 75, min: 0, max: 100, stepCount: 5, meterSize: "regular", fillColor: "success", emptyColor: "danger", labelSize: "large", showLabel: false
 (1ms)
    ✓ 
  value: 75, min: 0, max: 100, stepCount: 5, meterSize: "regular", fillColor: "success", emptyColor: "danger", labelSize: "regular", showLabel: true
 (2ms)
    ✓ 
  value: 75, min: 0, max: 100, stepCount: 5, meterSize: "regular", fillColor: "success", emptyColor: "danger", labelSize: "regular", showLabel: false
 (2ms)
    ✓ 
  value: 75, min: 0, max: 100, stepCount: 5, meterSize: "regular", fillColor: "success", emptyColor: "danger", labelSize: "small", showLabel: true
 (2ms)
    ✓ 
  value: 75, min: 0, max: 100, stepCount: 5, meterSize: "regular", fillColor: "success", emptyColor: "danger", labelSize: "small", showLabel: false
 (5ms)
    ✓ 
  value: 75, min: 0, max: 100, stepCount: 5, meterSize: "regular", fillColor: "success", emptyColor: "alert", labelSize: "large", showLabel: true
 (1ms)
    ✓ 
  value: 75, min: 0, max: 100, stepCount: 5, meterSize: "regular", fillColor: "success", emptyColor: "alert", labelSize: "large", showLabel: false
 (1ms)
    ✓ 
  value: 75, min: 0, max: 100, stepCount: 5, meterSize: "regular", fillColor: "success", emptyColor: "alert", labelSize: "regular", showLabel: true
 (2ms)
    ✓ 
  value: 75, min: 0, max: 100, stepCount: 5, meterSize: "regular", fillColor: "success", emptyColor: "alert", labelSize: "regular", showLabel: false
 (1ms)
    ✓ 
  value: 75, min: 0, max: 100, stepCount: 5, meterSize: "regular", fillColor: "success", emptyColor: "alert", labelSize: "small", showLabel: true
 (3ms)
    ✓ 
  value: 75, min: 0, max: 100, stepCount: 5, meterSize: "regular", fillColor: "success", emptyColor: "alert", labelSize: "small", showLabel: false
 (2ms)
    ✓ 
  value: 75, min: 0, max: 100, stepCount: 5, meterSize: "regular", fillColor: "warning", emptyColor: "danger", labelSize: "large", showLabel: true
 (1ms)
    ✓ 
  value: 75, min: 0, max: 100, stepCount: 5, meterSize: "regular", fillColor: "warning", emptyColor: "danger", labelSize: "large", showLabel: false
 (1ms)
    ✓ 
  value: 75, min: 0, max: 100, stepCount: 5, meterSize: "regular", fillColor: "warning", emptyColor: "danger", labelSize: "regular", showLabel: true
 (2ms)
    ✓ 
  value: 75, min: 0, max: 100, stepCount: 5, meterSize: "regular", fillColor: "warning", emptyColor: "danger", labelSize: "regular", showLabel: false
 (1ms)
    ✓ 
  value: 75, min: 0, max: 100, stepCount: 5, meterSize: "regular", fillColor: "warning", emptyColor: "danger", labelSize: "small", showLabel: true
 (2ms)
    ✓ 
  value: 75, min: 0, max: 100, stepCount: 5, meterSize: "regular", fillColor: "warning", emptyColor: "danger", labelSize: "small", showLabel: false
 (1ms)
    ✓ 
  value: 75, min: 0, max: 100, stepCount: 5, meterSize: "regular", fillColor: "warning", emptyColor: "alert", labelSize: "large", showLabel: true
 (2ms)
    ✓ 
  value: 75, min: 0, max: 100, stepCount: 5, meterSize: "regular", fillColor: "warning", emptyColor: "alert", labelSize: "large", showLabel: false
 (2ms)
    ✓ 
  value: 75, min: 0, max: 100, stepCount: 5, meterSize: "regular", fillColor: "warning", emptyColor: "alert", labelSize: "regular", showLabel: true
 (1ms)
    ✓ 
  value: 75, min: 0, max: 100, stepCount: 5, meterSize: "regular", fillColor: "warning", emptyColor: "alert", labelSize: "regular", showLabel: false
 (1ms)
    ✓ 
  value: 75, min: 0, max: 100, stepCount: 5, meterSize: "regular", fillColor: "warning", emptyColor: "alert", labelSize: "small", showLabel: true

    ✓ 
  value: 75, min: 0, max: 100, stepCount: 5, meterSize: "regular", fillColor: "warning", emptyColor: "alert", labelSize: "small", showLabel: false
 (3ms)
    ✓ 
  value: 75, min: 0, max: 100, stepCount: 5, meterSize: "regular", fillColor: "alert", emptyColor: "danger", labelSize: "large", showLabel: true
 (2ms)
    ✓ 
  value: 75, min: 0, max: 100, stepCount: 5, meterSize: "regular", fillColor: "alert", emptyColor: "danger", labelSize: "large", showLabel: false
 (2ms)
    ✓ 
  value: 75, min: 0, max: 100, stepCount: 5, meterSize: "regular", fillColor: "alert", emptyColor: "danger", labelSize: "regular", showLabel: true
 (2ms)
    ✓ 
  value: 75, min: 0, max: 100, stepCount: 5, meterSize: "regular", fillColor: "alert", emptyColor: "danger", labelSize: "regular", showLabel: false
 (3ms)
    ✓ 
  value: 75, min: 0, max: 100, stepCount: 5, meterSize: "regular", fillColor: "alert", emptyColor: "danger", labelSize: "small", showLabel: true
 (1ms)
    ✓ 
  value: 75, min: 0, max: 100, stepCount: 5, meterSize: "regular", fillColor: "alert", emptyColor: "danger", labelSize: "small", showLabel: false
 (1ms)
    ✓ 
  value: 75, min: 0, max: 100, stepCount: 5, meterSize: "regular", fillColor: "alert", emptyColor: "alert", labelSize: "large", showLabel: true
 (1ms)
    ✓ 
  value: 75, min: 0, max: 100, stepCount: 5, meterSize: "regular", fillColor: "alert", emptyColor: "alert", labelSize: "large", showLabel: false
 (1ms)
    ✓ 
  value: 75, min: 0, max: 100, stepCount: 5, meterSize: "regular", fillColor: "alert", emptyColor: "alert", labelSize: "regular", showLabel: true
 (2ms)
    ✓ 
  value: 75, min: 0, max: 100, stepCount: 5, meterSize: "regular", fillColor: "alert", emptyColor: "alert", labelSize: "regular", showLabel: false
 (2ms)
    ✓ 
  value: 75, min: 0, max: 100, stepCount: 5, meterSize: "regular", fillColor: "alert", emptyColor: "alert", labelSize: "small", showLabel: true
 (2ms)
    ✓ 
  value: 75, min: 0, max: 100, stepCount: 5, meterSize: "regular", fillColor: "alert", emptyColor: "alert", labelSize: "small", showLabel: false
 (1ms)
    ✓ 
  value: 75, min: 0, max: 100, stepCount: 5, meterSize: "regular", fillColor: "info", emptyColor: "danger", labelSize: "large", showLabel: true
 (2ms)
    ✓ 
  value: 75, min: 0, max: 100, stepCount: 5, meterSize: "regular", fillColor: "info", emptyColor: "danger", labelSize: "large", showLabel: false

    ✓ 
  value: 75, min: 0, max: 100, stepCount: 5, meterSize: "regular", fillColor: "info", emptyColor: "danger", labelSize: "regular", showLabel: true

    ✓ 
  value: 75, min: 0, max: 100, stepCount: 5, meterSize: "regular", fillColor: "info", emptyColor: "danger", labelSize: "regular", showLabel: false
 (2ms)
    ✓ 
  value: 75, min: 0, max: 100, stepCount: 5, meterSize: "regular", fillColor: "info", emptyColor: "danger", labelSize: "small", showLabel: true
 (2ms)
    ✓ 
  value: 75, min: 0, max: 100, stepCount: 5, meterSize: "regular", fillColor: "info", emptyColor: "danger", labelSize: "small", showLabel: false
 (2ms)
    ✓ 
  value: 75, min: 0, max: 100, stepCount: 5, meterSize: "regular", fillColor: "info", emptyColor: "alert", labelSize: "large", showLabel: true
 (1ms)
    ✓ 
  value: 75, min: 0, max: 100, stepCount: 5, meterSize: "regular", fillColor: "info", emptyColor: "alert", labelSize: "large", showLabel: false
 (2ms)
    ✓ 
  value: 75, min: 0, max: 100, stepCount: 5, meterSize: "regular", fillColor: "info", emptyColor: "alert", labelSize: "regular", showLabel: true
 (2ms)
    ✓ 
  value: 75, min: 0, max: 100, stepCount: 5, meterSize: "regular", fillColor: "info", emptyColor: "alert", labelSize: "regular", showLabel: false
 (2ms)
    ✓ 
  value: 75, min: 0, max: 100, stepCount: 5, meterSize: "regular", fillColor: "info", emptyColor: "alert", labelSize: "small", showLabel: true
 (1ms)
    ✓ 
  value: 75, min: 0, max: 100, stepCount: 5, meterSize: "regular", fillColor: "info", emptyColor: "alert", labelSize: "small", showLabel: false
 (2ms)
    ✓ 
  value: 75, min: 0, max: 100, stepCount: 5, meterSize: "large", fillColor: "success", emptyColor: "danger", labelSize: "large", showLabel: true
 (2ms)
    ✓ 
  value: 75, min: 0, max: 100, stepCount: 5, meterSize: "large", fillColor: "success", emptyColor: "danger", labelSize: "large", showLabel: false
 (1ms)
    ✓ 
  value: 75, min: 0, max: 100, stepCount: 5, meterSize: "large", fillColor: "success", emptyColor: "danger", labelSize: "regular", showLabel: true
 (3ms)
    ✓ 
  value: 75, min: 0, max: 100, stepCount: 5, meterSize: "large", fillColor: "success", emptyColor: "danger", labelSize: "regular", showLabel: false
 (2ms)
    ✓ 
  value: 75, min: 0, max: 100, stepCount: 5, meterSize: "large", fillColor: "success", emptyColor: "danger", labelSize: "small", showLabel: true
 (6ms)
    ✓ 
  value: 75, min: 0, max: 100, stepCount: 5, meterSize: "large", fillColor: "success", emptyColor: "danger", labelSize: "small", showLabel: false
 (7ms)
    ✓ 
  value: 75, min: 0, max: 100, stepCount: 5, meterSize: "large", fillColor: "success", emptyColor: "alert", labelSize: "large", showLabel: true
 (6ms)
    ✓ 
  value: 75, min: 0, max: 100, stepCount: 5, meterSize: "large", fillColor: "success", emptyColor: "alert", labelSize: "large", showLabel: false
 (1ms)
    ✓ 
  value: 75, min: 0, max: 100, stepCount: 5, meterSize: "large", fillColor: "success", emptyColor: "alert", labelSize: "regular", showLabel: true
 (2ms)
    ✓ 
  value: 75, min: 0, max: 100, stepCount: 5, meterSize: "large", fillColor: "success", emptyColor: "alert", labelSize: "regular", showLabel: false
 (2ms)
    ✓ 
  value: 75, min: 0, max: 100, stepCount: 5, meterSize: "large", fillColor: "success", emptyColor: "alert", labelSize: "small", showLabel: true
 (1ms)
    ✓ 
  value: 75, min: 0, max: 100, stepCount: 5, meterSize: "large", fillColor: "success", emptyColor: "alert", labelSize: "small", showLabel: false
 (2ms)
    ✓ 
  value: 75, min: 0, max: 100, stepCount: 5, meterSize: "large", fillColor: "warning", emptyColor: "danger", labelSize: "large", showLabel: true
 (1ms)
    ✓ 
  value: 75, min: 0, max: 100, stepCount: 5, meterSize: "large", fillColor: "warning", emptyColor: "danger", labelSize: "large", showLabel: false
 (2ms)
    ✓ 
  value: 75, min: 0, max: 100, stepCount: 5, meterSize: "large", fillColor: "warning", emptyColor: "danger", labelSize: "regular", showLabel: true
 (1ms)
    ✓ 
  value: 75, min: 0, max: 100, stepCount: 5, meterSize: "large", fillColor: "warning", emptyColor: "danger", labelSize: "regular", showLabel: false
 (1ms)
    ✓ 
  value: 75, min: 0, max: 100, stepCount: 5, meterSize: "large", fillColor: "warning", emptyColor: "danger", labelSize: "small", showLabel: true
 (1ms)
    ✓ 
  value: 75, min: 0, max: 100, stepCount: 5, meterSize: "large", fillColor: "warning", emptyColor: "danger", labelSize: "small", showLabel: false
 (1ms)
    ✓ 
  value: 75, min: 0, max: 100, stepCount: 5, meterSize: "large", fillColor: "warning", emptyColor: "alert", labelSize: "large", showLabel: true
 (1ms)
    ✓ 
  value: 75, min: 0, max: 100, stepCount: 5, meterSize: "large", fillColor: "warning", emptyColor: "alert", labelSize: "large", showLabel: false
 (2ms)
    ✓ 
  value: 75, min: 0, max: 100, stepCount: 5, meterSize: "large", fillColor: "warning", emptyColor: "alert", labelSize: "regular", showLabel: true
 (3ms)
    ✓ 
  value: 75, min: 0, max: 100, stepCount: 5, meterSize: "large", fillColor: "warning", emptyColor: "alert", labelSize: "regular", showLabel: false
 (1ms)
    ✓ 
  value: 75, min: 0, max: 100, stepCount: 5, meterSize: "large", fillColor: "warning", emptyColor: "alert", labelSize: "small", showLabel: true
 (2ms)
    ✓ 
  value: 75, min: 0, max: 100, stepCount: 5, meterSize: "large", fillColor: "warning", emptyColor: "alert", labelSize: "small", showLabel: false

    ✓ 
  value: 75, min: 0, max: 100, stepCount: 5, meterSize: "large", fillColor: "alert", emptyColor: "danger", labelSize: "large", showLabel: true
 (2ms)
    ✓ 
  value: 75, min: 0, max: 100, stepCount: 5, meterSize: "large", fillColor: "alert", emptyColor: "danger", labelSize: "large", showLabel: false
 (1ms)
    ✓ 
  value: 75, min: 0, max: 100, stepCount: 5, meterSize: "large", fillColor: "alert", emptyColor: "danger", labelSize: "regular", showLabel: true
 (1ms)
    ✓ 
  value: 75, min: 0, max: 100, stepCount: 5, meterSize: "large", fillColor: "alert", emptyColor: "danger", labelSize: "regular", showLabel: false
 (1ms)
    ✓ 
  value: 75, min: 0, max: 100, stepCount: 5, meterSize: "large", fillColor: "alert", emptyColor: "danger", labelSize: "small", showLabel: true
 (2ms)
    ✓ 
  value: 75, min: 0, max: 100, stepCount: 5, meterSize: "large", fillColor: "alert", emptyColor: "danger", labelSize: "small", showLabel: false
 (2ms)
    ✓ 
  value: 75, min: 0, max: 100, stepCount: 5, meterSize: "large", fillColor: "alert", emptyColor: "alert", labelSize: "large", showLabel: true
 (4ms)
    ✓ 
  value: 75, min: 0, max: 100, stepCount: 5, meterSize: "large", fillColor: "alert", emptyColor: "alert", labelSize: "large", showLabel: false
 (2ms)
    ✓ 
  value: 75, min: 0, max: 100, stepCount: 5, meterSize: "large", fillColor: "alert", emptyColor: "alert", labelSize: "regular", showLabel: true
 (1ms)
    ✓ 
  value: 75, min: 0, max: 100, stepCount: 5, meterSize: "large", fillColor: "alert", emptyColor: "alert", labelSize: "regular", showLabel: false
 (2ms)
    ✓ 
  value: 75, min: 0, max: 100, stepCount: 5, meterSize: "large", fillColor: "alert", emptyColor: "alert", labelSize: "small", showLabel: true
 (2ms)
    ✓ 
  value: 75, min: 0, max: 100, stepCount: 5, meterSize: "large", fillColor: "alert", emptyColor: "alert", labelSize: "small", showLabel: false
 (1ms)
    ✓ 
  value: 75, min: 0, max: 100, stepCount: 5, meterSize: "large", fillColor: "info", emptyColor: "danger", labelSize: "large", showLabel: true
 (2ms)
    ✓ 
  value: 75, min: 0, max: 100, stepCount: 5, meterSize: "large", fillColor: "info", emptyColor: "danger", labelSize: "large", showLabel: false
 (1ms)
    ✓ 
  value: 75, min: 0, max: 100, stepCount: 5, meterSize: "large", fillColor: "info", emptyColor: "danger", labelSize: "regular", showLabel: true
 (2ms)
    ✓ 
  value: 75, min: 0, max: 100, stepCount: 5, meterSize: "large", fillColor: "info", emptyColor: "danger", labelSize: "regular", showLabel: false

    ✓ 
  value: 75, min: 0, max: 100, stepCount: 5, meterSize: "large", fillColor: "info", emptyColor: "danger", labelSize: "small", showLabel: true
 (1ms)
    ✓ 
  value: 75, min: 0, max: 100, stepCount: 5, meterSize: "large", fillColor: "info", emptyColor: "danger", labelSize: "small", showLabel: false
 (2ms)
    ✓ 
  value: 75, min: 0, max: 100, stepCount: 5, meterSize: "large", fillColor: "info", emptyColor: "alert", labelSize: "large", showLabel: true
 (1ms)
    ✓ 
  value: 75, min: 0, max: 100, stepCount: 5, meterSize: "large", fillColor: "info", emptyColor: "alert", labelSize: "large", showLabel: false
 (1ms)
    ✓ 
  value: 75, min: 0, max: 100, stepCount: 5, meterSize: "large", fillColor: "info", emptyColor: "alert", labelSize: "regular", showLabel: true
 (3ms)
    ✓ 
  value: 75, min: 0, max: 100, stepCount: 5, meterSize: "large", fillColor: "info", emptyColor: "alert", labelSize: "regular", showLabel: false
 (2ms)
    ✓ 
  value: 75, min: 0, max: 100, stepCount: 5, meterSize: "large", fillColor: "info", emptyColor: "alert", labelSize: "small", showLabel: true
 (1ms)
    ✓ 
  value: 75, min: 0, max: 100, stepCount: 5, meterSize: "large", fillColor: "info", emptyColor: "alert", labelSize: "small", showLabel: false

    ✓ 
  value: 75, min: 0, max: 100, stepCount: 5, meterSize: "small", fillColor: "success", emptyColor: "danger", labelSize: "large", showLabel: true
 (1ms)
    ✓ 
  value: 75, min: 0, max: 100, stepCount: 5, meterSize: "small", fillColor: "success", emptyColor: "danger", labelSize: "large", showLabel: false
 (1ms)
    ✓ 
  value: 75, min: 0, max: 100, stepCount: 5, meterSize: "small", fillColor: "success", emptyColor: "danger", labelSize: "regular", showLabel: true
 (4ms)
    ✓ 
  value: 75, min: 0, max: 100, stepCount: 5, meterSize: "small", fillColor: "success", emptyColor: "danger", labelSize: "regular", showLabel: false
 (3ms)
    ✓ 
  value: 75, min: 0, max: 100, stepCount: 5, meterSize: "small", fillColor: "success", emptyColor: "danger", labelSize: "small", showLabel: true
 (3ms)
    ✓ 
  value: 75, min: 0, max: 100, stepCount: 5, meterSize: "small", fillColor: "success", emptyColor: "danger", labelSize: "small", showLabel: false
 (2ms)
    ✓ 
  value: 75, min: 0, max: 100, stepCount: 5, meterSize: "small", fillColor: "success", emptyColor: "alert", labelSize: "large", showLabel: true
 (3ms)
    ✓ 
  value: 75, min: 0, max: 100, stepCount: 5, meterSize: "small", fillColor: "success", emptyColor: "alert", labelSize: "large", showLabel: false
 (1ms)
    ✓ 
  value: 75, min: 0, max: 100, stepCount: 5, meterSize: "small", fillColor: "success", emptyColor: "alert", labelSize: "regular", showLabel: true
 (2ms)
    ✓ 
  value: 75, min: 0, max: 100, stepCount: 5, meterSize: "small", fillColor: "success", emptyColor: "alert", labelSize: "regular", showLabel: false
 (2ms)
    ✓ 
  value: 75, min: 0, max: 100, stepCount: 5, meterSize: "small", fillColor: "success", emptyColor: "alert", labelSize: "small", showLabel: true
 (3ms)
    ✓ 
  value: 75, min: 0, max: 100, stepCount: 5, meterSize: "small", fillColor: "success", emptyColor: "alert", labelSize: "small", showLabel: false
 (2ms)
    ✓ 
  value: 75, min: 0, max: 100, stepCount: 5, meterSize: "small", fillColor: "warning", emptyColor: "danger", labelSize: "large", showLabel: true

    ✓ 
  value: 75, min: 0, max: 100, stepCount: 5, meterSize: "small", fillColor: "warning", emptyColor: "danger", labelSize: "large", showLabel: false
 (3ms)
    ✓ 
  value: 75, min: 0, max: 100, stepCount: 5, meterSize: "small", fillColor: "warning", emptyColor: "danger", labelSize: "regular", showLabel: true
 (2ms)
    ✓ 
  value: 75, min: 0, max: 100, stepCount: 5, meterSize: "small", fillColor: "warning", emptyColor: "danger", labelSize: "regular", showLabel: false
 (2ms)
    ✓ 
  value: 75, min: 0, max: 100, stepCount: 5, meterSize: "small", fillColor: "warning", emptyColor: "danger", labelSize: "small", showLabel: true
 (2ms)
    ✓ 
  value: 75, min: 0, max: 100, stepCount: 5, meterSize: "small", fillColor: "warning", emptyColor: "danger", labelSize: "small", showLabel: false
 (2ms)
    ✓ 
  value: 75, min: 0, max: 100, stepCount: 5, meterSize: "small", fillColor: "warning", emptyColor: "alert", labelSize: "large", showLabel: true
 (1ms)
    ✓ 
  value: 75, min: 0, max: 100, stepCount: 5, meterSize: "small", fillColor: "warning", emptyColor: "alert", labelSize: "large", showLabel: false
 (1ms)
    ✓ 
  value: 75, min: 0, max: 100, stepCount: 5, meterSize: "small", fillColor: "warning", emptyColor: "alert", labelSize: "regular", showLabel: true

    ✓ 
  value: 75, min: 0, max: 100, stepCount: 5, meterSize: "small", fillColor: "warning", emptyColor: "alert", labelSize: "regular", showLabel: false

    ✓ 
  value: 75, min: 0, max: 100, stepCount: 5, meterSize: "small", fillColor: "warning", emptyColor: "alert", labelSize: "small", showLabel: true
 (2ms)
    ✓ 
  value: 75, min: 0, max: 100, stepCount: 5, meterSize: "small", fillColor: "warning", emptyColor: "alert", labelSize: "small", showLabel: false
 (2ms)
    ✓ 
  value: 75, min: 0, max: 100, stepCount: 5, meterSize: "small", fillColor: "alert", emptyColor: "danger", labelSize: "large", showLabel: true
 (3ms)
    ✓ 
  value: 75, min: 0, max: 100, stepCount: 5, meterSize: "small", fillColor: "alert", emptyColor: "danger", labelSize: "large", showLabel: false

    ✓ 
  value: 75, min: 0, max: 100, stepCount: 5, meterSize: "small", fillColor: "alert", emptyColor: "danger", labelSize: "regular", showLabel: true
 (1ms)
    ✓ 
  value: 75, min: 0, max: 100, stepCount: 5, meterSize: "small", fillColor: "alert", emptyColor: "danger", labelSize: "regular", showLabel: false

    ✓ 
  value: 75, min: 0, max: 100, stepCount: 5, meterSize: "small", fillColor: "alert", emptyColor: "danger", labelSize: "small", showLabel: true
 (1ms)
    ✓ 
  value: 75, min: 0, max: 100, stepCount: 5, meterSize: "small", fillColor: "alert", emptyColor: "danger", labelSize: "small", showLabel: false
 (3ms)
    ✓ 
  value: 75, min: 0, max: 100, stepCount: 5, meterSize: "small", fillColor: "alert", emptyColor: "alert", labelSize: "large", showLabel: true
 (2ms)
    ✓ 
  value: 75, min: 0, max: 100, stepCount: 5, meterSize: "small", fillColor: "alert", emptyColor: "alert", labelSize: "large", showLabel: false
 (2ms)
    ✓ 
  value: 75, min: 0, max: 100, stepCount: 5, meterSize: "small", fillColor: "alert", emptyColor: "alert", labelSize: "regular", showLabel: true
 (3ms)
    ✓ 
  value: 75, min: 0, max: 100, stepCount: 5, meterSize: "small", fillColor: "alert", emptyColor: "alert", labelSize: "regular", showLabel: false
 (2ms)
    ✓ 
  value: 75, min: 0, max: 100, stepCount: 5, meterSize: "small", fillColor: "alert", emptyColor: "alert", labelSize: "small", showLabel: true
 (3ms)
    ✓ 
  value: 75, min: 0, max: 100, stepCount: 5, meterSize: "small", fillColor: "alert", emptyColor: "alert", labelSize: "small", showLabel: false
 (2ms)
    ✓ 
  value: 75, min: 0, max: 100, stepCount: 5, meterSize: "small", fillColor: "info", emptyColor: "danger", labelSize: "large", showLabel: true
 (1ms)
    ✓ 
  value: 75, min: 0, max: 100, stepCount: 5, meterSize: "small", fillColor: "info", emptyColor: "danger", labelSize: "large", showLabel: false
 (2ms)
    ✓ 
  value: 75, min: 0, max: 100, stepCount: 5, meterSize: "small", fillColor: "info", emptyColor: "danger", labelSize: "regular", showLabel: true
 (2ms)
    ✓ 
  value: 75, min: 0, max: 100, stepCount: 5, meterSize: "small", fillColor: "info", emptyColor: "danger", labelSize: "regular", showLabel: false
 (2ms)
    ✓ 
  value: 75, min: 0, max: 100, stepCount: 5, meterSize: "small", fillColor: "info", emptyColor: "danger", labelSize: "small", showLabel: true
 (3ms)
    ✓ 
  value: 75, min: 0, max: 100, stepCount: 5, meterSize: "small", fillColor: "info", emptyColor: "danger", labelSize: "small", showLabel: false
 (2ms)
    ✓ 
  value: 75, min: 0, max: 100, stepCount: 5, meterSize: "small", fillColor: "info", emptyColor: "alert", labelSize: "large", showLabel: true
 (1ms)
    ✓ 
  value: 75, min: 0, max: 100, stepCount: 5, meterSize: "small", fillColor: "info", emptyColor: "alert", labelSize: "large", showLabel: false
 (1ms)
    ✓ 
  value: 75, min: 0, max: 100, stepCount: 5, meterSize: "small", fillColor: "info", emptyColor: "alert", labelSize: "regular", showLabel: true
 (3ms)
    ✓ 
  value: 75, min: 0, max: 100, stepCount: 5, meterSize: "small", fillColor: "info", emptyColor: "alert", labelSize: "regular", showLabel: false
 (1ms)
    ✓ 
  value: 75, min: 0, max: 100, stepCount: 5, meterSize: "small", fillColor: "info", emptyColor: "alert", labelSize: "small", showLabel: true
 (2ms)
    ✓ 
  value: 75, min: 0, max: 100, stepCount: 5, meterSize: "small", fillColor: "info", emptyColor: "alert", labelSize: "small", showLabel: false
 (1ms)
    ✓ 
  value: 75, min: 0, max: 100, stepCount: 10, meterSize: "regular", fillColor: "success", emptyColor: "danger", labelSize: "large", showLabel: true
 (1ms)
    ✓ 
  value: 75, min: 0, max: 100, stepCount: 10, meterSize: "regular", fillColor: "success", emptyColor: "danger", labelSize: "large", showLabel: false
 (2ms)
    ✓ 
  value: 75, min: 0, max: 100, stepCount: 10, meterSize: "regular", fillColor: "success", emptyColor: "danger", labelSize: "regular", showLabel: true
 (3ms)
    ✓ 
  value: 75, min: 0, max: 100, stepCount: 10, meterSize: "regular", fillColor: "success", emptyColor: "danger", labelSize: "regular", showLabel: false
 (2ms)
    ✓ 
  value: 75, min: 0, max: 100, stepCount: 10, meterSize: "regular", fillColor: "success", emptyColor: "danger", labelSize: "small", showLabel: true
 (3ms)
    ✓ 
  value: 75, min: 0, max: 100, stepCount: 10, meterSize: "regular", fillColor: "success", emptyColor: "danger", labelSize: "small", showLabel: false
 (1ms)
    ✓ 
  value: 75, min: 0, max: 100, stepCount: 10, meterSize: "regular", fillColor: "success", emptyColor: "alert", labelSize: "large", showLabel: true
 (1ms)
    ✓ 
  value: 75, min: 0, max: 100, stepCount: 10, meterSize: "regular", fillColor: "success", emptyColor: "alert", labelSize: "large", showLabel: false
 (3ms)
    ✓ 
  value: 75, min: 0, max: 100, stepCount: 10, meterSize: "regular", fillColor: "success", emptyColor: "alert", labelSize: "regular", showLabel: true
 (3ms)
    ✓ 
  value: 75, min: 0, max: 100, stepCount: 10, meterSize: "regular", fillColor: "success", emptyColor: "alert", labelSize: "regular", showLabel: false
 (3ms)
    ✓ 
  value: 75, min: 0, max: 100, stepCount: 10, meterSize: "regular", fillColor: "success", emptyColor: "alert", labelSize: "small", showLabel: true
 (2ms)
    ✓ 
  value: 75, min: 0, max: 100, stepCount: 10, meterSize: "regular", fillColor: "success", emptyColor: "alert", labelSize: "small", showLabel: false
 (2ms)
    ✓ 
  value: 75, min: 0, max: 100, stepCount: 10, meterSize: "regular", fillColor: "warning", emptyColor: "danger", labelSize: "large", showLabel: true
 (2ms)
    ✓ 
  value: 75, min: 0, max: 100, stepCount: 10, meterSize: "regular", fillColor: "warning", emptyColor: "danger", labelSize: "large", showLabel: false
 (1ms)
    ✓ 
  value: 75, min: 0, max: 100, stepCount: 10, meterSize: "regular", fillColor: "warning", emptyColor: "danger", labelSize: "regular", showLabel: true
 (2ms)
    ✓ 
  value: 75, min: 0, max: 100, stepCount: 10, meterSize: "regular", fillColor: "warning", emptyColor: "danger", labelSize: "regular", showLabel: false
 (1ms)
    ✓ 
  value: 75, min: 0, max: 100, stepCount: 10, meterSize: "regular", fillColor: "warning", emptyColor: "danger", labelSize: "small", showLabel: true
 (1ms)
    ✓ 
  value: 75, min: 0, max: 100, stepCount: 10, meterSize: "regular", fillColor: "warning", emptyColor: "danger", labelSize: "small", showLabel: false
 (3ms)
    ✓ 
  value: 75, min: 0, max: 100, stepCount: 10, meterSize: "regular", fillColor: "warning", emptyColor: "alert", labelSize: "large", showLabel: true
 (2ms)
    ✓ 
  value: 75, min: 0, max: 100, stepCount: 10, meterSize: "regular", fillColor: "warning", emptyColor: "alert", labelSize: "large", showLabel: false
 (3ms)
    ✓ 
  value: 75, min: 0, max: 100, stepCount: 10, meterSize: "regular", fillColor: "warning", emptyColor: "alert", labelSize: "regular", showLabel: true
 (2ms)
    ✓ 
  value: 75, min: 0, max: 100, stepCount: 10, meterSize: "regular", fillColor: "warning", emptyColor: "alert", labelSize: "regular", showLabel: false
 (1ms)
    ✓ 
  value: 75, min: 0, max: 100, stepCount: 10, meterSize: "regular", fillColor: "warning", emptyColor: "alert", labelSize: "small", showLabel: true
 (1ms)
    ✓ 
  value: 75, min: 0, max: 100, stepCount: 10, meterSize: "regular", fillColor: "warning", emptyColor: "alert", labelSize: "small", showLabel: false
 (3ms)
    ✓ 
  value: 75, min: 0, max: 100, stepCount: 10, meterSize: "regular", fillColor: "alert", emptyColor: "danger", labelSize: "large", showLabel: true
 (2ms)
    ✓ 
  value: 75, min: 0, max: 100, stepCount: 10, meterSize: "regular", fillColor: "alert", emptyColor: "danger", labelSize: "large", showLabel: false
 (2ms)
    ✓ 
  value: 75, min: 0, max: 100, stepCount: 10, meterSize: "regular", fillColor: "alert", emptyColor: "danger", labelSize: "regular", showLabel: true
 (3ms)
    ✓ 
  value: 75, min: 0, max: 100, stepCount: 10, meterSize: "regular", fillColor: "alert", emptyColor: "danger", labelSize: "regular", showLabel: false
 (2ms)
    ✓ 
  value: 75, min: 0, max: 100, stepCount: 10, meterSize: "regular", fillColor: "alert", emptyColor: "danger", labelSize: "small", showLabel: true
 (2ms)
    ✓ 
  value: 75, min: 0, max: 100, stepCount: 10, meterSize: "regular", fillColor: "alert", emptyColor: "danger", labelSize: "small", showLabel: false
 (3ms)
    ✓ 
  value: 75, min: 0, max: 100, stepCount: 10, meterSize: "regular", fillColor: "alert", emptyColor: "alert", labelSize: "large", showLabel: true
 (1ms)
    ✓ 
  value: 75, min: 0, max: 100, stepCount: 10, meterSize: "regular", fillColor: "alert", emptyColor: "alert", labelSize: "large", showLabel: false
 (2ms)
    ✓ 
  value: 75, min: 0, max: 100, stepCount: 10, meterSize: "regular", fillColor: "alert", emptyColor: "alert", labelSize: "regular", showLabel: true
 (2ms)
    ✓ 
  value: 75, min: 0, max: 100, stepCount: 10, meterSize: "regular", fillColor: "alert", emptyColor: "alert", labelSize: "regular", showLabel: false
 (1ms)
    ✓ 
  value: 75, min: 0, max: 100, stepCount: 10, meterSize: "regular", fillColor: "alert", emptyColor: "alert", labelSize: "small", showLabel: true
 (3ms)
    ✓ 
  value: 75, min: 0, max: 100, stepCount: 10, meterSize: "regular", fillColor: "alert", emptyColor: "alert", labelSize: "small", showLabel: false
 (1ms)
    ✓ 
  value: 75, min: 0, max: 100, stepCount: 10, meterSize: "regular", fillColor: "info", emptyColor: "danger", labelSize: "large", showLabel: true
 (1ms)
    ✓ 
  value: 75, min: 0, max: 100, stepCount: 10, meterSize: "regular", fillColor: "info", emptyColor: "danger", labelSize: "large", showLabel: false
 (1ms)
    ✓ 
  value: 75, min: 0, max: 100, stepCount: 10, meterSize: "regular", fillColor: "info", emptyColor: "danger", labelSize: "regular", showLabel: true
 (1ms)
    ✓ 
  value: 75, min: 0, max: 100, stepCount: 10, meterSize: "regular", fillColor: "info", emptyColor: "danger", labelSize: "regular", showLabel: false
 (1ms)
    ✓ 
  value: 75, min: 0, max: 100, stepCount: 10, meterSize: "regular", fillColor: "info", emptyColor: "danger", labelSize: "small", showLabel: true
 (2ms)
    ✓ 
  value: 75, min: 0, max: 100, stepCount: 10, meterSize: "regular", fillColor: "info", emptyColor: "danger", labelSize: "small", showLabel: false
 (2ms)
    ✓ 
  value: 75, min: 0, max: 100, stepCount: 10, meterSize: "regular", fillColor: "info", emptyColor: "alert", labelSize: "large", showLabel: true
 (3ms)
    ✓ 
  value: 75, min: 0, max: 100, stepCount: 10, meterSize: "regular", fillColor: "info", emptyColor: "alert", labelSize: "large", showLabel: false
 (1ms)
    ✓ 
  value: 75, min: 0, max: 100, stepCount: 10, meterSize: "regular", fillColor: "info", emptyColor: "alert", labelSize: "regular", showLabel: true
 (2ms)
    ✓ 
  value: 75, min: 0, max: 100, stepCount: 10, meterSize: "regular", fillColor: "info", emptyColor: "alert", labelSize: "regular", showLabel: false
 (2ms)
    ✓ 
  value: 75, min: 0, max: 100, stepCount: 10, meterSize: "regular", fillColor: "info", emptyColor: "alert", labelSize: "small", showLabel: true
 (2ms)
    ✓ 
  value: 75, min: 0, max: 100, stepCount: 10, meterSize: "regular", fillColor: "info", emptyColor: "alert", labelSize: "small", showLabel: false
 (2ms)
    ✓ 
  value: 75, min: 0, max: 100, stepCount: 10, meterSize: "large", fillColor: "success", emptyColor: "danger", labelSize: "large", showLabel: true
 (1ms)
    ✓ 
  value: 75, min: 0, max: 100, stepCount: 10, meterSize: "large", fillColor: "success", emptyColor: "danger", labelSize: "large", showLabel: false
 (1ms)
    ✓ 
  value: 75, min: 0, max: 100, stepCount: 10, meterSize: "large", fillColor: "success", emptyColor: "danger", labelSize: "regular", showLabel: true
 (1ms)
    ✓ 
  value: 75, min: 0, max: 100, stepCount: 10, meterSize: "large", fillColor: "success", emptyColor: "danger", labelSize: "regular", showLabel: false
 (1ms)
    ✓ 
  value: 75, min: 0, max: 100, stepCount: 10, meterSize: "large", fillColor: "success", emptyColor: "danger", labelSize: "small", showLabel: true
 (1ms)
    ✓ 
  value: 75, min: 0, max: 100, stepCount: 10, meterSize: "large", fillColor: "success", emptyColor: "danger", labelSize: "small", showLabel: false
 (1ms)
    ✓ 
  value: 75, min: 0, max: 100, stepCount: 10, meterSize: "large", fillColor: "success", emptyColor: "alert", labelSize: "large", showLabel: true
 (2ms)
    ✓ 
  value: 75, min: 0, max: 100, stepCount: 10, meterSize: "large", fillColor: "success", emptyColor: "alert", labelSize: "large", showLabel: false
 (1ms)
    ✓ 
  value: 75, min: 0, max: 100, stepCount: 10, meterSize: "large", fillColor: "success", emptyColor: "alert", labelSize: "regular", showLabel: true
 (1ms)
    ✓ 
  value: 75, min: 0, max: 100, stepCount: 10, meterSize: "large", fillColor: "success", emptyColor: "alert", labelSize: "regular", showLabel: false
 (1ms)
    ✓ 
  value: 75, min: 0, max: 100, stepCount: 10, meterSize: "large", fillColor: "success", emptyColor: "alert", labelSize: "small", showLabel: true
 (3ms)
    ✓ 
  value: 75, min: 0, max: 100, stepCount: 10, meterSize: "large", fillColor: "success", emptyColor: "alert", labelSize: "small", showLabel: false
 (1ms)
    ✓ 
  value: 75, min: 0, max: 100, stepCount: 10, meterSize: "large", fillColor: "warning", emptyColor: "danger", labelSize: "large", showLabel: true
 (5ms)
    ✓ 
  value: 75, min: 0, max: 100, stepCount: 10, meterSize: "large", fillColor: "warning", emptyColor: "danger", labelSize: "large", showLabel: false
 (1ms)
    ✓ 
  value: 75, min: 0, max: 100, stepCount: 10, meterSize: "large", fillColor: "warning", emptyColor: "danger", labelSize: "regular", showLabel: true
 (2ms)
    ✓ 
  value: 75, min: 0, max: 100, stepCount: 10, meterSize: "large", fillColor: "warning", emptyColor: "danger", labelSize: "regular", showLabel: false
 (2ms)
    ✓ 
  value: 75, min: 0, max: 100, stepCount: 10, meterSize: "large", fillColor: "warning", emptyColor: "danger", labelSize: "small", showLabel: true
 (2ms)
    ✓ 
  value: 75, min: 0, max: 100, stepCount: 10, meterSize: "large", fillColor: "warning", emptyColor: "danger", labelSize: "small", showLabel: false
 (2ms)
    ✓ 
  value: 75, min: 0, max: 100, stepCount: 10, meterSize: "large", fillColor: "warning", emptyColor: "alert", labelSize: "large", showLabel: true
 (1ms)
    ✓ 
  value: 75, min: 0, max: 100, stepCount: 10, meterSize: "large", fillColor: "warning", emptyColor: "alert", labelSize: "large", showLabel: false
 (1ms)
    ✓ 
  value: 75, min: 0, max: 100, stepCount: 10, meterSize: "large", fillColor: "warning", emptyColor: "alert", labelSize: "regular", showLabel: true
 (2ms)
    ✓ 
  value: 75, min: 0, max: 100, stepCount: 10, meterSize: "large", fillColor: "warning", emptyColor: "alert", labelSize: "regular", showLabel: false
 (1ms)
    ✓ 
  value: 75, min: 0, max: 100, stepCount: 10, meterSize: "large", fillColor: "warning", emptyColor: "alert", labelSize: "small", showLabel: true
 (1ms)
    ✓ 
  value: 75, min: 0, max: 100, stepCount: 10, meterSize: "large", fillColor: "warning", emptyColor: "alert", labelSize: "small", showLabel: false
 (2ms)
    ✓ 
  value: 75, min: 0, max: 100, stepCount: 10, meterSize: "large", fillColor: "alert", emptyColor: "danger", labelSize: "large", showLabel: true
 (2ms)
    ✓ 
  value: 75, min: 0, max: 100, stepCount: 10, meterSize: "large", fillColor: "alert", emptyColor: "danger", labelSize: "large", showLabel: false
 (2ms)
    ✓ 
  value: 75, min: 0, max: 100, stepCount: 10, meterSize: "large", fillColor: "alert", emptyColor: "danger", labelSize: "regular", showLabel: true
 (2ms)
    ✓ 
  value: 75, min: 0, max: 100, stepCount: 10, meterSize: "large", fillColor: "alert", emptyColor: "danger", labelSize: "regular", showLabel: false
 (1ms)
    ✓ 
  value: 75, min: 0, max: 100, stepCount: 10, meterSize: "large", fillColor: "alert", emptyColor: "danger", labelSize: "small", showLabel: true
 (3ms)
    ✓ 
  value: 75, min: 0, max: 100, stepCount: 10, meterSize: "large", fillColor: "alert", emptyColor: "danger", labelSize: "small", showLabel: false
 (1ms)
    ✓ 
  value: 75, min: 0, max: 100, stepCount: 10, meterSize: "large", fillColor: "alert", emptyColor: "alert", labelSize: "large", showLabel: true
 (2ms)
    ✓ 
  value: 75, min: 0, max: 100, stepCount: 10, meterSize: "large", fillColor: "alert", emptyColor: "alert", labelSize: "large", showLabel: false
 (2ms)
    ✓ 
  value: 75, min: 0, max: 100, stepCount: 10, meterSize: "large", fillColor: "alert", emptyColor: "alert", labelSize: "regular", showLabel: true
 (3ms)
    ✓ 
  value: 75, min: 0, max: 100, stepCount: 10, meterSize: "large", fillColor: "alert", emptyColor: "alert", labelSize: "regular", showLabel: false
 (2ms)
    ✓ 
  value: 75, min: 0, max: 100, stepCount: 10, meterSize: "large", fillColor: "alert", emptyColor: "alert", labelSize: "small", showLabel: true
 (1ms)
    ✓ 
  value: 75, min: 0, max: 100, stepCount: 10, meterSize: "large", fillColor: "alert", emptyColor: "alert", labelSize: "small", showLabel: false
 (1ms)
    ✓ 
  value: 75, min: 0, max: 100, stepCount: 10, meterSize: "large", fillColor: "info", emptyColor: "danger", labelSize: "large", showLabel: true
 (4ms)
    ✓ 
  value: 75, min: 0, max: 100, stepCount: 10, meterSize: "large", fillColor: "info", emptyColor: "danger", labelSize: "large", showLabel: false
 (2ms)
    ✓ 
  value: 75, min: 0, max: 100, stepCount: 10, meterSize: "large", fillColor: "info", emptyColor: "danger", labelSize: "regular", showLabel: true
 (2ms)
    ✓ 
  value: 75, min: 0, max: 100, stepCount: 10, meterSize: "large", fillColor: "info", emptyColor: "danger", labelSize: "regular", showLabel: false
 (2ms)
    ✓ 
  value: 75, min: 0, max: 100, stepCount: 10, meterSize: "large", fillColor: "info", emptyColor: "danger", labelSize: "small", showLabel: true
 (2ms)
    ✓ 
  value: 75, min: 0, max: 100, stepCount: 10, meterSize: "large", fillColor: "info", emptyColor: "danger", labelSize: "small", showLabel: false
 (3ms)
    ✓ 
  value: 75, min: 0, max: 100, stepCount: 10, meterSize: "large", fillColor: "info", emptyColor: "alert", labelSize: "large", showLabel: true
 (2ms)
    ✓ 
  value: 75, min: 0, max: 100, stepCount: 10, meterSize: "large", fillColor: "info", emptyColor: "alert", labelSize: "large", showLabel: false
 (1ms)
    ✓ 
  value: 75, min: 0, max: 100, stepCount: 10, meterSize: "large", fillColor: "info", emptyColor: "alert", labelSize: "regular", showLabel: true
 (1ms)
    ✓ 
  value: 75, min: 0, max: 100, stepCount: 10, meterSize: "large", fillColor: "info", emptyColor: "alert", labelSize: "regular", showLabel: false
 (2ms)
    ✓ 
  value: 75, min: 0, max: 100, stepCount: 10, meterSize: "large", fillColor: "info", emptyColor: "alert", labelSize: "small", showLabel: true
 (1ms)
    ✓ 
  value: 75, min: 0, max: 100, stepCount: 10, meterSize: "large", fillColor: "info", emptyColor: "alert", labelSize: "small", showLabel: false
 (3ms)
    ✓ 
  value: 75, min: 0, max: 100, stepCount: 10, meterSize: "small", fillColor: "success", emptyColor: "danger", labelSize: "large", showLabel: true
 (3ms)
    ✓ 
  value: 75, min: 0, max: 100, stepCount: 10, meterSize: "small", fillColor: "success", emptyColor: "danger", labelSize: "large", showLabel: false
 (1ms)
    ✓ 
  value: 75, min: 0, max: 100, stepCount: 10, meterSize: "small", fillColor: "success", emptyColor: "danger", labelSize: "regular", showLabel: true
 (1ms)
    ✓ 
  value: 75, min: 0, max: 100, stepCount: 10, meterSize: "small", fillColor: "success", emptyColor: "danger", labelSize: "regular", showLabel: false
 (2ms)
    ✓ 
  value: 75, min: 0, max: 100, stepCount: 10, meterSize: "small", fillColor: "success", emptyColor: "danger", labelSize: "small", showLabel: true
 (2ms)
    ✓ 
  value: 75, min: 0, max: 100, stepCount: 10, meterSize: "small", fillColor: "success", emptyColor: "danger", labelSize: "small", showLabel: false
 (1ms)
    ✓ 
  value: 75, min: 0, max: 100, stepCount: 10, meterSize: "small", fillColor: "success", emptyColor: "alert", labelSize: "large", showLabel: true
 (2ms)
    ✓ 
  value: 75, min: 0, max: 100, stepCount: 10, meterSize: "small", fillColor: "success", emptyColor: "alert", labelSize: "large", showLabel: false
 (1ms)
    ✓ 
  value: 75, min: 0, max: 100, stepCount: 10, meterSize: "small", fillColor: "success", emptyColor: "alert", labelSize: "regular", showLabel: true
 (1ms)
    ✓ 
  value: 75, min: 0, max: 100, stepCount: 10, meterSize: "small", fillColor: "success", emptyColor: "alert", labelSize: "regular", showLabel: false
 (1ms)
    ✓ 
  value: 75, min: 0, max: 100, stepCount: 10, meterSize: "small", fillColor: "success", emptyColor: "alert", labelSize: "small", showLabel: true
 (1ms)
    ✓ 
  value: 75, min: 0, max: 100, stepCount: 10, meterSize: "small", fillColor: "success", emptyColor: "alert", labelSize: "small", showLabel: false
 (2ms)
    ✓ 
  value: 75, min: 0, max: 100, stepCount: 10, meterSize: "small", fillColor: "warning", emptyColor: "danger", labelSize: "large", showLabel: true
 (1ms)
    ✓ 
  value: 75, min: 0, max: 100, stepCount: 10, meterSize: "small", fillColor: "warning", emptyColor: "danger", labelSize: "large", showLabel: false
 (1ms)
    ✓ 
  value: 75, min: 0, max: 100, stepCount: 10, meterSize: "small", fillColor: "warning", emptyColor: "danger", labelSize: "regular", showLabel: true
 (2ms)
    ✓ 
  value: 75, min: 0, max: 100, stepCount: 10, meterSize: "small", fillColor: "warning", emptyColor: "danger", labelSize: "regular", showLabel: false
 (1ms)
    ✓ 
  value: 75, min: 0, max: 100, stepCount: 10, meterSize: "small", fillColor: "warning", emptyColor: "danger", labelSize: "small", showLabel: true
 (1ms)
    ✓ 
  value: 75, min: 0, max: 100, stepCount: 10, meterSize: "small", fillColor: "warning", emptyColor: "danger", labelSize: "small", showLabel: false
 (1ms)
    ✓ 
  value: 75, min: 0, max: 100, stepCount: 10, meterSize: "small", fillColor: "warning", emptyColor: "alert", labelSize: "large", showLabel: true
 (1ms)
    ✓ 
  value: 75, min: 0, max: 100, stepCount: 10, meterSize: "small", fillColor: "warning", emptyColor: "alert", labelSize: "large", showLabel: false
 (1ms)
    ✓ 
  value: 75, min: 0, max: 100, stepCount: 10, meterSize: "small", fillColor: "warning", emptyColor: "alert", labelSize: "regular", showLabel: true
 (1ms)
    ✓ 
  value: 75, min: 0, max: 100, stepCount: 10, meterSize: "small", fillColor: "warning", emptyColor: "alert", labelSize: "regular", showLabel: false
 (3ms)
    ✓ 
  value: 75, min: 0, max: 100, stepCount: 10, meterSize: "small", fillColor: "warning", emptyColor: "alert", labelSize: "small", showLabel: true
 (2ms)
    ✓ 
  value: 75, min: 0, max: 100, stepCount: 10, meterSize: "small", fillColor: "warning", emptyColor: "alert", labelSize: "small", showLabel: false
 (2ms)
    ✓ 
  value: 75, min: 0, max: 100, stepCount: 10, meterSize: "small", fillColor: "alert", emptyColor: "danger", labelSize: "large", showLabel: true
 (4ms)
    ✓ 
  value: 75, min: 0, max: 100, stepCount: 10, meterSize: "small", fillColor: "alert", emptyColor: "danger", labelSize: "large", showLabel: false
 (1ms)
    ✓ 
  value: 75, min: 0, max: 100, stepCount: 10, meterSize: "small", fillColor: "alert", emptyColor: "danger", labelSize: "regular", showLabel: true
 (2ms)
    ✓ 
  value: 75, min: 0, max: 100, stepCount: 10, meterSize: "small", fillColor: "alert", emptyColor: "danger", labelSize: "regular", showLabel: false
 (1ms)
    ✓ 
  value: 75, min: 0, max: 100, stepCount: 10, meterSize: "small", fillColor: "alert", emptyColor: "danger", labelSize: "small", showLabel: true
 (1ms)
    ✓ 
  value: 75, min: 0, max: 100, stepCount: 10, meterSize: "small", fillColor: "alert", emptyColor: "danger", labelSize: "small", showLabel: false
 (1ms)
    ✓ 
  value: 75, min: 0, max: 100, stepCount: 10, meterSize: "small", fillColor: "alert", emptyColor: "alert", labelSize: "large", showLabel: true
 (1ms)
    ✓ 
  value: 75, min: 0, max: 100, stepCount: 10, meterSize: "small", fillColor: "alert", emptyColor: "alert", labelSize: "large", showLabel: false
 (1ms)
    ✓ 
  value: 75, min: 0, max: 100, stepCount: 10, meterSize: "small", fillColor: "alert", emptyColor: "alert", labelSize: "regular", showLabel: true
 (1ms)
    ✓ 
  value: 75, min: 0, max: 100, stepCount: 10, meterSize: "small", fillColor: "alert", emptyColor: "alert", labelSize: "regular", showLabel: false
 (1ms)
    ✓ 
  value: 75, min: 0, max: 100, stepCount: 10, meterSize: "small", fillColor: "alert", emptyColor: "alert", labelSize: "small", showLabel: true
 (2ms)
    ✓ 
  value: 75, min: 0, max: 100, stepCount: 10, meterSize: "small", fillColor: "alert", emptyColor: "alert", labelSize: "small", showLabel: false
 (1ms)
    ✓ 
  value: 75, min: 0, max: 100, stepCount: 10, meterSize: "small", fillColor: "info", emptyColor: "danger", labelSize: "large", showLabel: true
 (1ms)
    ✓ 
  value: 75, min: 0, max: 100, stepCount: 10, meterSize: "small", fillColor: "info", emptyColor: "danger", labelSize: "large", showLabel: false
 (1ms)
    ✓ 
  value: 75, min: 0, max: 100, stepCount: 10, meterSize: "small", fillColor: "info", emptyColor: "danger", labelSize: "regular", showLabel: true
 (3ms)
    ✓ 
  value: 75, min: 0, max: 100, stepCount: 10, meterSize: "small", fillColor: "info", emptyColor: "danger", labelSize: "regular", showLabel: false
 (2ms)
    ✓ 
  value: 75, min: 0, max: 100, stepCount: 10, meterSize: "small", fillColor: "info", emptyColor: "danger", labelSize: "small", showLabel: true
 (1ms)
    ✓ 
  value: 75, min: 0, max: 100, stepCount: 10, meterSize: "small", fillColor: "info", emptyColor: "danger", labelSize: "small", showLabel: false
 (1ms)
    ✓ 
  value: 75, min: 0, max: 100, stepCount: 10, meterSize: "small", fillColor: "info", emptyColor: "alert", labelSize: "large", showLabel: true
 (1ms)
    ✓ 
  value: 75, min: 0, max: 100, stepCount: 10, meterSize: "small", fillColor: "info", emptyColor: "alert", labelSize: "large", showLabel: false
 (1ms)
    ✓ 
  value: 75, min: 0, max: 100, stepCount: 10, meterSize: "small", fillColor: "info", emptyColor: "alert", labelSize: "regular", showLabel: true
 (2ms)
    ✓ 
  value: 75, min: 0, max: 100, stepCount: 10, meterSize: "small", fillColor: "info", emptyColor: "alert", labelSize: "regular", showLabel: false
 (3ms)
    ✓ 
  value: 75, min: 0, max: 100, stepCount: 10, meterSize: "small", fillColor: "info", emptyColor: "alert", labelSize: "small", showLabel: true
 (1ms)
    ✓ 
  value: 75, min: 0, max: 100, stepCount: 10, meterSize: "small", fillColor: "info", emptyColor: "alert", labelSize: "small", showLabel: false
 (3ms)
    ✓ 
  value: 75, min: 0, max: 100, stepCount: 5, meterSize: "regular", fillColor: "success", emptyColor: "danger", labelSize: "large", showLabel: true
 (1ms)
    ✓ 
  value: 75, min: 0, max: 100, stepCount: 5, meterSize: "regular", fillColor: "success", emptyColor: "danger", labelSize: "large", showLabel: false

    ✓ 
  value: 75, min: 0, max: 100, stepCount: 5, meterSize: "regular", fillColor: "success", emptyColor: "danger", labelSize: "regular", showLabel: true
 (1ms)
    ✓ 
  value: 75, min: 0, max: 100, stepCount: 5, meterSize: "regular", fillColor: "success", emptyColor: "danger", labelSize: "regular", showLabel: false
 (1ms)
    ✓ 
  value: 75, min: 0, max: 100, stepCount: 5, meterSize: "regular", fillColor: "success", emptyColor: "danger", labelSize: "small", showLabel: true

    ✓ 
  value: 75, min: 0, max: 100, stepCount: 5, meterSize: "regular", fillColor: "success", emptyColor: "danger", labelSize: "small", showLabel: false
 (1ms)
    ✓ 
  value: 75, min: 0, max: 100, stepCount: 5, meterSize: "regular", fillColor: "success", emptyColor: "alert", labelSize: "large", showLabel: true
 (1ms)
    ✓ 
  value: 75, min: 0, max: 100, stepCount: 5, meterSize: "regular", fillColor: "success", emptyColor: "alert", labelSize: "large", showLabel: false
 (1ms)
    ✓ 
  value: 75, min: 0, max: 100, stepCount: 5, meterSize: "regular", fillColor: "success", emptyColor: "alert", labelSize: "regular", showLabel: true
 (1ms)
    ✓ 
  value: 75, min: 0, max: 100, stepCount: 5, meterSize: "regular", fillColor: "success", emptyColor: "alert", labelSize: "regular", showLabel: false
 (1ms)
    ✓ 
  value: 75, min: 0, max: 100, stepCount: 5, meterSize: "regular", fillColor: "success", emptyColor: "alert", labelSize: "small", showLabel: true
 (1ms)
    ✓ 
  value: 75, min: 0, max: 100, stepCount: 5, meterSize: "regular", fillColor: "success", emptyColor: "alert", labelSize: "small", showLabel: false
 (1ms)
    ✓ 
  value: 75, min: 0, max: 100, stepCount: 5, meterSize: "regular", fillColor: "warning", emptyColor: "danger", labelSize: "large", showLabel: true

    ✓ 
  value: 75, min: 0, max: 100, stepCount: 5, meterSize: "regular", fillColor: "warning", emptyColor: "danger", labelSize: "large", showLabel: false
 (1ms)
    ✓ 
  value: 75, min: 0, max: 100, stepCount: 5, meterSize: "regular", fillColor: "warning", emptyColor: "danger", labelSize: "regular", showLabel: true
 (2ms)
    ✓ 
  value: 75, min: 0, max: 100, stepCount: 5, meterSize: "regular", fillColor: "warning", emptyColor: "danger", labelSize: "regular", showLabel: false
 (1ms)
    ✓ 
  value: 75, min: 0, max: 100, stepCount: 5, meterSize: "regular", fillColor: "warning", emptyColor: "danger", labelSize: "small", showLabel: true
 (2ms)
    ✓ 
  value: 75, min: 0, max: 100, stepCount: 5, meterSize: "regular", fillColor: "warning", emptyColor: "danger", labelSize: "small", showLabel: false
 (1ms)
    ✓ 
  value: 75, min: 0, max: 100, stepCount: 5, meterSize: "regular", fillColor: "warning", emptyColor: "alert", labelSize: "large", showLabel: true
 (1ms)
    ✓ 
  value: 75, min: 0, max: 100, stepCount: 5, meterSize: "regular", fillColor: "warning", emptyColor: "alert", labelSize: "large", showLabel: false

    ✓ 
  value: 75, min: 0, max: 100, stepCount: 5, meterSize: "regular", fillColor: "warning", emptyColor: "alert", labelSize: "regular", showLabel: true
 (1ms)
    ✓ 
  value: 75, min: 0, max: 100, stepCount: 5, meterSize: "regular", fillColor: "warning", emptyColor: "alert", labelSize: "regular", showLabel: false

    ✓ 
  value: 75, min: 0, max: 100, stepCount: 5, meterSize: "regular", fillColor: "warning", emptyColor: "alert", labelSize: "small", showLabel: true
 (2ms)
    ✓ 
  value: 75, min: 0, max: 100, stepCount: 5, meterSize: "regular", fillColor: "warning", emptyColor: "alert", labelSize: "small", showLabel: false

    ✓ 
  value: 75, min: 0, max: 100, stepCount: 5, meterSize: "regular", fillColor: "alert", emptyColor: "danger", labelSize: "large", showLabel: true
 (1ms)
    ✓ 
  value: 75, min: 0, max: 100, stepCount: 5, meterSize: "regular", fillColor: "alert", emptyColor: "danger", labelSize: "large", showLabel: false
 (1ms)
    ✓ 
  value: 75, min: 0, max: 100, stepCount: 5, meterSize: "regular", fillColor: "alert", emptyColor: "danger", labelSize: "regular", showLabel: true

    ✓ 
  value: 75, min: 0, max: 100, stepCount: 5, meterSize: "regular", fillColor: "alert", emptyColor: "danger", labelSize: "regular", showLabel: false

    ✓ 
  value: 75, min: 0, max: 100, stepCount: 5, meterSize: "regular", fillColor: "alert", emptyColor: "danger", labelSize: "small", showLabel: true
 (1ms)
    ✓ 
  value: 75, min: 0, max: 100, stepCount: 5, meterSize: "regular", fillColor: "alert", emptyColor: "danger", labelSize: "small", showLabel: false
 (1ms)
    ✓ 
  value: 75, min: 0, max: 100, stepCount: 5, meterSize: "regular", fillColor: "alert", emptyColor: "alert", labelSize: "large", showLabel: true
 (1ms)
    ✓ 
  value: 75, min: 0, max: 100, stepCount: 5, meterSize: "regular", fillColor: "alert", emptyColor: "alert", labelSize: "large", showLabel: false
 (1ms)
    ✓ 
  value: 75, min: 0, max: 100, stepCount: 5, meterSize: "regular", fillColor: "alert", emptyColor: "alert", labelSize: "regular", showLabel: true
 (1ms)
    ✓ 
  value: 75, min: 0, max: 100, stepCount: 5, meterSize: "regular", fillColor: "alert", emptyColor: "alert", labelSize: "regular", showLabel: false

    ✓ 
  value: 75, min: 0, max: 100, stepCount: 5, meterSize: "regular", fillColor: "alert", emptyColor: "alert", labelSize: "small", showLabel: true
 (1ms)
    ✓ 
  value: 75, min: 0, max: 100, stepCount: 5, meterSize: "regular", fillColor: "alert", emptyColor: "alert", labelSize: "small", showLabel: false
 (1ms)
    ✓ 
  value: 75, min: 0, max: 100, stepCount: 5, meterSize: "regular", fillColor: "info", emptyColor: "danger", labelSize: "large", showLabel: true
 (1ms)
    ✓ 
  value: 75, min: 0, max: 100, stepCount: 5, meterSize: "regular", fillColor: "info", emptyColor: "danger", labelSize: "large", showLabel: false
 (1ms)
    ✓ 
  value: 75, min: 0, max: 100, stepCount: 5, meterSize: "regular", fillColor: "info", emptyColor: "danger", labelSize: "regular", showLabel: true

    ✓ 
  value: 75, min: 0, max: 100, stepCount: 5, meterSize: "regular", fillColor: "info", emptyColor: "danger", labelSize: "regular", showLabel: false

    ✓ 
  value: 75, min: 0, max: 100, stepCount: 5, meterSize: "regular", fillColor: "info", emptyColor: "danger", labelSize: "small", showLabel: true
 (1ms)
    ✓ 
  value: 75, min: 0, max: 100, stepCount: 5, meterSize: "regular", fillColor: "info", emptyColor: "danger", labelSize: "small", showLabel: false
 (1ms)
    ✓ 
  value: 75, min: 0, max: 100, stepCount: 5, meterSize: "regular", fillColor: "info", emptyColor: "alert", labelSize: "large", showLabel: true
 (1ms)
    ✓ 
  value: 75, min: 0, max: 100, stepCount: 5, meterSize: "regular", fillColor: "info", emptyColor: "alert", labelSize: "large", showLabel: false
 (1ms)
    ✓ 
  value: 75, min: 0, max: 100, stepCount: 5, meterSize: "regular", fillColor: "info", emptyColor: "alert", labelSize: "regular", showLabel: true
 (1ms)
    ✓ 
  value: 75, min: 0, max: 100, stepCount: 5, meterSize: "regular", fillColor: "info", emptyColor: "alert", labelSize: "regular", showLabel: false
 (1ms)
    ✓ 
  value: 75, min: 0, max: 100, stepCount: 5, meterSize: "regular", fillColor: "info", emptyColor: "alert", labelSize: "small", showLabel: true

    ✓ 
  value: 75, min: 0, max: 100, stepCount: 5, meterSize: "regular", fillColor: "info", emptyColor: "alert", labelSize: "small", showLabel: false
 (1ms)
    ✓ 
  value: 75, min: 0, max: 100, stepCount: 5, meterSize: "large", fillColor: "success", emptyColor: "danger", labelSize: "large", showLabel: true
 (2ms)
    ✓ 
  value: 75, min: 0, max: 100, stepCount: 5, meterSize: "large", fillColor: "success", emptyColor: "danger", labelSize: "large", showLabel: false

    ✓ 
  value: 75, min: 0, max: 100, stepCount: 5, meterSize: "large", fillColor: "success", emptyColor: "danger", labelSize: "regular", showLabel: true
 (1ms)
    ✓ 
  value: 75, min: 0, max: 100, stepCount: 5, meterSize: "large", fillColor: "success", emptyColor: "danger", labelSize: "regular", showLabel: false
 (1ms)
    ✓ 
  value: 75, min: 0, max: 100, stepCount: 5, meterSize: "large", fillColor: "success", emptyColor: "danger", labelSize: "small", showLabel: true

    ✓ 
  value: 75, min: 0, max: 100, stepCount: 5, meterSize: "large", fillColor: "success", emptyColor: "danger", labelSize: "small", showLabel: false
 (1ms)
    ✓ 
  value: 75, min: 0, max: 100, stepCount: 5, meterSize: "large", fillColor: "success", emptyColor: "alert", labelSize: "large", showLabel: true
 (1ms)
    ✓ 
  value: 75, min: 0, max: 100, stepCount: 5, meterSize: "large", fillColor: "success", emptyColor: "alert", labelSize: "large", showLabel: false
 (1ms)
    ✓ 
  value: 75, min: 0, max: 100, stepCount: 5, meterSize: "large", fillColor: "success", emptyColor: "alert", labelSize: "regular", showLabel: true

    ✓ 
  value: 75, min: 0, max: 100, stepCount: 5, meterSize: "large", fillColor: "success", emptyColor: "alert", labelSize: "regular", showLabel: false
 (1ms)
    ✓ 
  value: 75, min: 0, max: 100, stepCount: 5, meterSize: "large", fillColor: "success", emptyColor: "alert", labelSize: "small", showLabel: true
 (2ms)
    ✓ 
  value: 75, min: 0, max: 100, stepCount: 5, meterSize: "large", fillColor: "success", emptyColor: "alert", labelSize: "small", showLabel: false
 (1ms)
    ✓ 
  value: 75, min: 0, max: 100, stepCount: 5, meterSize: "large", fillColor: "warning", emptyColor: "danger", labelSize: "large", showLabel: true
 (1ms)
    ✓ 
  value: 75, min: 0, max: 100, stepCount: 5, meterSize: "large", fillColor: "warning", emptyColor: "danger", labelSize: "large", showLabel: false

    ✓ 
  value: 75, min: 0, max: 100, stepCount: 5, meterSize: "large", fillColor: "warning", emptyColor: "danger", labelSize: "regular", showLabel: true
 (1ms)
    ✓ 
  value: 75, min: 0, max: 100, stepCount: 5, meterSize: "large", fillColor: "warning", emptyColor: "danger", labelSize: "regular", showLabel: false
 (1ms)
    ✓ 
  value: 75, min: 0, max: 100, stepCount: 5, meterSize: "large", fillColor: "warning", emptyColor: "danger", labelSize: "small", showLabel: true

    ✓ 
  value: 75, min: 0, max: 100, stepCount: 5, meterSize: "large", fillColor: "warning", emptyColor: "danger", labelSize: "small", showLabel: false
 (1ms)
    ✓ 
  value: 75, min: 0, max: 100, stepCount: 5, meterSize: "large", fillColor: "warning", emptyColor: "alert", labelSize: "large", showLabel: true
 (1ms)
    ✓ 
  value: 75, min: 0, max: 100, stepCount: 5, meterSize: "large", fillColor: "warning", emptyColor: "alert", labelSize: "large", showLabel: false

    ✓ 
  value: 75, min: 0, max: 100, stepCount: 5, meterSize: "large", fillColor: "warning", emptyColor: "alert", labelSize: "regular", showLabel: true
 (1ms)
    ✓ 
  value: 75, min: 0, max: 100, stepCount: 5, meterSize: "large", fillColor: "warning", emptyColor: "alert", labelSize: "regular", showLabel: false

    ✓ 
  value: 75, min: 0, max: 100, stepCount: 5, meterSize: "large", fillColor: "warning", emptyColor: "alert", labelSize: "small", showLabel: true
 (1ms)
    ✓ 
  value: 75, min: 0, max: 100, stepCount: 5, meterSize: "large", fillColor: "warning", emptyColor: "alert", labelSize: "small", showLabel: false
 (1ms)
    ✓ 
  value: 75, min: 0, max: 100, stepCount: 5, meterSize: "large", fillColor: "alert", emptyColor: "danger", labelSize: "large", showLabel: true

    ✓ 
  value: 75, min: 0, max: 100, stepCount: 5, meterSize: "large", fillColor: "alert", emptyColor: "danger", labelSize: "large", showLabel: false
 (1ms)
    ✓ 
  value: 75, min: 0, max: 100, stepCount: 5, meterSize: "large", fillColor: "alert", emptyColor: "danger", labelSize: "regular", showLabel: true
 (2ms)
    ✓ 
  value: 75, min: 0, max: 100, stepCount: 5, meterSize: "large", fillColor: "alert", emptyColor: "danger", labelSize: "regular", showLabel: false
 (1ms)
    ✓ 
  value: 75, min: 0, max: 100, stepCount: 5, meterSize: "large", fillColor: "alert", emptyColor: "danger", labelSize: "small", showLabel: true
 (1ms)
    ✓ 
  value: 75, min: 0, max: 100, stepCount: 5, meterSize: "large", fillColor: "alert", emptyColor: "danger", labelSize: "small", showLabel: false
 (1ms)
    ✓ 
  value: 75, min: 0, max: 100, stepCount: 5, meterSize: "large", fillColor: "alert", emptyColor: "alert", labelSize: "large", showLabel: true
 (1ms)
    ✓ 
  value: 75, min: 0, max: 100, stepCount: 5, meterSize: "large", fillColor: "alert", emptyColor: "alert", labelSize: "large", showLabel: false
 (1ms)
    ✓ 
  value: 75, min: 0, max: 100, stepCount: 5, meterSize: "large", fillColor: "alert", emptyColor: "alert", labelSize: "regular", showLabel: true
 (1ms)
    ✓ 
  value: 75, min: 0, max: 100, stepCount: 5, meterSize: "large", fillColor: "alert", emptyColor: "alert", labelSize: "regular", showLabel: false
 (1ms)
    ✓ 
  value: 75, min: 0, max: 100, stepCount: 5, meterSize: "large", fillColor: "alert", emptyColor: "alert", labelSize: "small", showLabel: true

    ✓ 
  value: 75, min: 0, max: 100, stepCount: 5, meterSize: "large", fillColor: "alert", emptyColor: "alert", labelSize: "small", showLabel: false
 (1ms)
    ✓ 
  value: 75, min: 0, max: 100, stepCount: 5, meterSize: "large", fillColor: "info", emptyColor: "danger", labelSize: "large", showLabel: true
 (1ms)
    ✓ 
  value: 75, min: 0, max: 100, stepCount: 5, meterSize: "large", fillColor: "info", emptyColor: "danger", labelSize: "large", showLabel: false

    ✓ 
  value: 75, min: 0, max: 100, stepCount: 5, meterSize: "large", fillColor: "info", emptyColor: "danger", labelSize: "regular", showLabel: true
 (2ms)
    ✓ 
  value: 75, min: 0, max: 100, stepCount: 5, meterSize: "large", fillColor: "info", emptyColor: "danger", labelSize: "regular", showLabel: false
 (1ms)
    ✓ 
  value: 75, min: 0, max: 100, stepCount: 5, meterSize: "large", fillColor: "info", emptyColor: "danger", labelSize: "small", showLabel: true

    ✓ 
  value: 75, min: 0, max: 100, stepCount: 5, meterSize: "large", fillColor: "info", emptyColor: "danger", labelSize: "small", showLabel: false
 (1ms)
    ✓ 
  value: 75, min: 0, max: 100, stepCount: 5, meterSize: "large", fillColor: "info", emptyColor: "alert", labelSize: "large", showLabel: true
 (1ms)
    ✓ 
  value: 75, min: 0, max: 100, stepCount: 5, meterSize: "large", fillColor: "info", emptyColor: "alert", labelSize: "large", showLabel: false
 (1ms)
    ✓ 
  value: 75, min: 0, max: 100, stepCount: 5, meterSize: "large", fillColor: "info", emptyColor: "alert", labelSize: "regular", showLabel: true
 (1ms)
    ✓ 
  value: 75, min: 0, max: 100, stepCount: 5, meterSize: "large", fillColor: "info", emptyColor: "alert", labelSize: "regular", showLabel: false
 (1ms)
    ✓ 
  value: 75, min: 0, max: 100, stepCount: 5, meterSize: "large", fillColor: "info", emptyColor: "alert", labelSize: "small", showLabel: true
 (1ms)
    ✓ 
  value: 75, min: 0, max: 100, stepCount: 5, meterSize: "large", fillColor: "info", emptyColor: "alert", labelSize: "small", showLabel: false
 (1ms)
    ✓ 
  value: 75, min: 0, max: 100, stepCount: 5, meterSize: "small", fillColor: "success", emptyColor: "danger", labelSize: "large", showLabel: true
 (1ms)
    ✓ 
  value: 75, min: 0, max: 100, stepCount: 5, meterSize: "small", fillColor: "success", emptyColor: "danger", labelSize: "large", showLabel: false
 (1ms)
    ✓ 
  value: 75, min: 0, max: 100, stepCount: 5, meterSize: "small", fillColor: "success", emptyColor: "danger", labelSize: "regular", showLabel: true

    ✓ 
  value: 75, min: 0, max: 100, stepCount: 5, meterSize: "small", fillColor: "success", emptyColor: "danger", labelSize: "regular", showLabel: false
 (1ms)
    ✓ 
  value: 75, min: 0, max: 100, stepCount: 5, meterSize: "small", fillColor: "success", emptyColor: "danger", labelSize: "small", showLabel: true
 (2ms)
    ✓ 
  value: 75, min: 0, max: 100, stepCount: 5, meterSize: "small", fillColor: "success", emptyColor: "danger", labelSize: "small", showLabel: false

    ✓ 
  value: 75, min: 0, max: 100, stepCount: 5, meterSize: "small", fillColor: "success", emptyColor: "alert", labelSize: "large", showLabel: true
 (1ms)
    ✓ 
  value: 75, min: 0, max: 100, stepCount: 5, meterSize: "small", fillColor: "success", emptyColor: "alert", labelSize: "large", showLabel: false
 (1ms)
    ✓ 
  value: 75, min: 0, max: 100, stepCount: 5, meterSize: "small", fillColor: "success", emptyColor: "alert", labelSize: "regular", showLabel: true
 (1ms)
    ✓ 
  value: 75, min: 0, max: 100, stepCount: 5, meterSize: "small", fillColor: "success", emptyColor: "alert", labelSize: "regular", showLabel: false
 (1ms)
    ✓ 
  value: 75, min: 0, max: 100, stepCount: 5, meterSize: "small", fillColor: "success", emptyColor: "alert", labelSize: "small", showLabel: true
 (1ms)
    ✓ 
  value: 75, min: 0, max: 100, stepCount: 5, meterSize: "small", fillColor: "success", emptyColor: "alert", labelSize: "small", showLabel: false
 (2ms)
    ✓ 
  value: 75, min: 0, max: 100, stepCount: 5, meterSize: "small", fillColor: "warning", emptyColor: "danger", labelSize: "large", showLabel: true

    ✓ 
  value: 75, min: 0, max: 100, stepCount: 5, meterSize: "small", fillColor: "warning", emptyColor: "danger", labelSize: "large", showLabel: false
 (1ms)
    ✓ 
  value: 75, min: 0, max: 100, stepCount: 5, meterSize: "small", fillColor: "warning", emptyColor: "danger", labelSize: "regular", showLabel: true
 (1ms)
    ✓ 
  value: 75, min: 0, max: 100, stepCount: 5, meterSize: "small", fillColor: "warning", emptyColor: "danger", labelSize: "regular", showLabel: false

    ✓ 
  value: 75, min: 0, max: 100, stepCount: 5, meterSize: "small", fillColor: "warning", emptyColor: "danger", labelSize: "small", showLabel: true

    ✓ 
  value: 75, min: 0, max: 100, stepCount: 5, meterSize: "small", fillColor: "warning", emptyColor: "danger", labelSize: "small", showLabel: false
 (2ms)
    ✓ 
  value: 75, min: 0, max: 100, stepCount: 5, meterSize: "small", fillColor: "warning", emptyColor: "alert", labelSize: "large", showLabel: true
 (2ms)
    ✓ 
  value: 75, min: 0, max: 100, stepCount: 5, meterSize: "small", fillColor: "warning", emptyColor: "alert", labelSize: "large", showLabel: false
 (2ms)
    ✓ 
  value: 75, min: 0, max: 100, stepCount: 5, meterSize: "small", fillColor: "warning", emptyColor: "alert", labelSize: "regular", showLabel: true
 (2ms)
    ✓ 
  value: 75, min: 0, max: 100, stepCount: 5, meterSize: "small", fillColor: "warning", emptyColor: "alert", labelSize: "regular", showLabel: false
 (1ms)
    ✓ 
  value: 75, min: 0, max: 100, stepCount: 5, meterSize: "small", fillColor: "warning", emptyColor: "alert", labelSize: "small", showLabel: true
 (1ms)
    ✓ 
  value: 75, min: 0, max: 100, stepCount: 5, meterSize: "small", fillColor: "warning", emptyColor: "alert", labelSize: "small", showLabel: false
 (1ms)
    ✓ 
  value: 75, min: 0, max: 100, stepCount: 5, meterSize: "small", fillColor: "alert", emptyColor: "danger", labelSize: "large", showLabel: true

    ✓ 
  value: 75, min: 0, max: 100, stepCount: 5, meterSize: "small", fillColor: "alert", emptyColor: "danger", labelSize: "large", showLabel: false
 (1ms)
    ✓ 
  value: 75, min: 0, max: 100, stepCount: 5, meterSize: "small", fillColor: "alert", emptyColor: "danger", labelSize: "regular", showLabel: true
 (1ms)
    ✓ 
  value: 75, min: 0, max: 100, stepCount: 5, meterSize: "small", fillColor: "alert", emptyColor: "danger", labelSize: "regular", showLabel: false

    ✓ 
  value: 75, min: 0, max: 100, stepCount: 5, meterSize: "small", fillColor: "alert", emptyColor: "danger", labelSize: "small", showLabel: true
 (1ms)
    ✓ 
  value: 75, min: 0, max: 100, stepCount: 5, meterSize: "small", fillColor: "alert", emptyColor: "danger", labelSize: "small", showLabel: false
 (1ms)
    ✓ 
  value: 75, min: 0, max: 100, stepCount: 5, meterSize: "small", fillColor: "alert", emptyColor: "alert", labelSize: "large", showLabel: true
 (1ms)
    ✓ 
  value: 75, min: 0, max: 100, stepCount: 5, meterSize: "small", fillColor: "alert", emptyColor: "alert", labelSize: "large", showLabel: false
 (2ms)
    ✓ 
  value: 75, min: 0, max: 100, stepCount: 5, meterSize: "small", fillColor: "alert", emptyColor: "alert", labelSize: "regular", showLabel: true
 (1ms)
    ✓ 
  value: 75, min: 0, max: 100, stepCount: 5, meterSize: "small", fillColor: "alert", emptyColor: "alert", labelSize: "regular", showLabel: false
 (2ms)
    ✓ 
  value: 75, min: 0, max: 100, stepCount: 5, meterSize: "small", fillColor: "alert", emptyColor: "alert", labelSize: "small", showLabel: true

    ✓ 
  value: 75, min: 0, max: 100, stepCount: 5, meterSize: "small", fillColor: "alert", emptyColor: "alert", labelSize: "small", showLabel: false
 (1ms)
    ✓ 
  value: 75, min: 0, max: 100, stepCount: 5, meterSize: "small", fillColor: "info", emptyColor: "danger", labelSize: "large", showLabel: true

    ✓ 
  value: 75, min: 0, max: 100, stepCount: 5, meterSize: "small", fillColor: "info", emptyColor: "danger", labelSize: "large", showLabel: false
 (1ms)
    ✓ 
  value: 75, min: 0, max: 100, stepCount: 5, meterSize: "small", fillColor: "info", emptyColor: "danger", labelSize: "regular", showLabel: true

    ✓ 
  value: 75, min: 0, max: 100, stepCount: 5, meterSize: "small", fillColor: "info", emptyColor: "danger", labelSize: "regular", showLabel: false

    ✓ 
  value: 75, min: 0, max: 100, stepCount: 5, meterSize: "small", fillColor: "info", emptyColor: "danger", labelSize: "small", showLabel: true
 (1ms)
    ✓ 
  value: 75, min: 0, max: 100, stepCount: 5, meterSize: "small", fillColor: "info", emptyColor: "danger", labelSize: "small", showLabel: false
 (1ms)
    ✓ 
  value: 75, min: 0, max: 100, stepCount: 5, meterSize: "small", fillColor: "info", emptyColor: "alert", labelSize: "large", showLabel: true

    ✓ 
  value: 75, min: 0, max: 100, stepCount: 5, meterSize: "small", fillColor: "info", emptyColor: "alert", labelSize: "large", showLabel: false
 (1ms)
    ✓ 
  value: 75, min: 0, max: 100, stepCount: 5, meterSize: "small", fillColor: "info", emptyColor: "alert", labelSize: "regular", showLabel: true
 (1ms)
    ✓ 
  value: 75, min: 0, max: 100, stepCount: 5, meterSize: "small", fillColor: "info", emptyColor: "alert", labelSize: "regular", showLabel: false

    ✓ 
  value: 75, min: 0, max: 100, stepCount: 5, meterSize: "small", fillColor: "info", emptyColor: "alert", labelSize: "small", showLabel: true
 (1ms)
    ✓ 
  value: 75, min: 0, max: 100, stepCount: 5, meterSize: "small", fillColor: "info", emptyColor: "alert", labelSize: "small", showLabel: false
 (1ms)
    ✓ 
  value: 75, min: 0, max: 100, stepCount: 10, meterSize: "regular", fillColor: "success", emptyColor: "danger", labelSize: "large", showLabel: true

    ✓ 
  value: 75, min: 0, max: 100, stepCount: 10, meterSize: "regular", fillColor: "success", emptyColor: "danger", labelSize: "large", showLabel: false
 (1ms)
    ✓ 
  value: 75, min: 0, max: 100, stepCount: 10, meterSize: "regular", fillColor: "success", emptyColor: "danger", labelSize: "regular", showLabel: true
 (1ms)
    ✓ 
  value: 75, min: 0, max: 100, stepCount: 10, meterSize: "regular", fillColor: "success", emptyColor: "danger", labelSize: "regular", showLabel: false
 (1ms)
    ✓ 
  value: 75, min: 0, max: 100, stepCount: 10, meterSize: "regular", fillColor: "success", emptyColor: "danger", labelSize: "small", showLabel: true
 (1ms)
    ✓ 
  value: 75, min: 0, max: 100, stepCount: 10, meterSize: "regular", fillColor: "success", emptyColor: "danger", labelSize: "small", showLabel: false
 (1ms)
    ✓ 
  value: 75, min: 0, max: 100, stepCount: 10, meterSize: "regular", fillColor: "success", emptyColor: "alert", labelSize: "large", showLabel: true
 (2ms)
    ✓ 
  value: 75, min: 0, max: 100, stepCount: 10, meterSize: "regular", fillColor: "success", emptyColor: "alert", labelSize: "large", showLabel: false
 (1ms)
    ✓ 
  value: 75, min: 0, max: 100, stepCount: 10, meterSize: "regular", fillColor: "success", emptyColor: "alert", labelSize: "regular", showLabel: true
 (1ms)
    ✓ 
  value: 75, min: 0, max: 100, stepCount: 10, meterSize: "regular", fillColor: "success", emptyColor: "alert", labelSize: "regular", showLabel: false
 (1ms)
    ✓ 
  value: 75, min: 0, max: 100, stepCount: 10, meterSize: "regular", fillColor: "success", emptyColor: "alert", labelSize: "small", showLabel: true
 (1ms)
    ✓ 
  value: 75, min: 0, max: 100, stepCount: 10, meterSize: "regular", fillColor: "success", emptyColor: "alert", labelSize: "small", showLabel: false

    ✓ 
  value: 75, min: 0, max: 100, stepCount: 10, meterSize: "regular", fillColor: "warning", emptyColor: "danger", labelSize: "large", showLabel: true
 (2ms)
    ✓ 
  value: 75, min: 0, max: 100, stepCount: 10, meterSize: "regular", fillColor: "warning", emptyColor: "danger", labelSize: "large", showLabel: false
 (1ms)
    ✓ 
  value: 75, min: 0, max: 100, stepCount: 10, meterSize: "regular", fillColor: "warning", emptyColor: "danger", labelSize: "regular", showLabel: true
 (1ms)
    ✓ 
  value: 75, min: 0, max: 100, stepCount: 10, meterSize: "regular", fillColor: "warning", emptyColor: "danger", labelSize: "regular", showLabel: false
 (2ms)
    ✓ 
  value: 75, min: 0, max: 100, stepCount: 10, meterSize: "regular", fillColor: "warning", emptyColor: "danger", labelSize: "small", showLabel: true

    ✓ 
  value: 75, min: 0, max: 100, stepCount: 10, meterSize: "regular", fillColor: "warning", emptyColor: "danger", labelSize: "small", showLabel: false
 (1ms)
    ✓ 
  value: 75, min: 0, max: 100, stepCount: 10, meterSize: "regular", fillColor: "warning", emptyColor: "alert", labelSize: "large", showLabel: true
 (3ms)
    ✓ 
  value: 75, min: 0, max: 100, stepCount: 10, meterSize: "regular", fillColor: "warning", emptyColor: "alert", labelSize: "large", showLabel: false
 (1ms)
    ✓ 
  value: 75, min: 0, max: 100, stepCount: 10, meterSize: "regular", fillColor: "warning", emptyColor: "alert", labelSize: "regular", showLabel: true
 (1ms)
    ✓ 
  value: 75, min: 0, max: 100, stepCount: 10, meterSize: "regular", fillColor: "warning", emptyColor: "alert", labelSize: "regular", showLabel: false
 (2ms)
    ✓ 
  value: 75, min: 0, max: 100, stepCount: 10, meterSize: "regular", fillColor: "warning", emptyColor: "alert", labelSize: "small", showLabel: true
 (1ms)
    ✓ 
  value: 75, min: 0, max: 100, stepCount: 10, meterSize: "regular", fillColor: "warning", emptyColor: "alert", labelSize: "small", showLabel: false
 (2ms)
    ✓ 
  value: 75, min: 0, max: 100, stepCount: 10, meterSize: "regular", fillColor: "alert", emptyColor: "danger", labelSize: "large", showLabel: true

    ✓ 
  value: 75, min: 0, max: 100, stepCount: 10, meterSize: "regular", fillColor: "alert", emptyColor: "danger", labelSize: "large", showLabel: false
 (1ms)
    ✓ 
  value: 75, min: 0, max: 100, stepCount: 10, meterSize: "regular", fillColor: "alert", emptyColor: "danger", labelSize: "regular", showLabel: true
 (2ms)
    ✓ 
  value: 75, min: 0, max: 100, stepCount: 10, meterSize: "regular", fillColor: "alert", emptyColor: "danger", labelSize: "regular", showLabel: false

    ✓ 
  value: 75, min: 0, max: 100, stepCount: 10, meterSize: "regular", fillColor: "alert", emptyColor: "danger", labelSize: "small", showLabel: true
 (1ms)
    ✓ 
  value: 75, min: 0, max: 100, stepCount: 10, meterSize: "regular", fillColor: "alert", emptyColor: "danger", labelSize: "small", showLabel: false
 (1ms)
    ✓ 
  value: 75, min: 0, max: 100, stepCount: 10, meterSize: "regular", fillColor: "alert", emptyColor: "alert", labelSize: "large", showLabel: true
 (1ms)
    ✓ 
  value: 75, min: 0, max: 100, stepCount: 10, meterSize: "regular", fillColor: "alert", emptyColor: "alert", labelSize: "large", showLabel: false
 (1ms)
    ✓ 
  value: 75, min: 0, max: 100, stepCount: 10, meterSize: "regular", fillColor: "alert", emptyColor: "alert", labelSize: "regular", showLabel: true
 (1ms)
    ✓ 
  value: 75, min: 0, max: 100, stepCount: 10, meterSize: "regular", fillColor: "alert", emptyColor: "alert", labelSize: "regular", showLabel: false
 (2ms)
    ✓ 
  value: 75, min: 0, max: 100, stepCount: 10, meterSize: "regular", fillColor: "alert", emptyColor: "alert", labelSize: "small", showLabel: true
 (1ms)
    ✓ 
  value: 75, min: 0, max: 100, stepCount: 10, meterSize: "regular", fillColor: "alert", emptyColor: "alert", labelSize: "small", showLabel: false

    ✓ 
  value: 75, min: 0, max: 100, stepCount: 10, meterSize: "regular", fillColor: "info", emptyColor: "danger", labelSize: "large", showLabel: true
 (3ms)
    ✓ 
  value: 75, min: 0, max: 100, stepCount: 10, meterSize: "regular", fillColor: "info", emptyColor: "danger", labelSize: "large", showLabel: false

    ✓ 
  value: 75, min: 0, max: 100, stepCount: 10, meterSize: "regular", fillColor: "info", emptyColor: "danger", labelSize: "regular", showLabel: true

    ✓ 
  value: 75, min: 0, max: 100, stepCount: 10, meterSize: "regular", fillColor: "info", emptyColor: "danger", labelSize: "regular", showLabel: false
 (1ms)
    ✓ 
  value: 75, min: 0, max: 100, stepCount: 10, meterSize: "regular", fillColor: "info", emptyColor: "danger", labelSize: "small", showLabel: true
 (1ms)
    ✓ 
  value: 75, min: 0, max: 100, stepCount: 10, meterSize: "regular", fillColor: "info", emptyColor: "danger", labelSize: "small", showLabel: false
 (2ms)
    ✓ 
  value: 75, min: 0, max: 100, stepCount: 10, meterSize: "regular", fillColor: "info", emptyColor: "alert", labelSize: "large", showLabel: true
 (1ms)
    ✓ 
  value: 75, min: 0, max: 100, stepCount: 10, meterSize: "regular", fillColor: "info", emptyColor: "alert", labelSize: "large", showLabel: false
 (1ms)
    ✓ 
  value: 75, min: 0, max: 100, stepCount: 10, meterSize: "regular", fillColor: "info", emptyColor: "alert", labelSize: "regular", showLabel: true
 (3ms)
    ✓ 
  value: 75, min: 0, max: 100, stepCount: 10, meterSize: "regular", fillColor: "info", emptyColor: "alert", labelSize: "regular", showLabel: false
 (2ms)
    ✓ 
  value: 75, min: 0, max: 100, stepCount: 10, meterSize: "regular", fillColor: "info", emptyColor: "alert", labelSize: "small", showLabel: true
 (1ms)
    ✓ 
  value: 75, min: 0, max: 100, stepCount: 10, meterSize: "regular", fillColor: "info", emptyColor: "alert", labelSize: "small", showLabel: false
 (1ms)
    ✓ 
  value: 75, min: 0, max: 100, stepCount: 10, meterSize: "large", fillColor: "success", emptyColor: "danger", labelSize: "large", showLabel: true
 (1ms)
    ✓ 
  value: 75, min: 0, max: 100, stepCount: 10, meterSize: "large", fillColor: "success", emptyColor: "danger", labelSize: "large", showLabel: false
 (1ms)
    ✓ 
  value: 75, min: 0, max: 100, stepCount: 10, meterSize: "large", fillColor: "success", emptyColor: "danger", labelSize: "regular", showLabel: true
 (1ms)
    ✓ 
  value: 75, min: 0, max: 100, stepCount: 10, meterSize: "large", fillColor: "success", emptyColor: "danger", labelSize: "regular", showLabel: false
 (1ms)
    ✓ 
  value: 75, min: 0, max: 100, stepCount: 10, meterSize: "large", fillColor: "success", emptyColor: "danger", labelSize: "small", showLabel: true
 (1ms)
    ✓ 
  value: 75, min: 0, max: 100, stepCount: 10, meterSize: "large", fillColor: "success", emptyColor: "danger", labelSize: "small", showLabel: false
 (1ms)
    ✓ 
  value: 75, min: 0, max: 100, stepCount: 10, meterSize: "large", fillColor: "success", emptyColor: "alert", labelSize: "large", showLabel: true

    ✓ 
  value: 75, min: 0, max: 100, stepCount: 10, meterSize: "large", fillColor: "success", emptyColor: "alert", labelSize: "large", showLabel: false
 (1ms)
    ✓ 
  value: 75, min: 0, max: 100, stepCount: 10, meterSize: "large", fillColor: "success", emptyColor: "alert", labelSize: "regular", showLabel: true
 (1ms)
    ✓ 
  value: 75, min: 0, max: 100, stepCount: 10, meterSize: "large", fillColor: "success", emptyColor: "alert", labelSize: "regular", showLabel: false
 (1ms)
    ✓ 
  value: 75, min: 0, max: 100, stepCount: 10, meterSize: "large", fillColor: "success", emptyColor: "alert", labelSize: "small", showLabel: true

    ✓ 
  value: 75, min: 0, max: 100, stepCount: 10, meterSize: "large", fillColor: "success", emptyColor: "alert", labelSize: "small", showLabel: false
 (1ms)
    ✓ 
  value: 75, min: 0, max: 100, stepCount: 10, meterSize: "large", fillColor: "warning", emptyColor: "danger", labelSize: "large", showLabel: true
 (1ms)
    ✓ 
  value: 75, min: 0, max: 100, stepCount: 10, meterSize: "large", fillColor: "warning", emptyColor: "danger", labelSize: "large", showLabel: false
 (2ms)
    ✓ 
  value: 75, min: 0, max: 100, stepCount: 10, meterSize: "large", fillColor: "warning", emptyColor: "danger", labelSize: "regular", showLabel: true
 (1ms)
    ✓ 
  value: 75, min: 0, max: 100, stepCount: 10, meterSize: "large", fillColor: "warning", emptyColor: "danger", labelSize: "regular", showLabel: false
 (2ms)
    ✓ 
  value: 75, min: 0, max: 100, stepCount: 10, meterSize: "large", fillColor: "warning", emptyColor: "danger", labelSize: "small", showLabel: true
 (1ms)
    ✓ 
  value: 75, min: 0, max: 100, stepCount: 10, meterSize: "large", fillColor: "warning", emptyColor: "danger", labelSize: "small", showLabel: false
 (1ms)
    ✓ 
  value: 75, min: 0, max: 100, stepCount: 10, meterSize: "large", fillColor: "warning", emptyColor: "alert", labelSize: "large", showLabel: true
 (4ms)
    ✓ 
  value: 75, min: 0, max: 100, stepCount: 10, meterSize: "large", fillColor: "warning", emptyColor: "alert", labelSize: "large", showLabel: false

    ✓ 
  value: 75, min: 0, max: 100, stepCount: 10, meterSize: "large", fillColor: "warning", emptyColor: "alert", labelSize: "regular", showLabel: true
 (1ms)
    ✓ 
  value: 75, min: 0, max: 100, stepCount: 10, meterSize: "large", fillColor: "warning", emptyColor: "alert", labelSize: "regular", showLabel: false
 (1ms)
    ✓ 
  value: 75, min: 0, max: 100, stepCount: 10, meterSize: "large", fillColor: "warning", emptyColor: "alert", labelSize: "small", showLabel: true
 (1ms)
    ✓ 
  value: 75, min: 0, max: 100, stepCount: 10, meterSize: "large", fillColor: "warning", emptyColor: "alert", labelSize: "small", showLabel: false

    ✓ 
  value: 75, min: 0, max: 100, stepCount: 10, meterSize: "large", fillColor: "alert", emptyColor: "danger", labelSize: "large", showLabel: true
 (2ms)
    ✓ 
  value: 75, min: 0, max: 100, stepCount: 10, meterSize: "large", fillColor: "alert", emptyColor: "danger", labelSize: "large", showLabel: false
 (1ms)
    ✓ 
  value: 75, min: 0, max: 100, stepCount: 10, meterSize: "large", fillColor: "alert", emptyColor: "danger", labelSize: "regular", showLabel: true
 (1ms)
    ✓ 
  value: 75, min: 0, max: 100, stepCount: 10, meterSize: "large", fillColor: "alert", emptyColor: "danger", labelSize: "regular", showLabel: false
 (1ms)
    ✓ 
  value: 75, min: 0, max: 100, stepCount: 10, meterSize: "large", fillColor: "alert", emptyColor: "danger", labelSize: "small", showLabel: true
 (1ms)
    ✓ 
  value: 75, min: 0, max: 100, stepCount: 10, meterSize: "large", fillColor: "alert", emptyColor: "danger", labelSize: "small", showLabel: false
 (1ms)
    ✓ 
  value: 75, min: 0, max: 100, stepCount: 10, meterSize: "large", fillColor: "alert", emptyColor: "alert", labelSize: "large", showLabel: true
 (2ms)
    ✓ 
  value: 75, min: 0, max: 100, stepCount: 10, meterSize: "large", fillColor: "alert", emptyColor: "alert", labelSize: "large", showLabel: false
 (1ms)
    ✓ 
  value: 75, min: 0, max: 100, stepCount: 10, meterSize: "large", fillColor: "alert", emptyColor: "alert", labelSize: "regular", showLabel: true
 (1ms)
    ✓ 
  value: 75, min: 0, max: 100, stepCount: 10, meterSize: "large", fillColor: "alert", emptyColor: "alert", labelSize: "regular", showLabel: false
 (1ms)
    ✓ 
  value: 75, min: 0, max: 100, stepCount: 10, meterSize: "large", fillColor: "alert", emptyColor: "alert", labelSize: "small", showLabel: true
 (2ms)
    ✓ 
  value: 75, min: 0, max: 100, stepCount: 10, meterSize: "large", fillColor: "alert", emptyColor: "alert", labelSize: "small", showLabel: false
 (1ms)
    ✓ 
  value: 75, min: 0, max: 100, stepCount: 10, meterSize: "large", fillColor: "info", emptyColor: "danger", labelSize: "large", showLabel: true
 (1ms)
    ✓ 
  value: 75, min: 0, max: 100, stepCount: 10, meterSize: "large", fillColor: "info", emptyColor: "danger", labelSize: "large", showLabel: false
 (2ms)
    ✓ 
  value: 75, min: 0, max: 100, stepCount: 10, meterSize: "large", fillColor: "info", emptyColor: "danger", labelSize: "regular", showLabel: true
 (2ms)
    ✓ 
  value: 75, min: 0, max: 100, stepCount: 10, meterSize: "large", fillColor: "info", emptyColor: "danger", labelSize: "regular", showLabel: false
 (1ms)
    ✓ 
  value: 75, min: 0, max: 100, stepCount: 10, meterSize: "large", fillColor: "info", emptyColor: "danger", labelSize: "small", showLabel: true
 (3ms)
    ✓ 
  value: 75, min: 0, max: 100, stepCount: 10, meterSize: "large", fillColor: "info", emptyColor: "danger", labelSize: "small", showLabel: false
 (2ms)
    ✓ 
  value: 75, min: 0, max: 100, stepCount: 10, meterSize: "large", fillColor: "info", emptyColor: "alert", labelSize: "large", showLabel: true
 (1ms)
    ✓ 
  value: 75, min: 0, max: 100, stepCount: 10, meterSize: "large", fillColor: "info", emptyColor: "alert", labelSize: "large", showLabel: false
 (2ms)
    ✓ 
  value: 75, min: 0, max: 100, stepCount: 10, meterSize: "large", fillColor: "info", emptyColor: "alert", labelSize: "regular", showLabel: true
 (1ms)
    ✓ 
  value: 75, min: 0, max: 100, stepCount: 10, meterSize: "large", fillColor: "info", emptyColor: "alert", labelSize: "regular", showLabel: false

    ✓ 
  value: 75, min: 0, max: 100, stepCount: 10, meterSize: "large", fillColor: "info", emptyColor: "alert", labelSize: "small", showLabel: true
 (1ms)
    ✓ 
  value: 75, min: 0, max: 100, stepCount: 10, meterSize: "large", fillColor: "info", emptyColor: "alert", labelSize: "small", showLabel: false
 (3ms)
    ✓ 
  value: 75, min: 0, max: 100, stepCount: 10, meterSize: "small", fillColor: "success", emptyColor: "danger", labelSize: "large", showLabel: true
 (1ms)
    ✓ 
  value: 75, min: 0, max: 100, stepCount: 10, meterSize: "small", fillColor: "success", emptyColor: "danger", labelSize: "large", showLabel: false

    ✓ 
  value: 75, min: 0, max: 100, stepCount: 10, meterSize: "small", fillColor: "success", emptyColor: "danger", labelSize: "regular", showLabel: true
 (1ms)
    ✓ 
  value: 75, min: 0, max: 100, stepCount: 10, meterSize: "small", fillColor: "success", emptyColor: "danger", labelSize: "regular", showLabel: false
 (3ms)
    ✓ 
  value: 75, min: 0, max: 100, stepCount: 10, meterSize: "small", fillColor: "success", emptyColor: "danger", labelSize: "small", showLabel: true
 (2ms)
    ✓ 
  value: 75, min: 0, max: 100, stepCount: 10, meterSize: "small", fillColor: "success", emptyColor: "danger", labelSize: "small", showLabel: false
 (2ms)
    ✓ 
  value: 75, min: 0, max: 100, stepCount: 10, meterSize: "small", fillColor: "success", emptyColor: "alert", labelSize: "large", showLabel: true
 (1ms)
    ✓ 
  value: 75, min: 0, max: 100, stepCount: 10, meterSize: "small", fillColor: "success", emptyColor: "alert", labelSize: "large", showLabel: false
 (1ms)
    ✓ 
  value: 75, min: 0, max: 100, stepCount: 10, meterSize: "small", fillColor: "success", emptyColor: "alert", labelSize: "regular", showLabel: true
 (1ms)
    ✓ 
  value: 75, min: 0, max: 100, stepCount: 10, meterSize: "small", fillColor: "success", emptyColor: "alert", labelSize: "regular", showLabel: false
 (1ms)
    ✓ 
  value: 75, min: 0, max: 100, stepCount: 10, meterSize: "small", fillColor: "success", emptyColor: "alert", labelSize: "small", showLabel: true
 (1ms)
    ✓ 
  value: 75, min: 0, max: 100, stepCount: 10, meterSize: "small", fillColor: "success", emptyColor: "alert", labelSize: "small", showLabel: false
 (1ms)
    ✓ 
  value: 75, min: 0, max: 100, stepCount: 10, meterSize: "small", fillColor: "warning", emptyColor: "danger", labelSize: "large", showLabel: true
 (1ms)
    ✓ 
  value: 75, min: 0, max: 100, stepCount: 10, meterSize: "small", fillColor: "warning", emptyColor: "danger", labelSize: "large", showLabel: false
 (1ms)
    ✓ 
  value: 75, min: 0, max: 100, stepCount: 10, meterSize: "small", fillColor: "warning", emptyColor: "danger", labelSize: "regular", showLabel: true
 (1ms)
    ✓ 
  value: 75, min: 0, max: 100, stepCount: 10, meterSize: "small", fillColor: "warning", emptyColor: "danger", labelSize: "regular", showLabel: false
 (1ms)
    ✓ 
  value: 75, min: 0, max: 100, stepCount: 10, meterSize: "small", fillColor: "warning", emptyColor: "danger", labelSize: "small", showLabel: true
 (2ms)
    ✓ 
  value: 75, min: 0, max: 100, stepCount: 10, meterSize: "small", fillColor: "warning", emptyColor: "danger", labelSize: "small", showLabel: false
 (1ms)
    ✓ 
  value: 75, min: 0, max: 100, stepCount: 10, meterSize: "small", fillColor: "warning", emptyColor: "alert", labelSize: "large", showLabel: true
 (1ms)
    ✓ 
  value: 75, min: 0, max: 100, stepCount: 10, meterSize: "small", fillColor: "warning", emptyColor: "alert", labelSize: "large", showLabel: false
 (1ms)
    ✓ 
  value: 75, min: 0, max: 100, stepCount: 10, meterSize: "small", fillColor: "warning", emptyColor: "alert", labelSize: "regular", showLabel: true
 (2ms)
    ✓ 
  value: 75, min: 0, max: 100, stepCount: 10, meterSize: "small", fillColor: "warning", emptyColor: "alert", labelSize: "regular", showLabel: false

    ✓ 
  value: 75, min: 0, max: 100, stepCount: 10, meterSize: "small", fillColor: "warning", emptyColor: "alert", labelSize: "small", showLabel: true
 (1ms)
    ✓ 
  value: 75, min: 0, max: 100, stepCount: 10, meterSize: "small", fillColor: "warning", emptyColor: "alert", labelSize: "small", showLabel: false
 (1ms)
    ✓ 
  value: 75, min: 0, max: 100, stepCount: 10, meterSize: "small", fillColor: "alert", emptyColor: "danger", labelSize: "large", showLabel: true
 (2ms)
    ✓ 
  value: 75, min: 0, max: 100, stepCount: 10, meterSize: "small", fillColor: "alert", emptyColor: "danger", labelSize: "large", showLabel: false
 (1ms)
    ✓ 
  value: 75, min: 0, max: 100, stepCount: 10, meterSize: "small", fillColor: "alert", emptyColor: "danger", labelSize: "regular", showLabel: true
 (3ms)
    ✓ 
  value: 75, min: 0, max: 100, stepCount: 10, meterSize: "small", fillColor: "alert", emptyColor: "danger", labelSize: "regular", showLabel: false
 (1ms)
    ✓ 
  value: 75, min: 0, max: 100, stepCount: 10, meterSize: "small", fillColor: "alert", emptyColor: "danger", labelSize: "small", showLabel: true
 (1ms)
    ✓ 
  value: 75, min: 0, max: 100, stepCount: 10, meterSize: "small", fillColor: "alert", emptyColor: "danger", labelSize: "small", showLabel: false
 (1ms)
    ✓ 
  value: 75, min: 0, max: 100, stepCount: 10, meterSize: "small", fillColor: "alert", emptyColor: "alert", labelSize: "large", showLabel: true
 (1ms)
    ✓ 
  value: 75, min: 0, max: 100, stepCount: 10, meterSize: "small", fillColor: "alert", emptyColor: "alert", labelSize: "large", showLabel: false
 (2ms)
    ✓ 
  value: 75, min: 0, max: 100, stepCount: 10, meterSize: "small", fillColor: "alert", emptyColor: "alert", labelSize: "regular", showLabel: true
 (1ms)
    ✓ 
  value: 75, min: 0, max: 100, stepCount: 10, meterSize: "small", fillColor: "alert", emptyColor: "alert", labelSize: "regular", showLabel: false
 (1ms)
    ✓ 
  value: 75, min: 0, max: 100, stepCount: 10, meterSize: "small", fillColor: "alert", emptyColor: "alert", labelSize: "small", showLabel: true
 (2ms)
    ✓ 
  value: 75, min: 0, max: 100, stepCount: 10, meterSize: "small", fillColor: "alert", emptyColor: "alert", labelSize: "small", showLabel: false
 (1ms)
    ✓ 
  value: 75, min: 0, max: 100, stepCount: 10, meterSize: "small", fillColor: "info", emptyColor: "danger", labelSize: "large", showLabel: true
 (1ms)
    ✓ 
  value: 75, min: 0, max: 100, stepCount: 10, meterSize: "small", fillColor: "info", emptyColor: "danger", labelSize: "large", showLabel: false
 (1ms)
    ✓ 
  value: 75, min: 0, max: 100, stepCount: 10, meterSize: "small", fillColor: "info", emptyColor: "danger", labelSize: "regular", showLabel: true
 (1ms)
    ✓ 
  value: 75, min: 0, max: 100, stepCount: 10, meterSize: "small", fillColor: "info", emptyColor: "danger", labelSize: "regular", showLabel: false

    ✓ 
  value: 75, min: 0, max: 100, stepCount: 10, meterSize: "small", fillColor: "info", emptyColor: "danger", labelSize: "small", showLabel: true
 (1ms)
    ✓ 
  value: 75, min: 0, max: 100, stepCount: 10, meterSize: "small", fillColor: "info", emptyColor: "danger", labelSize: "small", showLabel: false
 (1ms)
    ✓ 
  value: 75, min: 0, max: 100, stepCount: 10, meterSize: "small", fillColor: "info", emptyColor: "alert", labelSize: "large", showLabel: true
 (1ms)
    ✓ 
  value: 75, min: 0, max: 100, stepCount: 10, meterSize: "small", fillColor: "info", emptyColor: "alert", labelSize: "large", showLabel: false
 (1ms)
    ✓ 
  value: 75, min: 0, max: 100, stepCount: 10, meterSize: "small", fillColor: "info", emptyColor: "alert", labelSize: "regular", showLabel: true
 (3ms)
    ✓ 
  value: 75, min: 0, max: 100, stepCount: 10, meterSize: "small", fillColor: "info", emptyColor: "alert", labelSize: "regular", showLabel: false
 (1ms)
    ✓ 
  value: 75, min: 0, max: 100, stepCount: 10, meterSize: "small", fillColor: "info", emptyColor: "alert", labelSize: "small", showLabel: true

    ✓ 
  value: 75, min: 0, max: 100, stepCount: 10, meterSize: "small", fillColor: "info", emptyColor: "alert", labelSize: "small", showLabel: false
 (1ms)
    ✓ 
  value: 75, min: 0, max: 100, stepCount: 5, meterSize: "regular", fillColor: "success", emptyColor: "danger", labelSize: "large", showLabel: true
 (1ms)
    ✓ 
  value: 75, min: 0, max: 100, stepCount: 5, meterSize: "regular", fillColor: "success", emptyColor: "danger", labelSize: "large", showLabel: false
 (1ms)
    ✓ 
  value: 75, min: 0, max: 100, stepCount: 5, meterSize: "regular", fillColor: "success", emptyColor: "danger", labelSize: "regular", showLabel: true
 (1ms)
    ✓ 
  value: 75, min: 0, max: 100, stepCount: 5, meterSize: "regular", fillColor: "success", emptyColor: "danger", labelSize: "regular", showLabel: false
 (1ms)
    ✓ 
  value: 75, min: 0, max: 100, stepCount: 5, meterSize: "regular", fillColor: "success", emptyColor: "danger", labelSize: "small", showLabel: true

    ✓ 
  value: 75, min: 0, max: 100, stepCount: 5, meterSize: "regular", fillColor: "success", emptyColor: "danger", labelSize: "small", showLabel: false

    ✓ 
  value: 75, min: 0, max: 100, stepCount: 5, meterSize: "regular", fillColor: "success", emptyColor: "alert", labelSize: "large", showLabel: true
 (1ms)
    ✓ 
  value: 75, min: 0, max: 100, stepCount: 5, meterSize: "regular", fillColor: "success", emptyColor: "alert", labelSize: "large", showLabel: false
 (2ms)
    ✓ 
  value: 75, min: 0, max: 100, stepCount: 5, meterSize: "regular", fillColor: "success", emptyColor: "alert", labelSize: "regular", showLabel: true
 (1ms)
    ✓ 
  value: 75, min: 0, max: 100, stepCount: 5, meterSize: "regular", fillColor: "success", emptyColor: "alert", labelSize: "regular", showLabel: false

    ✓ 
  value: 75, min: 0, max: 100, stepCount: 5, meterSize: "regular", fillColor: "success", emptyColor: "alert", labelSize: "small", showLabel: true
 (2ms)
    ✓ 
  value: 75, min: 0, max: 100, stepCount: 5, meterSize: "regular", fillColor: "success", emptyColor: "alert", labelSize: "small", showLabel: false

    ✓ 
  value: 75, min: 0, max: 100, stepCount: 5, meterSize: "regular", fillColor: "warning", emptyColor: "danger", labelSize: "large", showLabel: true
 (2ms)
    ✓ 
  value: 75, min: 0, max: 100, stepCount: 5, meterSize: "regular", fillColor: "warning", emptyColor: "danger", labelSize: "large", showLabel: false
 (1ms)
    ✓ 
  value: 75, min: 0, max: 100, stepCount: 5, meterSize: "regular", fillColor: "warning", emptyColor: "danger", labelSize: "regular", showLabel: true
 (1ms)
    ✓ 
  value: 75, min: 0, max: 100, stepCount: 5, meterSize: "regular", fillColor: "warning", emptyColor: "danger", labelSize: "regular", showLabel: false
 (1ms)
    ✓ 
  value: 75, min: 0, max: 100, stepCount: 5, meterSize: "regular", fillColor: "warning", emptyColor: "danger", labelSize: "small", showLabel: true

    ✓ 
  value: 75, min: 0, max: 100, stepCount: 5, meterSize: "regular", fillColor: "warning", emptyColor: "danger", labelSize: "small", showLabel: false
 (1ms)
    ✓ 
  value: 75, min: 0, max: 100, stepCount: 5, meterSize: "regular", fillColor: "warning", emptyColor: "alert", labelSize: "large", showLabel: true
 (1ms)
    ✓ 
  value: 75, min: 0, max: 100, stepCount: 5, meterSize: "regular", fillColor: "warning", emptyColor: "alert", labelSize: "large", showLabel: false
 (1ms)
    ✓ 
  value: 75, min: 0, max: 100, stepCount: 5, meterSize: "regular", fillColor: "warning", emptyColor: "alert", labelSize: "regular", showLabel: true
 (1ms)
    ✓ 
  value: 75, min: 0, max: 100, stepCount: 5, meterSize: "regular", fillColor: "warning", emptyColor: "alert", labelSize: "regular", showLabel: false
 (1ms)
    ✓ 
  value: 75, min: 0, max: 100, stepCount: 5, meterSize: "regular", fillColor: "warning", emptyColor: "alert", labelSize: "small", showLabel: true

    ✓ 
  value: 75, min: 0, max: 100, stepCount: 5, meterSize: "regular", fillColor: "warning", emptyColor: "alert", labelSize: "small", showLabel: false
 (1ms)
    ✓ 
  value: 75, min: 0, max: 100, stepCount: 5, meterSize: "regular", fillColor: "alert", emptyColor: "danger", labelSize: "large", showLabel: true
 (1ms)
    ✓ 
  value: 75, min: 0, max: 100, stepCount: 5, meterSize: "regular", fillColor: "alert", emptyColor: "danger", labelSize: "large", showLabel: false
 (1ms)
    ✓ 
  value: 75, min: 0, max: 100, stepCount: 5, meterSize: "regular", fillColor: "alert", emptyColor: "danger", labelSize: "regular", showLabel: true
 (1ms)
    ✓ 
  value: 75, min: 0, max: 100, stepCount: 5, meterSize: "regular", fillColor: "alert", emptyColor: "danger", labelSize: "regular", showLabel: false

    ✓ 
  value: 75, min: 0, max: 100, stepCount: 5, meterSize: "regular", fillColor: "alert", emptyColor: "danger", labelSize: "small", showLabel: true

    ✓ 
  value: 75, min: 0, max: 100, stepCount: 5, meterSize: "regular", fillColor: "alert", emptyColor: "danger", labelSize: "small", showLabel: false
 (1ms)
    ✓ 
  value: 75, min: 0, max: 100, stepCount: 5, meterSize: "regular", fillColor: "alert", emptyColor: "alert", labelSize: "large", showLabel: true
 (1ms)
    ✓ 
  value: 75, min: 0, max: 100, stepCount: 5, meterSize: "regular", fillColor: "alert", emptyColor: "alert", labelSize: "large", showLabel: false
 (1ms)
    ✓ 
  value: 75, min: 0, max: 100, stepCount: 5, meterSize: "regular", fillColor: "alert", emptyColor: "alert", labelSize: "regular", showLabel: true
 (2ms)
    ✓ 
  value: 75, min: 0, max: 100, stepCount: 5, meterSize: "regular", fillColor: "alert", emptyColor: "alert", labelSize: "regular", showLabel: false
 (1ms)
    ✓ 
  value: 75, min: 0, max: 100, stepCount: 5, meterSize: "regular", fillColor: "alert", emptyColor: "alert", labelSize: "small", showLabel: true
 (1ms)
    ✓ 
  value: 75, min: 0, max: 100, stepCount: 5, meterSize: "regular", fillColor: "alert", emptyColor: "alert", labelSize: "small", showLabel: false

    ✓ 
  value: 75, min: 0, max: 100, stepCount: 5, meterSize: "regular", fillColor: "info", emptyColor: "danger", labelSize: "large", showLabel: true
 (1ms)
    ✓ 
  value: 75, min: 0, max: 100, stepCount: 5, meterSize: "regular", fillColor: "info", emptyColor: "danger", labelSize: "large", showLabel: false

    ✓ 
  value: 75, min: 0, max: 100, stepCount: 5, meterSize: "regular", fillColor: "info", emptyColor: "danger", labelSize: "regular", showLabel: true
 (1ms)
    ✓ 
  value: 75, min: 0, max: 100, stepCount: 5, meterSize: "regular", fillColor: "info", emptyColor: "danger", labelSize: "regular", showLabel: false

    ✓ 
  value: 75, min: 0, max: 100, stepCount: 5, meterSize: "regular", fillColor: "info", emptyColor: "danger", labelSize: "small", showLabel: true

    ✓ 
  value: 75, min: 0, max: 100, stepCount: 5, meterSize: "regular", fillColor: "info", emptyColor: "danger", labelSize: "small", showLabel: false
 (1ms)
    ✓ 
  value: 75, min: 0, max: 100, stepCount: 5, meterSize: "regular", fillColor: "info", emptyColor: "alert", labelSize: "large", showLabel: true

    ✓ 
  value: 75, min: 0, max: 100, stepCount: 5, meterSize: "regular", fillColor: "info", emptyColor: "alert", labelSize: "large", showLabel: false
 (1ms)
    ✓ 
  value: 75, min: 0, max: 100, stepCount: 5, meterSize: "regular", fillColor: "info", emptyColor: "alert", labelSize: "regular", showLabel: true
 (1ms)
    ✓ 
  value: 75, min: 0, max: 100, stepCount: 5, meterSize: "regular", fillColor: "info", emptyColor: "alert", labelSize: "regular", showLabel: false
 (3ms)
    ✓ 
  value: 75, min: 0, max: 100, stepCount: 5, meterSize: "regular", fillColor: "info", emptyColor: "alert", labelSize: "small", showLabel: true
 (1ms)
    ✓ 
  value: 75, min: 0, max: 100, stepCount: 5, meterSize: "regular", fillColor: "info", emptyColor: "alert", labelSize: "small", showLabel: false
 (3ms)
    ✓ 
  value: 75, min: 0, max: 100, stepCount: 5, meterSize: "large", fillColor: "success", emptyColor: "danger", labelSize: "large", showLabel: true
 (2ms)
    ✓ 
  value: 75, min: 0, max: 100, stepCount: 5, meterSize: "large", fillColor: "success", emptyColor: "danger", labelSize: "large", showLabel: false
 (2ms)
    ✓ 
  value: 75, min: 0, max: 100, stepCount: 5, meterSize: "large", fillColor: "success", emptyColor: "danger", labelSize: "regular", showLabel: true
 (1ms)
    ✓ 
  value: 75, min: 0, max: 100, stepCount: 5, meterSize: "large", fillColor: "success", emptyColor: "danger", labelSize: "regular", showLabel: false
 (1ms)
    ✓ 
  value: 75, min: 0, max: 100, stepCount: 5, meterSize: "large", fillColor: "success", emptyColor: "danger", labelSize: "small", showLabel: true
 (1ms)
    ✓ 
  value: 75, min: 0, max: 100, stepCount: 5, meterSize: "large", fillColor: "success", emptyColor: "danger", labelSize: "small", showLabel: false
 (1ms)
    ✓ 
  value: 75, min: 0, max: 100, stepCount: 5, meterSize: "large", fillColor: "success", emptyColor: "alert", labelSize: "large", showLabel: true
 (1ms)
    ✓ 
  value: 75, min: 0, max: 100, stepCount: 5, meterSize: "large", fillColor: "success", emptyColor: "alert", labelSize: "large", showLabel: false
 (1ms)
    ✓ 
  value: 75, min: 0, max: 100, stepCount: 5, meterSize: "large", fillColor: "success", emptyColor: "alert", labelSize: "regular", showLabel: true

    ✓ 
  value: 75, min: 0, max: 100, stepCount: 5, meterSize: "large", fillColor: "success", emptyColor: "alert", labelSize: "regular", showLabel: false
 (1ms)
    ✓ 
  value: 75, min: 0, max: 100, stepCount: 5, meterSize: "large", fillColor: "success", emptyColor: "alert", labelSize: "small", showLabel: true

    ✓ 
  value: 75, min: 0, max: 100, stepCount: 5, meterSize: "large", fillColor: "success", emptyColor: "alert", labelSize: "small", showLabel: false

    ✓ 
  value: 75, min: 0, max: 100, stepCount: 5, meterSize: "large", fillColor: "warning", emptyColor: "danger", labelSize: "large", showLabel: true
 (2ms)
    ✓ 
  value: 75, min: 0, max: 100, stepCount: 5, meterSize: "large", fillColor: "warning", emptyColor: "danger", labelSize: "large", showLabel: false
 (1ms)
    ✓ 
  value: 75, min: 0, max: 100, stepCount: 5, meterSize: "large", fillColor: "warning", emptyColor: "danger", labelSize: "regular", showLabel: true
 (2ms)
    ✓ 
  value: 75, min: 0, max: 100, stepCount: 5, meterSize: "large", fillColor: "warning", emptyColor: "danger", labelSize: "regular", showLabel: false

    ✓ 
  value: 75, min: 0, max: 100, stepCount: 5, meterSize: "large", fillColor: "warning", emptyColor: "danger", labelSize: "small", showLabel: true
 (1ms)
    ✓ 
  value: 75, min: 0, max: 100, stepCount: 5, meterSize: "large", fillColor: "warning", emptyColor: "danger", labelSize: "small", showLabel: false
 (1ms)
    ✓ 
  value: 75, min: 0, max: 100, stepCount: 5, meterSize: "large", fillColor: "warning", emptyColor: "alert", labelSize: "large", showLabel: true

    ✓ 
  value: 75, min: 0, max: 100, stepCount: 5, meterSize: "large", fillColor: "warning", emptyColor: "alert", labelSize: "large", showLabel: false
 (1ms)
    ✓ 
  value: 75, min: 0, max: 100, stepCount: 5, meterSize: "large", fillColor: "warning", emptyColor: "alert", labelSize: "regular", showLabel: true
 (1ms)
    ✓ 
  value: 75, min: 0, max: 100, stepCount: 5, meterSize: "large", fillColor: "warning", emptyColor: "alert", labelSize: "regular", showLabel: false

    ✓ 
  value: 75, min: 0, max: 100, stepCount: 5, meterSize: "large", fillColor: "warning", emptyColor: "alert", labelSize: "small", showLabel: true
 (1ms)
    ✓ 
  value: 75, min: 0, max: 100, stepCount: 5, meterSize: "large", fillColor: "warning", emptyColor: "alert", labelSize: "small", showLabel: false
 (1ms)
    ✓ 
  value: 75, min: 0, max: 100, stepCount: 5, meterSize: "large", fillColor: "alert", emptyColor: "danger", labelSize: "large", showLabel: true
 (1ms)
    ✓ 
  value: 75, min: 0, max: 100, stepCount: 5, meterSize: "large", fillColor: "alert", emptyColor: "danger", labelSize: "large", showLabel: false

    ✓ 
  value: 75, min: 0, max: 100, stepCount: 5, meterSize: "large", fillColor: "alert", emptyColor: "danger", labelSize: "regular", showLabel: true
 (1ms)
    ✓ 
  value: 75, min: 0, max: 100, stepCount: 5, meterSize: "large", fillColor: "alert", emptyColor: "danger", labelSize: "regular", showLabel: false

    ✓ 
  value: 75, min: 0, max: 100, stepCount: 5, meterSize: "large", fillColor: "alert", emptyColor: "danger", labelSize: "small", showLabel: true

    ✓ 
  value: 75, min: 0, max: 100, stepCount: 5, meterSize: "large", fillColor: "alert", emptyColor: "danger", labelSize: "small", showLabel: false
 (1ms)
    ✓ 
  value: 75, min: 0, max: 100, stepCount: 5, meterSize: "large", fillColor: "alert", emptyColor: "alert", labelSize: "large", showLabel: true
 (1ms)
    ✓ 
  value: 75, min: 0, max: 100, stepCount: 5, meterSize: "large", fillColor: "alert", emptyColor: "alert", labelSize: "large", showLabel: false
 (1ms)
    ✓ 
  value: 75, min: 0, max: 100, stepCount: 5, meterSize: "large", fillColor: "alert", emptyColor: "alert", labelSize: "regular", showLabel: true
 (2ms)
    ✓ 
  value: 75, min: 0, max: 100, stepCount: 5, meterSize: "large", fillColor: "alert", emptyColor: "alert", labelSize: "regular", showLabel: false
 (2ms)
    ✓ 
  value: 75, min: 0, max: 100, stepCount: 5, meterSize: "large", fillColor: "alert", emptyColor: "alert", labelSize: "small", showLabel: true

    ✓ 
  value: 75, min: 0, max: 100, stepCount: 5, meterSize: "large", fillColor: "alert", emptyColor: "alert", labelSize: "small", showLabel: false
 (1ms)
    ✓ 
  value: 75, min: 0, max: 100, stepCount: 5, meterSize: "large", fillColor: "info", emptyColor: "danger", labelSize: "large", showLabel: true

    ✓ 
  value: 75, min: 0, max: 100, stepCount: 5, meterSize: "large", fillColor: "info", emptyColor: "danger", labelSize: "large", showLabel: false
 (2ms)
    ✓ 
  value: 75, min: 0, max: 100, stepCount: 5, meterSize: "large", fillColor: "info", emptyColor: "danger", labelSize: "regular", showLabel: true
 (1ms)
    ✓ 
  value: 75, min: 0, max: 100, stepCount: 5, meterSize: "large", fillColor: "info", emptyColor: "danger", labelSize: "regular", showLabel: false
 (1ms)
    ✓ 
  value: 75, min: 0, max: 100, stepCount: 5, meterSize: "large", fillColor: "info", emptyColor: "danger", labelSize: "small", showLabel: true
 (1ms)
    ✓ 
  value: 75, min: 0, max: 100, stepCount: 5, meterSize: "large", fillColor: "info", emptyColor: "danger", labelSize: "small", showLabel: false
 (1ms)
    ✓ 
  value: 75, min: 0, max: 100, stepCount: 5, meterSize: "large", fillColor: "info", emptyColor: "alert", labelSize: "large", showLabel: true

    ✓ 
  value: 75, min: 0, max: 100, stepCount: 5, meterSize: "large", fillColor: "info", emptyColor: "alert", labelSize: "large", showLabel: false
 (1ms)
    ✓ 
  value: 75, min: 0, max: 100, stepCount: 5, meterSize: "large", fillColor: "info", emptyColor: "alert", labelSize: "regular", showLabel: true

    ✓ 
  value: 75, min: 0, max: 100, stepCount: 5, meterSize: "large", fillColor: "info", emptyColor: "alert", labelSize: "regular", showLabel: false
 (1ms)
    ✓ 
  value: 75, min: 0, max: 100, stepCount: 5, meterSize: "large", fillColor: "info", emptyColor: "alert", labelSize: "small", showLabel: true
 (2ms)
    ✓ 
  value: 75, min: 0, max: 100, stepCount: 5, meterSize: "large", fillColor: "info", emptyColor: "alert", labelSize: "small", showLabel: false
 (1ms)
    ✓ 
  value: 75, min: 0, max: 100, stepCount: 5, meterSize: "small", fillColor: "success", emptyColor: "danger", labelSize: "large", showLabel: true
 (1ms)
    ✓ 
  value: 75, min: 0, max: 100, stepCount: 5, meterSize: "small", fillColor: "success", emptyColor: "danger", labelSize: "large", showLabel: false
 (2ms)
    ✓ 
  value: 75, min: 0, max: 100, stepCount: 5, meterSize: "small", fillColor: "success", emptyColor: "danger", labelSize: "regular", showLabel: true
 (2ms)
    ✓ 
  value: 75, min: 0, max: 100, stepCount: 5, meterSize: "small", fillColor: "success", emptyColor: "danger", labelSize: "regular", showLabel: false
 (1ms)
    ✓ 
  value: 75, min: 0, max: 100, stepCount: 5, meterSize: "small", fillColor: "success", emptyColor: "danger", labelSize: "small", showLabel: true

    ✓ 
  value: 75, min: 0, max: 100, stepCount: 5, meterSize: "small", fillColor: "success", emptyColor: "danger", labelSize: "small", showLabel: false
 (2ms)
    ✓ 
  value: 75, min: 0, max: 100, stepCount: 5, meterSize: "small", fillColor: "success", emptyColor: "alert", labelSize: "large", showLabel: true
 (1ms)
    ✓ 
  value: 75, min: 0, max: 100, stepCount: 5, meterSize: "small", fillColor: "success", emptyColor: "alert", labelSize: "large", showLabel: false

    ✓ 
  value: 75, min: 0, max: 100, stepCount: 5, meterSize: "small", fillColor: "success", emptyColor: "alert", labelSize: "regular", showLabel: true
 (1ms)
    ✓ 
  value: 75, min: 0, max: 100, stepCount: 5, meterSize: "small", fillColor: "success", emptyColor: "alert", labelSize: "regular", showLabel: false
 (2ms)
    ✓ 
  value: 75, min: 0, max: 100, stepCount: 5, meterSize: "small", fillColor: "success", emptyColor: "alert", labelSize: "small", showLabel: true

    ✓ 
  value: 75, min: 0, max: 100, stepCount: 5, meterSize: "small", fillColor: "success", emptyColor: "alert", labelSize: "small", showLabel: false
 (2ms)
    ✓ 
  value: 75, min: 0, max: 100, stepCount: 5, meterSize: "small", fillColor: "warning", emptyColor: "danger", labelSize: "large", showLabel: true

    ✓ 
  value: 75, min: 0, max: 100, stepCount: 5, meterSize: "small", fillColor: "warning", emptyColor: "danger", labelSize: "large", showLabel: false

    ✓ 
  value: 75, min: 0, max: 100, stepCount: 5, meterSize: "small", fillColor: "warning", emptyColor: "danger", labelSize: "regular", showLabel: true
 (1ms)
    ✓ 
  value: 75, min: 0, max: 100, stepCount: 5, meterSize: "small", fillColor: "warning", emptyColor: "danger", labelSize: "regular", showLabel: false
 (1ms)
    ✓ 
  value: 75, min: 0, max: 100, stepCount: 5, meterSize: "small", fillColor: "warning", emptyColor: "danger", labelSize: "small", showLabel: true
 (1ms)
    ✓ 
  value: 75, min: 0, max: 100, stepCount: 5, meterSize: "small", fillColor: "warning", emptyColor: "danger", labelSize: "small", showLabel: false
 (1ms)
    ✓ 
  value: 75, min: 0, max: 100, stepCount: 5, meterSize: "small", fillColor: "warning", emptyColor: "alert", labelSize: "large", showLabel: true
 (1ms)
    ✓ 
  value: 75, min: 0, max: 100, stepCount: 5, meterSize: "small", fillColor: "warning", emptyColor: "alert", labelSize: "large", showLabel: false

    ✓ 
  value: 75, min: 0, max: 100, stepCount: 5, meterSize: "small", fillColor: "warning", emptyColor: "alert", labelSize: "regular", showLabel: true
 (2ms)
    ✓ 
  value: 75, min: 0, max: 100, stepCount: 5, meterSize: "small", fillColor: "warning", emptyColor: "alert", labelSize: "regular", showLabel: false
 (1ms)
    ✓ 
  value: 75, min: 0, max: 100, stepCount: 5, meterSize: "small", fillColor: "warning", emptyColor: "alert", labelSize: "small", showLabel: true

    ✓ 
  value: 75, min: 0, max: 100, stepCount: 5, meterSize: "small", fillColor: "warning", emptyColor: "alert", labelSize: "small", showLabel: false
 (1ms)
    ✓ 
  value: 75, min: 0, max: 100, stepCount: 5, meterSize: "small", fillColor: "alert", emptyColor: "danger", labelSize: "large", showLabel: true
 (1ms)
    ✓ 
  value: 75, min: 0, max: 100, stepCount: 5, meterSize: "small", fillColor: "alert", emptyColor: "danger", labelSize: "large", showLabel: false
 (1ms)
    ✓ 
  value: 75, min: 0, max: 100, stepCount: 5, meterSize: "small", fillColor: "alert", emptyColor: "danger", labelSize: "regular", showLabel: true

    ✓ 
  value: 75, min: 0, max: 100, stepCount: 5, meterSize: "small", fillColor: "alert", emptyColor: "danger", labelSize: "regular", showLabel: false
 (2ms)
    ✓ 
  value: 75, min: 0, max: 100, stepCount: 5, meterSize: "small", fillColor: "alert", emptyColor: "danger", labelSize: "small", showLabel: true
 (1ms)
    ✓ 
  value: 75, min: 0, max: 100, stepCount: 5, meterSize: "small", fillColor: "alert", emptyColor: "danger", labelSize: "small", showLabel: false

    ✓ 
  value: 75, min: 0, max: 100, stepCount: 5, meterSize: "small", fillColor: "alert", emptyColor: "alert", labelSize: "large", showLabel: true
 (2ms)
    ✓ 
  value: 75, min: 0, max: 100, stepCount: 5, meterSize: "small", fillColor: "alert", emptyColor: "alert", labelSize: "large", showLabel: false
 (1ms)
    ✓ 
  value: 75, min: 0, max: 100, stepCount: 5, meterSize: "small", fillColor: "alert", emptyColor: "alert", labelSize: "regular", showLabel: true
 (1ms)
    ✓ 
  value: 75, min: 0, max: 100, stepCount: 5, meterSize: "small", fillColor: "alert", emptyColor: "alert", labelSize: "regular", showLabel: false
 (2ms)
    ✓ 
  value: 75, min: 0, max: 100, stepCount: 5, meterSize: "small", fillColor: "alert", emptyColor: "alert", labelSize: "small", showLabel: true
 (1ms)
    ✓ 
  value: 75, min: 0, max: 100, stepCount: 5, meterSize: "small", fillColor: "alert", emptyColor: "alert", labelSize: "small", showLabel: false
 (1ms)
    ✓ 
  value: 75, min: 0, max: 100, stepCount: 5, meterSize: "small", fillColor: "info", emptyColor: "danger", labelSize: "large", showLabel: true
 (2ms)
    ✓ 
  value: 75, min: 0, max: 100, stepCount: 5, meterSize: "small", fillColor: "info", emptyColor: "danger", labelSize: "large", showLabel: false
 (1ms)
    ✓ 
  value: 75, min: 0, max: 100, stepCount: 5, meterSize: "small", fillColor: "info", emptyColor: "danger", labelSize: "regular", showLabel: true
 (2ms)
    ✓ 
  value: 75, min: 0, max: 100, stepCount: 5, meterSize: "small", fillColor: "info", emptyColor: "danger", labelSize: "regular", showLabel: false
 (1ms)
    ✓ 
  value: 75, min: 0, max: 100, stepCount: 5, meterSize: "small", fillColor: "info", emptyColor: "danger", labelSize: "small", showLabel: true
 (2ms)
    ✓ 
  value: 75, min: 0, max: 100, stepCount: 5, meterSize: "small", fillColor: "info", emptyColor: "danger", labelSize: "small", showLabel: false
 (1ms)
    ✓ 
  value: 75, min: 0, max: 100, stepCount: 5, meterSize: "small", fillColor: "info", emptyColor: "alert", labelSize: "large", showLabel: true
 (1ms)
    ✓ 
  value: 75, min: 0, max: 100, stepCount: 5, meterSize: "small", fillColor: "info", emptyColor: "alert", labelSize: "large", showLabel: false
 (1ms)
    ✓ 
  value: 75, min: 0, max: 100, stepCount: 5, meterSize: "small", fillColor: "info", emptyColor: "alert", labelSize: "regular", showLabel: true
 (1ms)
    ✓ 
  value: 75, min: 0, max: 100, stepCount: 5, meterSize: "small", fillColor: "info", emptyColor: "alert", labelSize: "regular", showLabel: false
 (1ms)
    ✓ 
  value: 75, min: 0, max: 100, stepCount: 5, meterSize: "small", fillColor: "info", emptyColor: "alert", labelSize: "small", showLabel: true
 (1ms)
    ✓ 
  value: 75, min: 0, max: 100, stepCount: 5, meterSize: "small", fillColor: "info", emptyColor: "alert", labelSize: "small", showLabel: false
 (1ms)
    ✓ 
  value: 75, min: 0, max: 100, stepCount: 10, meterSize: "regular", fillColor: "success", emptyColor: "danger", labelSize: "large", showLabel: true
 (3ms)
    ✓ 
  value: 75, min: 0, max: 100, stepCount: 10, meterSize: "regular", fillColor: "success", emptyColor: "danger", labelSize: "large", showLabel: false
 (1ms)
    ✓ 
  value: 75, min: 0, max: 100, stepCount: 10, meterSize: "regular", fillColor: "success", emptyColor: "danger", labelSize: "regular", showLabel: true
 (1ms)
    ✓ 
  value: 75, min: 0, max: 100, stepCount: 10, meterSize: "regular", fillColor: "success", emptyColor: "danger", labelSize: "regular", showLabel: false
 (1ms)
    ✓ 
  value: 75, min: 0, max: 100, stepCount: 10, meterSize: "regular", fillColor: "success", emptyColor: "danger", labelSize: "small", showLabel: true
 (3ms)
    ✓ 
  value: 75, min: 0, max: 100, stepCount: 10, meterSize: "regular", fillColor: "success", emptyColor: "danger", labelSize: "small", showLabel: false
 (1ms)
    ✓ 
  value: 75, min: 0, max: 100, stepCount: 10, meterSize: "regular", fillColor: "success", emptyColor: "alert", labelSize: "large", showLabel: true
 (1ms)
    ✓ 
  value: 75, min: 0, max: 100, stepCount: 10, meterSize: "regular", fillColor: "success", emptyColor: "alert", labelSize: "large", showLabel: false
 (2ms)
    ✓ 
  value: 75, min: 0, max: 100, stepCount: 10, meterSize: "regular", fillColor: "success", emptyColor: "alert", labelSize: "regular", showLabel: true
 (1ms)
    ✓ 
  value: 75, min: 0, max: 100, stepCount: 10, meterSize: "regular", fillColor: "success", emptyColor: "alert", labelSize: "regular", showLabel: false
 (3ms)
    ✓ 
  value: 75, min: 0, max: 100, stepCount: 10, meterSize: "regular", fillColor: "success", emptyColor: "alert", labelSize: "small", showLabel: true

    ✓ 
  value: 75, min: 0, max: 100, stepCount: 10, meterSize: "regular", fillColor: "success", emptyColor: "alert", labelSize: "small", showLabel: false

    ✓ 
  value: 75, min: 0, max: 100, stepCount: 10, meterSize: "regular", fillColor: "warning", emptyColor: "danger", labelSize: "large", showLabel: true
 (1ms)
    ✓ 
  value: 75, min: 0, max: 100, stepCount: 10, meterSize: "regular", fillColor: "warning", emptyColor: "danger", labelSize: "large", showLabel: false
 (1ms)
    ✓ 
  value: 75, min: 0, max: 100, stepCount: 10, meterSize: "regular", fillColor: "warning", emptyColor: "danger", labelSize: "regular", showLabel: true
 (2ms)
    ✓ 
  value: 75, min: 0, max: 100, stepCount: 10, meterSize: "regular", fillColor: "warning", emptyColor: "danger", labelSize: "regular", showLabel: false
 (3ms)
    ✓ 
  value: 75, min: 0, max: 100, stepCount: 10, meterSize: "regular", fillColor: "warning", emptyColor: "danger", labelSize: "small", showLabel: true
 (1ms)
    ✓ 
  value: 75, min: 0, max: 100, stepCount: 10, meterSize: "regular", fillColor: "warning", emptyColor: "danger", labelSize: "small", showLabel: false
 (1ms)
    ✓ 
  value: 75, min: 0, max: 100, stepCount: 10, meterSize: "regular", fillColor: "warning", emptyColor: "alert", labelSize: "large", showLabel: true
 (1ms)
    ✓ 
  value: 75, min: 0, max: 100, stepCount: 10, meterSize: "regular", fillColor: "warning", emptyColor: "alert", labelSize: "large", showLabel: false
 (1ms)
    ✓ 
  value: 75, min: 0, max: 100, stepCount: 10, meterSize: "regular", fillColor: "warning", emptyColor: "alert", labelSize: "regular", showLabel: true
 (1ms)
    ✓ 
  value: 75, min: 0, max: 100, stepCount: 10, meterSize: "regular", fillColor: "warning", emptyColor: "alert", labelSize: "regular", showLabel: false
 (3ms)
    ✓ 
  value: 75, min: 0, max: 100, stepCount: 10, meterSize: "regular", fillColor: "warning", emptyColor: "alert", labelSize: "small", showLabel: true
 (1ms)
    ✓ 
  value: 75, min: 0, max: 100, stepCount: 10, meterSize: "regular", fillColor: "warning", emptyColor: "alert", labelSize: "small", showLabel: false
 (1ms)
    ✓ 
  value: 75, min: 0, max: 100, stepCount: 10, meterSize: "regular", fillColor: "alert", emptyColor: "danger", labelSize: "large", showLabel: true
 (2ms)
    ✓ 
  value: 75, min: 0, max: 100, stepCount: 10, meterSize: "regular", fillColor: "alert", emptyColor: "danger", labelSize: "large", showLabel: false
 (1ms)
    ✓ 
  value: 75, min: 0, max: 100, stepCount: 10, meterSize: "regular", fillColor: "alert", emptyColor: "danger", labelSize: "regular", showLabel: true

    ✓ 
  value: 75, min: 0, max: 100, stepCount: 10, meterSize: "regular", fillColor: "alert", emptyColor: "danger", labelSize: "regular", showLabel: false
 (1ms)
    ✓ 
  value: 75, min: 0, max: 100, stepCount: 10, meterSize: "regular", fillColor: "alert", emptyColor: "danger", labelSize: "small", showLabel: true
 (1ms)
    ✓ 
  value: 75, min: 0, max: 100, stepCount: 10, meterSize: "regular", fillColor: "alert", emptyColor: "danger", labelSize: "small", showLabel: false
 (1ms)
    ✓ 
  value: 75, min: 0, max: 100, stepCount: 10, meterSize: "regular", fillColor: "alert", emptyColor: "alert", labelSize: "large", showLabel: true
 (1ms)
    ✓ 
  value: 75, min: 0, max: 100, stepCount: 10, meterSize: "regular", fillColor: "alert", emptyColor: "alert", labelSize: "large", showLabel: false
 (1ms)
    ✓ 
  value: 75, min: 0, max: 100, stepCount: 10, meterSize: "regular", fillColor: "alert", emptyColor: "alert", labelSize: "regular", showLabel: true
 (1ms)
    ✓ 
  value: 75, min: 0, max: 100, stepCount: 10, meterSize: "regular", fillColor: "alert", emptyColor: "alert", labelSize: "regular", showLabel: false
 (2ms)
    ✓ 
  value: 75, min: 0, max: 100, stepCount: 10, meterSize: "regular", fillColor: "alert", emptyColor: "alert", labelSize: "small", showLabel: true
 (3ms)
    ✓ 
  value: 75, min: 0, max: 100, stepCount: 10, meterSize: "regular", fillColor: "alert", emptyColor: "alert", labelSize: "small", showLabel: false
 (1ms)
    ✓ 
  value: 75, min: 0, max: 100, stepCount: 10, meterSize: "regular", fillColor: "info", emptyColor: "danger", labelSize: "large", showLabel: true
 (1ms)
    ✓ 
  value: 75, min: 0, max: 100, stepCount: 10, meterSize: "regular", fillColor: "info", emptyColor: "danger", labelSize: "large", showLabel: false
 (1ms)
    ✓ 
  value: 75, min: 0, max: 100, stepCount: 10, meterSize: "regular", fillColor: "info", emptyColor: "danger", labelSize: "regular", showLabel: true
 (2ms)
    ✓ 
  value: 75, min: 0, max: 100, stepCount: 10, meterSize: "regular", fillColor: "info", emptyColor: "danger", labelSize: "regular", showLabel: false
 (1ms)
    ✓ 
  value: 75, min: 0, max: 100, stepCount: 10, meterSize: "regular", fillColor: "info", emptyColor: "danger", labelSize: "small", showLabel: true
 (1ms)
    ✓ 
  value: 75, min: 0, max: 100, stepCount: 10, meterSize: "regular", fillColor: "info", emptyColor: "danger", labelSize: "small", showLabel: false
 (1ms)
    ✓ 
  value: 75, min: 0, max: 100, stepCount: 10, meterSize: "regular", fillColor: "info", emptyColor: "alert", labelSize: "large", showLabel: true
 (2ms)
    ✓ 
  value: 75, min: 0, max: 100, stepCount: 10, meterSize: "regular", fillColor: "info", emptyColor: "alert", labelSize: "large", showLabel: false

    ✓ 
  value: 75, min: 0, max: 100, stepCount: 10, meterSize: "regular", fillColor: "info", emptyColor: "alert", labelSize: "regular", showLabel: true
 (4ms)
    ✓ 
  value: 75, min: 0, max: 100, stepCount: 10, meterSize: "regular", fillColor: "info", emptyColor: "alert", labelSize: "regular", showLabel: false
 (3ms)
    ✓ 
  value: 75, min: 0, max: 100, stepCount: 10, meterSize: "regular", fillColor: "info", emptyColor: "alert", labelSize: "small", showLabel: true
 (1ms)
    ✓ 
  value: 75, min: 0, max: 100, stepCount: 10, meterSize: "regular", fillColor: "info", emptyColor: "alert", labelSize: "small", showLabel: false
 (1ms)
    ✓ 
  value: 75, min: 0, max: 100, stepCount: 10, meterSize: "large", fillColor: "success", emptyColor: "danger", labelSize: "large", showLabel: true

    ✓ 
  value: 75, min: 0, max: 100, stepCount: 10, meterSize: "large", fillColor: "success", emptyColor: "danger", labelSize: "large", showLabel: false
 (2ms)
    ✓ 
  value: 75, min: 0, max: 100, stepCount: 10, meterSize: "large", fillColor: "success", emptyColor: "danger", labelSize: "regular", showLabel: true
 (2ms)
    ✓ 
  value: 75, min: 0, max: 100, stepCount: 10, meterSize: "large", fillColor: "success", emptyColor: "danger", labelSize: "regular", showLabel: false
 (1ms)
    ✓ 
  value: 75, min: 0, max: 100, stepCount: 10, meterSize: "large", fillColor: "success", emptyColor: "danger", labelSize: "small", showLabel: true
 (3ms)
    ✓ 
  value: 75, min: 0, max: 100, stepCount: 10, meterSize: "large", fillColor: "success", emptyColor: "danger", labelSize: "small", showLabel: false
 (1ms)
    ✓ 
  value: 75, min: 0, max: 100, stepCount: 10, meterSize: "large", fillColor: "success", emptyColor: "alert", labelSize: "large", showLabel: true
 (2ms)
    ✓ 
  value: 75, min: 0, max: 100, stepCount: 10, meterSize: "large", fillColor: "success", emptyColor: "alert", labelSize: "large", showLabel: false
 (2ms)
    ✓ 
  value: 75, min: 0, max: 100, stepCount: 10, meterSize: "large", fillColor: "success", emptyColor: "alert", labelSize: "regular", showLabel: true
 (2ms)
    ✓ 
  value: 75, min: 0, max: 100, stepCount: 10, meterSize: "large", fillColor: "success", emptyColor: "alert", labelSize: "regular", showLabel: false
 (2ms)
    ✓ 
  value: 75, min: 0, max: 100, stepCount: 10, meterSize: "large", fillColor: "success", emptyColor: "alert", labelSize: "small", showLabel: true
 (2ms)
    ✓ 
  value: 75, min: 0, max: 100, stepCount: 10, meterSize: "large", fillColor: "success", emptyColor: "alert", labelSize: "small", showLabel: false
 (1ms)
    ✓ 
  value: 75, min: 0, max: 100, stepCount: 10, meterSize: "large", fillColor: "warning", emptyColor: "danger", labelSize: "large", showLabel: true

    ✓ 
  value: 75, min: 0, max: 100, stepCount: 10, meterSize: "large", fillColor: "warning", emptyColor: "danger", labelSize: "large", showLabel: false
 (2ms)
    ✓ 
  value: 75, min: 0, max: 100, stepCount: 10, meterSize: "large", fillColor: "warning", emptyColor: "danger", labelSize: "regular", showLabel: true
 (1ms)
    ✓ 
  value: 75, min: 0, max: 100, stepCount: 10, meterSize: "large", fillColor: "warning", emptyColor: "danger", labelSize: "regular", showLabel: false
 (1ms)
    ✓ 
  value: 75, min: 0, max: 100, stepCount: 10, meterSize: "large", fillColor: "warning", emptyColor: "danger", labelSize: "small", showLabel: true
 (1ms)
    ✓ 
  value: 75, min: 0, max: 100, stepCount: 10, meterSize: "large", fillColor: "warning", emptyColor: "danger", labelSize: "small", showLabel: false
 (3ms)
    ✓ 
  value: 75, min: 0, max: 100, stepCount: 10, meterSize: "large", fillColor: "warning", emptyColor: "alert", labelSize: "large", showLabel: true
 (1ms)
    ✓ 
  value: 75, min: 0, max: 100, stepCount: 10, meterSize: "large", fillColor: "warning", emptyColor: "alert", labelSize: "large", showLabel: false
 (2ms)
    ✓ 
  value: 75, min: 0, max: 100, stepCount: 10, meterSize: "large", fillColor: "warning", emptyColor: "alert", labelSize: "regular", showLabel: true
 (1ms)
    ✓ 
  value: 75, min: 0, max: 100, stepCount: 10, meterSize: "large", fillColor: "warning", emptyColor: "alert", labelSize: "regular", showLabel: false
 (1ms)
    ✓ 
  value: 75, min: 0, max: 100, stepCount: 10, meterSize: "large", fillColor: "warning", emptyColor: "alert", labelSize: "small", showLabel: true
 (1ms)
    ✓ 
  value: 75, min: 0, max: 100, stepCount: 10, meterSize: "large", fillColor: "warning", emptyColor: "alert", labelSize: "small", showLabel: false
 (1ms)
    ✓ 
  value: 75, min: 0, max: 100, stepCount: 10, meterSize: "large", fillColor: "alert", emptyColor: "danger", labelSize: "large", showLabel: true
 (1ms)
    ✓ 
  value: 75, min: 0, max: 100, stepCount: 10, meterSize: "large", fillColor: "alert", emptyColor: "danger", labelSize: "large", showLabel: false
 (2ms)
    ✓ 
  value: 75, min: 0, max: 100, stepCount: 10, meterSize: "large", fillColor: "alert", emptyColor: "danger", labelSize: "regular", showLabel: true
 (3ms)
    ✓ 
  value: 75, min: 0, max: 100, stepCount: 10, meterSize: "large", fillColor: "alert", emptyColor: "danger", labelSize: "regular", showLabel: false
 (3ms)
    ✓ 
  value: 75, min: 0, max: 100, stepCount: 10, meterSize: "large", fillColor: "alert", emptyColor: "danger", labelSize: "small", showLabel: true
 (2ms)
    ✓ 
  value: 75, min: 0, max: 100, stepCount: 10, meterSize: "large", fillColor: "alert", emptyColor: "danger", labelSize: "small", showLabel: false
 (1ms)
    ✓ 
  value: 75, min: 0, max: 100, stepCount: 10, meterSize: "large", fillColor: "alert", emptyColor: "alert", labelSize: "large", showLabel: true
 (4ms)
    ✓ 
  value: 75, min: 0, max: 100, stepCount: 10, meterSize: "large", fillColor: "alert", emptyColor: "alert", labelSize: "large", showLabel: false
 (1ms)
    ✓ 
  value: 75, min: 0, max: 100, stepCount: 10, meterSize: "large", fillColor: "alert", emptyColor: "alert", labelSize: "regular", showLabel: true
 (4ms)
    ✓ 
  value: 75, min: 0, max: 100, stepCount: 10, meterSize: "large", fillColor: "alert", emptyColor: "alert", labelSize: "regular", showLabel: false
 (1ms)
    ✓ 
  value: 75, min: 0, max: 100, stepCount: 10, meterSize: "large", fillColor: "alert", emptyColor: "alert", labelSize: "small", showLabel: true
 (1ms)
    ✓ 
  value: 75, min: 0, max: 100, stepCount: 10, meterSize: "large", fillColor: "alert", emptyColor: "alert", labelSize: "small", showLabel: false
 (3ms)
    ✓ 
  value: 75, min: 0, max: 100, stepCount: 10, meterSize: "large", fillColor: "info", emptyColor: "danger", labelSize: "large", showLabel: true
 (2ms)
    ✓ 
  value: 75, min: 0, max: 100, stepCount: 10, meterSize: "large", fillColor: "info", emptyColor: "danger", labelSize: "large", showLabel: false

    ✓ 
  value: 75, min: 0, max: 100, stepCount: 10, meterSize: "large", fillColor: "info", emptyColor: "danger", labelSize: "regular", showLabel: true
 (3ms)
    ✓ 
  value: 75, min: 0, max: 100, stepCount: 10, meterSize: "large", fillColor: "info", emptyColor: "danger", labelSize: "regular", showLabel: false
 (1ms)
    ✓ 
  value: 75, min: 0, max: 100, stepCount: 10, meterSize: "large", fillColor: "info", emptyColor: "danger", labelSize: "small", showLabel: true
 (3ms)
    ✓ 
  value: 75, min: 0, max: 100, stepCount: 10, meterSize: "large", fillColor: "info", emptyColor: "danger", labelSize: "small", showLabel: false
 (1ms)
    ✓ 
  value: 75, min: 0, max: 100, stepCount: 10, meterSize: "large", fillColor: "info", emptyColor: "alert", labelSize: "large", showLabel: true
 (2ms)
    ✓ 
  value: 75, min: 0, max: 100, stepCount: 10, meterSize: "large", fillColor: "info", emptyColor: "alert", labelSize: "large", showLabel: false
 (1ms)
    ✓ 
  value: 75, min: 0, max: 100, stepCount: 10, meterSize: "large", fillColor: "info", emptyColor: "alert", labelSize: "regular", showLabel: true
 (1ms)
    ✓ 
  value: 75, min: 0, max: 100, stepCount: 10, meterSize: "large", fillColor: "info", emptyColor: "alert", labelSize: "regular", showLabel: false
 (1ms)
    ✓ 
  value: 75, min: 0, max: 100, stepCount: 10, meterSize: "large", fillColor: "info", emptyColor: "alert", labelSize: "small", showLabel: true
 (3ms)
    ✓ 
  value: 75, min: 0, max: 100, stepCount: 10, meterSize: "large", fillColor: "info", emptyColor: "alert", labelSize: "small", showLabel: false
 (1ms)
    ✓ 
  value: 75, min: 0, max: 100, stepCount: 10, meterSize: "small", fillColor: "success", emptyColor: "danger", labelSize: "large", showLabel: true
 (1ms)
    ✓ 
  value: 75, min: 0, max: 100, stepCount: 10, meterSize: "small", fillColor: "success", emptyColor: "danger", labelSize: "large", showLabel: false
 (1ms)
    ✓ 
  value: 75, min: 0, max: 100, stepCount: 10, meterSize: "small", fillColor: "success", emptyColor: "danger", labelSize: "regular", showLabel: true
 (1ms)
    ✓ 
  value: 75, min: 0, max: 100, stepCount: 10, meterSize: "small", fillColor: "success", emptyColor: "danger", labelSize: "regular", showLabel: false
 (2ms)
    ✓ 
  value: 75, min: 0, max: 100, stepCount: 10, meterSize: "small", fillColor: "success", emptyColor: "danger", labelSize: "small", showLabel: true
 (2ms)
    ✓ 
  value: 75, min: 0, max: 100, stepCount: 10, meterSize: "small", fillColor: "success", emptyColor: "danger", labelSize: "small", showLabel: false
 (2ms)
    ✓ 
  value: 75, min: 0, max: 100, stepCount: 10, meterSize: "small", fillColor: "success", emptyColor: "alert", labelSize: "large", showLabel: true
 (2ms)
    ✓ 
  value: 75, min: 0, max: 100, stepCount: 10, meterSize: "small", fillColor: "success", emptyColor: "alert", labelSize: "large", showLabel: false
 (3ms)
    ✓ 
  value: 75, min: 0, max: 100, stepCount: 10, meterSize: "small", fillColor: "success", emptyColor: "alert", labelSize: "regular", showLabel: true
 (2ms)
    ✓ 
  value: 75, min: 0, max: 100, stepCount: 10, meterSize: "small", fillColor: "success", emptyColor: "alert", labelSize: "regular", showLabel: false
 (2ms)
    ✓ 
  value: 75, min: 0, max: 100, stepCount: 10, meterSize: "small", fillColor: "success", emptyColor: "alert", labelSize: "small", showLabel: true
 (2ms)
    ✓ 
  value: 75, min: 0, max: 100, stepCount: 10, meterSize: "small", fillColor: "success", emptyColor: "alert", labelSize: "small", showLabel: false
 (1ms)
    ✓ 
  value: 75, min: 0, max: 100, stepCount: 10, meterSize: "small", fillColor: "warning", emptyColor: "danger", labelSize: "large", showLabel: true
 (2ms)
    ✓ 
  value: 75, min: 0, max: 100, stepCount: 10, meterSize: "small", fillColor: "warning", emptyColor: "danger", labelSize: "large", showLabel: false
 (3ms)
    ✓ 
  value: 75, min: 0, max: 100, stepCount: 10, meterSize: "small", fillColor: "warning", emptyColor: "danger", labelSize: "regular", showLabel: true
 (3ms)
    ✓ 
  value: 75, min: 0, max: 100, stepCount: 10, meterSize: "small", fillColor: "warning", emptyColor: "danger", labelSize: "regular", showLabel: false
 (2ms)
    ✓ 
  value: 75, min: 0, max: 100, stepCount: 10, meterSize: "small", fillColor: "warning", emptyColor: "danger", labelSize: "small", showLabel: true
 (1ms)
    ✓ 
  value: 75, min: 0, max: 100, stepCount: 10, meterSize: "small", fillColor: "warning", emptyColor: "danger", labelSize: "small", showLabel: false
 (1ms)
    ✓ 
  value: 75, min: 0, max: 100, stepCount: 10, meterSize: "small", fillColor: "warning", emptyColor: "alert", labelSize: "large", showLabel: true
 (1ms)
    ✓ 
  value: 75, min: 0, max: 100, stepCount: 10, meterSize: "small", fillColor: "warning", emptyColor: "alert", labelSize: "large", showLabel: false
 (1ms)
    ✓ 
  value: 75, min: 0, max: 100, stepCount: 10, meterSize: "small", fillColor: "warning", emptyColor: "alert", labelSize: "regular", showLabel: true
 (1ms)
    ✓ 
  value: 75, min: 0, max: 100, stepCount: 10, meterSize: "small", fillColor: "warning", emptyColor: "alert", labelSize: "regular", showLabel: false
 (1ms)
    ✓ 
  value: 75, min: 0, max: 100, stepCount: 10, meterSize: "small", fillColor: "warning", emptyColor: "alert", labelSize: "small", showLabel: true
 (2ms)
    ✓ 
  value: 75, min: 0, max: 100, stepCount: 10, meterSize: "small", fillColor: "warning", emptyColor: "alert", labelSize: "small", showLabel: false
 (1ms)
    ✓ 
  value: 75, min: 0, max: 100, stepCount: 10, meterSize: "small", fillColor: "alert", emptyColor: "danger", labelSize: "large", showLabel: true
 (1ms)
    ✓ 
  value: 75, min: 0, max: 100, stepCount: 10, meterSize: "small", fillColor: "alert", emptyColor: "danger", labelSize: "large", showLabel: false
 (1ms)
    ✓ 
  value: 75, min: 0, max: 100, stepCount: 10, meterSize: "small", fillColor: "alert", emptyColor: "danger", labelSize: "regular", showLabel: true
 (1ms)
    ✓ 
  value: 75, min: 0, max: 100, stepCount: 10, meterSize: "small", fillColor: "alert", emptyColor: "danger", labelSize: "regular", showLabel: false
 (3ms)
    ✓ 
  value: 75, min: 0, max: 100, stepCount: 10, meterSize: "small", fillColor: "alert", emptyColor: "danger", labelSize: "small", showLabel: true
 (1ms)
    ✓ 
  value: 75, min: 0, max: 100, stepCount: 10, meterSize: "small", fillColor: "alert", emptyColor: "danger", labelSize: "small", showLabel: false
 (2ms)
    ✓ 
  value: 75, min: 0, max: 100, stepCount: 10, meterSize: "small", fillColor: "alert", emptyColor: "alert", labelSize: "large", showLabel: true

    ✓ 
  value: 75, min: 0, max: 100, stepCount: 10, meterSize: "small", fillColor: "alert", emptyColor: "alert", labelSize: "large", showLabel: false
 (3ms)
    ✓ 
  value: 75, min: 0, max: 100, stepCount: 10, meterSize: "small", fillColor: "alert", emptyColor: "alert", labelSize: "regular", showLabel: true
 (2ms)
    ✓ 
  value: 75, min: 0, max: 100, stepCount: 10, meterSize: "small", fillColor: "alert", emptyColor: "alert", labelSize: "regular", showLabel: false
 (1ms)
    ✓ 
  value: 75, min: 0, max: 100, stepCount: 10, meterSize: "small", fillColor: "alert", emptyColor: "alert", labelSize: "small", showLabel: true
 (1ms)
    ✓ 
  value: 75, min: 0, max: 100, stepCount: 10, meterSize: "small", fillColor: "alert", emptyColor: "alert", labelSize: "small", showLabel: false
 (1ms)
    ✓ 
  value: 75, min: 0, max: 100, stepCount: 10, meterSize: "small", fillColor: "info", emptyColor: "danger", labelSize: "large", showLabel: true
 (1ms)
    ✓ 
  value: 75, min: 0, max: 100, stepCount: 10, meterSize: "small", fillColor: "info", emptyColor: "danger", labelSize: "large", showLabel: false
 (1ms)
    ✓ 
  value: 75, min: 0, max: 100, stepCount: 10, meterSize: "small", fillColor: "info", emptyColor: "danger", labelSize: "regular", showLabel: true

    ✓ 
  value: 75, min: 0, max: 100, stepCount: 10, meterSize: "small", fillColor: "info", emptyColor: "danger", labelSize: "regular", showLabel: false
 (2ms)
    ✓ 
  value: 75, min: 0, max: 100, stepCount: 10, meterSize: "small", fillColor: "info", emptyColor: "danger", labelSize: "small", showLabel: true
 (1ms)
    ✓ 
  value: 75, min: 0, max: 100, stepCount: 10, meterSize: "small", fillColor: "info", emptyColor: "danger", labelSize: "small", showLabel: false
 (2ms)
    ✓ 
  value: 75, min: 0, max: 100, stepCount: 10, meterSize: "small", fillColor: "info", emptyColor: "alert", labelSize: "large", showLabel: true
 (1ms)
    ✓ 
  value: 75, min: 0, max: 100, stepCount: 10, meterSize: "small", fillColor: "info", emptyColor: "alert", labelSize: "large", showLabel: false
 (2ms)
    ✓ 
  value: 75, min: 0, max: 100, stepCount: 10, meterSize: "small", fillColor: "info", emptyColor: "alert", labelSize: "regular", showLabel: true
 (1ms)
    ✓ 
  value: 75, min: 0, max: 100, stepCount: 10, meterSize: "small", fillColor: "info", emptyColor: "alert", labelSize: "regular", showLabel: false
 (1ms)
    ✓ 
  value: 75, min: 0, max: 100, stepCount: 10, meterSize: "small", fillColor: "info", emptyColor: "alert", labelSize: "small", showLabel: true

    ✓ 
  value: 75, min: 0, max: 100, stepCount: 10, meterSize: "small", fillColor: "info", emptyColor: "alert", labelSize: "small", showLabel: false
 (2ms)
    ✓ 
  value: 75, min: 0, max: 100, stepCount: 5, meterSize: "regular", fillColor: "success", emptyColor: "danger", labelSize: "large", showLabel: true

    ✓ 
  value: 75, min: 0, max: 100, stepCount: 5, meterSize: "regular", fillColor: "success", emptyColor: "danger", labelSize: "large", showLabel: false
 (1ms)
    ✓ 
  value: 75, min: 0, max: 100, stepCount: 5, meterSize: "regular", fillColor: "success", emptyColor: "danger", labelSize: "regular", showLabel: true
 (1ms)
    ✓ 
  value: 75, min: 0, max: 100, stepCount: 5, meterSize: "regular", fillColor: "success", emptyColor: "danger", labelSize: "regular", showLabel: false

    ✓ 
  value: 75, min: 0, max: 100, stepCount: 5, meterSize: "regular", fillColor: "success", emptyColor: "danger", labelSize: "small", showLabel: true
 (2ms)
    ✓ 
  value: 75, min: 0, max: 100, stepCount: 5, meterSize: "regular", fillColor: "success", emptyColor: "danger", labelSize: "small", showLabel: false
 (1ms)
    ✓ 
  value: 75, min: 0, max: 100, stepCount: 5, meterSize: "regular", fillColor: "success", emptyColor: "alert", labelSize: "large", showLabel: true
 (1ms)
    ✓ 
  value: 75, min: 0, max: 100, stepCount: 5, meterSize: "regular", fillColor: "success", emptyColor: "alert", labelSize: "large", showLabel: false

    ✓ 
  value: 75, min: 0, max: 100, stepCount: 5, meterSize: "regular", fillColor: "success", emptyColor: "alert", labelSize: "regular", showLabel: true
 (1ms)
    ✓ 
  value: 75, min: 0, max: 100, stepCount: 5, meterSize: "regular", fillColor: "success", emptyColor: "alert", labelSize: "regular", showLabel: false
 (1ms)
    ✓ 
  value: 75, min: 0, max: 100, stepCount: 5, meterSize: "regular", fillColor: "success", emptyColor: "alert", labelSize: "small", showLabel: true
 (1ms)
    ✓ 
  value: 75, min: 0, max: 100, stepCount: 5, meterSize: "regular", fillColor: "success", emptyColor: "alert", labelSize: "small", showLabel: false
 (1ms)
    ✓ 
  value: 75, min: 0, max: 100, stepCount: 5, meterSize: "regular", fillColor: "warning", emptyColor: "danger", labelSize: "large", showLabel: true
 (1ms)
    ✓ 
  value: 75, min: 0, max: 100, stepCount: 5, meterSize: "regular", fillColor: "warning", emptyColor: "danger", labelSize: "large", showLabel: false
 (1ms)
    ✓ 
  value: 75, min: 0, max: 100, stepCount: 5, meterSize: "regular", fillColor: "warning", emptyColor: "danger", labelSize: "regular", showLabel: true
 (1ms)
    ✓ 
  value: 75, min: 0, max: 100, stepCount: 5, meterSize: "regular", fillColor: "warning", emptyColor: "danger", labelSize: "regular", showLabel: false

    ✓ 
  value: 75, min: 0, max: 100, stepCount: 5, meterSize: "regular", fillColor: "warning", emptyColor: "danger", labelSize: "small", showLabel: true
 (1ms)
    ✓ 
  value: 75, min: 0, max: 100, stepCount: 5, meterSize: "regular", fillColor: "warning", emptyColor: "danger", labelSize: "small", showLabel: false
 (2ms)
    ✓ 
  value: 75, min: 0, max: 100, stepCount: 5, meterSize: "regular", fillColor: "warning", emptyColor: "alert", labelSize: "large", showLabel: true

    ✓ 
  value: 75, min: 0, max: 100, stepCount: 5, meterSize: "regular", fillColor: "warning", emptyColor: "alert", labelSize: "large", showLabel: false
 (1ms)
    ✓ 
  value: 75, min: 0, max: 100, stepCount: 5, meterSize: "regular", fillColor: "warning", emptyColor: "alert", labelSize: "regular", showLabel: true
 (1ms)
    ✓ 
  value: 75, min: 0, max: 100, stepCount: 5, meterSize: "regular", fillColor: "warning", emptyColor: "alert", labelSize: "regular", showLabel: false
 (1ms)
    ✓ 
  value: 75, min: 0, max: 100, stepCount: 5, meterSize: "regular", fillColor: "warning", emptyColor: "alert", labelSize: "small", showLabel: true
 (1ms)
    ✓ 
  value: 75, min: 0, max: 100, stepCount: 5, meterSize: "regular", fillColor: "warning", emptyColor: "alert", labelSize: "small", showLabel: false
 (1ms)
    ✓ 
  value: 75, min: 0, max: 100, stepCount: 5, meterSize: "regular", fillColor: "alert", emptyColor: "danger", labelSize: "large", showLabel: true

    ✓ 
  value: 75, min: 0, max: 100, stepCount: 5, meterSize: "regular", fillColor: "alert", emptyColor: "danger", labelSize: "large", showLabel: false
 (2ms)
    ✓ 
  value: 75, min: 0, max: 100, stepCount: 5, meterSize: "regular", fillColor: "alert", emptyColor: "danger", labelSize: "regular", showLabel: true
 (1ms)
    ✓ 
  value: 75, min: 0, max: 100, stepCount: 5, meterSize: "regular", fillColor: "alert", emptyColor: "danger", labelSize: "regular", showLabel: false

    ✓ 
  value: 75, min: 0, max: 100, stepCount: 5, meterSize: "regular", fillColor: "alert", emptyColor: "danger", labelSize: "small", showLabel: true
 (1ms)
    ✓ 
  value: 75, min: 0, max: 100, stepCount: 5, meterSize: "regular", fillColor: "alert", emptyColor: "danger", labelSize: "small", showLabel: false
 (1ms)
    ✓ 
  value: 75, min: 0, max: 100, stepCount: 5, meterSize: "regular", fillColor: "alert", emptyColor: "alert", labelSize: "large", showLabel: true
 (1ms)
    ✓ 
  value: 75, min: 0, max: 100, stepCount: 5, meterSize: "regular", fillColor: "alert", emptyColor: "alert", labelSize: "large", showLabel: false
 (1ms)
    ✓ 
  value: 75, min: 0, max: 100, stepCount: 5, meterSize: "regular", fillColor: "alert", emptyColor: "alert", labelSize: "regular", showLabel: true
 (1ms)
    ✓ 
  value: 75, min: 0, max: 100, stepCount: 5, meterSize: "regular", fillColor: "alert", emptyColor: "alert", labelSize: "regular", showLabel: false
 (1ms)
    ✓ 
  value: 75, min: 0, max: 100, stepCount: 5, meterSize: "regular", fillColor: "alert", emptyColor: "alert", labelSize: "small", showLabel: true
 (1ms)
    ✓ 
  value: 75, min: 0, max: 100, stepCount: 5, meterSize: "regular", fillColor: "alert", emptyColor: "alert", labelSize: "small", showLabel: false
 (2ms)
    ✓ 
  value: 75, min: 0, max: 100, stepCount: 5, meterSize: "regular", fillColor: "info", emptyColor: "danger", labelSize: "large", showLabel: true
 (1ms)
    ✓ 
  value: 75, min: 0, max: 100, stepCount: 5, meterSize: "regular", fillColor: "info", emptyColor: "danger", labelSize: "large", showLabel: false
 (1ms)
    ✓ 
  value: 75, min: 0, max: 100, stepCount: 5, meterSize: "regular", fillColor: "info", emptyColor: "danger", labelSize: "regular", showLabel: true
 (1ms)
    ✓ 
  value: 75, min: 0, max: 100, stepCount: 5, meterSize: "regular", fillColor: "info", emptyColor: "danger", labelSize: "regular", showLabel: false
 (1ms)
    ✓ 
  value: 75, min: 0, max: 100, stepCount: 5, meterSize: "regular", fillColor: "info", emptyColor: "danger", labelSize: "small", showLabel: true
 (2ms)
    ✓ 
  value: 75, min: 0, max: 100, stepCount: 5, meterSize: "regular", fillColor: "info", emptyColor: "danger", labelSize: "small", showLabel: false

    ✓ 
  value: 75, min: 0, max: 100, stepCount: 5, meterSize: "regular", fillColor: "info", emptyColor: "alert", labelSize: "large", showLabel: true

    ✓ 
  value: 75, min: 0, max: 100, stepCount: 5, meterSize: "regular", fillColor: "info", emptyColor: "alert", labelSize: "large", showLabel: false
 (3ms)
    ✓ 
  value: 75, min: 0, max: 100, stepCount: 5, meterSize: "regular", fillColor: "info", emptyColor: "alert", labelSize: "regular", showLabel: true
 (3ms)
    ✓ 
  value: 75, min: 0, max: 100, stepCount: 5, meterSize: "regular", fillColor: "info", emptyColor: "alert", labelSize: "regular", showLabel: false
 (2ms)
    ✓ 
  value: 75, min: 0, max: 100, stepCount: 5, meterSize: "regular", fillColor: "info", emptyColor: "alert", labelSize: "small", showLabel: true
 (1ms)
    ✓ 
  value: 75, min: 0, max: 100, stepCount: 5, meterSize: "regular", fillColor: "info", emptyColor: "alert", labelSize: "small", showLabel: false
 (1ms)
    ✓ 
  value: 75, min: 0, max: 100, stepCount: 5, meterSize: "large", fillColor: "success", emptyColor: "danger", labelSize: "large", showLabel: true
 (2ms)
    ✓ 
  value: 75, min: 0, max: 100, stepCount: 5, meterSize: "large", fillColor: "success", emptyColor: "danger", labelSize: "large", showLabel: false
 (1ms)
    ✓ 
  value: 75, min: 0, max: 100, stepCount: 5, meterSize: "large", fillColor: "success", emptyColor: "danger", labelSize: "regular", showLabel: true
 (1ms)
    ✓ 
  value: 75, min: 0, max: 100, stepCount: 5, meterSize: "large", fillColor: "success", emptyColor: "danger", labelSize: "regular", showLabel: false
 (1ms)
    ✓ 
  value: 75, min: 0, max: 100, stepCount: 5, meterSize: "large", fillColor: "success", emptyColor: "danger", labelSize: "small", showLabel: true
 (1ms)
    ✓ 
  value: 75, min: 0, max: 100, stepCount: 5, meterSize: "large", fillColor: "success", emptyColor: "danger", labelSize: "small", showLabel: false
 (1ms)
    ✓ 
  value: 75, min: 0, max: 100, stepCount: 5, meterSize: "large", fillColor: "success", emptyColor: "alert", labelSize: "large", showLabel: true
 (1ms)
    ✓ 
  value: 75, min: 0, max: 100, stepCount: 5, meterSize: "large", fillColor: "success", emptyColor: "alert", labelSize: "large", showLabel: false

    ✓ 
  value: 75, min: 0, max: 100, stepCount: 5, meterSize: "large", fillColor: "success", emptyColor: "alert", labelSize: "regular", showLabel: true
 (1ms)
    ✓ 
  value: 75, min: 0, max: 100, stepCount: 5, meterSize: "large", fillColor: "success", emptyColor: "alert", labelSize: "regular", showLabel: false

    ✓ 
  value: 75, min: 0, max: 100, stepCount: 5, meterSize: "large", fillColor: "success", emptyColor: "alert", labelSize: "small", showLabel: true
 (1ms)
    ✓ 
  value: 75, min: 0, max: 100, stepCount: 5, meterSize: "large", fillColor: "success", emptyColor: "alert", labelSize: "small", showLabel: false

    ✓ 
  value: 75, min: 0, max: 100, stepCount: 5, meterSize: "large", fillColor: "warning", emptyColor: "danger", labelSize: "large", showLabel: true
 (1ms)
    ✓ 
  value: 75, min: 0, max: 100, stepCount: 5, meterSize: "large", fillColor: "warning", emptyColor: "danger", labelSize: "large", showLabel: false
 (1ms)
    ✓ 
  value: 75, min: 0, max: 100, stepCount: 5, meterSize: "large", fillColor: "warning", emptyColor: "danger", labelSize: "regular", showLabel: true
 (1ms)
    ✓ 
  value: 75, min: 0, max: 100, stepCount: 5, meterSize: "large", fillColor: "warning", emptyColor: "danger", labelSize: "regular", showLabel: false

    ✓ 
  value: 75, min: 0, max: 100, stepCount: 5, meterSize: "large", fillColor: "warning", emptyColor: "danger", labelSize: "small", showLabel: true
 (1ms)
    ✓ 
  value: 75, min: 0, max: 100, stepCount: 5, meterSize: "large", fillColor: "warning", emptyColor: "danger", labelSize: "small", showLabel: false
 (1ms)
    ✓ 
  value: 75, min: 0, max: 100, stepCount: 5, meterSize: "large", fillColor: "warning", emptyColor: "alert", labelSize: "large", showLabel: true
 (1ms)
    ✓ 
  value: 75, min: 0, max: 100, stepCount: 5, meterSize: "large", fillColor: "warning", emptyColor: "alert", labelSize: "large", showLabel: false
 (1ms)
    ✓ 
  value: 75, min: 0, max: 100, stepCount: 5, meterSize: "large", fillColor: "warning", emptyColor: "alert", labelSize: "regular", showLabel: true
 (1ms)
    ✓ 
  value: 75, min: 0, max: 100, stepCount: 5, meterSize: "large", fillColor: "warning", emptyColor: "alert", labelSize: "regular", showLabel: false
 (2ms)
    ✓ 
  value: 75, min: 0, max: 100, stepCount: 5, meterSize: "large", fillColor: "warning", emptyColor: "alert", labelSize: "small", showLabel: true
 (3ms)
    ✓ 
  value: 75, min: 0, max: 100, stepCount: 5, meterSize: "large", fillColor: "warning", emptyColor: "alert", labelSize: "small", showLabel: false
 (1ms)
    ✓ 
  value: 75, min: 0, max: 100, stepCount: 5, meterSize: "large", fillColor: "alert", emptyColor: "danger", labelSize: "large", showLabel: true
 (1ms)
    ✓ 
  value: 75, min: 0, max: 100, stepCount: 5, meterSize: "large", fillColor: "alert", emptyColor: "danger", labelSize: "large", showLabel: false
 (1ms)
    ✓ 
  value: 75, min: 0, max: 100, stepCount: 5, meterSize: "large", fillColor: "alert", emptyColor: "danger", labelSize: "regular", showLabel: true
 (2ms)
    ✓ 
  value: 75, min: 0, max: 100, stepCount: 5, meterSize: "large", fillColor: "alert", emptyColor: "danger", labelSize: "regular", showLabel: false
 (2ms)
    ✓ 
  value: 75, min: 0, max: 100, stepCount: 5, meterSize: "large", fillColor: "alert", emptyColor: "danger", labelSize: "small", showLabel: true
 (1ms)
    ✓ 
  value: 75, min: 0, max: 100, stepCount: 5, meterSize: "large", fillColor: "alert", emptyColor: "danger", labelSize: "small", showLabel: false

    ✓ 
  value: 75, min: 0, max: 100, stepCount: 5, meterSize: "large", fillColor: "alert", emptyColor: "alert", labelSize: "large", showLabel: true
 (2ms)
    ✓ 
  value: 75, min: 0, max: 100, stepCount: 5, meterSize: "large", fillColor: "alert", emptyColor: "alert", labelSize: "large", showLabel: false
 (1ms)
    ✓ 
  value: 75, min: 0, max: 100, stepCount: 5, meterSize: "large", fillColor: "alert", emptyColor: "alert", labelSize: "regular", showLabel: true

    ✓ 
  value: 75, min: 0, max: 100, stepCount: 5, meterSize: "large", fillColor: "alert", emptyColor: "alert", labelSize: "regular", showLabel: false
 (2ms)
    ✓ 
  value: 75, min: 0, max: 100, stepCount: 5, meterSize: "large", fillColor: "alert", emptyColor: "alert", labelSize: "small", showLabel: true
 (1ms)
    ✓ 
  value: 75, min: 0, max: 100, stepCount: 5, meterSize: "large", fillColor: "alert", emptyColor: "alert", labelSize: "small", showLabel: false
 (2ms)
    ✓ 
  value: 75, min: 0, max: 100, stepCount: 5, meterSize: "large", fillColor: "info", emptyColor: "danger", labelSize: "large", showLabel: true
 (2ms)
    ✓ 
  value: 75, min: 0, max: 100, stepCount: 5, meterSize: "large", fillColor: "info", emptyColor: "danger", labelSize: "large", showLabel: false
 (1ms)
    ✓ 
  value: 75, min: 0, max: 100, stepCount: 5, meterSize: "large", fillColor: "info", emptyColor: "danger", labelSize: "regular", showLabel: true
 (1ms)
    ✓ 
  value: 75, min: 0, max: 100, stepCount: 5, meterSize: "large", fillColor: "info", emptyColor: "danger", labelSize: "regular", showLabel: false
 (1ms)
    ✓ 
  value: 75, min: 0, max: 100, stepCount: 5, meterSize: "large", fillColor: "info", emptyColor: "danger", labelSize: "small", showLabel: true

    ✓ 
  value: 75, min: 0, max: 100, stepCount: 5, meterSize: "large", fillColor: "info", emptyColor: "danger", labelSize: "small", showLabel: false
 (3ms)
    ✓ 
  value: 75, min: 0, max: 100, stepCount: 5, meterSize: "large", fillColor: "info", emptyColor: "alert", labelSize: "large", showLabel: true
 (1ms)
    ✓ 
  value: 75, min: 0, max: 100, stepCount: 5, meterSize: "large", fillColor: "info", emptyColor: "alert", labelSize: "large", showLabel: false

    ✓ 
  value: 75, min: 0, max: 100, stepCount: 5, meterSize: "large", fillColor: "info", emptyColor: "alert", labelSize: "regular", showLabel: true
 (2ms)
    ✓ 
  value: 75, min: 0, max: 100, stepCount: 5, meterSize: "large", fillColor: "info", emptyColor: "alert", labelSize: "regular", showLabel: false

    ✓ 
  value: 75, min: 0, max: 100, stepCount: 5, meterSize: "large", fillColor: "info", emptyColor: "alert", labelSize: "small", showLabel: true
 (1ms)
    ✓ 
  value: 75, min: 0, max: 100, stepCount: 5, meterSize: "large", fillColor: "info", emptyColor: "alert", labelSize: "small", showLabel: false
 (1ms)
    ✓ 
  value: 75, min: 0, max: 100, stepCount: 5, meterSize: "small", fillColor: "success", emptyColor: "danger", labelSize: "large", showLabel: true
 (1ms)
    ✓ 
  value: 75, min: 0, max: 100, stepCount: 5, meterSize: "small", fillColor: "success", emptyColor: "danger", labelSize: "large", showLabel: false
 (3ms)
    ✓ 
  value: 75, min: 0, max: 100, stepCount: 5, meterSize: "small", fillColor: "success", emptyColor: "danger", labelSize: "regular", showLabel: true
 (2ms)
    ✓ 
  value: 75, min: 0, max: 100, stepCount: 5, meterSize: "small", fillColor: "success", emptyColor: "danger", labelSize: "regular", showLabel: false
 (2ms)
    ✓ 
  value: 75, min: 0, max: 100, stepCount: 5, meterSize: "small", fillColor: "success", emptyColor: "danger", labelSize: "small", showLabel: true
 (1ms)
    ✓ 
  value: 75, min: 0, max: 100, stepCount: 5, meterSize: "small", fillColor: "success", emptyColor: "danger", labelSize: "small", showLabel: false

    ✓ 
  value: 75, min: 0, max: 100, stepCount: 5, meterSize: "small", fillColor: "success", emptyColor: "alert", labelSize: "large", showLabel: true
 (2ms)
    ✓ 
  value: 75, min: 0, max: 100, stepCount: 5, meterSize: "small", fillColor: "success", emptyColor: "alert", labelSize: "large", showLabel: false
 (2ms)
    ✓ 
  value: 75, min: 0, max: 100, stepCount: 5, meterSize: "small", fillColor: "success", emptyColor: "alert", labelSize: "regular", showLabel: true

    ✓ 
  value: 75, min: 0, max: 100, stepCount: 5, meterSize: "small", fillColor: "success", emptyColor: "alert", labelSize: "regular", showLabel: false
 (1ms)
    ✓ 
  value: 75, min: 0, max: 100, stepCount: 5, meterSize: "small", fillColor: "success", emptyColor: "alert", labelSize: "small", showLabel: true
 (1ms)
    ✓ 
  value: 75, min: 0, max: 100, stepCount: 5, meterSize: "small", fillColor: "success", emptyColor: "alert", labelSize: "small", showLabel: false
 (1ms)
    ✓ 
  value: 75, min: 0, max: 100, stepCount: 5, meterSize: "small", fillColor: "warning", emptyColor: "danger", labelSize: "large", showLabel: true
 (1ms)
    ✓ 
  value: 75, min: 0, max: 100, stepCount: 5, meterSize: "small", fillColor: "warning", emptyColor: "danger", labelSize: "large", showLabel: false
 (1ms)
    ✓ 
  value: 75, min: 0, max: 100, stepCount: 5, meterSize: "small", fillColor: "warning", emptyColor: "danger", labelSize: "regular", showLabel: true
 (2ms)
    ✓ 
  value: 75, min: 0, max: 100, stepCount: 5, meterSize: "small", fillColor: "warning", emptyColor: "danger", labelSize: "regular", showLabel: false
 (1ms)
    ✓ 
  value: 75, min: 0, max: 100, stepCount: 5, meterSize: "small", fillColor: "warning", emptyColor: "danger", labelSize: "small", showLabel: true
 (1ms)
    ✓ 
  value: 75, min: 0, max: 100, stepCount: 5, meterSize: "small", fillColor: "warning", emptyColor: "danger", labelSize: "small", showLabel: false

    ✓ 
  value: 75, min: 0, max: 100, stepCount: 5, meterSize: "small", fillColor: "warning", emptyColor: "alert", labelSize: "large", showLabel: true
 (3ms)
    ✓ 
  value: 75, min: 0, max: 100, stepCount: 5, meterSize: "small", fillColor: "warning", emptyColor: "alert", labelSize: "large", showLabel: false
 (2ms)
    ✓ 
  value: 75, min: 0, max: 100, stepCount: 5, meterSize: "small", fillColor: "warning", emptyColor: "alert", labelSize: "regular", showLabel: true
 (1ms)
    ✓ 
  value: 75, min: 0, max: 100, stepCount: 5, meterSize: "small", fillColor: "warning", emptyColor: "alert", labelSize: "regular", showLabel: false

    ✓ 
  value: 75, min: 0, max: 100, stepCount: 5, meterSize: "small", fillColor: "warning", emptyColor: "alert", labelSize: "small", showLabel: true
 (1ms)
    ✓ 
  value: 75, min: 0, max: 100, stepCount: 5, meterSize: "small", fillColor: "warning", emptyColor: "alert", labelSize: "small", showLabel: false
 (3ms)
    ✓ 
  value: 75, min: 0, max: 100, stepCount: 5, meterSize: "small", fillColor: "alert", emptyColor: "danger", labelSize: "large", showLabel: true
 (1ms)
    ✓ 
  value: 75, min: 0, max: 100, stepCount: 5, meterSize: "small", fillColor: "alert", emptyColor: "danger", labelSize: "large", showLabel: false
 (1ms)
    ✓ 
  value: 75, min: 0, max: 100, stepCount: 5, meterSize: "small", fillColor: "alert", emptyColor: "danger", labelSize: "regular", showLabel: true
 (2ms)
    ✓ 
  value: 75, min: 0, max: 100, stepCount: 5, meterSize: "small", fillColor: "alert", emptyColor: "danger", labelSize: "regular", showLabel: false
 (1ms)
    ✓ 
  value: 75, min: 0, max: 100, stepCount: 5, meterSize: "small", fillColor: "alert", emptyColor: "danger", labelSize: "small", showLabel: true
 (1ms)
    ✓ 
  value: 75, min: 0, max: 100, stepCount: 5, meterSize: "small", fillColor: "alert", emptyColor: "danger", labelSize: "small", showLabel: false

    ✓ 
  value: 75, min: 0, max: 100, stepCount: 5, meterSize: "small", fillColor: "alert", emptyColor: "alert", labelSize: "large", showLabel: true
 (3ms)
    ✓ 
  value: 75, min: 0, max: 100, stepCount: 5, meterSize: "small", fillColor: "alert", emptyColor: "alert", labelSize: "large", showLabel: false
 (1ms)
    ✓ 
  value: 75, min: 0, max: 100, stepCount: 5, meterSize: "small", fillColor: "alert", emptyColor: "alert", labelSize: "regular", showLabel: true
 (1ms)
    ✓ 
  value: 75, min: 0, max: 100, stepCount: 5, meterSize: "small", fillColor: "alert", emptyColor: "alert", labelSize: "regular", showLabel: false
 (1ms)
    ✓ 
  value: 75, min: 0, max: 100, stepCount: 5, meterSize: "small", fillColor: "alert", emptyColor: "alert", labelSize: "small", showLabel: true
 (1ms)
    ✓ 
  value: 75, min: 0, max: 100, stepCount: 5, meterSize: "small", fillColor: "alert", emptyColor: "alert", labelSize: "small", showLabel: false

    ✓ 
  value: 75, min: 0, max: 100, stepCount: 5, meterSize: "small", fillColor: "info", emptyColor: "danger", labelSize: "large", showLabel: true
 (2ms)
    ✓ 
  value: 75, min: 0, max: 100, stepCount: 5, meterSize: "small", fillColor: "info", emptyColor: "danger", labelSize: "large", showLabel: false
 (1ms)
    ✓ 
  value: 75, min: 0, max: 100, stepCount: 5, meterSize: "small", fillColor: "info", emptyColor: "danger", labelSize: "regular", showLabel: true

    ✓ 
  value: 75, min: 0, max: 100, stepCount: 5, meterSize: "small", fillColor: "info", emptyColor: "danger", labelSize: "regular", showLabel: false
 (1ms)
    ✓ 
  value: 75, min: 0, max: 100, stepCount: 5, meterSize: "small", fillColor: "info", emptyColor: "danger", labelSize: "small", showLabel: true
 (1ms)
    ✓ 
  value: 75, min: 0, max: 100, stepCount: 5, meterSize: "small", fillColor: "info", emptyColor: "danger", labelSize: "small", showLabel: false

    ✓ 
  value: 75, min: 0, max: 100, stepCount: 5, meterSize: "small", fillColor: "info", emptyColor: "alert", labelSize: "large", showLabel: true
 (1ms)
    ✓ 
  value: 75, min: 0, max: 100, stepCount: 5, meterSize: "small", fillColor: "info", emptyColor: "alert", labelSize: "large", showLabel: false
 (1ms)
    ✓ 
  value: 75, min: 0, max: 100, stepCount: 5, meterSize: "small", fillColor: "info", emptyColor: "alert", labelSize: "regular", showLabel: true
 (1ms)
    ✓ 
  value: 75, min: 0, max: 100, stepCount: 5, meterSize: "small", fillColor: "info", emptyColor: "alert", labelSize: "regular", showLabel: false

    ✓ 
  value: 75, min: 0, max: 100, stepCount: 5, meterSize: "small", fillColor: "info", emptyColor: "alert", labelSize: "small", showLabel: true
 (1ms)
    ✓ 
  value: 75, min: 0, max: 100, stepCount: 5, meterSize: "small", fillColor: "info", emptyColor: "alert", labelSize: "small", showLabel: false
 (1ms)
    ✓ 
  value: 75, min: 0, max: 100, stepCount: 10, meterSize: "regular", fillColor: "success", emptyColor: "danger", labelSize: "large", showLabel: true
 (1ms)
    ✓ 
  value: 75, min: 0, max: 100, stepCount: 10, meterSize: "regular", fillColor: "success", emptyColor: "danger", labelSize: "large", showLabel: false
 (1ms)
    ✓ 
  value: 75, min: 0, max: 100, stepCount: 10, meterSize: "regular", fillColor: "success", emptyColor: "danger", labelSize: "regular", showLabel: true
 (2ms)
    ✓ 
  value: 75, min: 0, max: 100, stepCount: 10, meterSize: "regular", fillColor: "success", emptyColor: "danger", labelSize: "regular", showLabel: false
 (1ms)
    ✓ 
  value: 75, min: 0, max: 100, stepCount: 10, meterSize: "regular", fillColor: "success", emptyColor: "danger", labelSize: "small", showLabel: true
 (1ms)
    ✓ 
  value: 75, min: 0, max: 100, stepCount: 10, meterSize: "regular", fillColor: "success", emptyColor: "danger", labelSize: "small", showLabel: false
 (2ms)
    ✓ 
  value: 75, min: 0, max: 100, stepCount: 10, meterSize: "regular", fillColor: "success", emptyColor: "alert", labelSize: "large", showLabel: true
 (1ms)
    ✓ 
  value: 75, min: 0, max: 100, stepCount: 10, meterSize: "regular", fillColor: "success", emptyColor: "alert", labelSize: "large", showLabel: false
 (2ms)
    ✓ 
  value: 75, min: 0, max: 100, stepCount: 10, meterSize: "regular", fillColor: "success", emptyColor: "alert", labelSize: "regular", showLabel: true
 (1ms)
    ✓ 
  value: 75, min: 0, max: 100, stepCount: 10, meterSize: "regular", fillColor: "success", emptyColor: "alert", labelSize: "regular", showLabel: false
 (1ms)
    ✓ 
  value: 75, min: 0, max: 100, stepCount: 10, meterSize: "regular", fillColor: "success", emptyColor: "alert", labelSize: "small", showLabel: true
 (1ms)
    ✓ 
  value: 75, min: 0, max: 100, stepCount: 10, meterSize: "regular", fillColor: "success", emptyColor: "alert", labelSize: "small", showLabel: false
 (1ms)
    ✓ 
  value: 75, min: 0, max: 100, stepCount: 10, meterSize: "regular", fillColor: "warning", emptyColor: "danger", labelSize: "large", showLabel: true
 (1ms)
    ✓ 
  value: 75, min: 0, max: 100, stepCount: 10, meterSize: "regular", fillColor: "warning", emptyColor: "danger", labelSize: "large", showLabel: false
 (1ms)
    ✓ 
  value: 75, min: 0, max: 100, stepCount: 10, meterSize: "regular", fillColor: "warning", emptyColor: "danger", labelSize: "regular", showLabel: true

    ✓ 
  value: 75, min: 0, max: 100, stepCount: 10, meterSize: "regular", fillColor: "warning", emptyColor: "danger", labelSize: "regular", showLabel: false
 (2ms)
    ✓ 
  value: 75, min: 0, max: 100, stepCount: 10, meterSize: "regular", fillColor: "warning", emptyColor: "danger", labelSize: "small", showLabel: true
 (1ms)
    ✓ 
  value: 75, min: 0, max: 100, stepCount: 10, meterSize: "regular", fillColor: "warning", emptyColor: "danger", labelSize: "small", showLabel: false
 (1ms)
    ✓ 
  value: 75, min: 0, max: 100, stepCount: 10, meterSize: "regular", fillColor: "warning", emptyColor: "alert", labelSize: "large", showLabel: true
 (1ms)
    ✓ 
  value: 75, min: 0, max: 100, stepCount: 10, meterSize: "regular", fillColor: "warning", emptyColor: "alert", labelSize: "large", showLabel: false
 (1ms)
    ✓ 
  value: 75, min: 0, max: 100, stepCount: 10, meterSize: "regular", fillColor: "warning", emptyColor: "alert", labelSize: "regular", showLabel: true
 (1ms)
    ✓ 
  value: 75, min: 0, max: 100, stepCount: 10, meterSize: "regular", fillColor: "warning", emptyColor: "alert", labelSize: "regular", showLabel: false
 (2ms)
    ✓ 
  value: 75, min: 0, max: 100, stepCount: 10, meterSize: "regular", fillColor: "warning", emptyColor: "alert", labelSize: "small", showLabel: true
 (1ms)
    ✓ 
  value: 75, min: 0, max: 100, stepCount: 10, meterSize: "regular", fillColor: "warning", emptyColor: "alert", labelSize: "small", showLabel: false
 (1ms)
    ✓ 
  value: 75, min: 0, max: 100, stepCount: 10, meterSize: "regular", fillColor: "alert", emptyColor: "danger", labelSize: "large", showLabel: true
 (1ms)
    ✓ 
  value: 75, min: 0, max: 100, stepCount: 10, meterSize: "regular", fillColor: "alert", emptyColor: "danger", labelSize: "large", showLabel: false
 (1ms)
    ✓ 
  value: 75, min: 0, max: 100, stepCount: 10, meterSize: "regular", fillColor: "alert", emptyColor: "danger", labelSize: "regular", showLabel: true
 (1ms)
    ✓ 
  value: 75, min: 0, max: 100, stepCount: 10, meterSize: "regular", fillColor: "alert", emptyColor: "danger", labelSize: "regular", showLabel: false
 (1ms)
    ✓ 
  value: 75, min: 0, max: 100, stepCount: 10, meterSize: "regular", fillColor: "alert", emptyColor: "danger", labelSize: "small", showLabel: true
 (1ms)
    ✓ 
  value: 75, min: 0, max: 100, stepCount: 10, meterSize: "regular", fillColor: "alert", emptyColor: "danger", labelSize: "small", showLabel: false
 (1ms)
    ✓ 
  value: 75, min: 0, max: 100, stepCount: 10, meterSize: "regular", fillColor: "alert", emptyColor: "alert", labelSize: "large", showLabel: true
 (1ms)
    ✓ 
  value: 75, min: 0, max: 100, stepCount: 10, meterSize: "regular", fillColor: "alert", emptyColor: "alert", labelSize: "large", showLabel: false

    ✓ 
  value: 75, min: 0, max: 100, stepCount: 10, meterSize: "regular", fillColor: "alert", emptyColor: "alert", labelSize: "regular", showLabel: true
 (1ms)
    ✓ 
  value: 75, min: 0, max: 100, stepCount: 10, meterSize: "regular", fillColor: "alert", emptyColor: "alert", labelSize: "regular", showLabel: false
 (1ms)
    ✓ 
  value: 75, min: 0, max: 100, stepCount: 10, meterSize: "regular", fillColor: "alert", emptyColor: "alert", labelSize: "small", showLabel: true
 (1ms)
    ✓ 
  value: 75, min: 0, max: 100, stepCount: 10, meterSize: "regular", fillColor: "alert", emptyColor: "alert", labelSize: "small", showLabel: false
 (2ms)
    ✓ 
  value: 75, min: 0, max: 100, stepCount: 10, meterSize: "regular", fillColor: "info", emptyColor: "danger", labelSize: "large", showLabel: true
 (1ms)
    ✓ 
  value: 75, min: 0, max: 100, stepCount: 10, meterSize: "regular", fillColor: "info", emptyColor: "danger", labelSize: "large", showLabel: false
 (1ms)
    ✓ 
  value: 75, min: 0, max: 100, stepCount: 10, meterSize: "regular", fillColor: "info", emptyColor: "danger", labelSize: "regular", showLabel: true
 (1ms)
    ✓ 
  value: 75, min: 0, max: 100, stepCount: 10, meterSize: "regular", fillColor: "info", emptyColor: "danger", labelSize: "regular", showLabel: false
 (1ms)
    ✓ 
  value: 75, min: 0, max: 100, stepCount: 10, meterSize: "regular", fillColor: "info", emptyColor: "danger", labelSize: "small", showLabel: true
 (2ms)
    ✓ 
  value: 75, min: 0, max: 100, stepCount: 10, meterSize: "regular", fillColor: "info", emptyColor: "danger", labelSize: "small", showLabel: false
 (1ms)
    ✓ 
  value: 75, min: 0, max: 100, stepCount: 10, meterSize: "regular", fillColor: "info", emptyColor: "alert", labelSize: "large", showLabel: true
 (1ms)
    ✓ 
  value: 75, min: 0, max: 100, stepCount: 10, meterSize: "regular", fillColor: "info", emptyColor: "alert", labelSize: "large", showLabel: false

    ✓ 
  value: 75, min: 0, max: 100, stepCount: 10, meterSize: "regular", fillColor: "info", emptyColor: "alert", labelSize: "regular", showLabel: true
 (1ms)
    ✓ 
  value: 75, min: 0, max: 100, stepCount: 10, meterSize: "regular", fillColor: "info", emptyColor: "alert", labelSize: "regular", showLabel: false
 (1ms)
    ✓ 
  value: 75, min: 0, max: 100, stepCount: 10, meterSize: "regular", fillColor: "info", emptyColor: "alert", labelSize: "small", showLabel: true
 (2ms)
    ✓ 
  value: 75, min: 0, max: 100, stepCount: 10, meterSize: "regular", fillColor: "info", emptyColor: "alert", labelSize: "small", showLabel: false
 (1ms)
    ✓ 
  value: 75, min: 0, max: 100, stepCount: 10, meterSize: "large", fillColor: "success", emptyColor: "danger", labelSize: "large", showLabel: true
 (1ms)
    ✓ 
  value: 75, min: 0, max: 100, stepCount: 10, meterSize: "large", fillColor: "success", emptyColor: "danger", labelSize: "large", showLabel: false
 (2ms)
    ✓ 
  value: 75, min: 0, max: 100, stepCount: 10, meterSize: "large", fillColor: "success", emptyColor: "danger", labelSize: "regular", showLabel: true
 (2ms)
    ✓ 
  value: 75, min: 0, max: 100, stepCount: 10, meterSize: "large", fillColor: "success", emptyColor: "danger", labelSize: "regular", showLabel: false
 (1ms)
    ✓ 
  value: 75, min: 0, max: 100, stepCount: 10, meterSize: "large", fillColor: "success", emptyColor: "danger", labelSize: "small", showLabel: true
 (5ms)
    ✓ 
  value: 75, min: 0, max: 100, stepCount: 10, meterSize: "large", fillColor: "success", emptyColor: "danger", labelSize: "small", showLabel: false
 (2ms)
    ✓ 
  value: 75, min: 0, max: 100, stepCount: 10, meterSize: "large", fillColor: "success", emptyColor: "alert", labelSize: "large", showLabel: true
 (1ms)
    ✓ 
  value: 75, min: 0, max: 100, stepCount: 10, meterSize: "large", fillColor: "success", emptyColor: "alert", labelSize: "large", showLabel: false
 (1ms)
    ✓ 
  value: 75, min: 0, max: 100, stepCount: 10, meterSize: "large", fillColor: "success", emptyColor: "alert", labelSize: "regular", showLabel: true
 (2ms)
    ✓ 
  value: 75, min: 0, max: 100, stepCount: 10, meterSize: "large", fillColor: "success", emptyColor: "alert", labelSize: "regular", showLabel: false
 (2ms)
    ✓ 
  value: 75, min: 0, max: 100, stepCount: 10, meterSize: "large", fillColor: "success", emptyColor: "alert", labelSize: "small", showLabel: true
 (3ms)
    ✓ 
  value: 75, min: 0, max: 100, stepCount: 10, meterSize: "large", fillColor: "success", emptyColor: "alert", labelSize: "small", showLabel: false
 (3ms)
    ✓ 
  value: 75, min: 0, max: 100, stepCount: 10, meterSize: "large", fillColor: "warning", emptyColor: "danger", labelSize: "large", showLabel: true
 (1ms)
    ✓ 
  value: 75, min: 0, max: 100, stepCount: 10, meterSize: "large", fillColor: "warning", emptyColor: "danger", labelSize: "large", showLabel: false
 (1ms)
    ✓ 
  value: 75, min: 0, max: 100, stepCount: 10, meterSize: "large", fillColor: "warning", emptyColor: "danger", labelSize: "regular", showLabel: true
 (1ms)
    ✓ 
  value: 75, min: 0, max: 100, stepCount: 10, meterSize: "large", fillColor: "warning", emptyColor: "danger", labelSize: "regular", showLabel: false
 (1ms)
    ✓ 
  value: 75, min: 0, max: 100, stepCount: 10, meterSize: "large", fillColor: "warning", emptyColor: "danger", labelSize: "small", showLabel: true
 (2ms)
    ✓ 
  value: 75, min: 0, max: 100, stepCount: 10, meterSize: "large", fillColor: "warning", emptyColor: "danger", labelSize: "small", showLabel: false
 (1ms)
    ✓ 
  value: 75, min: 0, max: 100, stepCount: 10, meterSize: "large", fillColor: "warning", emptyColor: "alert", labelSize: "large", showLabel: true
 (1ms)
    ✓ 
  value: 75, min: 0, max: 100, stepCount: 10, meterSize: "large", fillColor: "warning", emptyColor: "alert", labelSize: "large", showLabel: false
 (2ms)
    ✓ 
  value: 75, min: 0, max: 100, stepCount: 10, meterSize: "large", fillColor: "warning", emptyColor: "alert", labelSize: "regular", showLabel: true
 (1ms)
    ✓ 
  value: 75, min: 0, max: 100, stepCount: 10, meterSize: "large", fillColor: "warning", emptyColor: "alert", labelSize: "regular", showLabel: false
 (1ms)
    ✓ 
  value: 75, min: 0, max: 100, stepCount: 10, meterSize: "large", fillColor: "warning", emptyColor: "alert", labelSize: "small", showLabel: true
 (1ms)
    ✓ 
  value: 75, min: 0, max: 100, stepCount: 10, meterSize: "large", fillColor: "warning", emptyColor: "alert", labelSize: "small", showLabel: false
 (1ms)
    ✓ 
  value: 75, min: 0, max: 100, stepCount: 10, meterSize: "large", fillColor: "alert", emptyColor: "danger", labelSize: "large", showLabel: true
 (1ms)
    ✓ 
  value: 75, min: 0, max: 100, stepCount: 10, meterSize: "large", fillColor: "alert", emptyColor: "danger", labelSize: "large", showLabel: false
 (3ms)
    ✓ 
  value: 75, min: 0, max: 100, stepCount: 10, meterSize: "large", fillColor: "alert", emptyColor: "danger", labelSize: "regular", showLabel: true
 (1ms)
    ✓ 
  value: 75, min: 0, max: 100, stepCount: 10, meterSize: "large", fillColor: "alert", emptyColor: "danger", labelSize: "regular", showLabel: false
 (2ms)
    ✓ 
  value: 75, min: 0, max: 100, stepCount: 10, meterSize: "large", fillColor: "alert", emptyColor: "danger", labelSize: "small", showLabel: true
 (1ms)
    ✓ 
  value: 75, min: 0, max: 100, stepCount: 10, meterSize: "large", fillColor: "alert", emptyColor: "danger", labelSize: "small", showLabel: false

    ✓ 
  value: 75, min: 0, max: 100, stepCount: 10, meterSize: "large", fillColor: "alert", emptyColor: "alert", labelSize: "large", showLabel: true
 (2ms)
    ✓ 
  value: 75, min: 0, max: 100, stepCount: 10, meterSize: "large", fillColor: "alert", emptyColor: "alert", labelSize: "large", showLabel: false
 (2ms)
    ✓ 
  value: 75, min: 0, max: 100, stepCount: 10, meterSize: "large", fillColor: "alert", emptyColor: "alert", labelSize: "regular", showLabel: true
 (2ms)
    ✓ 
  value: 75, min: 0, max: 100, stepCount: 10, meterSize: "large", fillColor: "alert", emptyColor: "alert", labelSize: "regular", showLabel: false
 (1ms)
    ✓ 
  value: 75, min: 0, max: 100, stepCount: 10, meterSize: "large", fillColor: "alert", emptyColor: "alert", labelSize: "small", showLabel: true
 (2ms)
    ✓ 
  value: 75, min: 0, max: 100, stepCount: 10, meterSize: "large", fillColor: "alert", emptyColor: "alert", labelSize: "small", showLabel: false
 (2ms)
    ✓ 
  value: 75, min: 0, max: 100, stepCount: 10, meterSize: "large", fillColor: "info", emptyColor: "danger", labelSize: "large", showLabel: true
 (1ms)
    ✓ 
  value: 75, min: 0, max: 100, stepCount: 10, meterSize: "large", fillColor: "info", emptyColor: "danger", labelSize: "large", showLabel: false
 (3ms)
    ✓ 
  value: 75, min: 0, max: 100, stepCount: 10, meterSize: "large", fillColor: "info", emptyColor: "danger", labelSize: "regular", showLabel: true
 (3ms)
    ✓ 
  value: 75, min: 0, max: 100, stepCount: 10, meterSize: "large", fillColor: "info", emptyColor: "danger", labelSize: "regular", showLabel: false
 (1ms)
    ✓ 
  value: 75, min: 0, max: 100, stepCount: 10, meterSize: "large", fillColor: "info", emptyColor: "danger", labelSize: "small", showLabel: true
 (1ms)
    ✓ 
  value: 75, min: 0, max: 100, stepCount: 10, meterSize: "large", fillColor: "info", emptyColor: "danger", labelSize: "small", showLabel: false

    ✓ 
  value: 75, min: 0, max: 100, stepCount: 10, meterSize: "large", fillColor: "info", emptyColor: "alert", labelSize: "large", showLabel: true
 (4ms)
    ✓ 
  value: 75, min: 0, max: 100, stepCount: 10, meterSize: "large", fillColor: "info", emptyColor: "alert", labelSize: "large", showLabel: false
 (1ms)
    ✓ 
  value: 75, min: 0, max: 100, stepCount: 10, meterSize: "large", fillColor: "info", emptyColor: "alert", labelSize: "regular", showLabel: true
 (3ms)
    ✓ 
  value: 75, min: 0, max: 100, stepCount: 10, meterSize: "large", fillColor: "info", emptyColor: "alert", labelSize: "regular", showLabel: false
 (2ms)
    ✓ 
  value: 75, min: 0, max: 100, stepCount: 10, meterSize: "large", fillColor: "info", emptyColor: "alert", labelSize: "small", showLabel: true
 (2ms)
    ✓ 
  value: 75, min: 0, max: 100, stepCount: 10, meterSize: "large", fillColor: "info", emptyColor: "alert", labelSize: "small", showLabel: false
 (2ms)
    ✓ 
  value: 75, min: 0, max: 100, stepCount: 10, meterSize: "small", fillColor: "success", emptyColor: "danger", labelSize: "large", showLabel: true
 (1ms)
    ✓ 
  value: 75, min: 0, max: 100, stepCount: 10, meterSize: "small", fillColor: "success", emptyColor: "danger", labelSize: "large", showLabel: false
 (2ms)
    ✓ 
  value: 75, min: 0, max: 100, stepCount: 10, meterSize: "small", fillColor: "success", emptyColor: "danger", labelSize: "regular", showLabel: true
 (2ms)
    ✓ 
  value: 75, min: 0, max: 100, stepCount: 10, meterSize: "small", fillColor: "success", emptyColor: "danger", labelSize: "regular", showLabel: false
 (2ms)
    ✓ 
  value: 75, min: 0, max: 100, stepCount: 10, meterSize: "small", fillColor: "success", emptyColor: "danger", labelSize: "small", showLabel: true
 (1ms)
    ✓ 
  value: 75, min: 0, max: 100, stepCount: 10, meterSize: "small", fillColor: "success", emptyColor: "danger", labelSize: "small", showLabel: false
 (2ms)
    ✓ 
  value: 75, min: 0, max: 100, stepCount: 10, meterSize: "small", fillColor: "success", emptyColor: "alert", labelSize: "large", showLabel: true
 (5ms)
    ✓ 
  value: 75, min: 0, max: 100, stepCount: 10, meterSize: "small", fillColor: "success", emptyColor: "alert", labelSize: "large", showLabel: false
 (1ms)
    ✓ 
  value: 75, min: 0, max: 100, stepCount: 10, meterSize: "small", fillColor: "success", emptyColor: "alert", labelSize: "regular", showLabel: true
 (2ms)
    ✓ 
  value: 75, min: 0, max: 100, stepCount: 10, meterSize: "small", fillColor: "success", emptyColor: "alert", labelSize: "regular", showLabel: false
 (1ms)
    ✓ 
  value: 75, min: 0, max: 100, stepCount: 10, meterSize: "small", fillColor: "success", emptyColor: "alert", labelSize: "small", showLabel: true
 (1ms)
    ✓ 
  value: 75, min: 0, max: 100, stepCount: 10, meterSize: "small", fillColor: "success", emptyColor: "alert", labelSize: "small", showLabel: false
 (1ms)
    ✓ 
  value: 75, min: 0, max: 100, stepCount: 10, meterSize: "small", fillColor: "warning", emptyColor: "danger", labelSize: "large", showLabel: true
 (2ms)
    ✓ 
  value: 75, min: 0, max: 100, stepCount: 10, meterSize: "small", fillColor: "warning", emptyColor: "danger", labelSize: "large", showLabel: false
 (2ms)
    ✓ 
  value: 75, min: 0, max: 100, stepCount: 10, meterSize: "small", fillColor: "warning", emptyColor: "danger", labelSize: "regular", showLabel: true
 (2ms)
    ✓ 
  value: 75, min: 0, max: 100, stepCount: 10, meterSize: "small", fillColor: "warning", emptyColor: "danger", labelSize: "regular", showLabel: false
 (1ms)
    ✓ 
  value: 75, min: 0, max: 100, stepCount: 10, meterSize: "small", fillColor: "warning", emptyColor: "danger", labelSize: "small", showLabel: true
 (2ms)
    ✓ 
  value: 75, min: 0, max: 100, stepCount: 10, meterSize: "small", fillColor: "warning", emptyColor: "danger", labelSize: "small", showLabel: false
 (1ms)
    ✓ 
  value: 75, min: 0, max: 100, stepCount: 10, meterSize: "small", fillColor: "warning", emptyColor: "alert", labelSize: "large", showLabel: true
 (2ms)
    ✓ 
  value: 75, min: 0, max: 100, stepCount: 10, meterSize: "small", fillColor: "warning", emptyColor: "alert", labelSize: "large", showLabel: false
 (1ms)
    ✓ 
  value: 75, min: 0, max: 100, stepCount: 10, meterSize: "small", fillColor: "warning", emptyColor: "alert", labelSize: "regular", showLabel: true
 (3ms)
    ✓ 
  value: 75, min: 0, max: 100, stepCount: 10, meterSize: "small", fillColor: "warning", emptyColor: "alert", labelSize: "regular", showLabel: false
 (1ms)
    ✓ 
  value: 75, min: 0, max: 100, stepCount: 10, meterSize: "small", fillColor: "warning", emptyColor: "alert", labelSize: "small", showLabel: true
 (3ms)
    ✓ 
  value: 75, min: 0, max: 100, stepCount: 10, meterSize: "small", fillColor: "warning", emptyColor: "alert", labelSize: "small", showLabel: false
 (1ms)
    ✓ 
  value: 75, min: 0, max: 100, stepCount: 10, meterSize: "small", fillColor: "alert", emptyColor: "danger", labelSize: "large", showLabel: true
 (2ms)
    ✓ 
  value: 75, min: 0, max: 100, stepCount: 10, meterSize: "small", fillColor: "alert", emptyColor: "danger", labelSize: "large", showLabel: false
 (1ms)
    ✓ 
  value: 75, min: 0, max: 100, stepCount: 10, meterSize: "small", fillColor: "alert", emptyColor: "danger", labelSize: "regular", showLabel: true
 (1ms)
    ✓ 
  value: 75, min: 0, max: 100, stepCount: 10, meterSize: "small", fillColor: "alert", emptyColor: "danger", labelSize: "regular", showLabel: false
 (1ms)
    ✓ 
  value: 75, min: 0, max: 100, stepCount: 10, meterSize: "small", fillColor: "alert", emptyColor: "danger", labelSize: "small", showLabel: true

    ✓ 
  value: 75, min: 0, max: 100, stepCount: 10, meterSize: "small", fillColor: "alert", emptyColor: "danger", labelSize: "small", showLabel: false
 (1ms)
    ✓ 
  value: 75, min: 0, max: 100, stepCount: 10, meterSize: "small", fillColor: "alert", emptyColor: "alert", labelSize: "large", showLabel: true
 (1ms)
    ✓ 
  value: 75, min: 0, max: 100, stepCount: 10, meterSize: "small", fillColor: "alert", emptyColor: "alert", labelSize: "large", showLabel: false

    ✓ 
  value: 75, min: 0, max: 100, stepCount: 10, meterSize: "small", fillColor: "alert", emptyColor: "alert", labelSize: "regular", showLabel: true
 (1ms)
    ✓ 
  value: 75, min: 0, max: 100, stepCount: 10, meterSize: "small", fillColor: "alert", emptyColor: "alert", labelSize: "regular", showLabel: false
 (1ms)
    ✓ 
  value: 75, min: 0, max: 100, stepCount: 10, meterSize: "small", fillColor: "alert", emptyColor: "alert", labelSize: "small", showLabel: true
 (1ms)
    ✓ 
  value: 75, min: 0, max: 100, stepCount: 10, meterSize: "small", fillColor: "alert", emptyColor: "alert", labelSize: "small", showLabel: false
 (1ms)
    ✓ 
  value: 75, min: 0, max: 100, stepCount: 10, meterSize: "small", fillColor: "info", emptyColor: "danger", labelSize: "large", showLabel: true
 (3ms)
    ✓ 
  value: 75, min: 0, max: 100, stepCount: 10, meterSize: "small", fillColor: "info", emptyColor: "danger", labelSize: "large", showLabel: false
 (2ms)
    ✓ 
  value: 75, min: 0, max: 100, stepCount: 10, meterSize: "small", fillColor: "info", emptyColor: "danger", labelSize: "regular", showLabel: true
 (2ms)
    ✓ 
  value: 75, min: 0, max: 100, stepCount: 10, meterSize: "small", fillColor: "info", emptyColor: "danger", labelSize: "regular", showLabel: false
 (2ms)
    ✓ 
  value: 75, min: 0, max: 100, stepCount: 10, meterSize: "small", fillColor: "info", emptyColor: "danger", labelSize: "small", showLabel: true
 (3ms)
    ✓ 
  value: 75, min: 0, max: 100, stepCount: 10, meterSize: "small", fillColor: "info", emptyColor: "danger", labelSize: "small", showLabel: false
 (3ms)
    ✓ 
  value: 75, min: 0, max: 100, stepCount: 10, meterSize: "small", fillColor: "info", emptyColor: "alert", labelSize: "large", showLabel: true
 (2ms)
    ✓ 
  value: 75, min: 0, max: 100, stepCount: 10, meterSize: "small", fillColor: "info", emptyColor: "alert", labelSize: "large", showLabel: false

    ✓ 
  value: 75, min: 0, max: 100, stepCount: 10, meterSize: "small", fillColor: "info", emptyColor: "alert", labelSize: "regular", showLabel: true
 (1ms)
    ✓ 
  value: 75, min: 0, max: 100, stepCount: 10, meterSize: "small", fillColor: "info", emptyColor: "alert", labelSize: "regular", showLabel: false
 (2ms)
    ✓ 
  value: 75, min: 0, max: 100, stepCount: 10, meterSize: "small", fillColor: "info", emptyColor: "alert", labelSize: "small", showLabel: true
 (1ms)
    ✓ 
  value: 75, min: 0, max: 100, stepCount: 10, meterSize: "small", fillColor: "info", emptyColor: "alert", labelSize: "small", showLabel: false
 (1ms)
  Meter Component
    ✓ renders correctly with default props (2ms)
    ✓ renders correctly with custom props (2ms)
    ✓ calculates filled steps correctly for range greater than half-filled (1ms)
    ✓ calculates filled steps correctly for range less than half-filled (1ms)
    ✓ renders the correct number of steps with prop: stepCount (1ms)
    ✓ applies the correct colors to steps (19ms)
    ✓ renders the label correctly with prop: renderLabel (2ms)
    ✓ renders the component with accessible (6ms)
    ✓ renders the component with correct size (3ms)
    ✓ renders the component with default size (2ms)
    ✓ renders the component with label size (1ms)
    ✓ renders the component with showLabel false (2ms)
    ✓ renders component with custom className (2ms)
    ✓ renders component with custom data-test attribute (2ms)

PASS core/components/atoms/_chip/__tests__/_chip.test.tsx
  Chip component
    ✓ 
  label: "ChipLabel", icon: "events", clearButton: true, disabled: true, selected: true, name: "Chip", onclose: "[Function]", onClick: "[Function]"
 (6ms)
    ✓ 
  label: "ChipLabel", icon: "events", clearButton: true, disabled: true, selected: false, name: "Chip", onclose: "[Function]", onClick: "[Function]"
 (6ms)
    ✓ 
  label: "ChipLabel", icon: "events", clearButton: true, disabled: false, selected: true, name: "Chip", onclose: "[Function]", onClick: "[Function]"
 (2ms)
    ✓ 
  label: "ChipLabel", icon: "events", clearButton: true, disabled: false, selected: false, name: "Chip", onclose: "[Function]", onClick: "[Function]"
 (1ms)
    ✓ 
  label: "ChipLabel", icon: "events", clearButton: false, disabled: true, selected: true, name: "Chip", onclose: "[Function]", onClick: "[Function]"
 (1ms)
    ✓ 
  label: "ChipLabel", icon: "events", clearButton: false, disabled: true, selected: false, name: "Chip", onclose: "[Function]", onClick: "[Function]"
 (2ms)
    ✓ 
  label: "ChipLabel", icon: "events", clearButton: false, disabled: false, selected: true, name: "Chip", onclose: "[Function]", onClick: "[Function]"
 (3ms)
    ✓ 
  label: "ChipLabel", icon: "events", clearButton: false, disabled: false, selected: false, name: "Chip", onclose: "[Function]", onClick: "[Function]"
 (2ms)
    ✓ renders chip component (4ms)
    ✓ renders chip component with minimum props (1ms)
    ✓ renders chip component with classes (2ms)
    ✓ renders chip component with prop onClick (1ms)
    ✓ renders chip component with prop onClose (1ms)
    ✓ renders selected chip component with prop clearButton (2ms)
    ✓ renders disabled chip component with prop clearButton (2ms)
  Chip component label prefix test
    ✓ renders label prefix text with prop:labelPrefix (2ms)
  Chip component with keyboard interaction
    ✓ calls onClick when Enter key is pressed (2ms)
  GenericChip component size prop functionality
    ✓ renders GenericChip with default size as regular (3ms)
    ✓ renders GenericChip with size prop set to small (3ms)
    ✓ renders GenericChip with size prop set to regular (1ms)
    ✓ passes correct size to Text component based on size prop (1ms)
  GenericChip component icon size functionality based on chip size
    ✓ renders left icon with size 16px for regular chip size (18ms)
    ✓ renders left icon with size 14px for small chip size (6ms)
    ✓ renders clear button icon with size 16px for regular chip size (4ms)
    ✓ renders clear button icon with size 12px for small chip size (4ms)
    ✓ defaults to regular size icon sizes when size prop is not provided (10ms)

PASS core/components/organisms/pageHeader/__tests__/PageHeader.test.tsx
  Navigation component
    ✓ 
  tabs: "[ReactNode]", meta: "[ReactNode]", badge: "[ReactNode]", title: "PageHeader title", button: "[ReactNode]", status: "[ReactNode]", stepper: "[ReactNode]", actions: "[ReactNode]", navigation: "[ReactNode]", breadcrumbs: "[ReactNode]", separator: true, navigationPosition: "center"
 (8ms)
    ✓ 
  tabs: "[ReactNode]", meta: "[ReactNode]", badge: "[ReactNode]", title: "PageHeader title", button: "[ReactNode]", status: "[ReactNode]", stepper: "[ReactNode]", actions: "[ReactNode]", navigation: "[ReactNode]", breadcrumbs: "[ReactNode]", separator: true, navigationPosition: "bottom"
 (12ms)
    ✓ 
  tabs: "[ReactNode]", meta: "[ReactNode]", badge: "[ReactNode]", title: "PageHeader title", button: "[ReactNode]", status: "[ReactNode]", stepper: "[ReactNode]", actions: "[ReactNode]", navigation: "[ReactNode]", breadcrumbs: "[ReactNode]", separator: false, navigationPosition: "center"
 (7ms)
    ✓ 
  tabs: "[ReactNode]", meta: "[ReactNode]", badge: "[ReactNode]", title: "PageHeader title", button: "[ReactNode]", status: "[ReactNode]", stepper: "[ReactNode]", actions: "[ReactNode]", navigation: "[ReactNode]", breadcrumbs: "[ReactNode]", separator: false, navigationPosition: "bottom"
 (6ms)
  PageHeader Component with nav
    ✓ test for center navigation (4ms)
    ✓ test for center navigation (3ms)

PASS core/components/molecules/tabs/__tests__/Tabs.test.tsx
  Tabs component
    ✓ 
  activeIndex: 0, onTabChange: "[Function]", withSeparator: true, size: "regular"
 (12ms)
    ✓ 
  activeIndex: 0, onTabChange: "[Function]", withSeparator: true, size: "small"
 (9ms)
    ✓ 
  activeIndex: 0, onTabChange: "[Function]", withSeparator: false, size: "regular"
 (7ms)
    ✓ 
  activeIndex: 0, onTabChange: "[Function]", withSeparator: false, size: "small"
 (5ms)
    ✓ renders tab (5ms)
    ✓ renders tab with count (3ms)
    ✓ renders tab with icon (2ms)
    ✓ renders count if tab object has both icon and count (1ms)
    ✓ renders active tab and children (3ms)
    ✓ supports tab roles and aria attributes (4ms)
    ✓ applies aria-labelledby on tablist container (4ms)
    ✓ renders default tab as 0 (2ms)
    ✓ default tab is 0 if activeTab > total tabs length (3ms)
    ✓ renders disabled tab (3ms)
    ✓ renders dismissible tab component in active state (2ms)
    ✓ renders dismissible tab component (9ms)
  TabsWrapper component with prop: onTabChange
    ✓ TabsWrapper component with onTabChange callback (9ms)
    ✓ TabsWrapper component with onTabChange callback on enter press (9ms)
    ✓ TabsWrapper component with onTabChange callback not called on any other key (11ms)
    ✓ TabsWrapper component changes tab right when ArrowRight is pressed (6ms)
    ✓ TabsWrapper component changes tab left when ArrowLeft is pressed (3ms)
    ✓ TabsWrapper component has only tabindex 0 for all tabs (5ms)
    ✓ renders tab component with isDismissible prop:true (3ms)
    ✓ renders tab component with isDismissible prop:true and calls onDismiss (4ms)
    ✓ render tab component with custom class (3ms)
    ✓ renders tab component with remaining tab after onDismiss call  (3ms)
  Tabs Wrapper component header class
    ✓ render tab component header with custom class (3ms)
  Tabs component with prop:size
    ✓ should have the Tab--regular class when size=regular
    ✓ should have the Tab--small class when size=small (1ms)
  Tabs Wrapper component custom max-width
    ✓ render tab component header with custom max-width (13ms)

  console.error node_modules/react-dom/cjs/react-dom.development.js:88
    Warning: A component is changing an uncontrolled input of type checkbox to be controlled. Input elements should not switch from uncontrolled to controlled (or vice versa). Decide between using a controlled or uncontrolled input element for the lifetime of the component. More info: https://fb.me/react-controlled-components
        in input (created by Checkbox)
        in div (created by Checkbox)
        in div (created by Checkbox)
        in Checkbox
        in div
        in div
        in div
        in div
        in Unknown (created by Grid)
        in div (created by Grid)
        in Grid

  console.error node_modules/react-dom/cjs/react-dom.development.js:88
    Warning: An update to Backdrop inside a test was not wrapped in act(...).
    
    When testing, code that causes React state updates should be wrapped into act(...):
    
    act(() => {
      /* fire events that update state */
    });
    /* assert on the output */
    
    This ensures that you're testing the behavior the user would see in the browser. Learn more at https://fb.me/react-wrap-tests-with-act
        in Backdrop (created by Modal)
        in Modal

  console.warn node_modules/@jest/fake-timers/build/jestFakeTimers.js:358
    A function to advance timers was called but the timers API is not mocked with fake timers. Call `jest.useFakeTimers()` in this test or enable fake timers globally by setting `"timers": "fake"` in the configuration file. This warning is likely a result of a default configuration change in Jest 15.
    
    Release Blog Post: https://jestjs.io/blog/2016/09/01/jest-15.html
    Stack Trace:
    
          248 |
          249 |   afterEach(() => {
        > 250 |     jest.runOnlyPendingTimers();
              |          ^
          251 |     jest.useRealTimers();
          252 |   });
          253 |
    
          Error: 
          at FakeTimers._checkFakeTimers (node_modules/@jest/fake-timers/build/jestFakeTimers.js:368:13)
          at FakeTimers.runOnlyPendingTimers (node_modules/@jest/fake-timers/build/jestFakeTimers.js:222:10)
          at Object.<anonymous> (core/components/molecules/modal/__tests__/Modal.test.tsx:250:10)

PASS core/components/atoms/metaList/__tests__/MetaList.test.tsx
  MetaList component prop:seperator options
    ✓ 
  seperator: true, size: "regular"
 (5ms)
    ✓ 
  seperator: true, size: "small"
 (6ms)
    ✓ 
  seperator: false, size: "regular"
 (2ms)
    ✓ 
  seperator: false, size: "small"
 (2ms)
  MetaList component with prop:list
    ✓ renders list when one element is given (1ms)
    ✓ renders list when more than one elements are given (3ms)
    ✓ renders list when no element is given (2ms)
    ✓ renders list when label is not given (1ms)
  MetaList component with prop:Icon
    ✓ render the icon prop if present (1ms)
    ✓ check for icon prop when it is not present (2ms)
    ✓ check for icon prop when list is empty (2ms)
    ✓ check for icon prop when list contain more than one element (2ms)
  MetaList component with prop:separator
    ✓ check for separator prop when it is true (1ms)
    ✓ check for separator prop when it is false (2ms)
    ✓ check for separator prop when it is enabled & list is empty (2ms)
  MetaList component with rightSeparator element
    ✓ check for rightSeparator prop when list is empty (1ms)
    ✓ check for rightSeparator prop when list contain one element (2ms)
    ✓ check for rightSeparator prop when list contain more than one element (1ms)
  MetaList component tagName
    ✓ renders tagName for parent element (2ms)
    ✓ renders tagName for child element (1ms)
  MetaList Component with overwrite class
    ✓ overwrite MetaList class (1ms)
  MetaList component with different prop:size
    ✓ should have the Text--regular class  (2ms)
    ✓ should have the Text--small class  (1ms)

  console.error node_modules/react-dom/cjs/react-dom.development.js:88
    Warning: Can't perform a React state update on an unmounted component. This is a no-op, but it indicates a memory leak in your application. To fix, cancel all subscriptions and asynchronous tasks in a useEffect cleanup function.
        in Backdrop (created by Modal)
        in Modal

PASS core/components/atoms/message/__tests__/Message.test.tsx
  Message component
    ✓ 
  appearance: "alert", title: "Title goes here", description: "Description goes here", actions: "[ReactNode]"
 (7ms)
    ✓ 
  appearance: "alert", title: "Title goes here", description: "Description goes here", actions: "[ReactNode]", size: "small"
 (2ms)
    ✓ 
  appearance: "alert", title: "Title goes here", description: "Description goes here", actions: "[ReactNode]", size: "regular"
 (1ms)
    ✓ 
  appearance: "info", title: "Title goes here", description: "Description goes here", actions: "[ReactNode]"
 (2ms)
    ✓ 
  appearance: "info", title: "Title goes here", description: "Description goes here", actions: "[ReactNode]", size: "small"
 (1ms)
    ✓ 
  appearance: "info", title: "Title goes here", description: "Description goes here", actions: "[ReactNode]", size: "regular"
 (2ms)
    ✓ 
  appearance: "warning", title: "Title goes here", description: "Description goes here", actions: "[ReactNode]"
 (1ms)
    ✓ 
  appearance: "warning", title: "Title goes here", description: "Description goes here", actions: "[ReactNode]", size: "small"
 (3ms)
    ✓ 
  appearance: "warning", title: "Title goes here", description: "Description goes here", actions: "[ReactNode]", size: "regular"
 (4ms)
    ✓ 
  appearance: "success", title: "Title goes here", description: "Description goes here", actions: "[ReactNode]"
 (3ms)
    ✓ 
  appearance: "success", title: "Title goes here", description: "Description goes here", actions: "[ReactNode]", size: "small"
 (3ms)
    ✓ 
  appearance: "success", title: "Title goes here", description: "Description goes here", actions: "[ReactNode]", size: "regular"
 (3ms)
    ✓ renders description (1ms)
  Message Component with overwrite class
    ✓ overwrite Message class (1ms)
  Message component with prop:Title
    ✓ renders title (1ms)
    ✓ should not have Message-title class if title is not present  (1ms)
  Message component with prop:appearance
    ✓ should have the Message--alert class when appearance = alert (2ms)
    ✓ should have the Message--info class when appearance = info (1ms)
    ✓ should have the Message--warning class when appearance = warning (2ms)
    ✓ should have the Message--success class when appearance = success (1ms)
  Message component with prop: actions
    ✓ renders actions (1ms)
  Message component with prop:size
    ✓ applies small size classes and icon size when size = small (11ms)
    ✓ applies regular size classes explicitly when size = regular (6ms)
    ✓ uses regular size by default when no size prop provided (6ms)
    ✓ applies correct size classes without title (3ms)
    ✓ applies size classes correctly with children instead of description (1ms)
    ✓ should have correct icon size and classes for small size (5ms)
    ✓ should have correct icon size and classes for regular size (3ms)

PASS core/components/atoms/avatar/avatarImage/__tests__/AvatarImage.test.tsx
  Avatar Image component
    ✓ 
  src: "https://design.innovaccer.com/images/withoutType.png"
 (2ms)
  Avatar Image component with svg
    ✓ 
  svg: "[ReactNode]"
 (2ms)
  Avatar Image component with fallback
    ✓ check for fallback text (4ms)
    ✓ check for fallback text with appearance class (4ms)
    ✓ check for fallback text with secondary appearance (explicit) (4ms)
    ✓ check for fallback icon (3ms)
    ✓ check for fallback icon with appearance (2ms)
    ✓ check for fallback icon with secondary appearance (explicit) (8ms)
  Avatar Image component with avatar sizes
    ✓ image should have height and width of 32px for regular avatar (5ms)
    ✓ image should have height and width of 24px for tiny avatar (2ms)
    ✓ image should have height and width of 20px for micro avatar (3ms)
    ✓ fallback text should have correct size class for tiny avatar (4ms)
    ✓ fallback text should have correct size class for micro avatar (2ms)

PASS core/components/atoms/linkButton/__tests__/LinkButton.test.tsx
  Link Button component snapshots
    ✓ 
  type: "button", size: "tiny", disabled: true, iconAlign: "left", icon: "events"
 (4ms)
    ✓ 
  type: "button", size: "tiny", disabled: true, iconAlign: "left", icon: "events", subtle: true
 (1ms)
    ✓ 
  type: "button", size: "tiny", disabled: true, iconAlign: "left", icon: "events", subtle: false
 (1ms)
    ✓ 
  type: "button", size: "tiny", disabled: true, iconAlign: "right", icon: "events"
 (2ms)
    ✓ 
  type: "button", size: "tiny", disabled: true, iconAlign: "right", icon: "events", subtle: true
 (1ms)
    ✓ 
  type: "button", size: "tiny", disabled: true, iconAlign: "right", icon: "events", subtle: false
 (2ms)
    ✓ 
  type: "button", size: "tiny", disabled: false, iconAlign: "left", icon: "events"
 (1ms)
    ✓ 
  type: "button", size: "tiny", disabled: false, iconAlign: "left", icon: "events", subtle: true
 (2ms)
    ✓ 
  type: "button", size: "tiny", disabled: false, iconAlign: "left", icon: "events", subtle: false
 (2ms)
    ✓ 
  type: "button", size: "tiny", disabled: false, iconAlign: "right", icon: "events"
 (1ms)
    ✓ 
  type: "button", size: "tiny", disabled: false, iconAlign: "right", icon: "events", subtle: true
 (5ms)
    ✓ 
  type: "button", size: "tiny", disabled: false, iconAlign: "right", icon: "events", subtle: false
 (1ms)
    ✓ 
  type: "button", size: "regular", disabled: true, iconAlign: "left", icon: "events"
 (2ms)
    ✓ 
  type: "button", size: "regular", disabled: true, iconAlign: "left", icon: "events", subtle: true

    ✓ 
  type: "button", size: "regular", disabled: true, iconAlign: "left", icon: "events", subtle: false
 (2ms)
    ✓ 
  type: "button", size: "regular", disabled: true, iconAlign: "right", icon: "events"
 (1ms)
    ✓ 
  type: "button", size: "regular", disabled: true, iconAlign: "right", icon: "events", subtle: true
 (1ms)
    ✓ 
  type: "button", size: "regular", disabled: true, iconAlign: "right", icon: "events", subtle: false
 (1ms)
    ✓ 
  type: "button", size: "regular", disabled: false, iconAlign: "left", icon: "events"
 (2ms)
    ✓ 
  type: "button", size: "regular", disabled: false, iconAlign: "left", icon: "events", subtle: true
 (1ms)
    ✓ 
  type: "button", size: "regular", disabled: false, iconAlign: "left", icon: "events", subtle: false
 (1ms)
    ✓ 
  type: "button", size: "regular", disabled: false, iconAlign: "right", icon: "events"
 (1ms)
    ✓ 
  type: "button", size: "regular", disabled: false, iconAlign: "right", icon: "events", subtle: true
 (1ms)
    ✓ 
  type: "button", size: "regular", disabled: false, iconAlign: "right", icon: "events", subtle: false
 (1ms)
    ✓ 
  type: "submit", size: "tiny", disabled: true, iconAlign: "left", icon: "events"
 (2ms)
    ✓ 
  type: "submit", size: "tiny", disabled: true, iconAlign: "left", icon: "events", subtle: true
 (2ms)
    ✓ 
  type: "submit", size: "tiny", disabled: true, iconAlign: "left", icon: "events", subtle: false
 (1ms)
    ✓ 
  type: "submit", size: "tiny", disabled: true, iconAlign: "right", icon: "events"
 (2ms)
    ✓ 
  type: "submit", size: "tiny", disabled: true, iconAlign: "right", icon: "events", subtle: true
 (1ms)
    ✓ 
  type: "submit", size: "tiny", disabled: true, iconAlign: "right", icon: "events", subtle: false
 (2ms)
    ✓ 
  type: "submit", size: "tiny", disabled: false, iconAlign: "left", icon: "events"
 (1ms)
    ✓ 
  type: "submit", size: "tiny", disabled: false, iconAlign: "left", icon: "events", subtle: true
 (1ms)
    ✓ 
  type: "submit", size: "tiny", disabled: false, iconAlign: "left", icon: "events", subtle: false
 (2ms)
    ✓ 
  type: "submit", size: "tiny", disabled: false, iconAlign: "right", icon: "events"
 (1ms)
    ✓ 
  type: "submit", size: "tiny", disabled: false, iconAlign: "right", icon: "events", subtle: true
 (1ms)
    ✓ 
  type: "submit", size: "tiny", disabled: false, iconAlign: "right", icon: "events", subtle: false
 (1ms)
    ✓ 
  type: "submit", size: "regular", disabled: true, iconAlign: "left", icon: "events"
 (2ms)
    ✓ 
  type: "submit", size: "regular", disabled: true, iconAlign: "left", icon: "events", subtle: true
 (2ms)
    ✓ 
  type: "submit", size: "regular", disabled: true, iconAlign: "left", icon: "events", subtle: false
 (1ms)
    ✓ 
  type: "submit", size: "regular", disabled: true, iconAlign: "right", icon: "events"
 (2ms)
    ✓ 
  type: "submit", size: "regular", disabled: true, iconAlign: "right", icon: "events", subtle: true
 (2ms)
    ✓ 
  type: "submit", size: "regular", disabled: true, iconAlign: "right", icon: "events", subtle: false
 (2ms)
    ✓ 
  type: "submit", size: "regular", disabled: false, iconAlign: "left", icon: "events"

    ✓ 
  type: "submit", size: "regular", disabled: false, iconAlign: "left", icon: "events", subtle: true
 (2ms)
    ✓ 
  type: "submit", size: "regular", disabled: false, iconAlign: "left", icon: "events", subtle: false
 (1ms)
    ✓ 
  type: "submit", size: "regular", disabled: false, iconAlign: "right", icon: "events"
 (3ms)
    ✓ 
  type: "submit", size: "regular", disabled: false, iconAlign: "right", icon: "events", subtle: true
 (2ms)
    ✓ 
  type: "submit", size: "regular", disabled: false, iconAlign: "right", icon: "events", subtle: false
 (2ms)
    ✓ 
  type: "reset", size: "tiny", disabled: true, iconAlign: "left", icon: "events"
 (2ms)
    ✓ 
  type: "reset", size: "tiny", disabled: true, iconAlign: "left", icon: "events", subtle: true
 (2ms)
    ✓ 
  type: "reset", size: "tiny", disabled: true, iconAlign: "left", icon: "events", subtle: false
 (3ms)
    ✓ 
  type: "reset", size: "tiny", disabled: true, iconAlign: "right", icon: "events"
 (1ms)
    ✓ 
  type: "reset", size: "tiny", disabled: true, iconAlign: "right", icon: "events", subtle: true
 (2ms)
    ✓ 
  type: "reset", size: "tiny", disabled: true, iconAlign: "right", icon: "events", subtle: false
 (2ms)
    ✓ 
  type: "reset", size: "tiny", disabled: false, iconAlign: "left", icon: "events"
 (1ms)
    ✓ 
  type: "reset", size: "tiny", disabled: false, iconAlign: "left", icon: "events", subtle: true
 (2ms)
    ✓ 
  type: "reset", size: "tiny", disabled: false, iconAlign: "left", icon: "events", subtle: false
 (1ms)
    ✓ 
  type: "reset", size: "tiny", disabled: false, iconAlign: "right", icon: "events"
 (2ms)
    ✓ 
  type: "reset", size: "tiny", disabled: false, iconAlign: "right", icon: "events", subtle: true
 (1ms)
    ✓ 
  type: "reset", size: "tiny", disabled: false, iconAlign: "right", icon: "events", subtle: false
 (5ms)
    ✓ 
  type: "reset", size: "regular", disabled: true, iconAlign: "left", icon: "events"
 (1ms)
    ✓ 
  type: "reset", size: "regular", disabled: true, iconAlign: "left", icon: "events", subtle: true
 (2ms)
    ✓ 
  type: "reset", size: "regular", disabled: true, iconAlign: "left", icon: "events", subtle: false
 (5ms)
    ✓ 
  type: "reset", size: "regular", disabled: true, iconAlign: "right", icon: "events"
 (9ms)
    ✓ 
  type: "reset", size: "regular", disabled: true, iconAlign: "right", icon: "events", subtle: true
 (1ms)
    ✓ 
  type: "reset", size: "regular", disabled: true, iconAlign: "right", icon: "events", subtle: false
 (1ms)
    ✓ 
  type: "reset", size: "regular", disabled: false, iconAlign: "left", icon: "events"
 (4ms)
    ✓ 
  type: "reset", size: "regular", disabled: false, iconAlign: "left", icon: "events", subtle: true
 (3ms)
    ✓ 
  type: "reset", size: "regular", disabled: false, iconAlign: "left", icon: "events", subtle: false
 (2ms)
    ✓ 
  type: "reset", size: "regular", disabled: false, iconAlign: "right", icon: "events"
 (1ms)
    ✓ 
  type: "reset", size: "regular", disabled: false, iconAlign: "right", icon: "events", subtle: true
 (1ms)
    ✓ 
  type: "reset", size: "regular", disabled: false, iconAlign: "right", icon: "events", subtle: false
 (2ms)
  Link Button component with icon
    ✓ renders icon and label inside button (3ms)
    ✓ check for icon alignment (3ms)
    ✓ renders icon of fontSize = 12 for LinkButton size = tiny (11ms)
    ✓ renders icon of fontSize = 16 for LinkButton size = regular (3ms)
  Link Button component Event Handlers
    ✓ check for onClick event handler (1ms)
    ✓ check for onMouseEnter event handler (3ms)
    ✓ check for onMouseLeave event handler (1ms)
    ✓ check for onClick event handler when disabled (3ms)
  Link Button component appearance
    ✓ check for subtle class in link button (2ms)
    ✓ check for default class in link button (1ms)

PASS core/components/organisms/grid/__tests__/Grid.test.tsx (10.699s)
  Grid component
    ✓ 
  totalRecords: 10, page: 20, pageSize: 15, loading: true, error: true, showHead: true, showMenu: true, draggable: true, nestedRows: true, withPagination: true, withCheckbox: true, headCellTooltip: true, separator: true, showFilters: true, updateData: "[Function]", updateSchema: "[Function]", onSelect: "[Function]", onSelectAll: "[Function]", updateSortingList: "[Function]", updateFilterList: "[Function]"
 (11ms)
    ✓ 
  totalRecords: 10, page: 20, pageSize: 15, loading: true, error: true, showHead: true, showMenu: true, draggable: true, nestedRows: true, withPagination: true, withCheckbox: true, headCellTooltip: true, separator: true, showFilters: false, updateData: "[Function]", updateSchema: "[Function]", onSelect: "[Function]", onSelectAll: "[Function]", updateSortingList: "[Function]", updateFilterList: "[Function]"
 (13ms)
    ✓ 
  totalRecords: 10, page: 20, pageSize: 15, loading: true, error: true, showHead: true, showMenu: true, draggable: true, nestedRows: true, withPagination: true, withCheckbox: true, headCellTooltip: true, separator: false, showFilters: true, updateData: "[Function]", updateSchema: "[Function]", onSelect: "[Function]", onSelectAll: "[Function]", updateSortingList: "[Function]", updateFilterList: "[Function]"
 (4ms)
    ✓ 
  totalRecords: 10, page: 20, pageSize: 15, loading: true, error: true, showHead: true, showMenu: true, draggable: true, nestedRows: true, withPagination: true, withCheckbox: true, headCellTooltip: true, separator: false, showFilters: false, updateData: "[Function]", updateSchema: "[Function]", onSelect: "[Function]", onSelectAll: "[Function]", updateSortingList: "[Function]", updateFilterList: "[Function]"
 (5ms)
    ✓ 
  totalRecords: 10, page: 20, pageSize: 15, loading: true, error: true, showHead: true, showMenu: true, draggable: true, nestedRows: true, withPagination: true, withCheckbox: true, headCellTooltip: false, separator: true, showFilters: true, updateData: "[Function]", updateSchema: "[Function]", onSelect: "[Function]", onSelectAll: "[Function]", updateSortingList: "[Function]", updateFilterList: "[Function]"
 (8ms)
    ✓ 
  totalRecords: 10, page: 20, pageSize: 15, loading: true, error: true, showHead: true, showMenu: true, draggable: true, nestedRows: true, withPagination: true, withCheckbox: true, headCellTooltip: false, separator: true, showFilters: false, updateData: "[Function]", updateSchema: "[Function]", onSelect: "[Function]", onSelectAll: "[Function]", updateSortingList: "[Function]", updateFilterList: "[Function]"
 (8ms)
    ✓ 
  totalRecords: 10, page: 20, pageSize: 15, loading: true, error: true, showHead: true, showMenu: true, draggable: true, nestedRows: true, withPagination: true, withCheckbox: true, headCellTooltip: false, separator: false, showFilters: true, updateData: "[Function]", updateSchema: "[Function]", onSelect: "[Function]", onSelectAll: "[Function]", updateSortingList: "[Function]", updateFilterList: "[Function]"
 (6ms)
    ✓ 
  totalRecords: 10, page: 20, pageSize: 15, loading: true, error: true, showHead: true, showMenu: true, draggable: true, nestedRows: true, withPagination: true, withCheckbox: true, headCellTooltip: false, separator: false, showFilters: false, updateData: "[Function]", updateSchema: "[Function]", onSelect: "[Function]", onSelectAll: "[Function]", updateSortingList: "[Function]", updateFilterList: "[Function]"
 (6ms)
    ✓ 
  totalRecords: 10, page: 20, pageSize: 15, loading: true, error: true, showHead: true, showMenu: true, draggable: true, nestedRows: true, withPagination: true, withCheckbox: false, headCellTooltip: true, separator: true, showFilters: true, updateData: "[Function]", updateSchema: "[Function]", onSelect: "[Function]", onSelectAll: "[Function]", updateSortingList: "[Function]", updateFilterList: "[Function]"
 (8ms)
    ✓ 
  totalRecords: 10, page: 20, pageSize: 15, loading: true, error: true, showHead: true, showMenu: true, draggable: true, nestedRows: true, withPagination: true, withCheckbox: false, headCellTooltip: true, separator: true, showFilters: false, updateData: "[Function]", updateSchema: "[Function]", onSelect: "[Function]", onSelectAll: "[Function]", updateSortingList: "[Function]", updateFilterList: "[Function]"
 (5ms)
    ✓ 
  totalRecords: 10, page: 20, pageSize: 15, loading: true, error: true, showHead: true, showMenu: true, draggable: true, nestedRows: true, withPagination: true, withCheckbox: false, headCellTooltip: true, separator: false, showFilters: true, updateData: "[Function]", updateSchema: "[Function]", onSelect: "[Function]", onSelectAll: "[Function]", updateSortingList: "[Function]", updateFilterList: "[Function]"
 (3ms)
    ✓ 
  totalRecords: 10, page: 20, pageSize: 15, loading: true, error: true, showHead: true, showMenu: true, draggable: true, nestedRows: true, withPagination: true, withCheckbox: false, headCellTooltip: true, separator: false, showFilters: false, updateData: "[Function]", updateSchema: "[Function]", onSelect: "[Function]", onSelectAll: "[Function]", updateSortingList: "[Function]", updateFilterList: "[Function]"
 (4ms)
    ✓ 
  totalRecords: 10, page: 20, pageSize: 15, loading: true, error: true, showHead: true, showMenu: true, draggable: true, nestedRows: true, withPagination: true, withCheckbox: false, headCellTooltip: false, separator: true, showFilters: true, updateData: "[Function]", updateSchema: "[Function]", onSelect: "[Function]", onSelectAll: "[Function]", updateSortingList: "[Function]", updateFilterList: "[Function]"
 (4ms)
    ✓ 
  totalRecords: 10, page: 20, pageSize: 15, loading: true, error: true, showHead: true, showMenu: true, draggable: true, nestedRows: true, withPagination: true, withCheckbox: false, headCellTooltip: false, separator: true, showFilters: false, updateData: "[Function]", updateSchema: "[Function]", onSelect: "[Function]", onSelectAll: "[Function]", updateSortingList: "[Function]", updateFilterList: "[Function]"
 (5ms)
    ✓ 
  totalRecords: 10, page: 20, pageSize: 15, loading: true, error: true, showHead: true, showMenu: true, draggable: true, nestedRows: true, withPagination: true, withCheckbox: false, headCellTooltip: false, separator: false, showFilters: true, updateData: "[Function]", updateSchema: "[Function]", onSelect: "[Function]", onSelectAll: "[Function]", updateSortingList: "[Function]", updateFilterList: "[Function]"
 (3ms)
    ✓ 
  totalRecords: 10, page: 20, pageSize: 15, loading: true, error: true, showHead: true, showMenu: true, draggable: true, nestedRows: true, withPagination: true, withCheckbox: false, headCellTooltip: false, separator: false, showFilters: false, updateData: "[Function]", updateSchema: "[Function]", onSelect: "[Function]", onSelectAll: "[Function]", updateSortingList: "[Function]", updateFilterList: "[Function]"
 (10ms)
    ✓ 
  totalRecords: 10, page: 20, pageSize: 15, loading: true, error: true, showHead: true, showMenu: true, draggable: true, nestedRows: true, withPagination: false, withCheckbox: true, headCellTooltip: true, separator: true, showFilters: true, updateData: "[Function]", updateSchema: "[Function]", onSelect: "[Function]", onSelectAll: "[Function]", updateSortingList: "[Function]", updateFilterList: "[Function]"
 (4ms)
    ✓ 
  totalRecords: 10, page: 20, pageSize: 15, loading: true, error: true, showHead: true, showMenu: true, draggable: true, nestedRows: true, withPagination: false, withCheckbox: true, headCellTooltip: true, separator: true, showFilters: false, updateData: "[Function]", updateSchema: "[Function]", onSelect: "[Function]", onSelectAll: "[Function]", updateSortingList: "[Function]", updateFilterList: "[Function]"
 (6ms)
    ✓ 
  totalRecords: 10, page: 20, pageSize: 15, loading: true, error: true, showHead: true, showMenu: true, draggable: true, nestedRows: true, withPagination: false, withCheckbox: true, headCellTooltip: true, separator: false, showFilters: true, updateData: "[Function]", updateSchema: "[Function]", onSelect: "[Function]", onSelectAll: "[Function]", updateSortingList: "[Function]", updateFilterList: "[Function]"
 (5ms)
    ✓ 
  totalRecords: 10, page: 20, pageSize: 15, loading: true, error: true, showHead: true, showMenu: true, draggable: true, nestedRows: true, withPagination: false, withCheckbox: true, headCellTooltip: true, separator: false, showFilters: false, updateData: "[Function]", updateSchema: "[Function]", onSelect: "[Function]", onSelectAll: "[Function]", updateSortingList: "[Function]", updateFilterList: "[Function]"
 (3ms)
    ✓ 
  totalRecords: 10, page: 20, pageSize: 15, loading: true, error: true, showHead: true, showMenu: true, draggable: true, nestedRows: true, withPagination: false, withCheckbox: true, headCellTooltip: false, separator: true, showFilters: true, updateData: "[Function]", updateSchema: "[Function]", onSelect: "[Function]", onSelectAll: "[Function]", updateSortingList: "[Function]", updateFilterList: "[Function]"
 (5ms)
    ✓ 
  totalRecords: 10, page: 20, pageSize: 15, loading: true, error: true, showHead: true, showMenu: true, draggable: true, nestedRows: true, withPagination: false, withCheckbox: true, headCellTooltip: false, separator: true, showFilters: false, updateData: "[Function]", updateSchema: "[Function]", onSelect: "[Function]", onSelectAll: "[Function]", updateSortingList: "[Function]", updateFilterList: "[Function]"
 (5ms)
    ✓ 
  totalRecords: 10, page: 20, pageSize: 15, loading: true, error: true, showHead: true, showMenu: true, draggable: true, nestedRows: true, withPagination: false, withCheckbox: true, headCellTooltip: false, separator: false, showFilters: true, updateData: "[Function]", updateSchema: "[Function]", onSelect: "[Function]", onSelectAll: "[Function]", updateSortingList: "[Function]", updateFilterList: "[Function]"
 (9ms)
    ✓ 
  totalRecords: 10, page: 20, pageSize: 15, loading: true, error: true, showHead: true, showMenu: true, draggable: true, nestedRows: true, withPagination: false, withCheckbox: true, headCellTooltip: false, separator: false, showFilters: false, updateData: "[Function]", updateSchema: "[Function]", onSelect: "[Function]", onSelectAll: "[Function]", updateSortingList: "[Function]", updateFilterList: "[Function]"
 (5ms)
    ✓ 
  totalRecords: 10, page: 20, pageSize: 15, loading: true, error: true, showHead: true, showMenu: true, draggable: true, nestedRows: true, withPagination: false, withCheckbox: false, headCellTooltip: true, separator: true, showFilters: true, updateData: "[Function]", updateSchema: "[Function]", onSelect: "[Function]", onSelectAll: "[Function]", updateSortingList: "[Function]", updateFilterList: "[Function]"
 (6ms)
    ✓ 
  totalRecords: 10, page: 20, pageSize: 15, loading: true, error: true, showHead: true, showMenu: true, draggable: true, nestedRows: true, withPagination: false, withCheckbox: false, headCellTooltip: true, separator: true, showFilters: false, updateData: "[Function]", updateSchema: "[Function]", onSelect: "[Function]", onSelectAll: "[Function]", updateSortingList: "[Function]", updateFilterList: "[Function]"
 (4ms)
    ✓ 
  totalRecords: 10, page: 20, pageSize: 15, loading: true, error: true, showHead: true, showMenu: true, draggable: true, nestedRows: true, withPagination: false, withCheckbox: false, headCellTooltip: true, separator: false, showFilters: true, updateData: "[Function]", updateSchema: "[Function]", onSelect: "[Function]", onSelectAll: "[Function]", updateSortingList: "[Function]", updateFilterList: "[Function]"
 (2ms)
    ✓ 
  totalRecords: 10, page: 20, pageSize: 15, loading: true, error: true, showHead: true, showMenu: true, draggable: true, nestedRows: true, withPagination: false, withCheckbox: false, headCellTooltip: true, separator: false, showFilters: false, updateData: "[Function]", updateSchema: "[Function]", onSelect: "[Function]", onSelectAll: "[Function]", updateSortingList: "[Function]", updateFilterList: "[Function]"
 (8ms)
    ✓ 
  totalRecords: 10, page: 20, pageSize: 15, loading: true, error: true, showHead: true, showMenu: true, draggable: true, nestedRows: true, withPagination: false, withCheckbox: false, headCellTooltip: false, separator: true, showFilters: true, updateData: "[Function]", updateSchema: "[Function]", onSelect: "[Function]", onSelectAll: "[Function]", updateSortingList: "[Function]", updateFilterList: "[Function]"
 (6ms)
    ✓ 
  totalRecords: 10, page: 20, pageSize: 15, loading: true, error: true, showHead: true, showMenu: true, draggable: true, nestedRows: true, withPagination: false, withCheckbox: false, headCellTooltip: false, separator: true, showFilters: false, updateData: "[Function]", updateSchema: "[Function]", onSelect: "[Function]", onSelectAll: "[Function]", updateSortingList: "[Function]", updateFilterList: "[Function]"
 (8ms)
    ✓ 
  totalRecords: 10, page: 20, pageSize: 15, loading: true, error: true, showHead: true, showMenu: true, draggable: true, nestedRows: true, withPagination: false, withCheckbox: false, headCellTooltip: false, separator: false, showFilters: true, updateData: "[Function]", updateSchema: "[Function]", onSelect: "[Function]", onSelectAll: "[Function]", updateSortingList: "[Function]", updateFilterList: "[Function]"
 (8ms)
    ✓ 
  totalRecords: 10, page: 20, pageSize: 15, loading: true, error: true, showHead: true, showMenu: true, draggable: true, nestedRows: true, withPagination: false, withCheckbox: false, headCellTooltip: false, separator: false, showFilters: false, updateData: "[Function]", updateSchema: "[Function]", onSelect: "[Function]", onSelectAll: "[Function]", updateSortingList: "[Function]", updateFilterList: "[Function]"
 (5ms)
    ✓ 
  totalRecords: 10, page: 20, pageSize: 15, loading: true, error: true, showHead: true, showMenu: true, draggable: true, nestedRows: false, withPagination: true, withCheckbox: true, headCellTooltip: true, separator: true, showFilters: true, updateData: "[Function]", updateSchema: "[Function]", onSelect: "[Function]", onSelectAll: "[Function]", updateSortingList: "[Function]", updateFilterList: "[Function]"
 (5ms)
    ✓ 
  totalRecords: 10, page: 20, pageSize: 15, loading: true, error: true, showHead: true, showMenu: true, draggable: true, nestedRows: false, withPagination: true, withCheckbox: true, headCellTooltip: true, separator: true, showFilters: false, updateData: "[Function]", updateSchema: "[Function]", onSelect: "[Function]", onSelectAll: "[Function]", updateSortingList: "[Function]", updateFilterList: "[Function]"
 (6ms)
    ✓ 
  totalRecords: 10, page: 20, pageSize: 15, loading: true, error: true, showHead: true, showMenu: true, draggable: true, nestedRows: false, withPagination: true, withCheckbox: true, headCellTooltip: true, separator: false, showFilters: true, updateData: "[Function]", updateSchema: "[Function]", onSelect: "[Function]", onSelectAll: "[Function]", updateSortingList: "[Function]", updateFilterList: "[Function]"
 (5ms)
    ✓ 
  totalRecords: 10, page: 20, pageSize: 15, loading: true, error: true, showHead: true, showMenu: true, draggable: true, nestedRows: false, withPagination: true, withCheckbox: true, headCellTooltip: true, separator: false, showFilters: false, updateData: "[Function]", updateSchema: "[Function]", onSelect: "[Function]", onSelectAll: "[Function]", updateSortingList: "[Function]", updateFilterList: "[Function]"
 (8ms)
    ✓ 
  totalRecords: 10, page: 20, pageSize: 15, loading: true, error: true, showHead: true, showMenu: true, draggable: true, nestedRows: false, withPagination: true, withCheckbox: true, headCellTooltip: false, separator: true, showFilters: true, updateData: "[Function]", updateSchema: "[Function]", onSelect: "[Function]", onSelectAll: "[Function]", updateSortingList: "[Function]", updateFilterList: "[Function]"
 (6ms)
    ✓ 
  totalRecords: 10, page: 20, pageSize: 15, loading: true, error: true, showHead: true, showMenu: true, draggable: true, nestedRows: false, withPagination: true, withCheckbox: true, headCellTooltip: false, separator: true, showFilters: false, updateData: "[Function]", updateSchema: "[Function]", onSelect: "[Function]", onSelectAll: "[Function]", updateSortingList: "[Function]", updateFilterList: "[Function]"
 (6ms)
    ✓ 
  totalRecords: 10, page: 20, pageSize: 15, loading: true, error: true, showHead: true, showMenu: true, draggable: true, nestedRows: false, withPagination: true, withCheckbox: true, headCellTooltip: false, separator: false, showFilters: true, updateData: "[Function]", updateSchema: "[Function]", onSelect: "[Function]", onSelectAll: "[Function]", updateSortingList: "[Function]", updateFilterList: "[Function]"
 (5ms)
    ✓ 
  totalRecords: 10, page: 20, pageSize: 15, loading: true, error: true, showHead: true, showMenu: true, draggable: true, nestedRows: false, withPagination: true, withCheckbox: true, headCellTooltip: false, separator: false, showFilters: false, updateData: "[Function]", updateSchema: "[Function]", onSelect: "[Function]", onSelectAll: "[Function]", updateSortingList: "[Function]", updateFilterList: "[Function]"
 (5ms)
    ✓ 
  totalRecords: 10, page: 20, pageSize: 15, loading: true, error: true, showHead: true, showMenu: true, draggable: true, nestedRows: false, withPagination: true, withCheckbox: false, headCellTooltip: true, separator: true, showFilters: true, updateData: "[Function]", updateSchema: "[Function]", onSelect: "[Function]", onSelectAll: "[Function]", updateSortingList: "[Function]", updateFilterList: "[Function]"
 (3ms)
    ✓ 
  totalRecords: 10, page: 20, pageSize: 15, loading: true, error: true, showHead: true, showMenu: true, draggable: true, nestedRows: false, withPagination: true, withCheckbox: false, headCellTooltip: true, separator: true, showFilters: false, updateData: "[Function]", updateSchema: "[Function]", onSelect: "[Function]", onSelectAll: "[Function]", updateSortingList: "[Function]", updateFilterList: "[Function]"
 (5ms)
    ✓ 
  totalRecords: 10, page: 20, pageSize: 15, loading: true, error: true, showHead: true, showMenu: true, draggable: true, nestedRows: false, withPagination: true, withCheckbox: false, headCellTooltip: true, separator: false, showFilters: true, updateData: "[Function]", updateSchema: "[Function]", onSelect: "[Function]", onSelectAll: "[Function]", updateSortingList: "[Function]", updateFilterList: "[Function]"
 (4ms)
    ✓ 
  totalRecords: 10, page: 20, pageSize: 15, loading: true, error: true, showHead: true, showMenu: true, draggable: true, nestedRows: false, withPagination: true, withCheckbox: false, headCellTooltip: true, separator: false, showFilters: false, updateData: "[Function]", updateSchema: "[Function]", onSelect: "[Function]", onSelectAll: "[Function]", updateSortingList: "[Function]", updateFilterList: "[Function]"
 (4ms)
    ✓ 
  totalRecords: 10, page: 20, pageSize: 15, loading: true, error: true, showHead: true, showMenu: true, draggable: true, nestedRows: false, withPagination: true, withCheckbox: false, headCellTooltip: false, separator: true, showFilters: true, updateData: "[Function]", updateSchema: "[Function]", onSelect: "[Function]", onSelectAll: "[Function]", updateSortingList: "[Function]", updateFilterList: "[Function]"
 (7ms)
    ✓ 
  totalRecords: 10, page: 20, pageSize: 15, loading: true, error: true, showHead: true, showMenu: true, draggable: true, nestedRows: false, withPagination: true, withCheckbox: false, headCellTooltip: false, separator: true, showFilters: false, updateData: "[Function]", updateSchema: "[Function]", onSelect: "[Function]", onSelectAll: "[Function]", updateSortingList: "[Function]", updateFilterList: "[Function]"
 (6ms)
    ✓ 
  totalRecords: 10, page: 20, pageSize: 15, loading: true, error: true, showHead: true, showMenu: true, draggable: true, nestedRows: false, withPagination: true, withCheckbox: false, headCellTooltip: false, separator: false, showFilters: true, updateData: "[Function]", updateSchema: "[Function]", onSelect: "[Function]", onSelectAll: "[Function]", updateSortingList: "[Function]", updateFilterList: "[Function]"
 (5ms)
    ✓ 
  totalRecords: 10, page: 20, pageSize: 15, loading: true, error: true, showHead: true, showMenu: true, draggable: true, nestedRows: false, withPagination: true, withCheckbox: false, headCellTooltip: false, separator: false, showFilters: false, updateData: "[Function]", updateSchema: "[Function]", onSelect: "[Function]", onSelectAll: "[Function]", updateSortingList: "[Function]", updateFilterList: "[Function]"
 (5ms)
    ✓ 
  totalRecords: 10, page: 20, pageSize: 15, loading: true, error: true, showHead: true, showMenu: true, draggable: true, nestedRows: false, withPagination: false, withCheckbox: true, headCellTooltip: true, separator: true, showFilters: true, updateData: "[Function]", updateSchema: "[Function]", onSelect: "[Function]", onSelectAll: "[Function]", updateSortingList: "[Function]", updateFilterList: "[Function]"
 (5ms)
    ✓ 
  totalRecords: 10, page: 20, pageSize: 15, loading: true, error: true, showHead: true, showMenu: true, draggable: true, nestedRows: false, withPagination: false, withCheckbox: true, headCellTooltip: true, separator: true, showFilters: false, updateData: "[Function]", updateSchema: "[Function]", onSelect: "[Function]", onSelectAll: "[Function]", updateSortingList: "[Function]", updateFilterList: "[Function]"
 (4ms)
    ✓ 
  totalRecords: 10, page: 20, pageSize: 15, loading: true, error: true, showHead: true, showMenu: true, draggable: true, nestedRows: false, withPagination: false, withCheckbox: true, headCellTooltip: true, separator: false, showFilters: true, updateData: "[Function]", updateSchema: "[Function]", onSelect: "[Function]", onSelectAll: "[Function]", updateSortingList: "[Function]", updateFilterList: "[Function]"
 (4ms)
    ✓ 
  totalRecords: 10, page: 20, pageSize: 15, loading: true, error: true, showHead: true, showMenu: true, draggable: true, nestedRows: false, withPagination: false, withCheckbox: true, headCellTooltip: true, separator: false, showFilters: false, updateData: "[Function]", updateSchema: "[Function]", onSelect: "[Function]", onSelectAll: "[Function]", updateSortingList: "[Function]", updateFilterList: "[Function]"
 (5ms)
    ✓ 
  totalRecords: 10, page: 20, pageSize: 15, loading: true, error: true, showHead: true, showMenu: true, draggable: true, nestedRows: false, withPagination: false, withCheckbox: true, headCellTooltip: false, separator: true, showFilters: true, updateData: "[Function]", updateSchema: "[Function]", onSelect: "[Function]", onSelectAll: "[Function]", updateSortingList: "[Function]", updateFilterList: "[Function]"
 (5ms)
    ✓ 
  totalRecords: 10, page: 20, pageSize: 15, loading: true, error: true, showHead: true, showMenu: true, draggable: true, nestedRows: false, withPagination: false, withCheckbox: true, headCellTooltip: false, separator: true, showFilters: false, updateData: "[Function]", updateSchema: "[Function]", onSelect: "[Function]", onSelectAll: "[Function]", updateSortingList: "[Function]", updateFilterList: "[Function]"
 (6ms)
    ✓ 
  totalRecords: 10, page: 20, pageSize: 15, loading: true, error: true, showHead: true, showMenu: true, draggable: true, nestedRows: false, withPagination: false, withCheckbox: true, headCellTooltip: false, separator: false, showFilters: true, updateData: "[Function]", updateSchema: "[Function]", onSelect: "[Function]", onSelectAll: "[Function]", updateSortingList: "[Function]", updateFilterList: "[Function]"
 (4ms)
    ✓ 
  totalRecords: 10, page: 20, pageSize: 15, loading: true, error: true, showHead: true, showMenu: true, draggable: true, nestedRows: false, withPagination: false, withCheckbox: true, headCellTooltip: false, separator: false, showFilters: false, updateData: "[Function]", updateSchema: "[Function]", onSelect: "[Function]", onSelectAll: "[Function]", updateSortingList: "[Function]", updateFilterList: "[Function]"
 (3ms)
    ✓ 
  totalRecords: 10, page: 20, pageSize: 15, loading: true, error: true, showHead: true, showMenu: true, draggable: true, nestedRows: false, withPagination: false, withCheckbox: false, headCellTooltip: true, separator: true, showFilters: true, updateData: "[Function]", updateSchema: "[Function]", onSelect: "[Function]", onSelectAll: "[Function]", updateSortingList: "[Function]", updateFilterList: "[Function]"
 (3ms)
    ✓ 
  totalRecords: 10, page: 20, pageSize: 15, loading: true, error: true, showHead: true, showMenu: true, draggable: true, nestedRows: false, withPagination: false, withCheckbox: false, headCellTooltip: true, separator: true, showFilters: false, updateData: "[Function]", updateSchema: "[Function]", onSelect: "[Function]", onSelectAll: "[Function]", updateSortingList: "[Function]", updateFilterList: "[Function]"
 (4ms)
    ✓ 
  totalRecords: 10, page: 20, pageSize: 15, loading: true, error: true, showHead: true, showMenu: true, draggable: true, nestedRows: false, withPagination: false, withCheckbox: false, headCellTooltip: true, separator: false, showFilters: true, updateData: "[Function]", updateSchema: "[Function]", onSelect: "[Function]", onSelectAll: "[Function]", updateSortingList: "[Function]", updateFilterList: "[Function]"
 (5ms)
    ✓ 
  totalRecords: 10, page: 20, pageSize: 15, loading: true, error: true, showHead: true, showMenu: true, draggable: true, nestedRows: false, withPagination: false, withCheckbox: false, headCellTooltip: true, separator: false, showFilters: false, updateData: "[Function]", updateSchema: "[Function]", onSelect: "[Function]", onSelectAll: "[Function]", updateSortingList: "[Function]", updateFilterList: "[Function]"
 (4ms)
    ✓ 
  totalRecords: 10, page: 20, pageSize: 15, loading: true, error: true, showHead: true, showMenu: true, draggable: true, nestedRows: false, withPagination: false, withCheckbox: false, headCellTooltip: false, separator: true, showFilters: true, updateData: "[Function]", updateSchema: "[Function]", onSelect: "[Function]", onSelectAll: "[Function]", updateSortingList: "[Function]", updateFilterList: "[Function]"
 (4ms)
    ✓ 
  totalRecords: 10, page: 20, pageSize: 15, loading: true, error: true, showHead: true, showMenu: true, draggable: true, nestedRows: false, withPagination: false, withCheckbox: false, headCellTooltip: false, separator: true, showFilters: false, updateData: "[Function]", updateSchema: "[Function]", onSelect: "[Function]", onSelectAll: "[Function]", updateSortingList: "[Function]", updateFilterList: "[Function]"
 (5ms)
    ✓ 
  totalRecords: 10, page: 20, pageSize: 15, loading: true, error: true, showHead: true, showMenu: true, draggable: true, nestedRows: false, withPagination: false, withCheckbox: false, headCellTooltip: false, separator: false, showFilters: true, updateData: "[Function]", updateSchema: "[Function]", onSelect: "[Function]", onSelectAll: "[Function]", updateSortingList: "[Function]", updateFilterList: "[Function]"
 (4ms)
    ✓ 
  totalRecords: 10, page: 20, pageSize: 15, loading: true, error: true, showHead: true, showMenu: true, draggable: true, nestedRows: false, withPagination: false, withCheckbox: false, headCellTooltip: false, separator: false, showFilters: false, updateData: "[Function]", updateSchema: "[Function]", onSelect: "[Function]", onSelectAll: "[Function]", updateSortingList: "[Function]", updateFilterList: "[Function]"
 (2ms)
    ✓ 
  totalRecords: 10, page: 20, pageSize: 15, loading: true, error: true, showHead: true, showMenu: true, draggable: false, nestedRows: true, withPagination: true, withCheckbox: true, headCellTooltip: true, separator: true, showFilters: true, updateData: "[Function]", updateSchema: "[Function]", onSelect: "[Function]", onSelectAll: "[Function]", updateSortingList: "[Function]", updateFilterList: "[Function]"
 (7ms)
    ✓ 
  totalRecords: 10, page: 20, pageSize: 15, loading: true, error: true, showHead: true, showMenu: true, draggable: false, nestedRows: true, withPagination: true, withCheckbox: true, headCellTooltip: true, separator: true, showFilters: false, updateData: "[Function]", updateSchema: "[Function]", onSelect: "[Function]", onSelectAll: "[Function]", updateSortingList: "[Function]", updateFilterList: "[Function]"
 (5ms)
    ✓ 
  totalRecords: 10, page: 20, pageSize: 15, loading: true, error: true, showHead: true, showMenu: true, draggable: false, nestedRows: true, withPagination: true, withCheckbox: true, headCellTooltip: true, separator: false, showFilters: true, updateData: "[Function]", updateSchema: "[Function]", onSelect: "[Function]", onSelectAll: "[Function]", updateSortingList: "[Function]", updateFilterList: "[Function]"
 (3ms)
    ✓ 
  totalRecords: 10, page: 20, pageSize: 15, loading: true, error: true, showHead: true, showMenu: true, draggable: false, nestedRows: true, withPagination: true, withCheckbox: true, headCellTooltip: true, separator: false, showFilters: false, updateData: "[Function]", updateSchema: "[Function]", onSelect: "[Function]", onSelectAll: "[Function]", updateSortingList: "[Function]", updateFilterList: "[Function]"
 (4ms)
    ✓ 
  totalRecords: 10, page: 20, pageSize: 15, loading: true, error: true, showHead: true, showMenu: true, draggable: false, nestedRows: true, withPagination: true, withCheckbox: true, headCellTooltip: false, separator: true, showFilters: true, updateData: "[Function]", updateSchema: "[Function]", onSelect: "[Function]", onSelectAll: "[Function]", updateSortingList: "[Function]", updateFilterList: "[Function]"
 (3ms)
    ✓ 
  totalRecords: 10, page: 20, pageSize: 15, loading: true, error: true, showHead: true, showMenu: true, draggable: false, nestedRows: true, withPagination: true, withCheckbox: true, headCellTooltip: false, separator: true, showFilters: false, updateData: "[Function]", updateSchema: "[Function]", onSelect: "[Function]", onSelectAll: "[Function]", updateSortingList: "[Function]", updateFilterList: "[Function]"
 (7ms)
    ✓ 
  totalRecords: 10, page: 20, pageSize: 15, loading: true, error: true, showHead: true, showMenu: true, draggable: false, nestedRows: true, withPagination: true, withCheckbox: true, headCellTooltip: false, separator: false, showFilters: true, updateData: "[Function]", updateSchema: "[Function]", onSelect: "[Function]", onSelectAll: "[Function]", updateSortingList: "[Function]", updateFilterList: "[Function]"
 (4ms)
    ✓ 
  totalRecords: 10, page: 20, pageSize: 15, loading: true, error: true, showHead: true, showMenu: true, draggable: false, nestedRows: true, withPagination: true, withCheckbox: true, headCellTooltip: false, separator: false, showFilters: false, updateData: "[Function]", updateSchema: "[Function]", onSelect: "[Function]", onSelectAll: "[Function]", updateSortingList: "[Function]", updateFilterList: "[Function]"
 (4ms)
    ✓ 
  totalRecords: 10, page: 20, pageSize: 15, loading: true, error: true, showHead: true, showMenu: true, draggable: false, nestedRows: true, withPagination: true, withCheckbox: false, headCellTooltip: true, separator: true, showFilters: true, updateData: "[Function]", updateSchema: "[Function]", onSelect: "[Function]", onSelectAll: "[Function]", updateSortingList: "[Function]", updateFilterList: "[Function]"
 (5ms)
    ✓ 
  totalRecords: 10, page: 20, pageSize: 15, loading: true, error: true, showHead: true, showMenu: true, draggable: false, nestedRows: true, withPagination: true, withCheckbox: false, headCellTooltip: true, separator: true, showFilters: false, updateData: "[Function]", updateSchema: "[Function]", onSelect: "[Function]", onSelectAll: "[Function]", updateSortingList: "[Function]", updateFilterList: "[Function]"
 (4ms)
    ✓ 
  totalRecords: 10, page: 20, pageSize: 15, loading: true, error: true, showHead: true, showMenu: true, draggable: false, nestedRows: true, withPagination: true, withCheckbox: false, headCellTooltip: true, separator: false, showFilters: true, updateData: "[Function]", updateSchema: "[Function]", onSelect: "[Function]", onSelectAll: "[Function]", updateSortingList: "[Function]", updateFilterList: "[Function]"
 (6ms)
    ✓ 
  totalRecords: 10, page: 20, pageSize: 15, loading: true, error: true, showHead: true, showMenu: true, draggable: false, nestedRows: true, withPagination: true, withCheckbox: false, headCellTooltip: true, separator: false, showFilters: false, updateData: "[Function]", updateSchema: "[Function]", onSelect: "[Function]", onSelectAll: "[Function]", updateSortingList: "[Function]", updateFilterList: "[Function]"
 (5ms)
    ✓ 
  totalRecords: 10, page: 20, pageSize: 15, loading: true, error: true, showHead: true, showMenu: true, draggable: false, nestedRows: true, withPagination: true, withCheckbox: false, headCellTooltip: false, separator: true, showFilters: true, updateData: "[Function]", updateSchema: "[Function]", onSelect: "[Function]", onSelectAll: "[Function]", updateSortingList: "[Function]", updateFilterList: "[Function]"
 (3ms)
    ✓ 
  totalRecords: 10, page: 20, pageSize: 15, loading: true, error: true, showHead: true, showMenu: true, draggable: false, nestedRows: true, withPagination: true, withCheckbox: false, headCellTooltip: false, separator: true, showFilters: false, updateData: "[Function]", updateSchema: "[Function]", onSelect: "[Function]", onSelectAll: "[Function]", updateSortingList: "[Function]", updateFilterList: "[Function]"
 (7ms)
    ✓ 
  totalRecords: 10, page: 20, pageSize: 15, loading: true, error: true, showHead: true, showMenu: true, draggable: false, nestedRows: true, withPagination: true, withCheckbox: false, headCellTooltip: false, separator: false, showFilters: true, updateData: "[Function]", updateSchema: "[Function]", onSelect: "[Function]", onSelectAll: "[Function]", updateSortingList: "[Function]", updateFilterList: "[Function]"
 (6ms)
    ✓ 
  totalRecords: 10, page: 20, pageSize: 15, loading: true, error: true, showHead: true, showMenu: true, draggable: false, nestedRows: true, withPagination: true, withCheckbox: false, headCellTooltip: false, separator: false, showFilters: false, updateData: "[Function]", updateSchema: "[Function]", onSelect: "[Function]", onSelectAll: "[Function]", updateSortingList: "[Function]", updateFilterList: "[Function]"
 (3ms)
    ✓ 
  totalRecords: 10, page: 20, pageSize: 15, loading: true, error: true, showHead: true, showMenu: true, draggable: false, nestedRows: true, withPagination: false, withCheckbox: true, headCellTooltip: true, separator: true, showFilters: true, updateData: "[Function]", updateSchema: "[Function]", onSelect: "[Function]", onSelectAll: "[Function]", updateSortingList: "[Function]", updateFilterList: "[Function]"
 (1ms)
    ✓ 
  totalRecords: 10, page: 20, pageSize: 15, loading: true, error: true, showHead: true, showMenu: true, draggable: false, nestedRows: true, withPagination: false, withCheckbox: true, headCellTooltip: true, separator: true, showFilters: false, updateData: "[Function]", updateSchema: "[Function]", onSelect: "[Function]", onSelectAll: "[Function]", updateSortingList: "[Function]", updateFilterList: "[Function]"
 (1ms)
    ✓ 
  totalRecords: 10, page: 20, pageSize: 15, loading: true, error: true, showHead: true, showMenu: true, draggable: false, nestedRows: true, withPagination: false, withCheckbox: true, headCellTooltip: true, separator: false, showFilters: true, updateData: "[Function]", updateSchema: "[Function]", onSelect: "[Function]", onSelectAll: "[Function]", updateSortingList: "[Function]", updateFilterList: "[Function]"
 (2ms)
    ✓ 
  totalRecords: 10, page: 20, pageSize: 15, loading: true, error: true, showHead: true, showMenu: true, draggable: false, nestedRows: true, withPagination: false, withCheckbox: true, headCellTooltip: true, separator: false, showFilters: false, updateData: "[Function]", updateSchema: "[Function]", onSelect: "[Function]", onSelectAll: "[Function]", updateSortingList: "[Function]", updateFilterList: "[Function]"
 (5ms)
    ✓ 
  totalRecords: 10, page: 20, pageSize: 15, loading: true, error: true, showHead: true, showMenu: true, draggable: false, nestedRows: true, withPagination: false, withCheckbox: true, headCellTooltip: false, separator: true, showFilters: true, updateData: "[Function]", updateSchema: "[Function]", onSelect: "[Function]", onSelectAll: "[Function]", updateSortingList: "[Function]", updateFilterList: "[Function]"
 (5ms)
    ✓ 
  totalRecords: 10, page: 20, pageSize: 15, loading: true, error: true, showHead: true, showMenu: true, draggable: false, nestedRows: true, withPagination: false, withCheckbox: true, headCellTooltip: false, separator: true, showFilters: false, updateData: "[Function]", updateSchema: "[Function]", onSelect: "[Function]", onSelectAll: "[Function]", updateSortingList: "[Function]", updateFilterList: "[Function]"
 (6ms)
    ✓ 
  totalRecords: 10, page: 20, pageSize: 15, loading: true, error: true, showHead: true, showMenu: true, draggable: false, nestedRows: true, withPagination: false, withCheckbox: true, headCellTooltip: false, separator: false, showFilters: true, updateData: "[Function]", updateSchema: "[Function]", onSelect: "[Function]", onSelectAll: "[Function]", updateSortingList: "[Function]", updateFilterList: "[Function]"
 (4ms)
    ✓ 
  totalRecords: 10, page: 20, pageSize: 15, loading: true, error: true, showHead: true, showMenu: true, draggable: false, nestedRows: true, withPagination: false, withCheckbox: true, headCellTooltip: false, separator: false, showFilters: false, updateData: "[Function]", updateSchema: "[Function]", onSelect: "[Function]", onSelectAll: "[Function]", updateSortingList: "[Function]", updateFilterList: "[Function]"
 (2ms)
    ✓ 
  totalRecords: 10, page: 20, pageSize: 15, loading: true, error: true, showHead: true, showMenu: true, draggable: false, nestedRows: true, withPagination: false, withCheckbox: false, headCellTooltip: true, separator: true, showFilters: true, updateData: "[Function]", updateSchema: "[Function]", onSelect: "[Function]", onSelectAll: "[Function]", updateSortingList: "[Function]", updateFilterList: "[Function]"
 (1ms)
    ✓ 
  totalRecords: 10, page: 20, pageSize: 15, loading: true, error: true, showHead: true, showMenu: true, draggable: false, nestedRows: true, withPagination: false, withCheckbox: false, headCellTooltip: true, separator: true, showFilters: false, updateData: "[Function]", updateSchema: "[Function]", onSelect: "[Function]", onSelectAll: "[Function]", updateSortingList: "[Function]", updateFilterList: "[Function]"
 (2ms)
    ✓ 
  totalRecords: 10, page: 20, pageSize: 15, loading: true, error: true, showHead: true, showMenu: true, draggable: false, nestedRows: true, withPagination: false, withCheckbox: false, headCellTooltip: true, separator: false, showFilters: true, updateData: "[Function]", updateSchema: "[Function]", onSelect: "[Function]", onSelectAll: "[Function]", updateSortingList: "[Function]", updateFilterList: "[Function]"
 (3ms)
    ✓ 
  totalRecords: 10, page: 20, pageSize: 15, loading: true, error: true, showHead: true, showMenu: true, draggable: false, nestedRows: true, withPagination: false, withCheckbox: false, headCellTooltip: true, separator: false, showFilters: false, updateData: "[Function]", updateSchema: "[Function]", onSelect: "[Function]", onSelectAll: "[Function]", updateSortingList: "[Function]", updateFilterList: "[Function]"
 (7ms)
    ✓ 
  totalRecords: 10, page: 20, pageSize: 15, loading: true, error: true, showHead: true, showMenu: true, draggable: false, nestedRows: true, withPagination: false, withCheckbox: false, headCellTooltip: false, separator: true, showFilters: true, updateData: "[Function]", updateSchema: "[Function]", onSelect: "[Function]", onSelectAll: "[Function]", updateSortingList: "[Function]", updateFilterList: "[Function]"
 (4ms)
    ✓ 
  totalRecords: 10, page: 20, pageSize: 15, loading: true, error: true, showHead: true, showMenu: true, draggable: false, nestedRows: true, withPagination: false, withCheckbox: false, headCellTooltip: false, separator: true, showFilters: false, updateData: "[Function]", updateSchema: "[Function]", onSelect: "[Function]", onSelectAll: "[Function]", updateSortingList: "[Function]", updateFilterList: "[Function]"
 (2ms)
    ✓ 
  totalRecords: 10, page: 20, pageSize: 15, loading: true, error: true, showHead: true, showMenu: true, draggable: false, nestedRows: true, withPagination: false, withCheckbox: false, headCellTooltip: false, separator: false, showFilters: true, updateData: "[Function]", updateSchema: "[Function]", onSelect: "[Function]", onSelectAll: "[Function]", updateSortingList: "[Function]", updateFilterList: "[Function]"
 (5ms)
    ✓ 
  totalRecords: 10, page: 20, pageSize: 15, loading: true, error: true, showHead: true, showMenu: true, draggable: false, nestedRows: true, withPagination: false, withCheckbox: false, headCellTooltip: false, separator: false, showFilters: false, updateData: "[Function]", updateSchema: "[Function]", onSelect: "[Function]", onSelectAll: "[Function]", updateSortingList: "[Function]", updateFilterList: "[Function]"
 (5ms)
    ✓ 
  totalRecords: 10, page: 20, pageSize: 15, loading: true, error: true, showHead: true, showMenu: true, draggable: false, nestedRows: false, withPagination: true, withCheckbox: true, headCellTooltip: true, separator: true, showFilters: true, updateData: "[Function]", updateSchema: "[Function]", onSelect: "[Function]", onSelectAll: "[Function]", updateSortingList: "[Function]", updateFilterList: "[Function]"
 (2ms)
    ✓ 
  totalRecords: 10, page: 20, pageSize: 15, loading: true, error: true, showHead: true, showMenu: true, draggable: false, nestedRows: false, withPagination: true, withCheckbox: true, headCellTooltip: true, separator: true, showFilters: false, updateData: "[Function]", updateSchema: "[Function]", onSelect: "[Function]", onSelectAll: "[Function]", updateSortingList: "[Function]", updateFilterList: "[Function]"
 (4ms)
    ✓ 
  totalRecords: 10, page: 20, pageSize: 15, loading: true, error: true, showHead: true, showMenu: true, draggable: false, nestedRows: false, withPagination: true, withCheckbox: true, headCellTooltip: true, separator: false, showFilters: true, updateData: "[Function]", updateSchema: "[Function]", onSelect: "[Function]", onSelectAll: "[Function]", updateSortingList: "[Function]", updateFilterList: "[Function]"
 (5ms)
    ✓ 
  totalRecords: 10, page: 20, pageSize: 15, loading: true, error: true, showHead: true, showMenu: true, draggable: false, nestedRows: false, withPagination: true, withCheckbox: true, headCellTooltip: true, separator: false, showFilters: false, updateData: "[Function]", updateSchema: "[Function]", onSelect: "[Function]", onSelectAll: "[Function]", updateSortingList: "[Function]", updateFilterList: "[Function]"
 (7ms)
    ✓ 
  totalRecords: 10, page: 20, pageSize: 15, loading: true, error: true, showHead: true, showMenu: true, draggable: false, nestedRows: false, withPagination: true, withCheckbox: true, headCellTooltip: false, separator: true, showFilters: true, updateData: "[Function]", updateSchema: "[Function]", onSelect: "[Function]", onSelectAll: "[Function]", updateSortingList: "[Function]", updateFilterList: "[Function]"
 (5ms)
    ✓ 
  totalRecords: 10, page: 20, pageSize: 15, loading: true, error: true, showHead: true, showMenu: true, draggable: false, nestedRows: false, withPagination: true, withCheckbox: true, headCellTooltip: false, separator: true, showFilters: false, updateData: "[Function]", updateSchema: "[Function]", onSelect: "[Function]", onSelectAll: "[Function]", updateSortingList: "[Function]", updateFilterList: "[Function]"
 (2ms)
    ✓ 
  totalRecords: 10, page: 20, pageSize: 15, loading: true, error: true, showHead: true, showMenu: true, draggable: false, nestedRows: false, withPagination: true, withCheckbox: true, headCellTooltip: false, separator: false, showFilters: true, updateData: "[Function]", updateSchema: "[Function]", onSelect: "[Function]", onSelectAll: "[Function]", updateSortingList: "[Function]", updateFilterList: "[Function]"
 (3ms)
    ✓ 
  totalRecords: 10, page: 20, pageSize: 15, loading: true, error: true, showHead: true, showMenu: true, draggable: false, nestedRows: false, withPagination: true, withCheckbox: true, headCellTooltip: false, separator: false, showFilters: false, updateData: "[Function]", updateSchema: "[Function]", onSelect: "[Function]", onSelectAll: "[Function]", updateSortingList: "[Function]", updateFilterList: "[Function]"
 (2ms)
    ✓ 
  totalRecords: 10, page: 20, pageSize: 15, loading: true, error: true, showHead: true, showMenu: true, draggable: false, nestedRows: false, withPagination: true, withCheckbox: false, headCellTooltip: true, separator: true, showFilters: true, updateData: "[Function]", updateSchema: "[Function]", onSelect: "[Function]", onSelectAll: "[Function]", updateSortingList: "[Function]", updateFilterList: "[Function]"
 (5ms)
    ✓ 
  totalRecords: 10, page: 20, pageSize: 15, loading: true, error: true, showHead: true, showMenu: true, draggable: false, nestedRows: false, withPagination: true, withCheckbox: false, headCellTooltip: true, separator: true, showFilters: false, updateData: "[Function]", updateSchema: "[Function]", onSelect: "[Function]", onSelectAll: "[Function]", updateSortingList: "[Function]", updateFilterList: "[Function]"
 (5ms)
    ✓ 
  totalRecords: 10, page: 20, pageSize: 15, loading: true, error: true, showHead: true, showMenu: true, draggable: false, nestedRows: false, withPagination: true, withCheckbox: false, headCellTooltip: true, separator: false, showFilters: true, updateData: "[Function]", updateSchema: "[Function]", onSelect: "[Function]", onSelectAll: "[Function]", updateSortingList: "[Function]", updateFilterList: "[Function]"
 (2ms)
    ✓ 
  totalRecords: 10, page: 20, pageSize: 15, loading: true, error: true, showHead: true, showMenu: true, draggable: false, nestedRows: false, withPagination: true, withCheckbox: false, headCellTooltip: true, separator: false, showFilters: false, updateData: "[Function]", updateSchema: "[Function]", onSelect: "[Function]", onSelectAll: "[Function]", updateSortingList: "[Function]", updateFilterList: "[Function]"
 (1ms)
    ✓ 
  totalRecords: 10, page: 20, pageSize: 15, loading: true, error: true, showHead: true, showMenu: true, draggable: false, nestedRows: false, withPagination: true, withCheckbox: false, headCellTooltip: false, separator: true, showFilters: true, updateData: "[Function]", updateSchema: "[Function]", onSelect: "[Function]", onSelectAll: "[Function]", updateSortingList: "[Function]", updateFilterList: "[Function]"
 (2ms)
    ✓ 
  totalRecords: 10, page: 20, pageSize: 15, loading: true, error: true, showHead: true, showMenu: true, draggable: false, nestedRows: false, withPagination: true, withCheckbox: false, headCellTooltip: false, separator: true, showFilters: false, updateData: "[Function]", updateSchema: "[Function]", onSelect: "[Function]", onSelectAll: "[Function]", updateSortingList: "[Function]", updateFilterList: "[Function]"
 (6ms)
    ✓ 
  totalRecords: 10, page: 20, pageSize: 15, loading: true, error: true, showHead: true, showMenu: true, draggable: false, nestedRows: false, withPagination: true, withCheckbox: false, headCellTooltip: false, separator: false, showFilters: true, updateData: "[Function]", updateSchema: "[Function]", onSelect: "[Function]", onSelectAll: "[Function]", updateSortingList: "[Function]", updateFilterList: "[Function]"
 (4ms)
    ✓ 
  totalRecords: 10, page: 20, pageSize: 15, loading: true, error: true, showHead: true, showMenu: true, draggable: false, nestedRows: false, withPagination: true, withCheckbox: false, headCellTooltip: false, separator: false, showFilters: false, updateData: "[Function]", updateSchema: "[Function]", onSelect: "[Function]", onSelectAll: "[Function]", updateSortingList: "[Function]", updateFilterList: "[Function]"
 (6ms)
    ✓ 
  totalRecords: 10, page: 20, pageSize: 15, loading: true, error: true, showHead: true, showMenu: true, draggable: false, nestedRows: false, withPagination: false, withCheckbox: true, headCellTooltip: true, separator: true, showFilters: true, updateData: "[Function]", updateSchema: "[Function]", onSelect: "[Function]", onSelectAll: "[Function]", updateSortingList: "[Function]", updateFilterList: "[Function]"
 (4ms)
    ✓ 
  totalRecords: 10, page: 20, pageSize: 15, loading: true, error: true, showHead: true, showMenu: true, draggable: false, nestedRows: false, withPagination: false, withCheckbox: true, headCellTooltip: true, separator: true, showFilters: false, updateData: "[Function]", updateSchema: "[Function]", onSelect: "[Function]", onSelectAll: "[Function]", updateSortingList: "[Function]", updateFilterList: "[Function]"
 (3ms)
    ✓ 
  totalRecords: 10, page: 20, pageSize: 15, loading: true, error: true, showHead: true, showMenu: true, draggable: false, nestedRows: false, withPagination: false, withCheckbox: true, headCellTooltip: true, separator: false, showFilters: true, updateData: "[Function]", updateSchema: "[Function]", onSelect: "[Function]", onSelectAll: "[Function]", updateSortingList: "[Function]", updateFilterList: "[Function]"
 (4ms)
    ✓ 
  totalRecords: 10, page: 20, pageSize: 15, loading: true, error: true, showHead: true, showMenu: true, draggable: false, nestedRows: false, withPagination: false, withCheckbox: true, headCellTooltip: true, separator: false, showFilters: false, updateData: "[Function]", updateSchema: "[Function]", onSelect: "[Function]", onSelectAll: "[Function]", updateSortingList: "[Function]", updateFilterList: "[Function]"
 (4ms)
    ✓ 
  totalRecords: 10, page: 20, pageSize: 15, loading: true, error: true, showHead: true, showMenu: true, draggable: false, nestedRows: false, withPagination: false, withCheckbox: true, headCellTooltip: false, separator: true, showFilters: true, updateData: "[Function]", updateSchema: "[Function]", onSelect: "[Function]", onSelectAll: "[Function]", updateSortingList: "[Function]", updateFilterList: "[Function]"
 (6ms)
    ✓ 
  totalRecords: 10, page: 20, pageSize: 15, loading: true, error: true, showHead: true, showMenu: true, draggable: false, nestedRows: false, withPagination: false, withCheckbox: true, headCellTooltip: false, separator: true, showFilters: false, updateData: "[Function]", updateSchema: "[Function]", onSelect: "[Function]", onSelectAll: "[Function]", updateSortingList: "[Function]", updateFilterList: "[Function]"
 (2ms)
    ✓ 
  totalRecords: 10, page: 20, pageSize: 15, loading: true, error: true, showHead: true, showMenu: true, draggable: false, nestedRows: false, withPagination: false, withCheckbox: true, headCellTooltip: false, separator: false, showFilters: true, updateData: "[Function]", updateSchema: "[Function]", onSelect: "[Function]", onSelectAll: "[Function]", updateSortingList: "[Function]", updateFilterList: "[Function]"
 (2ms)
    ✓ 
  totalRecords: 10, page: 20, pageSize: 15, loading: true, error: true, showHead: true, showMenu: true, draggable: false, nestedRows: false, withPagination: false, withCheckbox: true, headCellTooltip: false, separator: false, showFilters: false, updateData: "[Function]", updateSchema: "[Function]", onSelect: "[Function]", onSelectAll: "[Function]", updateSortingList: "[Function]", updateFilterList: "[Function]"
 (1ms)
    ✓ 
  totalRecords: 10, page: 20, pageSize: 15, loading: true, error: true, showHead: true, showMenu: true, draggable: false, nestedRows: false, withPagination: false, withCheckbox: false, headCellTooltip: true, separator: true, showFilters: true, updateData: "[Function]", updateSchema: "[Function]", onSelect: "[Function]", onSelectAll: "[Function]", updateSortingList: "[Function]", updateFilterList: "[Function]"
 (4ms)
    ✓ 
  totalRecords: 10, page: 20, pageSize: 15, loading: true, error: true, showHead: true, showMenu: true, draggable: false, nestedRows: false, withPagination: false, withCheckbox: false, headCellTooltip: true, separator: true, showFilters: false, updateData: "[Function]", updateSchema: "[Function]", onSelect: "[Function]", onSelectAll: "[Function]", updateSortingList: "[Function]", updateFilterList: "[Function]"
 (5ms)
    ✓ 
  totalRecords: 10, page: 20, pageSize: 15, loading: true, error: true, showHead: true, showMenu: true, draggable: false, nestedRows: false, withPagination: false, withCheckbox: false, headCellTooltip: true, separator: false, showFilters: true, updateData: "[Function]", updateSchema: "[Function]", onSelect: "[Function]", onSelectAll: "[Function]", updateSortingList: "[Function]", updateFilterList: "[Function]"
 (6ms)
    ✓ 
  totalRecords: 10, page: 20, pageSize: 15, loading: true, error: true, showHead: true, showMenu: true, draggable: false, nestedRows: false, withPagination: false, withCheckbox: false, headCellTooltip: true, separator: false, showFilters: false, updateData: "[Function]", updateSchema: "[Function]", onSelect: "[Function]", onSelectAll: "[Function]", updateSortingList: "[Function]", updateFilterList: "[Function]"
 (2ms)
    ✓ 
  totalRecords: 10, page: 20, pageSize: 15, loading: true, error: true, showHead: true, showMenu: true, draggable: false, nestedRows: false, withPagination: false, withCheckbox: false, headCellTooltip: false, separator: true, showFilters: true, updateData: "[Function]", updateSchema: "[Function]", onSelect: "[Function]", onSelectAll: "[Function]", updateSortingList: "[Function]", updateFilterList: "[Function]"
 (2ms)
    ✓ 
  totalRecords: 10, page: 20, pageSize: 15, loading: true, error: true, showHead: true, showMenu: true, draggable: false, nestedRows: false, withPagination: false, withCheckbox: false, headCellTooltip: false, separator: true, showFilters: false, updateData: "[Function]", updateSchema: "[Function]", onSelect: "[Function]", onSelectAll: "[Function]", updateSortingList: "[Function]", updateFilterList: "[Function]"
 (2ms)
    ✓ 
  totalRecords: 10, page: 20, pageSize: 15, loading: true, error: true, showHead: true, showMenu: true, draggable: false, nestedRows: false, withPagination: false, withCheckbox: false, headCellTooltip: false, separator: false, showFilters: true, updateData: "[Function]", updateSchema: "[Function]", onSelect: "[Function]", onSelectAll: "[Function]", updateSortingList: "[Function]", updateFilterList: "[Function]"
 (5ms)
    ✓ 
  totalRecords: 10, page: 20, pageSize: 15, loading: true, error: true, showHead: true, showMenu: true, draggable: false, nestedRows: false, withPagination: false, withCheckbox: false, headCellTooltip: false, separator: false, showFilters: false, updateData: "[Function]", updateSchema: "[Function]", onSelect: "[Function]", onSelectAll: "[Function]", updateSortingList: "[Function]", updateFilterList: "[Function]"
 (5ms)
    ✓ 
  totalRecords: 10, page: 20, pageSize: 15, loading: true, error: true, showHead: true, showMenu: false, draggable: true, nestedRows: true, withPagination: true, withCheckbox: true, headCellTooltip: true, separator: true, showFilters: true, updateData: "[Function]", updateSchema: "[Function]", onSelect: "[Function]", onSelectAll: "[Function]", updateSortingList: "[Function]", updateFilterList: "[Function]"
 (1ms)
    ✓ 
  totalRecords: 10, page: 20, pageSize: 15, loading: true, error: true, showHead: true, showMenu: false, draggable: true, nestedRows: true, withPagination: true, withCheckbox: true, headCellTooltip: true, separator: true, showFilters: false, updateData: "[Function]", updateSchema: "[Function]", onSelect: "[Function]", onSelectAll: "[Function]", updateSortingList: "[Function]", updateFilterList: "[Function]"
 (6ms)
    ✓ 
  totalRecords: 10, page: 20, pageSize: 15, loading: true, error: true, showHead: true, showMenu: false, draggable: true, nestedRows: true, withPagination: true, withCheckbox: true, headCellTooltip: true, separator: false, showFilters: true, updateData: "[Function]", updateSchema: "[Function]", onSelect: "[Function]", onSelectAll: "[Function]", updateSortingList: "[Function]", updateFilterList: "[Function]"
 (5ms)
    ✓ 
  totalRecords: 10, page: 20, pageSize: 15, loading: true, error: true, showHead: true, showMenu: false, draggable: true, nestedRows: true, withPagination: true, withCheckbox: true, headCellTooltip: true, separator: false, showFilters: false, updateData: "[Function]", updateSchema: "[Function]", onSelect: "[Function]", onSelectAll: "[Function]", updateSortingList: "[Function]", updateFilterList: "[Function]"
 (6ms)
    ✓ 
  totalRecords: 10, page: 20, pageSize: 15, loading: true, error: true, showHead: true, showMenu: false, draggable: true, nestedRows: true, withPagination: true, withCheckbox: true, headCellTooltip: false, separator: true, showFilters: true, updateData: "[Function]", updateSchema: "[Function]", onSelect: "[Function]", onSelectAll: "[Function]", updateSortingList: "[Function]", updateFilterList: "[Function]"
 (4ms)
    ✓ 
  totalRecords: 10, page: 20, pageSize: 15, loading: true, error: true, showHead: true, showMenu: false, draggable: true, nestedRows: true, withPagination: true, withCheckbox: true, headCellTooltip: false, separator: true, showFilters: false, updateData: "[Function]", updateSchema: "[Function]", onSelect: "[Function]", onSelectAll: "[Function]", updateSortingList: "[Function]", updateFilterList: "[Function]"
 (7ms)
    ✓ 
  totalRecords: 10, page: 20, pageSize: 15, loading: true, error: true, showHead: true, showMenu: false, draggable: true, nestedRows: true, withPagination: true, withCheckbox: true, headCellTooltip: false, separator: false, showFilters: true, updateData: "[Function]", updateSchema: "[Function]", onSelect: "[Function]", onSelectAll: "[Function]", updateSortingList: "[Function]", updateFilterList: "[Function]"
 (2ms)
    ✓ 
  totalRecords: 10, page: 20, pageSize: 15, loading: true, error: true, showHead: true, showMenu: false, draggable: true, nestedRows: true, withPagination: true, withCheckbox: true, headCellTooltip: false, separator: false, showFilters: false, updateData: "[Function]", updateSchema: "[Function]", onSelect: "[Function]", onSelectAll: "[Function]", updateSortingList: "[Function]", updateFilterList: "[Function]"
 (1ms)
    ✓ 
  totalRecords: 10, page: 20, pageSize: 15, loading: true, error: true, showHead: true, showMenu: false, draggable: true, nestedRows: true, withPagination: true, withCheckbox: false, headCellTooltip: true, separator: true, showFilters: true, updateData: "[Function]", updateSchema: "[Function]", onSelect: "[Function]", onSelectAll: "[Function]", updateSortingList: "[Function]", updateFilterList: "[Function]"
 (5ms)
    ✓ 
  totalRecords: 10, page: 20, pageSize: 15, loading: true, error: true, showHead: true, showMenu: false, draggable: true, nestedRows: true, withPagination: true, withCheckbox: false, headCellTooltip: true, separator: true, showFilters: false, updateData: "[Function]", updateSchema: "[Function]", onSelect: "[Function]", onSelectAll: "[Function]", updateSortingList: "[Function]", updateFilterList: "[Function]"
 (2ms)
    ✓ 
  totalRecords: 10, page: 20, pageSize: 15, loading: true, error: true, showHead: true, showMenu: false, draggable: true, nestedRows: true, withPagination: true, withCheckbox: false, headCellTooltip: true, separator: false, showFilters: true, updateData: "[Function]", updateSchema: "[Function]", onSelect: "[Function]", onSelectAll: "[Function]", updateSortingList: "[Function]", updateFilterList: "[Function]"
 (6ms)
    ✓ 
  totalRecords: 10, page: 20, pageSize: 15, loading: true, error: true, showHead: true, showMenu: false, draggable: true, nestedRows: true, withPagination: true, withCheckbox: false, headCellTooltip: true, separator: false, showFilters: false, updateData: "[Function]", updateSchema: "[Function]", onSelect: "[Function]", onSelectAll: "[Function]", updateSortingList: "[Function]", updateFilterList: "[Function]"
 (3ms)
    ✓ 
  totalRecords: 10, page: 20, pageSize: 15, loading: true, error: true, showHead: true, showMenu: false, draggable: true, nestedRows: true, withPagination: true, withCheckbox: false, headCellTooltip: false, separator: true, showFilters: true, updateData: "[Function]", updateSchema: "[Function]", onSelect: "[Function]", onSelectAll: "[Function]", updateSortingList: "[Function]", updateFilterList: "[Function]"
 (1ms)
    ✓ 
  totalRecords: 10, page: 20, pageSize: 15, loading: true, error: true, showHead: true, showMenu: false, draggable: true, nestedRows: true, withPagination: true, withCheckbox: false, headCellTooltip: false, separator: true, showFilters: false, updateData: "[Function]", updateSchema: "[Function]", onSelect: "[Function]", onSelectAll: "[Function]", updateSortingList: "[Function]", updateFilterList: "[Function]"
 (2ms)
    ✓ 
  totalRecords: 10, page: 20, pageSize: 15, loading: true, error: true, showHead: true, showMenu: false, draggable: true, nestedRows: true, withPagination: true, withCheckbox: false, headCellTooltip: false, separator: false, showFilters: true, updateData: "[Function]", updateSchema: "[Function]", onSelect: "[Function]", onSelectAll: "[Function]", updateSortingList: "[Function]", updateFilterList: "[Function]"
 (1ms)
    ✓ 
  totalRecords: 10, page: 20, pageSize: 15, loading: true, error: true, showHead: true, showMenu: false, draggable: true, nestedRows: true, withPagination: true, withCheckbox: false, headCellTooltip: false, separator: false, showFilters: false, updateData: "[Function]", updateSchema: "[Function]", onSelect: "[Function]", onSelectAll: "[Function]", updateSortingList: "[Function]", updateFilterList: "[Function]"
 (7ms)
    ✓ 
  totalRecords: 10, page: 20, pageSize: 15, loading: true, error: true, showHead: true, showMenu: false, draggable: true, nestedRows: true, withPagination: false, withCheckbox: true, headCellTooltip: true, separator: true, showFilters: true, updateData: "[Function]", updateSchema: "[Function]", onSelect: "[Function]", onSelectAll: "[Function]", updateSortingList: "[Function]", updateFilterList: "[Function]"
 (3ms)
    ✓ 
  totalRecords: 10, page: 20, pageSize: 15, loading: true, error: true, showHead: true, showMenu: false, draggable: true, nestedRows: true, withPagination: false, withCheckbox: true, headCellTooltip: true, separator: true, showFilters: false, updateData: "[Function]", updateSchema: "[Function]", onSelect: "[Function]", onSelectAll: "[Function]", updateSortingList: "[Function]", updateFilterList: "[Function]"
 (2ms)
    ✓ 
  totalRecords: 10, page: 20, pageSize: 15, loading: true, error: true, showHead: true, showMenu: false, draggable: true, nestedRows: true, withPagination: false, withCheckbox: true, headCellTooltip: true, separator: false, showFilters: true, updateData: "[Function]", updateSchema: "[Function]", onSelect: "[Function]", onSelectAll: "[Function]", updateSortingList: "[Function]", updateFilterList: "[Function]"
 (1ms)
    ✓ 
  totalRecords: 10, page: 20, pageSize: 15, loading: true, error: true, showHead: true, showMenu: false, draggable: true, nestedRows: true, withPagination: false, withCheckbox: true, headCellTooltip: true, separator: false, showFilters: false, updateData: "[Function]", updateSchema: "[Function]", onSelect: "[Function]", onSelectAll: "[Function]", updateSortingList: "[Function]", updateFilterList: "[Function]"
 (3ms)
    ✓ 
  totalRecords: 10, page: 20, pageSize: 15, loading: true, error: true, showHead: true, showMenu: false, draggable: true, nestedRows: true, withPagination: false, withCheckbox: true, headCellTooltip: false, separator: true, showFilters: true, updateData: "[Function]", updateSchema: "[Function]", onSelect: "[Function]", onSelectAll: "[Function]", updateSortingList: "[Function]", updateFilterList: "[Function]"
 (2ms)
    ✓ 
  totalRecords: 10, page: 20, pageSize: 15, loading: true, error: true, showHead: true, showMenu: false, draggable: true, nestedRows: true, withPagination: false, withCheckbox: true, headCellTooltip: false, separator: true, showFilters: false, updateData: "[Function]", updateSchema: "[Function]", onSelect: "[Function]", onSelectAll: "[Function]", updateSortingList: "[Function]", updateFilterList: "[Function]"
 (2ms)
    ✓ 
  totalRecords: 10, page: 20, pageSize: 15, loading: true, error: true, showHead: true, showMenu: false, draggable: true, nestedRows: true, withPagination: false, withCheckbox: true, headCellTooltip: false, separator: false, showFilters: true, updateData: "[Function]", updateSchema: "[Function]", onSelect: "[Function]", onSelectAll: "[Function]", updateSortingList: "[Function]", updateFilterList: "[Function]"
 (1ms)
    ✓ 
  totalRecords: 10, page: 20, pageSize: 15, loading: true, error: true, showHead: true, showMenu: false, draggable: true, nestedRows: true, withPagination: false, withCheckbox: true, headCellTooltip: false, separator: false, showFilters: false, updateData: "[Function]", updateSchema: "[Function]", onSelect: "[Function]", onSelectAll: "[Function]", updateSortingList: "[Function]", updateFilterList: "[Function]"
 (4ms)
    ✓ 
  totalRecords: 10, page: 20, pageSize: 15, loading: true, error: true, showHead: true, showMenu: false, draggable: true, nestedRows: true, withPagination: false, withCheckbox: false, headCellTooltip: true, separator: true, showFilters: true, updateData: "[Function]", updateSchema: "[Function]", onSelect: "[Function]", onSelectAll: "[Function]", updateSortingList: "[Function]", updateFilterList: "[Function]"
 (2ms)
    ✓ 
  totalRecords: 10, page: 20, pageSize: 15, loading: true, error: true, showHead: true, showMenu: false, draggable: true, nestedRows: true, withPagination: false, withCheckbox: false, headCellTooltip: true, separator: true, showFilters: false, updateData: "[Function]", updateSchema: "[Function]", onSelect: "[Function]", onSelectAll: "[Function]", updateSortingList: "[Function]", updateFilterList: "[Function]"
 (1ms)
    ✓ 
  totalRecords: 10, page: 20, pageSize: 15, loading: true, error: true, showHead: true, showMenu: false, draggable: true, nestedRows: true, withPagination: false, withCheckbox: false, headCellTooltip: true, separator: false, showFilters: true, updateData: "[Function]", updateSchema: "[Function]", onSelect: "[Function]", onSelectAll: "[Function]", updateSortingList: "[Function]", updateFilterList: "[Function]"
 (2ms)
    ✓ 
  totalRecords: 10, page: 20, pageSize: 15, loading: true, error: true, showHead: true, showMenu: false, draggable: true, nestedRows: true, withPagination: false, withCheckbox: false, headCellTooltip: true, separator: false, showFilters: false, updateData: "[Function]", updateSchema: "[Function]", onSelect: "[Function]", onSelectAll: "[Function]", updateSortingList: "[Function]", updateFilterList: "[Function]"
 (3ms)
    ✓ 
  totalRecords: 10, page: 20, pageSize: 15, loading: true, error: true, showHead: true, showMenu: false, draggable: true, nestedRows: true, withPagination: false, withCheckbox: false, headCellTooltip: false, separator: true, showFilters: true, updateData: "[Function]", updateSchema: "[Function]", onSelect: "[Function]", onSelectAll: "[Function]", updateSortingList: "[Function]", updateFilterList: "[Function]"
 (3ms)
    ✓ 
  totalRecords: 10, page: 20, pageSize: 15, loading: true, error: true, showHead: true, showMenu: false, draggable: true, nestedRows: true, withPagination: false, withCheckbox: false, headCellTooltip: false, separator: true, showFilters: false, updateData: "[Function]", updateSchema: "[Function]", onSelect: "[Function]", onSelectAll: "[Function]", updateSortingList: "[Function]", updateFilterList: "[Function]"
 (4ms)
    ✓ 
  totalRecords: 10, page: 20, pageSize: 15, loading: true, error: true, showHead: true, showMenu: false, draggable: true, nestedRows: true, withPagination: false, withCheckbox: false, headCellTooltip: false, separator: false, showFilters: true, updateData: "[Function]", updateSchema: "[Function]", onSelect: "[Function]", onSelectAll: "[Function]", updateSortingList: "[Function]", updateFilterList: "[Function]"
 (3ms)
    ✓ 
  totalRecords: 10, page: 20, pageSize: 15, loading: true, error: true, showHead: true, showMenu: false, draggable: true, nestedRows: true, withPagination: false, withCheckbox: false, headCellTooltip: false, separator: false, showFilters: false, updateData: "[Function]", updateSchema: "[Function]", onSelect: "[Function]", onSelectAll: "[Function]", updateSortingList: "[Function]", updateFilterList: "[Function]"
 (3ms)
    ✓ 
  totalRecords: 10, page: 20, pageSize: 15, loading: true, error: true, showHead: true, showMenu: false, draggable: true, nestedRows: false, withPagination: true, withCheckbox: true, headCellTooltip: true, separator: true, showFilters: true, updateData: "[Function]", updateSchema: "[Function]", onSelect: "[Function]", onSelectAll: "[Function]", updateSortingList: "[Function]", updateFilterList: "[Function]"
 (2ms)
    ✓ 
  totalRecords: 10, page: 20, pageSize: 15, loading: true, error: true, showHead: true, showMenu: false, draggable: true, nestedRows: false, withPagination: true, withCheckbox: true, headCellTooltip: true, separator: true, showFilters: false, updateData: "[Function]", updateSchema: "[Function]", onSelect: "[Function]", onSelectAll: "[Function]", updateSortingList: "[Function]", updateFilterList: "[Function]"
 (6ms)
    ✓ 
  totalRecords: 10, page: 20, pageSize: 15, loading: true, error: true, showHead: true, showMenu: false, draggable: true, nestedRows: false, withPagination: true, withCheckbox: true, headCellTooltip: true, separator: false, showFilters: true, updateData: "[Function]", updateSchema: "[Function]", onSelect: "[Function]", onSelectAll: "[Function]", updateSortingList: "[Function]", updateFilterList: "[Function]"
 (1ms)
    ✓ 
  totalRecords: 10, page: 20, pageSize: 15, loading: true, error: true, showHead: true, showMenu: false, draggable: true, nestedRows: false, withPagination: true, withCheckbox: true, headCellTooltip: true, separator: false, showFilters: false, updateData: "[Function]", updateSchema: "[Function]", onSelect: "[Function]", onSelectAll: "[Function]", updateSortingList: "[Function]", updateFilterList: "[Function]"
 (3ms)
    ✓ 
  totalRecords: 10, page: 20, pageSize: 15, loading: true, error: true, showHead: true, showMenu: false, draggable: true, nestedRows: false, withPagination: true, withCheckbox: true, headCellTooltip: false, separator: true, showFilters: true, updateData: "[Function]", updateSchema: "[Function]", onSelect: "[Function]", onSelectAll: "[Function]", updateSortingList: "[Function]", updateFilterList: "[Function]"
 (3ms)
    ✓ 
  totalRecords: 10, page: 20, pageSize: 15, loading: true, error: true, showHead: true, showMenu: false, draggable: true, nestedRows: false, withPagination: true, withCheckbox: true, headCellTooltip: false, separator: true, showFilters: false, updateData: "[Function]", updateSchema: "[Function]", onSelect: "[Function]", onSelectAll: "[Function]", updateSortingList: "[Function]", updateFilterList: "[Function]"
 (4ms)
    ✓ 
  totalRecords: 10, page: 20, pageSize: 15, loading: true, error: true, showHead: true, showMenu: false, draggable: true, nestedRows: false, withPagination: true, withCheckbox: true, headCellTooltip: false, separator: false, showFilters: true, updateData: "[Function]", updateSchema: "[Function]", onSelect: "[Function]", onSelectAll: "[Function]", updateSortingList: "[Function]", updateFilterList: "[Function]"
 (3ms)
    ✓ 
  totalRecords: 10, page: 20, pageSize: 15, loading: true, error: true, showHead: true, showMenu: false, draggable: true, nestedRows: false, withPagination: true, withCheckbox: true, headCellTooltip: false, separator: false, showFilters: false, updateData: "[Function]", updateSchema: "[Function]", onSelect: "[Function]", onSelectAll: "[Function]", updateSortingList: "[Function]", updateFilterList: "[Function]"
 (2ms)
    ✓ 
  totalRecords: 10, page: 20, pageSize: 15, loading: true, error: true, showHead: true, showMenu: false, draggable: true, nestedRows: false, withPagination: true, withCheckbox: false, headCellTooltip: true, separator: true, showFilters: true, updateData: "[Function]", updateSchema: "[Function]", onSelect: "[Function]", onSelectAll: "[Function]", updateSortingList: "[Function]", updateFilterList: "[Function]"
 (2ms)
    ✓ 
  totalRecords: 10, page: 20, pageSize: 15, loading: true, error: true, showHead: true, showMenu: false, draggable: true, nestedRows: false, withPagination: true, withCheckbox: false, headCellTooltip: true, separator: true, showFilters: false, updateData: "[Function]", updateSchema: "[Function]", onSelect: "[Function]", onSelectAll: "[Function]", updateSortingList: "[Function]", updateFilterList: "[Function]"
 (6ms)
    ✓ 
  totalRecords: 10, page: 20, pageSize: 15, loading: true, error: true, showHead: true, showMenu: false, draggable: true, nestedRows: false, withPagination: true, withCheckbox: false, headCellTooltip: true, separator: false, showFilters: true, updateData: "[Function]", updateSchema: "[Function]", onSelect: "[Function]", onSelectAll: "[Function]", updateSortingList: "[Function]", updateFilterList: "[Function]"
 (4ms)
    ✓ 
  totalRecords: 10, page: 20, pageSize: 15, loading: true, error: true, showHead: true, showMenu: false, draggable: true, nestedRows: false, withPagination: true, withCheckbox: false, headCellTooltip: true, separator: false, showFilters: false, updateData: "[Function]", updateSchema: "[Function]", onSelect: "[Function]", onSelectAll: "[Function]", updateSortingList: "[Function]", updateFilterList: "[Function]"
 (14ms)
    ✓ 
  totalRecords: 10, page: 20, pageSize: 15, loading: true, error: true, showHead: true, showMenu: false, draggable: true, nestedRows: false, withPagination: true, withCheckbox: false, headCellTooltip: false, separator: true, showFilters: true, updateData: "[Function]", updateSchema: "[Function]", onSelect: "[Function]", onSelectAll: "[Function]", updateSortingList: "[Function]", updateFilterList: "[Function]"
 (6ms)
    ✓ 
  totalRecords: 10, page: 20, pageSize: 15, loading: true, error: true, showHead: true, showMenu: false, draggable: true, nestedRows: false, withPagination: true, withCheckbox: false, headCellTooltip: false, separator: true, showFilters: false, updateData: "[Function]", updateSchema: "[Function]", onSelect: "[Function]", onSelectAll: "[Function]", updateSortingList: "[Function]", updateFilterList: "[Function]"
 (2ms)
    ✓ 
  totalRecords: 10, page: 20, pageSize: 15, loading: true, error: true, showHead: true, showMenu: false, draggable: true, nestedRows: false, withPagination: true, withCheckbox: false, headCellTooltip: false, separator: false, showFilters: true, updateData: "[Function]", updateSchema: "[Function]", onSelect: "[Function]", onSelectAll: "[Function]", updateSortingList: "[Function]", updateFilterList: "[Function]"
 (13ms)
    ✓ 
  totalRecords: 10, page: 20, pageSize: 15, loading: true, error: true, showHead: true, showMenu: false, draggable: true, nestedRows: false, withPagination: true, withCheckbox: false, headCellTooltip: false, separator: false, showFilters: false, updateData: "[Function]", updateSchema: "[Function]", onSelect: "[Function]", onSelectAll: "[Function]", updateSortingList: "[Function]", updateFilterList: "[Function]"
 (2ms)
    ✓ 
  totalRecords: 10, page: 20, pageSize: 15, loading: true, error: true, showHead: true, showMenu: false, draggable: true, nestedRows: false, withPagination: false, withCheckbox: true, headCellTooltip: true, separator: true, showFilters: true, updateData: "[Function]", updateSchema: "[Function]", onSelect: "[Function]", onSelectAll: "[Function]", updateSortingList: "[Function]", updateFilterList: "[Function]"
 (9ms)
    ✓ 
  totalRecords: 10, page: 20, pageSize: 15, loading: true, error: true, showHead: true, showMenu: false, draggable: true, nestedRows: false, withPagination: false, withCheckbox: true, headCellTooltip: true, separator: true, showFilters: false, updateData: "[Function]", updateSchema: "[Function]", onSelect: "[Function]", onSelectAll: "[Function]", updateSortingList: "[Function]", updateFilterList: "[Function]"
 (2ms)
    ✓ 
  totalRecords: 10, page: 20, pageSize: 15, loading: true, error: true, showHead: true, showMenu: false, draggable: true, nestedRows: false, withPagination: false, withCheckbox: true, headCellTooltip: true, separator: false, showFilters: true, updateData: "[Function]", updateSchema: "[Function]", onSelect: "[Function]", onSelectAll: "[Function]", updateSortingList: "[Function]", updateFilterList: "[Function]"
 (2ms)
    ✓ 
  totalRecords: 10, page: 20, pageSize: 15, loading: true, error: true, showHead: true, showMenu: false, draggable: true, nestedRows: false, withPagination: false, withCheckbox: true, headCellTooltip: true, separator: false, showFilters: false, updateData: "[Function]", updateSchema: "[Function]", onSelect: "[Function]", onSelectAll: "[Function]", updateSortingList: "[Function]", updateFilterList: "[Function]"
 (3ms)
    ✓ 
  totalRecords: 10, page: 20, pageSize: 15, loading: true, error: true, showHead: true, showMenu: false, draggable: true, nestedRows: false, withPagination: false, withCheckbox: true, headCellTooltip: false, separator: true, showFilters: true, updateData: "[Function]", updateSchema: "[Function]", onSelect: "[Function]", onSelectAll: "[Function]", updateSortingList: "[Function]", updateFilterList: "[Function]"
 (5ms)
    ✓ 
  totalRecords: 10, page: 20, pageSize: 15, loading: true, error: true, showHead: true, showMenu: false, draggable: true, nestedRows: false, withPagination: false, withCheckbox: true, headCellTooltip: false, separator: true, showFilters: false, updateData: "[Function]", updateSchema: "[Function]", onSelect: "[Function]", onSelectAll: "[Function]", updateSortingList: "[Function]", updateFilterList: "[Function]"
 (12ms)
    ✓ 
  totalRecords: 10, page: 20, pageSize: 15, loading: true, error: true, showHead: true, showMenu: false, draggable: true, nestedRows: false, withPagination: false, withCheckbox: true, headCellTooltip: false, separator: false, showFilters: true, updateData: "[Function]", updateSchema: "[Function]", onSelect: "[Function]", onSelectAll: "[Function]", updateSortingList: "[Function]", updateFilterList: "[Function]"
 (2ms)
    ✓ 
  totalRecords: 10, page: 20, pageSize: 15, loading: true, error: true, showHead: true, showMenu: false, draggable: true, nestedRows: false, withPagination: false, withCheckbox: true, headCellTooltip: false, separator: false, showFilters: false, updateData: "[Function]", updateSchema: "[Function]", onSelect: "[Function]", onSelectAll: "[Function]", updateSortingList: "[Function]", updateFilterList: "[Function]"
 (7ms)
    ✓ 
  totalRecords: 10, page: 20, pageSize: 15, loading: true, error: true, showHead: true, showMenu: false, draggable: true, nestedRows: false, withPagination: false, withCheckbox: false, headCellTooltip: true, separator: true, showFilters: true, updateData: "[Function]", updateSchema: "[Function]", onSelect: "[Function]", onSelectAll: "[Function]", updateSortingList: "[Function]", updateFilterList: "[Function]"
 (5ms)
    ✓ 
  totalRecords: 10, page: 20, pageSize: 15, loading: true, error: true, showHead: true, showMenu: false, draggable: true, nestedRows: false, withPagination: false, withCheckbox: false, headCellTooltip: true, separator: true, showFilters: false, updateData: "[Function]", updateSchema: "[Function]", onSelect: "[Function]", onSelectAll: "[Function]", updateSortingList: "[Function]", updateFilterList: "[Function]"
 (4ms)
    ✓ 
  totalRecords: 10, page: 20, pageSize: 15, loading: true, error: true, showHead: true, showMenu: false, draggable: true, nestedRows: false, withPagination: false, withCheckbox: false, headCellTooltip: true, separator: false, showFilters: true, updateData: "[Function]", updateSchema: "[Function]", onSelect: "[Function]", onSelectAll: "[Function]", updateSortingList: "[Function]", updateFilterList: "[Function]"
 (8ms)
    ✓ 
  totalRecords: 10, page: 20, pageSize: 15, loading: true, error: true, showHead: true, showMenu: false, draggable: true, nestedRows: false, withPagination: false, withCheckbox: false, headCellTooltip: true, separator: false, showFilters: false, updateData: "[Function]", updateSchema: "[Function]", onSelect: "[Function]", onSelectAll: "[Function]", updateSortingList: "[Function]", updateFilterList: "[Function]"
 (1ms)
    ✓ 
  totalRecords: 10, page: 20, pageSize: 15, loading: true, error: true, showHead: true, showMenu: false, draggable: true, nestedRows: false, withPagination: false, withCheckbox: false, headCellTooltip: false, separator: true, showFilters: true, updateData: "[Function]", updateSchema: "[Function]", onSelect: "[Function]", onSelectAll: "[Function]", updateSortingList: "[Function]", updateFilterList: "[Function]"
 (2ms)
    ✓ 
  totalRecords: 10, page: 20, pageSize: 15, loading: true, error: true, showHead: true, showMenu: false, draggable: true, nestedRows: false, withPagination: false, withCheckbox: false, headCellTooltip: false, separator: true, showFilters: false, updateData: "[Function]", updateSchema: "[Function]", onSelect: "[Function]", onSelectAll: "[Function]", updateSortingList: "[Function]", updateFilterList: "[Function]"
 (4ms)
    ✓ 
  totalRecords: 10, page: 20, pageSize: 15, loading: true, error: true, showHead: true, showMenu: false, draggable: true, nestedRows: false, withPagination: false, withCheckbox: false, headCellTooltip: false, separator: false, showFilters: true, updateData: "[Function]", updateSchema: "[Function]", onSelect: "[Function]", onSelectAll: "[Function]", updateSortingList: "[Function]", updateFilterList: "[Function]"
 (1ms)
    ✓ 
  totalRecords: 10, page: 20, pageSize: 15, loading: true, error: true, showHead: true, showMenu: false, draggable: true, nestedRows: false, withPagination: false, withCheckbox: false, headCellTooltip: false, separator: false, showFilters: false, updateData: "[Function]", updateSchema: "[Function]", onSelect: "[Function]", onSelectAll: "[Function]", updateSortingList: "[Function]", updateFilterList: "[Function]"
 (6ms)
    ✓ 
  totalRecords: 10, page: 20, pageSize: 15, loading: true, error: true, showHead: true, showMenu: false, draggable: false, nestedRows: true, withPagination: true, withCheckbox: true, headCellTooltip: true, separator: true, showFilters: true, updateData: "[Function]", updateSchema: "[Function]", onSelect: "[Function]", onSelectAll: "[Function]", updateSortingList: "[Function]", updateFilterList: "[Function]"
 (4ms)
    ✓ 
  totalRecords: 10, page: 20, pageSize: 15, loading: true, error: true, showHead: true, showMenu: false, draggable: false, nestedRows: true, withPagination: true, withCheckbox: true, headCellTooltip: true, separator: true, showFilters: false, updateData: "[Function]", updateSchema: "[Function]", onSelect: "[Function]", onSelectAll: "[Function]", updateSortingList: "[Function]", updateFilterList: "[Function]"
 (2ms)
    ✓ 
  totalRecords: 10, page: 20, pageSize: 15, loading: true, error: true, showHead: true, showMenu: false, draggable: false, nestedRows: true, withPagination: true, withCheckbox: true, headCellTooltip: true, separator: false, showFilters: true, updateData: "[Function]", updateSchema: "[Function]", onSelect: "[Function]", onSelectAll: "[Function]", updateSortingList: "[Function]", updateFilterList: "[Function]"
 (2ms)
    ✓ 
  totalRecords: 10, page: 20, pageSize: 15, loading: true, error: true, showHead: true, showMenu: false, draggable: false, nestedRows: true, withPagination: true, withCheckbox: true, headCellTooltip: true, separator: false, showFilters: false, updateData: "[Function]", updateSchema: "[Function]", onSelect: "[Function]", onSelectAll: "[Function]", updateSortingList: "[Function]", updateFilterList: "[Function]"
 (3ms)
    ✓ 
  totalRecords: 10, page: 20, pageSize: 15, loading: true, error: true, showHead: true, showMenu: false, draggable: false, nestedRows: true, withPagination: true, withCheckbox: true, headCellTooltip: false, separator: true, showFilters: true, updateData: "[Function]", updateSchema: "[Function]", onSelect: "[Function]", onSelectAll: "[Function]", updateSortingList: "[Function]", updateFilterList: "[Function]"
 (5ms)
    ✓ 
  totalRecords: 10, page: 20, pageSize: 15, loading: true, error: true, showHead: true, showMenu: false, draggable: false, nestedRows: true, withPagination: true, withCheckbox: true, headCellTooltip: false, separator: true, showFilters: false, updateData: "[Function]", updateSchema: "[Function]", onSelect: "[Function]", onSelectAll: "[Function]", updateSortingList: "[Function]", updateFilterList: "[Function]"
 (4ms)
    ✓ 
  totalRecords: 10, page: 20, pageSize: 15, loading: true, error: true, showHead: true, showMenu: false, draggable: false, nestedRows: true, withPagination: true, withCheckbox: true, headCellTooltip: false, separator: false, showFilters: true, updateData: "[Function]", updateSchema: "[Function]", onSelect: "[Function]", onSelectAll: "[Function]", updateSortingList: "[Function]", updateFilterList: "[Function]"
 (2ms)
    ✓ 
  totalRecords: 10, page: 20, pageSize: 15, loading: true, error: true, showHead: true, showMenu: false, draggable: false, nestedRows: true, withPagination: true, withCheckbox: true, headCellTooltip: false, separator: false, showFilters: false, updateData: "[Function]", updateSchema: "[Function]", onSelect: "[Function]", onSelectAll: "[Function]", updateSortingList: "[Function]", updateFilterList: "[Function]"
 (2ms)
    ✓ 
  totalRecords: 10, page: 20, pageSize: 15, loading: true, error: true, showHead: true, showMenu: false, draggable: false, nestedRows: true, withPagination: true, withCheckbox: false, headCellTooltip: true, separator: true, showFilters: true, updateData: "[Function]", updateSchema: "[Function]", onSelect: "[Function]", onSelectAll: "[Function]", updateSortingList: "[Function]", updateFilterList: "[Function]"
 (2ms)
    ✓ 
  totalRecords: 10, page: 20, pageSize: 15, loading: true, error: true, showHead: true, showMenu: false, draggable: false, nestedRows: true, withPagination: true, withCheckbox: false, headCellTooltip: true, separator: true, showFilters: false, updateData: "[Function]", updateSchema: "[Function]", onSelect: "[Function]", onSelectAll: "[Function]", updateSortingList: "[Function]", updateFilterList: "[Function]"
 (8ms)
    ✓ 
  totalRecords: 10, page: 20, pageSize: 15, loading: true, error: true, showHead: true, showMenu: false, draggable: false, nestedRows: true, withPagination: true, withCheckbox: false, headCellTooltip: true, separator: false, showFilters: true, updateData: "[Function]", updateSchema: "[Function]", onSelect: "[Function]", onSelectAll: "[Function]", updateSortingList: "[Function]", updateFilterList: "[Function]"
 (2ms)
    ✓ 
  totalRecords: 10, page: 20, pageSize: 15, loading: true, error: true, showHead: true, showMenu: false, draggable: false, nestedRows: true, withPagination: true, withCheckbox: false, headCellTooltip: true, separator: false, showFilters: false, updateData: "[Function]", updateSchema: "[Function]", onSelect: "[Function]", onSelectAll: "[Function]", updateSortingList: "[Function]", updateFilterList: "[Function]"
 (1ms)
    ✓ 
  totalRecords: 10, page: 20, pageSize: 15, loading: true, error: true, showHead: true, showMenu: false, draggable: false, nestedRows: true, withPagination: true, withCheckbox: false, headCellTooltip: false, separator: true, showFilters: true, updateData: "[Function]", updateSchema: "[Function]", onSelect: "[Function]", onSelectAll: "[Function]", updateSortingList: "[Function]", updateFilterList: "[Function]"
 (3ms)
    ✓ 
  totalRecords: 10, page: 20, pageSize: 15, loading: true, error: true, showHead: true, showMenu: false, draggable: false, nestedRows: true, withPagination: true, withCheckbox: false, headCellTooltip: false, separator: true, showFilters: false, updateData: "[Function]", updateSchema: "[Function]", onSelect: "[Function]", onSelectAll: "[Function]", updateSortingList: "[Function]", updateFilterList: "[Function]"
 (2ms)
    ✓ 
  totalRecords: 10, page: 20, pageSize: 15, loading: true, error: true, showHead: true, showMenu: false, draggable: false, nestedRows: true, withPagination: true, withCheckbox: false, headCellTooltip: false, separator: false, showFilters: true, updateData: "[Function]", updateSchema: "[Function]", onSelect: "[Function]", onSelectAll: "[Function]", updateSortingList: "[Function]", updateFilterList: "[Function]"
 (1ms)
    ✓ 
  totalRecords: 10, page: 20, pageSize: 15, loading: true, error: true, showHead: true, showMenu: false, draggable: false, nestedRows: true, withPagination: true, withCheckbox: false, headCellTooltip: false, separator: false, showFilters: false, updateData: "[Function]", updateSchema: "[Function]", onSelect: "[Function]", onSelectAll: "[Function]", updateSortingList: "[Function]", updateFilterList: "[Function]"
 (1ms)
    ✓ 
  totalRecords: 10, page: 20, pageSize: 15, loading: true, error: true, showHead: true, showMenu: false, draggable: false, nestedRows: true, withPagination: false, withCheckbox: true, headCellTooltip: true, separator: true, showFilters: true, updateData: "[Function]", updateSchema: "[Function]", onSelect: "[Function]", onSelectAll: "[Function]", updateSortingList: "[Function]", updateFilterList: "[Function]"
 (2ms)
    ✓ 
  totalRecords: 10, page: 20, pageSize: 15, loading: true, error: true, showHead: true, showMenu: false, draggable: false, nestedRows: true, withPagination: false, withCheckbox: true, headCellTooltip: true, separator: true, showFilters: false, updateData: "[Function]", updateSchema: "[Function]", onSelect: "[Function]", onSelectAll: "[Function]", updateSortingList: "[Function]", updateFilterList: "[Function]"
 (5ms)
    ✓ 
  totalRecords: 10, page: 20, pageSize: 15, loading: true, error: true, showHead: true, showMenu: false, draggable: false, nestedRows: true, withPagination: false, withCheckbox: true, headCellTooltip: true, separator: false, showFilters: true, updateData: "[Function]", updateSchema: "[Function]", onSelect: "[Function]", onSelectAll: "[Function]", updateSortingList: "[Function]", updateFilterList: "[Function]"
 (6ms)
    ✓ 
  totalRecords: 10, page: 20, pageSize: 15, loading: true, error: true, showHead: true, showMenu: false, draggable: false, nestedRows: true, withPagination: false, withCheckbox: true, headCellTooltip: true, separator: false, showFilters: false, updateData: "[Function]", updateSchema: "[Function]", onSelect: "[Function]", onSelectAll: "[Function]", updateSortingList: "[Function]", updateFilterList: "[Function]"
 (2ms)
    ✓ 
  totalRecords: 10, page: 20, pageSize: 15, loading: true, error: true, showHead: true, showMenu: false, draggable: false, nestedRows: true, withPagination: false, withCheckbox: true, headCellTooltip: false, separator: true, showFilters: true, updateData: "[Function]", updateSchema: "[Function]", onSelect: "[Function]", onSelectAll: "[Function]", updateSortingList: "[Function]", updateFilterList: "[Function]"
 (1ms)
    ✓ 
  totalRecords: 10, page: 20, pageSize: 15, loading: true, error: true, showHead: true, showMenu: false, draggable: false, nestedRows: true, withPagination: false, withCheckbox: true, headCellTooltip: false, separator: true, showFilters: false, updateData: "[Function]", updateSchema: "[Function]", onSelect: "[Function]", onSelectAll: "[Function]", updateSortingList: "[Function]", updateFilterList: "[Function]"
 (5ms)
    ✓ 
  totalRecords: 10, page: 20, pageSize: 15, loading: true, error: true, showHead: true, showMenu: false, draggable: false, nestedRows: true, withPagination: false, withCheckbox: true, headCellTooltip: false, separator: false, showFilters: true, updateData: "[Function]", updateSchema: "[Function]", onSelect: "[Function]", onSelectAll: "[Function]", updateSortingList: "[Function]", updateFilterList: "[Function]"
 (1ms)
    ✓ 
  totalRecords: 10, page: 20, pageSize: 15, loading: true, error: true, showHead: true, showMenu: false, draggable: false, nestedRows: true, withPagination: false, withCheckbox: true, headCellTooltip: false, separator: false, showFilters: false, updateData: "[Function]", updateSchema: "[Function]", onSelect: "[Function]", onSelectAll: "[Function]", updateSortingList: "[Function]", updateFilterList: "[Function]"
 (2ms)
    ✓ 
  totalRecords: 10, page: 20, pageSize: 15, loading: true, error: true, showHead: true, showMenu: false, draggable: false, nestedRows: true, withPagination: false, withCheckbox: false, headCellTooltip: true, separator: true, showFilters: true, updateData: "[Function]", updateSchema: "[Function]", onSelect: "[Function]", onSelectAll: "[Function]", updateSortingList: "[Function]", updateFilterList: "[Function]"
 (1ms)
    ✓ 
  totalRecords: 10, page: 20, pageSize: 15, loading: true, error: true, showHead: true, showMenu: false, draggable: false, nestedRows: true, withPagination: false, withCheckbox: false, headCellTooltip: true, separator: true, showFilters: false, updateData: "[Function]", updateSchema: "[Function]", onSelect: "[Function]", onSelectAll: "[Function]", updateSortingList: "[Function]", updateFilterList: "[Function]"
 (1ms)
    ✓ 
  totalRecords: 10, page: 20, pageSize: 15, loading: true, error: true, showHead: true, showMenu: false, draggable: false, nestedRows: true, withPagination: false, withCheckbox: false, headCellTooltip: true, separator: false, showFilters: true, updateData: "[Function]", updateSchema: "[Function]", onSelect: "[Function]", onSelectAll: "[Function]", updateSortingList: "[Function]", updateFilterList: "[Function]"
 (1ms)
    ✓ 
  totalRecords: 10, page: 20, pageSize: 15, loading: true, error: true, showHead: true, showMenu: false, draggable: false, nestedRows: true, withPagination: false, withCheckbox: false, headCellTooltip: true, separator: false, showFilters: false, updateData: "[Function]", updateSchema: "[Function]", onSelect: "[Function]", onSelectAll: "[Function]", updateSortingList: "[Function]", updateFilterList: "[Function]"
 (4ms)
    ✓ 
  totalRecords: 10, page: 20, pageSize: 15, loading: true, error: true, showHead: true, showMenu: false, draggable: false, nestedRows: true, withPagination: false, withCheckbox: false, headCellTooltip: false, separator: true, showFilters: true, updateData: "[Function]", updateSchema: "[Function]", onSelect: "[Function]", onSelectAll: "[Function]", updateSortingList: "[Function]", updateFilterList: "[Function]"
 (2ms)
    ✓ 
  totalRecords: 10, page: 20, pageSize: 15, loading: true, error: true, showHead: true, showMenu: false, draggable: false, nestedRows: true, withPagination: false, withCheckbox: false, headCellTooltip: false, separator: true, showFilters: false, updateData: "[Function]", updateSchema: "[Function]", onSelect: "[Function]", onSelectAll: "[Function]", updateSortingList: "[Function]", updateFilterList: "[Function]"
 (1ms)
    ✓ 
  totalRecords: 10, page: 20, pageSize: 15, loading: true, error: true, showHead: true, showMenu: false, draggable: false, nestedRows: true, withPagination: false, withCheckbox: false, headCellTooltip: false, separator: false, showFilters: true, updateData: "[Function]", updateSchema: "[Function]", onSelect: "[Function]", onSelectAll: "[Function]", updateSortingList: "[Function]", updateFilterList: "[Function]"
 (3ms)
    ✓ 
  totalRecords: 10, page: 20, pageSize: 15, loading: true, error: true, showHead: true, showMenu: false, draggable: false, nestedRows: true, withPagination: false, withCheckbox: false, headCellTooltip: false, separator: false, showFilters: false, updateData: "[Function]", updateSchema: "[Function]", onSelect: "[Function]", onSelectAll: "[Function]", updateSortingList: "[Function]", updateFilterList: "[Function]"
 (2ms)
    ✓ 
  totalRecords: 10, page: 20, pageSize: 15, loading: true, error: true, showHead: true, showMenu: false, draggable: false, nestedRows: false, withPagination: true, withCheckbox: true, headCellTooltip: true, separator: true, showFilters: true, updateData: "[Function]", updateSchema: "[Function]", onSelect: "[Function]", onSelectAll: "[Function]", updateSortingList: "[Function]", updateFilterList: "[Function]"
 (2ms)
    ✓ 
  totalRecords: 10, page: 20, pageSize: 15, loading: true, error: true, showHead: true, showMenu: false, draggable: false, nestedRows: false, withPagination: true, withCheckbox: true, headCellTooltip: true, separator: true, showFilters: false, updateData: "[Function]", updateSchema: "[Function]", onSelect: "[Function]", onSelectAll: "[Function]", updateSortingList: "[Function]", updateFilterList: "[Function]"
 (2ms)
    ✓ 
  totalRecords: 10, page: 20, pageSize: 15, loading: true, error: true, showHead: true, showMenu: false, draggable: false, nestedRows: false, withPagination: true, withCheckbox: true, headCellTooltip: true, separator: false, showFilters: true, updateData: "[Function]", updateSchema: "[Function]", onSelect: "[Function]", onSelectAll: "[Function]", updateSortingList: "[Function]", updateFilterList: "[Function]"
 (2ms)
    ✓ 
  totalRecords: 10, page: 20, pageSize: 15, loading: true, error: true, showHead: true, showMenu: false, draggable: false, nestedRows: false, withPagination: true, withCheckbox: true, headCellTooltip: true, separator: false, showFilters: false, updateData: "[Function]", updateSchema: "[Function]", onSelect: "[Function]", onSelectAll: "[Function]", updateSortingList: "[Function]", updateFilterList: "[Function]"
 (2ms)
    ✓ 
  totalRecords: 10, page: 20, pageSize: 15, loading: true, error: true, showHead: true, showMenu: false, draggable: false, nestedRows: false, withPagination: true, withCheckbox: true, headCellTooltip: false, separator: true, showFilters: true, updateData: "[Function]", updateSchema: "[Function]", onSelect: "[Function]", onSelectAll: "[Function]", updateSortingList: "[Function]", updateFilterList: "[Function]"
 (3ms)
    ✓ 
  totalRecords: 10, page: 20, pageSize: 15, loading: true, error: true, showHead: true, showMenu: false, draggable: false, nestedRows: false, withPagination: true, withCheckbox: true, headCellTooltip: false, separator: true, showFilters: false, updateData: "[Function]", updateSchema: "[Function]", onSelect: "[Function]", onSelectAll: "[Function]", updateSortingList: "[Function]", updateFilterList: "[Function]"
 (2ms)
    ✓ 
  totalRecords: 10, page: 20, pageSize: 15, loading: true, error: true, showHead: true, showMenu: false, draggable: false, nestedRows: false, withPagination: true, withCheckbox: true, headCellTooltip: false, separator: false, showFilters: true, updateData: "[Function]", updateSchema: "[Function]", onSelect: "[Function]", onSelectAll: "[Function]", updateSortingList: "[Function]", updateFilterList: "[Function]"
 (4ms)
    ✓ 
  totalRecords: 10, page: 20, pageSize: 15, loading: true, error: true, showHead: true, showMenu: false, draggable: false, nestedRows: false, withPagination: true, withCheckbox: true, headCellTooltip: false, separator: false, showFilters: false, updateData: "[Function]", updateSchema: "[Function]", onSelect: "[Function]", onSelectAll: "[Function]", updateSortingList: "[Function]", updateFilterList: "[Function]"
 (1ms)
    ✓ 
  totalRecords: 10, page: 20, pageSize: 15, loading: true, error: true, showHead: true, showMenu: false, draggable: false, nestedRows: false, withPagination: true, withCheckbox: false, headCellTooltip: true, separator: true, showFilters: true, updateData: "[Function]", updateSchema: "[Function]", onSelect: "[Function]", onSelectAll: "[Function]", updateSortingList: "[Function]", updateFilterList: "[Function]"
 (3ms)
    ✓ 
  totalRecords: 10, page: 20, pageSize: 15, loading: true, error: true, showHead: true, showMenu: false, draggable: false, nestedRows: false, withPagination: true, withCheckbox: false, headCellTooltip: true, separator: true, showFilters: false, updateData: "[Function]", updateSchema: "[Function]", onSelect: "[Function]", onSelectAll: "[Function]", updateSortingList: "[Function]", updateFilterList: "[Function]"
 (2ms)
    ✓ 
  totalRecords: 10, page: 20, pageSize: 15, loading: true, error: true, showHead: true, showMenu: false, draggable: false, nestedRows: false, withPagination: true, withCheckbox: false, headCellTooltip: true, separator: false, showFilters: true, updateData: "[Function]", updateSchema: "[Function]", onSelect: "[Function]", onSelectAll: "[Function]", updateSortingList: "[Function]", updateFilterList: "[Function]"
 (1ms)
    ✓ 
  totalRecords: 10, page: 20, pageSize: 15, loading: true, error: true, showHead: true, showMenu: false, draggable: false, nestedRows: false, withPagination: true, withCheckbox: false, headCellTooltip: true, separator: false, showFilters: false, updateData: "[Function]", updateSchema: "[Function]", onSelect: "[Function]", onSelectAll: "[Function]", updateSortingList: "[Function]", updateFilterList: "[Function]"
 (2ms)
    ✓ 
  totalRecords: 10, page: 20, pageSize: 15, loading: true, error: true, showHead: true, showMenu: false, draggable: false, nestedRows: false, withPagination: true, withCheckbox: false, headCellTooltip: false, separator: true, showFilters: true, updateData: "[Function]", updateSchema: "[Function]", onSelect: "[Function]", onSelectAll: "[Function]", updateSortingList: "[Function]", updateFilterList: "[Function]"
 (3ms)
    ✓ 
  totalRecords: 10, page: 20, pageSize: 15, loading: true, error: true, showHead: true, showMenu: false, draggable: false, nestedRows: false, withPagination: true, withCheckbox: false, headCellTooltip: false, separator: true, showFilters: false, updateData: "[Function]", updateSchema: "[Function]", onSelect: "[Function]", onSelectAll: "[Function]", updateSortingList: "[Function]", updateFilterList: "[Function]"
 (9ms)
    ✓ 
  totalRecords: 10, page: 20, pageSize: 15, loading: true, error: true, showHead: true, showMenu: false, draggable: false, nestedRows: false, withPagination: true, withCheckbox: false, headCellTooltip: false, separator: false, showFilters: true, updateData: "[Function]", updateSchema: "[Function]", onSelect: "[Function]", onSelectAll: "[Function]", updateSortingList: "[Function]", updateFilterList: "[Function]"
 (2ms)
    ✓ 
  totalRecords: 10, page: 20, pageSize: 15, loading: true, error: true, showHead: true, showMenu: false, draggable: false, nestedRows: false, withPagination: true, withCheckbox: false, headCellTooltip: false, separator: false, showFilters: false, updateData: "[Function]", updateSchema: "[Function]", onSelect: "[Function]", onSelectAll: "[Function]", updateSortingList: "[Function]", updateFilterList: "[Function]"
 (2ms)
    ✓ 
  totalRecords: 10, page: 20, pageSize: 15, loading: true, error: true, showHead: true, showMenu: false, draggable: false, nestedRows: false, withPagination: false, withCheckbox: true, headCellTooltip: true, separator: true, showFilters: true, updateData: "[Function]", updateSchema: "[Function]", onSelect: "[Function]", onSelectAll: "[Function]", updateSortingList: "[Function]", updateFilterList: "[Function]"
 (2ms)
    ✓ 
  totalRecords: 10, page: 20, pageSize: 15, loading: true, error: true, showHead: true, showMenu: false, draggable: false, nestedRows: false, withPagination: false, withCheckbox: true, headCellTooltip: true, separator: true, showFilters: false, updateData: "[Function]", updateSchema: "[Function]", onSelect: "[Function]", onSelectAll: "[Function]", updateSortingList: "[Function]", updateFilterList: "[Function]"
 (2ms)
    ✓ 
  totalRecords: 10, page: 20, pageSize: 15, loading: true, error: true, showHead: true, showMenu: false, draggable: false, nestedRows: false, withPagination: false, withCheckbox: true, headCellTooltip: true, separator: false, showFilters: true, updateData: "[Function]", updateSchema: "[Function]", onSelect: "[Function]", onSelectAll: "[Function]", updateSortingList: "[Function]", updateFilterList: "[Function]"
 (3ms)
    ✓ 
  totalRecords: 10, page: 20, pageSize: 15, loading: true, error: true, showHead: true, showMenu: false, draggable: false, nestedRows: false, withPagination: false, withCheckbox: true, headCellTooltip: true, separator: false, showFilters: false, updateData: "[Function]", updateSchema: "[Function]", onSelect: "[Function]", onSelectAll: "[Function]", updateSortingList: "[Function]", updateFilterList: "[Function]"
 (1ms)
    ✓ 
  totalRecords: 10, page: 20, pageSize: 15, loading: true, error: true, showHead: true, showMenu: false, draggable: false, nestedRows: false, withPagination: false, withCheckbox: true, headCellTooltip: false, separator: true, showFilters: true, updateData: "[Function]", updateSchema: "[Function]", onSelect: "[Function]", onSelectAll: "[Function]", updateSortingList: "[Function]", updateFilterList: "[Function]"
 (2ms)
    ✓ 
  totalRecords: 10, page: 20, pageSize: 15, loading: true, error: true, showHead: true, showMenu: false, draggable: false, nestedRows: false, withPagination: false, withCheckbox: true, headCellTooltip: false, separator: true, showFilters: false, updateData: "[Function]", updateSchema: "[Function]", onSelect: "[Function]", onSelectAll: "[Function]", updateSortingList: "[Function]", updateFilterList: "[Function]"
 (6ms)
    ✓ 
  totalRecords: 10, page: 20, pageSize: 15, loading: true, error: true, showHead: true, showMenu: false, draggable: false, nestedRows: false, withPagination: false, withCheckbox: true, headCellTooltip: false, separator: false, showFilters: true, updateData: "[Function]", updateSchema: "[Function]", onSelect: "[Function]", onSelectAll: "[Function]", updateSortingList: "[Function]", updateFilterList: "[Function]"
 (8ms)
    ✓ 
  totalRecords: 10, page: 20, pageSize: 15, loading: true, error: true, showHead: true, showMenu: false, draggable: false, nestedRows: false, withPagination: false, withCheckbox: true, headCellTooltip: false, separator: false, showFilters: false, updateData: "[Function]", updateSchema: "[Function]", onSelect: "[Function]", onSelectAll: "[Function]", updateSortingList: "[Function]", updateFilterList: "[Function]"
 (3ms)
    ✓ 
  totalRecords: 10, page: 20, pageSize: 15, loading: true, error: true, showHead: true, showMenu: false, draggable: false, nestedRows: false, withPagination: false, withCheckbox: false, headCellTooltip: true, separator: true, showFilters: true, updateData: "[Function]", updateSchema: "[Function]", onSelect: "[Function]", onSelectAll: "[Function]", updateSortingList: "[Function]", updateFilterList: "[Function]"
 (3ms)
    ✓ 
  totalRecords: 10, page: 20, pageSize: 15, loading: true, error: true, showHead: true, showMenu: false, draggable: false, nestedRows: false, withPagination: false, withCheckbox: false, headCellTooltip: true, separator: true, showFilters: false, updateData: "[Function]", updateSchema: "[Function]", onSelect: "[Function]", onSelectAll: "[Function]", updateSortingList: "[Function]", updateFilterList: "[Function]"
 (4ms)
    ✓ 
  totalRecords: 10, page: 20, pageSize: 15, loading: true, error: true, showHead: true, showMenu: false, draggable: false, nestedRows: false, withPagination: false, withCheckbox: false, headCellTooltip: true, separator: false, showFilters: true, updateData: "[Function]", updateSchema: "[Function]", onSelect: "[Function]", onSelectAll: "[Function]", updateSortingList: "[Function]", updateFilterList: "[Function]"
 (1ms)
    ✓ 
  totalRecords: 10, page: 20, pageSize: 15, loading: true, error: true, showHead: true, showMenu: false, draggable: false, nestedRows: false, withPagination: false, withCheckbox: false, headCellTooltip: true, separator: false, showFilters: false, updateData: "[Function]", updateSchema: "[Function]", onSelect: "[Function]", onSelectAll: "[Function]", updateSortingList: "[Function]", updateFilterList: "[Function]"
 (5ms)
    ✓ 
  totalRecords: 10, page: 20, pageSize: 15, loading: true, error: true, showHead: true, showMenu: false, draggable: false, nestedRows: false, withPagination: false, withCheckbox: false, headCellTooltip: false, separator: true, showFilters: true, updateData: "[Function]", updateSchema: "[Function]", onSelect: "[Function]", onSelectAll: "[Function]", updateSortingList: "[Function]", updateFilterList: "[Function]"
 (6ms)
    ✓ 
  totalRecords: 10, page: 20, pageSize: 15, loading: true, error: true, showHead: true, showMenu: false, draggable: false, nestedRows: false, withPagination: false, withCheckbox: false, headCellTooltip: false, separator: true, showFilters: false, updateData: "[Function]", updateSchema: "[Function]", onSelect: "[Function]", onSelectAll: "[Function]", updateSortingList: "[Function]", updateFilterList: "[Function]"
 (3ms)
    ✓ 
  totalRecords: 10, page: 20, pageSize: 15, loading: true, error: true, showHead: true, showMenu: false, draggable: false, nestedRows: false, withPagination: false, withCheckbox: false, headCellTooltip: false, separator: false, showFilters: true, updateData: "[Function]", updateSchema: "[Function]", onSelect: "[Function]", onSelectAll: "[Function]", updateSortingList: "[Function]", updateFilterList: "[Function]"
 (2ms)
    ✓ 
  totalRecords: 10, page: 20, pageSize: 15, loading: true, error: true, showHead: true, showMenu: false, draggable: false, nestedRows: false, withPagination: false, withCheckbox: false, headCellTooltip: false, separator: false, showFilters: false, updateData: "[Function]", updateSchema: "[Function]", onSelect: "[Function]", onSelectAll: "[Function]", updateSortingList: "[Function]", updateFilterList: "[Function]"
 (8ms)
    ✓ 
  totalRecords: 10, page: 20, pageSize: 15, loading: true, error: true, showHead: false, showMenu: true, draggable: true, nestedRows: true, withPagination: true, withCheckbox: true, headCellTooltip: true, separator: true, showFilters: true, updateData: "[Function]", updateSchema: "[Function]", onSelect: "[Function]", onSelectAll: "[Function]", updateSortingList: "[Function]", updateFilterList: "[Function]"
 (2ms)
    ✓ 
  totalRecords: 10, page: 20, pageSize: 15, loading: true, error: true, showHead: false, showMenu: true, draggable: true, nestedRows: true, withPagination: true, withCheckbox: true, headCellTooltip: true, separator: true, showFilters: false, updateData: "[Function]", updateSchema: "[Function]", onSelect: "[Function]", onSelectAll: "[Function]", updateSortingList: "[Function]", updateFilterList: "[Function]"
 (3ms)
    ✓ 
  totalRecords: 10, page: 20, pageSize: 15, loading: true, error: true, showHead: false, showMenu: true, draggable: true, nestedRows: true, withPagination: true, withCheckbox: true, headCellTooltip: true, separator: false, showFilters: true, updateData: "[Function]", updateSchema: "[Function]", onSelect: "[Function]", onSelectAll: "[Function]", updateSortingList: "[Function]", updateFilterList: "[Function]"
 (3ms)
    ✓ 
  totalRecords: 10, page: 20, pageSize: 15, loading: true, error: true, showHead: false, showMenu: true, draggable: true, nestedRows: true, withPagination: true, withCheckbox: true, headCellTooltip: true, separator: false, showFilters: false, updateData: "[Function]", updateSchema: "[Function]", onSelect: "[Function]", onSelectAll: "[Function]", updateSortingList: "[Function]", updateFilterList: "[Function]"
 (3ms)
    ✓ 
  totalRecords: 10, page: 20, pageSize: 15, loading: true, error: true, showHead: false, showMenu: true, draggable: true, nestedRows: true, withPagination: true, withCheckbox: true, headCellTooltip: false, separator: true, showFilters: true, updateData: "[Function]", updateSchema: "[Function]", onSelect: "[Function]", onSelectAll: "[Function]", updateSortingList: "[Function]", updateFilterList: "[Function]"
 (6ms)
    ✓ 
  totalRecords: 10, page: 20, pageSize: 15, loading: true, error: true, showHead: false, showMenu: true, draggable: true, nestedRows: true, withPagination: true, withCheckbox: true, headCellTooltip: false, separator: true, showFilters: false, updateData: "[Function]", updateSchema: "[Function]", onSelect: "[Function]", onSelectAll: "[Function]", updateSortingList: "[Function]", updateFilterList: "[Function]"
 (4ms)
    ✓ 
  totalRecords: 10, page: 20, pageSize: 15, loading: true, error: true, showHead: false, showMenu: true, draggable: true, nestedRows: true, withPagination: true, withCheckbox: true, headCellTooltip: false, separator: false, showFilters: true, updateData: "[Function]", updateSchema: "[Function]", onSelect: "[Function]", onSelectAll: "[Function]", updateSortingList: "[Function]", updateFilterList: "[Function]"
 (2ms)
    ✓ 
  totalRecords: 10, page: 20, pageSize: 15, loading: true, error: true, showHead: false, showMenu: true, draggable: true, nestedRows: true, withPagination: true, withCheckbox: true, headCellTooltip: false, separator: false, showFilters: false, updateData: "[Function]", updateSchema: "[Function]", onSelect: "[Function]", onSelectAll: "[Function]", updateSortingList: "[Function]", updateFilterList: "[Function]"
 (2ms)
    ✓ 
  totalRecords: 10, page: 20, pageSize: 15, loading: true, error: true, showHead: false, showMenu: true, draggable: true, nestedRows: true, withPagination: true, withCheckbox: false, headCellTooltip: true, separator: true, showFilters: true, updateData: "[Function]", updateSchema: "[Function]", onSelect: "[Function]", onSelectAll: "[Function]", updateSortingList: "[Function]", updateFilterList: "[Function]"
 (1ms)
    ✓ 
  totalRecords: 10, page: 20, pageSize: 15, loading: true, error: true, showHead: false, showMenu: true, draggable: true, nestedRows: true, withPagination: true, withCheckbox: false, headCellTooltip: true, separator: true, showFilters: false, updateData: "[Function]", updateSchema: "[Function]", onSelect: "[Function]", onSelectAll: "[Function]", updateSortingList: "[Function]", updateFilterList: "[Function]"
 (4ms)
    ✓ 
  totalRecords: 10, page: 20, pageSize: 15, loading: true, error: true, showHead: false, showMenu: true, draggable: true, nestedRows: true, withPagination: true, withCheckbox: false, headCellTooltip: true, separator: false, showFilters: true, updateData: "[Function]", updateSchema: "[Function]", onSelect: "[Function]", onSelectAll: "[Function]", updateSortingList: "[Function]", updateFilterList: "[Function]"
 (4ms)
    ✓ 
  totalRecords: 10, page: 20, pageSize: 15, loading: true, error: true, showHead: false, showMenu: true, draggable: true, nestedRows: true, withPagination: true, withCheckbox: false, headCellTooltip: true, separator: false, showFilters: false, updateData: "[Function]", updateSchema: "[Function]", onSelect: "[Function]", onSelectAll: "[Function]", updateSortingList: "[Function]", updateFilterList: "[Function]"
 (2ms)
    ✓ 
  totalRecords: 10, page: 20, pageSize: 15, loading: true, error: true, showHead: false, showMenu: true, draggable: true, nestedRows: true, withPagination: true, withCheckbox: false, headCellTooltip: false, separator: true, showFilters: true, updateData: "[Function]", updateSchema: "[Function]", onSelect: "[Function]", onSelectAll: "[Function]", updateSortingList: "[Function]", updateFilterList: "[Function]"
 (2ms)
    ✓ 
  totalRecords: 10, page: 20, pageSize: 15, loading: true, error: true, showHead: false, showMenu: true, draggable: true, nestedRows: true, withPagination: true, withCheckbox: false, headCellTooltip: false, separator: true, showFilters: false, updateData: "[Function]", updateSchema: "[Function]", onSelect: "[Function]", onSelectAll: "[Function]", updateSortingList: "[Function]", updateFilterList: "[Function]"
 (3ms)
    ✓ 
  totalRecords: 10, page: 20, pageSize: 15, loading: true, error: true, showHead: false, showMenu: true, draggable: true, nestedRows: true, withPagination: true, withCheckbox: false, headCellTooltip: false, separator: false, showFilters: true, updateData: "[Function]", updateSchema: "[Function]", onSelect: "[Function]", onSelectAll: "[Function]", updateSortingList: "[Function]", updateFilterList: "[Function]"
 (5ms)
    ✓ 
  totalRecords: 10, page: 20, pageSize: 15, loading: true, error: true, showHead: false, showMenu: true, draggable: true, nestedRows: true, withPagination: true, withCheckbox: false, headCellTooltip: false, separator: false, showFilters: false, updateData: "[Function]", updateSchema: "[Function]", onSelect: "[Function]", onSelectAll: "[Function]", updateSortingList: "[Function]", updateFilterList: "[Function]"
 (5ms)
    ✓ 
  totalRecords: 10, page: 20, pageSize: 15, loading: true, error: true, showHead: false, showMenu: true, draggable: true, nestedRows: true, withPagination: false, withCheckbox: true, headCellTooltip: true, separator: true, showFilters: true, updateData: "[Function]", updateSchema: "[Function]", onSelect: "[Function]", onSelectAll: "[Function]", updateSortingList: "[Function]", updateFilterList: "[Function]"
 (2ms)
    ✓ 
  totalRecords: 10, page: 20, pageSize: 15, loading: true, error: true, showHead: false, showMenu: true, draggable: true, nestedRows: true, withPagination: false, withCheckbox: true, headCellTooltip: true, separator: true, showFilters: false, updateData: "[Function]", updateSchema: "[Function]", onSelect: "[Function]", onSelectAll: "[Function]", updateSortingList: "[Function]", updateFilterList: "[Function]"
 (5ms)
    ✓ 
  totalRecords: 10, page: 20, pageSize: 15, loading: true, error: true, showHead: false, showMenu: true, draggable: true, nestedRows: true, withPagination: false, withCheckbox: true, headCellTooltip: true, separator: false, showFilters: true, updateData: "[Function]", updateSchema: "[Function]", onSelect: "[Function]", onSelectAll: "[Function]", updateSortingList: "[Function]", updateFilterList: "[Function]"
 (6ms)
    ✓ 
  totalRecords: 10, page: 20, pageSize: 15, loading: true, error: true, showHead: false, showMenu: true, draggable: true, nestedRows: true, withPagination: false, withCheckbox: true, headCellTooltip: true, separator: false, showFilters: false, updateData: "[Function]", updateSchema: "[Function]", onSelect: "[Function]", onSelectAll: "[Function]", updateSortingList: "[Function]", updateFilterList: "[Function]"
 (4ms)
    ✓ 
  totalRecords: 10, page: 20, pageSize: 15, loading: true, error: true, showHead: false, showMenu: true, draggable: true, nestedRows: true, withPagination: false, withCheckbox: true, headCellTooltip: false, separator: true, showFilters: true, updateData: "[Function]", updateSchema: "[Function]", onSelect: "[Function]", onSelectAll: "[Function]", updateSortingList: "[Function]", updateFilterList: "[Function]"
 (6ms)
    ✓ 
  totalRecords: 10, page: 20, pageSize: 15, loading: true, error: true, showHead: false, showMenu: true, draggable: true, nestedRows: true, withPagination: false, withCheckbox: true, headCellTooltip: false, separator: true, showFilters: false, updateData: "[Function]", updateSchema: "[Function]", onSelect: "[Function]", onSelectAll: "[Function]", updateSortingList: "[Function]", updateFilterList: "[Function]"
 (5ms)
    ✓ 
  totalRecords: 10, page: 20, pageSize: 15, loading: true, error: true, showHead: false, showMenu: true, draggable: true, nestedRows: true, withPagination: false, withCheckbox: true, headCellTooltip: false, separator: false, showFilters: true, updateData: "[Function]", updateSchema: "[Function]", onSelect: "[Function]", onSelectAll: "[Function]", updateSortingList: "[Function]", updateFilterList: "[Function]"
 (6ms)
    ✓ 
  totalRecords: 10, page: 20, pageSize: 15, loading: true, error: true, showHead: false, showMenu: true, draggable: true, nestedRows: true, withPagination: false, withCheckbox: true, headCellTooltip: false, separator: false, showFilters: false, updateData: "[Function]", updateSchema: "[Function]", onSelect: "[Function]", onSelectAll: "[Function]", updateSortingList: "[Function]", updateFilterList: "[Function]"
 (4ms)
    ✓ 
  totalRecords: 10, page: 20, pageSize: 15, loading: true, error: true, showHead: false, showMenu: true, draggable: true, nestedRows: true, withPagination: false, withCheckbox: false, headCellTooltip: true, separator: true, showFilters: true, updateData: "[Function]", updateSchema: "[Function]", onSelect: "[Function]", onSelectAll: "[Function]", updateSortingList: "[Function]", updateFilterList: "[Function]"
 (3ms)
    ✓ 
  totalRecords: 10, page: 20, pageSize: 15, loading: true, error: true, showHead: false, showMenu: true, draggable: true, nestedRows: true, withPagination: false, withCheckbox: false, headCellTooltip: true, separator: true, showFilters: false, updateData: "[Function]", updateSchema: "[Function]", onSelect: "[Function]", onSelectAll: "[Function]", updateSortingList: "[Function]", updateFilterList: "[Function]"
 (4ms)
    ✓ 
  totalRecords: 10, page: 20, pageSize: 15, loading: true, error: true, showHead: false, showMenu: true, draggable: true, nestedRows: true, withPagination: false, withCheckbox: false, headCellTooltip: true, separator: false, showFilters: true, updateData: "[Function]", updateSchema: "[Function]", onSelect: "[Function]", onSelectAll: "[Function]", updateSortingList: "[Function]", updateFilterList: "[Function]"
 (5ms)
    ✓ 
  totalRecords: 10, page: 20, pageSize: 15, loading: true, error: true, showHead: false, showMenu: true, draggable: true, nestedRows: true, withPagination: false, withCheckbox: false, headCellTooltip: true, separator: false, showFilters: false, updateData: "[Function]", updateSchema: "[Function]", onSelect: "[Function]", onSelectAll: "[Function]", updateSortingList: "[Function]", updateFilterList: "[Function]"
 (3ms)
    ✓ 
  totalRecords: 10, page: 20, pageSize: 15, loading: true, error: true, showHead: false, showMenu: true, draggable: true, nestedRows: true, withPagination: false, withCheckbox: false, headCellTooltip: false, separator: true, showFilters: true, updateData: "[Function]", updateSchema: "[Function]", onSelect: "[Function]", onSelectAll: "[Function]", updateSortingList: "[Function]", updateFilterList: "[Function]"
 (9ms)
    ✓ 
  totalRecords: 10, page: 20, pageSize: 15, loading: true, error: true, showHead: false, showMenu: true, draggable: true, nestedRows: true, withPagination: false, withCheckbox: false, headCellTooltip: false, separator: true, showFilters: false, updateData: "[Function]", updateSchema: "[Function]", onSelect: "[Function]", onSelectAll: "[Function]", updateSortingList: "[Function]", updateFilterList: "[Function]"
 (13ms)
    ✓ 
  totalRecords: 10, page: 20, pageSize: 15, loading: true, error: true, showHead: false, showMenu: true, draggable: true, nestedRows: true, withPagination: false, withCheckbox: false, headCellTooltip: false, separator: false, showFilters: true, updateData: "[Function]", updateSchema: "[Function]", onSelect: "[Function]", onSelectAll: "[Function]", updateSortingList: "[Function]", updateFilterList: "[Function]"
 (4ms)
    ✓ 
  totalRecords: 10, page: 20, pageSize: 15, loading: true, error: true, showHead: false, showMenu: true, draggable: true, nestedRows: true, withPagination: false, withCheckbox: false, headCellTooltip: false, separator: false, showFilters: false, updateData: "[Function]", updateSchema: "[Function]", onSelect: "[Function]", onSelectAll: "[Function]", updateSortingList: "[Function]", updateFilterList: "[Function]"
 (5ms)
    ✓ 
  totalRecords: 10, page: 20, pageSize: 15, loading: true, error: true, showHead: false, showMenu: true, draggable: true, nestedRows: false, withPagination: true, withCheckbox: true, headCellTooltip: true, separator: true, showFilters: true, updateData: "[Function]", updateSchema: "[Function]", onSelect: "[Function]", onSelectAll: "[Function]", updateSortingList: "[Function]", updateFilterList: "[Function]"
 (4ms)
    ✓ 
  totalRecords: 10, page: 20, pageSize: 15, loading: true, error: true, showHead: false, showMenu: true, draggable: true, nestedRows: false, withPagination: true, withCheckbox: true, headCellTooltip: true, separator: true, showFilters: false, updateData: "[Function]", updateSchema: "[Function]", onSelect: "[Function]", onSelectAll: "[Function]", updateSortingList: "[Function]", updateFilterList: "[Function]"
 (3ms)
    ✓ 
  totalRecords: 10, page: 20, pageSize: 15, loading: true, error: true, showHead: false, showMenu: true, draggable: true, nestedRows: false, withPagination: true, withCheckbox: true, headCellTooltip: true, separator: false, showFilters: true, updateData: "[Function]", updateSchema: "[Function]", onSelect: "[Function]", onSelectAll: "[Function]", updateSortingList: "[Function]", updateFilterList: "[Function]"
 (4ms)
    ✓ 
  totalRecords: 10, page: 20, pageSize: 15, loading: true, error: true, showHead: false, showMenu: true, draggable: true, nestedRows: false, withPagination: true, withCheckbox: true, headCellTooltip: true, separator: false, showFilters: false, updateData: "[Function]", updateSchema: "[Function]", onSelect: "[Function]", onSelectAll: "[Function]", updateSortingList: "[Function]", updateFilterList: "[Function]"
 (4ms)
    ✓ 
  totalRecords: 10, page: 20, pageSize: 15, loading: true, error: true, showHead: false, showMenu: true, draggable: true, nestedRows: false, withPagination: true, withCheckbox: true, headCellTooltip: false, separator: true, showFilters: true, updateData: "[Function]", updateSchema: "[Function]", onSelect: "[Function]", onSelectAll: "[Function]", updateSortingList: "[Function]", updateFilterList: "[Function]"
 (1ms)
    ✓ 
  totalRecords: 10, page: 20, pageSize: 15, loading: true, error: true, showHead: false, showMenu: true, draggable: true, nestedRows: false, withPagination: true, withCheckbox: true, headCellTooltip: false, separator: true, showFilters: false, updateData: "[Function]", updateSchema: "[Function]", onSelect: "[Function]", onSelectAll: "[Function]", updateSortingList: "[Function]", updateFilterList: "[Function]"
 (7ms)
    ✓ 
  totalRecords: 10, page: 20, pageSize: 15, loading: true, error: true, showHead: false, showMenu: true, draggable: true, nestedRows: false, withPagination: true, withCheckbox: true, headCellTooltip: false, separator: false, showFilters: true, updateData: "[Function]", updateSchema: "[Function]", onSelect: "[Function]", onSelectAll: "[Function]", updateSortingList: "[Function]", updateFilterList: "[Function]"
 (8ms)
    ✓ 
  totalRecords: 10, page: 20, pageSize: 15, loading: true, error: true, showHead: false, showMenu: true, draggable: true, nestedRows: false, withPagination: true, withCheckbox: true, headCellTooltip: false, separator: false, showFilters: false, updateData: "[Function]", updateSchema: "[Function]", onSelect: "[Function]", onSelectAll: "[Function]", updateSortingList: "[Function]", updateFilterList: "[Function]"
 (5ms)
    ✓ 
  totalRecords: 10, page: 20, pageSize: 15, loading: true, error: true, showHead: false, showMenu: true, draggable: true, nestedRows: false, withPagination: true, withCheckbox: false, headCellTooltip: true, separator: true, showFilters: true, updateData: "[Function]", updateSchema: "[Function]", onSelect: "[Function]", onSelectAll: "[Function]", updateSortingList: "[Function]", updateFilterList: "[Function]"
 (5ms)
    ✓ 
  totalRecords: 10, page: 20, pageSize: 15, loading: true, error: true, showHead: false, showMenu: true, draggable: true, nestedRows: false, withPagination: true, withCheckbox: false, headCellTooltip: true, separator: true, showFilters: false, updateData: "[Function]", updateSchema: "[Function]", onSelect: "[Function]", onSelectAll: "[Function]", updateSortingList: "[Function]", updateFilterList: "[Function]"
 (10ms)
    ✓ 
  totalRecords: 10, page: 20, pageSize: 15, loading: true, error: true, showHead: false, showMenu: true, draggable: true, nestedRows: false, withPagination: true, withCheckbox: false, headCellTooltip: true, separator: false, showFilters: true, updateData: "[Function]", updateSchema: "[Function]", onSelect: "[Function]", onSelectAll: "[Function]", updateSortingList: "[Function]", updateFilterList: "[Function]"
 (3ms)
    ✓ 
  totalRecords: 10, page: 20, pageSize: 15, loading: true, error: true, showHead: false, showMenu: true, draggable: true, nestedRows: false, withPagination: true, withCheckbox: false, headCellTooltip: true, separator: false, showFilters: false, updateData: "[Function]", updateSchema: "[Function]", onSelect: "[Function]", onSelectAll: "[Function]", updateSortingList: "[Function]", updateFilterList: "[Function]"
 (3ms)
    ✓ 
  totalRecords: 10, page: 20, pageSize: 15, loading: true, error: true, showHead: false, showMenu: true, draggable: true, nestedRows: false, withPagination: true, withCheckbox: false, headCellTooltip: false, separator: true, showFilters: true, updateData: "[Function]", updateSchema: "[Function]", onSelect: "[Function]", onSelectAll: "[Function]", updateSortingList: "[Function]", updateFilterList: "[Function]"
 (1ms)
    ✓ 
  totalRecords: 10, page: 20, pageSize: 15, loading: true, error: true, showHead: false, showMenu: true, draggable: true, nestedRows: false, withPagination: true, withCheckbox: false, headCellTooltip: false, separator: true, showFilters: false, updateData: "[Function]", updateSchema: "[Function]", onSelect: "[Function]", onSelectAll: "[Function]", updateSortingList: "[Function]", updateFilterList: "[Function]"
 (6ms)
    ✓ 
  totalRecords: 10, page: 20, pageSize: 15, loading: true, error: true, showHead: false, showMenu: true, draggable: true, nestedRows: false, withPagination: true, withCheckbox: false, headCellTooltip: false, separator: false, showFilters: true, updateData: "[Function]", updateSchema: "[Function]", onSelect: "[Function]", onSelectAll: "[Function]", updateSortingList: "[Function]", updateFilterList: "[Function]"
 (4ms)
    ✓ 
  totalRecords: 10, page: 20, pageSize: 15, loading: true, error: true, showHead: false, showMenu: true, draggable: true, nestedRows: false, withPagination: true, withCheckbox: false, headCellTooltip: false, separator: false, showFilters: false, updateData: "[Function]", updateSchema: "[Function]", onSelect: "[Function]", onSelectAll: "[Function]", updateSortingList: "[Function]", updateFilterList: "[Function]"
 (5ms)
    ✓ 
  totalRecords: 10, page: 20, pageSize: 15, loading: true, error: true, showHead: false, showMenu: true, draggable: true, nestedRows: false, withPagination: false, withCheckbox: true, headCellTooltip: true, separator: true, showFilters: true, updateData: "[Function]", updateSchema: "[Function]", onSelect: "[Function]", onSelectAll: "[Function]", updateSortingList: "[Function]", updateFilterList: "[Function]"
 (3ms)
    ✓ 
  totalRecords: 10, page: 20, pageSize: 15, loading: true, error: true, showHead: false, showMenu: true, draggable: true, nestedRows: false, withPagination: false, withCheckbox: true, headCellTooltip: true, separator: true, showFilters: false, updateData: "[Function]", updateSchema: "[Function]", onSelect: "[Function]", onSelectAll: "[Function]", updateSortingList: "[Function]", updateFilterList: "[Function]"
 (4ms)
    ✓ 
  totalRecords: 10, page: 20, pageSize: 15, loading: true, error: true, showHead: false, showMenu: true, draggable: true, nestedRows: false, withPagination: false, withCheckbox: true, headCellTooltip: true, separator: false, showFilters: true, updateData: "[Function]", updateSchema: "[Function]", onSelect: "[Function]", onSelectAll: "[Function]", updateSortingList: "[Function]", updateFilterList: "[Function]"
 (4ms)
    ✓ 
  totalRecords: 10, page: 20, pageSize: 15, loading: true, error: true, showHead: false, showMenu: true, draggable: true, nestedRows: false, withPagination: false, withCheckbox: true, headCellTooltip: true, separator: false, showFilters: false, updateData: "[Function]", updateSchema: "[Function]", onSelect: "[Function]", onSelectAll: "[Function]", updateSortingList: "[Function]", updateFilterList: "[Function]"
 (1ms)
    ✓ 
  totalRecords: 10, page: 20, pageSize: 15, loading: true, error: true, showHead: false, showMenu: true, draggable: true, nestedRows: false, withPagination: false, withCheckbox: true, headCellTooltip: false, separator: true, showFilters: true, updateData: "[Function]", updateSchema: "[Function]", onSelect: "[Function]", onSelectAll: "[Function]", updateSortingList: "[Function]", updateFilterList: "[Function]"
 (2ms)
    ✓ 
  totalRecords: 10, page: 20, pageSize: 15, loading: true, error: true, showHead: false, showMenu: true, draggable: true, nestedRows: false, withPagination: false, withCheckbox: true, headCellTooltip: false, separator: true, showFilters: false, updateData: "[Function]", updateSchema: "[Function]", onSelect: "[Function]", onSelectAll: "[Function]", updateSortingList: "[Function]", updateFilterList: "[Function]"
 (2ms)
    ✓ 
  totalRecords: 10, page: 20, pageSize: 15, loading: true, error: true, showHead: false, showMenu: true, draggable: true, nestedRows: false, withPagination: false, withCheckbox: true, headCellTooltip: false, separator: false, showFilters: true, updateData: "[Function]", updateSchema: "[Function]", onSelect: "[Function]", onSelectAll: "[Function]", updateSortingList: "[Function]", updateFilterList: "[Function]"
 (7ms)
    ✓ 
  totalRecords: 10, page: 20, pageSize: 15, loading: true, error: true, showHead: false, showMenu: true, draggable: true, nestedRows: false, withPagination: false, withCheckbox: true, headCellTooltip: false, separator: false, showFilters: false, updateData: "[Function]", updateSchema: "[Function]", onSelect: "[Function]", onSelectAll: "[Function]", updateSortingList: "[Function]", updateFilterList: "[Function]"
 (2ms)
    ✓ 
  totalRecords: 10, page: 20, pageSize: 15, loading: true, error: true, showHead: false, showMenu: true, draggable: true, nestedRows: false, withPagination: false, withCheckbox: false, headCellTooltip: true, separator: true, showFilters: true, updateData: "[Function]", updateSchema: "[Function]", onSelect: "[Function]", onSelectAll: "[Function]", updateSortingList: "[Function]", updateFilterList: "[Function]"
 (2ms)
    ✓ 
  totalRecords: 10, page: 20, pageSize: 15, loading: true, error: true, showHead: false, showMenu: true, draggable: true, nestedRows: false, withPagination: false, withCheckbox: false, headCellTooltip: true, separator: true, showFilters: false, updateData: "[Function]", updateSchema: "[Function]", onSelect: "[Function]", onSelectAll: "[Function]", updateSortingList: "[Function]", updateFilterList: "[Function]"
 (6ms)
    ✓ 
  totalRecords: 10, page: 20, pageSize: 15, loading: true, error: true, showHead: false, showMenu: true, draggable: true, nestedRows: false, withPagination: false, withCheckbox: false, headCellTooltip: true, separator: false, showFilters: true, updateData: "[Function]", updateSchema: "[Function]", onSelect: "[Function]", onSelectAll: "[Function]", updateSortingList: "[Function]", updateFilterList: "[Function]"
 (5ms)
    ✓ 
  totalRecords: 10, page: 20, pageSize: 15, loading: true, error: true, showHead: false, showMenu: true, draggable: true, nestedRows: false, withPagination: false, withCheckbox: false, headCellTooltip: true, separator: false, showFilters: false, updateData: "[Function]", updateSchema: "[Function]", onSelect: "[Function]", onSelectAll: "[Function]", updateSortingList: "[Function]", updateFilterList: "[Function]"
 (5ms)
    ✓ 
  totalRecords: 10, page: 20, pageSize: 15, loading: true, error: true, showHead: false, showMenu: true, draggable: true, nestedRows: false, withPagination: false, withCheckbox: false, headCellTooltip: false, separator: true, showFilters: true, updateData: "[Function]", updateSchema: "[Function]", onSelect: "[Function]", onSelectAll: "[Function]", updateSortingList: "[Function]", updateFilterList: "[Function]"
 (2ms)
    ✓ 
  totalRecords: 10, page: 20, pageSize: 15, loading: true, error: true, showHead: false, showMenu: true, draggable: true, nestedRows: false, withPagination: false, withCheckbox: false, headCellTooltip: false, separator: true, showFilters: false, updateData: "[Function]", updateSchema: "[Function]", onSelect: "[Function]", onSelectAll: "[Function]", updateSortingList: "[Function]", updateFilterList: "[Function]"
 (2ms)
    ✓ 
  totalRecords: 10, page: 20, pageSize: 15, loading: true, error: true, showHead: false, showMenu: true, draggable: true, nestedRows: false, withPagination: false, withCheckbox: false, headCellTooltip: false, separator: false, showFilters: true, updateData: "[Function]", updateSchema: "[Function]", onSelect: "[Function]", onSelectAll: "[Function]", updateSortingList: "[Function]", updateFilterList: "[Function]"
 (3ms)
    ✓ 
  totalRecords: 10, page: 20, pageSize: 15, loading: true, error: true, showHead: false, showMenu: true, draggable: true, nestedRows: false, withPagination: false, withCheckbox: false, headCellTooltip: false, separator: false, showFilters: false, updateData: "[Function]", updateSchema: "[Function]", onSelect: "[Function]", onSelectAll: "[Function]", updateSortingList: "[Function]", updateFilterList: "[Function]"
 (2ms)
    ✓ 
  totalRecords: 10, page: 20, pageSize: 15, loading: true, error: true, showHead: false, showMenu: true, draggable: false, nestedRows: true, withPagination: true, withCheckbox: true, headCellTooltip: true, separator: true, showFilters: true, updateData: "[Function]", updateSchema: "[Function]", onSelect: "[Function]", onSelectAll: "[Function]", updateSortingList: "[Function]", updateFilterList: "[Function]"
 (3ms)
    ✓ 
  totalRecords: 10, page: 20, pageSize: 15, loading: true, error: true, showHead: false, showMenu: true, draggable: false, nestedRows: true, withPagination: true, withCheckbox: true, headCellTooltip: true, separator: true, showFilters: false, updateData: "[Function]", updateSchema: "[Function]", onSelect: "[Function]", onSelectAll: "[Function]", updateSortingList: "[Function]", updateFilterList: "[Function]"
 (3ms)
    ✓ 
  totalRecords: 10, page: 20, pageSize: 15, loading: true, error: true, showHead: false, showMenu: true, draggable: false, nestedRows: true, withPagination: true, withCheckbox: true, headCellTooltip: true, separator: false, showFilters: true, updateData: "[Function]", updateSchema: "[Function]", onSelect: "[Function]", onSelectAll: "[Function]", updateSortingList: "[Function]", updateFilterList: "[Function]"
 (2ms)
    ✓ 
  totalRecords: 10, page: 20, pageSize: 15, loading: true, error: true, showHead: false, showMenu: true, draggable: false, nestedRows: true, withPagination: true, withCheckbox: true, headCellTooltip: true, separator: false, showFilters: false, updateData: "[Function]", updateSchema: "[Function]", onSelect: "[Function]", onSelectAll: "[Function]", updateSortingList: "[Function]", updateFilterList: "[Function]"
 (4ms)
    ✓ 
  totalRecords: 10, page: 20, pageSize: 15, loading: true, error: true, showHead: false, showMenu: true, draggable: false, nestedRows: true, withPagination: true, withCheckbox: true, headCellTooltip: false, separator: true, showFilters: true, updateData: "[Function]", updateSchema: "[Function]", onSelect: "[Function]", onSelectAll: "[Function]", updateSortingList: "[Function]", updateFilterList: "[Function]"
 (4ms)
    ✓ 
  totalRecords: 10, page: 20, pageSize: 15, loading: true, error: true, showHead: false, showMenu: true, draggable: false, nestedRows: true, withPagination: true, withCheckbox: true, headCellTooltip: false, separator: true, showFilters: false, updateData: "[Function]", updateSchema: "[Function]", onSelect: "[Function]", onSelectAll: "[Function]", updateSortingList: "[Function]", updateFilterList: "[Function]"
 (5ms)
    ✓ 
  totalRecords: 10, page: 20, pageSize: 15, loading: true, error: true, showHead: false, showMenu: true, draggable: false, nestedRows: true, withPagination: true, withCheckbox: true, headCellTooltip: false, separator: false, showFilters: true, updateData: "[Function]", updateSchema: "[Function]", onSelect: "[Function]", onSelectAll: "[Function]", updateSortingList: "[Function]", updateFilterList: "[Function]"
 (4ms)
    ✓ 
  totalRecords: 10, page: 20, pageSize: 15, loading: true, error: true, showHead: false, showMenu: true, draggable: false, nestedRows: true, withPagination: true, withCheckbox: true, headCellTooltip: false, separator: false, showFilters: false, updateData: "[Function]", updateSchema: "[Function]", onSelect: "[Function]", onSelectAll: "[Function]", updateSortingList: "[Function]", updateFilterList: "[Function]"
 (4ms)
    ✓ 
  totalRecords: 10, page: 20, pageSize: 15, loading: true, error: true, showHead: false, showMenu: true, draggable: false, nestedRows: true, withPagination: true, withCheckbox: false, headCellTooltip: true, separator: true, showFilters: true, updateData: "[Function]", updateSchema: "[Function]", onSelect: "[Function]", onSelectAll: "[Function]", updateSortingList: "[Function]", updateFilterList: "[Function]"
 (2ms)
    ✓ 
  totalRecords: 10, page: 20, pageSize: 15, loading: true, error: true, showHead: false, showMenu: true, draggable: false, nestedRows: true, withPagination: true, withCheckbox: false, headCellTooltip: true, separator: true, showFilters: false, updateData: "[Function]", updateSchema: "[Function]", onSelect: "[Function]", onSelectAll: "[Function]", updateSortingList: "[Function]", updateFilterList: "[Function]"
 (1ms)
    ✓ 
  totalRecords: 10, page: 20, pageSize: 15, loading: true, error: true, showHead: false, showMenu: true, draggable: false, nestedRows: true, withPagination: true, withCheckbox: false, headCellTooltip: true, separator: false, showFilters: true, updateData: "[Function]", updateSchema: "[Function]", onSelect: "[Function]", onSelectAll: "[Function]", updateSortingList: "[Function]", updateFilterList: "[Function]"
 (3ms)
    ✓ 
  totalRecords: 10, page: 20, pageSize: 15, loading: true, error: true, showHead: false, showMenu: true, draggable: false, nestedRows: true, withPagination: true, withCheckbox: false, headCellTooltip: true, separator: false, showFilters: false, updateData: "[Function]", updateSchema: "[Function]", onSelect: "[Function]", onSelectAll: "[Function]", updateSortingList: "[Function]", updateFilterList: "[Function]"
 (5ms)
    ✓ 
  totalRecords: 10, page: 20, pageSize: 15, loading: true, error: true, showHead: false, showMenu: true, draggable: false, nestedRows: true, withPagination: true, withCheckbox: false, headCellTooltip: false, separator: true, showFilters: true, updateData: "[Function]", updateSchema: "[Function]", onSelect: "[Function]", onSelectAll: "[Function]", updateSortingList: "[Function]", updateFilterList: "[Function]"
 (4ms)
    ✓ 
  totalRecords: 10, page: 20, pageSize: 15, loading: true, error: true, showHead: false, showMenu: true, draggable: false, nestedRows: true, withPagination: true, withCheckbox: false, headCellTooltip: false, separator: true, showFilters: false, updateData: "[Function]", updateSchema: "[Function]", onSelect: "[Function]", onSelectAll: "[Function]", updateSortingList: "[Function]", updateFilterList: "[Function]"
 (3ms)
    ✓ 
  totalRecords: 10, page: 20, pageSize: 15, loading: true, error: true, showHead: false, showMenu: true, draggable: false, nestedRows: true, withPagination: true, withCheckbox: false, headCellTooltip: false, separator: false, showFilters: true, updateData: "[Function]", updateSchema: "[Function]", onSelect: "[Function]", onSelectAll: "[Function]", updateSortingList: "[Function]", updateFilterList: "[Function]"
 (3ms)
    ✓ 
  totalRecords: 10, page: 20, pageSize: 15, loading: true, error: true, showHead: false, showMenu: true, draggable: false, nestedRows: true, withPagination: true, withCheckbox: false, headCellTooltip: false, separator: false, showFilters: false, updateData: "[Function]", updateSchema: "[Function]", onSelect: "[Function]", onSelectAll: "[Function]", updateSortingList: "[Function]", updateFilterList: "[Function]"
 (5ms)
    ✓ 
  totalRecords: 10, page: 20, pageSize: 15, loading: true, error: true, showHead: false, showMenu: true, draggable: false, nestedRows: true, withPagination: false, withCheckbox: true, headCellTooltip: true, separator: true, showFilters: true, updateData: "[Function]", updateSchema: "[Function]", onSelect: "[Function]", onSelectAll: "[Function]", updateSortingList: "[Function]", updateFilterList: "[Function]"
 (4ms)
    ✓ 
  totalRecords: 10, page: 20, pageSize: 15, loading: true, error: true, showHead: false, showMenu: true, draggable: false, nestedRows: true, withPagination: false, withCheckbox: true, headCellTooltip: true, separator: true, showFilters: false, updateData: "[Function]", updateSchema: "[Function]", onSelect: "[Function]", onSelectAll: "[Function]", updateSortingList: "[Function]", updateFilterList: "[Function]"
 (3ms)
    ✓ 
  totalRecords: 10, page: 20, pageSize: 15, loading: true, error: true, showHead: false, showMenu: true, draggable: false, nestedRows: true, withPagination: false, withCheckbox: true, headCellTooltip: true, separator: false, showFilters: true, updateData: "[Function]", updateSchema: "[Function]", onSelect: "[Function]", onSelectAll: "[Function]", updateSortingList: "[Function]", updateFilterList: "[Function]"
 (4ms)
    ✓ 
  totalRecords: 10, page: 20, pageSize: 15, loading: true, error: true, showHead: false, showMenu: true, draggable: false, nestedRows: true, withPagination: false, withCheckbox: true, headCellTooltip: true, separator: false, showFilters: false, updateData: "[Function]", updateSchema: "[Function]", onSelect: "[Function]", onSelectAll: "[Function]", updateSortingList: "[Function]", updateFilterList: "[Function]"
 (4ms)
    ✓ 
  totalRecords: 10, page: 20, pageSize: 15, loading: true, error: true, showHead: false, showMenu: true, draggable: false, nestedRows: true, withPagination: false, withCheckbox: true, headCellTooltip: false, separator: true, showFilters: true, updateData: "[Function]", updateSchema: "[Function]", onSelect: "[Function]", onSelectAll: "[Function]", updateSortingList: "[Function]", updateFilterList: "[Function]"
 (3ms)
    ✓ 
  totalRecords: 10, page: 20, pageSize: 15, loading: true, error: true, showHead: false, showMenu: true, draggable: false, nestedRows: true, withPagination: false, withCheckbox: true, headCellTooltip: false, separator: true, showFilters: false, updateData: "[Function]", updateSchema: "[Function]", onSelect: "[Function]", onSelectAll: "[Function]", updateSortingList: "[Function]", updateFilterList: "[Function]"
 (3ms)
    ✓ 
  totalRecords: 10, page: 20, pageSize: 15, loading: true, error: true, showHead: false, showMenu: true, draggable: false, nestedRows: true, withPagination: false, withCheckbox: true, headCellTooltip: false, separator: false, showFilters: true, updateData: "[Function]", updateSchema: "[Function]", onSelect: "[Function]", onSelectAll: "[Function]", updateSortingList: "[Function]", updateFilterList: "[Function]"
 (5ms)
    ✓ 
  totalRecords: 10, page: 20, pageSize: 15, loading: true, error: true, showHead: false, showMenu: true, draggable: false, nestedRows: true, withPagination: false, withCheckbox: true, headCellTooltip: false, separator: false, showFilters: false, updateData: "[Function]", updateSchema: "[Function]", onSelect: "[Function]", onSelectAll: "[Function]", updateSortingList: "[Function]", updateFilterList: "[Function]"
 (4ms)
    ✓ 
  totalRecords: 10, page: 20, pageSize: 15, loading: true, error: true, showHead: false, showMenu: true, draggable: false, nestedRows: true, withPagination: false, withCheckbox: false, headCellTooltip: true, separator: true, showFilters: true, updateData: "[Function]", updateSchema: "[Function]", onSelect: "[Function]", onSelectAll: "[Function]", updateSortingList: "[Function]", updateFilterList: "[Function]"
 (3ms)
    ✓ 
  totalRecords: 10, page: 20, pageSize: 15, loading: true, error: true, showHead: false, showMenu: true, draggable: false, nestedRows: true, withPagination: false, withCheckbox: false, headCellTooltip: true, separator: true, showFilters: false, updateData: "[Function]", updateSchema: "[Function]", onSelect: "[Function]", onSelectAll: "[Function]", updateSortingList: "[Function]", updateFilterList: "[Function]"
 (4ms)
    ✓ 
  totalRecords: 10, page: 20, pageSize: 15, loading: true, error: true, showHead: false, showMenu: true, draggable: false, nestedRows: true, withPagination: false, withCheckbox: false, headCellTooltip: true, separator: false, showFilters: true, updateData: "[Function]", updateSchema: "[Function]", onSelect: "[Function]", onSelectAll: "[Function]", updateSortingList: "[Function]", updateFilterList: "[Function]"
 (3ms)
    ✓ 
  totalRecords: 10, page: 20, pageSize: 15, loading: true, error: true, showHead: false, showMenu: true, draggable: false, nestedRows: true, withPagination: false, withCheckbox: false, headCellTooltip: true, separator: false, showFilters: false, updateData: "[Function]", updateSchema: "[Function]", onSelect: "[Function]", onSelectAll: "[Function]", updateSortingList: "[Function]", updateFilterList: "[Function]"
 (2ms)
    ✓ 
  totalRecords: 10, page: 20, pageSize: 15, loading: true, error: true, showHead: false, showMenu: true, draggable: false, nestedRows: true, withPagination: false, withCheckbox: false, headCellTooltip: false, separator: true, showFilters: true, updateData: "[Function]", updateSchema: "[Function]", onSelect: "[Function]", onSelectAll: "[Function]", updateSortingList: "[Function]", updateFilterList: "[Function]"
 (5ms)
    ✓ 
  totalRecords: 10, page: 20, pageSize: 15, loading: true, error: true, showHead: false, showMenu: true, draggable: false, nestedRows: true, withPagination: false, withCheckbox: false, headCellTooltip: false, separator: true, showFilters: false, updateData: "[Function]", updateSchema: "[Function]", onSelect: "[Function]", onSelectAll: "[Function]", updateSortingList: "[Function]", updateFilterList: "[Function]"
 (3ms)
    ✓ 
  totalRecords: 10, page: 20, pageSize: 15, loading: true, error: true, showHead: false, showMenu: true, draggable: false, nestedRows: true, withPagination: false, withCheckbox: false, headCellTooltip: false, separator: false, showFilters: true, updateData: "[Function]", updateSchema: "[Function]", onSelect: "[Function]", onSelectAll: "[Function]", updateSortingList: "[Function]", updateFilterList: "[Function]"
 (2ms)
    ✓ 
  totalRecords: 10, page: 20, pageSize: 15, loading: true, error: true, showHead: false, showMenu: true, draggable: false, nestedRows: true, withPagination: false, withCheckbox: false, headCellTooltip: false, separator: false, showFilters: false, updateData: "[Function]", updateSchema: "[Function]", onSelect: "[Function]", onSelectAll: "[Function]", updateSortingList: "[Function]", updateFilterList: "[Function]"
 (2ms)
    ✓ 
  totalRecords: 10, page: 20, pageSize: 15, loading: true, error: true, showHead: false, showMenu: true, draggable: false, nestedRows: false, withPagination: true, withCheckbox: true, headCellTooltip: true, separator: true, showFilters: true, updateData: "[Function]", updateSchema: "[Function]", onSelect: "[Function]", onSelectAll: "[Function]", updateSortingList: "[Function]", updateFilterList: "[Function]"
 (4ms)
    ✓ 
  totalRecords: 10, page: 20, pageSize: 15, loading: true, error: true, showHead: false, showMenu: true, draggable: false, nestedRows: false, withPagination: true, withCheckbox: true, headCellTooltip: true, separator: true, showFilters: false, updateData: "[Function]", updateSchema: "[Function]", onSelect: "[Function]", onSelectAll: "[Function]", updateSortingList: "[Function]", updateFilterList: "[Function]"
 (3ms)
    ✓ 
  totalRecords: 10, page: 20, pageSize: 15, loading: true, error: true, showHead: false, showMenu: true, draggable: false, nestedRows: false, withPagination: true, withCheckbox: true, headCellTooltip: true, separator: false, showFilters: true, updateData: "[Function]", updateSchema: "[Function]", onSelect: "[Function]", onSelectAll: "[Function]", updateSortingList: "[Function]", updateFilterList: "[Function]"
 (3ms)
    ✓ 
  totalRecords: 10, page: 20, pageSize: 15, loading: true, error: true, showHead: false, showMenu: true, draggable: false, nestedRows: false, withPagination: true, withCheckbox: true, headCellTooltip: true, separator: false, showFilters: false, updateData: "[Function]", updateSchema: "[Function]", onSelect: "[Function]", onSelectAll: "[Function]", updateSortingList: "[Function]", updateFilterList: "[Function]"
 (3ms)
    ✓ 
  totalRecords: 10, page: 20, pageSize: 15, loading: true, error: true, showHead: false, showMenu: true, draggable: false, nestedRows: false, withPagination: true, withCheckbox: true, headCellTooltip: false, separator: true, showFilters: true, updateData: "[Function]", updateSchema: "[Function]", onSelect: "[Function]", onSelectAll: "[Function]", updateSortingList: "[Function]", updateFilterList: "[Function]"
 (1ms)
    ✓ 
  totalRecords: 10, page: 20, pageSize: 15, loading: true, error: true, showHead: false, showMenu: true, draggable: false, nestedRows: false, withPagination: true, withCheckbox: true, headCellTooltip: false, separator: true, showFilters: false, updateData: "[Function]", updateSchema: "[Function]", onSelect: "[Function]", onSelectAll: "[Function]", updateSortingList: "[Function]", updateFilterList: "[Function]"
 (4ms)
    ✓ 
  totalRecords: 10, page: 20, pageSize: 15, loading: true, error: true, showHead: false, showMenu: true, draggable: false, nestedRows: false, withPagination: true, withCheckbox: true, headCellTooltip: false, separator: false, showFilters: true, updateData: "[Function]", updateSchema: "[Function]", onSelect: "[Function]", onSelectAll: "[Function]", updateSortingList: "[Function]", updateFilterList: "[Function]"
 (3ms)
    ✓ 
  totalRecords: 10, page: 20, pageSize: 15, loading: true, error: true, showHead: false, showMenu: true, draggable: false, nestedRows: false, withPagination: true, withCheckbox: true, headCellTooltip: false, separator: false, showFilters: false, updateData: "[Function]", updateSchema: "[Function]", onSelect: "[Function]", onSelectAll: "[Function]", updateSortingList: "[Function]", updateFilterList: "[Function]"
 (2ms)
    ✓ 
  totalRecords: 10, page: 20, pageSize: 15, loading: true, error: true, showHead: false, showMenu: true, draggable: false, nestedRows: false, withPagination: true, withCheckbox: false, headCellTooltip: true, separator: true, showFilters: true, updateData: "[Function]", updateSchema: "[Function]", onSelect: "[Function]", onSelectAll: "[Function]", updateSortingList: "[Function]", updateFilterList: "[Function]"
 (3ms)
    ✓ 
  totalRecords: 10, page: 20, pageSize: 15, loading: true, error: true, showHead: false, showMenu: true, draggable: false, nestedRows: false, withPagination: true, withCheckbox: false, headCellTooltip: true, separator: true, showFilters: false, updateData: "[Function]", updateSchema: "[Function]", onSelect: "[Function]", onSelectAll: "[Function]", updateSortingList: "[Function]", updateFilterList: "[Function]"
 (2ms)
    ✓ 
  totalRecords: 10, page: 20, pageSize: 15, loading: true, error: true, showHead: false, showMenu: true, draggable: false, nestedRows: false, withPagination: true, withCheckbox: false, headCellTooltip: true, separator: false, showFilters: true, updateData: "[Function]", updateSchema: "[Function]", onSelect: "[Function]", onSelectAll: "[Function]", updateSortingList: "[Function]", updateFilterList: "[Function]"
 (5ms)
    ✓ 
  totalRecords: 10, page: 20, pageSize: 15, loading: true, error: true, showHead: false, showMenu: true, draggable: false, nestedRows: false, withPagination: true, withCheckbox: false, headCellTooltip: true, separator: false, showFilters: false, updateData: "[Function]", updateSchema: "[Function]", onSelect: "[Function]", onSelectAll: "[Function]", updateSortingList: "[Function]", updateFilterList: "[Function]"
 (3ms)
    ✓ 
  totalRecords: 10, page: 20, pageSize: 15, loading: true, error: true, showHead: false, showMenu: true, draggable: false, nestedRows: false, withPagination: true, withCheckbox: false, headCellTooltip: false, separator: true, showFilters: true, updateData: "[Function]", updateSchema: "[Function]", onSelect: "[Function]", onSelectAll: "[Function]", updateSortingList: "[Function]", updateFilterList: "[Function]"
 (2ms)
    ✓ 
  totalRecords: 10, page: 20, pageSize: 15, loading: true, error: true, showHead: false, showMenu: true, draggable: false, nestedRows: false, withPagination: true, withCheckbox: false, headCellTooltip: false, separator: true, showFilters: false, updateData: "[Function]", updateSchema: "[Function]", onSelect: "[Function]", onSelectAll: "[Function]", updateSortingList: "[Function]", updateFilterList: "[Function]"
 (4ms)
    ✓ 
  totalRecords: 10, page: 20, pageSize: 15, loading: true, error: true, showHead: false, showMenu: true, draggable: false, nestedRows: false, withPagination: true, withCheckbox: false, headCellTooltip: false, separator: false, showFilters: true, updateData: "[Function]", updateSchema: "[Function]", onSelect: "[Function]", onSelectAll: "[Function]", updateSortingList: "[Function]", updateFilterList: "[Function]"
 (2ms)
    ✓ 
  totalRecords: 10, page: 20, pageSize: 15, loading: true, error: true, showHead: false, showMenu: true, draggable: false, nestedRows: false, withPagination: true, withCheckbox: false, headCellTooltip: false, separator: false, showFilters: false, updateData: "[Function]", updateSchema: "[Function]", onSelect: "[Function]", onSelectAll: "[Function]", updateSortingList: "[Function]", updateFilterList: "[Function]"
 (2ms)
    ✓ 
  totalRecords: 10, page: 20, pageSize: 15, loading: true, error: true, showHead: false, showMenu: true, draggable: false, nestedRows: false, withPagination: false, withCheckbox: true, headCellTooltip: true, separator: true, showFilters: true, updateData: "[Function]", updateSchema: "[Function]", onSelect: "[Function]", onSelectAll: "[Function]", updateSortingList: "[Function]", updateFilterList: "[Function]"
 (4ms)
    ✓ 
  totalRecords: 10, page: 20, pageSize: 15, loading: true, error: true, showHead: false, showMenu: true, draggable: false, nestedRows: false, withPagination: false, withCheckbox: true, headCellTooltip: true, separator: true, showFilters: false, updateData: "[Function]", updateSchema: "[Function]", onSelect: "[Function]", onSelectAll: "[Function]", updateSortingList: "[Function]", updateFilterList: "[Function]"
 (2ms)
    ✓ 
  totalRecords: 10, page: 20, pageSize: 15, loading: true, error: true, showHead: false, showMenu: true, draggable: false, nestedRows: false, withPagination: false, withCheckbox: true, headCellTooltip: true, separator: false, showFilters: true, updateData: "[Function]", updateSchema: "[Function]", onSelect: "[Function]", onSelectAll: "[Function]", updateSortingList: "[Function]", updateFilterList: "[Function]"
 (1ms)
    ✓ 
  totalRecords: 10, page: 20, pageSize: 15, loading: true, error: true, showHead: false, showMenu: true, draggable: false, nestedRows: false, withPagination: false, withCheckbox: true, headCellTooltip: true, separator: false, showFilters: false, updateData: "[Function]", updateSchema: "[Function]", onSelect: "[Function]", onSelectAll: "[Function]", updateSortingList: "[Function]", updateFilterList: "[Function]"
 (2ms)
    ✓ 
  totalRecords: 10, page: 20, pageSize: 15, loading: true, error: true, showHead: false, showMenu: true, draggable: false, nestedRows: false, withPagination: false, withCheckbox: true, headCellTooltip: false, separator: true, showFilters: true, updateData: "[Function]", updateSchema: "[Function]", onSelect: "[Function]", onSelectAll: "[Function]", updateSortingList: "[Function]", updateFilterList: "[Function]"
 (5ms)
    ✓ 
  totalRecords: 10, page: 20, pageSize: 15, loading: true, error: true, showHead: false, showMenu: true, draggable: false, nestedRows: false, withPagination: false, withCheckbox: true, headCellTooltip: false, separator: true, showFilters: false, updateData: "[Function]", updateSchema: "[Function]", onSelect: "[Function]", onSelectAll: "[Function]", updateSortingList: "[Function]", updateFilterList: "[Function]"
 (3ms)
    ✓ 
  totalRecords: 10, page: 20, pageSize: 15, loading: true, error: true, showHead: false, showMenu: true, draggable: false, nestedRows: false, withPagination: false, withCheckbox: true, headCellTooltip: false, separator: false, showFilters: true, updateData: "[Function]", updateSchema: "[Function]", onSelect: "[Function]", onSelectAll: "[Function]", updateSortingList: "[Function]", updateFilterList: "[Function]"
 (2ms)
    ✓ 
  totalRecords: 10, page: 20, pageSize: 15, loading: true, error: true, showHead: false, showMenu: true, draggable: false, nestedRows: false, withPagination: false, withCheckbox: true, headCellTooltip: false, separator: false, showFilters: false, updateData: "[Function]", updateSchema: "[Function]", onSelect: "[Function]", onSelectAll: "[Function]", updateSortingList: "[Function]", updateFilterList: "[Function]"
 (3ms)
    ✓ 
  totalRecords: 10, page: 20, pageSize: 15, loading: true, error: true, showHead: false, showMenu: true, draggable: false, nestedRows: false, withPagination: false, withCheckbox: false, headCellTooltip: true, separator: true, showFilters: true, updateData: "[Function]", updateSchema: "[Function]", onSelect: "[Function]", onSelectAll: "[Function]", updateSortingList: "[Function]", updateFilterList: "[Function]"
 (5ms)
    ✓ 
  totalRecords: 10, page: 20, pageSize: 15, loading: true, error: true, showHead: false, showMenu: true, draggable: false, nestedRows: false, withPagination: false, withCheckbox: false, headCellTooltip: true, separator: true, showFilters: false, updateData: "[Function]", updateSchema: "[Function]", onSelect: "[Function]", onSelectAll: "[Function]", updateSortingList: "[Function]", updateFilterList: "[Function]"
 (3ms)
    ✓ 
  totalRecords: 10, page: 20, pageSize: 15, loading: true, error: true, showHead: false, showMenu: true, draggable: false, nestedRows: false, withPagination: false, withCheckbox: false, headCellTooltip: true, separator: false, showFilters: true, updateData: "[Function]", updateSchema: "[Function]", onSelect: "[Function]", onSelectAll: "[Function]", updateSortingList: "[Function]", updateFilterList: "[Function]"
 (2ms)
    ✓ 
  totalRecords: 10, page: 20, pageSize: 15, loading: true, error: true, showHead: false, showMenu: true, draggable: false, nestedRows: false, withPagination: false, withCheckbox: false, headCellTooltip: true, separator: false, showFilters: false, updateData: "[Function]", updateSchema: "[Function]", onSelect: "[Function]", onSelectAll: "[Function]", updateSortingList: "[Function]", updateFilterList: "[Function]"
 (2ms)
    ✓ 
  totalRecords: 10, page: 20, pageSize: 15, loading: true, error: true, showHead: false, showMenu: true, draggable: false, nestedRows: false, withPagination: false, withCheckbox: false, headCellTooltip: false, separator: true, showFilters: true, updateData: "[Function]", updateSchema: "[Function]", onSelect: "[Function]", onSelectAll: "[Function]", updateSortingList: "[Function]", updateFilterList: "[Function]"
 (2ms)
    ✓ 
  totalRecords: 10, page: 20, pageSize: 15, loading: true, error: true, showHead: false, showMenu: true, draggable: false, nestedRows: false, withPagination: false, withCheckbox: false, headCellTooltip: false, separator: true, showFilters: false, updateData: "[Function]", updateSchema: "[Function]", onSelect: "[Function]", onSelectAll: "[Function]", updateSortingList: "[Function]", updateFilterList: "[Function]"
 (1ms)
    ✓ 
  totalRecords: 10, page: 20, pageSize: 15, loading: true, error: true, showHead: false, showMenu: true, draggable: false, nestedRows: false, withPagination: false, withCheckbox: false, headCellTooltip: false, separator: false, showFilters: true, updateData: "[Function]", updateSchema: "[Function]", onSelect: "[Function]", onSelectAll: "[Function]", updateSortingList: "[Function]", updateFilterList: "[Function]"
 (6ms)
    ✓ 
  totalRecords: 10, page: 20, pageSize: 15, loading: true, error: true, showHead: false, showMenu: true, draggable: false, nestedRows: false, withPagination: false, withCheckbox: false, headCellTooltip: false, separator: false, showFilters: false, updateData: "[Function]", updateSchema: "[Function]", onSelect: "[Function]", onSelectAll: "[Function]", updateSortingList: "[Function]", updateFilterList: "[Function]"
 (3ms)
    ✓ 
  totalRecords: 10, page: 20, pageSize: 15, loading: true, error: true, showHead: false, showMenu: false, draggable: true, nestedRows: true, withPagination: true, withCheckbox: true, headCellTooltip: true, separator: true, showFilters: true, updateData: "[Function]", updateSchema: "[Function]", onSelect: "[Function]", onSelectAll: "[Function]", updateSortingList: "[Function]", updateFilterList: "[Function]"
 (2ms)
    ✓ 
  totalRecords: 10, page: 20, pageSize: 15, loading: true, error: true, showHead: false, showMenu: false, draggable: true, nestedRows: true, withPagination: true, withCheckbox: true, headCellTooltip: true, separator: true, showFilters: false, updateData: "[Function]", updateSchema: "[Function]", onSelect: "[Function]", onSelectAll: "[Function]", updateSortingList: "[Function]", updateFilterList: "[Function]"
 (2ms)
    ✓ 
  totalRecords: 10, page: 20, pageSize: 15, loading: true, error: true, showHead: false, showMenu: false, draggable: true, nestedRows: true, withPagination: true, withCheckbox: true, headCellTooltip: true, separator: false, showFilters: true, updateData: "[Function]", updateSchema: "[Function]", onSelect: "[Function]", onSelectAll: "[Function]", updateSortingList: "[Function]", updateFilterList: "[Function]"
 (2ms)
    ✓ 
  totalRecords: 10, page: 20, pageSize: 15, loading: true, error: true, showHead: false, showMenu: false, draggable: true, nestedRows: true, withPagination: true, withCheckbox: true, headCellTooltip: true, separator: false, showFilters: false, updateData: "[Function]", updateSchema: "[Function]", onSelect: "[Function]", onSelectAll: "[Function]", updateSortingList: "[Function]", updateFilterList: "[Function]"
 (1ms)
    ✓ 
  totalRecords: 10, page: 20, pageSize: 15, loading: true, error: true, showHead: false, showMenu: false, draggable: true, nestedRows: true, withPagination: true, withCheckbox: true, headCellTooltip: false, separator: true, showFilters: true, updateData: "[Function]", updateSchema: "[Function]", onSelect: "[Function]", onSelectAll: "[Function]", updateSortingList: "[Function]", updateFilterList: "[Function]"
 (2ms)
    ✓ 
  totalRecords: 10, page: 20, pageSize: 15, loading: true, error: true, showHead: false, showMenu: false, draggable: true, nestedRows: true, withPagination: true, withCheckbox: true, headCellTooltip: false, separator: true, showFilters: false, updateData: "[Function]", updateSchema: "[Function]", onSelect: "[Function]", onSelectAll: "[Function]", updateSortingList: "[Function]", updateFilterList: "[Function]"
 (3ms)
    ✓ 
  totalRecords: 10, page: 20, pageSize: 15, loading: true, error: true, showHead: false, showMenu: false, draggable: true, nestedRows: true, withPagination: true, withCheckbox: true, headCellTooltip: false, separator: false, showFilters: true, updateData: "[Function]", updateSchema: "[Function]", onSelect: "[Function]", onSelectAll: "[Function]", updateSortingList: "[Function]", updateFilterList: "[Function]"
 (2ms)
    ✓ 
  totalRecords: 10, page: 20, pageSize: 15, loading: true, error: true, showHead: false, showMenu: false, draggable: true, nestedRows: true, withPagination: true, withCheckbox: true, headCellTooltip: false, separator: false, showFilters: false, updateData: "[Function]", updateSchema: "[Function]", onSelect: "[Function]", onSelectAll: "[Function]", updateSortingList: "[Function]", updateFilterList: "[Function]"
 (1ms)
    ✓ 
  totalRecords: 10, page: 20, pageSize: 15, loading: true, error: true, showHead: false, showMenu: false, draggable: true, nestedRows: true, withPagination: true, withCheckbox: false, headCellTooltip: true, separator: true, showFilters: true, updateData: "[Function]", updateSchema: "[Function]", onSelect: "[Function]", onSelectAll: "[Function]", updateSortingList: "[Function]", updateFilterList: "[Function]"
 (4ms)
    ✓ 
  totalRecords: 10, page: 20, pageSize: 15, loading: true, error: true, showHead: false, showMenu: false, draggable: true, nestedRows: true, withPagination: true, withCheckbox: false, headCellTooltip: true, separator: true, showFilters: false, updateData: "[Function]", updateSchema: "[Function]", onSelect: "[Function]", onSelectAll: "[Function]", updateSortingList: "[Function]", updateFilterList: "[Function]"
 (3ms)
    ✓ 
  totalRecords: 10, page: 20, pageSize: 15, loading: true, error: true, showHead: false, showMenu: false, draggable: true, nestedRows: true, withPagination: true, withCheckbox: false, headCellTooltip: true, separator: false, showFilters: true, updateData: "[Function]", updateSchema: "[Function]", onSelect: "[Function]", onSelectAll: "[Function]", updateSortingList: "[Function]", updateFilterList: "[Function]"
 (1ms)
    ✓ 
  totalRecords: 10, page: 20, pageSize: 15, loading: true, error: true, showHead: false, showMenu: false, draggable: true, nestedRows: true, withPagination: true, withCheckbox: false, headCellTooltip: true, separator: false, showFilters: false, updateData: "[Function]", updateSchema: "[Function]", onSelect: "[Function]", onSelectAll: "[Function]", updateSortingList: "[Function]", updateFilterList: "[Function]"
 (3ms)
    ✓ 
  totalRecords: 10, page: 20, pageSize: 15, loading: true, error: true, showHead: false, showMenu: false, draggable: true, nestedRows: true, withPagination: true, withCheckbox: false, headCellTooltip: false, separator: true, showFilters: true, updateData: "[Function]", updateSchema: "[Function]", onSelect: "[Function]", onSelectAll: "[Function]", updateSortingList: "[Function]", updateFilterList: "[Function]"
 (5ms)
    ✓ 
  totalRecords: 10, page: 20, pageSize: 15, loading: true, error: true, showHead: false, showMenu: false, draggable: true, nestedRows: true, withPagination: true, withCheckbox: false, headCellTooltip: false, separator: true, showFilters: false, updateData: "[Function]", updateSchema: "[Function]", onSelect: "[Function]", onSelectAll: "[Function]", updateSortingList: "[Function]", updateFilterList: "[Function]"
 (3ms)
    ✓ 
  totalRecords: 10, page: 20, pageSize: 15, loading: true, error: true, showHead: false, showMenu: false, draggable: true, nestedRows: true, withPagination: true, withCheckbox: false, headCellTooltip: false, separator: false, showFilters: true, updateData: "[Function]", updateSchema: "[Function]", onSelect: "[Function]", onSelectAll: "[Function]", updateSortingList: "[Function]", updateFilterList: "[Function]"
 (2ms)
    ✓ 
  totalRecords: 10, page: 20, pageSize: 15, loading: true, error: true, showHead: false, showMenu: false, draggable: true, nestedRows: true, withPagination: true, withCheckbox: false, headCellTooltip: false, separator: false, showFilters: false, updateData: "[Function]", updateSchema: "[Function]", onSelect: "[Function]", onSelectAll: "[Function]", updateSortingList: "[Function]", updateFilterList: "[Function]"
 (1ms)
    ✓ 
  totalRecords: 10, page: 20, pageSize: 15, loading: true, error: true, showHead: false, showMenu: false, draggable: true, nestedRows: true, withPagination: false, withCheckbox: true, headCellTooltip: true, separator: true, showFilters: true, updateData: "[Function]", updateSchema: "[Function]", onSelect: "[Function]", onSelectAll: "[Function]", updateSortingList: "[Function]", updateFilterList: "[Function]"
 (2ms)
    ✓ 
  totalRecords: 10, page: 20, pageSize: 15, loading: true, error: true, showHead: false, showMenu: false, draggable: true, nestedRows: true, withPagination: false, withCheckbox: true, headCellTooltip: true, separator: true, showFilters: false, updateData: "[Function]", updateSchema: "[Function]", onSelect: "[Function]", onSelectAll: "[Function]", updateSortingList: "[Function]", updateFilterList: "[Function]"
 (3ms)
    ✓ 
  totalRecords: 10, page: 20, pageSize: 15, loading: true, error: true, showHead: false, showMenu: false, draggable: true, nestedRows: true, withPagination: false, withCheckbox: true, headCellTooltip: true, separator: false, showFilters: true, updateData: "[Function]", updateSchema: "[Function]", onSelect: "[Function]", onSelectAll: "[Function]", updateSortingList: "[Function]", updateFilterList: "[Function]"
 (5ms)
    ✓ 
  totalRecords: 10, page: 20, pageSize: 15, loading: true, error: true, showHead: false, showMenu: false, draggable: true, nestedRows: true, withPagination: false, withCheckbox: true, headCellTooltip: true, separator: false, showFilters: false, updateData: "[Function]", updateSchema: "[Function]", onSelect: "[Function]", onSelectAll: "[Function]", updateSortingList: "[Function]", updateFilterList: "[Function]"
 (4ms)
    ✓ 
  totalRecords: 10, page: 20, pageSize: 15, loading: true, error: true, showHead: false, showMenu: false, draggable: true, nestedRows: true, withPagination: false, withCheckbox: true, headCellTooltip: false, separator: true, showFilters: true, updateData: "[Function]", updateSchema: "[Function]", onSelect: "[Function]", onSelectAll: "[Function]", updateSortingList: "[Function]", updateFilterList: "[Function]"
 (2ms)
    ✓ 
  totalRecords: 10, page: 20, pageSize: 15, loading: true, error: true, showHead: false, showMenu: false, draggable: true, nestedRows: true, withPagination: false, withCheckbox: true, headCellTooltip: false, separator: true, showFilters: false, updateData: "[Function]", updateSchema: "[Function]", onSelect: "[Function]", onSelectAll: "[Function]", updateSortingList: "[Function]", updateFilterList: "[Function]"
 (2ms)
    ✓ 
  totalRecords: 10, page: 20, pageSize: 15, loading: true, error: true, showHead: false, showMenu: false, draggable: true, nestedRows: true, withPagination: false, withCheckbox: true, headCellTooltip: false, separator: false, showFilters: true, updateData: "[Function]", updateSchema: "[Function]", onSelect: "[Function]", onSelectAll: "[Function]", updateSortingList: "[Function]", updateFilterList: "[Function]"
 (2ms)
    ✓ 
  totalRecords: 10, page: 20, pageSize: 15, loading: true, error: true, showHead: false, showMenu: false, draggable: true, nestedRows: true, withPagination: false, withCheckbox: true, headCellTooltip: false, separator: false, showFilters: false, updateData: "[Function]", updateSchema: "[Function]", onSelect: "[Function]", onSelectAll: "[Function]", updateSortingList: "[Function]", updateFilterList: "[Function]"
 (2ms)
    ✓ 
  totalRecords: 10, page: 20, pageSize: 15, loading: true, error: true, showHead: false, showMenu: false, draggable: true, nestedRows: true, withPagination: false, withCheckbox: false, headCellTooltip: true, separator: true, showFilters: true, updateData: "[Function]", updateSchema: "[Function]", onSelect: "[Function]", onSelectAll: "[Function]", updateSortingList: "[Function]", updateFilterList: "[Function]"
 (4ms)
    ✓ 
  totalRecords: 10, page: 20, pageSize: 15, loading: true, error: true, showHead: false, showMenu: false, draggable: true, nestedRows: true, withPagination: false, withCheckbox: false, headCellTooltip: true, separator: true, showFilters: false, updateData: "[Function]", updateSchema: "[Function]", onSelect: "[Function]", onSelectAll: "[Function]", updateSortingList: "[Function]", updateFilterList: "[Function]"
 (2ms)
    ✓ 
  totalRecords: 10, page: 20, pageSize: 15, loading: true, error: true, showHead: false, showMenu: false, draggable: true, nestedRows: true, withPagination: false, withCheckbox: false, headCellTooltip: true, separator: false, showFilters: true, updateData: "[Function]", updateSchema: "[Function]", onSelect: "[Function]", onSelectAll: "[Function]", updateSortingList: "[Function]", updateFilterList: "[Function]"
 (2ms)
    ✓ 
  totalRecords: 10, page: 20, pageSize: 15, loading: true, error: true, showHead: false, showMenu: false, draggable: true, nestedRows: true, withPagination: false, withCheckbox: false, headCellTooltip: true, separator: false, showFilters: false, updateData: "[Function]", updateSchema: "[Function]", onSelect: "[Function]", onSelectAll: "[Function]", updateSortingList: "[Function]", updateFilterList: "[Function]"
 (2ms)
    ✓ 
  totalRecords: 10, page: 20, pageSize: 15, loading: true, error: true, showHead: false, showMenu: false, draggable: true, nestedRows: true, withPagination: false, withCheckbox: false, headCellTooltip: false, separator: true, showFilters: true, updateData: "[Function]", updateSchema: "[Function]", onSelect: "[Function]", onSelectAll: "[Function]", updateSortingList: "[Function]", updateFilterList: "[Function]"
 (4ms)
    ✓ 
  totalRecords: 10, page: 20, pageSize: 15, loading: true, error: true, showHead: false, showMenu: false, draggable: true, nestedRows: true, withPagination: false, withCheckbox: false, headCellTooltip: false, separator: true, showFilters: false, updateData: "[Function]", updateSchema: "[Function]", onSelect: "[Function]", onSelectAll: "[Function]", updateSortingList: "[Function]", updateFilterList: "[Function]"
 (3ms)
    ✓ 
  totalRecords: 10, page: 20, pageSize: 15, loading: true, error: true, showHead: false, showMenu: false, draggable: true, nestedRows: true, withPagination: false, withCheckbox: false, headCellTooltip: false, separator: false, showFilters: true, updateData: "[Function]", updateSchema: "[Function]", onSelect: "[Function]", onSelectAll: "[Function]", updateSortingList: "[Function]", updateFilterList: "[Function]"
 (3ms)
    ✓ 
  totalRecords: 10, page: 20, pageSize: 15, loading: true, error: true, showHead: false, showMenu: false, draggable: true, nestedRows: true, withPagination: false, withCheckbox: false, headCellTooltip: false, separator: false, showFilters: false, updateData: "[Function]", updateSchema: "[Function]", onSelect: "[Function]", onSelectAll: "[Function]", updateSortingList: "[Function]", updateFilterList: "[Function]"
 (2ms)
    ✓ 
  totalRecords: 10, page: 20, pageSize: 15, loading: true, error: true, showHead: false, showMenu: false, draggable: true, nestedRows: false, withPagination: true, withCheckbox: true, headCellTooltip: true, separator: true, showFilters: true, updateData: "[Function]", updateSchema: "[Function]", onSelect: "[Function]", onSelectAll: "[Function]", updateSortingList: "[Function]", updateFilterList: "[Function]"
 (2ms)
    ✓ 
  totalRecords: 10, page: 20, pageSize: 15, loading: true, error: true, showHead: false, showMenu: false, draggable: true, nestedRows: false, withPagination: true, withCheckbox: true, headCellTooltip: true, separator: true, showFilters: false, updateData: "[Function]", updateSchema: "[Function]", onSelect: "[Function]", onSelectAll: "[Function]", updateSortingList: "[Function]", updateFilterList: "[Function]"
 (1ms)
    ✓ 
  totalRecords: 10, page: 20, pageSize: 15, loading: true, error: true, showHead: false, showMenu: false, draggable: true, nestedRows: false, withPagination: true, withCheckbox: true, headCellTooltip: true, separator: false, showFilters: true, updateData: "[Function]", updateSchema: "[Function]", onSelect: "[Function]", onSelectAll: "[Function]", updateSortingList: "[Function]", updateFilterList: "[Function]"
 (1ms)
    ✓ 
  totalRecords: 10, page: 20, pageSize: 15, loading: true, error: true, showHead: false, showMenu: false, draggable: true, nestedRows: false, withPagination: true, withCheckbox: true, headCellTooltip: true, separator: false, showFilters: false, updateData: "[Function]", updateSchema: "[Function]", onSelect: "[Function]", onSelectAll: "[Function]", updateSortingList: "[Function]", updateFilterList: "[Function]"
 (3ms)
    ✓ 
  totalRecords: 10, page: 20, pageSize: 15, loading: true, error: true, showHead: false, showMenu: false, draggable: true, nestedRows: false, withPagination: true, withCheckbox: true, headCellTooltip: false, separator: true, showFilters: true, updateData: "[Function]", updateSchema: "[Function]", onSelect: "[Function]", onSelectAll: "[Function]", updateSortingList: "[Function]", updateFilterList: "[Function]"
 (2ms)
    ✓ 
  totalRecords: 10, page: 20, pageSize: 15, loading: true, error: true, showHead: false, showMenu: false, draggable: true, nestedRows: false, withPagination: true, withCheckbox: true, headCellTooltip: false, separator: true, showFilters: false, updateData: "[Function]", updateSchema: "[Function]", onSelect: "[Function]", onSelectAll: "[Function]", updateSortingList: "[Function]", updateFilterList: "[Function]"
 (4ms)
    ✓ 
  totalRecords: 10, page: 20, pageSize: 15, loading: true, error: true, showHead: false, showMenu: false, draggable: true, nestedRows: false, withPagination: true, withCheckbox: true, headCellTooltip: false, separator: false, showFilters: true, updateData: "[Function]", updateSchema: "[Function]", onSelect: "[Function]", onSelectAll: "[Function]", updateSortingList: "[Function]", updateFilterList: "[Function]"
 (7ms)
    ✓ 
  totalRecords: 10, page: 20, pageSize: 15, loading: true, error: true, showHead: false, showMenu: false, draggable: true, nestedRows: false, withPagination: true, withCheckbox: true, headCellTooltip: false, separator: false, showFilters: false, updateData: "[Function]", updateSchema: "[Function]", onSelect: "[Function]", onSelectAll: "[Function]", updateSortingList: "[Function]", updateFilterList: "[Function]"
 (3ms)
    ✓ 
  totalRecords: 10, page: 20, pageSize: 15, loading: true, error: true, showHead: false, showMenu: false, draggable: true, nestedRows: false, withPagination: true, withCheckbox: false, headCellTooltip: true, separator: true, showFilters: true, updateData: "[Function]", updateSchema: "[Function]", onSelect: "[Function]", onSelectAll: "[Function]", updateSortingList: "[Function]", updateFilterList: "[Function]"
 (3ms)
    ✓ 
  totalRecords: 10, page: 20, pageSize: 15, loading: true, error: true, showHead: false, showMenu: false, draggable: true, nestedRows: false, withPagination: true, withCheckbox: false, headCellTooltip: true, separator: true, showFilters: false, updateData: "[Function]", updateSchema: "[Function]", onSelect: "[Function]", onSelectAll: "[Function]", updateSortingList: "[Function]", updateFilterList: "[Function]"
 (3ms)
    ✓ 
  totalRecords: 10, page: 20, pageSize: 15, loading: true, error: true, showHead: false, showMenu: false, draggable: true, nestedRows: false, withPagination: true, withCheckbox: false, headCellTooltip: true, separator: false, showFilters: true, updateData: "[Function]", updateSchema: "[Function]", onSelect: "[Function]", onSelectAll: "[Function]", updateSortingList: "[Function]", updateFilterList: "[Function]"
 (3ms)
    ✓ 
  totalRecords: 10, page: 20, pageSize: 15, loading: true, error: true, showHead: false, showMenu: false, draggable: true, nestedRows: false, withPagination: true, withCheckbox: false, headCellTooltip: true, separator: false, showFilters: false, updateData: "[Function]", updateSchema: "[Function]", onSelect: "[Function]", onSelectAll: "[Function]", updateSortingList: "[Function]", updateFilterList: "[Function]"
 (2ms)
    ✓ 
  totalRecords: 10, page: 20, pageSize: 15, loading: true, error: true, showHead: false, showMenu: false, draggable: true, nestedRows: false, withPagination: true, withCheckbox: false, headCellTooltip: false, separator: true, showFilters: true, updateData: "[Function]", updateSchema: "[Function]", onSelect: "[Function]", onSelectAll: "[Function]", updateSortingList: "[Function]", updateFilterList: "[Function]"
 (3ms)
    ✓ 
  totalRecords: 10, page: 20, pageSize: 15, loading: true, error: true, showHead: false, showMenu: false, draggable: true, nestedRows: false, withPagination: true, withCheckbox: false, headCellTooltip: false, separator: true, showFilters: false, updateData: "[Function]", updateSchema: "[Function]", onSelect: "[Function]", onSelectAll: "[Function]", updateSortingList: "[Function]", updateFilterList: "[Function]"
 (3ms)
    ✓ 
  totalRecords: 10, page: 20, pageSize: 15, loading: true, error: true, showHead: false, showMenu: false, draggable: true, nestedRows: false, withPagination: true, withCheckbox: false, headCellTooltip: false, separator: false, showFilters: true, updateData: "[Function]", updateSchema: "[Function]", onSelect: "[Function]", onSelectAll: "[Function]", updateSortingList: "[Function]", updateFilterList: "[Function]"
 (3ms)
    ✓ 
  totalRecords: 10, page: 20, pageSize: 15, loading: true, error: true, showHead: false, showMenu: false, draggable: true, nestedRows: false, withPagination: true, withCheckbox: false, headCellTooltip: false, separator: false, showFilters: false, updateData: "[Function]", updateSchema: "[Function]", onSelect: "[Function]", onSelectAll: "[Function]", updateSortingList: "[Function]", updateFilterList: "[Function]"
 (3ms)
    ✓ 
  totalRecords: 10, page: 20, pageSize: 15, loading: true, error: true, showHead: false, showMenu: false, draggable: true, nestedRows: false, withPagination: false, withCheckbox: true, headCellTooltip: true, separator: true, showFilters: true, updateData: "[Function]", updateSchema: "[Function]", onSelect: "[Function]", onSelectAll: "[Function]", updateSortingList: "[Function]", updateFilterList: "[Function]"
 (4ms)
    ✓ 
  totalRecords: 10, page: 20, pageSize: 15, loading: true, error: true, showHead: false, showMenu: false, draggable: true, nestedRows: false, withPagination: false, withCheckbox: true, headCellTooltip: true, separator: true, showFilters: false, updateData: "[Function]", updateSchema: "[Function]", onSelect: "[Function]", onSelectAll: "[Function]", updateSortingList: "[Function]", updateFilterList: "[Function]"
 (2ms)
    ✓ 
  totalRecords: 10, page: 20, pageSize: 15, loading: true, error: true, showHead: false, showMenu: false, draggable: true, nestedRows: false, withPagination: false, withCheckbox: true, headCellTooltip: true, separator: false, showFilters: true, updateData: "[Function]", updateSchema: "[Function]", onSelect: "[Function]", onSelectAll: "[Function]", updateSortingList: "[Function]", updateFilterList: "[Function]"
 (2ms)
    ✓ 
  totalRecords: 10, page: 20, pageSize: 15, loading: true, error: true, showHead: false, showMenu: false, draggable: true, nestedRows: false, withPagination: false, withCheckbox: true, headCellTooltip: true, separator: false, showFilters: false, updateData: "[Function]", updateSchema: "[Function]", onSelect: "[Function]", onSelectAll: "[Function]", updateSortingList: "[Function]", updateFilterList: "[Function]"
 (4ms)
    ✓ 
  totalRecords: 10, page: 20, pageSize: 15, loading: true, error: true, showHead: false, showMenu: false, draggable: true, nestedRows: false, withPagination: false, withCheckbox: true, headCellTooltip: false, separator: true, showFilters: true, updateData: "[Function]", updateSchema: "[Function]", onSelect: "[Function]", onSelectAll: "[Function]", updateSortingList: "[Function]", updateFilterList: "[Function]"
 (4ms)
    ✓ 
  totalRecords: 10, page: 20, pageSize: 15, loading: true, error: true, showHead: false, showMenu: false, draggable: true, nestedRows: false, withPagination: false, withCheckbox: true, headCellTooltip: false, separator: true, showFilters: false, updateData: "[Function]", updateSchema: "[Function]", onSelect: "[Function]", onSelectAll: "[Function]", updateSortingList: "[Function]", updateFilterList: "[Function]"
 (2ms)
    ✓ 
  totalRecords: 10, page: 20, pageSize: 15, loading: true, error: true, showHead: false, showMenu: false, draggable: true, nestedRows: false, withPagination: false, withCheckbox: true, headCellTooltip: false, separator: false, showFilters: true, updateData: "[Function]", updateSchema: "[Function]", onSelect: "[Function]", onSelectAll: "[Function]", updateSortingList: "[Function]", updateFilterList: "[Function]"
 (1ms)
    ✓ 
  totalRecords: 10, page: 20, pageSize: 15, loading: true, error: true, showHead: false, showMenu: false, draggable: true, nestedRows: false, withPagination: false, withCheckbox: true, headCellTooltip: false, separator: false, showFilters: false, updateData: "[Function]", updateSchema: "[Function]", onSelect: "[Function]", onSelectAll: "[Function]", updateSortingList: "[Function]", updateFilterList: "[Function]"
 (2ms)
    ✓ 
  totalRecords: 10, page: 20, pageSize: 15, loading: true, error: true, showHead: false, showMenu: false, draggable: true, nestedRows: false, withPagination: false, withCheckbox: false, headCellTooltip: true, separator: true, showFilters: true, updateData: "[Function]", updateSchema: "[Function]", onSelect: "[Function]", onSelectAll: "[Function]", updateSortingList: "[Function]", updateFilterList: "[Function]"
 (2ms)
    ✓ 
  totalRecords: 10, page: 20, pageSize: 15, loading: true, error: true, showHead: false, showMenu: false, draggable: true, nestedRows: false, withPagination: false, withCheckbox: false, headCellTooltip: true, separator: true, showFilters: false, updateData: "[Function]", updateSchema: "[Function]", onSelect: "[Function]", onSelectAll: "[Function]", updateSortingList: "[Function]", updateFilterList: "[Function]"
 (3ms)
    ✓ 
  totalRecords: 10, page: 20, pageSize: 15, loading: true, error: true, showHead: false, showMenu: false, draggable: true, nestedRows: false, withPagination: false, withCheckbox: false, headCellTooltip: true, separator: false, showFilters: true, updateData: "[Function]", updateSchema: "[Function]", onSelect: "[Function]", onSelectAll: "[Function]", updateSortingList: "[Function]", updateFilterList: "[Function]"
 (2ms)
    ✓ 
  totalRecords: 10, page: 20, pageSize: 15, loading: true, error: true, showHead: false, showMenu: false, draggable: true, nestedRows: false, withPagination: false, withCheckbox: false, headCellTooltip: true, separator: false, showFilters: false, updateData: "[Function]", updateSchema: "[Function]", onSelect: "[Function]", onSelectAll: "[Function]", updateSortingList: "[Function]", updateFilterList: "[Function]"
 (2ms)
    ✓ 
  totalRecords: 10, page: 20, pageSize: 15, loading: true, error: true, showHead: false, showMenu: false, draggable: true, nestedRows: false, withPagination: false, withCheckbox: false, headCellTooltip: false, separator: true, showFilters: true, updateData: "[Function]", updateSchema: "[Function]", onSelect: "[Function]", onSelectAll: "[Function]", updateSortingList: "[Function]", updateFilterList: "[Function]"
 (3ms)
    ✓ 
  totalRecords: 10, page: 20, pageSize: 15, loading: true, error: true, showHead: false, showMenu: false, draggable: true, nestedRows: false, withPagination: false, withCheckbox: false, headCellTooltip: false, separator: true, showFilters: false, updateData: "[Function]", updateSchema: "[Function]", onSelect: "[Function]", onSelectAll: "[Function]", updateSortingList: "[Function]", updateFilterList: "[Function]"
 (4ms)
    ✓ 
  totalRecords: 10, page: 20, pageSize: 15, loading: true, error: true, showHead: false, showMenu: false, draggable: true, nestedRows: false, withPagination: false, withCheckbox: false, headCellTooltip: false, separator: false, showFilters: true, updateData: "[Function]", updateSchema: "[Function]", onSelect: "[Function]", onSelectAll: "[Function]", updateSortingList: "[Function]", updateFilterList: "[Function]"
 (2ms)
    ✓ 
  totalRecords: 10, page: 20, pageSize: 15, loading: true, error: true, showHead: false, showMenu: false, draggable: true, nestedRows: false, withPagination: false, withCheckbox: false, headCellTooltip: false, separator: false, showFilters: false, updateData: "[Function]", updateSchema: "[Function]", onSelect: "[Function]", onSelectAll: "[Function]", updateSortingList: "[Function]", updateFilterList: "[Function]"
 (2ms)
    ✓ 
  totalRecords: 10, page: 20, pageSize: 15, loading: true, error: true, showHead: false, showMenu: false, draggable: false, nestedRows: true, withPagination: true, withCheckbox: true, headCellTooltip: true, separator: true, showFilters: true, updateData: "[Function]", updateSchema: "[Function]", onSelect: "[Function]", onSelectAll: "[Function]", updateSortingList: "[Function]", updateFilterList: "[Function]"
 (2ms)
    ✓ 
  totalRecords: 10, page: 20, pageSize: 15, loading: true, error: true, showHead: false, showMenu: false, draggable: false, nestedRows: true, withPagination: true, withCheckbox: true, headCellTooltip: true, separator: true, showFilters: false, updateData: "[Function]", updateSchema: "[Function]", onSelect: "[Function]", onSelectAll: "[Function]", updateSortingList: "[Function]", updateFilterList: "[Function]"
 (1ms)
    ✓ 
  totalRecords: 10, page: 20, pageSize: 15, loading: true, error: true, showHead: false, showMenu: false, draggable: false, nestedRows: true, withPagination: true, withCheckbox: true, headCellTooltip: true, separator: false, showFilters: true, updateData: "[Function]", updateSchema: "[Function]", onSelect: "[Function]", onSelectAll: "[Function]", updateSortingList: "[Function]", updateFilterList: "[Function]"
 (3ms)
    ✓ 
  totalRecords: 10, page: 20, pageSize: 15, loading: true, error: true, showHead: false, showMenu: false, draggable: false, nestedRows: true, withPagination: true, withCheckbox: true, headCellTooltip: true, separator: false, showFilters: false, updateData: "[Function]", updateSchema: "[Function]", onSelect: "[Function]", onSelectAll: "[Function]", updateSortingList: "[Function]", updateFilterList: "[Function]"
 (6ms)
    ✓ 
  totalRecords: 10, page: 20, pageSize: 15, loading: true, error: true, showHead: false, showMenu: false, draggable: false, nestedRows: true, withPagination: true, withCheckbox: true, headCellTooltip: false, separator: true, showFilters: true, updateData: "[Function]", updateSchema: "[Function]", onSelect: "[Function]", onSelectAll: "[Function]", updateSortingList: "[Function]", updateFilterList: "[Function]"
 (2ms)
    ✓ 
  totalRecords: 10, page: 20, pageSize: 15, loading: true, error: true, showHead: false, showMenu: false, draggable: false, nestedRows: true, withPagination: true, withCheckbox: true, headCellTooltip: false, separator: true, showFilters: false, updateData: "[Function]", updateSchema: "[Function]", onSelect: "[Function]", onSelectAll: "[Function]", updateSortingList: "[Function]", updateFilterList: "[Function]"
 (2ms)
    ✓ 
  totalRecords: 10, page: 20, pageSize: 15, loading: true, error: true, showHead: false, showMenu: false, draggable: false, nestedRows: true, withPagination: true, withCheckbox: true, headCellTooltip: false, separator: false, showFilters: true, updateData: "[Function]", updateSchema: "[Function]", onSelect: "[Function]", onSelectAll: "[Function]", updateSortingList: "[Function]", updateFilterList: "[Function]"
 (3ms)
    ✓ 
  totalRecords: 10, page: 20, pageSize: 15, loading: true, error: true, showHead: false, showMenu: false, draggable: false, nestedRows: true, withPagination: true, withCheckbox: true, headCellTooltip: false, separator: false, showFilters: false, updateData: "[Function]", updateSchema: "[Function]", onSelect: "[Function]", onSelectAll: "[Function]", updateSortingList: "[Function]", updateFilterList: "[Function]"
 (4ms)
    ✓ 
  totalRecords: 10, page: 20, pageSize: 15, loading: true, error: true, showHead: false, showMenu: false, draggable: false, nestedRows: true, withPagination: true, withCheckbox: false, headCellTooltip: true, separator: true, showFilters: true, updateData: "[Function]", updateSchema: "[Function]", onSelect: "[Function]", onSelectAll: "[Function]", updateSortingList: "[Function]", updateFilterList: "[Function]"
 (3ms)
    ✓ 
  totalRecords: 10, page: 20, pageSize: 15, loading: true, error: true, showHead: false, showMenu: false, draggable: false, nestedRows: true, withPagination: true, withCheckbox: false, headCellTooltip: true, separator: true, showFilters: false, updateData: "[Function]", updateSchema: "[Function]", onSelect: "[Function]", onSelectAll: "[Function]", updateSortingList: "[Function]", updateFilterList: "[Function]"
 (1ms)
    ✓ 
  totalRecords: 10, page: 20, pageSize: 15, loading: true, error: true, showHead: false, showMenu: false, draggable: false, nestedRows: true, withPagination: true, withCheckbox: false, headCellTooltip: true, separator: false, showFilters: true, updateData: "[Function]", updateSchema: "[Function]", onSelect: "[Function]", onSelectAll: "[Function]", updateSortingList: "[Function]", updateFilterList: "[Function]"
 (2ms)
    ✓ 
  totalRecords: 10, page: 20, pageSize: 15, loading: true, error: true, showHead: false, showMenu: false, draggable: false, nestedRows: true, withPagination: true, withCheckbox: false, headCellTooltip: true, separator: false, showFilters: false, updateData: "[Function]", updateSchema: "[Function]", onSelect: "[Function]", onSelectAll: "[Function]", updateSortingList: "[Function]", updateFilterList: "[Function]"
 (1ms)
    ✓ 
  totalRecords: 10, page: 20, pageSize: 15, loading: true, error: true, showHead: false, showMenu: false, draggable: false, nestedRows: true, withPagination: true, withCheckbox: false, headCellTooltip: false, separator: true, showFilters: true, updateData: "[Function]", updateSchema: "[Function]", onSelect: "[Function]", onSelectAll: "[Function]", updateSortingList: "[Function]", updateFilterList: "[Function]"
 (2ms)
    ✓ 
  totalRecords: 10, page: 20, pageSize: 15, loading: true, error: true, showHead: false, showMenu: false, draggable: false, nestedRows: true, withPagination: true, withCheckbox: false, headCellTooltip: false, separator: true, showFilters: false, updateData: "[Function]", updateSchema: "[Function]", onSelect: "[Function]", onSelectAll: "[Function]", updateSortingList: "[Function]", updateFilterList: "[Function]"
 (3ms)
    ✓ 
  totalRecords: 10, page: 20, pageSize: 15, loading: true, error: true, showHead: false, showMenu: false, draggable: false, nestedRows: true, withPagination: true, withCheckbox: false, headCellTooltip: false, separator: false, showFilters: true, updateData: "[Function]", updateSchema: "[Function]", onSelect: "[Function]", onSelectAll: "[Function]", updateSortingList: "[Function]", updateFilterList: "[Function]"
 (4ms)
    ✓ 
  totalRecords: 10, page: 20, pageSize: 15, loading: true, error: true, showHead: false, showMenu: false, draggable: false, nestedRows: true, withPagination: true, withCheckbox: false, headCellTooltip: false, separator: false, showFilters: false, updateData: "[Function]", updateSchema: "[Function]", onSelect: "[Function]", onSelectAll: "[Function]", updateSortingList: "[Function]", updateFilterList: "[Function]"
 (2ms)
    ✓ 
  totalRecords: 10, page: 20, pageSize: 15, loading: true, error: true, showHead: false, showMenu: false, draggable: false, nestedRows: true, withPagination: false, withCheckbox: true, headCellTooltip: true, separator: true, showFilters: true, updateData: "[Function]", updateSchema: "[Function]", onSelect: "[Function]", onSelectAll: "[Function]", updateSortingList: "[Function]", updateFilterList: "[Function]"
 (2ms)
    ✓ 
  totalRecords: 10, page: 20, pageSize: 15, loading: true, error: true, showHead: false, showMenu: false, draggable: false, nestedRows: true, withPagination: false, withCheckbox: true, headCellTooltip: true, separator: true, showFilters: false, updateData: "[Function]", updateSchema: "[Function]", onSelect: "[Function]", onSelectAll: "[Function]", updateSortingList: "[Function]", updateFilterList: "[Function]"
 (1ms)
    ✓ 
  totalRecords: 10, page: 20, pageSize: 15, loading: true, error: true, showHead: false, showMenu: false, draggable: false, nestedRows: true, withPagination: false, withCheckbox: true, headCellTooltip: true, separator: false, showFilters: true, updateData: "[Function]", updateSchema: "[Function]", onSelect: "[Function]", onSelectAll: "[Function]", updateSortingList: "[Function]", updateFilterList: "[Function]"
 (3ms)
    ✓ 
  totalRecords: 10, page: 20, pageSize: 15, loading: true, error: true, showHead: false, showMenu: false, draggable: false, nestedRows: true, withPagination: false, withCheckbox: true, headCellTooltip: true, separator: false, showFilters: false, updateData: "[Function]", updateSchema: "[Function]", onSelect: "[Function]", onSelectAll: "[Function]", updateSortingList: "[Function]", updateFilterList: "[Function]"
 (2ms)
    ✓ 
  totalRecords: 10, page: 20, pageSize: 15, loading: true, error: true, showHead: false, showMenu: false, draggable: false, nestedRows: true, withPagination: false, withCheckbox: true, headCellTooltip: false, separator: true, showFilters: true, updateData: "[Function]", updateSchema: "[Function]", onSelect: "[Function]", onSelectAll: "[Function]", updateSortingList: "[Function]", updateFilterList: "[Function]"
 (2ms)
    ✓ 
  totalRecords: 10, page: 20, pageSize: 15, loading: true, error: true, showHead: false, showMenu: false, draggable: false, nestedRows: true, withPagination: false, withCheckbox: true, headCellTooltip: false, separator: true, showFilters: false, updateData: "[Function]", updateSchema: "[Function]", onSelect: "[Function]", onSelectAll: "[Function]", updateSortingList: "[Function]", updateFilterList: "[Function]"
 (1ms)
    ✓ 
  totalRecords: 10, page: 20, pageSize: 15, loading: true, error: true, showHead: false, showMenu: false, draggable: false, nestedRows: true, withPagination: false, withCheckbox: true, headCellTooltip: false, separator: false, showFilters: true, updateData: "[Function]", updateSchema: "[Function]", onSelect: "[Function]", onSelectAll: "[Function]", updateSortingList: "[Function]", updateFilterList: "[Function]"
 (3ms)
    ✓ 
  totalRecords: 10, page: 20, pageSize: 15, loading: true, error: true, showHead: false, showMenu: false, draggable: false, nestedRows: true, withPagination: false, withCheckbox: true, headCellTooltip: false, separator: false, showFilters: false, updateData: "[Function]", updateSchema: "[Function]", onSelect: "[Function]", onSelectAll: "[Function]", updateSortingList: "[Function]", updateFilterList: "[Function]"
 (3ms)
    ✓ 
  totalRecords: 10, page: 20, pageSize: 15, loading: true, error: true, showHead: false, showMenu: false, draggable: false, nestedRows: true, withPagination: false, withCheckbox: false, headCellTooltip: true, separator: true, showFilters: true, updateData: "[Function]", updateSchema: "[Function]", onSelect: "[Function]", onSelectAll: "[Function]", updateSortingList: "[Function]", updateFilterList: "[Function]"
 (2ms)
    ✓ 
  totalRecords: 10, page: 20, pageSize: 15, loading: true, error: true, showHead: false, showMenu: false, draggable: false, nestedRows: true, withPagination: false, withCheckbox: false, headCellTooltip: true, separator: true, showFilters: false, updateData: "[Function]", updateSchema: "[Function]", onSelect: "[Function]", onSelectAll: "[Function]", updateSortingList: "[Function]", updateFilterList: "[Function]"
 (2ms)
    ✓ 
  totalRecords: 10, page: 20, pageSize: 15, loading: true, error: true, showHead: false, showMenu: false, draggable: false, nestedRows: true, withPagination: false, withCheckbox: false, headCellTooltip: true, separator: false, showFilters: true, updateData: "[Function]", updateSchema: "[Function]", onSelect: "[Function]", onSelectAll: "[Function]", updateSortingList: "[Function]", updateFilterList: "[Function]"
 (2ms)
    ✓ 
  totalRecords: 10, page: 20, pageSize: 15, loading: true, error: true, showHead: false, showMenu: false, draggable: false, nestedRows: true, withPagination: false, withCheckbox: false, headCellTooltip: true, separator: false, showFilters: false, updateData: "[Function]", updateSchema: "[Function]", onSelect: "[Function]", onSelectAll: "[Function]", updateSortingList: "[Function]", updateFilterList: "[Function]"
 (3ms)
    ✓ 
  totalRecords: 10, page: 20, pageSize: 15, loading: true, error: true, showHead: false, showMenu: false, draggable: false, nestedRows: true, withPagination: false, withCheckbox: false, headCellTooltip: false, separator: true, showFilters: true, updateData: "[Function]", updateSchema: "[Function]", onSelect: "[Function]", onSelectAll: "[Function]", updateSortingList: "[Function]", updateFilterList: "[Function]"
 (2ms)
    ✓ 
  totalRecords: 10, page: 20, pageSize: 15, loading: true, error: true, showHead: false, showMenu: false, draggable: false, nestedRows: true, withPagination: false, withCheckbox: false, headCellTooltip: false, separator: true, showFilters: false, updateData: "[Function]", updateSchema: "[Function]", onSelect: "[Function]", onSelectAll: "[Function]", updateSortingList: "[Function]", updateFilterList: "[Function]"
 (1ms)
    ✓ 
  totalRecords: 10, page: 20, pageSize: 15, loading: true, error: true, showHead: false, showMenu: false, draggable: false, nestedRows: true, withPagination: false, withCheckbox: false, headCellTooltip: false, separator: false, showFilters: true, updateData: "[Function]", updateSchema: "[Function]", onSelect: "[Function]", onSelectAll: "[Function]", updateSortingList: "[Function]", updateFilterList: "[Function]"
 (3ms)
    ✓ 
  totalRecords: 10, page: 20, pageSize: 15, loading: true, error: true, showHead: false, showMenu: false, draggable: false, nestedRows: true, withPagination: false, withCheckbox: false, headCellTooltip: false, separator: false, showFilters: false, updateData: "[Function]", updateSchema: "[Function]", onSelect: "[Function]", onSelectAll: "[Function]", updateSortingList: "[Function]", updateFilterList: "[Function]"
 (2ms)
    ✓ 
  totalRecords: 10, page: 20, pageSize: 15, loading: true, error: true, showHead: false, showMenu: false, draggable: false, nestedRows: false, withPagination: true, withCheckbox: true, headCellTooltip: true, separator: true, showFilters: true, updateData: "[Function]", updateSchema: "[Function]", onSelect: "[Function]", onSelectAll: "[Function]", updateSortingList: "[Function]", updateFilterList: "[Function]"
 (1ms)
    ✓ 
  totalRecords: 10, page: 20, pageSize: 15, loading: true, error: true, showHead: false, showMenu: false, draggable: false, nestedRows: false, withPagination: true, withCheckbox: true, headCellTooltip: true, separator: true, showFilters: false, updateData: "[Function]", updateSchema: "[Function]", onSelect: "[Function]", onSelectAll: "[Function]", updateSortingList: "[Function]", updateFilterList: "[Function]"
 (8ms)
    ✓ 
  totalRecords: 10, page: 20, pageSize: 15, loading: true, error: true, showHead: false, showMenu: false, draggable: false, nestedRows: false, withPagination: true, withCheckbox: true, headCellTooltip: true, separator: false, showFilters: true, updateData: "[Function]", updateSchema: "[Function]", onSelect: "[Function]", onSelectAll: "[Function]", updateSortingList: "[Function]", updateFilterList: "[Function]"
 (2ms)
    ✓ 
  totalRecords: 10, page: 20, pageSize: 15, loading: true, error: true, showHead: false, showMenu: false, draggable: false, nestedRows: false, withPagination: true, withCheckbox: true, headCellTooltip: true, separator: false, showFilters: false, updateData: "[Function]", updateSchema: "[Function]", onSelect: "[Function]", onSelectAll: "[Function]", updateSortingList: "[Function]", updateFilterList: "[Function]"
 (2ms)
    ✓ 
  totalRecords: 10, page: 20, pageSize: 15, loading: true, error: true, showHead: false, showMenu: false, draggable: false, nestedRows: false, withPagination: true, withCheckbox: true, headCellTooltip: false, separator: true, showFilters: true, updateData: "[Function]", updateSchema: "[Function]", onSelect: "[Function]", onSelectAll: "[Function]", updateSortingList: "[Function]", updateFilterList: "[Function]"
 (2ms)
    ✓ 
  totalRecords: 10, page: 20, pageSize: 15, loading: true, error: true, showHead: false, showMenu: false, draggable: false, nestedRows: false, withPagination: true, withCheckbox: true, headCellTooltip: false, separator: true, showFilters: false, updateData: "[Function]", updateSchema: "[Function]", onSelect: "[Function]", onSelectAll: "[Function]", updateSortingList: "[Function]", updateFilterList: "[Function]"
 (1ms)
    ✓ 
  totalRecords: 10, page: 20, pageSize: 15, loading: true, error: true, showHead: false, showMenu: false, draggable: false, nestedRows: false, withPagination: true, withCheckbox: true, headCellTooltip: false, separator: false, showFilters: true, updateData: "[Function]", updateSchema: "[Function]", onSelect: "[Function]", onSelectAll: "[Function]", updateSortingList: "[Function]", updateFilterList: "[Function]"
 (2ms)
    ✓ 
  totalRecords: 10, page: 20, pageSize: 15, loading: true, error: true, showHead: false, showMenu: false, draggable: false, nestedRows: false, withPagination: true, withCheckbox: true, headCellTooltip: false, separator: false, showFilters: false, updateData: "[Function]", updateSchema: "[Function]", onSelect: "[Function]", onSelectAll: "[Function]", updateSortingList: "[Function]", updateFilterList: "[Function]"
 (5ms)
    ✓ 
  totalRecords: 10, page: 20, pageSize: 15, loading: true, error: true, showHead: false, showMenu: false, draggable: false, nestedRows: false, withPagination: true, withCheckbox: false, headCellTooltip: true, separator: true, showFilters: true, updateData: "[Function]", updateSchema: "[Function]", onSelect: "[Function]", onSelectAll: "[Function]", updateSortingList: "[Function]", updateFilterList: "[Function]"
 (4ms)
    ✓ 
  totalRecords: 10, page: 20, pageSize: 15, loading: true, error: true, showHead: false, showMenu: false, draggable: false, nestedRows: false, withPagination: true, withCheckbox: false, headCellTooltip: true, separator: true, showFilters: false, updateData: "[Function]", updateSchema: "[Function]", onSelect: "[Function]", onSelectAll: "[Function]", updateSortingList: "[Function]", updateFilterList: "[Function]"
 (4ms)
    ✓ 
  totalRecords: 10, page: 20, pageSize: 15, loading: true, error: true, showHead: false, showMenu: false, draggable: false, nestedRows: false, withPagination: true, withCheckbox: false, headCellTooltip: true, separator: false, showFilters: true, updateData: "[Function]", updateSchema: "[Function]", onSelect: "[Function]", onSelectAll: "[Function]", updateSortingList: "[Function]", updateFilterList: "[Function]"
 (4ms)
    ✓ 
  totalRecords: 10, page: 20, pageSize: 15, loading: true, error: true, showHead: false, showMenu: false, draggable: false, nestedRows: false, withPagination: true, withCheckbox: false, headCellTooltip: true, separator: false, showFilters: false, updateData: "[Function]", updateSchema: "[Function]", onSelect: "[Function]", onSelectAll: "[Function]", updateSortingList: "[Function]", updateFilterList: "[Function]"
 (4ms)
    ✓ 
  totalRecords: 10, page: 20, pageSize: 15, loading: true, error: true, showHead: false, showMenu: false, draggable: false, nestedRows: false, withPagination: true, withCheckbox: false, headCellTooltip: false, separator: true, showFilters: true, updateData: "[Function]", updateSchema: "[Function]", onSelect: "[Function]", onSelectAll: "[Function]", updateSortingList: "[Function]", updateFilterList: "[Function]"
 (3ms)
    ✓ 
  totalRecords: 10, page: 20, pageSize: 15, loading: true, error: true, showHead: false, showMenu: false, draggable: false, nestedRows: false, withPagination: true, withCheckbox: false, headCellTooltip: false, separator: true, showFilters: false, updateData: "[Function]", updateSchema: "[Function]", onSelect: "[Function]", onSelectAll: "[Function]", updateSortingList: "[Function]", updateFilterList: "[Function]"
 (4ms)
    ✓ 
  totalRecords: 10, page: 20, pageSize: 15, loading: true, error: true, showHead: false, showMenu: false, draggable: false, nestedRows: false, withPagination: true, withCheckbox: false, headCellTooltip: false, separator: false, showFilters: true, updateData: "[Function]", updateSchema: "[Function]", onSelect: "[Function]", onSelectAll: "[Function]", updateSortingList: "[Function]", updateFilterList: "[Function]"
 (2ms)
    ✓ 
  totalRecords: 10, page: 20, pageSize: 15, loading: true, error: true, showHead: false, showMenu: false, draggable: false, nestedRows: false, withPagination: true, withCheckbox: false, headCellTooltip: false, separator: false, showFilters: false, updateData: "[Function]", updateSchema: "[Function]", onSelect: "[Function]", onSelectAll: "[Function]", updateSortingList: "[Function]", updateFilterList: "[Function]"
 (2ms)
    ✓ 
  totalRecords: 10, page: 20, pageSize: 15, loading: true, error: true, showHead: false, showMenu: false, draggable: false, nestedRows: false, withPagination: false, withCheckbox: true, headCellTooltip: true, separator: true, showFilters: true, updateData: "[Function]", updateSchema: "[Function]", onSelect: "[Function]", onSelectAll: "[Function]", updateSortingList: "[Function]", updateFilterList: "[Function]"
 (2ms)
    ✓ 
  totalRecords: 10, page: 20, pageSize: 15, loading: true, error: true, showHead: false, showMenu: false, draggable: false, nestedRows: false, withPagination: false, withCheckbox: true, headCellTooltip: true, separator: true, showFilters: false, updateData: "[Function]", updateSchema: "[Function]", onSelect: "[Function]", onSelectAll: "[Function]", updateSortingList: "[Function]", updateFilterList: "[Function]"
 (2ms)
    ✓ 
  totalRecords: 10, page: 20, pageSize: 15, loading: true, error: true, showHead: false, showMenu: false, draggable: false, nestedRows: false, withPagination: false, withCheckbox: true, headCellTooltip: true, separator: false, showFilters: true, updateData: "[Function]", updateSchema: "[Function]", onSelect: "[Function]", onSelectAll: "[Function]", updateSortingList: "[Function]", updateFilterList: "[Function]"
 (4ms)
    ✓ 
  totalRecords: 10, page: 20, pageSize: 15, loading: true, error: true, showHead: false, showMenu: false, draggable: false, nestedRows: false, withPagination: false, withCheckbox: true, headCellTooltip: true, separator: false, showFilters: false, updateData: "[Function]", updateSchema: "[Function]", onSelect: "[Function]", onSelectAll: "[Function]", updateSortingList: "[Function]", updateFilterList: "[Function]"
 (2ms)
    ✓ 
  totalRecords: 10, page: 20, pageSize: 15, loading: true, error: true, showHead: false, showMenu: false, draggable: false, nestedRows: false, withPagination: false, withCheckbox: true, headCellTooltip: false, separator: true, showFilters: true, updateData: "[Function]", updateSchema: "[Function]", onSelect: "[Function]", onSelectAll: "[Function]", updateSortingList: "[Function]", updateFilterList: "[Function]"
 (6ms)
    ✓ 
  totalRecords: 10, page: 20, pageSize: 15, loading: true, error: true, showHead: false, showMenu: false, draggable: false, nestedRows: false, withPagination: false, withCheckbox: true, headCellTooltip: false, separator: true, showFilters: false, updateData: "[Function]", updateSchema: "[Function]", onSelect: "[Function]", onSelectAll: "[Function]", updateSortingList: "[Function]", updateFilterList: "[Function]"
 (2ms)
    ✓ 
  totalRecords: 10, page: 20, pageSize: 15, loading: true, error: true, showHead: false, showMenu: false, draggable: false, nestedRows: false, withPagination: false, withCheckbox: true, headCellTooltip: false, separator: false, showFilters: true, updateData: "[Function]", updateSchema: "[Function]", onSelect: "[Function]", onSelectAll: "[Function]", updateSortingList: "[Function]", updateFilterList: "[Function]"
 (3ms)
    ✓ 
  totalRecords: 10, page: 20, pageSize: 15, loading: true, error: true, showHead: false, showMenu: false, draggable: false, nestedRows: false, withPagination: false, withCheckbox: true, headCellTooltip: false, separator: false, showFilters: false, updateData: "[Function]", updateSchema: "[Function]", onSelect: "[Function]", onSelectAll: "[Function]", updateSortingList: "[Function]", updateFilterList: "[Function]"
 (2ms)
    ✓ 
  totalRecords: 10, page: 20, pageSize: 15, loading: true, error: true, showHead: false, showMenu: false, draggable: false, nestedRows: false, withPagination: false, withCheckbox: false, headCellTooltip: true, separator: true, showFilters: true, updateData: "[Function]", updateSchema: "[Function]", onSelect: "[Function]", onSelectAll: "[Function]", updateSortingList: "[Function]", updateFilterList: "[Function]"
 (1ms)
    ✓ 
  totalRecords: 10, page: 20, pageSize: 15, loading: true, error: true, showHead: false, showMenu: false, draggable: false, nestedRows: false, withPagination: false, withCheckbox: false, headCellTooltip: true, separator: true, showFilters: false, updateData: "[Function]", updateSchema: "[Function]", onSelect: "[Function]", onSelectAll: "[Function]", updateSortingList: "[Function]", updateFilterList: "[Function]"
 (2ms)
    ✓ 
  totalRecords: 10, page: 20, pageSize: 15, loading: true, error: true, showHead: false, showMenu: false, draggable: false, nestedRows: false, withPagination: false, withCheckbox: false, headCellTooltip: true, separator: false, showFilters: true, updateData: "[Function]", updateSchema: "[Function]", onSelect: "[Function]", onSelectAll: "[Function]", updateSortingList: "[Function]", updateFilterList: "[Function]"
 (4ms)
    ✓ 
  totalRecords: 10, page: 20, pageSize: 15, loading: true, error: true, showHead: false, showMenu: false, draggable: false, nestedRows: false, withPagination: false, withCheckbox: false, headCellTooltip: true, separator: false, showFilters: false, updateData: "[Function]", updateSchema: "[Function]", onSelect: "[Function]", onSelectAll: "[Function]", updateSortingList: "[Function]", updateFilterList: "[Function]"
 (1ms)
    ✓ 
  totalRecords: 10, page: 20, pageSize: 15, loading: true, error: true, showHead: false, showMenu: false, draggable: false, nestedRows: false, withPagination: false, withCheckbox: false, headCellTooltip: false, separator: true, showFilters: true, updateData: "[Function]", updateSchema: "[Function]", onSelect: "[Function]", onSelectAll: "[Function]", updateSortingList: "[Function]", updateFilterList: "[Function]"
 (4ms)
    ✓ 
  totalRecords: 10, page: 20, pageSize: 15, loading: true, error: true, showHead: false, showMenu: false, draggable: false, nestedRows: false, withPagination: false, withCheckbox: false, headCellTooltip: false, separator: true, showFilters: false, updateData: "[Function]", updateSchema: "[Function]", onSelect: "[Function]", onSelectAll: "[Function]", updateSortingList: "[Function]", updateFilterList: "[Function]"
 (4ms)
    ✓ 
  totalRecords: 10, page: 20, pageSize: 15, loading: true, error: true, showHead: false, showMenu: false, draggable: false, nestedRows: false, withPagination: false, withCheckbox: false, headCellTooltip: false, separator: false, showFilters: true, updateData: "[Function]", updateSchema: "[Function]", onSelect: "[Function]", onSelectAll: "[Function]", updateSortingList: "[Function]", updateFilterList: "[Function]"
 (3ms)
    ✓ 
  totalRecords: 10, page: 20, pageSize: 15, loading: true, error: true, showHead: false, showMenu: false, draggable: false, nestedRows: false, withPagination: false, withCheckbox: false, headCellTooltip: false, separator: false, showFilters: false, updateData: "[Function]", updateSchema: "[Function]", onSelect: "[Function]", onSelectAll: "[Function]", updateSortingList: "[Function]", updateFilterList: "[Function]"
 (3ms)
    ✓ 
  totalRecords: 10, page: 20, pageSize: 15, loading: true, error: false, showHead: true, showMenu: true, draggable: true, nestedRows: true, withPagination: true, withCheckbox: true, headCellTooltip: true, separator: true, showFilters: true, updateData: "[Function]", updateSchema: "[Function]", onSelect: "[Function]", onSelectAll: "[Function]", updateSortingList: "[Function]", updateFilterList: "[Function]"
 (3ms)
    ✓ 
  totalRecords: 10, page: 20, pageSize: 15, loading: true, error: false, showHead: true, showMenu: true, draggable: true, nestedRows: true, withPagination: true, withCheckbox: true, headCellTooltip: true, separator: true, showFilters: false, updateData: "[Function]", updateSchema: "[Function]", onSelect: "[Function]", onSelectAll: "[Function]", updateSortingList: "[Function]", updateFilterList: "[Function]"
 (3ms)
    ✓ 
  totalRecords: 10, page: 20, pageSize: 15, loading: true, error: false, showHead: true, showMenu: true, draggable: true, nestedRows: true, withPagination: true, withCheckbox: true, headCellTooltip: true, separator: false, showFilters: true, updateData: "[Function]", updateSchema: "[Function]", onSelect: "[Function]", onSelectAll: "[Function]", updateSortingList: "[Function]", updateFilterList: "[Function]"
 (1ms)
    ✓ 
  totalRecords: 10, page: 20, pageSize: 15, loading: true, error: false, showHead: true, showMenu: true, draggable: true, nestedRows: true, withPagination: true, withCheckbox: true, headCellTooltip: true, separator: false, showFilters: false, updateData: "[Function]", updateSchema: "[Function]", onSelect: "[Function]", onSelectAll: "[Function]", updateSortingList: "[Function]", updateFilterList: "[Function]"
 (2ms)
    ✓ 
  totalRecords: 10, page: 20, pageSize: 15, loading: true, error: false, showHead: true, showMenu: true, draggable: true, nestedRows: true, withPagination: true, withCheckbox: true, headCellTooltip: false, separator: true, showFilters: true, updateData: "[Function]", updateSchema: "[Function]", onSelect: "[Function]", onSelectAll: "[Function]", updateSortingList: "[Function]", updateFilterList: "[Function]"
 (2ms)
    ✓ 
  totalRecords: 10, page: 20, pageSize: 15, loading: true, error: false, showHead: true, showMenu: true, draggable: true, nestedRows: true, withPagination: true, withCheckbox: true, headCellTooltip: false, separator: true, showFilters: false, updateData: "[Function]", updateSchema: "[Function]", onSelect: "[Function]", onSelectAll: "[Function]", updateSortingList: "[Function]", updateFilterList: "[Function]"
 (5ms)
    ✓ 
  totalRecords: 10, page: 20, pageSize: 15, loading: true, error: false, showHead: true, showMenu: true, draggable: true, nestedRows: true, withPagination: true, withCheckbox: true, headCellTooltip: false, separator: false, showFilters: true, updateData: "[Function]", updateSchema: "[Function]", onSelect: "[Function]", onSelectAll: "[Function]", updateSortingList: "[Function]", updateFilterList: "[Function]"
 (6ms)
    ✓ 
  totalRecords: 10, page: 20, pageSize: 15, loading: true, error: false, showHead: true, showMenu: true, draggable: true, nestedRows: true, withPagination: true, withCheckbox: true, headCellTooltip: false, separator: false, showFilters: false, updateData: "[Function]", updateSchema: "[Function]", onSelect: "[Function]", onSelectAll: "[Function]", updateSortingList: "[Function]", updateFilterList: "[Function]"
 (2ms)
    ✓ 
  totalRecords: 10, page: 20, pageSize: 15, loading: true, error: false, showHead: true, showMenu: true, draggable: true, nestedRows: true, withPagination: true, withCheckbox: false, headCellTooltip: true, separator: true, showFilters: true, updateData: "[Function]", updateSchema: "[Function]", onSelect: "[Function]", onSelectAll: "[Function]", updateSortingList: "[Function]", updateFilterList: "[Function]"
 (2ms)
    ✓ 
  totalRecords: 10, page: 20, pageSize: 15, loading: true, error: false, showHead: true, showMenu: true, draggable: true, nestedRows: true, withPagination: true, withCheckbox: false, headCellTooltip: true, separator: true, showFilters: false, updateData: "[Function]", updateSchema: "[Function]", onSelect: "[Function]", onSelectAll: "[Function]", updateSortingList: "[Function]", updateFilterList: "[Function]"
 (1ms)
    ✓ 
  totalRecords: 10, page: 20, pageSize: 15, loading: true, error: false, showHead: true, showMenu: true, draggable: true, nestedRows: true, withPagination: true, withCheckbox: false, headCellTooltip: true, separator: false, showFilters: true, updateData: "[Function]", updateSchema: "[Function]", onSelect: "[Function]", onSelectAll: "[Function]", updateSortingList: "[Function]", updateFilterList: "[Function]"
 (3ms)
    ✓ 
  totalRecords: 10, page: 20, pageSize: 15, loading: true, error: false, showHead: true, showMenu: true, draggable: true, nestedRows: true, withPagination: true, withCheckbox: false, headCellTooltip: true, separator: false, showFilters: false, updateData: "[Function]", updateSchema: "[Function]", onSelect: "[Function]", onSelectAll: "[Function]", updateSortingList: "[Function]", updateFilterList: "[Function]"
 (2ms)
    ✓ 
  totalRecords: 10, page: 20, pageSize: 15, loading: true, error: false, showHead: true, showMenu: true, draggable: true, nestedRows: true, withPagination: true, withCheckbox: false, headCellTooltip: false, separator: true, showFilters: true, updateData: "[Function]", updateSchema: "[Function]", onSelect: "[Function]", onSelectAll: "[Function]", updateSortingList: "[Function]", updateFilterList: "[Function]"
 (2ms)
    ✓ 
  totalRecords: 10, page: 20, pageSize: 15, loading: true, error: false, showHead: true, showMenu: true, draggable: true, nestedRows: true, withPagination: true, withCheckbox: false, headCellTooltip: false, separator: true, showFilters: false, updateData: "[Function]", updateSchema: "[Function]", onSelect: "[Function]", onSelectAll: "[Function]", updateSortingList: "[Function]", updateFilterList: "[Function]"
 (1ms)
    ✓ 
  totalRecords: 10, page: 20, pageSize: 15, loading: true, error: false, showHead: true, showMenu: true, draggable: true, nestedRows: true, withPagination: true, withCheckbox: false, headCellTooltip: false, separator: false, showFilters: true, updateData: "[Function]", updateSchema: "[Function]", onSelect: "[Function]", onSelectAll: "[Function]", updateSortingList: "[Function]", updateFilterList: "[Function]"
 (2ms)
    ✓ 
  totalRecords: 10, page: 20, pageSize: 15, loading: true, error: false, showHead: true, showMenu: true, draggable: true, nestedRows: true, withPagination: true, withCheckbox: false, headCellTooltip: false, separator: false, showFilters: false, updateData: "[Function]", updateSchema: "[Function]", onSelect: "[Function]", onSelectAll: "[Function]", updateSortingList: "[Function]", updateFilterList: "[Function]"
 (6ms)
    ✓ 
  totalRecords: 10, page: 20, pageSize: 15, loading: true, error: false, showHead: true, showMenu: true, draggable: true, nestedRows: true, withPagination: false, withCheckbox: true, headCellTooltip: true, separator: true, showFilters: true, updateData: "[Function]", updateSchema: "[Function]", onSelect: "[Function]", onSelectAll: "[Function]", updateSortingList: "[Function]", updateFilterList: "[Function]"
 (2ms)
    ✓ 
  totalRecords: 10, page: 20, pageSize: 15, loading: true, error: false, showHead: true, showMenu: true, draggable: true, nestedRows: true, withPagination: false, withCheckbox: true, headCellTooltip: true, separator: true, showFilters: false, updateData: "[Function]", updateSchema: "[Function]", onSelect: "[Function]", onSelectAll: "[Function]", updateSortingList: "[Function]", updateFilterList: "[Function]"
 (3ms)
    ✓ 
  totalRecords: 10, page: 20, pageSize: 15, loading: true, error: false, showHead: true, showMenu: true, draggable: true, nestedRows: true, withPagination: false, withCheckbox: true, headCellTooltip: true, separator: false, showFilters: true, updateData: "[Function]", updateSchema: "[Function]", onSelect: "[Function]", onSelectAll: "[Function]", updateSortingList: "[Function]", updateFilterList: "[Function]"
 (2ms)
    ✓ 
  totalRecords: 10, page: 20, pageSize: 15, loading: true, error: false, showHead: true, showMenu: true, draggable: true, nestedRows: true, withPagination: false, withCheckbox: true, headCellTooltip: true, separator: false, showFilters: false, updateData: "[Function]", updateSchema: "[Function]", onSelect: "[Function]", onSelectAll: "[Function]", updateSortingList: "[Function]", updateFilterList: "[Function]"
 (2ms)
    ✓ 
  totalRecords: 10, page: 20, pageSize: 15, loading: true, error: false, showHead: true, showMenu: true, draggable: true, nestedRows: true, withPagination: false, withCheckbox: true, headCellTooltip: false, separator: true, showFilters: true, updateData: "[Function]", updateSchema: "[Function]", onSelect: "[Function]", onSelectAll: "[Function]", updateSortingList: "[Function]", updateFilterList: "[Function]"
 (1ms)
    ✓ 
  totalRecords: 10, page: 20, pageSize: 15, loading: true, error: false, showHead: true, showMenu: true, draggable: true, nestedRows: true, withPagination: false, withCheckbox: true, headCellTooltip: false, separator: true, showFilters: false, updateData: "[Function]", updateSchema: "[Function]", onSelect: "[Function]", onSelectAll: "[Function]", updateSortingList: "[Function]", updateFilterList: "[Function]"
 (2ms)
    ✓ 
  totalRecords: 10, page: 20, pageSize: 15, loading: true, error: false, showHead: true, showMenu: true, draggable: true, nestedRows: true, withPagination: false, withCheckbox: true, headCellTooltip: false, separator: false, showFilters: true, updateData: "[Function]", updateSchema: "[Function]", onSelect: "[Function]", onSelectAll: "[Function]", updateSortingList: "[Function]", updateFilterList: "[Function]"
 (2ms)
    ✓ 
  totalRecords: 10, page: 20, pageSize: 15, loading: true, error: false, showHead: true, showMenu: true, draggable: true, nestedRows: true, withPagination: false, withCheckbox: true, headCellTooltip: false, separator: false, showFilters: false, updateData: "[Function]", updateSchema: "[Function]", onSelect: "[Function]", onSelectAll: "[Function]", updateSortingList: "[Function]", updateFilterList: "[Function]"
 (2ms)
    ✓ 
  totalRecords: 10, page: 20, pageSize: 15, loading: true, error: false, showHead: true, showMenu: true, draggable: true, nestedRows: true, withPagination: false, withCheckbox: false, headCellTooltip: true, separator: true, showFilters: true, updateData: "[Function]", updateSchema: "[Function]", onSelect: "[Function]", onSelectAll: "[Function]", updateSortingList: "[Function]", updateFilterList: "[Function]"
 (5ms)
    ✓ 
  totalRecords: 10, page: 20, pageSize: 15, loading: true, error: false, showHead: true, showMenu: true, draggable: true, nestedRows: true, withPagination: false, withCheckbox: false, headCellTooltip: true, separator: true, showFilters: false, updateData: "[Function]", updateSchema: "[Function]", onSelect: "[Function]", onSelectAll: "[Function]", updateSortingList: "[Function]", updateFilterList: "[Function]"
 (2ms)
    ✓ 
  totalRecords: 10, page: 20, pageSize: 15, loading: true, error: false, showHead: true, showMenu: true, draggable: true, nestedRows: true, withPagination: false, withCheckbox: false, headCellTooltip: true, separator: false, showFilters: true, updateData: "[Function]", updateSchema: "[Function]", onSelect: "[Function]", onSelectAll: "[Function]", updateSortingList: "[Function]", updateFilterList: "[Function]"
 (2ms)
    ✓ 
  totalRecords: 10, page: 20, pageSize: 15, loading: true, error: false, showHead: true, showMenu: true, draggable: true, nestedRows: true, withPagination: false, withCheckbox: false, headCellTooltip: true, separator: false, showFilters: false, updateData: "[Function]", updateSchema: "[Function]", onSelect: "[Function]", onSelectAll: "[Function]", updateSortingList: "[Function]", updateFilterList: "[Function]"
 (1ms)
    ✓ 
  totalRecords: 10, page: 20, pageSize: 15, loading: true, error: false, showHead: true, showMenu: true, draggable: true, nestedRows: true, withPagination: false, withCheckbox: false, headCellTooltip: false, separator: true, showFilters: true, updateData: "[Function]", updateSchema: "[Function]", onSelect: "[Function]", onSelectAll: "[Function]", updateSortingList: "[Function]", updateFilterList: "[Function]"
 (3ms)
    ✓ 
  totalRecords: 10, page: 20, pageSize: 15, loading: true, error: false, showHead: true, showMenu: true, draggable: true, nestedRows: true, withPagination: false, withCheckbox: false, headCellTooltip: false, separator: true, showFilters: false, updateData: "[Function]", updateSchema: "[Function]", onSelect: "[Function]", onSelectAll: "[Function]", updateSortingList: "[Function]", updateFilterList: "[Function]"
 (2ms)
    ✓ 
  totalRecords: 10, page: 20, pageSize: 15, loading: true, error: false, showHead: true, showMenu: true, draggable: true, nestedRows: true, withPagination: false, withCheckbox: false, headCellTooltip: false, separator: false, showFilters: true, updateData: "[Function]", updateSchema: "[Function]", onSelect: "[Function]", onSelectAll: "[Function]", updateSortingList: "[Function]", updateFilterList: "[Function]"
 (3ms)
    ✓ 
  totalRecords: 10, page: 20, pageSize: 15, loading: true, error: false, showHead: true, showMenu: true, draggable: true, nestedRows: true, withPagination: false, withCheckbox: false, headCellTooltip: false, separator: false, showFilters: false, updateData: "[Function]", updateSchema: "[Function]", onSelect: "[Function]", onSelectAll: "[Function]", updateSortingList: "[Function]", updateFilterList: "[Function]"
 (3ms)
    ✓ 
  totalRecords: 10, page: 20, pageSize: 15, loading: true, error: false, showHead: true, showMenu: true, draggable: true, nestedRows: false, withPagination: true, withCheckbox: true, headCellTooltip: true, separator: true, showFilters: true, updateData: "[Function]", updateSchema: "[Function]", onSelect: "[Function]", onSelectAll: "[Function]", updateSortingList: "[Function]", updateFilterList: "[Function]"
 (4ms)
    ✓ 
  totalRecords: 10, page: 20, pageSize: 15, loading: true, error: false, showHead: true, showMenu: true, draggable: true, nestedRows: false, withPagination: true, withCheckbox: true, headCellTooltip: true, separator: true, showFilters: false, updateData: "[Function]", updateSchema: "[Function]", onSelect: "[Function]", onSelectAll: "[Function]", updateSortingList: "[Function]", updateFilterList: "[Function]"
 (3ms)
    ✓ 
  totalRecords: 10, page: 20, pageSize: 15, loading: true, error: false, showHead: true, showMenu: true, draggable: true, nestedRows: false, withPagination: true, withCheckbox: true, headCellTooltip: true, separator: false, showFilters: true, updateData: "[Function]", updateSchema: "[Function]", onSelect: "[Function]", onSelectAll: "[Function]", updateSortingList: "[Function]", updateFilterList: "[Function]"
 (3ms)
    ✓ 
  totalRecords: 10, page: 20, pageSize: 15, loading: true, error: false, showHead: true, showMenu: true, draggable: true, nestedRows: false, withPagination: true, withCheckbox: true, headCellTooltip: true, separator: false, showFilters: false, updateData: "[Function]", updateSchema: "[Function]", onSelect: "[Function]", onSelectAll: "[Function]", updateSortingList: "[Function]", updateFilterList: "[Function]"
 (2ms)
    ✓ 
  totalRecords: 10, page: 20, pageSize: 15, loading: true, error: false, showHead: true, showMenu: true, draggable: true, nestedRows: false, withPagination: true, withCheckbox: true, headCellTooltip: false, separator: true, showFilters: true, updateData: "[Function]", updateSchema: "[Function]", onSelect: "[Function]", onSelectAll: "[Function]", updateSortingList: "[Function]", updateFilterList: "[Function]"
 (3ms)
    ✓ 
  totalRecords: 10, page: 20, pageSize: 15, loading: true, error: false, showHead: true, showMenu: true, draggable: true, nestedRows: false, withPagination: true, withCheckbox: true, headCellTooltip: false, separator: true, showFilters: false, updateData: "[Function]", updateSchema: "[Function]", onSelect: "[Function]", onSelectAll: "[Function]", updateSortingList: "[Function]", updateFilterList: "[Function]"
 (2ms)
    ✓ 
  totalRecords: 10, page: 20, pageSize: 15, loading: true, error: false, showHead: true, showMenu: true, draggable: true, nestedRows: false, withPagination: true, withCheckbox: true, headCellTooltip: false, separator: false, showFilters: true, updateData: "[Function]", updateSchema: "[Function]", onSelect: "[Function]", onSelectAll: "[Function]", updateSortingList: "[Function]", updateFilterList: "[Function]"
 (2ms)
    ✓ 
  totalRecords: 10, page: 20, pageSize: 15, loading: true, error: false, showHead: true, showMenu: true, draggable: true, nestedRows: false, withPagination: true, withCheckbox: true, headCellTooltip: false, separator: false, showFilters: false, updateData: "[Function]", updateSchema: "[Function]", onSelect: "[Function]", onSelectAll: "[Function]", updateSortingList: "[Function]", updateFilterList: "[Function]"
 (1ms)
    ✓ 
  totalRecords: 10, page: 20, pageSize: 15, loading: true, error: false, showHead: true, showMenu: true, draggable: true, nestedRows: false, withPagination: true, withCheckbox: false, headCellTooltip: true, separator: true, showFilters: true, updateData: "[Function]", updateSchema: "[Function]", onSelect: "[Function]", onSelectAll: "[Function]", updateSortingList: "[Function]", updateFilterList: "[Function]"
 (1ms)
    ✓ 
  totalRecords: 10, page: 20, pageSize: 15, loading: true, error: false, showHead: true, showMenu: true, draggable: true, nestedRows: false, withPagination: true, withCheckbox: false, headCellTooltip: true, separator: true, showFilters: false, updateData: "[Function]", updateSchema: "[Function]", onSelect: "[Function]", onSelectAll: "[Function]", updateSortingList: "[Function]", updateFilterList: "[Function]"
 (4ms)
    ✓ 
  totalRecords: 10, page: 20, pageSize: 15, loading: true, error: false, showHead: true, showMenu: true, draggable: true, nestedRows: false, withPagination: true, withCheckbox: false, headCellTooltip: true, separator: false, showFilters: true, updateData: "[Function]", updateSchema: "[Function]", onSelect: "[Function]", onSelectAll: "[Function]", updateSortingList: "[Function]", updateFilterList: "[Function]"
 (8ms)
    ✓ 
  totalRecords: 10, page: 20, pageSize: 15, loading: true, error: false, showHead: true, showMenu: true, draggable: true, nestedRows: false, withPagination: true, withCheckbox: false, headCellTooltip: true, separator: false, showFilters: false, updateData: "[Function]", updateSchema: "[Function]", onSelect: "[Function]", onSelectAll: "[Function]", updateSortingList: "[Function]", updateFilterList: "[Function]"
 (3ms)
    ✓ 
  totalRecords: 10, page: 20, pageSize: 15, loading: true, error: false, showHead: true, showMenu: true, draggable: true, nestedRows: false, withPagination: true, withCheckbox: false, headCellTooltip: false, separator: true, showFilters: true, updateData: "[Function]", updateSchema: "[Function]", onSelect: "[Function]", onSelectAll: "[Function]", updateSortingList: "[Function]", updateFilterList: "[Function]"
 (5ms)
    ✓ 
  totalRecords: 10, page: 20, pageSize: 15, loading: true, error: false, showHead: true, showMenu: true, draggable: true, nestedRows: false, withPagination: true, withCheckbox: false, headCellTooltip: false, separator: true, showFilters: false, updateData: "[Function]", updateSchema: "[Function]", onSelect: "[Function]", onSelectAll: "[Function]", updateSortingList: "[Function]", updateFilterList: "[Function]"
 (7ms)
    ✓ 
  totalRecords: 10, page: 20, pageSize: 15, loading: true, error: false, showHead: true, showMenu: true, draggable: true, nestedRows: false, withPagination: true, withCheckbox: false, headCellTooltip: false, separator: false, showFilters: true, updateData: "[Function]", updateSchema: "[Function]", onSelect: "[Function]", onSelectAll: "[Function]", updateSortingList: "[Function]", updateFilterList: "[Function]"
 (5ms)
    ✓ 
  totalRecords: 10, page: 20, pageSize: 15, loading: true, error: false, showHead: true, showMenu: true, draggable: true, nestedRows: false, withPagination: true, withCheckbox: false, headCellTooltip: false, separator: false, showFilters: false, updateData: "[Function]", updateSchema: "[Function]", onSelect: "[Function]", onSelectAll: "[Function]", updateSortingList: "[Function]", updateFilterList: "[Function]"
 (4ms)
    ✓ 
  totalRecords: 10, page: 20, pageSize: 15, loading: true, error: false, showHead: true, showMenu: true, draggable: true, nestedRows: false, withPagination: false, withCheckbox: true, headCellTooltip: true, separator: true, showFilters: true, updateData: "[Function]", updateSchema: "[Function]", onSelect: "[Function]", onSelectAll: "[Function]", updateSortingList: "[Function]", updateFilterList: "[Function]"
 (1ms)
    ✓ 
  totalRecords: 10, page: 20, pageSize: 15, loading: true, error: false, showHead: true, showMenu: true, draggable: true, nestedRows: false, withPagination: false, withCheckbox: true, headCellTooltip: true, separator: true, showFilters: false, updateData: "[Function]", updateSchema: "[Function]", onSelect: "[Function]", onSelectAll: "[Function]", updateSortingList: "[Function]", updateFilterList: "[Function]"
 (5ms)
    ✓ 
  totalRecords: 10, page: 20, pageSize: 15, loading: true, error: false, showHead: true, showMenu: true, draggable: true, nestedRows: false, withPagination: false, withCheckbox: true, headCellTooltip: true, separator: false, showFilters: true, updateData: "[Function]", updateSchema: "[Function]", onSelect: "[Function]", onSelectAll: "[Function]", updateSortingList: "[Function]", updateFilterList: "[Function]"
 (2ms)
    ✓ 
  totalRecords: 10, page: 20, pageSize: 15, loading: true, error: false, showHead: true, showMenu: true, draggable: true, nestedRows: false, withPagination: false, withCheckbox: true, headCellTooltip: true, separator: false, showFilters: false, updateData: "[Function]", updateSchema: "[Function]", onSelect: "[Function]", onSelectAll: "[Function]", updateSortingList: "[Function]", updateFilterList: "[Function]"
 (6ms)
    ✓ 
  totalRecords: 10, page: 20, pageSize: 15, loading: true, error: false, showHead: true, showMenu: true, draggable: true, nestedRows: false, withPagination: false, withCheckbox: true, headCellTooltip: false, separator: true, showFilters: true, updateData: "[Function]", updateSchema: "[Function]", onSelect: "[Function]", onSelectAll: "[Function]", updateSortingList: "[Function]", updateFilterList: "[Function]"
 (2ms)
    ✓ 
  totalRecords: 10, page: 20, pageSize: 15, loading: true, error: false, showHead: true, showMenu: true, draggable: true, nestedRows: false, withPagination: false, withCheckbox: true, headCellTooltip: false, separator: true, showFilters: false, updateData: "[Function]", updateSchema: "[Function]", onSelect: "[Function]", onSelectAll: "[Function]", updateSortingList: "[Function]", updateFilterList: "[Function]"
 (2ms)
    ✓ 
  totalRecords: 10, page: 20, pageSize: 15, loading: true, error: false, showHead: true, showMenu: true, draggable: true, nestedRows: false, withPagination: false, withCheckbox: true, headCellTooltip: false, separator: false, showFilters: true, updateData: "[Function]", updateSchema: "[Function]", onSelect: "[Function]", onSelectAll: "[Function]", updateSortingList: "[Function]", updateFilterList: "[Function]"
 (4ms)
    ✓ 
  totalRecords: 10, page: 20, pageSize: 15, loading: true, error: false, showHead: true, showMenu: true, draggable: true, nestedRows: false, withPagination: false, withCheckbox: true, headCellTooltip: false, separator: false, showFilters: false, updateData: "[Function]", updateSchema: "[Function]", onSelect: "[Function]", onSelectAll: "[Function]", updateSortingList: "[Function]", updateFilterList: "[Function]"
 (5ms)
    ✓ 
  totalRecords: 10, page: 20, pageSize: 15, loading: true, error: false, showHead: true, showMenu: true, draggable: true, nestedRows: false, withPagination: false, withCheckbox: false, headCellTooltip: true, separator: true, showFilters: true, updateData: "[Function]", updateSchema: "[Function]", onSelect: "[Function]", onSelectAll: "[Function]", updateSortingList: "[Function]", updateFilterList: "[Function]"
 (2ms)
    ✓ 
  totalRecords: 10, page: 20, pageSize: 15, loading: true, error: false, showHead: true, showMenu: true, draggable: true, nestedRows: false, withPagination: false, withCheckbox: false, headCellTooltip: true, separator: true, showFilters: false, updateData: "[Function]", updateSchema: "[Function]", onSelect: "[Function]", onSelectAll: "[Function]", updateSortingList: "[Function]", updateFilterList: "[Function]"
 (6ms)
    ✓ 
  totalRecords: 10, page: 20, pageSize: 15, loading: true, error: false, showHead: true, showMenu: true, draggable: true, nestedRows: false, withPagination: false, withCheckbox: false, headCellTooltip: true, separator: false, showFilters: true, updateData: "[Function]", updateSchema: "[Function]", onSelect: "[Function]", onSelectAll: "[Function]", updateSortingList: "[Function]", updateFilterList: "[Function]"
 (4ms)
    ✓ 
  totalRecords: 10, page: 20, pageSize: 15, loading: true, error: false, showHead: true, showMenu: true, draggable: true, nestedRows: false, withPagination: false, withCheckbox: false, headCellTooltip: true, separator: false, showFilters: false, updateData: "[Function]", updateSchema: "[Function]", onSelect: "[Function]", onSelectAll: "[Function]", updateSortingList: "[Function]", updateFilterList: "[Function]"
 (4ms)
    ✓ 
  totalRecords: 10, page: 20, pageSize: 15, loading: true, error: false, showHead: true, showMenu: true, draggable: true, nestedRows: false, withPagination: false, withCheckbox: false, headCellTooltip: false, separator: true, showFilters: true, updateData: "[Function]", updateSchema: "[Function]", onSelect: "[Function]", onSelectAll: "[Function]", updateSortingList: "[Function]", updateFilterList: "[Function]"
 (4ms)
    ✓ 
  totalRecords: 10, page: 20, pageSize: 15, loading: true, error: false, showHead: true, showMenu: true, draggable: true, nestedRows: false, withPagination: false, withCheckbox: false, headCellTooltip: false, separator: true, showFilters: false, updateData: "[Function]", updateSchema: "[Function]", onSelect: "[Function]", onSelectAll: "[Function]", updateSortingList: "[Function]", updateFilterList: "[Function]"
 (1ms)
    ✓ 
  totalRecords: 10, page: 20, pageSize: 15, loading: true, error: false, showHead: true, showMenu: true, draggable: true, nestedRows: false, withPagination: false, withCheckbox: false, headCellTooltip: false, separator: false, showFilters: true, updateData: "[Function]", updateSchema: "[Function]", onSelect: "[Function]", onSelectAll: "[Function]", updateSortingList: "[Function]", updateFilterList: "[Function]"
 (3ms)
    ✓ 
  totalRecords: 10, page: 20, pageSize: 15, loading: true, error: false, showHead: true, showMenu: true, draggable: true, nestedRows: false, withPagination: false, withCheckbox: false, headCellTooltip: false, separator: false, showFilters: false, updateData: "[Function]", updateSchema: "[Function]", onSelect: "[Function]", onSelectAll: "[Function]", updateSortingList: "[Function]", updateFilterList: "[Function]"
 (3ms)
    ✓ 
  totalRecords: 10, page: 20, pageSize: 15, loading: true, error: false, showHead: true, showMenu: true, draggable: false, nestedRows: true, withPagination: true, withCheckbox: true, headCellTooltip: true, separator: true, showFilters: true, updateData: "[Function]", updateSchema: "[Function]", onSelect: "[Function]", onSelectAll: "[Function]", updateSortingList: "[Function]", updateFilterList: "[Function]"
 (2ms)
    ✓ 
  totalRecords: 10, page: 20, pageSize: 15, loading: true, error: false, showHead: true, showMenu: true, draggable: false, nestedRows: true, withPagination: true, withCheckbox: true, headCellTooltip: true, separator: true, showFilters: false, updateData: "[Function]", updateSchema: "[Function]", onSelect: "[Function]", onSelectAll: "[Function]", updateSortingList: "[Function]", updateFilterList: "[Function]"
 (2ms)
    ✓ 
  totalRecords: 10, page: 20, pageSize: 15, loading: true, error: false, showHead: true, showMenu: true, draggable: false, nestedRows: true, withPagination: true, withCheckbox: true, headCellTooltip: true, separator: false, showFilters: true, updateData: "[Function]", updateSchema: "[Function]", onSelect: "[Function]", onSelectAll: "[Function]", updateSortingList: "[Function]", updateFilterList: "[Function]"
 (2ms)
    ✓ 
  totalRecords: 10, page: 20, pageSize: 15, loading: true, error: false, showHead: true, showMenu: true, draggable: false, nestedRows: true, withPagination: true, withCheckbox: true, headCellTooltip: true, separator: false, showFilters: false, updateData: "[Function]", updateSchema: "[Function]", onSelect: "[Function]", onSelectAll: "[Function]", updateSortingList: "[Function]", updateFilterList: "[Function]"
 (3ms)
    ✓ 
  totalRecords: 10, page: 20, pageSize: 15, loading: true, error: false, showHead: true, showMenu: true, draggable: false, nestedRows: true, withPagination: true, withCheckbox: true, headCellTooltip: false, separator: true, showFilters: true, updateData: "[Function]", updateSchema: "[Function]", onSelect: "[Function]", onSelectAll: "[Function]", updateSortingList: "[Function]", updateFilterList: "[Function]"
 (4ms)
    ✓ 
  totalRecords: 10, page: 20, pageSize: 15, loading: true, error: false, showHead: true, showMenu: true, draggable: false, nestedRows: true, withPagination: true, withCheckbox: true, headCellTooltip: false, separator: true, showFilters: false, updateData: "[Function]", updateSchema: "[Function]", onSelect: "[Function]", onSelectAll: "[Function]", updateSortingList: "[Function]", updateFilterList: "[Function]"
 (6ms)
    ✓ 
  totalRecords: 10, page: 20, pageSize: 15, loading: true, error: false, showHead: true, showMenu: true, draggable: false, nestedRows: true, withPagination: true, withCheckbox: true, headCellTooltip: false, separator: false, showFilters: true, updateData: "[Function]", updateSchema: "[Function]", onSelect: "[Function]", onSelectAll: "[Function]", updateSortingList: "[Function]", updateFilterList: "[Function]"
 (3ms)
    ✓ 
  totalRecords: 10, page: 20, pageSize: 15, loading: true, error: false, showHead: true, showMenu: true, draggable: false, nestedRows: true, withPagination: true, withCheckbox: true, headCellTooltip: false, separator: false, showFilters: false, updateData: "[Function]", updateSchema: "[Function]", onSelect: "[Function]", onSelectAll: "[Function]", updateSortingList: "[Function]", updateFilterList: "[Function]"
 (5ms)
    ✓ 
  totalRecords: 10, page: 20, pageSize: 15, loading: true, error: false, showHead: true, showMenu: true, draggable: false, nestedRows: true, withPagination: true, withCheckbox: false, headCellTooltip: true, separator: true, showFilters: true, updateData: "[Function]", updateSchema: "[Function]", onSelect: "[Function]", onSelectAll: "[Function]", updateSortingList: "[Function]", updateFilterList: "[Function]"
 (3ms)
    ✓ 
  totalRecords: 10, page: 20, pageSize: 15, loading: true, error: false, showHead: true, showMenu: true, draggable: false, nestedRows: true, withPagination: true, withCheckbox: false, headCellTooltip: true, separator: true, showFilters: false, updateData: "[Function]", updateSchema: "[Function]", onSelect: "[Function]", onSelectAll: "[Function]", updateSortingList: "[Function]", updateFilterList: "[Function]"
 (2ms)
    ✓ 
  totalRecords: 10, page: 20, pageSize: 15, loading: true, error: false, showHead: true, showMenu: true, draggable: false, nestedRows: true, withPagination: true, withCheckbox: false, headCellTooltip: true, separator: false, showFilters: true, updateData: "[Function]", updateSchema: "[Function]", onSelect: "[Function]", onSelectAll: "[Function]", updateSortingList: "[Function]", updateFilterList: "[Function]"
 (2ms)
    ✓ 
  totalRecords: 10, page: 20, pageSize: 15, loading: true, error: false, showHead: true, showMenu: true, draggable: false, nestedRows: true, withPagination: true, withCheckbox: false, headCellTooltip: true, separator: false, showFilters: false, updateData: "[Function]", updateSchema: "[Function]", onSelect: "[Function]", onSelectAll: "[Function]", updateSortingList: "[Function]", updateFilterList: "[Function]"
 (2ms)
    ✓ 
  totalRecords: 10, page: 20, pageSize: 15, loading: true, error: false, showHead: true, showMenu: true, draggable: false, nestedRows: true, withPagination: true, withCheckbox: false, headCellTooltip: false, separator: true, showFilters: true, updateData: "[Function]", updateSchema: "[Function]", onSelect: "[Function]", onSelectAll: "[Function]", updateSortingList: "[Function]", updateFilterList: "[Function]"
 (2ms)
    ✓ 
  totalRecords: 10, page: 20, pageSize: 15, loading: true, error: false, showHead: true, showMenu: true, draggable: false, nestedRows: true, withPagination: true, withCheckbox: false, headCellTooltip: false, separator: true, showFilters: false, updateData: "[Function]", updateSchema: "[Function]", onSelect: "[Function]", onSelectAll: "[Function]", updateSortingList: "[Function]", updateFilterList: "[Function]"
 (2ms)
    ✓ 
  totalRecords: 10, page: 20, pageSize: 15, loading: true, error: false, showHead: true, showMenu: true, draggable: false, nestedRows: true, withPagination: true, withCheckbox: false, headCellTooltip: false, separator: false, showFilters: true, updateData: "[Function]", updateSchema: "[Function]", onSelect: "[Function]", onSelectAll: "[Function]", updateSortingList: "[Function]", updateFilterList: "[Function]"
 (6ms)
    ✓ 
  totalRecords: 10, page: 20, pageSize: 15, loading: true, error: false, showHead: true, showMenu: true, draggable: false, nestedRows: true, withPagination: true, withCheckbox: false, headCellTooltip: false, separator: false, showFilters: false, updateData: "[Function]", updateSchema: "[Function]", onSelect: "[Function]", onSelectAll: "[Function]", updateSortingList: "[Function]", updateFilterList: "[Function]"
 (2ms)
    ✓ 
  totalRecords: 10, page: 20, pageSize: 15, loading: true, error: false, showHead: true, showMenu: true, draggable: false, nestedRows: true, withPagination: false, withCheckbox: true, headCellTooltip: true, separator: true, showFilters: true, updateData: "[Function]", updateSchema: "[Function]", onSelect: "[Function]", onSelectAll: "[Function]", updateSortingList: "[Function]", updateFilterList: "[Function]"
 (5ms)
    ✓ 
  totalRecords: 10, page: 20, pageSize: 15, loading: true, error: false, showHead: true, showMenu: true, draggable: false, nestedRows: true, withPagination: false, withCheckbox: true, headCellTooltip: true, separator: true, showFilters: false, updateData: "[Function]", updateSchema: "[Function]", onSelect: "[Function]", onSelectAll: "[Function]", updateSortingList: "[Function]", updateFilterList: "[Function]"
 (4ms)
    ✓ 
  totalRecords: 10, page: 20, pageSize: 15, loading: true, error: false, showHead: true, showMenu: true, draggable: false, nestedRows: true, withPagination: false, withCheckbox: true, headCellTooltip: true, separator: false, showFilters: true, updateData: "[Function]", updateSchema: "[Function]", onSelect: "[Function]", onSelectAll: "[Function]", updateSortingList: "[Function]", updateFilterList: "[Function]"
 (4ms)
    ✓ 
  totalRecords: 10, page: 20, pageSize: 15, loading: true, error: false, showHead: true, showMenu: true, draggable: false, nestedRows: true, withPagination: false, withCheckbox: true, headCellTooltip: true, separator: false, showFilters: false, updateData: "[Function]", updateSchema: "[Function]", onSelect: "[Function]", onSelectAll: "[Function]", updateSortingList: "[Function]", updateFilterList: "[Function]"
 (2ms)
    ✓ 
  totalRecords: 10, page: 20, pageSize: 15, loading: true, error: false, showHead: true, showMenu: true, draggable: false, nestedRows: true, withPagination: false, withCheckbox: true, headCellTooltip: false, separator: true, showFilters: true, updateData: "[Function]", updateSchema: "[Function]", onSelect: "[Function]", onSelectAll: "[Function]", updateSortingList: "[Function]", updateFilterList: "[Function]"
 (4ms)
    ✓ 
  totalRecords: 10, page: 20, pageSize: 15, loading: true, error: false, showHead: true, showMenu: true, draggable: false, nestedRows: true, withPagination: false, withCheckbox: true, headCellTooltip: false, separator: true, showFilters: false, updateData: "[Function]", updateSchema: "[Function]", onSelect: "[Function]", onSelectAll: "[Function]", updateSortingList: "[Function]", updateFilterList: "[Function]"
 (3ms)
    ✓ 
  totalRecords: 10, page: 20, pageSize: 15, loading: true, error: false, showHead: true, showMenu: true, draggable: false, nestedRows: true, withPagination: false, withCheckbox: true, headCellTooltip: false, separator: false, showFilters: true, updateData: "[Function]", updateSchema: "[Function]", onSelect: "[Function]", onSelectAll: "[Function]", updateSortingList: "[Function]", updateFilterList: "[Function]"
 (3ms)
    ✓ 
  totalRecords: 10, page: 20, pageSize: 15, loading: true, error: false, showHead: true, showMenu: true, draggable: false, nestedRows: true, withPagination: false, withCheckbox: true, headCellTooltip: false, separator: false, showFilters: false, updateData: "[Function]", updateSchema: "[Function]", onSelect: "[Function]", onSelectAll: "[Function]", updateSortingList: "[Function]", updateFilterList: "[Function]"
 (6ms)
    ✓ 
  totalRecords: 10, page: 20, pageSize: 15, loading: true, error: false, showHead: true, showMenu: true, draggable: false, nestedRows: true, withPagination: false, withCheckbox: false, headCellTooltip: true, separator: true, showFilters: true, updateData: "[Function]", updateSchema: "[Function]", onSelect: "[Function]", onSelectAll: "[Function]", updateSortingList: "[Function]", updateFilterList: "[Function]"
 (3ms)
    ✓ 
  totalRecords: 10, page: 20, pageSize: 15, loading: true, error: false, showHead: true, showMenu: true, draggable: false, nestedRows: true, withPagination: false, withCheckbox: false, headCellTooltip: true, separator: true, showFilters: false, updateData: "[Function]", updateSchema: "[Function]", onSelect: "[Function]", onSelectAll: "[Function]", updateSortingList: "[Function]", updateFilterList: "[Function]"
 (4ms)
    ✓ 
  totalRecords: 10, page: 20, pageSize: 15, loading: true, error: false, showHead: true, showMenu: true, draggable: false, nestedRows: true, withPagination: false, withCheckbox: false, headCellTooltip: true, separator: false, showFilters: true, updateData: "[Function]", updateSchema: "[Function]", onSelect: "[Function]", onSelectAll: "[Function]", updateSortingList: "[Function]", updateFilterList: "[Function]"
 (4ms)
    ✓ 
  totalRecords: 10, page: 20, pageSize: 15, loading: true, error: false, showHead: true, showMenu: true, draggable: false, nestedRows: true, withPagination: false, withCheckbox: false, headCellTooltip: true, separator: false, showFilters: false, updateData: "[Function]", updateSchema: "[Function]", onSelect: "[Function]", onSelectAll: "[Function]", updateSortingList: "[Function]", updateFilterList: "[Function]"
 (5ms)
    ✓ 
  totalRecords: 10, page: 20, pageSize: 15, loading: true, error: false, showHead: true, showMenu: true, draggable: false, nestedRows: true, withPagination: false, withCheckbox: false, headCellTooltip: false, separator: true, showFilters: true, updateData: "[Function]", updateSchema: "[Function]", onSelect: "[Function]", onSelectAll: "[Function]", updateSortingList: "[Function]", updateFilterList: "[Function]"
 (4ms)
    ✓ 
  totalRecords: 10, page: 20, pageSize: 15, loading: true, error: false, showHead: true, showMenu: true, draggable: false, nestedRows: true, withPagination: false, withCheckbox: false, headCellTooltip: false, separator: true, showFilters: false, updateData: "[Function]", updateSchema: "[Function]", onSelect: "[Function]", onSelectAll: "[Function]", updateSortingList: "[Function]", updateFilterList: "[Function]"
 (3ms)
    ✓ 
  totalRecords: 10, page: 20, pageSize: 15, loading: true, error: false, showHead: true, showMenu: true, draggable: false, nestedRows: true, withPagination: false, withCheckbox: false, headCellTooltip: false, separator: false, showFilters: true, updateData: "[Function]", updateSchema: "[Function]", onSelect: "[Function]", onSelectAll: "[Function]", updateSortingList: "[Function]", updateFilterList: "[Function]"
 (4ms)
    ✓ 
  totalRecords: 10, page: 20, pageSize: 15, loading: true, error: false, showHead: true, showMenu: true, draggable: false, nestedRows: true, withPagination: false, withCheckbox: false, headCellTooltip: false, separator: false, showFilters: false, updateData: "[Function]", updateSchema: "[Function]", onSelect: "[Function]", onSelectAll: "[Function]", updateSortingList: "[Function]", updateFilterList: "[Function]"
 (3ms)
    ✓ 
  totalRecords: 10, page: 20, pageSize: 15, loading: true, error: false, showHead: true, showMenu: true, draggable: false, nestedRows: false, withPagination: true, withCheckbox: true, headCellTooltip: true, separator: true, showFilters: true, updateData: "[Function]", updateSchema: "[Function]", onSelect: "[Function]", onSelectAll: "[Function]", updateSortingList: "[Function]", updateFilterList: "[Function]"
 (5ms)
    ✓ 
  totalRecords: 10, page: 20, pageSize: 15, loading: true, error: false, showHead: true, showMenu: true, draggable: false, nestedRows: false, withPagination: true, withCheckbox: true, headCellTooltip: true, separator: true, showFilters: false, updateData: "[Function]", updateSchema: "[Function]", onSelect: "[Function]", onSelectAll: "[Function]", updateSortingList: "[Function]", updateFilterList: "[Function]"
 (4ms)
    ✓ 
  totalRecords: 10, page: 20, pageSize: 15, loading: true, error: false, showHead: true, showMenu: true, draggable: false, nestedRows: false, withPagination: true, withCheckbox: true, headCellTooltip: true, separator: false, showFilters: true, updateData: "[Function]", updateSchema: "[Function]", onSelect: "[Function]", onSelectAll: "[Function]", updateSortingList: "[Function]", updateFilterList: "[Function]"
 (2ms)
    ✓ 
  totalRecords: 10, page: 20, pageSize: 15, loading: true, error: false, showHead: true, showMenu: true, draggable: false, nestedRows: false, withPagination: true, withCheckbox: true, headCellTooltip: true, separator: false, showFilters: false, updateData: "[Function]", updateSchema: "[Function]", onSelect: "[Function]", onSelectAll: "[Function]", updateSortingList: "[Function]", updateFilterList: "[Function]"
 (4ms)
    ✓ 
  totalRecords: 10, page: 20, pageSize: 15, loading: true, error: false, showHead: true, showMenu: true, draggable: false, nestedRows: false, withPagination: true, withCheckbox: true, headCellTooltip: false, separator: true, showFilters: true, updateData: "[Function]", updateSchema: "[Function]", onSelect: "[Function]", onSelectAll: "[Function]", updateSortingList: "[Function]", updateFilterList: "[Function]"
 (1ms)
    ✓ 
  totalRecords: 10, page: 20, pageSize: 15, loading: true, error: false, showHead: true, showMenu: true, draggable: false, nestedRows: false, withPagination: true, withCheckbox: true, headCellTooltip: false, separator: true, showFilters: false, updateData: "[Function]", updateSchema: "[Function]", onSelect: "[Function]", onSelectAll: "[Function]", updateSortingList: "[Function]", updateFilterList: "[Function]"
 (3ms)
    ✓ 
  totalRecords: 10, page: 20, pageSize: 15, loading: true, error: false, showHead: true, showMenu: true, draggable: false, nestedRows: false, withPagination: true, withCheckbox: true, headCellTooltip: false, separator: false, showFilters: true, updateData: "[Function]", updateSchema: "[Function]", onSelect: "[Function]", onSelectAll: "[Function]", updateSortingList: "[Function]", updateFilterList: "[Function]"
 (3ms)
    ✓ 
  totalRecords: 10, page: 20, pageSize: 15, loading: true, error: false, showHead: true, showMenu: true, draggable: false, nestedRows: false, withPagination: true, withCheckbox: true, headCellTooltip: false, separator: false, showFilters: false, updateData: "[Function]", updateSchema: "[Function]", onSelect: "[Function]", onSelectAll: "[Function]", updateSortingList: "[Function]", updateFilterList: "[Function]"
 (4ms)
    ✓ 
  totalRecords: 10, page: 20, pageSize: 15, loading: true, error: false, showHead: true, showMenu: true, draggable: false, nestedRows: false, withPagination: true, withCheckbox: false, headCellTooltip: true, separator: true, showFilters: true, updateData: "[Function]", updateSchema: "[Function]", onSelect: "[Function]", onSelectAll: "[Function]", updateSortingList: "[Function]", updateFilterList: "[Function]"
 (2ms)
    ✓ 
  totalRecords: 10, page: 20, pageSize: 15, loading: true, error: false, showHead: true, showMenu: true, draggable: false, nestedRows: false, withPagination: true, withCheckbox: false, headCellTooltip: true, separator: true, showFilters: false, updateData: "[Function]", updateSchema: "[Function]", onSelect: "[Function]", onSelectAll: "[Function]", updateSortingList: "[Function]", updateFilterList: "[Function]"
 (7ms)
    ✓ 
  totalRecords: 10, page: 20, pageSize: 15, loading: true, error: false, showHead: true, showMenu: true, draggable: false, nestedRows: false, withPagination: true, withCheckbox: false, headCellTooltip: true, separator: false, showFilters: true, updateData: "[Function]", updateSchema: "[Function]", onSelect: "[Function]", onSelectAll: "[Function]", updateSortingList: "[Function]", updateFilterList: "[Function]"
 (5ms)
    ✓ 
  totalRecords: 10, page: 20, pageSize: 15, loading: true, error: false, showHead: true, showMenu: true, draggable: false, nestedRows: false, withPagination: true, withCheckbox: false, headCellTooltip: true, separator: false, showFilters: false, updateData: "[Function]", updateSchema: "[Function]", onSelect: "[Function]", onSelectAll: "[Function]", updateSortingList: "[Function]", updateFilterList: "[Function]"
 (5ms)
    ✓ 
  totalRecords: 10, page: 20, pageSize: 15, loading: true, error: false, showHead: true, showMenu: true, draggable: false, nestedRows: false, withPagination: true, withCheckbox: false, headCellTooltip: false, separator: true, showFilters: true, updateData: "[Function]", updateSchema: "[Function]", onSelect: "[Function]", onSelectAll: "[Function]", updateSortingList: "[Function]", updateFilterList: "[Function]"
 (9ms)
    ✓ 
  totalRecords: 10, page: 20, pageSize: 15, loading: true, error: false, showHead: true, showMenu: true, draggable: false, nestedRows: false, withPagination: true, withCheckbox: false, headCellTooltip: false, separator: true, showFilters: false, updateData: "[Function]", updateSchema: "[Function]", onSelect: "[Function]", onSelectAll: "[Function]", updateSortingList: "[Function]", updateFilterList: "[Function]"
 (2ms)
    ✓ 
  totalRecords: 10, page: 20, pageSize: 15, loading: true, error: false, showHead: true, showMenu: true, draggable: false, nestedRows: false, withPagination: true, withCheckbox: false, headCellTooltip: false, separator: false, showFilters: true, updateData: "[Function]", updateSchema: "[Function]", onSelect: "[Function]", onSelectAll: "[Function]", updateSortingList: "[Function]", updateFilterList: "[Function]"
 (2ms)
    ✓ 
  totalRecords: 10, page: 20, pageSize: 15, loading: true, error: false, showHead: true, showMenu: true, draggable: false, nestedRows: false, withPagination: true, withCheckbox: false, headCellTooltip: false, separator: false, showFilters: false, updateData: "[Function]", updateSchema: "[Function]", onSelect: "[Function]", onSelectAll: "[Function]", updateSortingList: "[Function]", updateFilterList: "[Function]"
 (3ms)
    ✓ 
  totalRecords: 10, page: 20, pageSize: 15, loading: true, error: false, showHead: true, showMenu: true, draggable: false, nestedRows: false, withPagination: false, withCheckbox: true, headCellTooltip: true, separator: true, showFilters: true, updateData: "[Function]", updateSchema: "[Function]", onSelect: "[Function]", onSelectAll: "[Function]", updateSortingList: "[Function]", updateFilterList: "[Function]"
 (5ms)
    ✓ 
  totalRecords: 10, page: 20, pageSize: 15, loading: true, error: false, showHead: true, showMenu: true, draggable: false, nestedRows: false, withPagination: false, withCheckbox: true, headCellTooltip: true, separator: true, showFilters: false, updateData: "[Function]", updateSchema: "[Function]", onSelect: "[Function]", onSelectAll: "[Function]", updateSortingList: "[Function]", updateFilterList: "[Function]"
 (5ms)
    ✓ 
  totalRecords: 10, page: 20, pageSize: 15, loading: true, error: false, showHead: true, showMenu: true, draggable: false, nestedRows: false, withPagination: false, withCheckbox: true, headCellTooltip: true, separator: false, showFilters: true, updateData: "[Function]", updateSchema: "[Function]", onSelect: "[Function]", onSelectAll: "[Function]", updateSortingList: "[Function]", updateFilterList: "[Function]"
 (7ms)
    ✓ 
  totalRecords: 10, page: 20, pageSize: 15, loading: true, error: false, showHead: true, showMenu: true, draggable: false, nestedRows: false, withPagination: false, withCheckbox: true, headCellTooltip: true, separator: false, showFilters: false, updateData: "[Function]", updateSchema: "[Function]", onSelect: "[Function]", onSelectAll: "[Function]", updateSortingList: "[Function]", updateFilterList: "[Function]"
 (2ms)
    ✓ 
  totalRecords: 10, page: 20, pageSize: 15, loading: true, error: false, showHead: true, showMenu: true, draggable: false, nestedRows: false, withPagination: false, withCheckbox: true, headCellTooltip: false, separator: true, showFilters: true, updateData: "[Function]", updateSchema: "[Function]", onSelect: "[Function]", onSelectAll: "[Function]", updateSortingList: "[Function]", updateFilterList: "[Function]"
 (1ms)
    ✓ 
  totalRecords: 10, page: 20, pageSize: 15, loading: true, error: false, showHead: true, showMenu: true, draggable: false, nestedRows: false, withPagination: false, withCheckbox: true, headCellTooltip: false, separator: true, showFilters: false, updateData: "[Function]", updateSchema: "[Function]", onSelect: "[Function]", onSelectAll: "[Function]", updateSortingList: "[Function]", updateFilterList: "[Function]"
 (5ms)
    ✓ 
  totalRecords: 10, page: 20, pageSize: 15, loading: true, error: false, showHead: true, showMenu: true, draggable: false, nestedRows: false, withPagination: false, withCheckbox: true, headCellTooltip: false, separator: false, showFilters: true, updateData: "[Function]", updateSchema: "[Function]", onSelect: "[Function]", onSelectAll: "[Function]", updateSortingList: "[Function]", updateFilterList: "[Function]"
 (3ms)
    ✓ 
  totalRecords: 10, page: 20, pageSize: 15, loading: true, error: false, showHead: true, showMenu: true, draggable: false, nestedRows: false, withPagination: false, withCheckbox: true, headCellTooltip: false, separator: false, showFilters: false, updateData: "[Function]", updateSchema: "[Function]", onSelect: "[Function]", onSelectAll: "[Function]", updateSortingList: "[Function]", updateFilterList: "[Function]"
 (4ms)
    ✓ 
  totalRecords: 10, page: 20, pageSize: 15, loading: true, error: false, showHead: true, showMenu: true, draggable: false, nestedRows: false, withPagination: false, withCheckbox: false, headCellTooltip: true, separator: true, showFilters: true, updateData: "[Function]", updateSchema: "[Function]", onSelect: "[Function]", onSelectAll: "[Function]", updateSortingList: "[Function]", updateFilterList: "[Function]"
 (5ms)
    ✓ 
  totalRecords: 10, page: 20, pageSize: 15, loading: true, error: false, showHead: true, showMenu: true, draggable: false, nestedRows: false, withPagination: false, withCheckbox: false, headCellTooltip: true, separator: true, showFilters: false, updateData: "[Function]", updateSchema: "[Function]", onSelect: "[Function]", onSelectAll: "[Function]", updateSortingList: "[Function]", updateFilterList: "[Function]"
 (2ms)
    ✓ 
  totalRecords: 10, page: 20, pageSize: 15, loading: true, error: false, showHead: true, showMenu: true, draggable: false, nestedRows: false, withPagination: false, withCheckbox: false, headCellTooltip: true, separator: false, showFilters: true, updateData: "[Function]", updateSchema: "[Function]", onSelect: "[Function]", onSelectAll: "[Function]", updateSortingList: "[Function]", updateFilterList: "[Function]"
 (3ms)
    ✓ 
  totalRecords: 10, page: 20, pageSize: 15, loading: true, error: false, showHead: true, showMenu: true, draggable: false, nestedRows: false, withPagination: false, withCheckbox: false, headCellTooltip: true, separator: false, showFilters: false, updateData: "[Function]", updateSchema: "[Function]", onSelect: "[Function]", onSelectAll: "[Function]", updateSortingList: "[Function]", updateFilterList: "[Function]"
 (4ms)
    ✓ 
  totalRecords: 10, page: 20, pageSize: 15, loading: true, error: false, showHead: true, showMenu: true, draggable: false, nestedRows: false, withPagination: false, withCheckbox: false, headCellTooltip: false, separator: true, showFilters: true, updateData: "[Function]", updateSchema: "[Function]", onSelect: "[Function]", onSelectAll: "[Function]", updateSortingList: "[Function]", updateFilterList: "[Function]"
 (2ms)
    ✓ 
  totalRecords: 10, page: 20, pageSize: 15, loading: true, error: false, showHead: true, showMenu: true, draggable: false, nestedRows: false, withPagination: false, withCheckbox: false, headCellTooltip: false, separator: true, showFilters: false, updateData: "[Function]", updateSchema: "[Function]", onSelect: "[Function]", onSelectAll: "[Function]", updateSortingList: "[Function]", updateFilterList: "[Function]"
 (4ms)
    ✓ 
  totalRecords: 10, page: 20, pageSize: 15, loading: true, error: false, showHead: true, showMenu: true, draggable: false, nestedRows: false, withPagination: false, withCheckbox: false, headCellTooltip: false, separator: false, showFilters: true, updateData: "[Function]", updateSchema: "[Function]", onSelect: "[Function]", onSelectAll: "[Function]", updateSortingList: "[Function]", updateFilterList: "[Function]"
 (4ms)
    ✓ 
  totalRecords: 10, page: 20, pageSize: 15, loading: true, error: false, showHead: true, showMenu: true, draggable: false, nestedRows: false, withPagination: false, withCheckbox: false, headCellTooltip: false, separator: false, showFilters: false, updateData: "[Function]", updateSchema: "[Function]", onSelect: "[Function]", onSelectAll: "[Function]", updateSortingList: "[Function]", updateFilterList: "[Function]"
 (5ms)
    ✓ 
  totalRecords: 10, page: 20, pageSize: 15, loading: true, error: false, showHead: true, showMenu: false, draggable: true, nestedRows: true, withPagination: true, withCheckbox: true, headCellTooltip: true, separator: true, showFilters: true, updateData: "[Function]", updateSchema: "[Function]", onSelect: "[Function]", onSelectAll: "[Function]", updateSortingList: "[Function]", updateFilterList: "[Function]"
 (4ms)
    ✓ 
  totalRecords: 10, page: 20, pageSize: 15, loading: true, error: false, showHead: true, showMenu: false, draggable: true, nestedRows: true, withPagination: true, withCheckbox: true, headCellTooltip: true, separator: true, showFilters: false, updateData: "[Function]", updateSchema: "[Function]", onSelect: "[Function]", onSelectAll: "[Function]", updateSortingList: "[Function]", updateFilterList: "[Function]"
 (2ms)
    ✓ 
  totalRecords: 10, page: 20, pageSize: 15, loading: true, error: false, showHead: true, showMenu: false, draggable: true, nestedRows: true, withPagination: true, withCheckbox: true, headCellTooltip: true, separator: false, showFilters: true, updateData: "[Function]", updateSchema: "[Function]", onSelect: "[Function]", onSelectAll: "[Function]", updateSortingList: "[Function]", updateFilterList: "[Function]"
 (5ms)
    ✓ 
  totalRecords: 10, page: 20, pageSize: 15, loading: true, error: false, showHead: true, showMenu: false, draggable: true, nestedRows: true, withPagination: true, withCheckbox: true, headCellTooltip: true, separator: false, showFilters: false, updateData: "[Function]", updateSchema: "[Function]", onSelect: "[Function]", onSelectAll: "[Function]", updateSortingList: "[Function]", updateFilterList: "[Function]"
 (2ms)
    ✓ 
  totalRecords: 10, page: 20, pageSize: 15, loading: true, error: false, showHead: true, showMenu: false, draggable: true, nestedRows: true, withPagination: true, withCheckbox: true, headCellTooltip: false, separator: true, showFilters: true, updateData: "[Function]", updateSchema: "[Function]", onSelect: "[Function]", onSelectAll: "[Function]", updateSortingList: "[Function]", updateFilterList: "[Function]"
 (9ms)
    ✓ 
  totalRecords: 10, page: 20, pageSize: 15, loading: true, error: false, showHead: true, showMenu: false, draggable: true, nestedRows: true, withPagination: true, withCheckbox: true, headCellTooltip: false, separator: true, showFilters: false, updateData: "[Function]", updateSchema: "[Function]", onSelect: "[Function]", onSelectAll: "[Function]", updateSortingList: "[Function]", updateFilterList: "[Function]"
 (3ms)
    ✓ 
  totalRecords: 10, page: 20, pageSize: 15, loading: true, error: false, showHead: true, showMenu: false, draggable: true, nestedRows: true, withPagination: true, withCheckbox: true, headCellTooltip: false, separator: false, showFilters: true, updateData: "[Function]", updateSchema: "[Function]", onSelect: "[Function]", onSelectAll: "[Function]", updateSortingList: "[Function]", updateFilterList: "[Function]"
 (5ms)
    ✓ 
  totalRecords: 10, page: 20, pageSize: 15, loading: true, error: false, showHead: true, showMenu: false, draggable: true, nestedRows: true, withPagination: true, withCheckbox: true, headCellTooltip: false, separator: false, showFilters: false, updateData: "[Function]", updateSchema: "[Function]", onSelect: "[Function]", onSelectAll: "[Function]", updateSortingList: "[Function]", updateFilterList: "[Function]"
 (6ms)
    ✓ 
  totalRecords: 10, page: 20, pageSize: 15, loading: true, error: false, showHead: true, showMenu: false, draggable: true, nestedRows: true, withPagination: true, withCheckbox: false, headCellTooltip: true, separator: true, showFilters: true, updateData: "[Function]", updateSchema: "[Function]", onSelect: "[Function]", onSelectAll: "[Function]", updateSortingList: "[Function]", updateFilterList: "[Function]"
 (2ms)
    ✓ 
  totalRecords: 10, page: 20, pageSize: 15, loading: true, error: false, showHead: true, showMenu: false, draggable: true, nestedRows: true, withPagination: true, withCheckbox: false, headCellTooltip: true, separator: true, showFilters: false, updateData: "[Function]", updateSchema: "[Function]", onSelect: "[Function]", onSelectAll: "[Function]", updateSortingList: "[Function]", updateFilterList: "[Function]"
 (5ms)
    ✓ 
  totalRecords: 10, page: 20, pageSize: 15, loading: true, error: false, showHead: true, showMenu: false, draggable: true, nestedRows: true, withPagination: true, withCheckbox: false, headCellTooltip: true, separator: false, showFilters: true, updateData: "[Function]", updateSchema: "[Function]", onSelect: "[Function]", onSelectAll: "[Function]", updateSortingList: "[Function]", updateFilterList: "[Function]"
 (8ms)
    ✓ 
  totalRecords: 10, page: 20, pageSize: 15, loading: true, error: false, showHead: true, showMenu: false, draggable: true, nestedRows: true, withPagination: true, withCheckbox: false, headCellTooltip: true, separator: false, showFilters: false, updateData: "[Function]", updateSchema: "[Function]", onSelect: "[Function]", onSelectAll: "[Function]", updateSortingList: "[Function]", updateFilterList: "[Function]"
 (4ms)
    ✓ 
  totalRecords: 10, page: 20, pageSize: 15, loading: true, error: false, showHead: true, showMenu: false, draggable: true, nestedRows: true, withPagination: true, withCheckbox: false, headCellTooltip: false, separator: true, showFilters: true, updateData: "[Function]", updateSchema: "[Function]", onSelect: "[Function]", onSelectAll: "[Function]", updateSortingList: "[Function]", updateFilterList: "[Function]"
 (7ms)
    ✓ 
  totalRecords: 10, page: 20, pageSize: 15, loading: true, error: false, showHead: true, showMenu: false, draggable: true, nestedRows: true, withPagination: true, withCheckbox: false, headCellTooltip: false, separator: true, showFilters: false, updateData: "[Function]", updateSchema: "[Function]", onSelect: "[Function]", onSelectAll: "[Function]", updateSortingList: "[Function]", updateFilterList: "[Function]"
 (7ms)
    ✓ 
  totalRecords: 10, page: 20, pageSize: 15, loading: true, error: false, showHead: true, showMenu: false, draggable: true, nestedRows: true, withPagination: true, withCheckbox: false, headCellTooltip: false, separator: false, showFilters: true, updateData: "[Function]", updateSchema: "[Function]", onSelect: "[Function]", onSelectAll: "[Function]", updateSortingList: "[Function]", updateFilterList: "[Function]"
 (3ms)
    ✓ 
  totalRecords: 10, page: 20, pageSize: 15, loading: true, error: false, showHead: true, showMenu: false, draggable: true, nestedRows: true, withPagination: true, withCheckbox: false, headCellTooltip: false, separator: false, showFilters: false, updateData: "[Function]", updateSchema: "[Function]", onSelect: "[Function]", onSelectAll: "[Function]", updateSortingList: "[Function]", updateFilterList: "[Function]"
 (4ms)
    ✓ 
  totalRecords: 10, page: 20, pageSize: 15, loading: true, error: false, showHead: true, showMenu: false, draggable: true, nestedRows: true, withPagination: false, withCheckbox: true, headCellTooltip: true, separator: true, showFilters: true, updateData: "[Function]", updateSchema: "[Function]", onSelect: "[Function]", onSelectAll: "[Function]", updateSortingList: "[Function]", updateFilterList: "[Function]"
 (3ms)
    ✓ 
  totalRecords: 10, page: 20, pageSize: 15, loading: true, error: false, showHead: true, showMenu: false, draggable: true, nestedRows: true, withPagination: false, withCheckbox: true, headCellTooltip: true, separator: true, showFilters: false, updateData: "[Function]", updateSchema: "[Function]", onSelect: "[Function]", onSelectAll: "[Function]", updateSortingList: "[Function]", updateFilterList: "[Function]"
 (2ms)
    ✓ 
  totalRecords: 10, page: 20, pageSize: 15, loading: true, error: false, showHead: true, showMenu: false, draggable: true, nestedRows: true, withPagination: false, withCheckbox: true, headCellTooltip: true, separator: false, showFilters: true, updateData: "[Function]", updateSchema: "[Function]", onSelect: "[Function]", onSelectAll: "[Function]", updateSortingList: "[Function]", updateFilterList: "[Function]"
 (6ms)
    ✓ 
  totalRecords: 10, page: 20, pageSize: 15, loading: true, error: false, showHead: true, showMenu: false, draggable: true, nestedRows: true, withPagination: false, withCheckbox: true, headCellTooltip: true, separator: false, showFilters: false, updateData: "[Function]", updateSchema: "[Function]", onSelect: "[Function]", onSelectAll: "[Function]", updateSortingList: "[Function]", updateFilterList: "[Function]"
 (7ms)
    ✓ 
  totalRecords: 10, page: 20, pageSize: 15, loading: true, error: false, showHead: true, showMenu: false, draggable: true, nestedRows: true, withPagination: false, withCheckbox: true, headCellTooltip: false, separator: true, showFilters: true, updateData: "[Function]", updateSchema: "[Function]", onSelect: "[Function]", onSelectAll: "[Function]", updateSortingList: "[Function]", updateFilterList: "[Function]"
 (8ms)
    ✓ 
  totalRecords: 10, page: 20, pageSize: 15, loading: true, error: false, showHead: true, showMenu: false, draggable: true, nestedRows: true, withPagination: false, withCheckbox: true, headCellTooltip: false, separator: true, showFilters: false, updateData: "[Function]", updateSchema: "[Function]", onSelect: "[Function]", onSelectAll: "[Function]", updateSortingList: "[Function]", updateFilterList: "[Function]"
 (6ms)
    ✓ 
  totalRecords: 10, page: 20, pageSize: 15, loading: true, error: false, showHead: true, showMenu: false, draggable: true, nestedRows: true, withPagination: false, withCheckbox: true, headCellTooltip: false, separator: false, showFilters: true, updateData: "[Function]", updateSchema: "[Function]", onSelect: "[Function]", onSelectAll: "[Function]", updateSortingList: "[Function]", updateFilterList: "[Function]"
 (17ms)
    ✓ 
  totalRecords: 10, page: 20, pageSize: 15, loading: true, error: false, showHead: true, showMenu: false, draggable: true, nestedRows: true, withPagination: false, withCheckbox: true, headCellTooltip: false, separator: false, showFilters: false, updateData: "[Function]", updateSchema: "[Function]", onSelect: "[Function]", onSelectAll: "[Function]", updateSortingList: "[Function]", updateFilterList: "[Function]"
 (3ms)
    ✓ 
  totalRecords: 10, page: 20, pageSize: 15, loading: true, error: false, showHead: true, showMenu: false, draggable: true, nestedRows: true, withPagination: false, withCheckbox: false, headCellTooltip: true, separator: true, showFilters: true, updateData: "[Function]", updateSchema: "[Function]", onSelect: "[Function]", onSelectAll: "[Function]", updateSortingList: "[Function]", updateFilterList: "[Function]"
 (4ms)
    ✓ 
  totalRecords: 10, page: 20, pageSize: 15, loading: true, error: false, showHead: true, showMenu: false, draggable: true, nestedRows: true, withPagination: false, withCheckbox: false, headCellTooltip: true, separator: true, showFilters: false, updateData: "[Function]", updateSchema: "[Function]", onSelect: "[Function]", onSelectAll: "[Function]", updateSortingList: "[Function]", updateFilterList: "[Function]"
 (6ms)
    ✓ 
  totalRecords: 10, page: 20, pageSize: 15, loading: true, error: false, showHead: true, showMenu: false, draggable: true, nestedRows: true, withPagination: false, withCheckbox: false, headCellTooltip: true, separator: false, showFilters: true, updateData: "[Function]", updateSchema: "[Function]", onSelect: "[Function]", onSelectAll: "[Function]", updateSortingList: "[Function]", updateFilterList: "[Function]"
 (3ms)
    ✓ 
  totalRecords: 10, page: 20, pageSize: 15, loading: true, error: false, showHead: true, showMenu: false, draggable: true, nestedRows: true, withPagination: false, withCheckbox: false, headCellTooltip: true, separator: false, showFilters: false, updateData: "[Function]", updateSchema: "[Function]", onSelect: "[Function]", onSelectAll: "[Function]", updateSortingList: "[Function]", updateFilterList: "[Function]"
 (2ms)
    ✓ 
  totalRecords: 10, page: 20, pageSize: 15, loading: true, error: false, showHead: true, showMenu: false, draggable: true, nestedRows: true, withPagination: false, withCheckbox: false, headCellTooltip: false, separator: true, showFilters: true, updateData: "[Function]", updateSchema: "[Function]", onSelect: "[Function]", onSelectAll: "[Function]", updateSortingList: "[Function]", updateFilterList: "[Function]"
 (2ms)
    ✓ 
  totalRecords: 10, page: 20, pageSize: 15, loading: true, error: false, showHead: true, showMenu: false, draggable: true, nestedRows: true, withPagination: false, withCheckbox: false, headCellTooltip: false, separator: true, showFilters: false, updateData: "[Function]", updateSchema: "[Function]", onSelect: "[Function]", onSelectAll: "[Function]", updateSortingList: "[Function]", updateFilterList: "[Function]"
 (5ms)
    ✓ 
  totalRecords: 10, page: 20, pageSize: 15, loading: true, error: false, showHead: true, showMenu: false, draggable: true, nestedRows: true, withPagination: false, withCheckbox: false, headCellTooltip: false, separator: false, showFilters: true, updateData: "[Function]", updateSchema: "[Function]", onSelect: "[Function]", onSelectAll: "[Function]", updateSortingList: "[Function]", updateFilterList: "[Function]"
 (2ms)
    ✓ 
  totalRecords: 10, page: 20, pageSize: 15, loading: true, error: false, showHead: true, showMenu: false, draggable: true, nestedRows: true, withPagination: false, withCheckbox: false, headCellTooltip: false, separator: false, showFilters: false, updateData: "[Function]", updateSchema: "[Function]", onSelect: "[Function]", onSelectAll: "[Function]", updateSortingList: "[Function]", updateFilterList: "[Function]"
 (8ms)
    ✓ 
  totalRecords: 10, page: 20, pageSize: 15, loading: true, error: false, showHead: true, showMenu: false, draggable: true, nestedRows: false, withPagination: true, withCheckbox: true, headCellTooltip: true, separator: true, showFilters: true, updateData: "[Function]", updateSchema: "[Function]", onSelect: "[Function]", onSelectAll: "[Function]", updateSortingList: "[Function]", updateFilterList: "[Function]"
 (5ms)
    ✓ 
  totalRecords: 10, page: 20, pageSize: 15, loading: true, error: false, showHead: true, showMenu: false, draggable: true, nestedRows: false, withPagination: true, withCheckbox: true, headCellTooltip: true, separator: true, showFilters: false, updateData: "[Function]", updateSchema: "[Function]", onSelect: "[Function]", onSelectAll: "[Function]", updateSortingList: "[Function]", updateFilterList: "[Function]"
 (5ms)
    ✓ 
  totalRecords: 10, page: 20, pageSize: 15, loading: true, error: false, showHead: true, showMenu: false, draggable: true, nestedRows: false, withPagination: true, withCheckbox: true, headCellTooltip: true, separator: false, showFilters: true, updateData: "[Function]", updateSchema: "[Function]", onSelect: "[Function]", onSelectAll: "[Function]", updateSortingList: "[Function]", updateFilterList: "[Function]"
 (6ms)
    ✓ 
  totalRecords: 10, page: 20, pageSize: 15, loading: true, error: false, showHead: true, showMenu: false, draggable: true, nestedRows: false, withPagination: true, withCheckbox: true, headCellTooltip: true, separator: false, showFilters: false, updateData: "[Function]", updateSchema: "[Function]", onSelect: "[Function]", onSelectAll: "[Function]", updateSortingList: "[Function]", updateFilterList: "[Function]"
 (2ms)
    ✓ 
  totalRecords: 10, page: 20, pageSize: 15, loading: true, error: false, showHead: true, showMenu: false, draggable: true, nestedRows: false, withPagination: true, withCheckbox: true, headCellTooltip: false, separator: true, showFilters: true, updateData: "[Function]", updateSchema: "[Function]", onSelect: "[Function]", onSelectAll: "[Function]", updateSortingList: "[Function]", updateFilterList: "[Function]"
 (4ms)
    ✓ 
  totalRecords: 10, page: 20, pageSize: 15, loading: true, error: false, showHead: true, showMenu: false, draggable: true, nestedRows: false, withPagination: true, withCheckbox: true, headCellTooltip: false, separator: true, showFilters: false, updateData: "[Function]", updateSchema: "[Function]", onSelect: "[Function]", onSelectAll: "[Function]", updateSortingList: "[Function]", updateFilterList: "[Function]"
 (3ms)
    ✓ 
  totalRecords: 10, page: 20, pageSize: 15, loading: true, error: false, showHead: true, showMenu: false, draggable: true, nestedRows: false, withPagination: true, withCheckbox: true, headCellTooltip: false, separator: false, showFilters: true, updateData: "[Function]", updateSchema: "[Function]", onSelect: "[Function]", onSelectAll: "[Function]", updateSortingList: "[Function]", updateFilterList: "[Function]"
 (3ms)
    ✓ 
  totalRecords: 10, page: 20, pageSize: 15, loading: true, error: false, showHead: true, showMenu: false, draggable: true, nestedRows: false, withPagination: true, withCheckbox: true, headCellTooltip: false, separator: false, showFilters: false, updateData: "[Function]", updateSchema: "[Function]", onSelect: "[Function]", onSelectAll: "[Function]", updateSortingList: "[Function]", updateFilterList: "[Function]"
 (2ms)
    ✓ 
  totalRecords: 10, page: 20, pageSize: 15, loading: true, error: false, showHead: true, showMenu: false, draggable: true, nestedRows: false, withPagination: true, withCheckbox: false, headCellTooltip: true, separator: true, showFilters: true, updateData: "[Function]", updateSchema: "[Function]", onSelect: "[Function]", onSelectAll: "[Function]", updateSortingList: "[Function]", updateFilterList: "[Function]"
 (4ms)
    ✓ 
  totalRecords: 10, page: 20, pageSize: 15, loading: true, error: false, showHead: true, showMenu: false, draggable: true, nestedRows: false, withPagination: true, withCheckbox: false, headCellTooltip: true, separator: true, showFilters: false, updateData: "[Function]", updateSchema: "[Function]", onSelect: "[Function]", onSelectAll: "[Function]", updateSortingList: "[Function]", updateFilterList: "[Function]"
 (2ms)
    ✓ 
  totalRecords: 10, page: 20, pageSize: 15, loading: true, error: false, showHead: true, showMenu: false, draggable: true, nestedRows: false, withPagination: true, withCheckbox: false, headCellTooltip: true, separator: false, showFilters: true, updateData: "[Function]", updateSchema: "[Function]", onSelect: "[Function]", onSelectAll: "[Function]", updateSortingList: "[Function]", updateFilterList: "[Function]"
 (4ms)
    ✓ 
  totalRecords: 10, page: 20, pageSize: 15, loading: true, error: false, showHead: true, showMenu: false, draggable: true, nestedRows: false, withPagination: true, withCheckbox: false, headCellTooltip: true, separator: false, showFilters: false, updateData: "[Function]", updateSchema: "[Function]", onSelect: "[Function]", onSelectAll: "[Function]", updateSortingList: "[Function]", updateFilterList: "[Function]"
 (2ms)
    ✓ 
  totalRecords: 10, page: 20, pageSize: 15, loading: true, error: false, showHead: true, showMenu: false, draggable: true, nestedRows: false, withPagination: true, withCheckbox: false, headCellTooltip: false, separator: true, showFilters: true, updateData: "[Function]", updateSchema: "[Function]", onSelect: "[Function]", onSelectAll: "[Function]", updateSortingList: "[Function]", updateFilterList: "[Function]"
 (2ms)
    ✓ 
  totalRecords: 10, page: 20, pageSize: 15, loading: true, error: false, showHead: true, showMenu: false, draggable: true, nestedRows: false, withPagination: true, withCheckbox: false, headCellTooltip: false, separator: true, showFilters: false, updateData: "[Function]", updateSchema: "[Function]", onSelect: "[Function]", onSelectAll: "[Function]", updateSortingList: "[Function]", updateFilterList: "[Function]"
 (2ms)
    ✓ 
  totalRecords: 10, page: 20, pageSize: 15, loading: true, error: false, showHead: true, showMenu: false, draggable: true, nestedRows: false, withPagination: true, withCheckbox: false, headCellTooltip: false, separator: false, showFilters: true, updateData: "[Function]", updateSchema: "[Function]", onSelect: "[Function]", onSelectAll: "[Function]", updateSortingList: "[Function]", updateFilterList: "[Function]"
 (2ms)
    ✓ 
  totalRecords: 10, page: 20, pageSize: 15, loading: true, error: false, showHead: true, showMenu: false, draggable: true, nestedRows: false, withPagination: true, withCheckbox: false, headCellTooltip: false, separator: false, showFilters: false, updateData: "[Function]", updateSchema: "[Function]", onSelect: "[Function]", onSelectAll: "[Function]", updateSortingList: "[Function]", updateFilterList: "[Function]"
 (2ms)
    ✓ 
  totalRecords: 10, page: 20, pageSize: 15, loading: true, error: false, showHead: true, showMenu: false, draggable: true, nestedRows: false, withPagination: false, withCheckbox: true, headCellTooltip: true, separator: true, showFilters: true, updateData: "[Function]", updateSchema: "[Function]", onSelect: "[Function]", onSelectAll: "[Function]", updateSortingList: "[Function]", updateFilterList: "[Function]"
 (2ms)
    ✓ 
  totalRecords: 10, page: 20, pageSize: 15, loading: true, error: false, showHead: true, showMenu: false, draggable: true, nestedRows: false, withPagination: false, withCheckbox: true, headCellTooltip: true, separator: true, showFilters: false, updateData: "[Function]", updateSchema: "[Function]", onSelect: "[Function]", onSelectAll: "[Function]", updateSortingList: "[Function]", updateFilterList: "[Function]"
 (5ms)
    ✓ 
  totalRecords: 10, page: 20, pageSize: 15, loading: true, error: false, showHead: true, showMenu: false, draggable: true, nestedRows: false, withPagination: false, withCheckbox: true, headCellTooltip: true, separator: false, showFilters: true, updateData: "[Function]", updateSchema: "[Function]", onSelect: "[Function]", onSelectAll: "[Function]", updateSortingList: "[Function]", updateFilterList: "[Function]"
 (3ms)
    ✓ 
  totalRecords: 10, page: 20, pageSize: 15, loading: true, error: false, showHead: true, showMenu: false, draggable: true, nestedRows: false, withPagination: false, withCheckbox: true, headCellTooltip: true, separator: false, showFilters: false, updateData: "[Function]", updateSchema: "[Function]", onSelect: "[Function]", onSelectAll: "[Function]", updateSortingList: "[Function]", updateFilterList: "[Function]"
 (2ms)
    ✓ 
  totalRecords: 10, page: 20, pageSize: 15, loading: true, error: false, showHead: true, showMenu: false, draggable: true, nestedRows: false, withPagination: false, withCheckbox: true, headCellTooltip: false, separator: true, showFilters: true, updateData: "[Function]", updateSchema: "[Function]", onSelect: "[Function]", onSelectAll: "[Function]", updateSortingList: "[Function]", updateFilterList: "[Function]"
 (3ms)
    ✓ 
  totalRecords: 10, page: 20, pageSize: 15, loading: true, error: false, showHead: true, showMenu: false, draggable: true, nestedRows: false, withPagination: false, withCheckbox: true, headCellTooltip: false, separator: true, showFilters: false, updateData: "[Function]", updateSchema: "[Function]", onSelect: "[Function]", onSelectAll: "[Function]", updateSortingList: "[Function]", updateFilterList: "[Function]"
 (1ms)
    ✓ 
  totalRecords: 10, page: 20, pageSize: 15, loading: true, error: false, showHead: true, showMenu: false, draggable: true, nestedRows: false, withPagination: false, withCheckbox: true, headCellTooltip: false, separator: false, showFilters: true, updateData: "[Function]", updateSchema: "[Function]", onSelect: "[Function]", onSelectAll: "[Function]", updateSortingList: "[Function]", updateFilterList: "[Function]"
 (3ms)
    ✓ 
  totalRecords: 10, page: 20, pageSize: 15, loading: true, error: false, showHead: true, showMenu: false, draggable: true, nestedRows: false, withPagination: false, withCheckbox: true, headCellTooltip: false, separator: false, showFilters: false, updateData: "[Function]", updateSchema: "[Function]", onSelect: "[Function]", onSelectAll: "[Function]", updateSortingList: "[Function]", updateFilterList: "[Function]"
 (3ms)
    ✓ 
  totalRecords: 10, page: 20, pageSize: 15, loading: true, error: false, showHead: true, showMenu: false, draggable: true, nestedRows: false, withPagination: false, withCheckbox: false, headCellTooltip: true, separator: true, showFilters: true, updateData: "[Function]", updateSchema: "[Function]", onSelect: "[Function]", onSelectAll: "[Function]", updateSortingList: "[Function]", updateFilterList: "[Function]"
 (3ms)
    ✓ 
  totalRecords: 10, page: 20, pageSize: 15, loading: true, error: false, showHead: true, showMenu: false, draggable: true, nestedRows: false, withPagination: false, withCheckbox: false, headCellTooltip: true, separator: true, showFilters: false, updateData: "[Function]", updateSchema: "[Function]", onSelect: "[Function]", onSelectAll: "[Function]", updateSortingList: "[Function]", updateFilterList: "[Function]"
 (3ms)
    ✓ 
  totalRecords: 10, page: 20, pageSize: 15, loading: true, error: false, showHead: true, showMenu: false, draggable: true, nestedRows: false, withPagination: false, withCheckbox: false, headCellTooltip: true, separator: false, showFilters: true, updateData: "[Function]", updateSchema: "[Function]", onSelect: "[Function]", onSelectAll: "[Function]", updateSortingList: "[Function]", updateFilterList: "[Function]"
 (5ms)
    ✓ 
  totalRecords: 10, page: 20, pageSize: 15, loading: true, error: false, showHead: true, showMenu: false, draggable: true, nestedRows: false, withPagination: false, withCheckbox: false, headCellTooltip: true, separator: false, showFilters: false, updateData: "[Function]", updateSchema: "[Function]", onSelect: "[Function]", onSelectAll: "[Function]", updateSortingList: "[Function]", updateFilterList: "[Function]"
 (2ms)
    ✓ 
  totalRecords: 10, page: 20, pageSize: 15, loading: true, error: false, showHead: true, showMenu: false, draggable: true, nestedRows: false, withPagination: false, withCheckbox: false, headCellTooltip: false, separator: true, showFilters: true, updateData: "[Function]", updateSchema: "[Function]", onSelect: "[Function]", onSelectAll: "[Function]", updateSortingList: "[Function]", updateFilterList: "[Function]"
 (4ms)
    ✓ 
  totalRecords: 10, page: 20, pageSize: 15, loading: true, error: false, showHead: true, showMenu: false, draggable: true, nestedRows: false, withPagination: false, withCheckbox: false, headCellTooltip: false, separator: true, showFilters: false, updateData: "[Function]", updateSchema: "[Function]", onSelect: "[Function]", onSelectAll: "[Function]", updateSortingList: "[Function]", updateFilterList: "[Function]"
 (1ms)
    ✓ 
  totalRecords: 10, page: 20, pageSize: 15, loading: true, error: false, showHead: true, showMenu: false, draggable: true, nestedRows: false, withPagination: false, withCheckbox: false, headCellTooltip: false, separator: false, showFilters: true, updateData: "[Function]", updateSchema: "[Function]", onSelect: "[Function]", onSelectAll: "[Function]", updateSortingList: "[Function]", updateFilterList: "[Function]"
 (3ms)
    ✓ 
  totalRecords: 10, page: 20, pageSize: 15, loading: true, error: false, showHead: true, showMenu: false, draggable: true, nestedRows: false, withPagination: false, withCheckbox: false, headCellTooltip: false, separator: false, showFilters: false, updateData: "[Function]", updateSchema: "[Function]", onSelect: "[Function]", onSelectAll: "[Function]", updateSortingList: "[Function]", updateFilterList: "[Function]"
 (3ms)
    ✓ 
  totalRecords: 10, page: 20, pageSize: 15, loading: true, error: false, showHead: true, showMenu: false, draggable: false, nestedRows: true, withPagination: true, withCheckbox: true, headCellTooltip: true, separator: true, showFilters: true, updateData: "[Function]", updateSchema: "[Function]", onSelect: "[Function]", onSelectAll: "[Function]", updateSortingList: "[Function]", updateFilterList: "[Function]"
 (2ms)
    ✓ 
  totalRecords: 10, page: 20, pageSize: 15, loading: true, error: false, showHead: true, showMenu: false, draggable: false, nestedRows: true, withPagination: true, withCheckbox: true, headCellTooltip: true, separator: true, showFilters: false, updateData: "[Function]", updateSchema: "[Function]", onSelect: "[Function]", onSelectAll: "[Function]", updateSortingList: "[Function]", updateFilterList: "[Function]"
 (1ms)
    ✓ 
  totalRecords: 10, page: 20, pageSize: 15, loading: true, error: false, showHead: true, showMenu: false, draggable: false, nestedRows: true, withPagination: true, withCheckbox: true, headCellTooltip: true, separator: false, showFilters: true, updateData: "[Function]", updateSchema: "[Function]", onSelect: "[Function]", onSelectAll: "[Function]", updateSortingList: "[Function]", updateFilterList: "[Function]"
 (3ms)
    ✓ 
  totalRecords: 10, page: 20, pageSize: 15, loading: true, error: false, showHead: true, showMenu: false, draggable: false, nestedRows: true, withPagination: true, withCheckbox: true, headCellTooltip: true, separator: false, showFilters: false, updateData: "[Function]", updateSchema: "[Function]", onSelect: "[Function]", onSelectAll: "[Function]", updateSortingList: "[Function]", updateFilterList: "[Function]"
 (5ms)
    ✓ 
  totalRecords: 10, page: 20, pageSize: 15, loading: true, error: false, showHead: true, showMenu: false, draggable: false, nestedRows: true, withPagination: true, withCheckbox: true, headCellTooltip: false, separator: true, showFilters: true, updateData: "[Function]", updateSchema: "[Function]", onSelect: "[Function]", onSelectAll: "[Function]", updateSortingList: "[Function]", updateFilterList: "[Function]"
 (3ms)
    ✓ 
  totalRecords: 10, page: 20, pageSize: 15, loading: true, error: false, showHead: true, showMenu: false, draggable: false, nestedRows: true, withPagination: true, withCheckbox: true, headCellTooltip: false, separator: true, showFilters: false, updateData: "[Function]", updateSchema: "[Function]", onSelect: "[Function]", onSelectAll: "[Function]", updateSortingList: "[Function]", updateFilterList: "[Function]"
 (3ms)
    ✓ 
  totalRecords: 10, page: 20, pageSize: 15, loading: true, error: false, showHead: true, showMenu: false, draggable: false, nestedRows: true, withPagination: true, withCheckbox: true, headCellTooltip: false, separator: false, showFilters: true, updateData: "[Function]", updateSchema: "[Function]", onSelect: "[Function]", onSelectAll: "[Function]", updateSortingList: "[Function]", updateFilterList: "[Function]"
 (2ms)
    ✓ 
  totalRecords: 10, page: 20, pageSize: 15, loading: true, error: false, showHead: true, showMenu: false, draggable: false, nestedRows: true, withPagination: true, withCheckbox: true, headCellTooltip: false, separator: false, showFilters: false, updateData: "[Function]", updateSchema: "[Function]", onSelect: "[Function]", onSelectAll: "[Function]", updateSortingList: "[Function]", updateFilterList: "[Function]"
 (2ms)
    ✓ 
  totalRecords: 10, page: 20, pageSize: 15, loading: true, error: false, showHead: true, showMenu: false, draggable: false, nestedRows: true, withPagination: true, withCheckbox: false, headCellTooltip: true, separator: true, showFilters: true, updateData: "[Function]", updateSchema: "[Function]", onSelect: "[Function]", onSelectAll: "[Function]", updateSortingList: "[Function]", updateFilterList: "[Function]"
 (5ms)
    ✓ 
  totalRecords: 10, page: 20, pageSize: 15, loading: true, error: false, showHead: true, showMenu: false, draggable: false, nestedRows: true, withPagination: true, withCheckbox: false, headCellTooltip: true, separator: true, showFilters: false, updateData: "[Function]", updateSchema: "[Function]", onSelect: "[Function]", onSelectAll: "[Function]", updateSortingList: "[Function]", updateFilterList: "[Function]"
 (2ms)
    ✓ 
  totalRecords: 10, page: 20, pageSize: 15, loading: true, error: false, showHead: true, showMenu: false, draggable: false, nestedRows: true, withPagination: true, withCheckbox: false, headCellTooltip: true, separator: false, showFilters: true, updateData: "[Function]", updateSchema: "[Function]", onSelect: "[Function]", onSelectAll: "[Function]", updateSortingList: "[Function]", updateFilterList: "[Function]"
 (4ms)
    ✓ 
  totalRecords: 10, page: 20, pageSize: 15, loading: true, error: false, showHead: true, showMenu: false, draggable: false, nestedRows: true, withPagination: true, withCheckbox: false, headCellTooltip: true, separator: false, showFilters: false, updateData: "[Function]", updateSchema: "[Function]", onSelect: "[Function]", onSelectAll: "[Function]", updateSortingList: "[Function]", updateFilterList: "[Function]"
 (3ms)
    ✓ 
  totalRecords: 10, page: 20, pageSize: 15, loading: true, error: false, showHead: true, showMenu: false, draggable: false, nestedRows: true, withPagination: true, withCheckbox: false, headCellTooltip: false, separator: true, showFilters: true, updateData: "[Function]", updateSchema: "[Function]", onSelect: "[Function]", onSelectAll: "[Function]", updateSortingList: "[Function]", updateFilterList: "[Function]"
 (7ms)
    ✓ 
  totalRecords: 10, page: 20, pageSize: 15, loading: true, error: false, showHead: true, showMenu: false, draggable: false, nestedRows: true, withPagination: true, withCheckbox: false, headCellTooltip: false, separator: true, showFilters: false, updateData: "[Function]", updateSchema: "[Function]", onSelect: "[Function]", onSelectAll: "[Function]", updateSortingList: "[Function]", updateFilterList: "[Function]"
 (2ms)
    ✓ 
  totalRecords: 10, page: 20, pageSize: 15, loading: true, error: false, showHead: true, showMenu: false, draggable: false, nestedRows: true, withPagination: true, withCheckbox: false, headCellTooltip: false, separator: false, showFilters: true, updateData: "[Function]", updateSchema: "[Function]", onSelect: "[Function]", onSelectAll: "[Function]", updateSortingList: "[Function]", updateFilterList: "[Function]"
 (2ms)
    ✓ 
  totalRecords: 10, page: 20, pageSize: 15, loading: true, error: false, showHead: true, showMenu: false, draggable: false, nestedRows: true, withPagination: true, withCheckbox: false, headCellTooltip: false, separator: false, showFilters: false, updateData: "[Function]", updateSchema: "[Function]", onSelect: "[Function]", onSelectAll: "[Function]", updateSortingList: "[Function]", updateFilterList: "[Function]"
 (2ms)
    ✓ 
  totalRecords: 10, page: 20, pageSize: 15, loading: true, error: false, showHead: true, showMenu: false, draggable: false, nestedRows: true, withPagination: false, withCheckbox: true, headCellTooltip: true, separator: true, showFilters: true, updateData: "[Function]", updateSchema: "[Function]", onSelect: "[Function]", onSelectAll: "[Function]", updateSortingList: "[Function]", updateFilterList: "[Function]"
 (3ms)
    ✓ 
  totalRecords: 10, page: 20, pageSize: 15, loading: true, error: false, showHead: true, showMenu: false, draggable: false, nestedRows: true, withPagination: false, withCheckbox: true, headCellTooltip: true, separator: true, showFilters: false, updateData: "[Function]", updateSchema: "[Function]", onSelect: "[Function]", onSelectAll: "[Function]", updateSortingList: "[Function]", updateFilterList: "[Function]"
 (3ms)
    ✓ 
  totalRecords: 10, page: 20, pageSize: 15, loading: true, error: false, showHead: true, showMenu: false, draggable: false, nestedRows: true, withPagination: false, withCheckbox: true, headCellTooltip: true, separator: false, showFilters: true, updateData: "[Function]", updateSchema: "[Function]", onSelect: "[Function]", onSelectAll: "[Function]", updateSortingList: "[Function]", updateFilterList: "[Function]"
 (5ms)
    ✓ 
  totalRecords: 10, page: 20, pageSize: 15, loading: true, error: false, showHead: true, showMenu: false, draggable: false, nestedRows: true, withPagination: false, withCheckbox: true, headCellTooltip: true, separator: false, showFilters: false, updateData: "[Function]", updateSchema: "[Function]", onSelect: "[Function]", onSelectAll: "[Function]", updateSortingList: "[Function]", updateFilterList: "[Function]"
 (2ms)
    ✓ 
  totalRecords: 10, page: 20, pageSize: 15, loading: true, error: false, showHead: true, showMenu: false, draggable: false, nestedRows: true, withPagination: false, withCheckbox: true, headCellTooltip: false, separator: true, showFilters: true, updateData: "[Function]", updateSchema: "[Function]", onSelect: "[Function]", onSelectAll: "[Function]", updateSortingList: "[Function]", updateFilterList: "[Function]"
 (3ms)
    ✓ 
  totalRecords: 10, page: 20, pageSize: 15, loading: true, error: false, showHead: true, showMenu: false, draggable: false, nestedRows: true, withPagination: false, withCheckbox: true, headCellTooltip: false, separator: true, showFilters: false, updateData: "[Function]", updateSchema: "[Function]", onSelect: "[Function]", onSelectAll: "[Function]", updateSortingList: "[Function]", updateFilterList: "[Function]"
 (4ms)
    ✓ 
  totalRecords: 10, page: 20, pageSize: 15, loading: true, error: false, showHead: true, showMenu: false, draggable: false, nestedRows: true, withPagination: false, withCheckbox: true, headCellTooltip: false, separator: false, showFilters: true, updateData: "[Function]", updateSchema: "[Function]", onSelect: "[Function]", onSelectAll: "[Function]", updateSortingList: "[Function]", updateFilterList: "[Function]"
 (6ms)
    ✓ 
  totalRecords: 10, page: 20, pageSize: 15, loading: true, error: false, showHead: true, showMenu: false, draggable: false, nestedRows: true, withPagination: false, withCheckbox: true, headCellTooltip: false, separator: false, showFilters: false, updateData: "[Function]", updateSchema: "[Function]", onSelect: "[Function]", onSelectAll: "[Function]", updateSortingList: "[Function]", updateFilterList: "[Function]"
 (4ms)
    ✓ 
  totalRecords: 10, page: 20, pageSize: 15, loading: true, error: false, showHead: true, showMenu: false, draggable: false, nestedRows: true, withPagination: false, withCheckbox: false, headCellTooltip: true, separator: true, showFilters: true, updateData: "[Function]", updateSchema: "[Function]", onSelect: "[Function]", onSelectAll: "[Function]", updateSortingList: "[Function]", updateFilterList: "[Function]"
 (2ms)
    ✓ 
  totalRecords: 10, page: 20, pageSize: 15, loading: true, error: false, showHead: true, showMenu: false, draggable: false, nestedRows: true, withPagination: false, withCheckbox: false, headCellTooltip: true, separator: true, showFilters: false, updateData: "[Function]", updateSchema: "[Function]", onSelect: "[Function]", onSelectAll: "[Function]", updateSortingList: "[Function]", updateFilterList: "[Function]"
 (4ms)
    ✓ 
  totalRecords: 10, page: 20, pageSize: 15, loading: true, error: false, showHead: true, showMenu: false, draggable: false, nestedRows: true, withPagination: false, withCheckbox: false, headCellTooltip: true, separator: false, showFilters: true, updateData: "[Function]", updateSchema: "[Function]", onSelect: "[Function]", onSelectAll: "[Function]", updateSortingList: "[Function]", updateFilterList: "[Function]"
 (4ms)
    ✓ 
  totalRecords: 10, page: 20, pageSize: 15, loading: true, error: false, showHead: true, showMenu: false, draggable: false, nestedRows: true, withPagination: false, withCheckbox: false, headCellTooltip: true, separator: false, showFilters: false, updateData: "[Function]", updateSchema: "[Function]", onSelect: "[Function]", onSelectAll: "[Function]", updateSortingList: "[Function]", updateFilterList: "[Function]"
 (3ms)
    ✓ 
  totalRecords: 10, page: 20, pageSize: 15, loading: true, error: false, showHead: true, showMenu: false, draggable: false, nestedRows: true, withPagination: false, withCheckbox: false, headCellTooltip: false, separator: true, showFilters: true, updateData: "[Function]", updateSchema: "[Function]", onSelect: "[Function]", onSelectAll: "[Function]", updateSortingList: "[Function]", updateFilterList: "[Function]"
 (2ms)
    ✓ 
  totalRecords: 10, page: 20, pageSize: 15, loading: true, error: false, showHead: true, showMenu: false, draggable: false, nestedRows: true, withPagination: false, withCheckbox: false, headCellTooltip: false, separator: true, showFilters: false, updateData: "[Function]", updateSchema: "[Function]", onSelect: "[Function]", onSelectAll: "[Function]", updateSortingList: "[Function]", updateFilterList: "[Function]"
 (3ms)
    ✓ 
  totalRecords: 10, page: 20, pageSize: 15, loading: true, error: false, showHead: true, showMenu: false, draggable: false, nestedRows: true, withPagination: false, withCheckbox: false, headCellTooltip: false, separator: false, showFilters: true, updateData: "[Function]", updateSchema: "[Function]", onSelect: "[Function]", onSelectAll: "[Function]", updateSortingList: "[Function]", updateFilterList: "[Function]"
 (5ms)
    ✓ 
  totalRecords: 10, page: 20, pageSize: 15, loading: true, error: false, showHead: true, showMenu: false, draggable: false, nestedRows: true, withPagination: false, withCheckbox: false, headCellTooltip: false, separator: false, showFilters: false, updateData: "[Function]", updateSchema: "[Function]", onSelect: "[Function]", onSelectAll: "[Function]", updateSortingList: "[Function]", updateFilterList: "[Function]"
 (3ms)
    ✓ 
  totalRecords: 10, page: 20, pageSize: 15, loading: true, error: false, showHead: true, showMenu: false, draggable: false, nestedRows: false, withPagination: true, withCheckbox: true, headCellTooltip: true, separator: true, showFilters: true, updateData: "[Function]", updateSchema: "[Function]", onSelect: "[Function]", onSelectAll: "[Function]", updateSortingList: "[Function]", updateFilterList: "[Function]"
 (3ms)
    ✓ 
  totalRecords: 10, page: 20, pageSize: 15, loading: true, error: false, showHead: true, showMenu: false, draggable: false, nestedRows: false, withPagination: true, withCheckbox: true, headCellTooltip: true, separator: true, showFilters: false, updateData: "[Function]", updateSchema: "[Function]", onSelect: "[Function]", onSelectAll: "[Function]", updateSortingList: "[Function]", updateFilterList: "[Function]"
 (2ms)
    ✓ 
  totalRecords: 10, page: 20, pageSize: 15, loading: true, error: false, showHead: true, showMenu: false, draggable: false, nestedRows: false, withPagination: true, withCheckbox: true, headCellTooltip: true, separator: false, showFilters: true, updateData: "[Function]", updateSchema: "[Function]", onSelect: "[Function]", onSelectAll: "[Function]", updateSortingList: "[Function]", updateFilterList: "[Function]"
 (3ms)
    ✓ 
  totalRecords: 10, page: 20, pageSize: 15, loading: true, error: false, showHead: true, showMenu: false, draggable: false, nestedRows: false, withPagination: true, withCheckbox: true, headCellTooltip: true, separator: false, showFilters: false, updateData: "[Function]", updateSchema: "[Function]", onSelect: "[Function]", onSelectAll: "[Function]", updateSortingList: "[Function]", updateFilterList: "[Function]"
 (4ms)
    ✓ 
  totalRecords: 10, page: 20, pageSize: 15, loading: true, error: false, showHead: true, showMenu: false, draggable: false, nestedRows: false, withPagination: true, withCheckbox: true, headCellTooltip: false, separator: true, showFilters: true, updateData: "[Function]", updateSchema: "[Function]", onSelect: "[Function]", onSelectAll: "[Function]", updateSortingList: "[Function]", updateFilterList: "[Function]"
 (3ms)
    ✓ 
  totalRecords: 10, page: 20, pageSize: 15, loading: true, error: false, showHead: true, showMenu: false, draggable: false, nestedRows: false, withPagination: true, withCheckbox: true, headCellTooltip: false, separator: true, showFilters: false, updateData: "[Function]", updateSchema: "[Function]", onSelect: "[Function]", onSelectAll: "[Function]", updateSortingList: "[Function]", updateFilterList: "[Function]"
 (4ms)
    ✓ 
  totalRecords: 10, page: 20, pageSize: 15, loading: true, error: false, showHead: true, showMenu: false, draggable: false, nestedRows: false, withPagination: true, withCheckbox: true, headCellTooltip: false, separator: false, showFilters: true, updateData: "[Function]", updateSchema: "[Function]", onSelect: "[Function]", onSelectAll: "[Function]", updateSortingList: "[Function]", updateFilterList: "[Function]"
 (3ms)
    ✓ 
  totalRecords: 10, page: 20, pageSize: 15, loading: true, error: false, showHead: true, showMenu: false, draggable: false, nestedRows: false, withPagination: true, withCheckbox: true, headCellTooltip: false, separator: false, showFilters: false, updateData: "[Function]", updateSchema: "[Function]", onSelect: "[Function]", onSelectAll: "[Function]", updateSortingList: "[Function]", updateFilterList: "[Function]"
 (4ms)
    ✓ 
  totalRecords: 10, page: 20, pageSize: 15, loading: true, error: false, showHead: true, showMenu: false, draggable: false, nestedRows: false, withPagination: true, withCheckbox: false, headCellTooltip: true, separator: true, showFilters: true, updateData: "[Function]", updateSchema: "[Function]", onSelect: "[Function]", onSelectAll: "[Function]", updateSortingList: "[Function]", updateFilterList: "[Function]"
 (2ms)
    ✓ 
  totalRecords: 10, page: 20, pageSize: 15, loading: true, error: false, showHead: true, showMenu: false, draggable: false, nestedRows: false, withPagination: true, withCheckbox: false, headCellTooltip: true, separator: true, showFilters: false, updateData: "[Function]", updateSchema: "[Function]", onSelect: "[Function]", onSelectAll: "[Function]", updateSortingList: "[Function]", updateFilterList: "[Function]"
 (1ms)
    ✓ 
  totalRecords: 10, page: 20, pageSize: 15, loading: true, error: false, showHead: true, showMenu: false, draggable: false, nestedRows: false, withPagination: true, withCheckbox: false, headCellTooltip: true, separator: false, showFilters: true, updateData: "[Function]", updateSchema: "[Function]", onSelect: "[Function]", onSelectAll: "[Function]", updateSortingList: "[Function]", updateFilterList: "[Function]"
 (2ms)
    ✓ 
  totalRecords: 10, page: 20, pageSize: 15, loading: true, error: false, showHead: true, showMenu: false, draggable: false, nestedRows: false, withPagination: true, withCheckbox: false, headCellTooltip: true, separator: false, showFilters: false, updateData: "[Function]", updateSchema: "[Function]", onSelect: "[Function]", onSelectAll: "[Function]", updateSortingList: "[Function]", updateFilterList: "[Function]"
 (3ms)
    ✓ 
  totalRecords: 10, page: 20, pageSize: 15, loading: true, error: false, showHead: true, showMenu: false, draggable: false, nestedRows: false, withPagination: true, withCheckbox: false, headCellTooltip: false, separator: true, showFilters: true, updateData: "[Function]", updateSchema: "[Function]", onSelect: "[Function]", onSelectAll: "[Function]", updateSortingList: "[Function]", updateFilterList: "[Function]"
 (3ms)
    ✓ 
  totalRecords: 10, page: 20, pageSize: 15, loading: true, error: false, showHead: true, showMenu: false, draggable: false, nestedRows: false, withPagination: true, withCheckbox: false, headCellTooltip: false, separator: true, showFilters: false, updateData: "[Function]", updateSchema: "[Function]", onSelect: "[Function]", onSelectAll: "[Function]", updateSortingList: "[Function]", updateFilterList: "[Function]"
 (4ms)
    ✓ 
  totalRecords: 10, page: 20, pageSize: 15, loading: true, error: false, showHead: true, showMenu: false, draggable: false, nestedRows: false, withPagination: true, withCheckbox: false, headCellTooltip: false, separator: false, showFilters: true, updateData: "[Function]", updateSchema: "[Function]", onSelect: "[Function]", onSelectAll: "[Function]", updateSortingList: "[Function]", updateFilterList: "[Function]"
 (2ms)
    ✓ 
  totalRecords: 10, page: 20, pageSize: 15, loading: true, error: false, showHead: true, showMenu: false, draggable: false, nestedRows: false, withPagination: true, withCheckbox: false, headCellTooltip: false, separator: false, showFilters: false, updateData: "[Function]", updateSchema: "[Function]", onSelect: "[Function]", onSelectAll: "[Function]", updateSortingList: "[Function]", updateFilterList: "[Function]"
 (2ms)
    ✓ 
  totalRecords: 10, page: 20, pageSize: 15, loading: true, error: false, showHead: true, showMenu: false, draggable: false, nestedRows: false, withPagination: false, withCheckbox: true, headCellTooltip: true, separator: true, showFilters: true, updateData: "[Function]", updateSchema: "[Function]", onSelect: "[Function]", onSelectAll: "[Function]", updateSortingList: "[Function]", updateFilterList: "[Function]"
 (6ms)
    ✓ 
  totalRecords: 10, page: 20, pageSize: 15, loading: true, error: false, showHead: true, showMenu: false, draggable: false, nestedRows: false, withPagination: false, withCheckbox: true, headCellTooltip: true, separator: true, showFilters: false, updateData: "[Function]", updateSchema: "[Function]", onSelect: "[Function]", onSelectAll: "[Function]", updateSortingList: "[Function]", updateFilterList: "[Function]"
 (4ms)
    ✓ 
  totalRecords: 10, page: 20, pageSize: 15, loading: true, error: false, showHead: true, showMenu: false, draggable: false, nestedRows: false, withPagination: false, withCheckbox: true, headCellTooltip: true, separator: false, showFilters: true, updateData: "[Function]", updateSchema: "[Function]", onSelect: "[Function]", onSelectAll: "[Function]", updateSortingList: "[Function]", updateFilterList: "[Function]"
 (2ms)
    ✓ 
  totalRecords: 10, page: 20, pageSize: 15, loading: true, error: false, showHead: true, showMenu: false, draggable: false, nestedRows: false, withPagination: false, withCheckbox: true, headCellTooltip: true, separator: false, showFilters: false, updateData: "[Function]", updateSchema: "[Function]", onSelect: "[Function]", onSelectAll: "[Function]", updateSortingList: "[Function]", updateFilterList: "[Function]"
 (2ms)
    ✓ 
  totalRecords: 10, page: 20, pageSize: 15, loading: true, error: false, showHead: true, showMenu: false, draggable: false, nestedRows: false, withPagination: false, withCheckbox: true, headCellTooltip: false, separator: true, showFilters: true, updateData: "[Function]", updateSchema: "[Function]", onSelect: "[Function]", onSelectAll: "[Function]", updateSortingList: "[Function]", updateFilterList: "[Function]"
 (2ms)
    ✓ 
  totalRecords: 10, page: 20, pageSize: 15, loading: true, error: false, showHead: true, showMenu: false, draggable: false, nestedRows: false, withPagination: false, withCheckbox: true, headCellTooltip: false, separator: true, showFilters: false, updateData: "[Function]", updateSchema: "[Function]", onSelect: "[Function]", onSelectAll: "[Function]", updateSortingList: "[Function]", updateFilterList: "[Function]"
 (1ms)
    ✓ 
  totalRecords: 10, page: 20, pageSize: 15, loading: true, error: false, showHead: true, showMenu: false, draggable: false, nestedRows: false, withPagination: false, withCheckbox: true, headCellTooltip: false, separator: false, showFilters: true, updateData: "[Function]", updateSchema: "[Function]", onSelect: "[Function]", onSelectAll: "[Function]", updateSortingList: "[Function]", updateFilterList: "[Function]"
 (2ms)
    ✓ 
  totalRecords: 10, page: 20, pageSize: 15, loading: true, error: false, showHead: true, showMenu: false, draggable: false, nestedRows: false, withPagination: false, withCheckbox: true, headCellTooltip: false, separator: false, showFilters: false, updateData: "[Function]", updateSchema: "[Function]", onSelect: "[Function]", onSelectAll: "[Function]", updateSortingList: "[Function]", updateFilterList: "[Function]"
 (1ms)
    ✓ 
  totalRecords: 10, page: 20, pageSize: 15, loading: true, error: false, showHead: true, showMenu: false, draggable: false, nestedRows: false, withPagination: false, withCheckbox: false, headCellTooltip: true, separator: true, showFilters: true, updateData: "[Function]", updateSchema: "[Function]", onSelect: "[Function]", onSelectAll: "[Function]", updateSortingList: "[Function]", updateFilterList: "[Function]"
 (4ms)
    ✓ 
  totalRecords: 10, page: 20, pageSize: 15, loading: true, error: false, showHead: true, showMenu: false, draggable: false, nestedRows: false, withPagination: false, withCheckbox: false, headCellTooltip: true, separator: true, showFilters: false, updateData: "[Function]", updateSchema: "[Function]", onSelect: "[Function]", onSelectAll: "[Function]", updateSortingList: "[Function]", updateFilterList: "[Function]"
 (5ms)
    ✓ 
  totalRecords: 10, page: 20, pageSize: 15, loading: true, error: false, showHead: true, showMenu: false, draggable: false, nestedRows: false, withPagination: false, withCheckbox: false, headCellTooltip: true, separator: false, showFilters: true, updateData: "[Function]", updateSchema: "[Function]", onSelect: "[Function]", onSelectAll: "[Function]", updateSortingList: "[Function]", updateFilterList: "[Function]"
 (3ms)
    ✓ 
  totalRecords: 10, page: 20, pageSize: 15, loading: true, error: false, showHead: true, showMenu: false, draggable: false, nestedRows: false, withPagination: false, withCheckbox: false, headCellTooltip: true, separator: false, showFilters: false, updateData: "[Function]", updateSchema: "[Function]", onSelect: "[Function]", onSelectAll: "[Function]", updateSortingList: "[Function]", updateFilterList: "[Function]"
 (2ms)
    ✓ 
  totalRecords: 10, page: 20, pageSize: 15, loading: true, error: false, showHead: true, showMenu: false, draggable: false, nestedRows: false, withPagination: false, withCheckbox: false, headCellTooltip: false, separator: true, showFilters: true, updateData: "[Function]", updateSchema: "[Function]", onSelect: "[Function]", onSelectAll: "[Function]", updateSortingList: "[Function]", updateFilterList: "[Function]"
 (1ms)
    ✓ 
  totalRecords: 10, page: 20, pageSize: 15, loading: true, error: false, showHead: true, showMenu: false, draggable: false, nestedRows: false, withPagination: false, withCheckbox: false, headCellTooltip: false, separator: true, showFilters: false, updateData: "[Function]", updateSchema: "[Function]", onSelect: "[Function]", onSelectAll: "[Function]", updateSortingList: "[Function]", updateFilterList: "[Function]"
 (2ms)
    ✓ 
  totalRecords: 10, page: 20, pageSize: 15, loading: true, error: false, showHead: true, showMenu: false, draggable: false, nestedRows: false, withPagination: false, withCheckbox: false, headCellTooltip: false, separator: false, showFilters: true, updateData: "[Function]", updateSchema: "[Function]", onSelect: "[Function]", onSelectAll: "[Function]", updateSortingList: "[Function]", updateFilterList: "[Function]"
 (2ms)
    ✓ 
  totalRecords: 10, page: 20, pageSize: 15, loading: true, error: false, showHead: true, showMenu: false, draggable: false, nestedRows: false, withPagination: false, withCheckbox: false, headCellTooltip: false, separator: false, showFilters: false, updateData: "[Function]", updateSchema: "[Function]", onSelect: "[Function]", onSelectAll: "[Function]", updateSortingList: "[Function]", updateFilterList: "[Function]"
 (2ms)
    ✓ 
  totalRecords: 10, page: 20, pageSize: 15, loading: true, error: false, showHead: false, showMenu: true, draggable: true, nestedRows: true, withPagination: true, withCheckbox: true, headCellTooltip: true, separator: true, showFilters: true, updateData: "[Function]", updateSchema: "[Function]", onSelect: "[Function]", onSelectAll: "[Function]", updateSortingList: "[Function]", updateFilterList: "[Function]"
 (1ms)
    ✓ 
  totalRecords: 10, page: 20, pageSize: 15, loading: true, error: false, showHead: false, showMenu: true, draggable: true, nestedRows: true, withPagination: true, withCheckbox: true, headCellTooltip: true, separator: true, showFilters: false, updateData: "[Function]", updateSchema: "[Function]", onSelect: "[Function]", onSelectAll: "[Function]", updateSortingList: "[Function]", updateFilterList: "[Function]"
 (1ms)
    ✓ 
  totalRecords: 10, page: 20, pageSize: 15, loading: true, error: false, showHead: false, showMenu: true, draggable: true, nestedRows: true, withPagination: true, withCheckbox: true, headCellTooltip: true, separator: false, showFilters: true, updateData: "[Function]", updateSchema: "[Function]", onSelect: "[Function]", onSelectAll: "[Function]", updateSortingList: "[Function]", updateFilterList: "[Function]"
 (3ms)
    ✓ 
  totalRecords: 10, page: 20, pageSize: 15, loading: true, error: false, showHead: false, showMenu: true, draggable: true, nestedRows: true, withPagination: true, withCheckbox: true, headCellTooltip: true, separator: false, showFilters: false, updateData: "[Function]", updateSchema: "[Function]", onSelect: "[Function]", onSelectAll: "[Function]", updateSortingList: "[Function]", updateFilterList: "[Function]"
 (2ms)
    ✓ 
  totalRecords: 10, page: 20, pageSize: 15, loading: true, error: false, showHead: false, showMenu: true, draggable: true, nestedRows: true, withPagination: true, withCheckbox: true, headCellTooltip: false, separator: true, showFilters: true, updateData: "[Function]", updateSchema: "[Function]", onSelect: "[Function]", onSelectAll: "[Function]", updateSortingList: "[Function]", updateFilterList: "[Function]"
 (1ms)
    ✓ 
  totalRecords: 10, page: 20, pageSize: 15, loading: true, error: false, showHead: false, showMenu: true, draggable: true, nestedRows: true, withPagination: true, withCheckbox: true, headCellTooltip: false, separator: true, showFilters: false, updateData: "[Function]", updateSchema: "[Function]", onSelect: "[Function]", onSelectAll: "[Function]", updateSortingList: "[Function]", updateFilterList: "[Function]"
 (2ms)
    ✓ 
  totalRecords: 10, page: 20, pageSize: 15, loading: true, error: false, showHead: false, showMenu: true, draggable: true, nestedRows: true, withPagination: true, withCheckbox: true, headCellTooltip: false, separator: false, showFilters: true, updateData: "[Function]", updateSchema: "[Function]", onSelect: "[Function]", onSelectAll: "[Function]", updateSortingList: "[Function]", updateFilterList: "[Function]"
 (3ms)
    ✓ 
  totalRecords: 10, page: 20, pageSize: 15, loading: true, error: false, showHead: false, showMenu: true, draggable: true, nestedRows: true, withPagination: true, withCheckbox: true, headCellTooltip: false, separator: false, showFilters: false, updateData: "[Function]", updateSchema: "[Function]", onSelect: "[Function]", onSelectAll: "[Function]", updateSortingList: "[Function]", updateFilterList: "[Function]"
 (2ms)
    ✓ 
  totalRecords: 10, page: 20, pageSize: 15, loading: true, error: false, showHead: false, showMenu: true, draggable: true, nestedRows: true, withPagination: true, withCheckbox: false, headCellTooltip: true, separator: true, showFilters: true, updateData: "[Function]", updateSchema: "[Function]", onSelect: "[Function]", onSelectAll: "[Function]", updateSortingList: "[Function]", updateFilterList: "[Function]"
 (2ms)
    ✓ 
  totalRecords: 10, page: 20, pageSize: 15, loading: true, error: false, showHead: false, showMenu: true, draggable: true, nestedRows: true, withPagination: true, withCheckbox: false, headCellTooltip: true, separator: true, showFilters: false, updateData: "[Function]", updateSchema: "[Function]", onSelect: "[Function]", onSelectAll: "[Function]", updateSortingList: "[Function]", updateFilterList: "[Function]"
 (2ms)
    ✓ 
  totalRecords: 10, page: 20, pageSize: 15, loading: true, error: false, showHead: false, showMenu: true, draggable: true, nestedRows: true, withPagination: true, withCheckbox: false, headCellTooltip: true, separator: false, showFilters: true, updateData: "[Function]", updateSchema: "[Function]", onSelect: "[Function]", onSelectAll: "[Function]", updateSortingList: "[Function]", updateFilterList: "[Function]"
 (2ms)
    ✓ 
  totalRecords: 10, page: 20, pageSize: 15, loading: true, error: false, showHead: false, showMenu: true, draggable: true, nestedRows: true, withPagination: true, withCheckbox: false, headCellTooltip: true, separator: false, showFilters: false, updateData: "[Function]", updateSchema: "[Function]", onSelect: "[Function]", onSelectAll: "[Function]", updateSortingList: "[Function]", updateFilterList: "[Function]"
 (2ms)
    ✓ 
  totalRecords: 10, page: 20, pageSize: 15, loading: true, error: false, showHead: false, showMenu: true, draggable: true, nestedRows: true, withPagination: true, withCheckbox: false, headCellTooltip: false, separator: true, showFilters: true, updateData: "[Function]", updateSchema: "[Function]", onSelect: "[Function]", onSelectAll: "[Function]", updateSortingList: "[Function]", updateFilterList: "[Function]"
 (3ms)
    ✓ 
  totalRecords: 10, page: 20, pageSize: 15, loading: true, error: false, showHead: false, showMenu: true, draggable: true, nestedRows: true, withPagination: true, withCheckbox: false, headCellTooltip: false, separator: true, showFilters: false, updateData: "[Function]", updateSchema: "[Function]", onSelect: "[Function]", onSelectAll: "[Function]", updateSortingList: "[Function]", updateFilterList: "[Function]"
 (2ms)
    ✓ 
  totalRecords: 10, page: 20, pageSize: 15, loading: true, error: false, showHead: false, showMenu: true, draggable: true, nestedRows: true, withPagination: true, withCheckbox: false, headCellTooltip: false, separator: false, showFilters: true, updateData: "[Function]", updateSchema: "[Function]", onSelect: "[Function]", onSelectAll: "[Function]", updateSortingList: "[Function]", updateFilterList: "[Function]"
 (2ms)
    ✓ 
  totalRecords: 10, page: 20, pageSize: 15, loading: true, error: false, showHead: false, showMenu: true, draggable: true, nestedRows: true, withPagination: true, withCheckbox: false, headCellTooltip: false, separator: false, showFilters: false, updateData: "[Function]", updateSchema: "[Function]", onSelect: "[Function]", onSelectAll: "[Function]", updateSortingList: "[Function]", updateFilterList: "[Function]"
 (2ms)
    ✓ 
  totalRecords: 10, page: 20, pageSize: 15, loading: true, error: false, showHead: false, showMenu: true, draggable: true, nestedRows: true, withPagination: false, withCheckbox: true, headCellTooltip: true, separator: true, showFilters: true, updateData: "[Function]", updateSchema: "[Function]", onSelect: "[Function]", onSelectAll: "[Function]", updateSortingList: "[Function]", updateFilterList: "[Function]"
 (2ms)
    ✓ 
  totalRecords: 10, page: 20, pageSize: 15, loading: true, error: false, showHead: false, showMenu: true, draggable: true, nestedRows: true, withPagination: false, withCheckbox: true, headCellTooltip: true, separator: true, showFilters: false, updateData: "[Function]", updateSchema: "[Function]", onSelect: "[Function]", onSelectAll: "[Function]", updateSortingList: "[Function]", updateFilterList: "[Function]"
 (1ms)
    ✓ 
  totalRecords: 10, page: 20, pageSize: 15, loading: true, error: false, showHead: false, showMenu: true, draggable: true, nestedRows: true, withPagination: false, withCheckbox: true, headCellTooltip: true, separator: false, showFilters: true, updateData: "[Function]", updateSchema: "[Function]", onSelect: "[Function]", onSelectAll: "[Function]", updateSortingList: "[Function]", updateFilterList: "[Function]"
 (1ms)
    ✓ 
  totalRecords: 10, page: 20, pageSize: 15, loading: true, error: false, showHead: false, showMenu: true, draggable: true, nestedRows: true, withPagination: false, withCheckbox: true, headCellTooltip: true, separator: false, showFilters: false, updateData: "[Function]", updateSchema: "[Function]", onSelect: "[Function]", onSelectAll: "[Function]", updateSortingList: "[Function]", updateFilterList: "[Function]"
 (2ms)
    ✓ 
  totalRecords: 10, page: 20, pageSize: 15, loading: true, error: false, showHead: false, showMenu: true, draggable: true, nestedRows: true, withPagination: false, withCheckbox: true, headCellTooltip: false, separator: true, showFilters: true, updateData: "[Function]", updateSchema: "[Function]", onSelect: "[Function]", onSelectAll: "[Function]", updateSortingList: "[Function]", updateFilterList: "[Function]"
 (2ms)
    ✓ 
  totalRecords: 10, page: 20, pageSize: 15, loading: true, error: false, showHead: false, showMenu: true, draggable: true, nestedRows: true, withPagination: false, withCheckbox: true, headCellTooltip: false, separator: true, showFilters: false, updateData: "[Function]", updateSchema: "[Function]", onSelect: "[Function]", onSelectAll: "[Function]", updateSortingList: "[Function]", updateFilterList: "[Function]"
 (2ms)
    ✓ 
  totalRecords: 10, page: 20, pageSize: 15, loading: true, error: false, showHead: false, showMenu: true, draggable: true, nestedRows: true, withPagination: false, withCheckbox: true, headCellTooltip: false, separator: false, showFilters: true, updateData: "[Function]", updateSchema: "[Function]", onSelect: "[Function]", onSelectAll: "[Function]", updateSortingList: "[Function]", updateFilterList: "[Function]"
 (6ms)
    ✓ 
  totalRecords: 10, page: 20, pageSize: 15, loading: true, error: false, showHead: false, showMenu: true, draggable: true, nestedRows: true, withPagination: false, withCheckbox: true, headCellTooltip: false, separator: false, showFilters: false, updateData: "[Function]", updateSchema: "[Function]", onSelect: "[Function]", onSelectAll: "[Function]", updateSortingList: "[Function]", updateFilterList: "[Function]"
 (2ms)
    ✓ 
  totalRecords: 10, page: 20, pageSize: 15, loading: true, error: false, showHead: false, showMenu: true, draggable: true, nestedRows: true, withPagination: false, withCheckbox: false, headCellTooltip: true, separator: true, showFilters: true, updateData: "[Function]", updateSchema: "[Function]", onSelect: "[Function]", onSelectAll: "[Function]", updateSortingList: "[Function]", updateFilterList: "[Function]"
 (2ms)
    ✓ 
  totalRecords: 10, page: 20, pageSize: 15, loading: true, error: false, showHead: false, showMenu: true, draggable: true, nestedRows: true, withPagination: false, withCheckbox: false, headCellTooltip: true, separator: true, showFilters: false, updateData: "[Function]", updateSchema: "[Function]", onSelect: "[Function]", onSelectAll: "[Function]", updateSortingList: "[Function]", updateFilterList: "[Function]"
 (2ms)
    ✓ 
  totalRecords: 10, page: 20, pageSize: 15, loading: true, error: false, showHead: false, showMenu: true, draggable: true, nestedRows: true, withPagination: false, withCheckbox: false, headCellTooltip: true, separator: false, showFilters: true, updateData: "[Function]", updateSchema: "[Function]", onSelect: "[Function]", onSelectAll: "[Function]", updateSortingList: "[Function]", updateFilterList: "[Function]"
 (1ms)
    ✓ 
  totalRecords: 10, page: 20, pageSize: 15, loading: true, error: false, showHead: false, showMenu: true, draggable: true, nestedRows: true, withPagination: false, withCheckbox: false, headCellTooltip: true, separator: false, showFilters: false, updateData: "[Function]", updateSchema: "[Function]", onSelect: "[Function]", onSelectAll: "[Function]", updateSortingList: "[Function]", updateFilterList: "[Function]"
 (2ms)
    ✓ 
  totalRecords: 10, page: 20, pageSize: 15, loading: true, error: false, showHead: false, showMenu: true, draggable: true, nestedRows: true, withPagination: false, withCheckbox: false, headCellTooltip: false, separator: true, showFilters: true, updateData: "[Function]", updateSchema: "[Function]", onSelect: "[Function]", onSelectAll: "[Function]", updateSortingList: "[Function]", updateFilterList: "[Function]"
 (1ms)
    ✓ 
  totalRecords: 10, page: 20, pageSize: 15, loading: true, error: false, showHead: false, showMenu: true, draggable: true, nestedRows: true, withPagination: false, withCheckbox: false, headCellTooltip: false, separator: true, showFilters: false, updateData: "[Function]", updateSchema: "[Function]", onSelect: "[Function]", onSelectAll: "[Function]", updateSortingList: "[Function]", updateFilterList: "[Function]"
 (2ms)
    ✓ 
  totalRecords: 10, page: 20, pageSize: 15, loading: true, error: false, showHead: false, showMenu: true, draggable: true, nestedRows: true, withPagination: false, withCheckbox: false, headCellTooltip: false, separator: false, showFilters: true, updateData: "[Function]", updateSchema: "[Function]", onSelect: "[Function]", onSelectAll: "[Function]", updateSortingList: "[Function]", updateFilterList: "[Function]"
 (1ms)
    ✓ 
  totalRecords: 10, page: 20, pageSize: 15, loading: true, error: false, showHead: false, showMenu: true, draggable: true, nestedRows: true, withPagination: false, withCheckbox: false, headCellTooltip: false, separator: false, showFilters: false, updateData: "[Function]", updateSchema: "[Function]", onSelect: "[Function]", onSelectAll: "[Function]", updateSortingList: "[Function]", updateFilterList: "[Function]"
 (3ms)
    ✓ 
  totalRecords: 10, page: 20, pageSize: 15, loading: true, error: false, showHead: false, showMenu: true, draggable: true, nestedRows: false, withPagination: true, withCheckbox: true, headCellTooltip: true, separator: true, showFilters: true, updateData: "[Function]", updateSchema: "[Function]", onSelect: "[Function]", onSelectAll: "[Function]", updateSortingList: "[Function]", updateFilterList: "[Function]"
 (5ms)
    ✓ 
  totalRecords: 10, page: 20, pageSize: 15, loading: true, error: false, showHead: false, showMenu: true, draggable: true, nestedRows: false, withPagination: true, withCheckbox: true, headCellTooltip: true, separator: true, showFilters: false, updateData: "[Function]", updateSchema: "[Function]", onSelect: "[Function]", onSelectAll: "[Function]", updateSortingList: "[Function]", updateFilterList: "[Function]"
 (2ms)
    ✓ 
  totalRecords: 10, page: 20, pageSize: 15, loading: true, error: false, showHead: false, showMenu: true, draggable: true, nestedRows: false, withPagination: true, withCheckbox: true, headCellTooltip: true, separator: false, showFilters: true, updateData: "[Function]", updateSchema: "[Function]", onSelect: "[Function]", onSelectAll: "[Function]", updateSortingList: "[Function]", updateFilterList: "[Function]"
 (2ms)
    ✓ 
  totalRecords: 10, page: 20, pageSize: 15, loading: true, error: false, showHead: false, showMenu: true, draggable: true, nestedRows: false, withPagination: true, withCheckbox: true, headCellTooltip: true, separator: false, showFilters: false, updateData: "[Function]", updateSchema: "[Function]", onSelect: "[Function]", onSelectAll: "[Function]", updateSortingList: "[Function]", updateFilterList: "[Function]"
 (1ms)
    ✓ 
  totalRecords: 10, page: 20, pageSize: 15, loading: true, error: false, showHead: false, showMenu: true, draggable: true, nestedRows: false, withPagination: true, withCheckbox: true, headCellTooltip: false, separator: true, showFilters: true, updateData: "[Function]", updateSchema: "[Function]", onSelect: "[Function]", onSelectAll: "[Function]", updateSortingList: "[Function]", updateFilterList: "[Function]"
 (2ms)
    ✓ 
  totalRecords: 10, page: 20, pageSize: 15, loading: true, error: false, showHead: false, showMenu: true, draggable: true, nestedRows: false, withPagination: true, withCheckbox: true, headCellTooltip: false, separator: true, showFilters: false, updateData: "[Function]", updateSchema: "[Function]", onSelect: "[Function]", onSelectAll: "[Function]", updateSortingList: "[Function]", updateFilterList: "[Function]"
 (4ms)
    ✓ 
  totalRecords: 10, page: 20, pageSize: 15, loading: true, error: false, showHead: false, showMenu: true, draggable: true, nestedRows: false, withPagination: true, withCheckbox: true, headCellTooltip: false, separator: false, showFilters: true, updateData: "[Function]", updateSchema: "[Function]", onSelect: "[Function]", onSelectAll: "[Function]", updateSortingList: "[Function]", updateFilterList: "[Function]"
 (2ms)
    ✓ 
  totalRecords: 10, page: 20, pageSize: 15, loading: true, error: false, showHead: false, showMenu: true, draggable: true, nestedRows: false, withPagination: true, withCheckbox: true, headCellTooltip: false, separator: false, showFilters: false, updateData: "[Function]", updateSchema: "[Function]", onSelect: "[Function]", onSelectAll: "[Function]", updateSortingList: "[Function]", updateFilterList: "[Function]"
 (2ms)
    ✓ 
  totalRecords: 10, page: 20, pageSize: 15, loading: true, error: false, showHead: false, showMenu: true, draggable: true, nestedRows: false, withPagination: true, withCheckbox: false, headCellTooltip: true, separator: true, showFilters: true, updateData: "[Function]", updateSchema: "[Function]", onSelect: "[Function]", onSelectAll: "[Function]", updateSortingList: "[Function]", updateFilterList: "[Function]"
 (1ms)
    ✓ 
  totalRecords: 10, page: 20, pageSize: 15, loading: true, error: false, showHead: false, showMenu: true, draggable: true, nestedRows: false, withPagination: true, withCheckbox: false, headCellTooltip: true, separator: true, showFilters: false, updateData: "[Function]", updateSchema: "[Function]", onSelect: "[Function]", onSelectAll: "[Function]", updateSortingList: "[Function]", updateFilterList: "[Function]"
 (2ms)
    ✓ 
  totalRecords: 10, page: 20, pageSize: 15, loading: true, error: false, showHead: false, showMenu: true, draggable: true, nestedRows: false, withPagination: true, withCheckbox: false, headCellTooltip: true, separator: false, showFilters: true, updateData: "[Function]", updateSchema: "[Function]", onSelect: "[Function]", onSelectAll: "[Function]", updateSortingList: "[Function]", updateFilterList: "[Function]"
 (4ms)
    ✓ 
  totalRecords: 10, page: 20, pageSize: 15, loading: true, error: false, showHead: false, showMenu: true, draggable: true, nestedRows: false, withPagination: true, withCheckbox: false, headCellTooltip: true, separator: false, showFilters: false, updateData: "[Function]", updateSchema: "[Function]", onSelect: "[Function]", onSelectAll: "[Function]", updateSortingList: "[Function]", updateFilterList: "[Function]"
 (3ms)
    ✓ 
  totalRecords: 10, page: 20, pageSize: 15, loading: true, error: false, showHead: false, showMenu: true, draggable: true, nestedRows: false, withPagination: true, withCheckbox: false, headCellTooltip: false, separator: true, showFilters: true, updateData: "[Function]", updateSchema: "[Function]", onSelect: "[Function]", onSelectAll: "[Function]", updateSortingList: "[Function]", updateFilterList: "[Function]"
 (1ms)
    ✓ 
  totalRecords: 10, page: 20, pageSize: 15, loading: true, error: false, showHead: false, showMenu: true, draggable: true, nestedRows: false, withPagination: true, withCheckbox: false, headCellTooltip: false, separator: true, showFilters: false, updateData: "[Function]", updateSchema: "[Function]", onSelect: "[Function]", onSelectAll: "[Function]", updateSortingList: "[Function]", updateFilterList: "[Function]"
 (2ms)
    ✓ 
  totalRecords: 10, page: 20, pageSize: 15, loading: true, error: false, showHead: false, showMenu: true, draggable: true, nestedRows: false, withPagination: true, withCheckbox: false, headCellTooltip: false, separator: false, showFilters: true, updateData: "[Function]", updateSchema: "[Function]", onSelect: "[Function]", onSelectAll: "[Function]", updateSortingList: "[Function]", updateFilterList: "[Function]"
 (1ms)
    ✓ 
  totalRecords: 10, page: 20, pageSize: 15, loading: true, error: false, showHead: false, showMenu: true, draggable: true, nestedRows: false, withPagination: true, withCheckbox: false, headCellTooltip: false, separator: false, showFilters: false, updateData: "[Function]", updateSchema: "[Function]", onSelect: "[Function]", onSelectAll: "[Function]", updateSortingList: "[Function]", updateFilterList: "[Function]"
 (2ms)
    ✓ 
  totalRecords: 10, page: 20, pageSize: 15, loading: true, error: false, showHead: false, showMenu: true, draggable: true, nestedRows: false, withPagination: false, withCheckbox: true, headCellTooltip: true, separator: true, showFilters: true, updateData: "[Function]", updateSchema: "[Function]", onSelect: "[Function]", onSelectAll: "[Function]", updateSortingList: "[Function]", updateFilterList: "[Function]"
 (2ms)
    ✓ 
  totalRecords: 10, page: 20, pageSize: 15, loading: true, error: false, showHead: false, showMenu: true, draggable: true, nestedRows: false, withPagination: false, withCheckbox: true, headCellTooltip: true, separator: true, showFilters: false, updateData: "[Function]", updateSchema: "[Function]", onSelect: "[Function]", onSelectAll: "[Function]", updateSortingList: "[Function]", updateFilterList: "[Function]"
 (1ms)
    ✓ 
  totalRecords: 10, page: 20, pageSize: 15, loading: true, error: false, showHead: false, showMenu: true, draggable: true, nestedRows: false, withPagination: false, withCheckbox: true, headCellTooltip: true, separator: false, showFilters: true, updateData: "[Function]", updateSchema: "[Function]", onSelect: "[Function]", onSelectAll: "[Function]", updateSortingList: "[Function]", updateFilterList: "[Function]"
 (2ms)
    ✓ 
  totalRecords: 10, page: 20, pageSize: 15, loading: true, error: false, showHead: false, showMenu: true, draggable: true, nestedRows: false, withPagination: false, withCheckbox: true, headCellTooltip: true, separator: false, showFilters: false, updateData: "[Function]", updateSchema: "[Function]", onSelect: "[Function]", onSelectAll: "[Function]", updateSortingList: "[Function]", updateFilterList: "[Function]"
 (3ms)
    ✓ 
  totalRecords: 10, page: 20, pageSize: 15, loading: true, error: false, showHead: false, showMenu: true, draggable: true, nestedRows: false, withPagination: false, withCheckbox: true, headCellTooltip: false, separator: true, showFilters: true, updateData: "[Function]", updateSchema: "[Function]", onSelect: "[Function]", onSelectAll: "[Function]", updateSortingList: "[Function]", updateFilterList: "[Function]"
 (4ms)
    ✓ 
  totalRecords: 10, page: 20, pageSize: 15, loading: true, error: false, showHead: false, showMenu: true, draggable: true, nestedRows: false, withPagination: false, withCheckbox: true, headCellTooltip: false, separator: true, showFilters: false, updateData: "[Function]", updateSchema: "[Function]", onSelect: "[Function]", onSelectAll: "[Function]", updateSortingList: "[Function]", updateFilterList: "[Function]"
 (2ms)
    ✓ 
  totalRecords: 10, page: 20, pageSize: 15, loading: true, error: false, showHead: false, showMenu: true, draggable: true, nestedRows: false, withPagination: false, withCheckbox: true, headCellTooltip: false, separator: false, showFilters: true, updateData: "[Function]", updateSchema: "[Function]", onSelect: "[Function]", onSelectAll: "[Function]", updateSortingList: "[Function]", updateFilterList: "[Function]"
 (1ms)
    ✓ 
  totalRecords: 10, page: 20, pageSize: 15, loading: true, error: false, showHead: false, showMenu: true, draggable: true, nestedRows: false, withPagination: false, withCheckbox: true, headCellTooltip: false, separator: false, showFilters: false, updateData: "[Function]", updateSchema: "[Function]", onSelect: "[Function]", onSelectAll: "[Function]", updateSortingList: "[Function]", updateFilterList: "[Function]"
 (2ms)
    ✓ 
  totalRecords: 10, page: 20, pageSize: 15, loading: true, error: false, showHead: false, showMenu: true, draggable: true, nestedRows: false, withPagination: false, withCheckbox: false, headCellTooltip: true, separator: true, showFilters: true, updateData: "[Function]", updateSchema: "[Function]", onSelect: "[Function]", onSelectAll: "[Function]", updateSortingList: "[Function]", updateFilterList: "[Function]"
 (2ms)
    ✓ 
  totalRecords: 10, page: 20, pageSize: 15, loading: true, error: false, showHead: false, showMenu: true, draggable: true, nestedRows: false, withPagination: false, withCheckbox: false, headCellTooltip: true, separator: true, showFilters: false, updateData: "[Function]", updateSchema: "[Function]", onSelect: "[Function]", onSelectAll: "[Function]", updateSortingList: "[Function]", updateFilterList: "[Function]"
 (2ms)
    ✓ 
  totalRecords: 10, page: 20, pageSize: 15, loading: true, error: false, showHead: false, showMenu: true, draggable: true, nestedRows: false, withPagination: false, withCheckbox: false, headCellTooltip: true, separator: false, showFilters: true, updateData: "[Function]", updateSchema: "[Function]", onSelect: "[Function]", onSelectAll: "[Function]", updateSortingList: "[Function]", updateFilterList: "[Function]"
 (2ms)
    ✓ 
  totalRecords: 10, page: 20, pageSize: 15, loading: true, error: false, showHead: false, showMenu: true, draggable: true, nestedRows: false, withPagination: false, withCheckbox: false, headCellTooltip: true, separator: false, showFilters: false, updateData: "[Function]", updateSchema: "[Function]", onSelect: "[Function]", onSelectAll: "[Function]", updateSortingList: "[Function]", updateFilterList: "[Function]"
 (2ms)
    ✓ 
  totalRecords: 10, page: 20, pageSize: 15, loading: true, error: false, showHead: false, showMenu: true, draggable: true, nestedRows: false, withPagination: false, withCheckbox: false, headCellTooltip: false, separator: true, showFilters: true, updateData: "[Function]", updateSchema: "[Function]", onSelect: "[Function]", onSelectAll: "[Function]", updateSortingList: "[Function]", updateFilterList: "[Function]"
 (2ms)
    ✓ 
  totalRecords: 10, page: 20, pageSize: 15, loading: true, error: false, showHead: false, showMenu: true, draggable: true, nestedRows: false, withPagination: false, withCheckbox: false, headCellTooltip: false, separator: true, showFilters: false, updateData: "[Function]", updateSchema: "[Function]", onSelect: "[Function]", onSelectAll: "[Function]", updateSortingList: "[Function]", updateFilterList: "[Function]"
 (2ms)
    ✓ 
  totalRecords: 10, page: 20, pageSize: 15, loading: true, error: false, showHead: false, showMenu: true, draggable: true, nestedRows: false, withPagination: false, withCheckbox: false, headCellTooltip: false, separator: false, showFilters: true, updateData: "[Function]", updateSchema: "[Function]", onSelect: "[Function]", onSelectAll: "[Function]", updateSortingList: "[Function]", updateFilterList: "[Function]"
 (3ms)
    ✓ 
  totalRecords: 10, page: 20, pageSize: 15, loading: true, error: false, showHead: false, showMenu: true, draggable: true, nestedRows: false, withPagination: false, withCheckbox: false, headCellTooltip: false, separator: false, showFilters: false, updateData: "[Function]", updateSchema: "[Function]", onSelect: "[Function]", onSelectAll: "[Function]", updateSortingList: "[Function]", updateFilterList: "[Function]"
 (2ms)
    ✓ 
  totalRecords: 10, page: 20, pageSize: 15, loading: true, error: false, showHead: false, showMenu: true, draggable: false, nestedRows: true, withPagination: true, withCheckbox: true, headCellTooltip: true, separator: true, showFilters: true, updateData: "[Function]", updateSchema: "[Function]", onSelect: "[Function]", onSelectAll: "[Function]", updateSortingList: "[Function]", updateFilterList: "[Function]"
 (1ms)
    ✓ 
  totalRecords: 10, page: 20, pageSize: 15, loading: true, error: false, showHead: false, showMenu: true, draggable: false, nestedRows: true, withPagination: true, withCheckbox: true, headCellTooltip: true, separator: true, showFilters: false, updateData: "[Function]", updateSchema: "[Function]", onSelect: "[Function]", onSelectAll: "[Function]", updateSortingList: "[Function]", updateFilterList: "[Function]"
 (2ms)
    ✓ 
  totalRecords: 10, page: 20, pageSize: 15, loading: true, error: false, showHead: false, showMenu: true, draggable: false, nestedRows: true, withPagination: true, withCheckbox: true, headCellTooltip: true, separator: false, showFilters: true, updateData: "[Function]", updateSchema: "[Function]", onSelect: "[Function]", onSelectAll: "[Function]", updateSortingList: "[Function]", updateFilterList: "[Function]"
 (1ms)
    ✓ 
  totalRecords: 10, page: 20, pageSize: 15, loading: true, error: false, showHead: false, showMenu: true, draggable: false, nestedRows: true, withPagination: true, withCheckbox: true, headCellTooltip: true, separator: false, showFilters: false, updateData: "[Function]", updateSchema: "[Function]", onSelect: "[Function]", onSelectAll: "[Function]", updateSortingList: "[Function]", updateFilterList: "[Function]"
 (2ms)
    ✓ 
  totalRecords: 10, page: 20, pageSize: 15, loading: true, error: false, showHead: false, showMenu: true, draggable: false, nestedRows: true, withPagination: true, withCheckbox: true, headCellTooltip: false, separator: true, showFilters: true, updateData: "[Function]", updateSchema: "[Function]", onSelect: "[Function]", onSelectAll: "[Function]", updateSortingList: "[Function]", updateFilterList: "[Function]"
 (2ms)
    ✓ 
  totalRecords: 10, page: 20, pageSize: 15, loading: true, error: false, showHead: false, showMenu: true, draggable: false, nestedRows: true, withPagination: true, withCheckbox: true, headCellTooltip: false, separator: true, showFilters: false, updateData: "[Function]", updateSchema: "[Function]", onSelect: "[Function]", onSelectAll: "[Function]", updateSortingList: "[Function]", updateFilterList: "[Function]"
 (3ms)
    ✓ 
  totalRecords: 10, page: 20, pageSize: 15, loading: true, error: false, showHead: false, showMenu: true, draggable: false, nestedRows: true, withPagination: true, withCheckbox: true, headCellTooltip: false, separator: false, showFilters: true, updateData: "[Function]", updateSchema: "[Function]", onSelect: "[Function]", onSelectAll: "[Function]", updateSortingList: "[Function]", updateFilterList: "[Function]"
 (1ms)
    ✓ 
  totalRecords: 10, page: 20, pageSize: 15, loading: true, error: false, showHead: false, showMenu: true, draggable: false, nestedRows: true, withPagination: true, withCheckbox: true, headCellTooltip: false, separator: false, showFilters: false, updateData: "[Function]", updateSchema: "[Function]", onSelect: "[Function]", onSelectAll: "[Function]", updateSortingList: "[Function]", updateFilterList: "[Function]"
 (2ms)
    ✓ 
  totalRecords: 10, page: 20, pageSize: 15, loading: true, error: false, showHead: false, showMenu: true, draggable: false, nestedRows: true, withPagination: true, withCheckbox: false, headCellTooltip: true, separator: true, showFilters: true, updateData: "[Function]", updateSchema: "[Function]", onSelect: "[Function]", onSelectAll: "[Function]", updateSortingList: "[Function]", updateFilterList: "[Function]"
 (3ms)
    ✓ 
  totalRecords: 10, page: 20, pageSize: 15, loading: true, error: false, showHead: false, showMenu: true, draggable: false, nestedRows: true, withPagination: true, withCheckbox: false, headCellTooltip: true, separator: true, showFilters: false, updateData: "[Function]", updateSchema: "[Function]", onSelect: "[Function]", onSelectAll: "[Function]", updateSortingList: "[Function]", updateFilterList: "[Function]"
 (2ms)
    ✓ 
  totalRecords: 10, page: 20, pageSize: 15, loading: true, error: false, showHead: false, showMenu: true, draggable: false, nestedRows: true, withPagination: true, withCheckbox: false, headCellTooltip: true, separator: false, showFilters: true, updateData: "[Function]", updateSchema: "[Function]", onSelect: "[Function]", onSelectAll: "[Function]", updateSortingList: "[Function]", updateFilterList: "[Function]"
 (1ms)
    ✓ 
  totalRecords: 10, page: 20, pageSize: 15, loading: true, error: false, showHead: false, showMenu: true, draggable: false, nestedRows: true, withPagination: true, withCheckbox: false, headCellTooltip: true, separator: false, showFilters: false, updateData: "[Function]", updateSchema: "[Function]", onSelect: "[Function]", onSelectAll: "[Function]", updateSortingList: "[Function]", updateFilterList: "[Function]"
 (2ms)
    ✓ 
  totalRecords: 10, page: 20, pageSize: 15, loading: true, error: false, showHead: false, showMenu: true, draggable: false, nestedRows: true, withPagination: true, withCheckbox: false, headCellTooltip: false, separator: true, showFilters: true, updateData: "[Function]", updateSchema: "[Function]", onSelect: "[Function]", onSelectAll: "[Function]", updateSortingList: "[Function]", updateFilterList: "[Function]"
 (3ms)
    ✓ 
  totalRecords: 10, page: 20, pageSize: 15, loading: true, error: false, showHead: false, showMenu: true, draggable: false, nestedRows: true, withPagination: true, withCheckbox: false, headCellTooltip: false, separator: true, showFilters: false, updateData: "[Function]", updateSchema: "[Function]", onSelect: "[Function]", onSelectAll: "[Function]", updateSortingList: "[Function]", updateFilterList: "[Function]"
 (2ms)
    ✓ 
  totalRecords: 10, page: 20, pageSize: 15, loading: true, error: false, showHead: false, showMenu: true, draggable: false, nestedRows: true, withPagination: true, withCheckbox: false, headCellTooltip: false, separator: false, showFilters: true, updateData: "[Function]", updateSchema: "[Function]", onSelect: "[Function]", onSelectAll: "[Function]", updateSortingList: "[Function]", updateFilterList: "[Function]"
 (1ms)
    ✓ 
  totalRecords: 10, page: 20, pageSize: 15, loading: true, error: false, showHead: false, showMenu: true, draggable: false, nestedRows: true, withPagination: true, withCheckbox: false, headCellTooltip: false, separator: false, showFilters: false, updateData: "[Function]", updateSchema: "[Function]", onSelect: "[Function]", onSelectAll: "[Function]", updateSortingList: "[Function]", updateFilterList: "[Function]"
 (2ms)
    ✓ 
  totalRecords: 10, page: 20, pageSize: 15, loading: true, error: false, showHead: false, showMenu: true, draggable: false, nestedRows: true, withPagination: false, withCheckbox: true, headCellTooltip: true, separator: true, showFilters: true, updateData: "[Function]", updateSchema: "[Function]", onSelect: "[Function]", onSelectAll: "[Function]", updateSortingList: "[Function]", updateFilterList: "[Function]"
 (1ms)
    ✓ 
  totalRecords: 10, page: 20, pageSize: 15, loading: true, error: false, showHead: false, showMenu: true, draggable: false, nestedRows: true, withPagination: false, withCheckbox: true, headCellTooltip: true, separator: true, showFilters: false, updateData: "[Function]", updateSchema: "[Function]", onSelect: "[Function]", onSelectAll: "[Function]", updateSortingList: "[Function]", updateFilterList: "[Function]"
 (2ms)
    ✓ 
  totalRecords: 10, page: 20, pageSize: 15, loading: true, error: false, showHead: false, showMenu: true, draggable: false, nestedRows: true, withPagination: false, withCheckbox: true, headCellTooltip: true, separator: false, showFilters: true, updateData: "[Function]", updateSchema: "[Function]", onSelect: "[Function]", onSelectAll: "[Function]", updateSortingList: "[Function]", updateFilterList: "[Function]"
 (3ms)
    ✓ 
  totalRecords: 10, page: 20, pageSize: 15, loading: true, error: false, showHead: false, showMenu: true, draggable: false, nestedRows: true, withPagination: false, withCheckbox: true, headCellTooltip: true, separator: false, showFilters: false, updateData: "[Function]", updateSchema: "[Function]", onSelect: "[Function]", onSelectAll: "[Function]", updateSortingList: "[Function]", updateFilterList: "[Function]"
 (3ms)
    ✓ 
  totalRecords: 10, page: 20, pageSize: 15, loading: true, error: false, showHead: false, showMenu: true, draggable: false, nestedRows: true, withPagination: false, withCheckbox: true, headCellTooltip: false, separator: true, showFilters: true, updateData: "[Function]", updateSchema: "[Function]", onSelect: "[Function]", onSelectAll: "[Function]", updateSortingList: "[Function]", updateFilterList: "[Function]"
 (3ms)
    ✓ 
  totalRecords: 10, page: 20, pageSize: 15, loading: true, error: false, showHead: false, showMenu: true, draggable: false, nestedRows: true, withPagination: false, withCheckbox: true, headCellTooltip: false, separator: true, showFilters: false, updateData: "[Function]", updateSchema: "[Function]", onSelect: "[Function]", onSelectAll: "[Function]", updateSortingList: "[Function]", updateFilterList: "[Function]"
 (1ms)
    ✓ 
  totalRecords: 10, page: 20, pageSize: 15, loading: true, error: false, showHead: false, showMenu: true, draggable: false, nestedRows: true, withPagination: false, withCheckbox: true, headCellTooltip: false, separator: false, showFilters: true, updateData: "[Function]", updateSchema: "[Function]", onSelect: "[Function]", onSelectAll: "[Function]", updateSortingList: "[Function]", updateFilterList: "[Function]"
 (3ms)
    ✓ 
  totalRecords: 10, page: 20, pageSize: 15, loading: true, error: false, showHead: false, showMenu: true, draggable: false, nestedRows: true, withPagination: false, withCheckbox: true, headCellTooltip: false, separator: false, showFilters: false, updateData: "[Function]", updateSchema: "[Function]", onSelect: "[Function]", onSelectAll: "[Function]", updateSortingList: "[Function]", updateFilterList: "[Function]"
 (2ms)
    ✓ 
  totalRecords: 10, page: 20, pageSize: 15, loading: true, error: false, showHead: false, showMenu: true, draggable: false, nestedRows: true, withPagination: false, withCheckbox: false, headCellTooltip: true, separator: true, showFilters: true, updateData: "[Function]", updateSchema: "[Function]", onSelect: "[Function]", onSelectAll: "[Function]", updateSortingList: "[Function]", updateFilterList: "[Function]"
 (2ms)
    ✓ 
  totalRecords: 10, page: 20, pageSize: 15, loading: true, error: false, showHead: false, showMenu: true, draggable: false, nestedRows: true, withPagination: false, withCheckbox: false, headCellTooltip: true, separator: true, showFilters: false, updateData: "[Function]", updateSchema: "[Function]", onSelect: "[Function]", onSelectAll: "[Function]", updateSortingList: "[Function]", updateFilterList: "[Function]"
 (1ms)
    ✓ 
  totalRecords: 10, page: 20, pageSize: 15, loading: true, error: false, showHead: false, showMenu: true, draggable: false, nestedRows: true, withPagination: false, withCheckbox: false, headCellTooltip: true, separator: false, showFilters: true, updateData: "[Function]", updateSchema: "[Function]", onSelect: "[Function]", onSelectAll: "[Function]", updateSortingList: "[Function]", updateFilterList: "[Function]"
 (2ms)
    ✓ 
  totalRecords: 10, page: 20, pageSize: 15, loading: true, error: false, showHead: false, showMenu: true, draggable: false, nestedRows: true, withPagination: false, withCheckbox: false, headCellTooltip: true, separator: false, showFilters: false, updateData: "[Function]", updateSchema: "[Function]", onSelect: "[Function]", onSelectAll: "[Function]", updateSortingList: "[Function]", updateFilterList: "[Function]"
 (2ms)
    ✓ 
  totalRecords: 10, page: 20, pageSize: 15, loading: true, error: false, showHead: false, showMenu: true, draggable: false, nestedRows: true, withPagination: false, withCheckbox: false, headCellTooltip: false, separator: true, showFilters: true, updateData: "[Function]", updateSchema: "[Function]", onSelect: "[Function]", onSelectAll: "[Function]", updateSortingList: "[Function]", updateFilterList: "[Function]"
 (5ms)
    ✓ 
  totalRecords: 10, page: 20, pageSize: 15, loading: true, error: false, showHead: false, showMenu: true, draggable: false, nestedRows: true, withPagination: false, withCheckbox: false, headCellTooltip: false, separator: true, showFilters: false, updateData: "[Function]", updateSchema: "[Function]", onSelect: "[Function]", onSelectAll: "[Function]", updateSortingList: "[Function]", updateFilterList: "[Function]"
 (2ms)
    ✓ 
  totalRecords: 10, page: 20, pageSize: 15, loading: true, error: false, showHead: false, showMenu: true, draggable: false, nestedRows: true, withPagination: false, withCheckbox: false, headCellTooltip: false, separator: false, showFilters: true, updateData: "[Function]", updateSchema: "[Function]", onSelect: "[Function]", onSelectAll: "[Function]", updateSortingList: "[Function]", updateFilterList: "[Function]"
 (2ms)
    ✓ 
  totalRecords: 10, page: 20, pageSize: 15, loading: true, error: false, showHead: false, showMenu: true, draggable: false, nestedRows: true, withPagination: false, withCheckbox: false, headCellTooltip: false, separator: false, showFilters: false, updateData: "[Function]", updateSchema: "[Function]", onSelect: "[Function]", onSelectAll: "[Function]", updateSortingList: "[Function]", updateFilterList: "[Function]"
 (3ms)
    ✓ 
  totalRecords: 10, page: 20, pageSize: 15, loading: true, error: false, showHead: false, showMenu: true, draggable: false, nestedRows: false, withPagination: true, withCheckbox: true, headCellTooltip: true, separator: true, showFilters: true, updateData: "[Function]", updateSchema: "[Function]", onSelect: "[Function]", onSelectAll: "[Function]", updateSortingList: "[Function]", updateFilterList: "[Function]"
 (3ms)
    ✓ 
  totalRecords: 10, page: 20, pageSize: 15, loading: true, error: false, showHead: false, showMenu: true, draggable: false, nestedRows: false, withPagination: true, withCheckbox: true, headCellTooltip: true, separator: true, showFilters: false, updateData: "[Function]", updateSchema: "[Function]", onSelect: "[Function]", onSelectAll: "[Function]", updateSortingList: "[Function]", updateFilterList: "[Function]"
 (4ms)
    ✓ 
  totalRecords: 10, page: 20, pageSize: 15, loading: true, error: false, showHead: false, showMenu: true, draggable: false, nestedRows: false, withPagination: true, withCheckbox: true, headCellTooltip: true, separator: false, showFilters: true, updateData: "[Function]", updateSchema: "[Function]", onSelect: "[Function]", onSelectAll: "[Function]", updateSortingList: "[Function]", updateFilterList: "[Function]"
 (2ms)
    ✓ 
  totalRecords: 10, page: 20, pageSize: 15, loading: true, error: false, showHead: false, showMenu: true, draggable: false, nestedRows: false, withPagination: true, withCheckbox: true, headCellTooltip: true, separator: false, showFilters: false, updateData: "[Function]", updateSchema: "[Function]", onSelect: "[Function]", onSelectAll: "[Function]", updateSortingList: "[Function]", updateFilterList: "[Function]"
 (1ms)
    ✓ 
  totalRecords: 10, page: 20, pageSize: 15, loading: true, error: false, showHead: false, showMenu: true, draggable: false, nestedRows: false, withPagination: true, withCheckbox: true, headCellTooltip: false, separator: true, showFilters: true, updateData: "[Function]", updateSchema: "[Function]", onSelect: "[Function]", onSelectAll: "[Function]", updateSortingList: "[Function]", updateFilterList: "[Function]"
 (2ms)
    ✓ 
  totalRecords: 10, page: 20, pageSize: 15, loading: true, error: false, showHead: false, showMenu: true, draggable: false, nestedRows: false, withPagination: true, withCheckbox: true, headCellTooltip: false, separator: true, showFilters: false, updateData: "[Function]", updateSchema: "[Function]", onSelect: "[Function]", onSelectAll: "[Function]", updateSortingList: "[Function]", updateFilterList: "[Function]"
 (2ms)
    ✓ 
  totalRecords: 10, page: 20, pageSize: 15, loading: true, error: false, showHead: false, showMenu: true, draggable: false, nestedRows: false, withPagination: true, withCheckbox: true, headCellTooltip: false, separator: false, showFilters: true, updateData: "[Function]", updateSchema: "[Function]", onSelect: "[Function]", onSelectAll: "[Function]", updateSortingList: "[Function]", updateFilterList: "[Function]"
 (3ms)
    ✓ 
  totalRecords: 10, page: 20, pageSize: 15, loading: true, error: false, showHead: false, showMenu: true, draggable: false, nestedRows: false, withPagination: true, withCheckbox: true, headCellTooltip: false, separator: false, showFilters: false, updateData: "[Function]", updateSchema: "[Function]", onSelect: "[Function]", onSelectAll: "[Function]", updateSortingList: "[Function]", updateFilterList: "[Function]"
 (2ms)
    ✓ 
  totalRecords: 10, page: 20, pageSize: 15, loading: true, error: false, showHead: false, showMenu: true, draggable: false, nestedRows: false, withPagination: true, withCheckbox: false, headCellTooltip: true, separator: true, showFilters: true, updateData: "[Function]", updateSchema: "[Function]", onSelect: "[Function]", onSelectAll: "[Function]", updateSortingList: "[Function]", updateFilterList: "[Function]"
 (2ms)
    ✓ 
  totalRecords: 10, page: 20, pageSize: 15, loading: true, error: false, showHead: false, showMenu: true, draggable: false, nestedRows: false, withPagination: true, withCheckbox: false, headCellTooltip: true, separator: true, showFilters: false, updateData: "[Function]", updateSchema: "[Function]", onSelect: "[Function]", onSelectAll: "[Function]", updateSortingList: "[Function]", updateFilterList: "[Function]"
 (3ms)
    ✓ 
  totalRecords: 10, page: 20, pageSize: 15, loading: true, error: false, showHead: false, showMenu: true, draggable: false, nestedRows: false, withPagination: true, withCheckbox: false, headCellTooltip: true, separator: false, showFilters: true, updateData: "[Function]", updateSchema: "[Function]", onSelect: "[Function]", onSelectAll: "[Function]", updateSortingList: "[Function]", updateFilterList: "[Function]"
 (2ms)
    ✓ 
  totalRecords: 10, page: 20, pageSize: 15, loading: true, error: false, showHead: false, showMenu: true, draggable: false, nestedRows: false, withPagination: true, withCheckbox: false, headCellTooltip: true, separator: false, showFilters: false, updateData: "[Function]", updateSchema: "[Function]", onSelect: "[Function]", onSelectAll: "[Function]", updateSortingList: "[Function]", updateFilterList: "[Function]"
 (1ms)
    ✓ 
  totalRecords: 10, page: 20, pageSize: 15, loading: true, error: false, showHead: false, showMenu: true, draggable: false, nestedRows: false, withPagination: true, withCheckbox: false, headCellTooltip: false, separator: true, showFilters: true, updateData: "[Function]", updateSchema: "[Function]", onSelect: "[Function]", onSelectAll: "[Function]", updateSortingList: "[Function]", updateFilterList: "[Function]"
 (1ms)
    ✓ 
  totalRecords: 10, page: 20, pageSize: 15, loading: true, error: false, showHead: false, showMenu: true, draggable: false, nestedRows: false, withPagination: true, withCheckbox: false, headCellTooltip: false, separator: true, showFilters: false, updateData: "[Function]", updateSchema: "[Function]", onSelect: "[Function]", onSelectAll: "[Function]", updateSortingList: "[Function]", updateFilterList: "[Function]"
 (3ms)
    ✓ 
  totalRecords: 10, page: 20, pageSize: 15, loading: true, error: false, showHead: false, showMenu: true, draggable: false, nestedRows: false, withPagination: true, withCheckbox: false, headCellTooltip: false, separator: false, showFilters: true, updateData: "[Function]", updateSchema: "[Function]", onSelect: "[Function]", onSelectAll: "[Function]", updateSortingList: "[Function]", updateFilterList: "[Function]"
 (2ms)
    ✓ 
  totalRecords: 10, page: 20, pageSize: 15, loading: true, error: false, showHead: false, showMenu: true, draggable: false, nestedRows: false, withPagination: true, withCheckbox: false, headCellTooltip: false, separator: false, showFilters: false, updateData: "[Function]", updateSchema: "[Function]", onSelect: "[Function]", onSelectAll: "[Function]", updateSortingList: "[Function]", updateFilterList: "[Function]"
 (3ms)
    ✓ 
  totalRecords: 10, page: 20, pageSize: 15, loading: true, error: false, showHead: false, showMenu: true, draggable: false, nestedRows: false, withPagination: false, withCheckbox: true, headCellTooltip: true, separator: true, showFilters: true, updateData: "[Function]", updateSchema: "[Function]", onSelect: "[Function]", onSelectAll: "[Function]", updateSortingList: "[Function]", updateFilterList: "[Function]"
 (3ms)
    ✓ 
  totalRecords: 10, page: 20, pageSize: 15, loading: true, error: false, showHead: false, showMenu: true, draggable: false, nestedRows: false, withPagination: false, withCheckbox: true, headCellTooltip: true, separator: true, showFilters: false, updateData: "[Function]", updateSchema: "[Function]", onSelect: "[Function]", onSelectAll: "[Function]", updateSortingList: "[Function]", updateFilterList: "[Function]"
 (2ms)
    ✓ 
  totalRecords: 10, page: 20, pageSize: 15, loading: true, error: false, showHead: false, showMenu: true, draggable: false, nestedRows: false, withPagination: false, withCheckbox: true, headCellTooltip: true, separator: false, showFilters: true, updateData: "[Function]", updateSchema: "[Function]", onSelect: "[Function]", onSelectAll: "[Function]", updateSortingList: "[Function]", updateFilterList: "[Function]"
 (1ms)
    ✓ 
  totalRecords: 10, page: 20, pageSize: 15, loading: true, error: false, showHead: false, showMenu: true, draggable: false, nestedRows: false, withPagination: false, withCheckbox: true, headCellTooltip: true, separator: false, showFilters: false, updateData: "[Function]", updateSchema: "[Function]", onSelect: "[Function]", onSelectAll: "[Function]", updateSortingList: "[Function]", updateFilterList: "[Function]"
 (2ms)
    ✓ 
  totalRecords: 10, page: 20, pageSize: 15, loading: true, error: false, showHead: false, showMenu: true, draggable: false, nestedRows: false, withPagination: false, withCheckbox: true, headCellTooltip: false, separator: true, showFilters: true, updateData: "[Function]", updateSchema: "[Function]", onSelect: "[Function]", onSelectAll: "[Function]", updateSortingList: "[Function]", updateFilterList: "[Function]"
 (1ms)
    ✓ 
  totalRecords: 10, page: 20, pageSize: 15, loading: true, error: false, showHead: false, showMenu: true, draggable: false, nestedRows: false, withPagination: false, withCheckbox: true, headCellTooltip: false, separator: true, showFilters: false, updateData: "[Function]", updateSchema: "[Function]", onSelect: "[Function]", onSelectAll: "[Function]", updateSortingList: "[Function]", updateFilterList: "[Function]"
 (2ms)
    ✓ 
  totalRecords: 10, page: 20, pageSize: 15, loading: true, error: false, showHead: false, showMenu: true, draggable: false, nestedRows: false, withPagination: false, withCheckbox: true, headCellTooltip: false, separator: false, showFilters: true, updateData: "[Function]", updateSchema: "[Function]", onSelect: "[Function]", onSelectAll: "[Function]", updateSortingList: "[Function]", updateFilterList: "[Function]"
 (4ms)
    ✓ 
  totalRecords: 10, page: 20, pageSize: 15, loading: true, error: false, showHead: false, showMenu: true, draggable: false, nestedRows: false, withPagination: false, withCheckbox: true, headCellTooltip: false, separator: false, showFilters: false, updateData: "[Function]", updateSchema: "[Function]", onSelect: "[Function]", onSelectAll: "[Function]", updateSortingList: "[Function]", updateFilterList: "[Function]"
 (3ms)
    ✓ 
  totalRecords: 10, page: 20, pageSize: 15, loading: true, error: false, showHead: false, showMenu: true, draggable: false, nestedRows: false, withPagination: false, withCheckbox: false, headCellTooltip: true, separator: true, showFilters: true, updateData: "[Function]", updateSchema: "[Function]", onSelect: "[Function]", onSelectAll: "[Function]", updateSortingList: "[Function]", updateFilterList: "[Function]"
 (1ms)
    ✓ 
  totalRecords: 10, page: 20, pageSize: 15, loading: true, error: false, showHead: false, showMenu: true, draggable: false, nestedRows: false, withPagination: false, withCheckbox: false, headCellTooltip: true, separator: true, showFilters: false, updateData: "[Function]", updateSchema: "[Function]", onSelect: "[Function]", onSelectAll: "[Function]", updateSortingList: "[Function]", updateFilterList: "[Function]"
 (4ms)
    ✓ 
  totalRecords: 10, page: 20, pageSize: 15, loading: true, error: false, showHead: false, showMenu: true, draggable: false, nestedRows: false, withPagination: false, withCheckbox: false, headCellTooltip: true, separator: false, showFilters: true, updateData: "[Function]", updateSchema: "[Function]", onSelect: "[Function]", onSelectAll: "[Function]", updateSortingList: "[Function]", updateFilterList: "[Function]"
 (2ms)
    ✓ 
  totalRecords: 10, page: 20, pageSize: 15, loading: true, error: false, showHead: false, showMenu: true, draggable: false, nestedRows: false, withPagination: false, withCheckbox: false, headCellTooltip: true, separator: false, showFilters: false, updateData: "[Function]", updateSchema: "[Function]", onSelect: "[Function]", onSelectAll: "[Function]", updateSortingList: "[Function]", updateFilterList: "[Function]"
 (1ms)
    ✓ 
  totalRecords: 10, page: 20, pageSize: 15, loading: true, error: false, showHead: false, showMenu: true, draggable: false, nestedRows: false, withPagination: false, withCheckbox: false, headCellTooltip: false, separator: true, showFilters: true, updateData: "[Function]", updateSchema: "[Function]", onSelect: "[Function]", onSelectAll: "[Function]", updateSortingList: "[Function]", updateFilterList: "[Function]"
 (1ms)
    ✓ 
  totalRecords: 10, page: 20, pageSize: 15, loading: true, error: false, showHead: false, showMenu: true, draggable: false, nestedRows: false, withPagination: false, withCheckbox: false, headCellTooltip: false, separator: true, showFilters: false, updateData: "[Function]", updateSchema: "[Function]", onSelect: "[Function]", onSelectAll: "[Function]", updateSortingList: "[Function]", updateFilterList: "[Function]"
 (2ms)
    ✓ 
  totalRecords: 10, page: 20, pageSize: 15, loading: true, error: false, showHead: false, showMenu: true, draggable: false, nestedRows: false, withPagination: false, withCheckbox: false, headCellTooltip: false, separator: false, showFilters: true, updateData: "[Function]", updateSchema: "[Function]", onSelect: "[Function]", onSelectAll: "[Function]", updateSortingList: "[Function]", updateFilterList: "[Function]"
 (3ms)
    ✓ 
  totalRecords: 10, page: 20, pageSize: 15, loading: true, error: false, showHead: false, showMenu: true, draggable: false, nestedRows: false, withPagination: false, withCheckbox: false, headCellTooltip: false, separator: false, showFilters: false, updateData: "[Function]", updateSchema: "[Function]", onSelect: "[Function]", onSelectAll: "[Function]", updateSortingList: "[Function]", updateFilterList: "[Function]"
 (2ms)
    ✓ 
  totalRecords: 10, page: 20, pageSize: 15, loading: true, error: false, showHead: false, showMenu: false, draggable: true, nestedRows: true, withPagination: true, withCheckbox: true, headCellTooltip: true, separator: true, showFilters: true, updateData: "[Function]", updateSchema: "[Function]", onSelect: "[Function]", onSelectAll: "[Function]", updateSortingList: "[Function]", updateFilterList: "[Function]"
 (4ms)
    ✓ 
  totalRecords: 10, page: 20, pageSize: 15, loading: true, error: false, showHead: false, showMenu: false, draggable: true, nestedRows: true, withPagination: true, withCheckbox: true, headCellTooltip: true, separator: true, showFilters: false, updateData: "[Function]", updateSchema: "[Function]", onSelect: "[Function]", onSelectAll: "[Function]", updateSortingList: "[Function]", updateFilterList: "[Function]"
 (1ms)
    ✓ 
  totalRecords: 10, page: 20, pageSize: 15, loading: true, error: false, showHead: false, showMenu: false, draggable: true, nestedRows: true, withPagination: true, withCheckbox: true, headCellTooltip: true, separator: false, showFilters: true, updateData: "[Function]", updateSchema: "[Function]", onSelect: "[Function]", onSelectAll: "[Function]", updateSortingList: "[Function]", updateFilterList: "[Function]"
 (2ms)
    ✓ 
  totalRecords: 10, page: 20, pageSize: 15, loading: true, error: false, showHead: false, showMenu: false, draggable: true, nestedRows: true, withPagination: true, withCheckbox: true, headCellTooltip: true, separator: false, showFilters: false, updateData: "[Function]", updateSchema: "[Function]", onSelect: "[Function]", onSelectAll: "[Function]", updateSortingList: "[Function]", updateFilterList: "[Function]"
 (4ms)
    ✓ 
  totalRecords: 10, page: 20, pageSize: 15, loading: true, error: false, showHead: false, showMenu: false, draggable: true, nestedRows: true, withPagination: true, withCheckbox: true, headCellTooltip: false, separator: true, showFilters: true, updateData: "[Function]", updateSchema: "[Function]", onSelect: "[Function]", onSelectAll: "[Function]", updateSortingList: "[Function]", updateFilterList: "[Function]"
 (3ms)
    ✓ 
  totalRecords: 10, page: 20, pageSize: 15, loading: true, error: false, showHead: false, showMenu: false, draggable: true, nestedRows: true, withPagination: true, withCheckbox: true, headCellTooltip: false, separator: true, showFilters: false, updateData: "[Function]", updateSchema: "[Function]", onSelect: "[Function]", onSelectAll: "[Function]", updateSortingList: "[Function]", updateFilterList: "[Function]"
 (3ms)
    ✓ 
  totalRecords: 10, page: 20, pageSize: 15, loading: true, error: false, showHead: false, showMenu: false, draggable: true, nestedRows: true, withPagination: true, withCheckbox: true, headCellTooltip: false, separator: false, showFilters: true, updateData: "[Function]", updateSchema: "[Function]", onSelect: "[Function]", onSelectAll: "[Function]", updateSortingList: "[Function]", updateFilterList: "[Function]"
 (2ms)
    ✓ 
  totalRecords: 10, page: 20, pageSize: 15, loading: true, error: false, showHead: false, showMenu: false, draggable: true, nestedRows: true, withPagination: true, withCheckbox: true, headCellTooltip: false, separator: false, showFilters: false, updateData: "[Function]", updateSchema: "[Function]", onSelect: "[Function]", onSelectAll: "[Function]", updateSortingList: "[Function]", updateFilterList: "[Function]"
 (1ms)
    ✓ 
  totalRecords: 10, page: 20, pageSize: 15, loading: true, error: false, showHead: false, showMenu: false, draggable: true, nestedRows: true, withPagination: true, withCheckbox: false, headCellTooltip: true, separator: true, showFilters: true, updateData: "[Function]", updateSchema: "[Function]", onSelect: "[Function]", onSelectAll: "[Function]", updateSortingList: "[Function]", updateFilterList: "[Function]"
 (2ms)
    ✓ 
  totalRecords: 10, page: 20, pageSize: 15, loading: true, error: false, showHead: false, showMenu: false, draggable: true, nestedRows: true, withPagination: true, withCheckbox: false, headCellTooltip: true, separator: true, showFilters: false, updateData: "[Function]", updateSchema: "[Function]", onSelect: "[Function]", onSelectAll: "[Function]", updateSortingList: "[Function]", updateFilterList: "[Function]"
 (1ms)
    ✓ 
  totalRecords: 10, page: 20, pageSize: 15, loading: true, error: false, showHead: false, showMenu: false, draggable: true, nestedRows: true, withPagination: true, withCheckbox: false, headCellTooltip: true, separator: false, showFilters: true, updateData: "[Function]", updateSchema: "[Function]", onSelect: "[Function]", onSelectAll: "[Function]", updateSortingList: "[Function]", updateFilterList: "[Function]"
 (2ms)
    ✓ 
  totalRecords: 10, page: 20, pageSize: 15, loading: true, error: false, showHead: false, showMenu: false, draggable: true, nestedRows: true, withPagination: true, withCheckbox: false, headCellTooltip: true, separator: false, showFilters: false, updateData: "[Function]", updateSchema: "[Function]", onSelect: "[Function]", onSelectAll: "[Function]", updateSortingList: "[Function]", updateFilterList: "[Function]"
 (3ms)
    ✓ 
  totalRecords: 10, page: 20, pageSize: 15, loading: true, error: false, showHead: false, showMenu: false, draggable: true, nestedRows: true, withPagination: true, withCheckbox: false, headCellTooltip: false, separator: true, showFilters: true, updateData: "[Function]", updateSchema: "[Function]", onSelect: "[Function]", onSelectAll: "[Function]", updateSortingList: "[Function]", updateFilterList: "[Function]"
 (2ms)
    ✓ 
  totalRecords: 10, page: 20, pageSize: 15, loading: true, error: false, showHead: false, showMenu: false, draggable: true, nestedRows: true, withPagination: true, withCheckbox: false, headCellTooltip: false, separator: true, showFilters: false, updateData: "[Function]", updateSchema: "[Function]", onSelect: "[Function]", onSelectAll: "[Function]", updateSortingList: "[Function]", updateFilterList: "[Function]"
 (4ms)
    ✓ 
  totalRecords: 10, page: 20, pageSize: 15, loading: true, error: false, showHead: false, showMenu: false, draggable: true, nestedRows: true, withPagination: true, withCheckbox: false, headCellTooltip: false, separator: false, showFilters: true, updateData: "[Function]", updateSchema: "[Function]", onSelect: "[Function]", onSelectAll: "[Function]", updateSortingList: "[Function]", updateFilterList: "[Function]"
 (1ms)
    ✓ 
  totalRecords: 10, page: 20, pageSize: 15, loading: true, error: false, showHead: false, showMenu: false, draggable: true, nestedRows: true, withPagination: true, withCheckbox: false, headCellTooltip: false, separator: false, showFilters: false, updateData: "[Function]", updateSchema: "[Function]", onSelect: "[Function]", onSelectAll: "[Function]", updateSortingList: "[Function]", updateFilterList: "[Function]"
 (2ms)
    ✓ 
  totalRecords: 10, page: 20, pageSize: 15, loading: true, error: false, showHead: false, showMenu: false, draggable: true, nestedRows: true, withPagination: false, withCheckbox: true, headCellTooltip: true, separator: true, showFilters: true, updateData: "[Function]", updateSchema: "[Function]", onSelect: "[Function]", onSelectAll: "[Function]", updateSortingList: "[Function]", updateFilterList: "[Function]"
 (2ms)
    ✓ 
  totalRecords: 10, page: 20, pageSize: 15, loading: true, error: false, showHead: false, showMenu: false, draggable: true, nestedRows: true, withPagination: false, withCheckbox: true, headCellTooltip: true, separator: true, showFilters: false, updateData: "[Function]", updateSchema: "[Function]", onSelect: "[Function]", onSelectAll: "[Function]", updateSortingList: "[Function]", updateFilterList: "[Function]"
 (1ms)
    ✓ 
  totalRecords: 10, page: 20, pageSize: 15, loading: true, error: false, showHead: false, showMenu: false, draggable: true, nestedRows: true, withPagination: false, withCheckbox: true, headCellTooltip: true, separator: false, showFilters: true, updateData: "[Function]", updateSchema: "[Function]", onSelect: "[Function]", onSelectAll: "[Function]", updateSortingList: "[Function]", updateFilterList: "[Function]"
 (2ms)
    ✓ 
  totalRecords: 10, page: 20, pageSize: 15, loading: true, error: false, showHead: false, showMenu: false, draggable: true, nestedRows: true, withPagination: false, withCheckbox: true, headCellTooltip: true, separator: false, showFilters: false, updateData: "[Function]", updateSchema: "[Function]", onSelect: "[Function]", onSelectAll: "[Function]", updateSortingList: "[Function]", updateFilterList: "[Function]"
 (3ms)
    ✓ 
  totalRecords: 10, page: 20, pageSize: 15, loading: true, error: false, showHead: false, showMenu: false, draggable: true, nestedRows: true, withPagination: false, withCheckbox: true, headCellTooltip: false, separator: true, showFilters: true, updateData: "[Function]", updateSchema: "[Function]", onSelect: "[Function]", onSelectAll: "[Function]", updateSortingList: "[Function]", updateFilterList: "[Function]"
 (2ms)
    ✓ 
  totalRecords: 10, page: 20, pageSize: 15, loading: true, error: false, showHead: false, showMenu: false, draggable: true, nestedRows: true, withPagination: false, withCheckbox: true, headCellTooltip: false, separator: true, showFilters: false, updateData: "[Function]", updateSchema: "[Function]", onSelect: "[Function]", onSelectAll: "[Function]", updateSortingList: "[Function]", updateFilterList: "[Function]"
 (4ms)
    ✓ 
  totalRecords: 10, page: 20, pageSize: 15, loading: true, error: false, showHead: false, showMenu: false, draggable: true, nestedRows: true, withPagination: false, withCheckbox: true, headCellTooltip: false, separator: false, showFilters: true, updateData: "[Function]", updateSchema: "[Function]", onSelect: "[Function]", onSelectAll: "[Function]", updateSortingList: "[Function]", updateFilterList: "[Function]"
 (3ms)
    ✓ 
  totalRecords: 10, page: 20, pageSize: 15, loading: true, error: false, showHead: false, showMenu: false, draggable: true, nestedRows: true, withPagination: false, withCheckbox: true, headCellTooltip: false, separator: false, showFilters: false, updateData: "[Function]", updateSchema: "[Function]", onSelect: "[Function]", onSelectAll: "[Function]", updateSortingList: "[Function]", updateFilterList: "[Function]"
 (6ms)
    ✓ 
  totalRecords: 10, page: 20, pageSize: 15, loading: true, error: false, showHead: false, showMenu: false, draggable: true, nestedRows: true, withPagination: false, withCheckbox: false, headCellTooltip: true, separator: true, showFilters: true, updateData: "[Function]", updateSchema: "[Function]", onSelect: "[Function]", onSelectAll: "[Function]", updateSortingList: "[Function]", updateFilterList: "[Function]"
 (4ms)
    ✓ 
  totalRecords: 10, page: 20, pageSize: 15, loading: true, error: false, showHead: false, showMenu: false, draggable: true, nestedRows: true, withPagination: false, withCheckbox: false, headCellTooltip: true, separator: true, showFilters: false, updateData: "[Function]", updateSchema: "[Function]", onSelect: "[Function]", onSelectAll: "[Function]", updateSortingList: "[Function]", updateFilterList: "[Function]"
 (4ms)
    ✓ 
  totalRecords: 10, page: 20, pageSize: 15, loading: true, error: false, showHead: false, showMenu: false, draggable: true, nestedRows: true, withPagination: false, withCheckbox: false, headCellTooltip: true, separator: false, showFilters: true, updateData: "[Function]", updateSchema: "[Function]", onSelect: "[Function]", onSelectAll: "[Function]", updateSortingList: "[Function]", updateFilterList: "[Function]"
 (1ms)
    ✓ 
  totalRecords: 10, page: 20, pageSize: 15, loading: true, error: false, showHead: false, showMenu: false, draggable: true, nestedRows: true, withPagination: false, withCheckbox: false, headCellTooltip: true, separator: false, showFilters: false, updateData: "[Function]", updateSchema: "[Function]", onSelect: "[Function]", onSelectAll: "[Function]", updateSortingList: "[Function]", updateFilterList: "[Function]"
 (2ms)
    ✓ 
  totalRecords: 10, page: 20, pageSize: 15, loading: true, error: false, showHead: false, showMenu: false, draggable: true, nestedRows: true, withPagination: false, withCheckbox: false, headCellTooltip: false, separator: true, showFilters: true, updateData: "[Function]", updateSchema: "[Function]", onSelect: "[Function]", onSelectAll: "[Function]", updateSortingList: "[Function]", updateFilterList: "[Function]"
 (1ms)
    ✓ 
  totalRecords: 10, page: 20, pageSize: 15, loading: true, error: false, showHead: false, showMenu: false, draggable: true, nestedRows: true, withPagination: false, withCheckbox: false, headCellTooltip: false, separator: true, showFilters: false, updateData: "[Function]", updateSchema: "[Function]", onSelect: "[Function]", onSelectAll: "[Function]", updateSortingList: "[Function]", updateFilterList: "[Function]"
 (2ms)
    ✓ 
  totalRecords: 10, page: 20, pageSize: 15, loading: true, error: false, showHead: false, showMenu: false, draggable: true, nestedRows: true, withPagination: false, withCheckbox: false, headCellTooltip: false, separator: false, showFilters: true, updateData: "[Function]", updateSchema: "[Function]", onSelect: "[Function]", onSelectAll: "[Function]", updateSortingList: "[Function]", updateFilterList: "[Function]"
 (2ms)
    ✓ 
  totalRecords: 10, page: 20, pageSize: 15, loading: true, error: false, showHead: false, showMenu: false, draggable: true, nestedRows: true, withPagination: false, withCheckbox: false, headCellTooltip: false, separator: false, showFilters: false, updateData: "[Function]", updateSchema: "[Function]", onSelect: "[Function]", onSelectAll: "[Function]", updateSortingList: "[Function]", updateFilterList: "[Function]"
 (3ms)
    ✓ 
  totalRecords: 10, page: 20, pageSize: 15, loading: true, error: false, showHead: false, showMenu: false, draggable: true, nestedRows: false, withPagination: true, withCheckbox: true, headCellTooltip: true, separator: true, showFilters: true, updateData: "[Function]", updateSchema: "[Function]", onSelect: "[Function]", onSelectAll: "[Function]", updateSortingList: "[Function]", updateFilterList: "[Function]"
 (2ms)
    ✓ 
  totalRecords: 10, page: 20, pageSize: 15, loading: true, error: false, showHead: false, showMenu: false, draggable: true, nestedRows: false, withPagination: true, withCheckbox: true, headCellTooltip: true, separator: true, showFilters: false, updateData: "[Function]", updateSchema: "[Function]", onSelect: "[Function]", onSelectAll: "[Function]", updateSortingList: "[Function]", updateFilterList: "[Function]"
 (5ms)
    ✓ 
  totalRecords: 10, page: 20, pageSize: 15, loading: true, error: false, showHead: false, showMenu: false, draggable: true, nestedRows: false, withPagination: true, withCheckbox: true, headCellTooltip: true, separator: false, showFilters: true, updateData: "[Function]", updateSchema: "[Function]", onSelect: "[Function]", onSelectAll: "[Function]", updateSortingList: "[Function]", updateFilterList: "[Function]"
 (2ms)
    ✓ 
  totalRecords: 10, page: 20, pageSize: 15, loading: true, error: false, showHead: false, showMenu: false, draggable: true, nestedRows: false, withPagination: true, withCheckbox: true, headCellTooltip: true, separator: false, showFilters: false, updateData: "[Function]", updateSchema: "[Function]", onSelect: "[Function]", onSelectAll: "[Function]", updateSortingList: "[Function]", updateFilterList: "[Function]"
 (1ms)
    ✓ 
  totalRecords: 10, page: 20, pageSize: 15, loading: true, error: false, showHead: false, showMenu: false, draggable: true, nestedRows: false, withPagination: true, withCheckbox: true, headCellTooltip: false, separator: true, showFilters: true, updateData: "[Function]", updateSchema: "[Function]", onSelect: "[Function]", onSelectAll: "[Function]", updateSortingList: "[Function]", updateFilterList: "[Function]"
 (1ms)
    ✓ 
  totalRecords: 10, page: 20, pageSize: 15, loading: true, error: false, showHead: false, showMenu: false, draggable: true, nestedRows: false, withPagination: true, withCheckbox: true, headCellTooltip: false, separator: true, showFilters: false, updateData: "[Function]", updateSchema: "[Function]", onSelect: "[Function]", onSelectAll: "[Function]", updateSortingList: "[Function]", updateFilterList: "[Function]"
 (2ms)
    ✓ 
  totalRecords: 10, page: 20, pageSize: 15, loading: true, error: false, showHead: false, showMenu: false, draggable: true, nestedRows: false, withPagination: true, withCheckbox: true, headCellTooltip: false, separator: false, showFilters: true, updateData: "[Function]", updateSchema: "[Function]", onSelect: "[Function]", onSelectAll: "[Function]", updateSortingList: "[Function]", updateFilterList: "[Function]"
 (1ms)
    ✓ 
  totalRecords: 10, page: 20, pageSize: 15, loading: true, error: false, showHead: false, showMenu: false, draggable: true, nestedRows: false, withPagination: true, withCheckbox: true, headCellTooltip: false, separator: false, showFilters: false, updateData: "[Function]", updateSchema: "[Function]", onSelect: "[Function]", onSelectAll: "[Function]", updateSortingList: "[Function]", updateFilterList: "[Function]"
 (2ms)
    ✓ 
  totalRecords: 10, page: 20, pageSize: 15, loading: true, error: false, showHead: false, showMenu: false, draggable: true, nestedRows: false, withPagination: true, withCheckbox: false, headCellTooltip: true, separator: true, showFilters: true, updateData: "[Function]", updateSchema: "[Function]", onSelect: "[Function]", onSelectAll: "[Function]", updateSortingList: "[Function]", updateFilterList: "[Function]"
 (3ms)
    ✓ 
  totalRecords: 10, page: 20, pageSize: 15, loading: true, error: false, showHead: false, showMenu: false, draggable: true, nestedRows: false, withPagination: true, withCheckbox: false, headCellTooltip: true, separator: true, showFilters: false, updateData: "[Function]", updateSchema: "[Function]", onSelect: "[Function]", onSelectAll: "[Function]", updateSortingList: "[Function]", updateFilterList: "[Function]"
 (2ms)
    ✓ 
  totalRecords: 10, page: 20, pageSize: 15, loading: true, error: false, showHead: false, showMenu: false, draggable: true, nestedRows: false, withPagination: true, withCheckbox: false, headCellTooltip: true, separator: false, showFilters: true, updateData: "[Function]", updateSchema: "[Function]", onSelect: "[Function]", onSelectAll: "[Function]", updateSortingList: "[Function]", updateFilterList: "[Function]"
 (2ms)
    ✓ 
  totalRecords: 10, page: 20, pageSize: 15, loading: true, error: false, showHead: false, showMenu: false, draggable: true, nestedRows: false, withPagination: true, withCheckbox: false, headCellTooltip: true, separator: false, showFilters: false, updateData: "[Function]", updateSchema: "[Function]", onSelect: "[Function]", onSelectAll: "[Function]", updateSortingList: "[Function]", updateFilterList: "[Function]"
 (4ms)
    ✓ 
  totalRecords: 10, page: 20, pageSize: 15, loading: true, error: false, showHead: false, showMenu: false, draggable: true, nestedRows: false, withPagination: true, withCheckbox: false, headCellTooltip: false, separator: true, showFilters: true, updateData: "[Function]", updateSchema: "[Function]", onSelect: "[Function]", onSelectAll: "[Function]", updateSortingList: "[Function]", updateFilterList: "[Function]"
 (3ms)
    ✓ 
  totalRecords: 10, page: 20, pageSize: 15, loading: true, error: false, showHead: false, showMenu: false, draggable: true, nestedRows: false, withPagination: true, withCheckbox: false, headCellTooltip: false, separator: true, showFilters: false, updateData: "[Function]", updateSchema: "[Function]", onSelect: "[Function]", onSelectAll: "[Function]", updateSortingList: "[Function]", updateFilterList: "[Function]"
 (1ms)
    ✓ 
  totalRecords: 10, page: 20, pageSize: 15, loading: true, error: false, showHead: false, showMenu: false, draggable: true, nestedRows: false, withPagination: true, withCheckbox: false, headCellTooltip: false, separator: false, showFilters: true, updateData: "[Function]", updateSchema: "[Function]", onSelect: "[Function]", onSelectAll: "[Function]", updateSortingList: "[Function]", updateFilterList: "[Function]"
 (2ms)
    ✓ 
  totalRecords: 10, page: 20, pageSize: 15, loading: true, error: false, showHead: false, showMenu: false, draggable: true, nestedRows: false, withPagination: true, withCheckbox: false, headCellTooltip: false, separator: false, showFilters: false, updateData: "[Function]", updateSchema: "[Function]", onSelect: "[Function]", onSelectAll: "[Function]", updateSortingList: "[Function]", updateFilterList: "[Function]"
 (4ms)
    ✓ 
  totalRecords: 10, page: 20, pageSize: 15, loading: true, error: false, showHead: false, showMenu: false, draggable: true, nestedRows: false, withPagination: false, withCheckbox: true, headCellTooltip: true, separator: true, showFilters: true, updateData: "[Function]", updateSchema: "[Function]", onSelect: "[Function]", onSelectAll: "[Function]", updateSortingList: "[Function]", updateFilterList: "[Function]"
 (2ms)
    ✓ 
  totalRecords: 10, page: 20, pageSize: 15, loading: true, error: false, showHead: false, showMenu: false, draggable: true, nestedRows: false, withPagination: false, withCheckbox: true, headCellTooltip: true, separator: true, showFilters: false, updateData: "[Function]", updateSchema: "[Function]", onSelect: "[Function]", onSelectAll: "[Function]", updateSortingList: "[Function]", updateFilterList: "[Function]"
 (1ms)
    ✓ 
  totalRecords: 10, page: 20, pageSize: 15, loading: true, error: false, showHead: false, showMenu: false, draggable: true, nestedRows: false, withPagination: false, withCheckbox: true, headCellTooltip: true, separator: false, showFilters: true, updateData: "[Function]", updateSchema: "[Function]", onSelect: "[Function]", onSelectAll: "[Function]", updateSortingList: "[Function]", updateFilterList: "[Function]"
 (2ms)
    ✓ 
  totalRecords: 10, page: 20, pageSize: 15, loading: true, error: false, showHead: false, showMenu: false, draggable: true, nestedRows: false, withPagination: false, withCheckbox: true, headCellTooltip: true, separator: false, showFilters: false, updateData: "[Function]", updateSchema: "[Function]", onSelect: "[Function]", onSelectAll: "[Function]", updateSortingList: "[Function]", updateFilterList: "[Function]"
 (1ms)
    ✓ 
  totalRecords: 10, page: 20, pageSize: 15, loading: true, error: false, showHead: false, showMenu: false, draggable: true, nestedRows: false, withPagination: false, withCheckbox: true, headCellTooltip: false, separator: true, showFilters: true, updateData: "[Function]", updateSchema: "[Function]", onSelect: "[Function]", onSelectAll: "[Function]", updateSortingList: "[Function]", updateFilterList: "[Function]"
 (3ms)
    ✓ 
  totalRecords: 10, page: 20, pageSize: 15, loading: true, error: false, showHead: false, showMenu: false, draggable: true, nestedRows: false, withPagination: false, withCheckbox: true, headCellTooltip: false, separator: true, showFilters: false, updateData: "[Function]", updateSchema: "[Function]", onSelect: "[Function]", onSelectAll: "[Function]", updateSortingList: "[Function]", updateFilterList: "[Function]"
 (8ms)
    ✓ 
  totalRecords: 10, page: 20, pageSize: 15, loading: true, error: false, showHead: false, showMenu: false, draggable: true, nestedRows: false, withPagination: false, withCheckbox: true, headCellTooltip: false, separator: false, showFilters: true, updateData: "[Function]", updateSchema: "[Function]", onSelect: "[Function]", onSelectAll: "[Function]", updateSortingList: "[Function]", updateFilterList: "[Function]"
 (2ms)
    ✓ 
  totalRecords: 10, page: 20, pageSize: 15, loading: true, error: false, showHead: false, showMenu: false, draggable: true, nestedRows: false, withPagination: false, withCheckbox: true, headCellTooltip: false, separator: false, showFilters: false, updateData: "[Function]", updateSchema: "[Function]", onSelect: "[Function]", onSelectAll: "[Function]", updateSortingList: "[Function]", updateFilterList: "[Function]"
 (2ms)
    ✓ 
  totalRecords: 10, page: 20, pageSize: 15, loading: true, error: false, showHead: false, showMenu: false, draggable: true, nestedRows: false, withPagination: false, withCheckbox: false, headCellTooltip: true, separator: true, showFilters: true, updateData: "[Function]", updateSchema: "[Function]", onSelect: "[Function]", onSelectAll: "[Function]", updateSortingList: "[Function]", updateFilterList: "[Function]"
 (2ms)
    ✓ 
  totalRecords: 10, page: 20, pageSize: 15, loading: true, error: false, showHead: false, showMenu: false, draggable: true, nestedRows: false, withPagination: false, withCheckbox: false, headCellTooltip: true, separator: true, showFilters: false, updateData: "[Function]", updateSchema: "[Function]", onSelect: "[Function]", onSelectAll: "[Function]", updateSortingList: "[Function]", updateFilterList: "[Function]"
 (3ms)
    ✓ 
  totalRecords: 10, page: 20, pageSize: 15, loading: true, error: false, showHead: false, showMenu: false, draggable: true, nestedRows: false, withPagination: false, withCheckbox: false, headCellTooltip: true, separator: false, showFilters: true, updateData: "[Function]", updateSchema: "[Function]", onSelect: "[Function]", onSelectAll: "[Function]", updateSortingList: "[Function]", updateFilterList: "[Function]"
 (2ms)
    ✓ 
  totalRecords: 10, page: 20, pageSize: 15, loading: true, error: false, showHead: false, showMenu: false, draggable: true, nestedRows: false, withPagination: false, withCheckbox: false, headCellTooltip: true, separator: false, showFilters: false, updateData: "[Function]", updateSchema: "[Function]", onSelect: "[Function]", onSelectAll: "[Function]", updateSortingList: "[Function]", updateFilterList: "[Function]"
 (4ms)
    ✓ 
  totalRecords: 10, page: 20, pageSize: 15, loading: true, error: false, showHead: false, showMenu: false, draggable: true, nestedRows: false, withPagination: false, withCheckbox: false, headCellTooltip: false, separator: true, showFilters: true, updateData: "[Function]", updateSchema: "[Function]", onSelect: "[Function]", onSelectAll: "[Function]", updateSortingList: "[Function]", updateFilterList: "[Function]"
 (3ms)
    ✓ 
  totalRecords: 10, page: 20, pageSize: 15, loading: true, error: false, showHead: false, showMenu: false, draggable: true, nestedRows: false, withPagination: false, withCheckbox: false, headCellTooltip: false, separator: true, showFilters: false, updateData: "[Function]", updateSchema: "[Function]", onSelect: "[Function]", onSelectAll: "[Function]", updateSortingList: "[Function]", updateFilterList: "[Function]"
 (2ms)
    ✓ 
  totalRecords: 10, page: 20, pageSize: 15, loading: true, error: false, showHead: false, showMenu: false, draggable: true, nestedRows: false, withPagination: false, withCheckbox: false, headCellTooltip: false, separator: false, showFilters: true, updateData: "[Function]", updateSchema: "[Function]", onSelect: "[Function]", onSelectAll: "[Function]", updateSortingList: "[Function]", updateFilterList: "[Function]"
 (3ms)
    ✓ 
  totalRecords: 10, page: 20, pageSize: 15, loading: true, error: false, showHead: false, showMenu: false, draggable: true, nestedRows: false, withPagination: false, withCheckbox: false, headCellTooltip: false, separator: false, showFilters: false, updateData: "[Function]", updateSchema: "[Function]", onSelect: "[Function]", onSelectAll: "[Function]", updateSortingList: "[Function]", updateFilterList: "[Function]"
 (4ms)
    ✓ 
  totalRecords: 10, page: 20, pageSize: 15, loading: true, error: false, showHead: false, showMenu: false, draggable: false, nestedRows: true, withPagination: true, withCheckbox: true, headCellTooltip: true, separator: true, showFilters: true, updateData: "[Function]", updateSchema: "[Function]", onSelect: "[Function]", onSelectAll: "[Function]", updateSortingList: "[Function]", updateFilterList: "[Function]"
 (5ms)
    ✓ 
  totalRecords: 10, page: 20, pageSize: 15, loading: true, error: false, showHead: false, showMenu: false, draggable: false, nestedRows: true, withPagination: true, withCheckbox: true, headCellTooltip: true, separator: true, showFilters: false, updateData: "[Function]", updateSchema: "[Function]", onSelect: "[Function]", onSelectAll: "[Function]", updateSortingList: "[Function]", updateFilterList: "[Function]"
 (2ms)
    ✓ 
  totalRecords: 10, page: 20, pageSize: 15, loading: true, error: false, showHead: false, showMenu: false, draggable: false, nestedRows: true, withPagination: true, withCheckbox: true, headCellTooltip: true, separator: false, showFilters: true, updateData: "[Function]", updateSchema: "[Function]", onSelect: "[Function]", onSelectAll: "[Function]", updateSortingList: "[Function]", updateFilterList: "[Function]"
 (2ms)
    ✓ 
  totalRecords: 10, page: 20, pageSize: 15, loading: true, error: false, showHead: false, showMenu: false, draggable: false, nestedRows: true, withPagination: true, withCheckbox: true, headCellTooltip: true, separator: false, showFilters: false, updateData: "[Function]", updateSchema: "[Function]", onSelect: "[Function]", onSelectAll: "[Function]", updateSortingList: "[Function]", updateFilterList: "[Function]"
 (1ms)
    ✓ 
  totalRecords: 10, page: 20, pageSize: 15, loading: true, error: false, showHead: false, showMenu: false, draggable: false, nestedRows: true, withPagination: true, withCheckbox: true, headCellTooltip: false, separator: true, showFilters: true, updateData: "[Function]", updateSchema: "[Function]", onSelect: "[Function]", onSelectAll: "[Function]", updateSortingList: "[Function]", updateFilterList: "[Function]"
 (2ms)
    ✓ 
  totalRecords: 10, page: 20, pageSize: 15, loading: true, error: false, showHead: false, showMenu: false, draggable: false, nestedRows: true, withPagination: true, withCheckbox: true, headCellTooltip: false, separator: true, showFilters: false, updateData: "[Function]", updateSchema: "[Function]", onSelect: "[Function]", onSelectAll: "[Function]", updateSortingList: "[Function]", updateFilterList: "[Function]"
 (1ms)
    ✓ 
  totalRecords: 10, page: 20, pageSize: 15, loading: true, error: false, showHead: false, showMenu: false, draggable: false, nestedRows: true, withPagination: true, withCheckbox: true, headCellTooltip: false, separator: false, showFilters: true, updateData: "[Function]", updateSchema: "[Function]", onSelect: "[Function]", onSelectAll: "[Function]", updateSortingList: "[Function]", updateFilterList: "[Function]"
 (2ms)
    ✓ 
  totalRecords: 10, page: 20, pageSize: 15, loading: true, error: false, showHead: false, showMenu: false, draggable: false, nestedRows: true, withPagination: true, withCheckbox: true, headCellTooltip: false, separator: false, showFilters: false, updateData: "[Function]", updateSchema: "[Function]", onSelect: "[Function]", onSelectAll: "[Function]", updateSortingList: "[Function]", updateFilterList: "[Function]"
 (1ms)
    ✓ 
  totalRecords: 10, page: 20, pageSize: 15, loading: true, error: false, showHead: false, showMenu: false, draggable: false, nestedRows: true, withPagination: true, withCheckbox: false, headCellTooltip: true, separator: true, showFilters: true, updateData: "[Function]", updateSchema: "[Function]", onSelect: "[Function]", onSelectAll: "[Function]", updateSortingList: "[Function]", updateFilterList: "[Function]"
 (2ms)
    ✓ 
  totalRecords: 10, page: 20, pageSize: 15, loading: true, error: false, showHead: false, showMenu: false, draggable: false, nestedRows: true, withPagination: true, withCheckbox: false, headCellTooltip: true, separator: true, showFilters: false, updateData: "[Function]", updateSchema: "[Function]", onSelect: "[Function]", onSelectAll: "[Function]", updateSortingList: "[Function]", updateFilterList: "[Function]"
 (3ms)
    ✓ 
  totalRecords: 10, page: 20, pageSize: 15, loading: true, error: false, showHead: false, showMenu: false, draggable: false, nestedRows: true, withPagination: true, withCheckbox: false, headCellTooltip: true, separator: false, showFilters: true, updateData: "[Function]", updateSchema: "[Function]", onSelect: "[Function]", onSelectAll: "[Function]", updateSortingList: "[Function]", updateFilterList: "[Function]"
 (2ms)
    ✓ 
  totalRecords: 10, page: 20, pageSize: 15, loading: true, error: false, showHead: false, showMenu: false, draggable: false, nestedRows: true, withPagination: true, withCheckbox: false, headCellTooltip: true, separator: false, showFilters: false, updateData: "[Function]", updateSchema: "[Function]", onSelect: "[Function]", onSelectAll: "[Function]", updateSortingList: "[Function]", updateFilterList: "[Function]"
 (2ms)
    ✓ 
  totalRecords: 10, page: 20, pageSize: 15, loading: true, error: false, showHead: false, showMenu: false, draggable: false, nestedRows: true, withPagination: true, withCheckbox: false, headCellTooltip: false, separator: true, showFilters: true, updateData: "[Function]", updateSchema: "[Function]", onSelect: "[Function]", onSelectAll: "[Function]", updateSortingList: "[Function]", updateFilterList: "[Function]"
 (2ms)
    ✓ 
  totalRecords: 10, page: 20, pageSize: 15, loading: true, error: false, showHead: false, showMenu: false, draggable: false, nestedRows: true, withPagination: true, withCheckbox: false, headCellTooltip: false, separator: true, showFilters: false, updateData: "[Function]", updateSchema: "[Function]", onSelect: "[Function]", onSelectAll: "[Function]", updateSortingList: "[Function]", updateFilterList: "[Function]"
 (1ms)
    ✓ 
  totalRecords: 10, page: 20, pageSize: 15, loading: true, error: false, showHead: false, showMenu: false, draggable: false, nestedRows: true, withPagination: true, withCheckbox: false, headCellTooltip: false, separator: false, showFilters: true, updateData: "[Function]", updateSchema: "[Function]", onSelect: "[Function]", onSelectAll: "[Function]", updateSortingList: "[Function]", updateFilterList: "[Function]"
 (1ms)
    ✓ 
  totalRecords: 10, page: 20, pageSize: 15, loading: true, error: false, showHead: false, showMenu: false, draggable: false, nestedRows: true, withPagination: true, withCheckbox: false, headCellTooltip: false, separator: false, showFilters: false, updateData: "[Function]", updateSchema: "[Function]", onSelect: "[Function]", onSelectAll: "[Function]", updateSortingList: "[Function]", updateFilterList: "[Function]"
 (2ms)
    ✓ 
  totalRecords: 10, page: 20, pageSize: 15, loading: true, error: false, showHead: false, showMenu: false, draggable: false, nestedRows: true, withPagination: false, withCheckbox: true, headCellTooltip: true, separator: true, showFilters: true, updateData: "[Function]", updateSchema: "[Function]", onSelect: "[Function]", onSelectAll: "[Function]", updateSortingList: "[Function]", updateFilterList: "[Function]"
 (2ms)
    ✓ 
  totalRecords: 10, page: 20, pageSize: 15, loading: true, error: false, showHead: false, showMenu: false, draggable: false, nestedRows: true, withPagination: false, withCheckbox: true, headCellTooltip: true, separator: true, showFilters: false, updateData: "[Function]", updateSchema: "[Function]", onSelect: "[Function]", onSelectAll: "[Function]", updateSortingList: "[Function]", updateFilterList: "[Function]"
 (3ms)
    ✓ 
  totalRecords: 10, page: 20, pageSize: 15, loading: true, error: false, showHead: false, showMenu: false, draggable: false, nestedRows: true, withPagination: false, withCheckbox: true, headCellTooltip: true, separator: false, showFilters: true, updateData: "[Function]", updateSchema: "[Function]", onSelect: "[Function]", onSelectAll: "[Function]", updateSortingList: "[Function]", updateFilterList: "[Function]"
 (3ms)
    ✓ 
  totalRecords: 10, page: 20, pageSize: 15, loading: true, error: false, showHead: false, showMenu: false, draggable: false, nestedRows: true, withPagination: false, withCheckbox: true, headCellTooltip: true, separator: false, showFilters: false, updateData: "[Function]", updateSchema: "[Function]", onSelect: "[Function]", onSelectAll: "[Function]", updateSortingList: "[Function]", updateFilterList: "[Function]"
 (5ms)
    ✓ 
  totalRecords: 10, page: 20, pageSize: 15, loading: true, error: false, showHead: false, showMenu: false, draggable: false, nestedRows: true, withPagination: false, withCheckbox: true, headCellTooltip: false, separator: true, showFilters: true, updateData: "[Function]", updateSchema: "[Function]", onSelect: "[Function]", onSelectAll: "[Function]", updateSortingList: "[Function]", updateFilterList: "[Function]"
 (1ms)
    ✓ 
  totalRecords: 10, page: 20, pageSize: 15, loading: true, error: false, showHead: false, showMenu: false, draggable: false, nestedRows: true, withPagination: false, withCheckbox: true, headCellTooltip: false, separator: true, showFilters: false, updateData: "[Function]", updateSchema: "[Function]", onSelect: "[Function]", onSelectAll: "[Function]", updateSortingList: "[Function]", updateFilterList: "[Function]"
 (2ms)
    ✓ 
  totalRecords: 10, page: 20, pageSize: 15, loading: true, error: false, showHead: false, showMenu: false, draggable: false, nestedRows: true, withPagination: false, withCheckbox: true, headCellTooltip: false, separator: false, showFilters: true, updateData: "[Function]", updateSchema: "[Function]", onSelect: "[Function]", onSelectAll: "[Function]", updateSortingList: "[Function]", updateFilterList: "[Function]"
 (1ms)
    ✓ 
  totalRecords: 10, page: 20, pageSize: 15, loading: true, error: false, showHead: false, showMenu: false, draggable: false, nestedRows: true, withPagination: false, withCheckbox: true, headCellTooltip: false, separator: false, showFilters: false, updateData: "[Function]", updateSchema: "[Function]", onSelect: "[Function]", onSelectAll: "[Function]", updateSortingList: "[Function]", updateFilterList: "[Function]"
 (2ms)
    ✓ 
  totalRecords: 10, page: 20, pageSize: 15, loading: true, error: false, showHead: false, showMenu: false, draggable: false, nestedRows: true, withPagination: false, withCheckbox: false, headCellTooltip: true, separator: true, showFilters: true, updateData: "[Function]", updateSchema: "[Function]", onSelect: "[Function]", onSelectAll: "[Function]", updateSortingList: "[Function]", updateFilterList: "[Function]"
 (4ms)
    ✓ 
  totalRecords: 10, page: 20, pageSize: 15, loading: true, error: false, showHead: false, showMenu: false, draggable: false, nestedRows: true, withPagination: false, withCheckbox: false, headCellTooltip: true, separator: true, showFilters: false, updateData: "[Function]", updateSchema: "[Function]", onSelect: "[Function]", onSelectAll: "[Function]", updateSortingList: "[Function]", updateFilterList: "[Function]"
 (2ms)
    ✓ 
  totalRecords: 10, page: 20, pageSize: 15, loading: true, error: false, showHead: false, showMenu: false, draggable: false, nestedRows: true, withPagination: false, withCheckbox: false, headCellTooltip: true, separator: false, showFilters: true, updateData: "[Function]", updateSchema: "[Function]", onSelect: "[Function]", onSelectAll: "[Function]", updateSortingList: "[Function]", updateFilterList: "[Function]"
 (2ms)
    ✓ 
  totalRecords: 10, page: 20, pageSize: 15, loading: true, error: false, showHead: false, showMenu: false, draggable: false, nestedRows: true, withPagination: false, withCheckbox: false, headCellTooltip: true, separator: false, showFilters: false, updateData: "[Function]", updateSchema: "[Function]", onSelect: "[Function]", onSelectAll: "[Function]", updateSortingList: "[Function]", updateFilterList: "[Function]"
 (3ms)
    ✓ 
  totalRecords: 10, page: 20, pageSize: 15, loading: true, error: false, showHead: false, showMenu: false, draggable: false, nestedRows: true, withPagination: false, withCheckbox: false, headCellTooltip: false, separator: true, showFilters: true, updateData: "[Function]", updateSchema: "[Function]", onSelect: "[Function]", onSelectAll: "[Function]", updateSortingList: "[Function]", updateFilterList: "[Function]"
 (3ms)
    ✓ 
  totalRecords: 10, page: 20, pageSize: 15, loading: true, error: false, showHead: false, showMenu: false, draggable: false, nestedRows: true, withPagination: false, withCheckbox: false, headCellTooltip: false, separator: true, showFilters: false, updateData: "[Function]", updateSchema: "[Function]", onSelect: "[Function]", onSelectAll: "[Function]", updateSortingList: "[Function]", updateFilterList: "[Function]"
 (7ms)
    ✓ 
  totalRecords: 10, page: 20, pageSize: 15, loading: true, error: false, showHead: false, showMenu: false, draggable: false, nestedRows: true, withPagination: false, withCheckbox: false, headCellTooltip: false, separator: false, showFilters: true, updateData: "[Function]", updateSchema: "[Function]", onSelect: "[Function]", onSelectAll: "[Function]", updateSortingList: "[Function]", updateFilterList: "[Function]"
 (1ms)
    ✓ 
  totalRecords: 10, page: 20, pageSize: 15, loading: true, error: false, showHead: false, showMenu: false, draggable: false, nestedRows: true, withPagination: false, withCheckbox: false, headCellTooltip: false, separator: false, showFilters: false, updateData: "[Function]", updateSchema: "[Function]", onSelect: "[Function]", onSelectAll: "[Function]", updateSortingList: "[Function]", updateFilterList: "[Function]"
 (2ms)
    ✓ 
  totalRecords: 10, page: 20, pageSize: 15, loading: true, error: false, showHead: false, showMenu: false, draggable: false, nestedRows: false, withPagination: true, withCheckbox: true, headCellTooltip: true, separator: true, showFilters: true, updateData: "[Function]", updateSchema: "[Function]", onSelect: "[Function]", onSelectAll: "[Function]", updateSortingList: "[Function]", updateFilterList: "[Function]"
 (1ms)
    ✓ 
  totalRecords: 10, page: 20, pageSize: 15, loading: true, error: false, showHead: false, showMenu: false, draggable: false, nestedRows: false, withPagination: true, withCheckbox: true, headCellTooltip: true, separator: true, showFilters: false, updateData: "[Function]", updateSchema: "[Function]", onSelect: "[Function]", onSelectAll: "[Function]", updateSortingList: "[Function]", updateFilterList: "[Function]"
 (2ms)
    ✓ 
  totalRecords: 10, page: 20, pageSize: 15, loading: true, error: false, showHead: false, showMenu: false, draggable: false, nestedRows: false, withPagination: true, withCheckbox: true, headCellTooltip: true, separator: false, showFilters: true, updateData: "[Function]", updateSchema: "[Function]", onSelect: "[Function]", onSelectAll: "[Function]", updateSortingList: "[Function]", updateFilterList: "[Function]"
 (1ms)
    ✓ 
  totalRecords: 10, page: 20, pageSize: 15, loading: true, error: false, showHead: false, showMenu: false, draggable: false, nestedRows: false, withPagination: true, withCheckbox: true, headCellTooltip: true, separator: false, showFilters: false, updateData: "[Function]", updateSchema: "[Function]", onSelect: "[Function]", onSelectAll: "[Function]", updateSortingList: "[Function]", updateFilterList: "[Function]"
 (2ms)
    ✓ 
  totalRecords: 10, page: 20, pageSize: 15, loading: true, error: false, showHead: false, showMenu: false, draggable: false, nestedRows: false, withPagination: true, withCheckbox: true, headCellTooltip: false, separator: true, showFilters: true, updateData: "[Function]", updateSchema: "[Function]", onSelect: "[Function]", onSelectAll: "[Function]", updateSortingList: "[Function]", updateFilterList: "[Function]"
 (2ms)
    ✓ 
  totalRecords: 10, page: 20, pageSize: 15, loading: true, error: false, showHead: false, showMenu: false, draggable: false, nestedRows: false, withPagination: true, withCheckbox: true, headCellTooltip: false, separator: true, showFilters: false, updateData: "[Function]", updateSchema: "[Function]", onSelect: "[Function]", onSelectAll: "[Function]", updateSortingList: "[Function]", updateFilterList: "[Function]"
 (2ms)
    ✓ 
  totalRecords: 10, page: 20, pageSize: 15, loading: true, error: false, showHead: false, showMenu: false, draggable: false, nestedRows: false, withPagination: true, withCheckbox: true, headCellTooltip: false, separator: false, showFilters: true, updateData: "[Function]", updateSchema: "[Function]", onSelect: "[Function]", onSelectAll: "[Function]", updateSortingList: "[Function]", updateFilterList: "[Function]"
 (2ms)
    ✓ 
  totalRecords: 10, page: 20, pageSize: 15, loading: true, error: false, showHead: false, showMenu: false, draggable: false, nestedRows: false, withPagination: true, withCheckbox: true, headCellTooltip: false, separator: false, showFilters: false, updateData: "[Function]", updateSchema: "[Function]", onSelect: "[Function]", onSelectAll: "[Function]", updateSortingList: "[Function]", updateFilterList: "[Function]"
 (4ms)
    ✓ 
  totalRecords: 10, page: 20, pageSize: 15, loading: true, error: false, showHead: false, showMenu: false, draggable: false, nestedRows: false, withPagination: true, withCheckbox: false, headCellTooltip: true, separator: true, showFilters: true, updateData: "[Function]", updateSchema: "[Function]", onSelect: "[Function]", onSelectAll: "[Function]", updateSortingList: "[Function]", updateFilterList: "[Function]"
 (5ms)
    ✓ 
  totalRecords: 10, page: 20, pageSize: 15, loading: true, error: false, showHead: false, showMenu: false, draggable: false, nestedRows: false, withPagination: true, withCheckbox: false, headCellTooltip: true, separator: true, showFilters: false, updateData: "[Function]", updateSchema: "[Function]", onSelect: "[Function]", onSelectAll: "[Function]", updateSortingList: "[Function]", updateFilterList: "[Function]"
 (2ms)
    ✓ 
  totalRecords: 10, page: 20, pageSize: 15, loading: true, error: false, showHead: false, showMenu: false, draggable: false, nestedRows: false, withPagination: true, withCheckbox: false, headCellTooltip: true, separator: false, showFilters: true, updateData: "[Function]", updateSchema: "[Function]", onSelect: "[Function]", onSelectAll: "[Function]", updateSortingList: "[Function]", updateFilterList: "[Function]"
 (2ms)
    ✓ 
  totalRecords: 10, page: 20, pageSize: 15, loading: true, error: false, showHead: false, showMenu: false, draggable: false, nestedRows: false, withPagination: true, withCheckbox: false, headCellTooltip: true, separator: false, showFilters: false, updateData: "[Function]", updateSchema: "[Function]", onSelect: "[Function]", onSelectAll: "[Function]", updateSortingList: "[Function]", updateFilterList: "[Function]"
 (4ms)
    ✓ 
  totalRecords: 10, page: 20, pageSize: 15, loading: true, error: false, showHead: false, showMenu: false, draggable: false, nestedRows: false, withPagination: true, withCheckbox: false, headCellTooltip: false, separator: true, showFilters: true, updateData: "[Function]", updateSchema: "[Function]", onSelect: "[Function]", onSelectAll: "[Function]", updateSortingList: "[Function]", updateFilterList: "[Function]"
 (3ms)
    ✓ 
  totalRecords: 10, page: 20, pageSize: 15, loading: true, error: false, showHead: false, showMenu: false, draggable: false, nestedRows: false, withPagination: true, withCheckbox: false, headCellTooltip: false, separator: true, showFilters: false, updateData: "[Function]", updateSchema: "[Function]", onSelect: "[Function]", onSelectAll: "[Function]", updateSortingList: "[Function]", updateFilterList: "[Function]"
 (3ms)
    ✓ 
  totalRecords: 10, page: 20, pageSize: 15, loading: true, error: false, showHead: false, showMenu: false, draggable: false, nestedRows: false, withPagination: true, withCheckbox: false, headCellTooltip: false, separator: false, showFilters: true, updateData: "[Function]", updateSchema: "[Function]", onSelect: "[Function]", onSelectAll: "[Function]", updateSortingList: "[Function]", updateFilterList: "[Function]"
 (2ms)
    ✓ 
  totalRecords: 10, page: 20, pageSize: 15, loading: true, error: false, showHead: false, showMenu: false, draggable: false, nestedRows: false, withPagination: true, withCheckbox: false, headCellTooltip: false, separator: false, showFilters: false, updateData: "[Function]", updateSchema: "[Function]", onSelect: "[Function]", onSelectAll: "[Function]", updateSortingList: "[Function]", updateFilterList: "[Function]"
 (2ms)
    ✓ 
  totalRecords: 10, page: 20, pageSize: 15, loading: true, error: false, showHead: false, showMenu: false, draggable: false, nestedRows: false, withPagination: false, withCheckbox: true, headCellTooltip: true, separator: true, showFilters: true, updateData: "[Function]", updateSchema: "[Function]", onSelect: "[Function]", onSelectAll: "[Function]", updateSortingList: "[Function]", updateFilterList: "[Function]"
 (4ms)
    ✓ 
  totalRecords: 10, page: 20, pageSize: 15, loading: true, error: false, showHead: false, showMenu: false, draggable: false, nestedRows: false, withPagination: false, withCheckbox: true, headCellTooltip: true, separator: true, showFilters: false, updateData: "[Function]", updateSchema: "[Function]", onSelect: "[Function]", onSelectAll: "[Function]", updateSortingList: "[Function]", updateFilterList: "[Function]"
 (4ms)
    ✓ 
  totalRecords: 10, page: 20, pageSize: 15, loading: true, error: false, showHead: false, showMenu: false, draggable: false, nestedRows: false, withPagination: false, withCheckbox: true, headCellTooltip: true, separator: false, showFilters: true, updateData: "[Function]", updateSchema: "[Function]", onSelect: "[Function]", onSelectAll: "[Function]", updateSortingList: "[Function]", updateFilterList: "[Function]"
 (2ms)
    ✓ 
  totalRecords: 10, page: 20, pageSize: 15, loading: true, error: false, showHead: false, showMenu: false, draggable: false, nestedRows: false, withPagination: false, withCheckbox: true, headCellTooltip: true, separator: false, showFilters: false, updateData: "[Function]", updateSchema: "[Function]", onSelect: "[Function]", onSelectAll: "[Function]", updateSortingList: "[Function]", updateFilterList: "[Function]"
 (1ms)
    ✓ 
  totalRecords: 10, page: 20, pageSize: 15, loading: true, error: false, showHead: false, showMenu: false, draggable: false, nestedRows: false, withPagination: false, withCheckbox: true, headCellTooltip: false, separator: true, showFilters: true, updateData: "[Function]", updateSchema: "[Function]", onSelect: "[Function]", onSelectAll: "[Function]", updateSortingList: "[Function]", updateFilterList: "[Function]"
 (2ms)
    ✓ 
  totalRecords: 10, page: 20, pageSize: 15, loading: true, error: false, showHead: false, showMenu: false, draggable: false, nestedRows: false, withPagination: false, withCheckbox: true, headCellTooltip: false, separator: true, showFilters: false, updateData: "[Function]", updateSchema: "[Function]", onSelect: "[Function]", onSelectAll: "[Function]", updateSortingList: "[Function]", updateFilterList: "[Function]"
 (2ms)
    ✓ 
  totalRecords: 10, page: 20, pageSize: 15, loading: true, error: false, showHead: false, showMenu: false, draggable: false, nestedRows: false, withPagination: false, withCheckbox: true, headCellTooltip: false, separator: false, showFilters: true, updateData: "[Function]", updateSchema: "[Function]", onSelect: "[Function]", onSelectAll: "[Function]", updateSortingList: "[Function]", updateFilterList: "[Function]"
 (3ms)
    ✓ 
  totalRecords: 10, page: 20, pageSize: 15, loading: true, error: false, showHead: false, showMenu: false, draggable: false, nestedRows: false, withPagination: false, withCheckbox: true, headCellTooltip: false, separator: false, showFilters: false, updateData: "[Function]", updateSchema: "[Function]", onSelect: "[Function]", onSelectAll: "[Function]", updateSortingList: "[Function]", updateFilterList: "[Function]"
 (3ms)
    ✓ 
  totalRecords: 10, page: 20, pageSize: 15, loading: true, error: false, showHead: false, showMenu: false, draggable: false, nestedRows: false, withPagination: false, withCheckbox: false, headCellTooltip: true, separator: true, showFilters: true, updateData: "[Function]", updateSchema: "[Function]", onSelect: "[Function]", onSelectAll: "[Function]", updateSortingList: "[Function]", updateFilterList: "[Function]"
 (2ms)
    ✓ 
  totalRecords: 10, page: 20, pageSize: 15, loading: true, error: false, showHead: false, showMenu: false, draggable: false, nestedRows: false, withPagination: false, withCheckbox: false, headCellTooltip: true, separator: true, showFilters: false, updateData: "[Function]", updateSchema: "[Function]", onSelect: "[Function]", onSelectAll: "[Function]", updateSortingList: "[Function]", updateFilterList: "[Function]"
 (2ms)
    ✓ 
  totalRecords: 10, page: 20, pageSize: 15, loading: true, error: false, showHead: false, showMenu: false, draggable: false, nestedRows: false, withPagination: false, withCheckbox: false, headCellTooltip: true, separator: false, showFilters: true, updateData: "[Function]", updateSchema: "[Function]", onSelect: "[Function]", onSelectAll: "[Function]", updateSortingList: "[Function]", updateFilterList: "[Function]"
 (3ms)
    ✓ 
  totalRecords: 10, page: 20, pageSize: 15, loading: true, error: false, showHead: false, showMenu: false, draggable: false, nestedRows: false, withPagination: false, withCheckbox: false, headCellTooltip: true, separator: false, showFilters: false, updateData: "[Function]", updateSchema: "[Function]", onSelect: "[Function]", onSelectAll: "[Function]", updateSortingList: "[Function]", updateFilterList: "[Function]"
 (4ms)
    ✓ 
  totalRecords: 10, page: 20, pageSize: 15, loading: true, error: false, showHead: false, showMenu: false, draggable: false, nestedRows: false, withPagination: false, withCheckbox: false, headCellTooltip: false, separator: true, showFilters: true, updateData: "[Function]", updateSchema: "[Function]", onSelect: "[Function]", onSelectAll: "[Function]", updateSortingList: "[Function]", updateFilterList: "[Function]"
 (4ms)
    ✓ 
  totalRecords: 10, page: 20, pageSize: 15, loading: true, error: false, showHead: false, showMenu: false, draggable: false, nestedRows: false, withPagination: false, withCheckbox: false, headCellTooltip: false, separator: true, showFilters: false, updateData: "[Function]", updateSchema: "[Function]", onSelect: "[Function]", onSelectAll: "[Function]", updateSortingList: "[Function]", updateFilterList: "[Function]"
 (2ms)
    ✓ 
  totalRecords: 10, page: 20, pageSize: 15, loading: true, error: false, showHead: false, showMenu: false, draggable: false, nestedRows: false, withPagination: false, withCheckbox: false, headCellTooltip: false, separator: false, showFilters: true, updateData: "[Function]", updateSchema: "[Function]", onSelect: "[Function]", onSelectAll: "[Function]", updateSortingList: "[Function]", updateFilterList: "[Function]"
 (3ms)
    ✓ 
  totalRecords: 10, page: 20, pageSize: 15, loading: true, error: false, showHead: false, showMenu: false, draggable: false, nestedRows: false, withPagination: false, withCheckbox: false, headCellTooltip: false, separator: false, showFilters: false, updateData: "[Function]", updateSchema: "[Function]", onSelect: "[Function]", onSelectAll: "[Function]", updateSortingList: "[Function]", updateFilterList: "[Function]"
 (2ms)
    ✓ 
  totalRecords: 10, page: 20, pageSize: 15, loading: false, error: true, showHead: true, showMenu: true, draggable: true, nestedRows: true, withPagination: true, withCheckbox: true, headCellTooltip: true, separator: true, showFilters: true, updateData: "[Function]", updateSchema: "[Function]", onSelect: "[Function]", onSelectAll: "[Function]", updateSortingList: "[Function]", updateFilterList: "[Function]"
 (1ms)
    ✓ 
  totalRecords: 10, page: 20, pageSize: 15, loading: false, error: true, showHead: true, showMenu: true, draggable: true, nestedRows: true, withPagination: true, withCheckbox: true, headCellTooltip: true, separator: true, showFilters: false, updateData: "[Function]", updateSchema: "[Function]", onSelect: "[Function]", onSelectAll: "[Function]", updateSortingList: "[Function]", updateFilterList: "[Function]"
 (1ms)
    ✓ 
  totalRecords: 10, page: 20, pageSize: 15, loading: false, error: true, showHead: true, showMenu: true, draggable: true, nestedRows: true, withPagination: true, withCheckbox: true, headCellTooltip: true, separator: false, showFilters: true, updateData: "[Function]", updateSchema: "[Function]", onSelect: "[Function]", onSelectAll: "[Function]", updateSortingList: "[Function]", updateFilterList: "[Function]"

    ✓ 
  totalRecords: 10, page: 20, pageSize: 15, loading: false, error: true, showHead: true, showMenu: true, draggable: true, nestedRows: true, withPagination: true, withCheckbox: true, headCellTooltip: true, separator: false, showFilters: false, updateData: "[Function]", updateSchema: "[Function]", onSelect: "[Function]", onSelectAll: "[Function]", updateSortingList: "[Function]", updateFilterList: "[Function]"
 (1ms)
    ✓ 
  totalRecords: 10, page: 20, pageSize: 15, loading: false, error: true, showHead: true, showMenu: true, draggable: true, nestedRows: true, withPagination: true, withCheckbox: true, headCellTooltip: false, separator: true, showFilters: true, updateData: "[Function]", updateSchema: "[Function]", onSelect: "[Function]", onSelectAll: "[Function]", updateSortingList: "[Function]", updateFilterList: "[Function]"
 (1ms)
    ✓ 
  totalRecords: 10, page: 20, pageSize: 15, loading: false, error: true, showHead: true, showMenu: true, draggable: true, nestedRows: true, withPagination: true, withCheckbox: true, headCellTooltip: false, separator: true, showFilters: false, updateData: "[Function]", updateSchema: "[Function]", onSelect: "[Function]", onSelectAll: "[Function]", updateSortingList: "[Function]", updateFilterList: "[Function]"
 (2ms)
    ✓ 
  totalRecords: 10, page: 20, pageSize: 15, loading: false, error: true, showHead: true, showMenu: true, draggable: true, nestedRows: true, withPagination: true, withCheckbox: true, headCellTooltip: false, separator: false, showFilters: true, updateData: "[Function]", updateSchema: "[Function]", onSelect: "[Function]", onSelectAll: "[Function]", updateSortingList: "[Function]", updateFilterList: "[Function]"
 (2ms)
    ✓ 
  totalRecords: 10, page: 20, pageSize: 15, loading: false, error: true, showHead: true, showMenu: true, draggable: true, nestedRows: true, withPagination: true, withCheckbox: true, headCellTooltip: false, separator: false, showFilters: false, updateData: "[Function]", updateSchema: "[Function]", onSelect: "[Function]", onSelectAll: "[Function]", updateSortingList: "[Function]", updateFilterList: "[Function]"
 (1ms)
    ✓ 
  totalRecords: 10, page: 20, pageSize: 15, loading: false, error: true, showHead: true, showMenu: true, draggable: true, nestedRows: true, withPagination: true, withCheckbox: false, headCellTooltip: true, separator: true, showFilters: true, updateData: "[Function]", updateSchema: "[Function]", onSelect: "[Function]", onSelectAll: "[Function]", updateSortingList: "[Function]", updateFilterList: "[Function]"
 (1ms)
    ✓ 
  totalRecords: 10, page: 20, pageSize: 15, loading: false, error: true, showHead: true, showMenu: true, draggable: true, nestedRows: true, withPagination: true, withCheckbox: false, headCellTooltip: true, separator: true, showFilters: false, updateData: "[Function]", updateSchema: "[Function]", onSelect: "[Function]", onSelectAll: "[Function]", updateSortingList: "[Function]", updateFilterList: "[Function]"

    ✓ 
  totalRecords: 10, page: 20, pageSize: 15, loading: false, error: true, showHead: true, showMenu: true, draggable: true, nestedRows: true, withPagination: true, withCheckbox: false, headCellTooltip: true, separator: false, showFilters: true, updateData: "[Function]", updateSchema: "[Function]", onSelect: "[Function]", onSelectAll: "[Function]", updateSortingList: "[Function]", updateFilterList: "[Function]"
 (1ms)
    ✓ 
  totalRecords: 10, page: 20, pageSize: 15, loading: false, error: true, showHead: true, showMenu: true, draggable: true, nestedRows: true, withPagination: true, withCheckbox: false, headCellTooltip: true, separator: false, showFilters: false, updateData: "[Function]", updateSchema: "[Function]", onSelect: "[Function]", onSelectAll: "[Function]", updateSortingList: "[Function]", updateFilterList: "[Function]"

    ✓ 
  totalRecords: 10, page: 20, pageSize: 15, loading: false, error: true, showHead: true, showMenu: true, draggable: true, nestedRows: true, withPagination: true, withCheckbox: false, headCellTooltip: false, separator: true, showFilters: true, updateData: "[Function]", updateSchema: "[Function]", onSelect: "[Function]", onSelectAll: "[Function]", updateSortingList: "[Function]", updateFilterList: "[Function]"
 (1ms)
    ✓ 
  totalRecords: 10, page: 20, pageSize: 15, loading: false, error: true, showHead: true, showMenu: true, draggable: true, nestedRows: true, withPagination: true, withCheckbox: false, headCellTooltip: false, separator: true, showFilters: false, updateData: "[Function]", updateSchema: "[Function]", onSelect: "[Function]", onSelectAll: "[Function]", updateSortingList: "[Function]", updateFilterList: "[Function]"

    ✓ 
  totalRecords: 10, page: 20, pageSize: 15, loading: false, error: true, showHead: true, showMenu: true, draggable: true, nestedRows: true, withPagination: true, withCheckbox: false, headCellTooltip: false, separator: false, showFilters: true, updateData: "[Function]", updateSchema: "[Function]", onSelect: "[Function]", onSelectAll: "[Function]", updateSortingList: "[Function]", updateFilterList: "[Function]"
 (1ms)
    ✓ 
  totalRecords: 10, page: 20, pageSize: 15, loading: false, error: true, showHead: true, showMenu: true, draggable: true, nestedRows: true, withPagination: true, withCheckbox: false, headCellTooltip: false, separator: false, showFilters: false, updateData: "[Function]", updateSchema: "[Function]", onSelect: "[Function]", onSelectAll: "[Function]", updateSortingList: "[Function]", updateFilterList: "[Function]"

    ✓ 
  totalRecords: 10, page: 20, pageSize: 15, loading: false, error: true, showHead: true, showMenu: true, draggable: true, nestedRows: true, withPagination: false, withCheckbox: true, headCellTooltip: true, separator: true, showFilters: true, updateData: "[Function]", updateSchema: "[Function]", onSelect: "[Function]", onSelectAll: "[Function]", updateSortingList: "[Function]", updateFilterList: "[Function]"

    ✓ 
  totalRecords: 10, page: 20, pageSize: 15, loading: false, error: true, showHead: true, showMenu: true, draggable: true, nestedRows: true, withPagination: false, withCheckbox: true, headCellTooltip: true, separator: true, showFilters: false, updateData: "[Function]", updateSchema: "[Function]", onSelect: "[Function]", onSelectAll: "[Function]", updateSortingList: "[Function]", updateFilterList: "[Function]"
 (3ms)
    ✓ 
  totalRecords: 10, page: 20, pageSize: 15, loading: false, error: true, showHead: true, showMenu: true, draggable: true, nestedRows: true, withPagination: false, withCheckbox: true, headCellTooltip: true, separator: false, showFilters: true, updateData: "[Function]", updateSchema: "[Function]", onSelect: "[Function]", onSelectAll: "[Function]", updateSortingList: "[Function]", updateFilterList: "[Function]"
 (1ms)
    ✓ 
  totalRecords: 10, page: 20, pageSize: 15, loading: false, error: true, showHead: true, showMenu: true, draggable: true, nestedRows: true, withPagination: false, withCheckbox: true, headCellTooltip: true, separator: false, showFilters: false, updateData: "[Function]", updateSchema: "[Function]", onSelect: "[Function]", onSelectAll: "[Function]", updateSortingList: "[Function]", updateFilterList: "[Function]"

    ✓ 
  totalRecords: 10, page: 20, pageSize: 15, loading: false, error: true, showHead: true, showMenu: true, draggable: true, nestedRows: true, withPagination: false, withCheckbox: true, headCellTooltip: false, separator: true, showFilters: true, updateData: "[Function]", updateSchema: "[Function]", onSelect: "[Function]", onSelectAll: "[Function]", updateSortingList: "[Function]", updateFilterList: "[Function]"
 (1ms)
    ✓ 
  totalRecords: 10, page: 20, pageSize: 15, loading: false, error: true, showHead: true, showMenu: true, draggable: true, nestedRows: true, withPagination: false, withCheckbox: true, headCellTooltip: false, separator: true, showFilters: false, updateData: "[Function]", updateSchema: "[Function]", onSelect: "[Function]", onSelectAll: "[Function]", updateSortingList: "[Function]", updateFilterList: "[Function]"
 (1ms)
    ✓ 
  totalRecords: 10, page: 20, pageSize: 15, loading: false, error: true, showHead: true, showMenu: true, draggable: true, nestedRows: true, withPagination: false, withCheckbox: true, headCellTooltip: false, separator: false, showFilters: true, updateData: "[Function]", updateSchema: "[Function]", onSelect: "[Function]", onSelectAll: "[Function]", updateSortingList: "[Function]", updateFilterList: "[Function]"

    ✓ 
  totalRecords: 10, page: 20, pageSize: 15, loading: false, error: true, showHead: true, showMenu: true, draggable: true, nestedRows: true, withPagination: false, withCheckbox: true, headCellTooltip: false, separator: false, showFilters: false, updateData: "[Function]", updateSchema: "[Function]", onSelect: "[Function]", onSelectAll: "[Function]", updateSortingList: "[Function]", updateFilterList: "[Function]"
 (1ms)
    ✓ 
  totalRecords: 10, page: 20, pageSize: 15, loading: false, error: true, showHead: true, showMenu: true, draggable: true, nestedRows: true, withPagination: false, withCheckbox: false, headCellTooltip: true, separator: true, showFilters: true, updateData: "[Function]", updateSchema: "[Function]", onSelect: "[Function]", onSelectAll: "[Function]", updateSortingList: "[Function]", updateFilterList: "[Function]"
 (1ms)
    ✓ 
  totalRecords: 10, page: 20, pageSize: 15, loading: false, error: true, showHead: true, showMenu: true, draggable: true, nestedRows: true, withPagination: false, withCheckbox: false, headCellTooltip: true, separator: true, showFilters: false, updateData: "[Function]", updateSchema: "[Function]", onSelect: "[Function]", onSelectAll: "[Function]", updateSortingList: "[Function]", updateFilterList: "[Function]"
 (1ms)
    ✓ 
  totalRecords: 10, page: 20, pageSize: 15, loading: false, error: true, showHead: true, showMenu: true, draggable: true, nestedRows: true, withPagination: false, withCheckbox: false, headCellTooltip: true, separator: false, showFilters: true, updateData: "[Function]", updateSchema: "[Function]", onSelect: "[Function]", onSelectAll: "[Function]", updateSortingList: "[Function]", updateFilterList: "[Function]"
 (2ms)
    ✓ 
  totalRecords: 10, page: 20, pageSize: 15, loading: false, error: true, showHead: true, showMenu: true, draggable: true, nestedRows: true, withPagination: false, withCheckbox: false, headCellTooltip: true, separator: false, showFilters: false, updateData: "[Function]", updateSchema: "[Function]", onSelect: "[Function]", onSelectAll: "[Function]", updateSortingList: "[Function]", updateFilterList: "[Function]"
 (1ms)
    ✓ 
  totalRecords: 10, page: 20, pageSize: 15, loading: false, error: true, showHead: true, showMenu: true, draggable: true, nestedRows: true, withPagination: false, withCheckbox: false, headCellTooltip: false, separator: true, showFilters: true, updateData: "[Function]", updateSchema: "[Function]", onSelect: "[Function]", onSelectAll: "[Function]", updateSortingList: "[Function]", updateFilterList: "[Function]"

    ✓ 
  totalRecords: 10, page: 20, pageSize: 15, loading: false, error: true, showHead: true, showMenu: true, draggable: true, nestedRows: true, withPagination: false, withCheckbox: false, headCellTooltip: false, separator: true, showFilters: false, updateData: "[Function]", updateSchema: "[Function]", onSelect: "[Function]", onSelectAll: "[Function]", updateSortingList: "[Function]", updateFilterList: "[Function]"
 (1ms)
    ✓ 
  totalRecords: 10, page: 20, pageSize: 15, loading: false, error: true, showHead: true, showMenu: true, draggable: true, nestedRows: true, withPagination: false, withCheckbox: false, headCellTooltip: false, separator: false, showFilters: true, updateData: "[Function]", updateSchema: "[Function]", onSelect: "[Function]", onSelectAll: "[Function]", updateSortingList: "[Function]", updateFilterList: "[Function]"
 (1ms)
    ✓ 
  totalRecords: 10, page: 20, pageSize: 15, loading: false, error: true, showHead: true, showMenu: true, draggable: true, nestedRows: true, withPagination: false, withCheckbox: false, headCellTooltip: false, separator: false, showFilters: false, updateData: "[Function]", updateSchema: "[Function]", onSelect: "[Function]", onSelectAll: "[Function]", updateSortingList: "[Function]", updateFilterList: "[Function]"

    ✓ 
  totalRecords: 10, page: 20, pageSize: 15, loading: false, error: true, showHead: true, showMenu: true, draggable: true, nestedRows: false, withPagination: true, withCheckbox: true, headCellTooltip: true, separator: true, showFilters: true, updateData: "[Function]", updateSchema: "[Function]", onSelect: "[Function]", onSelectAll: "[Function]", updateSortingList: "[Function]", updateFilterList: "[Function]"
 (1ms)
    ✓ 
  totalRecords: 10, page: 20, pageSize: 15, loading: false, error: true, showHead: true, showMenu: true, draggable: true, nestedRows: false, withPagination: true, withCheckbox: true, headCellTooltip: true, separator: true, showFilters: false, updateData: "[Function]", updateSchema: "[Function]", onSelect: "[Function]", onSelectAll: "[Function]", updateSortingList: "[Function]", updateFilterList: "[Function]"
 (1ms)
    ✓ 
  totalRecords: 10, page: 20, pageSize: 15, loading: false, error: true, showHead: true, showMenu: true, draggable: true, nestedRows: false, withPagination: true, withCheckbox: true, headCellTooltip: true, separator: false, showFilters: true, updateData: "[Function]", updateSchema: "[Function]", onSelect: "[Function]", onSelectAll: "[Function]", updateSortingList: "[Function]", updateFilterList: "[Function]"
 (1ms)
    ✓ 
  totalRecords: 10, page: 20, pageSize: 15, loading: false, error: true, showHead: true, showMenu: true, draggable: true, nestedRows: false, withPagination: true, withCheckbox: true, headCellTooltip: true, separator: false, showFilters: false, updateData: "[Function]", updateSchema: "[Function]", onSelect: "[Function]", onSelectAll: "[Function]", updateSortingList: "[Function]", updateFilterList: "[Function]"
 (1ms)
    ✓ 
  totalRecords: 10, page: 20, pageSize: 15, loading: false, error: true, showHead: true, showMenu: true, draggable: true, nestedRows: false, withPagination: true, withCheckbox: true, headCellTooltip: false, separator: true, showFilters: true, updateData: "[Function]", updateSchema: "[Function]", onSelect: "[Function]", onSelectAll: "[Function]", updateSortingList: "[Function]", updateFilterList: "[Function]"
 (1ms)
    ✓ 
  totalRecords: 10, page: 20, pageSize: 15, loading: false, error: true, showHead: true, showMenu: true, draggable: true, nestedRows: false, withPagination: true, withCheckbox: true, headCellTooltip: false, separator: true, showFilters: false, updateData: "[Function]", updateSchema: "[Function]", onSelect: "[Function]", onSelectAll: "[Function]", updateSortingList: "[Function]", updateFilterList: "[Function]"

    ✓ 
  totalRecords: 10, page: 20, pageSize: 15, loading: false, error: true, showHead: true, showMenu: true, draggable: true, nestedRows: false, withPagination: true, withCheckbox: true, headCellTooltip: false, separator: false, showFilters: true, updateData: "[Function]", updateSchema: "[Function]", onSelect: "[Function]", onSelectAll: "[Function]", updateSortingList: "[Function]", updateFilterList: "[Function]"

    ✓ 
  totalRecords: 10, page: 20, pageSize: 15, loading: false, error: true, showHead: true, showMenu: true, draggable: true, nestedRows: false, withPagination: true, withCheckbox: true, headCellTooltip: false, separator: false, showFilters: false, updateData: "[Function]", updateSchema: "[Function]", onSelect: "[Function]", onSelectAll: "[Function]", updateSortingList: "[Function]", updateFilterList: "[Function]"
 (1ms)
    ✓ 
  totalRecords: 10, page: 20, pageSize: 15, loading: false, error: true, showHead: true, showMenu: true, draggable: true, nestedRows: false, withPagination: true, withCheckbox: false, headCellTooltip: true, separator: true, showFilters: true, updateData: "[Function]", updateSchema: "[Function]", onSelect: "[Function]", onSelectAll: "[Function]", updateSortingList: "[Function]", updateFilterList: "[Function]"
 (1ms)
    ✓ 
  totalRecords: 10, page: 20, pageSize: 15, loading: false, error: true, showHead: true, showMenu: true, draggable: true, nestedRows: false, withPagination: true, withCheckbox: false, headCellTooltip: true, separator: true, showFilters: false, updateData: "[Function]", updateSchema: "[Function]", onSelect: "[Function]", onSelectAll: "[Function]", updateSortingList: "[Function]", updateFilterList: "[Function]"
 (2ms)
    ✓ 
  totalRecords: 10, page: 20, pageSize: 15, loading: false, error: true, showHead: true, showMenu: true, draggable: true, nestedRows: false, withPagination: true, withCheckbox: false, headCellTooltip: true, separator: false, showFilters: true, updateData: "[Function]", updateSchema: "[Function]", onSelect: "[Function]", onSelectAll: "[Function]", updateSortingList: "[Function]", updateFilterList: "[Function]"
 (1ms)
    ✓ 
  totalRecords: 10, page: 20, pageSize: 15, loading: false, error: true, showHead: true, showMenu: true, draggable: true, nestedRows: false, withPagination: true, withCheckbox: false, headCellTooltip: true, separator: false, showFilters: false, updateData: "[Function]", updateSchema: "[Function]", onSelect: "[Function]", onSelectAll: "[Function]", updateSortingList: "[Function]", updateFilterList: "[Function]"
 (1ms)
    ✓ 
  totalRecords: 10, page: 20, pageSize: 15, loading: false, error: true, showHead: true, showMenu: true, draggable: true, nestedRows: false, withPagination: true, withCheckbox: false, headCellTooltip: false, separator: true, showFilters: true, updateData: "[Function]", updateSchema: "[Function]", onSelect: "[Function]", onSelectAll: "[Function]", updateSortingList: "[Function]", updateFilterList: "[Function]"
 (1ms)
    ✓ 
  totalRecords: 10, page: 20, pageSize: 15, loading: false, error: true, showHead: true, showMenu: true, draggable: true, nestedRows: false, withPagination: true, withCheckbox: false, headCellTooltip: false, separator: true, showFilters: false, updateData: "[Function]", updateSchema: "[Function]", onSelect: "[Function]", onSelectAll: "[Function]", updateSortingList: "[Function]", updateFilterList: "[Function]"
 (1ms)
    ✓ 
  totalRecords: 10, page: 20, pageSize: 15, loading: false, error: true, showHead: true, showMenu: true, draggable: true, nestedRows: false, withPagination: true, withCheckbox: false, headCellTooltip: false, separator: false, showFilters: true, updateData: "[Function]", updateSchema: "[Function]", onSelect: "[Function]", onSelectAll: "[Function]", updateSortingList: "[Function]", updateFilterList: "[Function]"
 (1ms)
    ✓ 
  totalRecords: 10, page: 20, pageSize: 15, loading: false, error: true, showHead: true, showMenu: true, draggable: true, nestedRows: false, withPagination: true, withCheckbox: false, headCellTooltip: false, separator: false, showFilters: false, updateData: "[Function]", updateSchema: "[Function]", onSelect: "[Function]", onSelectAll: "[Function]", updateSortingList: "[Function]", updateFilterList: "[Function]"

    ✓ 
  totalRecords: 10, page: 20, pageSize: 15, loading: false, error: true, showHead: true, showMenu: true, draggable: true, nestedRows: false, withPagination: false, withCheckbox: true, headCellTooltip: true, separator: true, showFilters: true, updateData: "[Function]", updateSchema: "[Function]", onSelect: "[Function]", onSelectAll: "[Function]", updateSortingList: "[Function]", updateFilterList: "[Function]"
 (1ms)
    ✓ 
  totalRecords: 10, page: 20, pageSize: 15, loading: false, error: true, showHead: true, showMenu: true, draggable: true, nestedRows: false, withPagination: false, withCheckbox: true, headCellTooltip: true, separator: true, showFilters: false, updateData: "[Function]", updateSchema: "[Function]", onSelect: "[Function]", onSelectAll: "[Function]", updateSortingList: "[Function]", updateFilterList: "[Function]"

    ✓ 
  totalRecords: 10, page: 20, pageSize: 15, loading: false, error: true, showHead: true, showMenu: true, draggable: true, nestedRows: false, withPagination: false, withCheckbox: true, headCellTooltip: true, separator: false, showFilters: true, updateData: "[Function]", updateSchema: "[Function]", onSelect: "[Function]", onSelectAll: "[Function]", updateSortingList: "[Function]", updateFilterList: "[Function]"

    ✓ 
  totalRecords: 10, page: 20, pageSize: 15, loading: false, error: true, showHead: true, showMenu: true, draggable: true, nestedRows: false, withPagination: false, withCheckbox: true, headCellTooltip: true, separator: false, showFilters: false, updateData: "[Function]", updateSchema: "[Function]", onSelect: "[Function]", onSelectAll: "[Function]", updateSortingList: "[Function]", updateFilterList: "[Function]"
 (3ms)
    ✓ 
  totalRecords: 10, page: 20, pageSize: 15, loading: false, error: true, showHead: true, showMenu: true, draggable: true, nestedRows: false, withPagination: false, withCheckbox: true, headCellTooltip: false, separator: true, showFilters: true, updateData: "[Function]", updateSchema: "[Function]", onSelect: "[Function]", onSelectAll: "[Function]", updateSortingList: "[Function]", updateFilterList: "[Function]"
 (1ms)
    ✓ 
  totalRecords: 10, page: 20, pageSize: 15, loading: false, error: true, showHead: true, showMenu: true, draggable: true, nestedRows: false, withPagination: false, withCheckbox: true, headCellTooltip: false, separator: true, showFilters: false, updateData: "[Function]", updateSchema: "[Function]", onSelect: "[Function]", onSelectAll: "[Function]", updateSortingList: "[Function]", updateFilterList: "[Function]"
 (1ms)
    ✓ 
  totalRecords: 10, page: 20, pageSize: 15, loading: false, error: true, showHead: true, showMenu: true, draggable: true, nestedRows: false, withPagination: false, withCheckbox: true, headCellTooltip: false, separator: false, showFilters: true, updateData: "[Function]", updateSchema: "[Function]", onSelect: "[Function]", onSelectAll: "[Function]", updateSortingList: "[Function]", updateFilterList: "[Function]"

    ✓ 
  totalRecords: 10, page: 20, pageSize: 15, loading: false, error: true, showHead: true, showMenu: true, draggable: true, nestedRows: false, withPagination: false, withCheckbox: true, headCellTooltip: false, separator: false, showFilters: false, updateData: "[Function]", updateSchema: "[Function]", onSelect: "[Function]", onSelectAll: "[Function]", updateSortingList: "[Function]", updateFilterList: "[Function]"
 (1ms)
    ✓ 
  totalRecords: 10, page: 20, pageSize: 15, loading: false, error: true, showHead: true, showMenu: true, draggable: true, nestedRows: false, withPagination: false, withCheckbox: false, headCellTooltip: true, separator: true, showFilters: true, updateData: "[Function]", updateSchema: "[Function]", onSelect: "[Function]", onSelectAll: "[Function]", updateSortingList: "[Function]", updateFilterList: "[Function]"
 (1ms)
    ✓ 
  totalRecords: 10, page: 20, pageSize: 15, loading: false, error: true, showHead: true, showMenu: true, draggable: true, nestedRows: false, withPagination: false, withCheckbox: false, headCellTooltip: true, separator: true, showFilters: false, updateData: "[Function]", updateSchema: "[Function]", onSelect: "[Function]", onSelectAll: "[Function]", updateSortingList: "[Function]", updateFilterList: "[Function]"

    ✓ 
  totalRecords: 10, page: 20, pageSize: 15, loading: false, error: true, showHead: true, showMenu: true, draggable: true, nestedRows: false, withPagination: false, withCheckbox: false, headCellTooltip: true, separator: false, showFilters: true, updateData: "[Function]", updateSchema: "[Function]", onSelect: "[Function]", onSelectAll: "[Function]", updateSortingList: "[Function]", updateFilterList: "[Function]"
 (1ms)
    ✓ 
  totalRecords: 10, page: 20, pageSize: 15, loading: false, error: true, showHead: true, showMenu: true, draggable: true, nestedRows: false, withPagination: false, withCheckbox: false, headCellTooltip: true, separator: false, showFilters: false, updateData: "[Function]", updateSchema: "[Function]", onSelect: "[Function]", onSelectAll: "[Function]", updateSortingList: "[Function]", updateFilterList: "[Function]"
 (1ms)
    ✓ 
  totalRecords: 10, page: 20, pageSize: 15, loading: false, error: true, showHead: true, showMenu: true, draggable: true, nestedRows: false, withPagination: false, withCheckbox: false, headCellTooltip: false, separator: true, showFilters: true, updateData: "[Function]", updateSchema: "[Function]", onSelect: "[Function]", onSelectAll: "[Function]", updateSortingList: "[Function]", updateFilterList: "[Function]"

    ✓ 
  totalRecords: 10, page: 20, pageSize: 15, loading: false, error: true, showHead: true, showMenu: true, draggable: true, nestedRows: false, withPagination: false, withCheckbox: false, headCellTooltip: false, separator: true, showFilters: false, updateData: "[Function]", updateSchema: "[Function]", onSelect: "[Function]", onSelectAll: "[Function]", updateSortingList: "[Function]", updateFilterList: "[Function]"
 (2ms)
    ✓ 
  totalRecords: 10, page: 20, pageSize: 15, loading: false, error: true, showHead: true, showMenu: true, draggable: true, nestedRows: false, withPagination: false, withCheckbox: false, headCellTooltip: false, separator: false, showFilters: true, updateData: "[Function]", updateSchema: "[Function]", onSelect: "[Function]", onSelectAll: "[Function]", updateSortingList: "[Function]", updateFilterList: "[Function]"

    ✓ 
  totalRecords: 10, page: 20, pageSize: 15, loading: false, error: true, showHead: true, showMenu: true, draggable: true, nestedRows: false, withPagination: false, withCheckbox: false, headCellTooltip: false, separator: false, showFilters: false, updateData: "[Function]", updateSchema: "[Function]", onSelect: "[Function]", onSelectAll: "[Function]", updateSortingList: "[Function]", updateFilterList: "[Function]"
 (2ms)
    ✓ 
  totalRecords: 10, page: 20, pageSize: 15, loading: false, error: true, showHead: true, showMenu: true, draggable: false, nestedRows: true, withPagination: true, withCheckbox: true, headCellTooltip: true, separator: true, showFilters: true, updateData: "[Function]", updateSchema: "[Function]", onSelect: "[Function]", onSelectAll: "[Function]", updateSortingList: "[Function]", updateFilterList: "[Function]"
 (1ms)
    ✓ 
  totalRecords: 10, page: 20, pageSize: 15, loading: false, error: true, showHead: true, showMenu: true, draggable: false, nestedRows: true, withPagination: true, withCheckbox: true, headCellTooltip: true, separator: true, showFilters: false, updateData: "[Function]", updateSchema: "[Function]", onSelect: "[Function]", onSelectAll: "[Function]", updateSortingList: "[Function]", updateFilterList: "[Function]"

    ✓ 
  totalRecords: 10, page: 20, pageSize: 15, loading: false, error: true, showHead: true, showMenu: true, draggable: false, nestedRows: true, withPagination: true, withCheckbox: true, headCellTooltip: true, separator: false, showFilters: true, updateData: "[Function]", updateSchema: "[Function]", onSelect: "[Function]", onSelectAll: "[Function]", updateSortingList: "[Function]", updateFilterList: "[Function]"
 (1ms)
    ✓ 
  totalRecords: 10, page: 20, pageSize: 15, loading: false, error: true, showHead: true, showMenu: true, draggable: false, nestedRows: true, withPagination: true, withCheckbox: true, headCellTooltip: true, separator: false, showFilters: false, updateData: "[Function]", updateSchema: "[Function]", onSelect: "[Function]", onSelectAll: "[Function]", updateSortingList: "[Function]", updateFilterList: "[Function]"
 (1ms)
    ✓ 
  totalRecords: 10, page: 20, pageSize: 15, loading: false, error: true, showHead: true, showMenu: true, draggable: false, nestedRows: true, withPagination: true, withCheckbox: true, headCellTooltip: false, separator: true, showFilters: true, updateData: "[Function]", updateSchema: "[Function]", onSelect: "[Function]", onSelectAll: "[Function]", updateSortingList: "[Function]", updateFilterList: "[Function]"
 (1ms)
    ✓ 
  totalRecords: 10, page: 20, pageSize: 15, loading: false, error: true, showHead: true, showMenu: true, draggable: false, nestedRows: true, withPagination: true, withCheckbox: true, headCellTooltip: false, separator: true, showFilters: false, updateData: "[Function]", updateSchema: "[Function]", onSelect: "[Function]", onSelectAll: "[Function]", updateSortingList: "[Function]", updateFilterList: "[Function]"

    ✓ 
  totalRecords: 10, page: 20, pageSize: 15, loading: false, error: true, showHead: true, showMenu: true, draggable: false, nestedRows: true, withPagination: true, withCheckbox: true, headCellTooltip: false, separator: false, showFilters: true, updateData: "[Function]", updateSchema: "[Function]", onSelect: "[Function]", onSelectAll: "[Function]", updateSortingList: "[Function]", updateFilterList: "[Function]"

    ✓ 
  totalRecords: 10, page: 20, pageSize: 15, loading: false, error: true, showHead: true, showMenu: true, draggable: false, nestedRows: true, withPagination: true, withCheckbox: true, headCellTooltip: false, separator: false, showFilters: false, updateData: "[Function]", updateSchema: "[Function]", onSelect: "[Function]", onSelectAll: "[Function]", updateSortingList: "[Function]", updateFilterList: "[Function]"

    ✓ 
  totalRecords: 10, page: 20, pageSize: 15, loading: false, error: true, showHead: true, showMenu: true, draggable: false, nestedRows: true, withPagination: true, withCheckbox: false, headCellTooltip: true, separator: true, showFilters: true, updateData: "[Function]", updateSchema: "[Function]", onSelect: "[Function]", onSelectAll: "[Function]", updateSortingList: "[Function]", updateFilterList: "[Function]"
 (1ms)
    ✓ 
  totalRecords: 10, page: 20, pageSize: 15, loading: false, error: true, showHead: true, showMenu: true, draggable: false, nestedRows: true, withPagination: true, withCheckbox: false, headCellTooltip: true, separator: true, showFilters: false, updateData: "[Function]", updateSchema: "[Function]", onSelect: "[Function]", onSelectAll: "[Function]", updateSortingList: "[Function]", updateFilterList: "[Function]"

    ✓ 
  totalRecords: 10, page: 20, pageSize: 15, loading: false, error: true, showHead: true, showMenu: true, draggable: false, nestedRows: true, withPagination: true, withCheckbox: false, headCellTooltip: true, separator: false, showFilters: true, updateData: "[Function]", updateSchema: "[Function]", onSelect: "[Function]", onSelectAll: "[Function]", updateSortingList: "[Function]", updateFilterList: "[Function]"
 (1ms)
    ✓ 
  totalRecords: 10, page: 20, pageSize: 15, loading: false, error: true, showHead: true, showMenu: true, draggable: false, nestedRows: true, withPagination: true, withCheckbox: false, headCellTooltip: true, separator: false, showFilters: false, updateData: "[Function]", updateSchema: "[Function]", onSelect: "[Function]", onSelectAll: "[Function]", updateSortingList: "[Function]", updateFilterList: "[Function]"

    ✓ 
  totalRecords: 10, page: 20, pageSize: 15, loading: false, error: true, showHead: true, showMenu: true, draggable: false, nestedRows: true, withPagination: true, withCheckbox: false, headCellTooltip: false, separator: true, showFilters: true, updateData: "[Function]", updateSchema: "[Function]", onSelect: "[Function]", onSelectAll: "[Function]", updateSortingList: "[Function]", updateFilterList: "[Function]"
 (1ms)
    ✓ 
  totalRecords: 10, page: 20, pageSize: 15, loading: false, error: true, showHead: true, showMenu: true, draggable: false, nestedRows: true, withPagination: true, withCheckbox: false, headCellTooltip: false, separator: true, showFilters: false, updateData: "[Function]", updateSchema: "[Function]", onSelect: "[Function]", onSelectAll: "[Function]", updateSortingList: "[Function]", updateFilterList: "[Function]"
 (1ms)
    ✓ 
  totalRecords: 10, page: 20, pageSize: 15, loading: false, error: true, showHead: true, showMenu: true, draggable: false, nestedRows: true, withPagination: true, withCheckbox: false, headCellTooltip: false, separator: false, showFilters: true, updateData: "[Function]", updateSchema: "[Function]", onSelect: "[Function]", onSelectAll: "[Function]", updateSortingList: "[Function]", updateFilterList: "[Function]"
 (1ms)
    ✓ 
  totalRecords: 10, page: 20, pageSize: 15, loading: false, error: true, showHead: true, showMenu: true, draggable: false, nestedRows: true, withPagination: true, withCheckbox: false, headCellTooltip: false, separator: false, showFilters: false, updateData: "[Function]", updateSchema: "[Function]", onSelect: "[Function]", onSelectAll: "[Function]", updateSortingList: "[Function]", updateFilterList: "[Function]"
 (1ms)
    ✓ 
  totalRecords: 10, page: 20, pageSize: 15, loading: false, error: true, showHead: true, showMenu: true, draggable: false, nestedRows: true, withPagination: false, withCheckbox: true, headCellTooltip: true, separator: true, showFilters: true, updateData: "[Function]", updateSchema: "[Function]", onSelect: "[Function]", onSelectAll: "[Function]", updateSortingList: "[Function]", updateFilterList: "[Function]"
 (1ms)
    ✓ 
  totalRecords: 10, page: 20, pageSize: 15, loading: false, error: true, showHead: true, showMenu: true, draggable: false, nestedRows: true, withPagination: false, withCheckbox: true, headCellTooltip: true, separator: true, showFilters: false, updateData: "[Function]", updateSchema: "[Function]", onSelect: "[Function]", onSelectAll: "[Function]", updateSortingList: "[Function]", updateFilterList: "[Function]"
 (2ms)
    ✓ 
  totalRecords: 10, page: 20, pageSize: 15, loading: false, error: true, showHead: true, showMenu: true, draggable: false, nestedRows: true, withPagination: false, withCheckbox: true, headCellTooltip: true, separator: false, showFilters: true, updateData: "[Function]", updateSchema: "[Function]", onSelect: "[Function]", onSelectAll: "[Function]", updateSortingList: "[Function]", updateFilterList: "[Function]"

    ✓ 
  totalRecords: 10, page: 20, pageSize: 15, loading: false, error: true, showHead: true, showMenu: true, draggable: false, nestedRows: true, withPagination: false, withCheckbox: true, headCellTooltip: true, separator: false, showFilters: false, updateData: "[Function]", updateSchema: "[Function]", onSelect: "[Function]", onSelectAll: "[Function]", updateSortingList: "[Function]", updateFilterList: "[Function]"

    ✓ 
  totalRecords: 10, page: 20, pageSize: 15, loading: false, error: true, showHead: true, showMenu: true, draggable: false, nestedRows: true, withPagination: false, withCheckbox: true, headCellTooltip: false, separator: true, showFilters: true, updateData: "[Function]", updateSchema: "[Function]", onSelect: "[Function]", onSelectAll: "[Function]", updateSortingList: "[Function]", updateFilterList: "[Function]"
 (1ms)
    ✓ 
  totalRecords: 10, page: 20, pageSize: 15, loading: false, error: true, showHead: true, showMenu: true, draggable: false, nestedRows: true, withPagination: false, withCheckbox: true, headCellTooltip: false, separator: true, showFilters: false, updateData: "[Function]", updateSchema: "[Function]", onSelect: "[Function]", onSelectAll: "[Function]", updateSortingList: "[Function]", updateFilterList: "[Function]"

    ✓ 
  totalRecords: 10, page: 20, pageSize: 15, loading: false, error: true, showHead: true, showMenu: true, draggable: false, nestedRows: true, withPagination: false, withCheckbox: true, headCellTooltip: false, separator: false, showFilters: true, updateData: "[Function]", updateSchema: "[Function]", onSelect: "[Function]", onSelectAll: "[Function]", updateSortingList: "[Function]", updateFilterList: "[Function]"
 (3ms)
    ✓ 
  totalRecords: 10, page: 20, pageSize: 15, loading: false, error: true, showHead: true, showMenu: true, draggable: false, nestedRows: true, withPagination: false, withCheckbox: true, headCellTooltip: false, separator: false, showFilters: false, updateData: "[Function]", updateSchema: "[Function]", onSelect: "[Function]", onSelectAll: "[Function]", updateSortingList: "[Function]", updateFilterList: "[Function]"
 (2ms)
    ✓ 
  totalRecords: 10, page: 20, pageSize: 15, loading: false, error: true, showHead: true, showMenu: true, draggable: false, nestedRows: true, withPagination: false, withCheckbox: false, headCellTooltip: true, separator: true, showFilters: true, updateData: "[Function]", updateSchema: "[Function]", onSelect: "[Function]", onSelectAll: "[Function]", updateSortingList: "[Function]", updateFilterList: "[Function]"
 (2ms)
    ✓ 
  totalRecords: 10, page: 20, pageSize: 15, loading: false, error: true, showHead: true, showMenu: true, draggable: false, nestedRows: true, withPagination: false, withCheckbox: false, headCellTooltip: true, separator: true, showFilters: false, updateData: "[Function]", updateSchema: "[Function]", onSelect: "[Function]", onSelectAll: "[Function]", updateSortingList: "[Function]", updateFilterList: "[Function]"
 (2ms)
    ✓ 
  totalRecords: 10, page: 20, pageSize: 15, loading: false, error: true, showHead: true, showMenu: true, draggable: false, nestedRows: true, withPagination: false, withCheckbox: false, headCellTooltip: true, separator: false, showFilters: true, updateData: "[Function]", updateSchema: "[Function]", onSelect: "[Function]", onSelectAll: "[Function]", updateSortingList: "[Function]", updateFilterList: "[Function]"
 (2ms)
    ✓ 
  totalRecords: 10, page: 20, pageSize: 15, loading: false, error: true, showHead: true, showMenu: true, draggable: false, nestedRows: true, withPagination: false, withCheckbox: false, headCellTooltip: true, separator: false, showFilters: false, updateData: "[Function]", updateSchema: "[Function]", onSelect: "[Function]", onSelectAll: "[Function]", updateSortingList: "[Function]", updateFilterList: "[Function]"
 (2ms)
    ✓ 
  totalRecords: 10, page: 20, pageSize: 15, loading: false, error: true, showHead: true, showMenu: true, draggable: false, nestedRows: true, withPagination: false, withCheckbox: false, headCellTooltip: false, separator: true, showFilters: true, updateData: "[Function]", updateSchema: "[Function]", onSelect: "[Function]", onSelectAll: "[Function]", updateSortingList: "[Function]", updateFilterList: "[Function]"

    ✓ 
  totalRecords: 10, page: 20, pageSize: 15, loading: false, error: true, showHead: true, showMenu: true, draggable: false, nestedRows: true, withPagination: false, withCheckbox: false, headCellTooltip: false, separator: true, showFilters: false, updateData: "[Function]", updateSchema: "[Function]", onSelect: "[Function]", onSelectAll: "[Function]", updateSortingList: "[Function]", updateFilterList: "[Function]"
 (2ms)
    ✓ 
  totalRecords: 10, page: 20, pageSize: 15, loading: false, error: true, showHead: true, showMenu: true, draggable: false, nestedRows: true, withPagination: false, withCheckbox: false, headCellTooltip: false, separator: false, showFilters: true, updateData: "[Function]", updateSchema: "[Function]", onSelect: "[Function]", onSelectAll: "[Function]", updateSortingList: "[Function]", updateFilterList: "[Function]"

    ✓ 
  totalRecords: 10, page: 20, pageSize: 15, loading: false, error: true, showHead: true, showMenu: true, draggable: false, nestedRows: true, withPagination: false, withCheckbox: false, headCellTooltip: false, separator: false, showFilters: false, updateData: "[Function]", updateSchema: "[Function]", onSelect: "[Function]", onSelectAll: "[Function]", updateSortingList: "[Function]", updateFilterList: "[Function]"
 (2ms)
    ✓ 
  totalRecords: 10, page: 20, pageSize: 15, loading: false, error: true, showHead: true, showMenu: true, draggable: false, nestedRows: false, withPagination: true, withCheckbox: true, headCellTooltip: true, separator: true, showFilters: true, updateData: "[Function]", updateSchema: "[Function]", onSelect: "[Function]", onSelectAll: "[Function]", updateSortingList: "[Function]", updateFilterList: "[Function]"
 (2ms)
    ✓ 
  totalRecords: 10, page: 20, pageSize: 15, loading: false, error: true, showHead: true, showMenu: true, draggable: false, nestedRows: false, withPagination: true, withCheckbox: true, headCellTooltip: true, separator: true, showFilters: false, updateData: "[Function]", updateSchema: "[Function]", onSelect: "[Function]", onSelectAll: "[Function]", updateSortingList: "[Function]", updateFilterList: "[Function]"
 (2ms)
    ✓ 
  totalRecords: 10, page: 20, pageSize: 15, loading: false, error: true, showHead: true, showMenu: true, draggable: false, nestedRows: false, withPagination: true, withCheckbox: true, headCellTooltip: true, separator: false, showFilters: true, updateData: "[Function]", updateSchema: "[Function]", onSelect: "[Function]", onSelectAll: "[Function]", updateSortingList: "[Function]", updateFilterList: "[Function]"
 (2ms)
    ✓ 
  totalRecords: 10, page: 20, pageSize: 15, loading: false, error: true, showHead: true, showMenu: true, draggable: false, nestedRows: false, withPagination: true, withCheckbox: true, headCellTooltip: true, separator: false, showFilters: false, updateData: "[Function]", updateSchema: "[Function]", onSelect: "[Function]", onSelectAll: "[Function]", updateSortingList: "[Function]", updateFilterList: "[Function]"

    ✓ 
  totalRecords: 10, page: 20, pageSize: 15, loading: false, error: true, showHead: true, showMenu: true, draggable: false, nestedRows: false, withPagination: true, withCheckbox: true, headCellTooltip: false, separator: true, showFilters: true, updateData: "[Function]", updateSchema: "[Function]", onSelect: "[Function]", onSelectAll: "[Function]", updateSortingList: "[Function]", updateFilterList: "[Function]"
 (1ms)
    ✓ 
  totalRecords: 10, page: 20, pageSize: 15, loading: false, error: true, showHead: true, showMenu: true, draggable: false, nestedRows: false, withPagination: true, withCheckbox: true, headCellTooltip: false, separator: true, showFilters: false, updateData: "[Function]", updateSchema: "[Function]", onSelect: "[Function]", onSelectAll: "[Function]", updateSortingList: "[Function]", updateFilterList: "[Function]"
 (1ms)
    ✓ 
  totalRecords: 10, page: 20, pageSize: 15, loading: false, error: true, showHead: true, showMenu: true, draggable: false, nestedRows: false, withPagination: true, withCheckbox: true, headCellTooltip: false, separator: false, showFilters: true, updateData: "[Function]", updateSchema: "[Function]", onSelect: "[Function]", onSelectAll: "[Function]", updateSortingList: "[Function]", updateFilterList: "[Function]"
 (1ms)
    ✓ 
  totalRecords: 10, page: 20, pageSize: 15, loading: false, error: true, showHead: true, showMenu: true, draggable: false, nestedRows: false, withPagination: true, withCheckbox: true, headCellTooltip: false, separator: false, showFilters: false, updateData: "[Function]", updateSchema: "[Function]", onSelect: "[Function]", onSelectAll: "[Function]", updateSortingList: "[Function]", updateFilterList: "[Function]"

    ✓ 
  totalRecords: 10, page: 20, pageSize: 15, loading: false, error: true, showHead: true, showMenu: true, draggable: false, nestedRows: false, withPagination: true, withCheckbox: false, headCellTooltip: true, separator: true, showFilters: true, updateData: "[Function]", updateSchema: "[Function]", onSelect: "[Function]", onSelectAll: "[Function]", updateSortingList: "[Function]", updateFilterList: "[Function]"
 (1ms)
    ✓ 
  totalRecords: 10, page: 20, pageSize: 15, loading: false, error: true, showHead: true, showMenu: true, draggable: false, nestedRows: false, withPagination: true, withCheckbox: false, headCellTooltip: true, separator: true, showFilters: false, updateData: "[Function]", updateSchema: "[Function]", onSelect: "[Function]", onSelectAll: "[Function]", updateSortingList: "[Function]", updateFilterList: "[Function]"
 (1ms)
    ✓ 
  totalRecords: 10, page: 20, pageSize: 15, loading: false, error: true, showHead: true, showMenu: true, draggable: false, nestedRows: false, withPagination: true, withCheckbox: false, headCellTooltip: true, separator: false, showFilters: true, updateData: "[Function]", updateSchema: "[Function]", onSelect: "[Function]", onSelectAll: "[Function]", updateSortingList: "[Function]", updateFilterList: "[Function]"

    ✓ 
  totalRecords: 10, page: 20, pageSize: 15, loading: false, error: true, showHead: true, showMenu: true, draggable: false, nestedRows: false, withPagination: true, withCheckbox: false, headCellTooltip: true, separator: false, showFilters: false, updateData: "[Function]", updateSchema: "[Function]", onSelect: "[Function]", onSelectAll: "[Function]", updateSortingList: "[Function]", updateFilterList: "[Function]"
 (2ms)
    ✓ 
  totalRecords: 10, page: 20, pageSize: 15, loading: false, error: true, showHead: true, showMenu: true, draggable: false, nestedRows: false, withPagination: true, withCheckbox: false, headCellTooltip: false, separator: true, showFilters: true, updateData: "[Function]", updateSchema: "[Function]", onSelect: "[Function]", onSelectAll: "[Function]", updateSortingList: "[Function]", updateFilterList: "[Function]"

    ✓ 
  totalRecords: 10, page: 20, pageSize: 15, loading: false, error: true, showHead: true, showMenu: true, draggable: false, nestedRows: false, withPagination: true, withCheckbox: false, headCellTooltip: false, separator: true, showFilters: false, updateData: "[Function]", updateSchema: "[Function]", onSelect: "[Function]", onSelectAll: "[Function]", updateSortingList: "[Function]", updateFilterList: "[Function]"
 (1ms)
    ✓ 
  totalRecords: 10, page: 20, pageSize: 15, loading: false, error: true, showHead: true, showMenu: true, draggable: false, nestedRows: false, withPagination: true, withCheckbox: false, headCellTooltip: false, separator: false, showFilters: true, updateData: "[Function]", updateSchema: "[Function]", onSelect: "[Function]", onSelectAll: "[Function]", updateSortingList: "[Function]", updateFilterList: "[Function]"
 (1ms)
    ✓ 
  totalRecords: 10, page: 20, pageSize: 15, loading: false, error: true, showHead: true, showMenu: true, draggable: false, nestedRows: false, withPagination: true, withCheckbox: false, headCellTooltip: false, separator: false, showFilters: false, updateData: "[Function]", updateSchema: "[Function]", onSelect: "[Function]", onSelectAll: "[Function]", updateSortingList: "[Function]", updateFilterList: "[Function]"
 (1ms)
    ✓ 
  totalRecords: 10, page: 20, pageSize: 15, loading: false, error: true, showHead: true, showMenu: true, draggable: false, nestedRows: false, withPagination: false, withCheckbox: true, headCellTooltip: true, separator: true, showFilters: true, updateData: "[Function]", updateSchema: "[Function]", onSelect: "[Function]", onSelectAll: "[Function]", updateSortingList: "[Function]", updateFilterList: "[Function]"

    ✓ 
  totalRecords: 10, page: 20, pageSize: 15, loading: false, error: true, showHead: true, showMenu: true, draggable: false, nestedRows: false, withPagination: false, withCheckbox: true, headCellTooltip: true, separator: true, showFilters: false, updateData: "[Function]", updateSchema: "[Function]", onSelect: "[Function]", onSelectAll: "[Function]", updateSortingList: "[Function]", updateFilterList: "[Function]"
 (1ms)
    ✓ 
  totalRecords: 10, page: 20, pageSize: 15, loading: false, error: true, showHead: true, showMenu: true, draggable: false, nestedRows: false, withPagination: false, withCheckbox: true, headCellTooltip: true, separator: false, showFilters: true, updateData: "[Function]", updateSchema: "[Function]", onSelect: "[Function]", onSelectAll: "[Function]", updateSortingList: "[Function]", updateFilterList: "[Function]"

    ✓ 
  totalRecords: 10, page: 20, pageSize: 15, loading: false, error: true, showHead: true, showMenu: true, draggable: false, nestedRows: false, withPagination: false, withCheckbox: true, headCellTooltip: true, separator: false, showFilters: false, updateData: "[Function]", updateSchema: "[Function]", onSelect: "[Function]", onSelectAll: "[Function]", updateSortingList: "[Function]", updateFilterList: "[Function]"

    ✓ 
  totalRecords: 10, page: 20, pageSize: 15, loading: false, error: true, showHead: true, showMenu: true, draggable: false, nestedRows: false, withPagination: false, withCheckbox: true, headCellTooltip: false, separator: true, showFilters: true, updateData: "[Function]", updateSchema: "[Function]", onSelect: "[Function]", onSelectAll: "[Function]", updateSortingList: "[Function]", updateFilterList: "[Function]"
 (1ms)
    ✓ 
  totalRecords: 10, page: 20, pageSize: 15, loading: false, error: true, showHead: true, showMenu: true, draggable: false, nestedRows: false, withPagination: false, withCheckbox: true, headCellTooltip: false, separator: true, showFilters: false, updateData: "[Function]", updateSchema: "[Function]", onSelect: "[Function]", onSelectAll: "[Function]", updateSortingList: "[Function]", updateFilterList: "[Function]"
 (1ms)
    ✓ 
  totalRecords: 10, page: 20, pageSize: 15, loading: false, error: true, showHead: true, showMenu: true, draggable: false, nestedRows: false, withPagination: false, withCheckbox: true, headCellTooltip: false, separator: false, showFilters: true, updateData: "[Function]", updateSchema: "[Function]", onSelect: "[Function]", onSelectAll: "[Function]", updateSortingList: "[Function]", updateFilterList: "[Function]"

    ✓ 
  totalRecords: 10, page: 20, pageSize: 15, loading: false, error: true, showHead: true, showMenu: true, draggable: false, nestedRows: false, withPagination: false, withCheckbox: true, headCellTooltip: false, separator: false, showFilters: false, updateData: "[Function]", updateSchema: "[Function]", onSelect: "[Function]", onSelectAll: "[Function]", updateSortingList: "[Function]", updateFilterList: "[Function]"
 (1ms)
    ✓ 
  totalRecords: 10, page: 20, pageSize: 15, loading: false, error: true, showHead: true, showMenu: true, draggable: false, nestedRows: false, withPagination: false, withCheckbox: false, headCellTooltip: true, separator: true, showFilters: true, updateData: "[Function]", updateSchema: "[Function]", onSelect: "[Function]", onSelectAll: "[Function]", updateSortingList: "[Function]", updateFilterList: "[Function]"
 (1ms)
    ✓ 
  totalRecords: 10, page: 20, pageSize: 15, loading: false, error: true, showHead: true, showMenu: true, draggable: false, nestedRows: false, withPagination: false, withCheckbox: false, headCellTooltip: true, separator: true, showFilters: false, updateData: "[Function]", updateSchema: "[Function]", onSelect: "[Function]", onSelectAll: "[Function]", updateSortingList: "[Function]", updateFilterList: "[Function]"
 (2ms)
    ✓ 
  totalRecords: 10, page: 20, pageSize: 15, loading: false, error: true, showHead: true, showMenu: true, draggable: false, nestedRows: false, withPagination: false, withCheckbox: false, headCellTooltip: true, separator: false, showFilters: true, updateData: "[Function]", updateSchema: "[Function]", onSelect: "[Function]", onSelectAll: "[Function]", updateSortingList: "[Function]", updateFilterList: "[Function]"
 (1ms)
    ✓ 
  totalRecords: 10, page: 20, pageSize: 15, loading: false, error: true, showHead: true, showMenu: true, draggable: false, nestedRows: false, withPagination: false, withCheckbox: false, headCellTooltip: true, separator: false, showFilters: false, updateData: "[Function]", updateSchema: "[Function]", onSelect: "[Function]", onSelectAll: "[Function]", updateSortingList: "[Function]", updateFilterList: "[Function]"
 (1ms)
    ✓ 
  totalRecords: 10, page: 20, pageSize: 15, loading: false, error: true, showHead: true, showMenu: true, draggable: false, nestedRows: false, withPagination: false, withCheckbox: false, headCellTooltip: false, separator: true, showFilters: true, updateData: "[Function]", updateSchema: "[Function]", onSelect: "[Function]", onSelectAll: "[Function]", updateSortingList: "[Function]", updateFilterList: "[Function]"
 (1ms)
    ✓ 
  totalRecords: 10, page: 20, pageSize: 15, loading: false, error: true, showHead: true, showMenu: true, draggable: false, nestedRows: false, withPagination: false, withCheckbox: false, headCellTooltip: false, separator: true, showFilters: false, updateData: "[Function]", updateSchema: "[Function]", onSelect: "[Function]", onSelectAll: "[Function]", updateSortingList: "[Function]", updateFilterList: "[Function]"
 (1ms)
    ✓ 
  totalRecords: 10, page: 20, pageSize: 15, loading: false, error: true, showHead: true, showMenu: true, draggable: false, nestedRows: false, withPagination: false, withCheckbox: false, headCellTooltip: false, separator: false, showFilters: true, updateData: "[Function]", updateSchema: "[Function]", onSelect: "[Function]", onSelectAll: "[Function]", updateSortingList: "[Function]", updateFilterList: "[Function]"
 (2ms)
    ✓ 
  totalRecords: 10, page: 20, pageSize: 15, loading: false, error: true, showHead: true, showMenu: true, draggable: false, nestedRows: false, withPagination: false, withCheckbox: false, headCellTooltip: false, separator: false, showFilters: false, updateData: "[Function]", updateSchema: "[Function]", onSelect: "[Function]", onSelectAll: "[Function]", updateSortingList: "[Function]", updateFilterList: "[Function]"
 (1ms)
    ✓ 
  totalRecords: 10, page: 20, pageSize: 15, loading: false, error: true, showHead: true, showMenu: false, draggable: true, nestedRows: true, withPagination: true, withCheckbox: true, headCellTooltip: true, separator: true, showFilters: true, updateData: "[Function]", updateSchema: "[Function]", onSelect: "[Function]", onSelectAll: "[Function]", updateSortingList: "[Function]", updateFilterList: "[Function]"
 (1ms)
    ✓ 
  totalRecords: 10, page: 20, pageSize: 15, loading: false, error: true, showHead: true, showMenu: false, draggable: true, nestedRows: true, withPagination: true, withCheckbox: true, headCellTooltip: true, separator: true, showFilters: false, updateData: "[Function]", updateSchema: "[Function]", onSelect: "[Function]", onSelectAll: "[Function]", updateSortingList: "[Function]", updateFilterList: "[Function]"
 (1ms)
    ✓ 
  totalRecords: 10, page: 20, pageSize: 15, loading: false, error: true, showHead: true, showMenu: false, draggable: true, nestedRows: true, withPagination: true, withCheckbox: true, headCellTooltip: true, separator: false, showFilters: true, updateData: "[Function]", updateSchema: "[Function]", onSelect: "[Function]", onSelectAll: "[Function]", updateSortingList: "[Function]", updateFilterList: "[Function]"

    ✓ 
  totalRecords: 10, page: 20, pageSize: 15, loading: false, error: true, showHead: true, showMenu: false, draggable: true, nestedRows: true, withPagination: true, withCheckbox: true, headCellTooltip: true, separator: false, showFilters: false, updateData: "[Function]", updateSchema: "[Function]", onSelect: "[Function]", onSelectAll: "[Function]", updateSortingList: "[Function]", updateFilterList: "[Function]"
 (1ms)
    ✓ 
  totalRecords: 10, page: 20, pageSize: 15, loading: false, error: true, showHead: true, showMenu: false, draggable: true, nestedRows: true, withPagination: true, withCheckbox: true, headCellTooltip: false, separator: true, showFilters: true, updateData: "[Function]", updateSchema: "[Function]", onSelect: "[Function]", onSelectAll: "[Function]", updateSortingList: "[Function]", updateFilterList: "[Function]"
 (1ms)
    ✓ 
  totalRecords: 10, page: 20, pageSize: 15, loading: false, error: true, showHead: true, showMenu: false, draggable: true, nestedRows: true, withPagination: true, withCheckbox: true, headCellTooltip: false, separator: true, showFilters: false, updateData: "[Function]", updateSchema: "[Function]", onSelect: "[Function]", onSelectAll: "[Function]", updateSortingList: "[Function]", updateFilterList: "[Function]"

    ✓ 
  totalRecords: 10, page: 20, pageSize: 15, loading: false, error: true, showHead: true, showMenu: false, draggable: true, nestedRows: true, withPagination: true, withCheckbox: true, headCellTooltip: false, separator: false, showFilters: true, updateData: "[Function]", updateSchema: "[Function]", onSelect: "[Function]", onSelectAll: "[Function]", updateSortingList: "[Function]", updateFilterList: "[Function]"
 (3ms)
    ✓ 
  totalRecords: 10, page: 20, pageSize: 15, loading: false, error: true, showHead: true, showMenu: false, draggable: true, nestedRows: true, withPagination: true, withCheckbox: true, headCellTooltip: false, separator: false, showFilters: false, updateData: "[Function]", updateSchema: "[Function]", onSelect: "[Function]", onSelectAll: "[Function]", updateSortingList: "[Function]", updateFilterList: "[Function]"

    ✓ 
  totalRecords: 10, page: 20, pageSize: 15, loading: false, error: true, showHead: true, showMenu: false, draggable: true, nestedRows: true, withPagination: true, withCheckbox: false, headCellTooltip: true, separator: true, showFilters: true, updateData: "[Function]", updateSchema: "[Function]", onSelect: "[Function]", onSelectAll: "[Function]", updateSortingList: "[Function]", updateFilterList: "[Function]"
 (1ms)
    ✓ 
  totalRecords: 10, page: 20, pageSize: 15, loading: false, error: true, showHead: true, showMenu: false, draggable: true, nestedRows: true, withPagination: true, withCheckbox: false, headCellTooltip: true, separator: true, showFilters: false, updateData: "[Function]", updateSchema: "[Function]", onSelect: "[Function]", onSelectAll: "[Function]", updateSortingList: "[Function]", updateFilterList: "[Function]"
 (2ms)
    ✓ 
  totalRecords: 10, page: 20, pageSize: 15, loading: false, error: true, showHead: true, showMenu: false, draggable: true, nestedRows: true, withPagination: true, withCheckbox: false, headCellTooltip: true, separator: false, showFilters: true, updateData: "[Function]", updateSchema: "[Function]", onSelect: "[Function]", onSelectAll: "[Function]", updateSortingList: "[Function]", updateFilterList: "[Function]"
 (1ms)
    ✓ 
  totalRecords: 10, page: 20, pageSize: 15, loading: false, error: true, showHead: true, showMenu: false, draggable: true, nestedRows: true, withPagination: true, withCheckbox: false, headCellTooltip: true, separator: false, showFilters: false, updateData: "[Function]", updateSchema: "[Function]", onSelect: "[Function]", onSelectAll: "[Function]", updateSortingList: "[Function]", updateFilterList: "[Function]"

    ✓ 
  totalRecords: 10, page: 20, pageSize: 15, loading: false, error: true, showHead: true, showMenu: false, draggable: true, nestedRows: true, withPagination: true, withCheckbox: false, headCellTooltip: false, separator: true, showFilters: true, updateData: "[Function]", updateSchema: "[Function]", onSelect: "[Function]", onSelectAll: "[Function]", updateSortingList: "[Function]", updateFilterList: "[Function]"
 (1ms)
    ✓ 
  totalRecords: 10, page: 20, pageSize: 15, loading: false, error: true, showHead: true, showMenu: false, draggable: true, nestedRows: true, withPagination: true, withCheckbox: false, headCellTooltip: false, separator: true, showFilters: false, updateData: "[Function]", updateSchema: "[Function]", onSelect: "[Function]", onSelectAll: "[Function]", updateSortingList: "[Function]", updateFilterList: "[Function]"
 (1ms)
    ✓ 
  totalRecords: 10, page: 20, pageSize: 15, loading: false, error: true, showHead: true, showMenu: false, draggable: true, nestedRows: true, withPagination: true, withCheckbox: false, headCellTooltip: false, separator: false, showFilters: true, updateData: "[Function]", updateSchema: "[Function]", onSelect: "[Function]", onSelectAll: "[Function]", updateSortingList: "[Function]", updateFilterList: "[Function]"
 (2ms)
    ✓ 
  totalRecords: 10, page: 20, pageSize: 15, loading: false, error: true, showHead: true, showMenu: false, draggable: true, nestedRows: true, withPagination: true, withCheckbox: false, headCellTooltip: false, separator: false, showFilters: false, updateData: "[Function]", updateSchema: "[Function]", onSelect: "[Function]", onSelectAll: "[Function]", updateSortingList: "[Function]", updateFilterList: "[Function]"
 (1ms)
    ✓ 
  totalRecords: 10, page: 20, pageSize: 15, loading: false, error: true, showHead: true, showMenu: false, draggable: true, nestedRows: true, withPagination: false, withCheckbox: true, headCellTooltip: true, separator: true, showFilters: true, updateData: "[Function]", updateSchema: "[Function]", onSelect: "[Function]", onSelectAll: "[Function]", updateSortingList: "[Function]", updateFilterList: "[Function]"
 (1ms)
    ✓ 
  totalRecords: 10, page: 20, pageSize: 15, loading: false, error: true, showHead: true, showMenu: false, draggable: true, nestedRows: true, withPagination: false, withCheckbox: true, headCellTooltip: true, separator: true, showFilters: false, updateData: "[Function]", updateSchema: "[Function]", onSelect: "[Function]", onSelectAll: "[Function]", updateSortingList: "[Function]", updateFilterList: "[Function]"
 (1ms)
    ✓ 
  totalRecords: 10, page: 20, pageSize: 15, loading: false, error: true, showHead: true, showMenu: false, draggable: true, nestedRows: true, withPagination: false, withCheckbox: true, headCellTooltip: true, separator: false, showFilters: true, updateData: "[Function]", updateSchema: "[Function]", onSelect: "[Function]", onSelectAll: "[Function]", updateSortingList: "[Function]", updateFilterList: "[Function]"
 (1ms)
    ✓ 
  totalRecords: 10, page: 20, pageSize: 15, loading: false, error: true, showHead: true, showMenu: false, draggable: true, nestedRows: true, withPagination: false, withCheckbox: true, headCellTooltip: true, separator: false, showFilters: false, updateData: "[Function]", updateSchema: "[Function]", onSelect: "[Function]", onSelectAll: "[Function]", updateSortingList: "[Function]", updateFilterList: "[Function]"

    ✓ 
  totalRecords: 10, page: 20, pageSize: 15, loading: false, error: true, showHead: true, showMenu: false, draggable: true, nestedRows: true, withPagination: false, withCheckbox: true, headCellTooltip: false, separator: true, showFilters: true, updateData: "[Function]", updateSchema: "[Function]", onSelect: "[Function]", onSelectAll: "[Function]", updateSortingList: "[Function]", updateFilterList: "[Function]"
 (1ms)
    ✓ 
  totalRecords: 10, page: 20, pageSize: 15, loading: false, error: true, showHead: true, showMenu: false, draggable: true, nestedRows: true, withPagination: false, withCheckbox: true, headCellTooltip: false, separator: true, showFilters: false, updateData: "[Function]", updateSchema: "[Function]", onSelect: "[Function]", onSelectAll: "[Function]", updateSortingList: "[Function]", updateFilterList: "[Function]"
 (1ms)
    ✓ 
  totalRecords: 10, page: 20, pageSize: 15, loading: false, error: true, showHead: true, showMenu: false, draggable: true, nestedRows: true, withPagination: false, withCheckbox: true, headCellTooltip: false, separator: false, showFilters: true, updateData: "[Function]", updateSchema: "[Function]", onSelect: "[Function]", onSelectAll: "[Function]", updateSortingList: "[Function]", updateFilterList: "[Function]"

    ✓ 
  totalRecords: 10, page: 20, pageSize: 15, loading: false, error: true, showHead: true, showMenu: false, draggable: true, nestedRows: true, withPagination: false, withCheckbox: true, headCellTooltip: false, separator: false, showFilters: false, updateData: "[Function]", updateSchema: "[Function]", onSelect: "[Function]", onSelectAll: "[Function]", updateSortingList: "[Function]", updateFilterList: "[Function]"
 (1ms)
    ✓ 
  totalRecords: 10, page: 20, pageSize: 15, loading: false, error: true, showHead: true, showMenu: false, draggable: true, nestedRows: true, withPagination: false, withCheckbox: false, headCellTooltip: true, separator: true, showFilters: true, updateData: "[Function]", updateSchema: "[Function]", onSelect: "[Function]", onSelectAll: "[Function]", updateSortingList: "[Function]", updateFilterList: "[Function]"

    ✓ 
  totalRecords: 10, page: 20, pageSize: 15, loading: false, error: true, showHead: true, showMenu: false, draggable: true, nestedRows: true, withPagination: false, withCheckbox: false, headCellTooltip: true, separator: true, showFilters: false, updateData: "[Function]", updateSchema: "[Function]", onSelect: "[Function]", onSelectAll: "[Function]", updateSortingList: "[Function]", updateFilterList: "[Function]"

    ✓ 
  totalRecords: 10, page: 20, pageSize: 15, loading: false, error: true, showHead: true, showMenu: false, draggable: true, nestedRows: true, withPagination: false, withCheckbox: false, headCellTooltip: true, separator: false, showFilters: true, updateData: "[Function]", updateSchema: "[Function]", onSelect: "[Function]", onSelectAll: "[Function]", updateSortingList: "[Function]", updateFilterList: "[Function]"
 (1ms)
    ✓ 
  totalRecords: 10, page: 20, pageSize: 15, loading: false, error: true, showHead: true, showMenu: false, draggable: true, nestedRows: true, withPagination: false, withCheckbox: false, headCellTooltip: true, separator: false, showFilters: false, updateData: "[Function]", updateSchema: "[Function]", onSelect: "[Function]", onSelectAll: "[Function]", updateSortingList: "[Function]", updateFilterList: "[Function]"

    ✓ 
  totalRecords: 10, page: 20, pageSize: 15, loading: false, error: true, showHead: true, showMenu: false, draggable: true, nestedRows: true, withPagination: false, withCheckbox: false, headCellTooltip: false, separator: true, showFilters: true, updateData: "[Function]", updateSchema: "[Function]", onSelect: "[Function]", onSelectAll: "[Function]", updateSortingList: "[Function]", updateFilterList: "[Function]"
 (3ms)
    ✓ 
  totalRecords: 10, page: 20, pageSize: 15, loading: false, error: true, showHead: true, showMenu: false, draggable: true, nestedRows: true, withPagination: false, withCheckbox: false, headCellTooltip: false, separator: true, showFilters: false, updateData: "[Function]", updateSchema: "[Function]", onSelect: "[Function]", onSelectAll: "[Function]", updateSortingList: "[Function]", updateFilterList: "[Function]"
 (1ms)
    ✓ 
  totalRecords: 10, page: 20, pageSize: 15, loading: false, error: true, showHead: true, showMenu: false, draggable: true, nestedRows: true, withPagination: false, withCheckbox: false, headCellTooltip: false, separator: false, showFilters: true, updateData: "[Function]", updateSchema: "[Function]", onSelect: "[Function]", onSelectAll: "[Function]", updateSortingList: "[Function]", updateFilterList: "[Function]"
 (1ms)
    ✓ 
  totalRecords: 10, page: 20, pageSize: 15, loading: false, error: true, showHead: true, showMenu: false, draggable: true, nestedRows: true, withPagination: false, withCheckbox: false, headCellTooltip: false, separator: false, showFilters: false, updateData: "[Function]", updateSchema: "[Function]", onSelect: "[Function]", onSelectAll: "[Function]", updateSortingList: "[Function]", updateFilterList: "[Function]"
 (2ms)
    ✓ 
  totalRecords: 10, page: 20, pageSize: 15, loading: false, error: true, showHead: true, showMenu: false, draggable: true, nestedRows: false, withPagination: true, withCheckbox: true, headCellTooltip: true, separator: true, showFilters: true, updateData: "[Function]", updateSchema: "[Function]", onSelect: "[Function]", onSelectAll: "[Function]", updateSortingList: "[Function]", updateFilterList: "[Function]"
 (2ms)
    ✓ 
  totalRecords: 10, page: 20, pageSize: 15, loading: false, error: true, showHead: true, showMenu: false, draggable: true, nestedRows: false, withPagination: true, withCheckbox: true, headCellTooltip: true, separator: true, showFilters: false, updateData: "[Function]", updateSchema: "[Function]", onSelect: "[Function]", onSelectAll: "[Function]", updateSortingList: "[Function]", updateFilterList: "[Function]"
 (1ms)
    ✓ 
  totalRecords: 10, page: 20, pageSize: 15, loading: false, error: true, showHead: true, showMenu: false, draggable: true, nestedRows: false, withPagination: true, withCheckbox: true, headCellTooltip: true, separator: false, showFilters: true, updateData: "[Function]", updateSchema: "[Function]", onSelect: "[Function]", onSelectAll: "[Function]", updateSortingList: "[Function]", updateFilterList: "[Function]"
 (1ms)
    ✓ 
  totalRecords: 10, page: 20, pageSize: 15, loading: false, error: true, showHead: true, showMenu: false, draggable: true, nestedRows: false, withPagination: true, withCheckbox: true, headCellTooltip: true, separator: false, showFilters: false, updateData: "[Function]", updateSchema: "[Function]", onSelect: "[Function]", onSelectAll: "[Function]", updateSortingList: "[Function]", updateFilterList: "[Function]"
 (1ms)
    ✓ 
  totalRecords: 10, page: 20, pageSize: 15, loading: false, error: true, showHead: true, showMenu: false, draggable: true, nestedRows: false, withPagination: true, withCheckbox: true, headCellTooltip: false, separator: true, showFilters: true, updateData: "[Function]", updateSchema: "[Function]", onSelect: "[Function]", onSelectAll: "[Function]", updateSortingList: "[Function]", updateFilterList: "[Function]"

    ✓ 
  totalRecords: 10, page: 20, pageSize: 15, loading: false, error: true, showHead: true, showMenu: false, draggable: true, nestedRows: false, withPagination: true, withCheckbox: true, headCellTooltip: false, separator: true, showFilters: false, updateData: "[Function]", updateSchema: "[Function]", onSelect: "[Function]", onSelectAll: "[Function]", updateSortingList: "[Function]", updateFilterList: "[Function]"
 (1ms)
    ✓ 
  totalRecords: 10, page: 20, pageSize: 15, loading: false, error: true, showHead: true, showMenu: false, draggable: true, nestedRows: false, withPagination: true, withCheckbox: true, headCellTooltip: false, separator: false, showFilters: true, updateData: "[Function]", updateSchema: "[Function]", onSelect: "[Function]", onSelectAll: "[Function]", updateSortingList: "[Function]", updateFilterList: "[Function]"

    ✓ 
  totalRecords: 10, page: 20, pageSize: 15, loading: false, error: true, showHead: true, showMenu: false, draggable: true, nestedRows: false, withPagination: true, withCheckbox: true, headCellTooltip: false, separator: false, showFilters: false, updateData: "[Function]", updateSchema: "[Function]", onSelect: "[Function]", onSelectAll: "[Function]", updateSortingList: "[Function]", updateFilterList: "[Function]"
 (1ms)
    ✓ 
  totalRecords: 10, page: 20, pageSize: 15, loading: false, error: true, showHead: true, showMenu: false, draggable: true, nestedRows: false, withPagination: true, withCheckbox: false, headCellTooltip: true, separator: true, showFilters: true, updateData: "[Function]", updateSchema: "[Function]", onSelect: "[Function]", onSelectAll: "[Function]", updateSortingList: "[Function]", updateFilterList: "[Function]"
 (1ms)
    ✓ 
  totalRecords: 10, page: 20, pageSize: 15, loading: false, error: true, showHead: true, showMenu: false, draggable: true, nestedRows: false, withPagination: true, withCheckbox: false, headCellTooltip: true, separator: true, showFilters: false, updateData: "[Function]", updateSchema: "[Function]", onSelect: "[Function]", onSelectAll: "[Function]", updateSortingList: "[Function]", updateFilterList: "[Function]"
 (1ms)
    ✓ 
  totalRecords: 10, page: 20, pageSize: 15, loading: false, error: true, showHead: true, showMenu: false, draggable: true, nestedRows: false, withPagination: true, withCheckbox: false, headCellTooltip: true, separator: false, showFilters: true, updateData: "[Function]", updateSchema: "[Function]", onSelect: "[Function]", onSelectAll: "[Function]", updateSortingList: "[Function]", updateFilterList: "[Function]"

    ✓ 
  totalRecords: 10, page: 20, pageSize: 15, loading: false, error: true, showHead: true, showMenu: false, draggable: true, nestedRows: false, withPagination: true, withCheckbox: false, headCellTooltip: true, separator: false, showFilters: false, updateData: "[Function]", updateSchema: "[Function]", onSelect: "[Function]", onSelectAll: "[Function]", updateSortingList: "[Function]", updateFilterList: "[Function]"
 (2ms)
    ✓ 
  totalRecords: 10, page: 20, pageSize: 15, loading: false, error: true, showHead: true, showMenu: false, draggable: true, nestedRows: false, withPagination: true, withCheckbox: false, headCellTooltip: false, separator: true, showFilters: true, updateData: "[Function]", updateSchema: "[Function]", onSelect: "[Function]", onSelectAll: "[Function]", updateSortingList: "[Function]", updateFilterList: "[Function]"

    ✓ 
  totalRecords: 10, page: 20, pageSize: 15, loading: false, error: true, showHead: true, showMenu: false, draggable: true, nestedRows: false, withPagination: true, withCheckbox: false, headCellTooltip: false, separator: true, showFilters: false, updateData: "[Function]", updateSchema: "[Function]", onSelect: "[Function]", onSelectAll: "[Function]", updateSortingList: "[Function]", updateFilterList: "[Function]"
 (1ms)
    ✓ 
  totalRecords: 10, page: 20, pageSize: 15, loading: false, error: true, showHead: true, showMenu: false, draggable: true, nestedRows: false, withPagination: true, withCheckbox: false, headCellTooltip: false, separator: false, showFilters: true, updateData: "[Function]", updateSchema: "[Function]", onSelect: "[Function]", onSelectAll: "[Function]", updateSortingList: "[Function]", updateFilterList: "[Function]"
 (1ms)
    ✓ 
  totalRecords: 10, page: 20, pageSize: 15, loading: false, error: true, showHead: true, showMenu: false, draggable: true, nestedRows: false, withPagination: true, withCheckbox: false, headCellTooltip: false, separator: false, showFilters: false, updateData: "[Function]", updateSchema: "[Function]", onSelect: "[Function]", onSelectAll: "[Function]", updateSortingList: "[Function]", updateFilterList: "[Function]"

    ✓ 
  totalRecords: 10, page: 20, pageSize: 15, loading: false, error: true, showHead: true, showMenu: false, draggable: true, nestedRows: false, withPagination: false, withCheckbox: true, headCellTooltip: true, separator: true, showFilters: true, updateData: "[Function]", updateSchema: "[Function]", onSelect: "[Function]", onSelectAll: "[Function]", updateSortingList: "[Function]", updateFilterList: "[Function]"
 (1ms)
    ✓ 
  totalRecords: 10, page: 20, pageSize: 15, loading: false, error: true, showHead: true, showMenu: false, draggable: true, nestedRows: false, withPagination: false, withCheckbox: true, headCellTooltip: true, separator: true, showFilters: false, updateData: "[Function]", updateSchema: "[Function]", onSelect: "[Function]", onSelectAll: "[Function]", updateSortingList: "[Function]", updateFilterList: "[Function]"
 (1ms)
    ✓ 
  totalRecords: 10, page: 20, pageSize: 15, loading: false, error: true, showHead: true, showMenu: false, draggable: true, nestedRows: false, withPagination: false, withCheckbox: true, headCellTooltip: true, separator: false, showFilters: true, updateData: "[Function]", updateSchema: "[Function]", onSelect: "[Function]", onSelectAll: "[Function]", updateSortingList: "[Function]", updateFilterList: "[Function]"
 (2ms)
    ✓ 
  totalRecords: 10, page: 20, pageSize: 15, loading: false, error: true, showHead: true, showMenu: false, draggable: true, nestedRows: false, withPagination: false, withCheckbox: true, headCellTooltip: true, separator: false, showFilters: false, updateData: "[Function]", updateSchema: "[Function]", onSelect: "[Function]", onSelectAll: "[Function]", updateSortingList: "[Function]", updateFilterList: "[Function]"
 (1ms)
    ✓ 
  totalRecords: 10, page: 20, pageSize: 15, loading: false, error: true, showHead: true, showMenu: false, draggable: true, nestedRows: false, withPagination: false, withCheckbox: true, headCellTooltip: false, separator: true, showFilters: true, updateData: "[Function]", updateSchema: "[Function]", onSelect: "[Function]", onSelectAll: "[Function]", updateSortingList: "[Function]", updateFilterList: "[Function]"
 (1ms)
    ✓ 
  totalRecords: 10, page: 20, pageSize: 15, loading: false, error: true, showHead: true, showMenu: false, draggable: true, nestedRows: false, withPagination: false, withCheckbox: true, headCellTooltip: false, separator: true, showFilters: false, updateData: "[Function]", updateSchema: "[Function]", onSelect: "[Function]", onSelectAll: "[Function]", updateSortingList: "[Function]", updateFilterList: "[Function]"
 (1ms)
    ✓ 
  totalRecords: 10, page: 20, pageSize: 15, loading: false, error: true, showHead: true, showMenu: false, draggable: true, nestedRows: false, withPagination: false, withCheckbox: true, headCellTooltip: false, separator: false, showFilters: true, updateData: "[Function]", updateSchema: "[Function]", onSelect: "[Function]", onSelectAll: "[Function]", updateSortingList: "[Function]", updateFilterList: "[Function]"
 (1ms)
    ✓ 
  totalRecords: 10, page: 20, pageSize: 15, loading: false, error: true, showHead: true, showMenu: false, draggable: true, nestedRows: false, withPagination: false, withCheckbox: true, headCellTooltip: false, separator: false, showFilters: false, updateData: "[Function]", updateSchema: "[Function]", onSelect: "[Function]", onSelectAll: "[Function]", updateSortingList: "[Function]", updateFilterList: "[Function]"
 (1ms)
    ✓ 
  totalRecords: 10, page: 20, pageSize: 15, loading: false, error: true, showHead: true, showMenu: false, draggable: true, nestedRows: false, withPagination: false, withCheckbox: false, headCellTooltip: true, separator: true, showFilters: true, updateData: "[Function]", updateSchema: "[Function]", onSelect: "[Function]", onSelectAll: "[Function]", updateSortingList: "[Function]", updateFilterList: "[Function]"
 (1ms)
    ✓ 
  totalRecords: 10, page: 20, pageSize: 15, loading: false, error: true, showHead: true, showMenu: false, draggable: true, nestedRows: false, withPagination: false, withCheckbox: false, headCellTooltip: true, separator: true, showFilters: false, updateData: "[Function]", updateSchema: "[Function]", onSelect: "[Function]", onSelectAll: "[Function]", updateSortingList: "[Function]", updateFilterList: "[Function]"
 (1ms)
    ✓ 
  totalRecords: 10, page: 20, pageSize: 15, loading: false, error: true, showHead: true, showMenu: false, draggable: true, nestedRows: false, withPagination: false, withCheckbox: false, headCellTooltip: true, separator: false, showFilters: true, updateData: "[Function]", updateSchema: "[Function]", onSelect: "[Function]", onSelectAll: "[Function]", updateSortingList: "[Function]", updateFilterList: "[Function]"

    ✓ 
  totalRecords: 10, page: 20, pageSize: 15, loading: false, error: true, showHead: true, showMenu: false, draggable: true, nestedRows: false, withPagination: false, withCheckbox: false, headCellTooltip: true, separator: false, showFilters: false, updateData: "[Function]", updateSchema: "[Function]", onSelect: "[Function]", onSelectAll: "[Function]", updateSortingList: "[Function]", updateFilterList: "[Function]"
 (1ms)
    ✓ 
  totalRecords: 10, page: 20, pageSize: 15, loading: false, error: true, showHead: true, showMenu: false, draggable: true, nestedRows: false, withPagination: false, withCheckbox: false, headCellTooltip: false, separator: true, showFilters: true, updateData: "[Function]", updateSchema: "[Function]", onSelect: "[Function]", onSelectAll: "[Function]", updateSortingList: "[Function]", updateFilterList: "[Function]"

    ✓ 
  totalRecords: 10, page: 20, pageSize: 15, loading: false, error: true, showHead: true, showMenu: false, draggable: true, nestedRows: false, withPagination: false, withCheckbox: false, headCellTooltip: false, separator: true, showFilters: false, updateData: "[Function]", updateSchema: "[Function]", onSelect: "[Function]", onSelectAll: "[Function]", updateSortingList: "[Function]", updateFilterList: "[Function]"
 (1ms)
    ✓ 
  totalRecords: 10, page: 20, pageSize: 15, loading: false, error: true, showHead: true, showMenu: false, draggable: true, nestedRows: false, withPagination: false, withCheckbox: false, headCellTooltip: false, separator: false, showFilters: true, updateData: "[Function]", updateSchema: "[Function]", onSelect: "[Function]", onSelectAll: "[Function]", updateSortingList: "[Function]", updateFilterList: "[Function]"
 (1ms)
    ✓ 
  totalRecords: 10, page: 20, pageSize: 15, loading: false, error: true, showHead: true, showMenu: false, draggable: true, nestedRows: false, withPagination: false, withCheckbox: false, headCellTooltip: false, separator: false, showFilters: false, updateData: "[Function]", updateSchema: "[Function]", onSelect: "[Function]", onSelectAll: "[Function]", updateSortingList: "[Function]", updateFilterList: "[Function]"
 (2ms)
    ✓ 
  totalRecords: 10, page: 20, pageSize: 15, loading: false, error: true, showHead: true, showMenu: false, draggable: false, nestedRows: true, withPagination: true, withCheckbox: true, headCellTooltip: true, separator: true, showFilters: true, updateData: "[Function]", updateSchema: "[Function]", onSelect: "[Function]", onSelectAll: "[Function]", updateSortingList: "[Function]", updateFilterList: "[Function]"
 (1ms)
    ✓ 
  totalRecords: 10, page: 20, pageSize: 15, loading: false, error: true, showHead: true, showMenu: false, draggable: false, nestedRows: true, withPagination: true, withCheckbox: true, headCellTooltip: true, separator: true, showFilters: false, updateData: "[Function]", updateSchema: "[Function]", onSelect: "[Function]", onSelectAll: "[Function]", updateSortingList: "[Function]", updateFilterList: "[Function]"
 (1ms)
    ✓ 
  totalRecords: 10, page: 20, pageSize: 15, loading: false, error: true, showHead: true, showMenu: false, draggable: false, nestedRows: true, withPagination: true, withCheckbox: true, headCellTooltip: true, separator: false, showFilters: true, updateData: "[Function]", updateSchema: "[Function]", onSelect: "[Function]", onSelectAll: "[Function]", updateSortingList: "[Function]", updateFilterList: "[Function]"
 (2ms)
    ✓ 
  totalRecords: 10, page: 20, pageSize: 15, loading: false, error: true, showHead: true, showMenu: false, draggable: false, nestedRows: true, withPagination: true, withCheckbox: true, headCellTooltip: true, separator: false, showFilters: false, updateData: "[Function]", updateSchema: "[Function]", onSelect: "[Function]", onSelectAll: "[Function]", updateSortingList: "[Function]", updateFilterList: "[Function]"
 (1ms)
    ✓ 
  totalRecords: 10, page: 20, pageSize: 15, loading: false, error: true, showHead: true, showMenu: false, draggable: false, nestedRows: true, withPagination: true, withCheckbox: true, headCellTooltip: false, separator: true, showFilters: true, updateData: "[Function]", updateSchema: "[Function]", onSelect: "[Function]", onSelectAll: "[Function]", updateSortingList: "[Function]", updateFilterList: "[Function]"

    ✓ 
  totalRecords: 10, page: 20, pageSize: 15, loading: false, error: true, showHead: true, showMenu: false, draggable: false, nestedRows: true, withPagination: true, withCheckbox: true, headCellTooltip: false, separator: true, showFilters: false, updateData: "[Function]", updateSchema: "[Function]", onSelect: "[Function]", onSelectAll: "[Function]", updateSortingList: "[Function]", updateFilterList: "[Function]"
 (1ms)
    ✓ 
  totalRecords: 10, page: 20, pageSize: 15, loading: false, error: true, showHead: true, showMenu: false, draggable: false, nestedRows: true, withPagination: true, withCheckbox: true, headCellTooltip: false, separator: false, showFilters: true, updateData: "[Function]", updateSchema: "[Function]", onSelect: "[Function]", onSelectAll: "[Function]", updateSortingList: "[Function]", updateFilterList: "[Function]"

    ✓ 
  totalRecords: 10, page: 20, pageSize: 15, loading: false, error: true, showHead: true, showMenu: false, draggable: false, nestedRows: true, withPagination: true, withCheckbox: true, headCellTooltip: false, separator: false, showFilters: false, updateData: "[Function]", updateSchema: "[Function]", onSelect: "[Function]", onSelectAll: "[Function]", updateSortingList: "[Function]", updateFilterList: "[Function]"
 (1ms)
    ✓ 
  totalRecords: 10, page: 20, pageSize: 15, loading: false, error: true, showHead: true, showMenu: false, draggable: false, nestedRows: true, withPagination: true, withCheckbox: false, headCellTooltip: true, separator: true, showFilters: true, updateData: "[Function]", updateSchema: "[Function]", onSelect: "[Function]", onSelectAll: "[Function]", updateSortingList: "[Function]", updateFilterList: "[Function]"
 (2ms)
    ✓ 
  totalRecords: 10, page: 20, pageSize: 15, loading: false, error: true, showHead: true, showMenu: false, draggable: false, nestedRows: true, withPagination: true, withCheckbox: false, headCellTooltip: true, separator: true, showFilters: false, updateData: "[Function]", updateSchema: "[Function]", onSelect: "[Function]", onSelectAll: "[Function]", updateSortingList: "[Function]", updateFilterList: "[Function]"
 (1ms)
    ✓ 
  totalRecords: 10, page: 20, pageSize: 15, loading: false, error: true, showHead: true, showMenu: false, draggable: false, nestedRows: true, withPagination: true, withCheckbox: false, headCellTooltip: true, separator: false, showFilters: true, updateData: "[Function]", updateSchema: "[Function]", onSelect: "[Function]", onSelectAll: "[Function]", updateSortingList: "[Function]", updateFilterList: "[Function]"
 (1ms)
    ✓ 
  totalRecords: 10, page: 20, pageSize: 15, loading: false, error: true, showHead: true, showMenu: false, draggable: false, nestedRows: true, withPagination: true, withCheckbox: false, headCellTooltip: true, separator: false, showFilters: false, updateData: "[Function]", updateSchema: "[Function]", onSelect: "[Function]", onSelectAll: "[Function]", updateSortingList: "[Function]", updateFilterList: "[Function]"
 (1ms)
    ✓ 
  totalRecords: 10, page: 20, pageSize: 15, loading: false, error: true, showHead: true, showMenu: false, draggable: false, nestedRows: true, withPagination: true, withCheckbox: false, headCellTooltip: false, separator: true, showFilters: true, updateData: "[Function]", updateSchema: "[Function]", onSelect: "[Function]", onSelectAll: "[Function]", updateSortingList: "[Function]", updateFilterList: "[Function]"

    ✓ 
  totalRecords: 10, page: 20, pageSize: 15, loading: false, error: true, showHead: true, showMenu: false, draggable: false, nestedRows: true, withPagination: true, withCheckbox: false, headCellTooltip: false, separator: true, showFilters: false, updateData: "[Function]", updateSchema: "[Function]", onSelect: "[Function]", onSelectAll: "[Function]", updateSortingList: "[Function]", updateFilterList: "[Function]"
 (1ms)
    ✓ 
  totalRecords: 10, page: 20, pageSize: 15, loading: false, error: true, showHead: true, showMenu: false, draggable: false, nestedRows: true, withPagination: true, withCheckbox: false, headCellTooltip: false, separator: false, showFilters: true, updateData: "[Function]", updateSchema: "[Function]", onSelect: "[Function]", onSelectAll: "[Function]", updateSortingList: "[Function]", updateFilterList: "[Function]"

    ✓ 
  totalRecords: 10, page: 20, pageSize: 15, loading: false, error: true, showHead: true, showMenu: false, draggable: false, nestedRows: true, withPagination: true, withCheckbox: false, headCellTooltip: false, separator: false, showFilters: false, updateData: "[Function]", updateSchema: "[Function]", onSelect: "[Function]", onSelectAll: "[Function]", updateSortingList: "[Function]", updateFilterList: "[Function]"

    ✓ 
  totalRecords: 10, page: 20, pageSize: 15, loading: false, error: true, showHead: true, showMenu: false, draggable: false, nestedRows: true, withPagination: false, withCheckbox: true, headCellTooltip: true, separator: true, showFilters: true, updateData: "[Function]", updateSchema: "[Function]", onSelect: "[Function]", onSelectAll: "[Function]", updateSortingList: "[Function]", updateFilterList: "[Function]"
 (1ms)
    ✓ 
  totalRecords: 10, page: 20, pageSize: 15, loading: false, error: true, showHead: true, showMenu: false, draggable: false, nestedRows: true, withPagination: false, withCheckbox: true, headCellTooltip: true, separator: true, showFilters: false, updateData: "[Function]", updateSchema: "[Function]", onSelect: "[Function]", onSelectAll: "[Function]", updateSortingList: "[Function]", updateFilterList: "[Function]"

    ✓ 
  totalRecords: 10, page: 20, pageSize: 15, loading: false, error: true, showHead: true, showMenu: false, draggable: false, nestedRows: true, withPagination: false, withCheckbox: true, headCellTooltip: true, separator: false, showFilters: true, updateData: "[Function]", updateSchema: "[Function]", onSelect: "[Function]", onSelectAll: "[Function]", updateSortingList: "[Function]", updateFilterList: "[Function]"
 (1ms)
    ✓ 
  totalRecords: 10, page: 20, pageSize: 15, loading: false, error: true, showHead: true, showMenu: false, draggable: false, nestedRows: true, withPagination: false, withCheckbox: true, headCellTooltip: true, separator: false, showFilters: false, updateData: "[Function]", updateSchema: "[Function]", onSelect: "[Function]", onSelectAll: "[Function]", updateSortingList: "[Function]", updateFilterList: "[Function]"
 (1ms)
    ✓ 
  totalRecords: 10, page: 20, pageSize: 15, loading: false, error: true, showHead: true, showMenu: false, draggable: false, nestedRows: true, withPagination: false, withCheckbox: true, headCellTooltip: false, separator: true, showFilters: true, updateData: "[Function]", updateSchema: "[Function]", onSelect: "[Function]", onSelectAll: "[Function]", updateSortingList: "[Function]", updateFilterList: "[Function]"

    ✓ 
  totalRecords: 10, page: 20, pageSize: 15, loading: false, error: true, showHead: true, showMenu: false, draggable: false, nestedRows: true, withPagination: false, withCheckbox: true, headCellTooltip: false, separator: true, showFilters: false, updateData: "[Function]", updateSchema: "[Function]", onSelect: "[Function]", onSelectAll: "[Function]", updateSortingList: "[Function]", updateFilterList: "[Function]"
 (1ms)
    ✓ 
  totalRecords: 10, page: 20, pageSize: 15, loading: false, error: true, showHead: true, showMenu: false, draggable: false, nestedRows: true, withPagination: false, withCheckbox: true, headCellTooltip: false, separator: false, showFilters: true, updateData: "[Function]", updateSchema: "[Function]", onSelect: "[Function]", onSelectAll: "[Function]", updateSortingList: "[Function]", updateFilterList: "[Function]"

    ✓ 
  totalRecords: 10, page: 20, pageSize: 15, loading: false, error: true, showHead: true, showMenu: false, draggable: false, nestedRows: true, withPagination: false, withCheckbox: true, headCellTooltip: false, separator: false, showFilters: false, updateData: "[Function]", updateSchema: "[Function]", onSelect: "[Function]", onSelectAll: "[Function]", updateSortingList: "[Function]", updateFilterList: "[Function]"
 (1ms)
    ✓ 
  totalRecords: 10, page: 20, pageSize: 15, loading: false, error: true, showHead: true, showMenu: false, draggable: false, nestedRows: true, withPagination: false, withCheckbox: false, headCellTooltip: true, separator: true, showFilters: true, updateData: "[Function]", updateSchema: "[Function]", onSelect: "[Function]", onSelectAll: "[Function]", updateSortingList: "[Function]", updateFilterList: "[Function]"
 (1ms)
    ✓ 
  totalRecords: 10, page: 20, pageSize: 15, loading: false, error: true, showHead: true, showMenu: false, draggable: false, nestedRows: true, withPagination: false, withCheckbox: false, headCellTooltip: true, separator: true, showFilters: false, updateData: "[Function]", updateSchema: "[Function]", onSelect: "[Function]", onSelectAll: "[Function]", updateSortingList: "[Function]", updateFilterList: "[Function]"

    ✓ 
  totalRecords: 10, page: 20, pageSize: 15, loading: false, error: true, showHead: true, showMenu: false, draggable: false, nestedRows: true, withPagination: false, withCheckbox: false, headCellTooltip: true, separator: false, showFilters: true, updateData: "[Function]", updateSchema: "[Function]", onSelect: "[Function]", onSelectAll: "[Function]", updateSortingList: "[Function]", updateFilterList: "[Function]"
 (1ms)
    ✓ 
  totalRecords: 10, page: 20, pageSize: 15, loading: false, error: true, showHead: true, showMenu: false, draggable: false, nestedRows: true, withPagination: false, withCheckbox: false, headCellTooltip: true, separator: false, showFilters: false, updateData: "[Function]", updateSchema: "[Function]", onSelect: "[Function]", onSelectAll: "[Function]", updateSortingList: "[Function]", updateFilterList: "[Function]"
 (1ms)
    ✓ 
  totalRecords: 10, page: 20, pageSize: 15, loading: false, error: true, showHead: true, showMenu: false, draggable: false, nestedRows: true, withPagination: false, withCheckbox: false, headCellTooltip: false, separator: true, showFilters: true, updateData: "[Function]", updateSchema: "[Function]", onSelect: "[Function]", onSelectAll: "[Function]", updateSortingList: "[Function]", updateFilterList: "[Function]"
 (1ms)
    ✓ 
  totalRecords: 10, page: 20, pageSize: 15, loading: false, error: true, showHead: true, showMenu: false, draggable: false, nestedRows: true, withPagination: false, withCheckbox: false, headCellTooltip: false, separator: true, showFilters: false, updateData: "[Function]", updateSchema: "[Function]", onSelect: "[Function]", onSelectAll: "[Function]", updateSortingList: "[Function]", updateFilterList: "[Function]"
 (1ms)
    ✓ 
  totalRecords: 10, page: 20, pageSize: 15, loading: false, error: true, showHead: true, showMenu: false, draggable: false, nestedRows: true, withPagination: false, withCheckbox: false, headCellTooltip: false, separator: false, showFilters: true, updateData: "[Function]", updateSchema: "[Function]", onSelect: "[Function]", onSelectAll: "[Function]", updateSortingList: "[Function]", updateFilterList: "[Function]"
 (2ms)
    ✓ 
  totalRecords: 10, page: 20, pageSize: 15, loading: false, error: true, showHead: true, showMenu: false, draggable: false, nestedRows: true, withPagination: false, withCheckbox: false, headCellTooltip: false, separator: false, showFilters: false, updateData: "[Function]", updateSchema: "[Function]", onSelect: "[Function]", onSelectAll: "[Function]", updateSortingList: "[Function]", updateFilterList: "[Function]"

    ✓ 
  totalRecords: 10, page: 20, pageSize: 15, loading: false, error: true, showHead: true, showMenu: false, draggable: false, nestedRows: false, withPagination: true, withCheckbox: true, headCellTooltip: true, separator: true, showFilters: true, updateData: "[Function]", updateSchema: "[Function]", onSelect: "[Function]", onSelectAll: "[Function]", updateSortingList: "[Function]", updateFilterList: "[Function]"
 (1ms)
    ✓ 
  totalRecords: 10, page: 20, pageSize: 15, loading: false, error: true, showHead: true, showMenu: false, draggable: false, nestedRows: false, withPagination: true, withCheckbox: true, headCellTooltip: true, separator: true, showFilters: false, updateData: "[Function]", updateSchema: "[Function]", onSelect: "[Function]", onSelectAll: "[Function]", updateSortingList: "[Function]", updateFilterList: "[Function]"
 (1ms)
    ✓ 
  totalRecords: 10, page: 20, pageSize: 15, loading: false, error: true, showHead: true, showMenu: false, draggable: false, nestedRows: false, withPagination: true, withCheckbox: true, headCellTooltip: true, separator: false, showFilters: true, updateData: "[Function]", updateSchema: "[Function]", onSelect: "[Function]", onSelectAll: "[Function]", updateSortingList: "[Function]", updateFilterList: "[Function]"
 (2ms)
    ✓ 
  totalRecords: 10, page: 20, pageSize: 15, loading: false, error: true, showHead: true, showMenu: false, draggable: false, nestedRows: false, withPagination: true, withCheckbox: true, headCellTooltip: true, separator: false, showFilters: false, updateData: "[Function]", updateSchema: "[Function]", onSelect: "[Function]", onSelectAll: "[Function]", updateSortingList: "[Function]", updateFilterList: "[Function]"
 (2ms)
    ✓ 
  totalRecords: 10, page: 20, pageSize: 15, loading: false, error: true, showHead: true, showMenu: false, draggable: false, nestedRows: false, withPagination: true, withCheckbox: true, headCellTooltip: false, separator: true, showFilters: true, updateData: "[Function]", updateSchema: "[Function]", onSelect: "[Function]", onSelectAll: "[Function]", updateSortingList: "[Function]", updateFilterList: "[Function]"
 (2ms)
    ✓ 
  totalRecords: 10, page: 20, pageSize: 15, loading: false, error: true, showHead: true, showMenu: false, draggable: false, nestedRows: false, withPagination: true, withCheckbox: true, headCellTooltip: false, separator: true, showFilters: false, updateData: "[Function]", updateSchema: "[Function]", onSelect: "[Function]", onSelectAll: "[Function]", updateSortingList: "[Function]", updateFilterList: "[Function]"
 (1ms)
    ✓ 
  totalRecords: 10, page: 20, pageSize: 15, loading: false, error: true, showHead: true, showMenu: false, draggable: false, nestedRows: false, withPagination: true, withCheckbox: true, headCellTooltip: false, separator: false, showFilters: true, updateData: "[Function]", updateSchema: "[Function]", onSelect: "[Function]", onSelectAll: "[Function]", updateSortingList: "[Function]", updateFilterList: "[Function]"
 (1ms)
    ✓ 
  totalRecords: 10, page: 20, pageSize: 15, loading: false, error: true, showHead: true, showMenu: false, draggable: false, nestedRows: false, withPagination: true, withCheckbox: true, headCellTooltip: false, separator: false, showFilters: false, updateData: "[Function]", updateSchema: "[Function]", onSelect: "[Function]", onSelectAll: "[Function]", updateSortingList: "[Function]", updateFilterList: "[Function]"

    ✓ 
  totalRecords: 10, page: 20, pageSize: 15, loading: false, error: true, showHead: true, showMenu: false, draggable: false, nestedRows: false, withPagination: true, withCheckbox: false, headCellTooltip: true, separator: true, showFilters: true, updateData: "[Function]", updateSchema: "[Function]", onSelect: "[Function]", onSelectAll: "[Function]", updateSortingList: "[Function]", updateFilterList: "[Function]"

    ✓ 
  totalRecords: 10, page: 20, pageSize: 15, loading: false, error: true, showHead: true, showMenu: false, draggable: false, nestedRows: false, withPagination: true, withCheckbox: false, headCellTooltip: true, separator: true, showFilters: false, updateData: "[Function]", updateSchema: "[Function]", onSelect: "[Function]", onSelectAll: "[Function]", updateSortingList: "[Function]", updateFilterList: "[Function]"
 (1ms)
    ✓ 
  totalRecords: 10, page: 20, pageSize: 15, loading: false, error: true, showHead: true, showMenu: false, draggable: false, nestedRows: false, withPagination: true, withCheckbox: false, headCellTooltip: true, separator: false, showFilters: true, updateData: "[Function]", updateSchema: "[Function]", onSelect: "[Function]", onSelectAll: "[Function]", updateSortingList: "[Function]", updateFilterList: "[Function]"

    ✓ 
  totalRecords: 10, page: 20, pageSize: 15, loading: false, error: true, showHead: true, showMenu: false, draggable: false, nestedRows: false, withPagination: true, withCheckbox: false, headCellTooltip: true, separator: false, showFilters: false, updateData: "[Function]", updateSchema: "[Function]", onSelect: "[Function]", onSelectAll: "[Function]", updateSortingList: "[Function]", updateFilterList: "[Function]"
 (1ms)
    ✓ 
  totalRecords: 10, page: 20, pageSize: 15, loading: false, error: true, showHead: true, showMenu: false, draggable: false, nestedRows: false, withPagination: true, withCheckbox: false, headCellTooltip: false, separator: true, showFilters: true, updateData: "[Function]", updateSchema: "[Function]", onSelect: "[Function]", onSelectAll: "[Function]", updateSortingList: "[Function]", updateFilterList: "[Function]"

    ✓ 
  totalRecords: 10, page: 20, pageSize: 15, loading: false, error: true, showHead: true, showMenu: false, draggable: false, nestedRows: false, withPagination: true, withCheckbox: false, headCellTooltip: false, separator: true, showFilters: false, updateData: "[Function]", updateSchema: "[Function]", onSelect: "[Function]", onSelectAll: "[Function]", updateSortingList: "[Function]", updateFilterList: "[Function]"
 (1ms)
    ✓ 
  totalRecords: 10, page: 20, pageSize: 15, loading: false, error: true, showHead: true, showMenu: false, draggable: false, nestedRows: false, withPagination: true, withCheckbox: false, headCellTooltip: false, separator: false, showFilters: true, updateData: "[Function]", updateSchema: "[Function]", onSelect: "[Function]", onSelectAll: "[Function]", updateSortingList: "[Function]", updateFilterList: "[Function]"
 (1ms)
    ✓ 
  totalRecords: 10, page: 20, pageSize: 15, loading: false, error: true, showHead: true, showMenu: false, draggable: false, nestedRows: false, withPagination: true, withCheckbox: false, headCellTooltip: false, separator: false, showFilters: false, updateData: "[Function]", updateSchema: "[Function]", onSelect: "[Function]", onSelectAll: "[Function]", updateSortingList: "[Function]", updateFilterList: "[Function]"

    ✓ 
  totalRecords: 10, page: 20, pageSize: 15, loading: false, error: true, showHead: true, showMenu: false, draggable: false, nestedRows: false, withPagination: false, withCheckbox: true, headCellTooltip: true, separator: true, showFilters: true, updateData: "[Function]", updateSchema: "[Function]", onSelect: "[Function]", onSelectAll: "[Function]", updateSortingList: "[Function]", updateFilterList: "[Function]"
 (1ms)
    ✓ 
  totalRecords: 10, page: 20, pageSize: 15, loading: false, error: true, showHead: true, showMenu: false, draggable: false, nestedRows: false, withPagination: false, withCheckbox: true, headCellTooltip: true, separator: true, showFilters: false, updateData: "[Function]", updateSchema: "[Function]", onSelect: "[Function]", onSelectAll: "[Function]", updateSortingList: "[Function]", updateFilterList: "[Function]"

    ✓ 
  totalRecords: 10, page: 20, pageSize: 15, loading: false, error: true, showHead: true, showMenu: false, draggable: false, nestedRows: false, withPagination: false, withCheckbox: true, headCellTooltip: true, separator: false, showFilters: true, updateData: "[Function]", updateSchema: "[Function]", onSelect: "[Function]", onSelectAll: "[Function]", updateSortingList: "[Function]", updateFilterList: "[Function]"
 (1ms)
    ✓ 
  totalRecords: 10, page: 20, pageSize: 15, loading: false, error: true, showHead: true, showMenu: false, draggable: false, nestedRows: false, withPagination: false, withCheckbox: true, headCellTooltip: true, separator: false, showFilters: false, updateData: "[Function]", updateSchema: "[Function]", onSelect: "[Function]", onSelectAll: "[Function]", updateSortingList: "[Function]", updateFilterList: "[Function]"
 (1ms)
    ✓ 
  totalRecords: 10, page: 20, pageSize: 15, loading: false, error: true, showHead: true, showMenu: false, draggable: false, nestedRows: false, withPagination: false, withCheckbox: true, headCellTooltip: false, separator: true, showFilters: true, updateData: "[Function]", updateSchema: "[Function]", onSelect: "[Function]", onSelectAll: "[Function]", updateSortingList: "[Function]", updateFilterList: "[Function]"

    ✓ 
  totalRecords: 10, page: 20, pageSize: 15, loading: false, error: true, showHead: true, showMenu: false, draggable: false, nestedRows: false, withPagination: false, withCheckbox: true, headCellTooltip: false, separator: true, showFilters: false, updateData: "[Function]", updateSchema: "[Function]", onSelect: "[Function]", onSelectAll: "[Function]", updateSortingList: "[Function]", updateFilterList: "[Function]"
 (1ms)
    ✓ 
  totalRecords: 10, page: 20, pageSize: 15, loading: false, error: true, showHead: true, showMenu: false, draggable: false, nestedRows: false, withPagination: false, withCheckbox: true, headCellTooltip: false, separator: false, showFilters: true, updateData: "[Function]", updateSchema: "[Function]", onSelect: "[Function]", onSelectAll: "[Function]", updateSortingList: "[Function]", updateFilterList: "[Function]"
 (1ms)
    ✓ 
  totalRecords: 10, page: 20, pageSize: 15, loading: false, error: true, showHead: true, showMenu: false, draggable: false, nestedRows: false, withPagination: false, withCheckbox: true, headCellTooltip: false, separator: false, showFilters: false, updateData: "[Function]", updateSchema: "[Function]", onSelect: "[Function]", onSelectAll: "[Function]", updateSortingList: "[Function]", updateFilterList: "[Function]"
 (2ms)
    ✓ 
  totalRecords: 10, page: 20, pageSize: 15, loading: false, error: true, showHead: true, showMenu: false, draggable: false, nestedRows: false, withPagination: false, withCheckbox: false, headCellTooltip: true, separator: true, showFilters: true, updateData: "[Function]", updateSchema: "[Function]", onSelect: "[Function]", onSelectAll: "[Function]", updateSortingList: "[Function]", updateFilterList: "[Function]"
 (1ms)
    ✓ 
  totalRecords: 10, page: 20, pageSize: 15, loading: false, error: true, showHead: true, showMenu: false, draggable: false, nestedRows: false, withPagination: false, withCheckbox: false, headCellTooltip: true, separator: true, showFilters: false, updateData: "[Function]", updateSchema: "[Function]", onSelect: "[Function]", onSelectAll: "[Function]", updateSortingList: "[Function]", updateFilterList: "[Function]"
 (2ms)
    ✓ 
  totalRecords: 10, page: 20, pageSize: 15, loading: false, error: true, showHead: true, showMenu: false, draggable: false, nestedRows: false, withPagination: false, withCheckbox: false, headCellTooltip: true, separator: false, showFilters: true, updateData: "[Function]", updateSchema: "[Function]", onSelect: "[Function]", onSelectAll: "[Function]", updateSortingList: "[Function]", updateFilterList: "[Function]"
 (1ms)
    ✓ 
  totalRecords: 10, page: 20, pageSize: 15, loading: false, error: true, showHead: true, showMenu: false, draggable: false, nestedRows: false, withPagination: false, withCheckbox: false, headCellTooltip: true, separator: false, showFilters: false, updateData: "[Function]", updateSchema: "[Function]", onSelect: "[Function]", onSelectAll: "[Function]", updateSortingList: "[Function]", updateFilterList: "[Function]"
 (1ms)
    ✓ 
  totalRecords: 10, page: 20, pageSize: 15, loading: false, error: true, showHead: true, showMenu: false, draggable: false, nestedRows: false, withPagination: false, withCheckbox: false, headCellTooltip: false, separator: true, showFilters: true, updateData: "[Function]", updateSchema: "[Function]", onSelect: "[Function]", onSelectAll: "[Function]", updateSortingList: "[Function]", updateFilterList: "[Function]"

    ✓ 
  totalRecords: 10, page: 20, pageSize: 15, loading: false, error: true, showHead: true, showMenu: false, draggable: false, nestedRows: false, withPagination: false, withCheckbox: false, headCellTooltip: false, separator: true, showFilters: false, updateData: "[Function]", updateSchema: "[Function]", onSelect: "[Function]", onSelectAll: "[Function]", updateSortingList: "[Function]", updateFilterList: "[Function]"
 (1ms)
    ✓ 
  totalRecords: 10, page: 20, pageSize: 15, loading: false, error: true, showHead: true, showMenu: false, draggable: false, nestedRows: false, withPagination: false, withCheckbox: false, headCellTooltip: false, separator: false, showFilters: true, updateData: "[Function]", updateSchema: "[Function]", onSelect: "[Function]", onSelectAll: "[Function]", updateSortingList: "[Function]", updateFilterList: "[Function]"
 (1ms)
    ✓ 
  totalRecords: 10, page: 20, pageSize: 15, loading: false, error: true, showHead: true, showMenu: false, draggable: false, nestedRows: false, withPagination: false, withCheckbox: false, headCellTooltip: false, separator: false, showFilters: false, updateData: "[Function]", updateSchema: "[Function]", onSelect: "[Function]", onSelectAll: "[Function]", updateSortingList: "[Function]", updateFilterList: "[Function]"
 (1ms)
    ✓ 
  totalRecords: 10, page: 20, pageSize: 15, loading: false, error: true, showHead: false, showMenu: true, draggable: true, nestedRows: true, withPagination: true, withCheckbox: true, headCellTooltip: true, separator: true, showFilters: true, updateData: "[Function]", updateSchema: "[Function]", onSelect: "[Function]", onSelectAll: "[Function]", updateSortingList: "[Function]", updateFilterList: "[Function]"
 (1ms)
    ✓ 
  totalRecords: 10, page: 20, pageSize: 15, loading: false, error: true, showHead: false, showMenu: true, draggable: true, nestedRows: true, withPagination: true, withCheckbox: true, headCellTooltip: true, separator: true, showFilters: false, updateData: "[Function]", updateSchema: "[Function]", onSelect: "[Function]", onSelectAll: "[Function]", updateSortingList: "[Function]", updateFilterList: "[Function]"
 (1ms)
    ✓ 
  totalRecords: 10, page: 20, pageSize: 15, loading: false, error: true, showHead: false, showMenu: true, draggable: true, nestedRows: true, withPagination: true, withCheckbox: true, headCellTooltip: true, separator: false, showFilters: true, updateData: "[Function]", updateSchema: "[Function]", onSelect: "[Function]", onSelectAll: "[Function]", updateSortingList: "[Function]", updateFilterList: "[Function]"

    ✓ 
  totalRecords: 10, page: 20, pageSize: 15, loading: false, error: true, showHead: false, showMenu: true, draggable: true, nestedRows: true, withPagination: true, withCheckbox: true, headCellTooltip: true, separator: false, showFilters: false, updateData: "[Function]", updateSchema: "[Function]", onSelect: "[Function]", onSelectAll: "[Function]", updateSortingList: "[Function]", updateFilterList: "[Function]"
 (1ms)
    ✓ 
  totalRecords: 10, page: 20, pageSize: 15, loading: false, error: true, showHead: false, showMenu: true, draggable: true, nestedRows: true, withPagination: true, withCheckbox: true, headCellTooltip: false, separator: true, showFilters: true, updateData: "[Function]", updateSchema: "[Function]", onSelect: "[Function]", onSelectAll: "[Function]", updateSortingList: "[Function]", updateFilterList: "[Function]"
 (1ms)
    ✓ 
  totalRecords: 10, page: 20, pageSize: 15, loading: false, error: true, showHead: false, showMenu: true, draggable: true, nestedRows: true, withPagination: true, withCheckbox: true, headCellTooltip: false, separator: true, showFilters: false, updateData: "[Function]", updateSchema: "[Function]", onSelect: "[Function]", onSelectAll: "[Function]", updateSortingList: "[Function]", updateFilterList: "[Function]"
 (3ms)
    ✓ 
  totalRecords: 10, page: 20, pageSize: 15, loading: false, error: true, showHead: false, showMenu: true, draggable: true, nestedRows: true, withPagination: true, withCheckbox: true, headCellTooltip: false, separator: false, showFilters: true, updateData: "[Function]", updateSchema: "[Function]", onSelect: "[Function]", onSelectAll: "[Function]", updateSortingList: "[Function]", updateFilterList: "[Function]"

    ✓ 
  totalRecords: 10, page: 20, pageSize: 15, loading: false, error: true, showHead: false, showMenu: true, draggable: true, nestedRows: true, withPagination: true, withCheckbox: true, headCellTooltip: false, separator: false, showFilters: false, updateData: "[Function]", updateSchema: "[Function]", onSelect: "[Function]", onSelectAll: "[Function]", updateSortingList: "[Function]", updateFilterList: "[Function]"
 (1ms)
    ✓ 
  totalRecords: 10, page: 20, pageSize: 15, loading: false, error: true, showHead: false, showMenu: true, draggable: true, nestedRows: true, withPagination: true, withCheckbox: false, headCellTooltip: true, separator: true, showFilters: true, updateData: "[Function]", updateSchema: "[Function]", onSelect: "[Function]", onSelectAll: "[Function]", updateSortingList: "[Function]", updateFilterList: "[Function]"
 (1ms)
    ✓ 
  totalRecords: 10, page: 20, pageSize: 15, loading: false, error: true, showHead: false, showMenu: true, draggable: true, nestedRows: true, withPagination: true, withCheckbox: false, headCellTooltip: true, separator: true, showFilters: false, updateData: "[Function]", updateSchema: "[Function]", onSelect: "[Function]", onSelectAll: "[Function]", updateSortingList: "[Function]", updateFilterList: "[Function]"
 (2ms)
    ✓ 
  totalRecords: 10, page: 20, pageSize: 15, loading: false, error: true, showHead: false, showMenu: true, draggable: true, nestedRows: true, withPagination: true, withCheckbox: false, headCellTooltip: true, separator: false, showFilters: true, updateData: "[Function]", updateSchema: "[Function]", onSelect: "[Function]", onSelectAll: "[Function]", updateSortingList: "[Function]", updateFilterList: "[Function]"
 (1ms)
    ✓ 
  totalRecords: 10, page: 20, pageSize: 15, loading: false, error: true, showHead: false, showMenu: true, draggable: true, nestedRows: true, withPagination: true, withCheckbox: false, headCellTooltip: true, separator: false, showFilters: false, updateData: "[Function]", updateSchema: "[Function]", onSelect: "[Function]", onSelectAll: "[Function]", updateSortingList: "[Function]", updateFilterList: "[Function]"

    ✓ 
  totalRecords: 10, page: 20, pageSize: 15, loading: false, error: true, showHead: false, showMenu: true, draggable: true, nestedRows: true, withPagination: true, withCheckbox: false, headCellTooltip: false, separator: true, showFilters: true, updateData: "[Function]", updateSchema: "[Function]", onSelect: "[Function]", onSelectAll: "[Function]", updateSortingList: "[Function]", updateFilterList: "[Function]"

    ✓ 
  totalRecords: 10, page: 20, pageSize: 15, loading: false, error: true, showHead: false, showMenu: true, draggable: true, nestedRows: true, withPagination: true, withCheckbox: false, headCellTooltip: false, separator: true, showFilters: false, updateData: "[Function]", updateSchema: "[Function]", onSelect: "[Function]", onSelectAll: "[Function]", updateSortingList: "[Function]", updateFilterList: "[Function]"
 (1ms)
    ✓ 
  totalRecords: 10, page: 20, pageSize: 15, loading: false, error: true, showHead: false, showMenu: true, draggable: true, nestedRows: true, withPagination: true, withCheckbox: false, headCellTooltip: false, separator: false, showFilters: true, updateData: "[Function]", updateSchema: "[Function]", onSelect: "[Function]", onSelectAll: "[Function]", updateSortingList: "[Function]", updateFilterList: "[Function]"

    ✓ 
  totalRecords: 10, page: 20, pageSize: 15, loading: false, error: true, showHead: false, showMenu: true, draggable: true, nestedRows: true, withPagination: true, withCheckbox: false, headCellTooltip: false, separator: false, showFilters: false, updateData: "[Function]", updateSchema: "[Function]", onSelect: "[Function]", onSelectAll: "[Function]", updateSortingList: "[Function]", updateFilterList: "[Function]"

    ✓ 
  totalRecords: 10, page: 20, pageSize: 15, loading: false, error: true, showHead: false, showMenu: true, draggable: true, nestedRows: true, withPagination: false, withCheckbox: true, headCellTooltip: true, separator: true, showFilters: true, updateData: "[Function]", updateSchema: "[Function]", onSelect: "[Function]", onSelectAll: "[Function]", updateSortingList: "[Function]", updateFilterList: "[Function]"
 (1ms)
    ✓ 
  totalRecords: 10, page: 20, pageSize: 15, loading: false, error: true, showHead: false, showMenu: true, draggable: true, nestedRows: true, withPagination: false, withCheckbox: true, headCellTooltip: true, separator: true, showFilters: false, updateData: "[Function]", updateSchema: "[Function]", onSelect: "[Function]", onSelectAll: "[Function]", updateSortingList: "[Function]", updateFilterList: "[Function]"
 (1ms)
    ✓ 
  totalRecords: 10, page: 20, pageSize: 15, loading: false, error: true, showHead: false, showMenu: true, draggable: true, nestedRows: true, withPagination: false, withCheckbox: true, headCellTooltip: true, separator: false, showFilters: true, updateData: "[Function]", updateSchema: "[Function]", onSelect: "[Function]", onSelectAll: "[Function]", updateSortingList: "[Function]", updateFilterList: "[Function]"
 (1ms)
    ✓ 
  totalRecords: 10, page: 20, pageSize: 15, loading: false, error: true, showHead: false, showMenu: true, draggable: true, nestedRows: true, withPagination: false, withCheckbox: true, headCellTooltip: true, separator: false, showFilters: false, updateData: "[Function]", updateSchema: "[Function]", onSelect: "[Function]", onSelectAll: "[Function]", updateSortingList: "[Function]", updateFilterList: "[Function]"

    ✓ 
  totalRecords: 10, page: 20, pageSize: 15, loading: false, error: true, showHead: false, showMenu: true, draggable: true, nestedRows: true, withPagination: false, withCheckbox: true, headCellTooltip: false, separator: true, showFilters: true, updateData: "[Function]", updateSchema: "[Function]", onSelect: "[Function]", onSelectAll: "[Function]", updateSortingList: "[Function]", updateFilterList: "[Function]"
 (2ms)
    ✓ 
  totalRecords: 10, page: 20, pageSize: 15, loading: false, error: true, showHead: false, showMenu: true, draggable: true, nestedRows: true, withPagination: false, withCheckbox: true, headCellTooltip: false, separator: true, showFilters: false, updateData: "[Function]", updateSchema: "[Function]", onSelect: "[Function]", onSelectAll: "[Function]", updateSortingList: "[Function]", updateFilterList: "[Function]"
 (1ms)
    ✓ 
  totalRecords: 10, page: 20, pageSize: 15, loading: false, error: true, showHead: false, showMenu: true, draggable: true, nestedRows: true, withPagination: false, withCheckbox: true, headCellTooltip: false, separator: false, showFilters: true, updateData: "[Function]", updateSchema: "[Function]", onSelect: "[Function]", onSelectAll: "[Function]", updateSortingList: "[Function]", updateFilterList: "[Function]"
 (1ms)
    ✓ 
  totalRecords: 10, page: 20, pageSize: 15, loading: false, error: true, showHead: false, showMenu: true, draggable: true, nestedRows: true, withPagination: false, withCheckbox: true, headCellTooltip: false, separator: false, showFilters: false, updateData: "[Function]", updateSchema: "[Function]", onSelect: "[Function]", onSelectAll: "[Function]", updateSortingList: "[Function]", updateFilterList: "[Function]"
 (2ms)
    ✓ 
  totalRecords: 10, page: 20, pageSize: 15, loading: false, error: true, showHead: false, showMenu: true, draggable: true, nestedRows: true, withPagination: false, withCheckbox: false, headCellTooltip: true, separator: true, showFilters: true, updateData: "[Function]", updateSchema: "[Function]", onSelect: "[Function]", onSelectAll: "[Function]", updateSortingList: "[Function]", updateFilterList: "[Function]"
 (1ms)
    ✓ 
  totalRecords: 10, page: 20, pageSize: 15, loading: false, error: true, showHead: false, showMenu: true, draggable: true, nestedRows: true, withPagination: false, withCheckbox: false, headCellTooltip: true, separator: true, showFilters: false, updateData: "[Function]", updateSchema: "[Function]", onSelect: "[Function]", onSelectAll: "[Function]", updateSortingList: "[Function]", updateFilterList: "[Function]"
 (2ms)
    ✓ 
  totalRecords: 10, page: 20, pageSize: 15, loading: false, error: true, showHead: false, showMenu: true, draggable: true, nestedRows: true, withPagination: false, withCheckbox: false, headCellTooltip: true, separator: false, showFilters: true, updateData: "[Function]", updateSchema: "[Function]", onSelect: "[Function]", onSelectAll: "[Function]", updateSortingList: "[Function]", updateFilterList: "[Function]"
 (1ms)
    ✓ 
  totalRecords: 10, page: 20, pageSize: 15, loading: false, error: true, showHead: false, showMenu: true, draggable: true, nestedRows: true, withPagination: false, withCheckbox: false, headCellTooltip: true, separator: false, showFilters: false, updateData: "[Function]", updateSchema: "[Function]", onSelect: "[Function]", onSelectAll: "[Function]", updateSortingList: "[Function]", updateFilterList: "[Function]"
 (1ms)
    ✓ 
  totalRecords: 10, page: 20, pageSize: 15, loading: false, error: true, showHead: false, showMenu: true, draggable: true, nestedRows: true, withPagination: false, withCheckbox: false, headCellTooltip: false, separator: true, showFilters: true, updateData: "[Function]", updateSchema: "[Function]", onSelect: "[Function]", onSelectAll: "[Function]", updateSortingList: "[Function]", updateFilterList: "[Function]"
 (4ms)
    ✓ 
  totalRecords: 10, page: 20, pageSize: 15, loading: false, error: true, showHead: false, showMenu: true, draggable: true, nestedRows: true, withPagination: false, withCheckbox: false, headCellTooltip: false, separator: true, showFilters: false, updateData: "[Function]", updateSchema: "[Function]", onSelect: "[Function]", onSelectAll: "[Function]", updateSortingList: "[Function]", updateFilterList: "[Function]"
 (1ms)
    ✓ 
  totalRecords: 10, page: 20, pageSize: 15, loading: false, error: true, showHead: false, showMenu: true, draggable: true, nestedRows: true, withPagination: false, withCheckbox: false, headCellTooltip: false, separator: false, showFilters: true, updateData: "[Function]", updateSchema: "[Function]", onSelect: "[Function]", onSelectAll: "[Function]", updateSortingList: "[Function]", updateFilterList: "[Function]"
 (1ms)
    ✓ 
  totalRecords: 10, page: 20, pageSize: 15, loading: false, error: true, showHead: false, showMenu: true, draggable: true, nestedRows: true, withPagination: false, withCheckbox: false, headCellTooltip: false, separator: false, showFilters: false, updateData: "[Function]", updateSchema: "[Function]", onSelect: "[Function]", onSelectAll: "[Function]", updateSortingList: "[Function]", updateFilterList: "[Function]"

    ✓ 
  totalRecords: 10, page: 20, pageSize: 15, loading: false, error: true, showHead: false, showMenu: true, draggable: true, nestedRows: false, withPagination: true, withCheckbox: true, headCellTooltip: true, separator: true, showFilters: true, updateData: "[Function]", updateSchema: "[Function]", onSelect: "[Function]", onSelectAll: "[Function]", updateSortingList: "[Function]", updateFilterList: "[Function]"
 (1ms)
    ✓ 
  totalRecords: 10, page: 20, pageSize: 15, loading: false, error: true, showHead: false, showMenu: true, draggable: true, nestedRows: false, withPagination: true, withCheckbox: true, headCellTooltip: true, separator: true, showFilters: false, updateData: "[Function]", updateSchema: "[Function]", onSelect: "[Function]", onSelectAll: "[Function]", updateSortingList: "[Function]", updateFilterList: "[Function]"
 (1ms)
    ✓ 
  totalRecords: 10, page: 20, pageSize: 15, loading: false, error: true, showHead: false, showMenu: true, draggable: true, nestedRows: false, withPagination: true, withCheckbox: true, headCellTooltip: true, separator: false, showFilters: true, updateData: "[Function]", updateSchema: "[Function]", onSelect: "[Function]", onSelectAll: "[Function]", updateSortingList: "[Function]", updateFilterList: "[Function]"

    ✓ 
  totalRecords: 10, page: 20, pageSize: 15, loading: false, error: true, showHead: false, showMenu: true, draggable: true, nestedRows: false, withPagination: true, withCheckbox: true, headCellTooltip: true, separator: false, showFilters: false, updateData: "[Function]", updateSchema: "[Function]", onSelect: "[Function]", onSelectAll: "[Function]", updateSortingList: "[Function]", updateFilterList: "[Function]"
 (1ms)
    ✓ 
  totalRecords: 10, page: 20, pageSize: 15, loading: false, error: true, showHead: false, showMenu: true, draggable: true, nestedRows: false, withPagination: true, withCheckbox: true, headCellTooltip: false, separator: true, showFilters: true, updateData: "[Function]", updateSchema: "[Function]", onSelect: "[Function]", onSelectAll: "[Function]", updateSortingList: "[Function]", updateFilterList: "[Function]"
 (1ms)
    ✓ 
  totalRecords: 10, page: 20, pageSize: 15, loading: false, error: true, showHead: false, showMenu: true, draggable: true, nestedRows: false, withPagination: true, withCheckbox: true, headCellTooltip: false, separator: true, showFilters: false, updateData: "[Function]", updateSchema: "[Function]", onSelect: "[Function]", onSelectAll: "[Function]", updateSortingList: "[Function]", updateFilterList: "[Function]"
 (1ms)
    ✓ 
  totalRecords: 10, page: 20, pageSize: 15, loading: false, error: true, showHead: false, showMenu: true, draggable: true, nestedRows: false, withPagination: true, withCheckbox: true, headCellTooltip: false, separator: false, showFilters: true, updateData: "[Function]", updateSchema: "[Function]", onSelect: "[Function]", onSelectAll: "[Function]", updateSortingList: "[Function]", updateFilterList: "[Function]"
 (2ms)
    ✓ 
  totalRecords: 10, page: 20, pageSize: 15, loading: false, error: true, showHead: false, showMenu: true, draggable: true, nestedRows: false, withPagination: true, withCheckbox: true, headCellTooltip: false, separator: false, showFilters: false, updateData: "[Function]", updateSchema: "[Function]", onSelect: "[Function]", onSelectAll: "[Function]", updateSortingList: "[Function]", updateFilterList: "[Function]"

    ✓ 
  totalRecords: 10, page: 20, pageSize: 15, loading: false, error: true, showHead: false, showMenu: true, draggable: true, nestedRows: false, withPagination: true, withCheckbox: false, headCellTooltip: true, separator: true, showFilters: true, updateData: "[Function]", updateSchema: "[Function]", onSelect: "[Function]", onSelectAll: "[Function]", updateSortingList: "[Function]", updateFilterList: "[Function]"
 (1ms)
    ✓ 
  totalRecords: 10, page: 20, pageSize: 15, loading: false, error: true, showHead: false, showMenu: true, draggable: true, nestedRows: false, withPagination: true, withCheckbox: false, headCellTooltip: true, separator: true, showFilters: false, updateData: "[Function]", updateSchema: "[Function]", onSelect: "[Function]", onSelectAll: "[Function]", updateSortingList: "[Function]", updateFilterList: "[Function]"
 (2ms)
    ✓ 
  totalRecords: 10, page: 20, pageSize: 15, loading: false, error: true, showHead: false, showMenu: true, draggable: true, nestedRows: false, withPagination: true, withCheckbox: false, headCellTooltip: true, separator: false, showFilters: true, updateData: "[Function]", updateSchema: "[Function]", onSelect: "[Function]", onSelectAll: "[Function]", updateSortingList: "[Function]", updateFilterList: "[Function]"
 (1ms)
    ✓ 
  totalRecords: 10, page: 20, pageSize: 15, loading: false, error: true, showHead: false, showMenu: true, draggable: true, nestedRows: false, withPagination: true, withCheckbox: false, headCellTooltip: true, separator: false, showFilters: false, updateData: "[Function]", updateSchema: "[Function]", onSelect: "[Function]", onSelectAll: "[Function]", updateSortingList: "[Function]", updateFilterList: "[Function]"
 (1ms)
    ✓ 
  totalRecords: 10, page: 20, pageSize: 15, loading: false, error: true, showHead: false, showMenu: true, draggable: true, nestedRows: false, withPagination: true, withCheckbox: false, headCellTooltip: false, separator: true, showFilters: true, updateData: "[Function]", updateSchema: "[Function]", onSelect: "[Function]", onSelectAll: "[Function]", updateSortingList: "[Function]", updateFilterList: "[Function]"

    ✓ 
  totalRecords: 10, page: 20, pageSize: 15, loading: false, error: true, showHead: false, showMenu: true, draggable: true, nestedRows: false, withPagination: true, withCheckbox: false, headCellTooltip: false, separator: true, showFilters: false, updateData: "[Function]", updateSchema: "[Function]", onSelect: "[Function]", onSelectAll: "[Function]", updateSortingList: "[Function]", updateFilterList: "[Function]"
 (3ms)
    ✓ 
  totalRecords: 10, page: 20, pageSize: 15, loading: false, error: true, showHead: false, showMenu: true, draggable: true, nestedRows: false, withPagination: true, withCheckbox: false, headCellTooltip: false, separator: false, showFilters: true, updateData: "[Function]", updateSchema: "[Function]", onSelect: "[Function]", onSelectAll: "[Function]", updateSortingList: "[Function]", updateFilterList: "[Function]"
 (1ms)
    ✓ 
  totalRecords: 10, page: 20, pageSize: 15, loading: false, error: true, showHead: false, showMenu: true, draggable: true, nestedRows: false, withPagination: true, withCheckbox: false, headCellTooltip: false, separator: false, showFilters: false, updateData: "[Function]", updateSchema: "[Function]", onSelect: "[Function]", onSelectAll: "[Function]", updateSortingList: "[Function]", updateFilterList: "[Function]"

    ✓ 
  totalRecords: 10, page: 20, pageSize: 15, loading: false, error: true, showHead: false, showMenu: true, draggable: true, nestedRows: false, withPagination: false, withCheckbox: true, headCellTooltip: true, separator: true, showFilters: true, updateData: "[Function]", updateSchema: "[Function]", onSelect: "[Function]", onSelectAll: "[Function]", updateSortingList: "[Function]", updateFilterList: "[Function]"
 (2ms)
    ✓ 
  totalRecords: 10, page: 20, pageSize: 15, loading: false, error: true, showHead: false, showMenu: true, draggable: true, nestedRows: false, withPagination: false, withCheckbox: true, headCellTooltip: true, separator: true, showFilters: false, updateData: "[Function]", updateSchema: "[Function]", onSelect: "[Function]", onSelectAll: "[Function]", updateSortingList: "[Function]", updateFilterList: "[Function]"
 (1ms)
    ✓ 
  totalRecords: 10, page: 20, pageSize: 15, loading: false, error: true, showHead: false, showMenu: true, draggable: true, nestedRows: false, withPagination: false, withCheckbox: true, headCellTooltip: true, separator: false, showFilters: true, updateData: "[Function]", updateSchema: "[Function]", onSelect: "[Function]", onSelectAll: "[Function]", updateSortingList: "[Function]", updateFilterList: "[Function]"

    ✓ 
  totalRecords: 10, page: 20, pageSize: 15, loading: false, error: true, showHead: false, showMenu: true, draggable: true, nestedRows: false, withPagination: false, withCheckbox: true, headCellTooltip: true, separator: false, showFilters: false, updateData: "[Function]", updateSchema: "[Function]", onSelect: "[Function]", onSelectAll: "[Function]", updateSortingList: "[Function]", updateFilterList: "[Function]"
 (1ms)
    ✓ 
  totalRecords: 10, page: 20, pageSize: 15, loading: false, error: true, showHead: false, showMenu: true, draggable: true, nestedRows: false, withPagination: false, withCheckbox: true, headCellTooltip: false, separator: true, showFilters: true, updateData: "[Function]", updateSchema: "[Function]", onSelect: "[Function]", onSelectAll: "[Function]", updateSortingList: "[Function]", updateFilterList: "[Function]"
 (1ms)
    ✓ 
  totalRecords: 10, page: 20, pageSize: 15, loading: false, error: true, showHead: false, showMenu: true, draggable: true, nestedRows: false, withPagination: false, withCheckbox: true, headCellTooltip: false, separator: true, showFilters: false, updateData: "[Function]", updateSchema: "[Function]", onSelect: "[Function]", onSelectAll: "[Function]", updateSortingList: "[Function]", updateFilterList: "[Function]"
 (1ms)
    ✓ 
  totalRecords: 10, page: 20, pageSize: 15, loading: false, error: true, showHead: false, showMenu: true, draggable: true, nestedRows: false, withPagination: false, withCheckbox: true, headCellTooltip: false, separator: false, showFilters: true, updateData: "[Function]", updateSchema: "[Function]", onSelect: "[Function]", onSelectAll: "[Function]", updateSortingList: "[Function]", updateFilterList: "[Function]"

    ✓ 
  totalRecords: 10, page: 20, pageSize: 15, loading: false, error: true, showHead: false, showMenu: true, draggable: true, nestedRows: false, withPagination: false, withCheckbox: true, headCellTooltip: false, separator: false, showFilters: false, updateData: "[Function]", updateSchema: "[Function]", onSelect: "[Function]", onSelectAll: "[Function]", updateSortingList: "[Function]", updateFilterList: "[Function]"
 (1ms)
    ✓ 
  totalRecords: 10, page: 20, pageSize: 15, loading: false, error: true, showHead: false, showMenu: true, draggable: true, nestedRows: false, withPagination: false, withCheckbox: false, headCellTooltip: true, separator: true, showFilters: true, updateData: "[Function]", updateSchema: "[Function]", onSelect: "[Function]", onSelectAll: "[Function]", updateSortingList: "[Function]", updateFilterList: "[Function]"
 (1ms)
    ✓ 
  totalRecords: 10, page: 20, pageSize: 15, loading: false, error: true, showHead: false, showMenu: true, draggable: true, nestedRows: false, withPagination: false, withCheckbox: false, headCellTooltip: true, separator: true, showFilters: false, updateData: "[Function]", updateSchema: "[Function]", onSelect: "[Function]", onSelectAll: "[Function]", updateSortingList: "[Function]", updateFilterList: "[Function]"

    ✓ 
  totalRecords: 10, page: 20, pageSize: 15, loading: false, error: true, showHead: false, showMenu: true, draggable: true, nestedRows: false, withPagination: false, withCheckbox: false, headCellTooltip: true, separator: false, showFilters: true, updateData: "[Function]", updateSchema: "[Function]", onSelect: "[Function]", onSelectAll: "[Function]", updateSortingList: "[Function]", updateFilterList: "[Function]"
 (1ms)
    ✓ 
  totalRecords: 10, page: 20, pageSize: 15, loading: false, error: true, showHead: false, showMenu: true, draggable: true, nestedRows: false, withPagination: false, withCheckbox: false, headCellTooltip: true, separator: false, showFilters: false, updateData: "[Function]", updateSchema: "[Function]", onSelect: "[Function]", onSelectAll: "[Function]", updateSortingList: "[Function]", updateFilterList: "[Function]"
 (2ms)
    ✓ 
  totalRecords: 10, page: 20, pageSize: 15, loading: false, error: true, showHead: false, showMenu: true, draggable: true, nestedRows: false, withPagination: false, withCheckbox: false, headCellTooltip: false, separator: true, showFilters: true, updateData: "[Function]", updateSchema: "[Function]", onSelect: "[Function]", onSelectAll: "[Function]", updateSortingList: "[Function]", updateFilterList: "[Function]"
 (1ms)
    ✓ 
  totalRecords: 10, page: 20, pageSize: 15, loading: false, error: true, showHead: false, showMenu: true, draggable: true, nestedRows: false, withPagination: false, withCheckbox: false, headCellTooltip: false, separator: true, showFilters: false, updateData: "[Function]", updateSchema: "[Function]", onSelect: "[Function]", onSelectAll: "[Function]", updateSortingList: "[Function]", updateFilterList: "[Function]"
 (2ms)
    ✓ 
  totalRecords: 10, page: 20, pageSize: 15, loading: false, error: true, showHead: false, showMenu: true, draggable: true, nestedRows: false, withPagination: false, withCheckbox: false, headCellTooltip: false, separator: false, showFilters: true, updateData: "[Function]", updateSchema: "[Function]", onSelect: "[Function]", onSelectAll: "[Function]", updateSortingList: "[Function]", updateFilterList: "[Function]"
 (1ms)
    ✓ 
  totalRecords: 10, page: 20, pageSize: 15, loading: false, error: true, showHead: false, showMenu: true, draggable: true, nestedRows: false, withPagination: false, withCheckbox: false, headCellTooltip: false, separator: false, showFilters: false, updateData: "[Function]", updateSchema: "[Function]", onSelect: "[Function]", onSelectAll: "[Function]", updateSortingList: "[Function]", updateFilterList: "[Function]"
 (1ms)
    ✓ 
  totalRecords: 10, page: 20, pageSize: 15, loading: false, error: true, showHead: false, showMenu: true, draggable: false, nestedRows: true, withPagination: true, withCheckbox: true, headCellTooltip: true, separator: true, showFilters: true, updateData: "[Function]", updateSchema: "[Function]", onSelect: "[Function]", onSelectAll: "[Function]", updateSortingList: "[Function]", updateFilterList: "[Function]"
 (3ms)
    ✓ 
  totalRecords: 10, page: 20, pageSize: 15, loading: false, error: true, showHead: false, showMenu: true, draggable: false, nestedRows: true, withPagination: true, withCheckbox: true, headCellTooltip: true, separator: true, showFilters: false, updateData: "[Function]", updateSchema: "[Function]", onSelect: "[Function]", onSelectAll: "[Function]", updateSortingList: "[Function]", updateFilterList: "[Function]"
 (1ms)
    ✓ 
  totalRecords: 10, page: 20, pageSize: 15, loading: false, error: true, showHead: false, showMenu: true, draggable: false, nestedRows: true, withPagination: true, withCheckbox: true, headCellTooltip: true, separator: false, showFilters: true, updateData: "[Function]", updateSchema: "[Function]", onSelect: "[Function]", onSelectAll: "[Function]", updateSortingList: "[Function]", updateFilterList: "[Function]"

    ✓ 
  totalRecords: 10, page: 20, pageSize: 15, loading: false, error: true, showHead: false, showMenu: true, draggable: false, nestedRows: true, withPagination: true, withCheckbox: true, headCellTooltip: true, separator: false, showFilters: false, updateData: "[Function]", updateSchema: "[Function]", onSelect: "[Function]", onSelectAll: "[Function]", updateSortingList: "[Function]", updateFilterList: "[Function]"
 (2ms)
    ✓ 
  totalRecords: 10, page: 20, pageSize: 15, loading: false, error: true, showHead: false, showMenu: true, draggable: false, nestedRows: true, withPagination: true, withCheckbox: true, headCellTooltip: false, separator: true, showFilters: true, updateData: "[Function]", updateSchema: "[Function]", onSelect: "[Function]", onSelectAll: "[Function]", updateSortingList: "[Function]", updateFilterList: "[Function]"

    ✓ 
  totalRecords: 10, page: 20, pageSize: 15, loading: false, error: true, showHead: false, showMenu: true, draggable: false, nestedRows: true, withPagination: true, withCheckbox: true, headCellTooltip: false, separator: true, showFilters: false, updateData: "[Function]", updateSchema: "[Function]", onSelect: "[Function]", onSelectAll: "[Function]", updateSortingList: "[Function]", updateFilterList: "[Function]"
 (1ms)
    ✓ 
  totalRecords: 10, page: 20, pageSize: 15, loading: false, error: true, showHead: false, showMenu: true, draggable: false, nestedRows: true, withPagination: true, withCheckbox: true, headCellTooltip: false, separator: false, showFilters: true, updateData: "[Function]", updateSchema: "[Function]", onSelect: "[Function]", onSelectAll: "[Function]", updateSortingList: "[Function]", updateFilterList: "[Function]"
 (1ms)
    ✓ 
  totalRecords: 10, page: 20, pageSize: 15, loading: false, error: true, showHead: false, showMenu: true, draggable: false, nestedRows: true, withPagination: true, withCheckbox: true, headCellTooltip: false, separator: false, showFilters: false, updateData: "[Function]", updateSchema: "[Function]", onSelect: "[Function]", onSelectAll: "[Function]", updateSortingList: "[Function]", updateFilterList: "[Function]"

    ✓ 
  totalRecords: 10, page: 20, pageSize: 15, loading: false, error: true, showHead: false, showMenu: true, draggable: false, nestedRows: true, withPagination: true, withCheckbox: false, headCellTooltip: true, separator: true, showFilters: true, updateData: "[Function]", updateSchema: "[Function]", onSelect: "[Function]", onSelectAll: "[Function]", updateSortingList: "[Function]", updateFilterList: "[Function]"
 (1ms)
    ✓ 
  totalRecords: 10, page: 20, pageSize: 15, loading: false, error: true, showHead: false, showMenu: true, draggable: false, nestedRows: true, withPagination: true, withCheckbox: false, headCellTooltip: true, separator: true, showFilters: false, updateData: "[Function]", updateSchema: "[Function]", onSelect: "[Function]", onSelectAll: "[Function]", updateSortingList: "[Function]", updateFilterList: "[Function]"
 (1ms)
    ✓ 
  totalRecords: 10, page: 20, pageSize: 15, loading: false, error: true, showHead: false, showMenu: true, draggable: false, nestedRows: true, withPagination: true, withCheckbox: false, headCellTooltip: true, separator: false, showFilters: true, updateData: "[Function]", updateSchema: "[Function]", onSelect: "[Function]", onSelectAll: "[Function]", updateSortingList: "[Function]", updateFilterList: "[Function]"
 (1ms)
    ✓ 
  totalRecords: 10, page: 20, pageSize: 15, loading: false, error: true, showHead: false, showMenu: true, draggable: false, nestedRows: true, withPagination: true, withCheckbox: false, headCellTooltip: true, separator: false, showFilters: false, updateData: "[Function]", updateSchema: "[Function]", onSelect: "[Function]", onSelectAll: "[Function]", updateSortingList: "[Function]", updateFilterList: "[Function]"
 (2ms)
    ✓ 
  totalRecords: 10, page: 20, pageSize: 15, loading: false, error: true, showHead: false, showMenu: true, draggable: false, nestedRows: true, withPagination: true, withCheckbox: false, headCellTooltip: false, separator: true, showFilters: true, updateData: "[Function]", updateSchema: "[Function]", onSelect: "[Function]", onSelectAll: "[Function]", updateSortingList: "[Function]", updateFilterList: "[Function]"

    ✓ 
  totalRecords: 10, page: 20, pageSize: 15, loading: false, error: true, showHead: false, showMenu: true, draggable: false, nestedRows: true, withPagination: true, withCheckbox: false, headCellTooltip: false, separator: true, showFilters: false, updateData: "[Function]", updateSchema: "[Function]", onSelect: "[Function]", onSelectAll: "[Function]", updateSortingList: "[Function]", updateFilterList: "[Function]"
 (1ms)
    ✓ 
  totalRecords: 10, page: 20, pageSize: 15, loading: false, error: true, showHead: false, showMenu: true, draggable: false, nestedRows: true, withPagination: true, withCheckbox: false, headCellTooltip: false, separator: false, showFilters: true, updateData: "[Function]", updateSchema: "[Function]", onSelect: "[Function]", onSelectAll: "[Function]", updateSortingList: "[Function]", updateFilterList: "[Function]"
 (1ms)
    ✓ 
  totalRecords: 10, page: 20, pageSize: 15, loading: false, error: true, showHead: false, showMenu: true, draggable: false, nestedRows: true, withPagination: true, withCheckbox: false, headCellTooltip: false, separator: false, showFilters: false, updateData: "[Function]", updateSchema: "[Function]", onSelect: "[Function]", onSelectAll: "[Function]", updateSortingList: "[Function]", updateFilterList: "[Function]"
 (1ms)
    ✓ 
  totalRecords: 10, page: 20, pageSize: 15, loading: false, error: true, showHead: false, showMenu: true, draggable: false, nestedRows: true, withPagination: false, withCheckbox: true, headCellTooltip: true, separator: true, showFilters: true, updateData: "[Function]", updateSchema: "[Function]", onSelect: "[Function]", onSelectAll: "[Function]", updateSortingList: "[Function]", updateFilterList: "[Function]"
 (1ms)
    ✓ 
  totalRecords: 10, page: 20, pageSize: 15, loading: false, error: true, showHead: false, showMenu: true, draggable: false, nestedRows: true, withPagination: false, withCheckbox: true, headCellTooltip: true, separator: true, showFilters: false, updateData: "[Function]", updateSchema: "[Function]", onSelect: "[Function]", onSelectAll: "[Function]", updateSortingList: "[Function]", updateFilterList: "[Function]"
 (1ms)
    ✓ 
  totalRecords: 10, page: 20, pageSize: 15, loading: false, error: true, showHead: false, showMenu: true, draggable: false, nestedRows: true, withPagination: false, withCheckbox: true, headCellTooltip: true, separator: false, showFilters: true, updateData: "[Function]", updateSchema: "[Function]", onSelect: "[Function]", onSelectAll: "[Function]", updateSortingList: "[Function]", updateFilterList: "[Function]"

    ✓ 
  totalRecords: 10, page: 20, pageSize: 15, loading: false, error: true, showHead: false, showMenu: true, draggable: false, nestedRows: true, withPagination: false, withCheckbox: true, headCellTooltip: true, separator: false, showFilters: false, updateData: "[Function]", updateSchema: "[Function]", onSelect: "[Function]", onSelectAll: "[Function]", updateSortingList: "[Function]", updateFilterList: "[Function]"
 (1ms)
    ✓ 
  totalRecords: 10, page: 20, pageSize: 15, loading: false, error: true, showHead: false, showMenu: true, draggable: false, nestedRows: true, withPagination: false, withCheckbox: true, headCellTooltip: false, separator: true, showFilters: true, updateData: "[Function]", updateSchema: "[Function]", onSelect: "[Function]", onSelectAll: "[Function]", updateSortingList: "[Function]", updateFilterList: "[Function]"
 (1ms)
    ✓ 
  totalRecords: 10, page: 20, pageSize: 15, loading: false, error: true, showHead: false, showMenu: true, draggable: false, nestedRows: true, withPagination: false, withCheckbox: true, headCellTooltip: false, separator: true, showFilters: false, updateData: "[Function]", updateSchema: "[Function]", onSelect: "[Function]", onSelectAll: "[Function]", updateSortingList: "[Function]", updateFilterList: "[Function]"

    ✓ 
  totalRecords: 10, page: 20, pageSize: 15, loading: false, error: true, showHead: false, showMenu: true, draggable: false, nestedRows: true, withPagination: false, withCheckbox: true, headCellTooltip: false, separator: false, showFilters: true, updateData: "[Function]", updateSchema: "[Function]", onSelect: "[Function]", onSelectAll: "[Function]", updateSortingList: "[Function]", updateFilterList: "[Function]"
 (2ms)
    ✓ 
  totalRecords: 10, page: 20, pageSize: 15, loading: false, error: true, showHead: false, showMenu: true, draggable: false, nestedRows: true, withPagination: false, withCheckbox: true, headCellTooltip: false, separator: false, showFilters: false, updateData: "[Function]", updateSchema: "[Function]", onSelect: "[Function]", onSelectAll: "[Function]", updateSortingList: "[Function]", updateFilterList: "[Function]"
 (2ms)
    ✓ 
  totalRecords: 10, page: 20, pageSize: 15, loading: false, error: true, showHead: false, showMenu: true, draggable: false, nestedRows: true, withPagination: false, withCheckbox: false, headCellTooltip: true, separator: true, showFilters: true, updateData: "[Function]", updateSchema: "[Function]", onSelect: "[Function]", onSelectAll: "[Function]", updateSortingList: "[Function]", updateFilterList: "[Function]"
 (1ms)
    ✓ 
  totalRecords: 10, page: 20, pageSize: 15, loading: false, error: true, showHead: false, showMenu: true, draggable: false, nestedRows: true, withPagination: false, withCheckbox: false, headCellTooltip: true, separator: true, showFilters: false, updateData: "[Function]", updateSchema: "[Function]", onSelect: "[Function]", onSelectAll: "[Function]", updateSortingList: "[Function]", updateFilterList: "[Function]"

    ✓ 
  totalRecords: 10, page: 20, pageSize: 15, loading: false, error: true, showHead: false, showMenu: true, draggable: false, nestedRows: true, withPagination: false, withCheckbox: false, headCellTooltip: true, separator: false, showFilters: true, updateData: "[Function]", updateSchema: "[Function]", onSelect: "[Function]", onSelectAll: "[Function]", updateSortingList: "[Function]", updateFilterList: "[Function]"
 (1ms)
    ✓ 
  totalRecords: 10, page: 20, pageSize: 15, loading: false, error: true, showHead: false, showMenu: true, draggable: false, nestedRows: true, withPagination: false, withCheckbox: false, headCellTooltip: true, separator: false, showFilters: false, updateData: "[Function]", updateSchema: "[Function]", onSelect: "[Function]", onSelectAll: "[Function]", updateSortingList: "[Function]", updateFilterList: "[Function]"
 (2ms)
    ✓ 
  totalRecords: 10, page: 20, pageSize: 15, loading: false, error: true, showHead: false, showMenu: true, draggable: false, nestedRows: true, withPagination: false, withCheckbox: false, headCellTooltip: false, separator: true, showFilters: true, updateData: "[Function]", updateSchema: "[Function]", onSelect: "[Function]", onSelectAll: "[Function]", updateSortingList: "[Function]", updateFilterList: "[Function]"
 (2ms)
    ✓ 
  totalRecords: 10, page: 20, pageSize: 15, loading: false, error: true, showHead: false, showMenu: true, draggable: false, nestedRows: true, withPagination: false, withCheckbox: false, headCellTooltip: false, separator: true, showFilters: false, updateData: "[Function]", updateSchema: "[Function]", onSelect: "[Function]", onSelectAll: "[Function]", updateSortingList: "[Function]", updateFilterList: "[Function]"
 (1ms)
    ✓ 
  totalRecords: 10, page: 20, pageSize: 15, loading: false, error: true, showHead: false, showMenu: true, draggable: false, nestedRows: true, withPagination: false, withCheckbox: false, headCellTooltip: false, separator: false, showFilters: true, updateData: "[Function]", updateSchema: "[Function]", onSelect: "[Function]", onSelectAll: "[Function]", updateSortingList: "[Function]", updateFilterList: "[Function]"
 (1ms)
    ✓ 
  totalRecords: 10, page: 20, pageSize: 15, loading: false, error: true, showHead: false, showMenu: true, draggable: false, nestedRows: true, withPagination: false, withCheckbox: false, headCellTooltip: false, separator: false, showFilters: false, updateData: "[Function]", updateSchema: "[Function]", onSelect: "[Function]", onSelectAll: "[Function]", updateSortingList: "[Function]", updateFilterList: "[Function]"
 (2ms)
    ✓ 
  totalRecords: 10, page: 20, pageSize: 15, loading: false, error: true, showHead: false, showMenu: true, draggable: false, nestedRows: false, withPagination: true, withCheckbox: true, headCellTooltip: true, separator: true, showFilters: true, updateData: "[Function]", updateSchema: "[Function]", onSelect: "[Function]", onSelectAll: "[Function]", updateSortingList: "[Function]", updateFilterList: "[Function]"
 (1ms)
    ✓ 
  totalRecords: 10, page: 20, pageSize: 15, loading: false, error: true, showHead: false, showMenu: true, draggable: false, nestedRows: false, withPagination: true, withCheckbox: true, headCellTooltip: true, separator: true, showFilters: false, updateData: "[Function]", updateSchema: "[Function]", onSelect: "[Function]", onSelectAll: "[Function]", updateSortingList: "[Function]", updateFilterList: "[Function]"

    ✓ 
  totalRecords: 10, page: 20, pageSize: 15, loading: false, error: true, showHead: false, showMenu: true, draggable: false, nestedRows: false, withPagination: true, withCheckbox: true, headCellTooltip: true, separator: false, showFilters: true, updateData: "[Function]", updateSchema: "[Function]", onSelect: "[Function]", onSelectAll: "[Function]", updateSortingList: "[Function]", updateFilterList: "[Function]"
 (1ms)
    ✓ 
  totalRecords: 10, page: 20, pageSize: 15, loading: false, error: true, showHead: false, showMenu: true, draggable: false, nestedRows: false, withPagination: true, withCheckbox: true, headCellTooltip: true, separator: false, showFilters: false, updateData: "[Function]", updateSchema: "[Function]", onSelect: "[Function]", onSelectAll: "[Function]", updateSortingList: "[Function]", updateFilterList: "[Function]"
 (1ms)
    ✓ 
  totalRecords: 10, page: 20, pageSize: 15, loading: false, error: true, showHead: false, showMenu: true, draggable: false, nestedRows: false, withPagination: true, withCheckbox: true, headCellTooltip: false, separator: true, showFilters: true, updateData: "[Function]", updateSchema: "[Function]", onSelect: "[Function]", onSelectAll: "[Function]", updateSortingList: "[Function]", updateFilterList: "[Function]"
 (1ms)
    ✓ 
  totalRecords: 10, page: 20, pageSize: 15, loading: false, error: true, showHead: false, showMenu: true, draggable: false, nestedRows: false, withPagination: true, withCheckbox: true, headCellTooltip: false, separator: true, showFilters: false, updateData: "[Function]", updateSchema: "[Function]", onSelect: "[Function]", onSelectAll: "[Function]", updateSortingList: "[Function]", updateFilterList: "[Function]"
 (1ms)
    ✓ 
  totalRecords: 10, page: 20, pageSize: 15, loading: false, error: true, showHead: false, showMenu: true, draggable: false, nestedRows: false, withPagination: true, withCheckbox: true, headCellTooltip: false, separator: false, showFilters: true, updateData: "[Function]", updateSchema: "[Function]", onSelect: "[Function]", onSelectAll: "[Function]", updateSortingList: "[Function]", updateFilterList: "[Function]"
 (1ms)
    ✓ 
  totalRecords: 10, page: 20, pageSize: 15, loading: false, error: true, showHead: false, showMenu: true, draggable: false, nestedRows: false, withPagination: true, withCheckbox: true, headCellTooltip: false, separator: false, showFilters: false, updateData: "[Function]", updateSchema: "[Function]", onSelect: "[Function]", onSelectAll: "[Function]", updateSortingList: "[Function]", updateFilterList: "[Function]"

    ✓ 
  totalRecords: 10, page: 20, pageSize: 15, loading: false, error: true, showHead: false, showMenu: true, draggable: false, nestedRows: false, withPagination: true, withCheckbox: false, headCellTooltip: true, separator: true, showFilters: true, updateData: "[Function]", updateSchema: "[Function]", onSelect: "[Function]", onSelectAll: "[Function]", updateSortingList: "[Function]", updateFilterList: "[Function]"

    ✓ 
  totalRecords: 10, page: 20, pageSize: 15, loading: false, error: true, showHead: false, showMenu: true, draggable: false, nestedRows: false, withPagination: true, withCheckbox: false, headCellTooltip: true, separator: true, showFilters: false, updateData: "[Function]", updateSchema: "[Function]", onSelect: "[Function]", onSelectAll: "[Function]", updateSortingList: "[Function]", updateFilterList: "[Function]"
 (3ms)
    ✓ 
  totalRecords: 10, page: 20, pageSize: 15, loading: false, error: true, showHead: false, showMenu: true, draggable: false, nestedRows: false, withPagination: true, withCheckbox: false, headCellTooltip: true, separator: false, showFilters: true, updateData: "[Function]", updateSchema: "[Function]", onSelect: "[Function]", onSelectAll: "[Function]", updateSortingList: "[Function]", updateFilterList: "[Function]"
 (2ms)
    ✓ 
  totalRecords: 10, page: 20, pageSize: 15, loading: false, error: true, showHead: false, showMenu: true, draggable: false, nestedRows: false, withPagination: true, withCheckbox: false, headCellTooltip: true, separator: false, showFilters: false, updateData: "[Function]", updateSchema: "[Function]", onSelect: "[Function]", onSelectAll: "[Function]", updateSortingList: "[Function]", updateFilterList: "[Function]"
 (2ms)
    ✓ 
  totalRecords: 10, page: 20, pageSize: 15, loading: false, error: true, showHead: false, showMenu: true, draggable: false, nestedRows: false, withPagination: true, withCheckbox: false, headCellTooltip: false, separator: true, showFilters: true, updateData: "[Function]", updateSchema: "[Function]", onSelect: "[Function]", onSelectAll: "[Function]", updateSortingList: "[Function]", updateFilterList: "[Function]"
 (1ms)
    ✓ 
  totalRecords: 10, page: 20, pageSize: 15, loading: false, error: true, showHead: false, showMenu: true, draggable: false, nestedRows: false, withPagination: true, withCheckbox: false, headCellTooltip: false, separator: true, showFilters: false, updateData: "[Function]", updateSchema: "[Function]", onSelect: "[Function]", onSelectAll: "[Function]", updateSortingList: "[Function]", updateFilterList: "[Function]"

    ✓ 
  totalRecords: 10, page: 20, pageSize: 15, loading: false, error: true, showHead: false, showMenu: true, draggable: false, nestedRows: false, withPagination: true, withCheckbox: false, headCellTooltip: false, separator: false, showFilters: true, updateData: "[Function]", updateSchema: "[Function]", onSelect: "[Function]", onSelectAll: "[Function]", updateSortingList: "[Function]", updateFilterList: "[Function]"
 (1ms)
    ✓ 
  totalRecords: 10, page: 20, pageSize: 15, loading: false, error: true, showHead: false, showMenu: true, draggable: false, nestedRows: false, withPagination: true, withCheckbox: false, headCellTooltip: false, separator: false, showFilters: false, updateData: "[Function]", updateSchema: "[Function]", onSelect: "[Function]", onSelectAll: "[Function]", updateSortingList: "[Function]", updateFilterList: "[Function]"
 (2ms)
    ✓ 
  totalRecords: 10, page: 20, pageSize: 15, loading: false, error: true, showHead: false, showMenu: true, draggable: false, nestedRows: false, withPagination: false, withCheckbox: true, headCellTooltip: true, separator: true, showFilters: true, updateData: "[Function]", updateSchema: "[Function]", onSelect: "[Function]", onSelectAll: "[Function]", updateSortingList: "[Function]", updateFilterList: "[Function]"

    ✓ 
  totalRecords: 10, page: 20, pageSize: 15, loading: false, error: true, showHead: false, showMenu: true, draggable: false, nestedRows: false, withPagination: false, withCheckbox: true, headCellTooltip: true, separator: true, showFilters: false, updateData: "[Function]", updateSchema: "[Function]", onSelect: "[Function]", onSelectAll: "[Function]", updateSortingList: "[Function]", updateFilterList: "[Function]"
 (1ms)
    ✓ 
  totalRecords: 10, page: 20, pageSize: 15, loading: false, error: true, showHead: false, showMenu: true, draggable: false, nestedRows: false, withPagination: false, withCheckbox: true, headCellTooltip: true, separator: false, showFilters: true, updateData: "[Function]", updateSchema: "[Function]", onSelect: "[Function]", onSelectAll: "[Function]", updateSortingList: "[Function]", updateFilterList: "[Function]"
 (1ms)
    ✓ 
  totalRecords: 10, page: 20, pageSize: 15, loading: false, error: true, showHead: false, showMenu: true, draggable: false, nestedRows: false, withPagination: false, withCheckbox: true, headCellTooltip: true, separator: false, showFilters: false, updateData: "[Function]", updateSchema: "[Function]", onSelect: "[Function]", onSelectAll: "[Function]", updateSortingList: "[Function]", updateFilterList: "[Function]"
 (1ms)
    ✓ 
  totalRecords: 10, page: 20, pageSize: 15, loading: false, error: true, showHead: false, showMenu: true, draggable: false, nestedRows: false, withPagination: false, withCheckbox: true, headCellTooltip: false, separator: true, showFilters: true, updateData: "[Function]", updateSchema: "[Function]", onSelect: "[Function]", onSelectAll: "[Function]", updateSortingList: "[Function]", updateFilterList: "[Function]"

    ✓ 
  totalRecords: 10, page: 20, pageSize: 15, loading: false, error: true, showHead: false, showMenu: true, draggable: false, nestedRows: false, withPagination: false, withCheckbox: true, headCellTooltip: false, separator: true, showFilters: false, updateData: "[Function]", updateSchema: "[Function]", onSelect: "[Function]", onSelectAll: "[Function]", updateSortingList: "[Function]", updateFilterList: "[Function]"
 (1ms)
    ✓ 
  totalRecords: 10, page: 20, pageSize: 15, loading: false, error: true, showHead: false, showMenu: true, draggable: false, nestedRows: false, withPagination: false, withCheckbox: true, headCellTooltip: false, separator: false, showFilters: true, updateData: "[Function]", updateSchema: "[Function]", onSelect: "[Function]", onSelectAll: "[Function]", updateSortingList: "[Function]", updateFilterList: "[Function]"
 (2ms)
    ✓ 
  totalRecords: 10, page: 20, pageSize: 15, loading: false, error: true, showHead: false, showMenu: true, draggable: false, nestedRows: false, withPagination: false, withCheckbox: true, headCellTooltip: false, separator: false, showFilters: false, updateData: "[Function]", updateSchema: "[Function]", onSelect: "[Function]", onSelectAll: "[Function]", updateSortingList: "[Function]", updateFilterList: "[Function]"
 (1ms)
    ✓ 
  totalRecords: 10, page: 20, pageSize: 15, loading: false, error: true, showHead: false, showMenu: true, draggable: false, nestedRows: false, withPagination: false, withCheckbox: false, headCellTooltip: true, separator: true, showFilters: true, updateData: "[Function]", updateSchema: "[Function]", onSelect: "[Function]", onSelectAll: "[Function]", updateSortingList: "[Function]", updateFilterList: "[Function]"
 (1ms)
    ✓ 
  totalRecords: 10, page: 20, pageSize: 15, loading: false, error: true, showHead: false, showMenu: true, draggable: false, nestedRows: false, withPagination: false, withCheckbox: false, headCellTooltip: true, separator: true, showFilters: false, updateData: "[Function]", updateSchema: "[Function]", onSelect: "[Function]", onSelectAll: "[Function]", updateSortingList: "[Function]", updateFilterList: "[Function]"
 (1ms)
    ✓ 
  totalRecords: 10, page: 20, pageSize: 15, loading: false, error: true, showHead: false, showMenu: true, draggable: false, nestedRows: false, withPagination: false, withCheckbox: false, headCellTooltip: true, separator: false, showFilters: true, updateData: "[Function]", updateSchema: "[Function]", onSelect: "[Function]", onSelectAll: "[Function]", updateSortingList: "[Function]", updateFilterList: "[Function]"
 (1ms)
    ✓ 
  totalRecords: 10, page: 20, pageSize: 15, loading: false, error: true, showHead: false, showMenu: true, draggable: false, nestedRows: false, withPagination: false, withCheckbox: false, headCellTooltip: true, separator: false, showFilters: false, updateData: "[Function]", updateSchema: "[Function]", onSelect: "[Function]", onSelectAll: "[Function]", updateSortingList: "[Function]", updateFilterList: "[Function]"

    ✓ 
  totalRecords: 10, page: 20, pageSize: 15, loading: false, error: true, showHead: false, showMenu: true, draggable: false, nestedRows: false, withPagination: false, withCheckbox: false, headCellTooltip: false, separator: true, showFilters: true, updateData: "[Function]", updateSchema: "[Function]", onSelect: "[Function]", onSelectAll: "[Function]", updateSortingList: "[Function]", updateFilterList: "[Function]"
 (2ms)
    ✓ 
  totalRecords: 10, page: 20, pageSize: 15, loading: false, error: true, showHead: false, showMenu: true, draggable: false, nestedRows: false, withPagination: false, withCheckbox: false, headCellTooltip: false, separator: true, showFilters: false, updateData: "[Function]", updateSchema: "[Function]", onSelect: "[Function]", onSelectAll: "[Function]", updateSortingList: "[Function]", updateFilterList: "[Function]"
 (1ms)
    ✓ 
  totalRecords: 10, page: 20, pageSize: 15, loading: false, error: true, showHead: false, showMenu: true, draggable: false, nestedRows: false, withPagination: false, withCheckbox: false, headCellTooltip: false, separator: false, showFilters: true, updateData: "[Function]", updateSchema: "[Function]", onSelect: "[Function]", onSelectAll: "[Function]", updateSortingList: "[Function]", updateFilterList: "[Function]"

    ✓ 
  totalRecords: 10, page: 20, pageSize: 15, loading: false, error: true, showHead: false, showMenu: true, draggable: false, nestedRows: false, withPagination: false, withCheckbox: false, headCellTooltip: false, separator: false, showFilters: false, updateData: "[Function]", updateSchema: "[Function]", onSelect: "[Function]", onSelectAll: "[Function]", updateSortingList: "[Function]", updateFilterList: "[Function]"
 (3ms)
    ✓ 
  totalRecords: 10, page: 20, pageSize: 15, loading: false, error: true, showHead: false, showMenu: false, draggable: true, nestedRows: true, withPagination: true, withCheckbox: true, headCellTooltip: true, separator: true, showFilters: true, updateData: "[Function]", updateSchema: "[Function]", onSelect: "[Function]", onSelectAll: "[Function]", updateSortingList: "[Function]", updateFilterList: "[Function]"
 (1ms)
    ✓ 
  totalRecords: 10, page: 20, pageSize: 15, loading: false, error: true, showHead: false, showMenu: false, draggable: true, nestedRows: true, withPagination: true, withCheckbox: true, headCellTooltip: true, separator: true, showFilters: false, updateData: "[Function]", updateSchema: "[Function]", onSelect: "[Function]", onSelectAll: "[Function]", updateSortingList: "[Function]", updateFilterList: "[Function]"
 (1ms)
    ✓ 
  totalRecords: 10, page: 20, pageSize: 15, loading: false, error: true, showHead: false, showMenu: false, draggable: true, nestedRows: true, withPagination: true, withCheckbox: true, headCellTooltip: true, separator: false, showFilters: true, updateData: "[Function]", updateSchema: "[Function]", onSelect: "[Function]", onSelectAll: "[Function]", updateSortingList: "[Function]", updateFilterList: "[Function]"
 (1ms)
    ✓ 
  totalRecords: 10, page: 20, pageSize: 15, loading: false, error: true, showHead: false, showMenu: false, draggable: true, nestedRows: true, withPagination: true, withCheckbox: true, headCellTooltip: true, separator: false, showFilters: false, updateData: "[Function]", updateSchema: "[Function]", onSelect: "[Function]", onSelectAll: "[Function]", updateSortingList: "[Function]", updateFilterList: "[Function]"
 (2ms)
    ✓ 
  totalRecords: 10, page: 20, pageSize: 15, loading: false, error: true, showHead: false, showMenu: false, draggable: true, nestedRows: true, withPagination: true, withCheckbox: true, headCellTooltip: false, separator: true, showFilters: true, updateData: "[Function]", updateSchema: "[Function]", onSelect: "[Function]", onSelectAll: "[Function]", updateSortingList: "[Function]", updateFilterList: "[Function]"

    ✓ 
  totalRecords: 10, page: 20, pageSize: 15, loading: false, error: true, showHead: false, showMenu: false, draggable: true, nestedRows: true, withPagination: true, withCheckbox: true, headCellTooltip: false, separator: true, showFilters: false, updateData: "[Function]", updateSchema: "[Function]", onSelect: "[Function]", onSelectAll: "[Function]", updateSortingList: "[Function]", updateFilterList: "[Function]"
 (1ms)
    ✓ 
  totalRecords: 10, page: 20, pageSize: 15, loading: false, error: true, showHead: false, showMenu: false, draggable: true, nestedRows: true, withPagination: true, withCheckbox: true, headCellTooltip: false, separator: false, showFilters: true, updateData: "[Function]", updateSchema: "[Function]", onSelect: "[Function]", onSelectAll: "[Function]", updateSortingList: "[Function]", updateFilterList: "[Function]"
 (1ms)
    ✓ 
  totalRecords: 10, page: 20, pageSize: 15, loading: false, error: true, showHead: false, showMenu: false, draggable: true, nestedRows: true, withPagination: true, withCheckbox: true, headCellTooltip: false, separator: false, showFilters: false, updateData: "[Function]", updateSchema: "[Function]", onSelect: "[Function]", onSelectAll: "[Function]", updateSortingList: "[Function]", updateFilterList: "[Function]"
 (1ms)
    ✓ 
  totalRecords: 10, page: 20, pageSize: 15, loading: false, error: true, showHead: false, showMenu: false, draggable: true, nestedRows: true, withPagination: true, withCheckbox: false, headCellTooltip: true, separator: true, showFilters: true, updateData: "[Function]", updateSchema: "[Function]", onSelect: "[Function]", onSelectAll: "[Function]", updateSortingList: "[Function]", updateFilterList: "[Function]"
 (2ms)
    ✓ 
  totalRecords: 10, page: 20, pageSize: 15, loading: false, error: true, showHead: false, showMenu: false, draggable: true, nestedRows: true, withPagination: true, withCheckbox: false, headCellTooltip: true, separator: true, showFilters: false, updateData: "[Function]", updateSchema: "[Function]", onSelect: "[Function]", onSelectAll: "[Function]", updateSortingList: "[Function]", updateFilterList: "[Function]"
 (2ms)
    ✓ 
  totalRecords: 10, page: 20, pageSize: 15, loading: false, error: true, showHead: false, showMenu: false, draggable: true, nestedRows: true, withPagination: true, withCheckbox: false, headCellTooltip: true, separator: false, showFilters: true, updateData: "[Function]", updateSchema: "[Function]", onSelect: "[Function]", onSelectAll: "[Function]", updateSortingList: "[Function]", updateFilterList: "[Function]"
 (2ms)
    ✓ 
  totalRecords: 10, page: 20, pageSize: 15, loading: false, error: true, showHead: false, showMenu: false, draggable: true, nestedRows: true, withPagination: true, withCheckbox: false, headCellTooltip: true, separator: false, showFilters: false, updateData: "[Function]", updateSchema: "[Function]", onSelect: "[Function]", onSelectAll: "[Function]", updateSortingList: "[Function]", updateFilterList: "[Function]"
 (1ms)
    ✓ 
  totalRecords: 10, page: 20, pageSize: 15, loading: false, error: true, showHead: false, showMenu: false, draggable: true, nestedRows: true, withPagination: true, withCheckbox: false, headCellTooltip: false, separator: true, showFilters: true, updateData: "[Function]", updateSchema: "[Function]", onSelect: "[Function]", onSelectAll: "[Function]", updateSortingList: "[Function]", updateFilterList: "[Function]"
 (1ms)
    ✓ 
  totalRecords: 10, page: 20, pageSize: 15, loading: false, error: true, showHead: false, showMenu: false, draggable: true, nestedRows: true, withPagination: true, withCheckbox: false, headCellTooltip: false, separator: true, showFilters: false, updateData: "[Function]", updateSchema: "[Function]", onSelect: "[Function]", onSelectAll: "[Function]", updateSortingList: "[Function]", updateFilterList: "[Function]"

    ✓ 
  totalRecords: 10, page: 20, pageSize: 15, loading: false, error: true, showHead: false, showMenu: false, draggable: true, nestedRows: true, withPagination: true, withCheckbox: false, headCellTooltip: false, separator: false, showFilters: true, updateData: "[Function]", updateSchema: "[Function]", onSelect: "[Function]", onSelectAll: "[Function]", updateSortingList: "[Function]", updateFilterList: "[Function]"
 (1ms)
    ✓ 
  totalRecords: 10, page: 20, pageSize: 15, loading: false, error: true, showHead: false, showMenu: false, draggable: true, nestedRows: true, withPagination: true, withCheckbox: false, headCellTooltip: false, separator: false, showFilters: false, updateData: "[Function]", updateSchema: "[Function]", onSelect: "[Function]", onSelectAll: "[Function]", updateSortingList: "[Function]", updateFilterList: "[Function]"

    ✓ 
  totalRecords: 10, page: 20, pageSize: 15, loading: false, error: true, showHead: false, showMenu: false, draggable: true, nestedRows: true, withPagination: false, withCheckbox: true, headCellTooltip: true, separator: true, showFilters: true, updateData: "[Function]", updateSchema: "[Function]", onSelect: "[Function]", onSelectAll: "[Function]", updateSortingList: "[Function]", updateFilterList: "[Function]"
 (1ms)
    ✓ 
  totalRecords: 10, page: 20, pageSize: 15, loading: false, error: true, showHead: false, showMenu: false, draggable: true, nestedRows: true, withPagination: false, withCheckbox: true, headCellTooltip: true, separator: true, showFilters: false, updateData: "[Function]", updateSchema: "[Function]", onSelect: "[Function]", onSelectAll: "[Function]", updateSortingList: "[Function]", updateFilterList: "[Function]"
 (1ms)
    ✓ 
  totalRecords: 10, page: 20, pageSize: 15, loading: false, error: true, showHead: false, showMenu: false, draggable: true, nestedRows: true, withPagination: false, withCheckbox: true, headCellTooltip: true, separator: false, showFilters: true, updateData: "[Function]", updateSchema: "[Function]", onSelect: "[Function]", onSelectAll: "[Function]", updateSortingList: "[Function]", updateFilterList: "[Function]"

    ✓ 
  totalRecords: 10, page: 20, pageSize: 15, loading: false, error: true, showHead: false, showMenu: false, draggable: true, nestedRows: true, withPagination: false, withCheckbox: true, headCellTooltip: true, separator: false, showFilters: false, updateData: "[Function]", updateSchema: "[Function]", onSelect: "[Function]", onSelectAll: "[Function]", updateSortingList: "[Function]", updateFilterList: "[Function]"
 (1ms)
    ✓ 
  totalRecords: 10, page: 20, pageSize: 15, loading: false, error: true, showHead: false, showMenu: false, draggable: true, nestedRows: true, withPagination: false, withCheckbox: true, headCellTooltip: false, separator: true, showFilters: true, updateData: "[Function]", updateSchema: "[Function]", onSelect: "[Function]", onSelectAll: "[Function]", updateSortingList: "[Function]", updateFilterList: "[Function]"
 (1ms)
    ✓ 
  totalRecords: 10, page: 20, pageSize: 15, loading: false, error: true, showHead: false, showMenu: false, draggable: true, nestedRows: true, withPagination: false, withCheckbox: true, headCellTooltip: false, separator: true, showFilters: false, updateData: "[Function]", updateSchema: "[Function]", onSelect: "[Function]", onSelectAll: "[Function]", updateSortingList: "[Function]", updateFilterList: "[Function]"

    ✓ 
  totalRecords: 10, page: 20, pageSize: 15, loading: false, error: true, showHead: false, showMenu: false, draggable: true, nestedRows: true, withPagination: false, withCheckbox: true, headCellTooltip: false, separator: false, showFilters: true, updateData: "[Function]", updateSchema: "[Function]", onSelect: "[Function]", onSelectAll: "[Function]", updateSortingList: "[Function]", updateFilterList: "[Function]"

    ✓ 
  totalRecords: 10, page: 20, pageSize: 15, loading: false, error: true, showHead: false, showMenu: false, draggable: true, nestedRows: true, withPagination: false, withCheckbox: true, headCellTooltip: false, separator: false, showFilters: false, updateData: "[Function]", updateSchema: "[Function]", onSelect: "[Function]", onSelectAll: "[Function]", updateSortingList: "[Function]", updateFilterList: "[Function]"
 (1ms)
    ✓ 
  totalRecords: 10, page: 20, pageSize: 15, loading: false, error: true, showHead: false, showMenu: false, draggable: true, nestedRows: true, withPagination: false, withCheckbox: false, headCellTooltip: true, separator: true, showFilters: true, updateData: "[Function]", updateSchema: "[Function]", onSelect: "[Function]", onSelectAll: "[Function]", updateSortingList: "[Function]", updateFilterList: "[Function]"
 (2ms)
    ✓ 
  totalRecords: 10, page: 20, pageSize: 15, loading: false, error: true, showHead: false, showMenu: false, draggable: true, nestedRows: true, withPagination: false, withCheckbox: false, headCellTooltip: true, separator: true, showFilters: false, updateData: "[Function]", updateSchema: "[Function]", onSelect: "[Function]", onSelectAll: "[Function]", updateSortingList: "[Function]", updateFilterList: "[Function]"
 (2ms)
    ✓ 
  totalRecords: 10, page: 20, pageSize: 15, loading: false, error: true, showHead: false, showMenu: false, draggable: true, nestedRows: true, withPagination: false, withCheckbox: false, headCellTooltip: true, separator: false, showFilters: true, updateData: "[Function]", updateSchema: "[Function]", onSelect: "[Function]", onSelectAll: "[Function]", updateSortingList: "[Function]", updateFilterList: "[Function]"
 (1ms)
    ✓ 
  totalRecords: 10, page: 20, pageSize: 15, loading: false, error: true, showHead: false, showMenu: false, draggable: true, nestedRows: true, withPagination: false, withCheckbox: false, headCellTooltip: true, separator: false, showFilters: false, updateData: "[Function]", updateSchema: "[Function]", onSelect: "[Function]", onSelectAll: "[Function]", updateSortingList: "[Function]", updateFilterList: "[Function]"
 (3ms)
    ✓ 
  totalRecords: 10, page: 20, pageSize: 15, loading: false, error: true, showHead: false, showMenu: false, draggable: true, nestedRows: true, withPagination: false, withCheckbox: false, headCellTooltip: false, separator: true, showFilters: true, updateData: "[Function]", updateSchema: "[Function]", onSelect: "[Function]", onSelectAll: "[Function]", updateSortingList: "[Function]", updateFilterList: "[Function]"
 (1ms)
    ✓ 
  totalRecords: 10, page: 20, pageSize: 15, loading: false, error: true, showHead: false, showMenu: false, draggable: true, nestedRows: true, withPagination: false, withCheckbox: false, headCellTooltip: false, separator: true, showFilters: false, updateData: "[Function]", updateSchema: "[Function]", onSelect: "[Function]", onSelectAll: "[Function]", updateSortingList: "[Function]", updateFilterList: "[Function]"

    ✓ 
  totalRecords: 10, page: 20, pageSize: 15, loading: false, error: true, showHead: false, showMenu: false, draggable: true, nestedRows: true, withPagination: false, withCheckbox: false, headCellTooltip: false, separator: false, showFilters: true, updateData: "[Function]", updateSchema: "[Function]", onSelect: "[Function]", onSelectAll: "[Function]", updateSortingList: "[Function]", updateFilterList: "[Function]"
 (2ms)
    ✓ 
  totalRecords: 10, page: 20, pageSize: 15, loading: false, error: true, showHead: false, showMenu: false, draggable: true, nestedRows: true, withPagination: false, withCheckbox: false, headCellTooltip: false, separator: false, showFilters: false, updateData: "[Function]", updateSchema: "[Function]", onSelect: "[Function]", onSelectAll: "[Function]", updateSortingList: "[Function]", updateFilterList: "[Function]"
 (1ms)
    ✓ 
  totalRecords: 10, page: 20, pageSize: 15, loading: false, error: true, showHead: false, showMenu: false, draggable: true, nestedRows: false, withPagination: true, withCheckbox: true, headCellTooltip: true, separator: true, showFilters: true, updateData: "[Function]", updateSchema: "[Function]", onSelect: "[Function]", onSelectAll: "[Function]", updateSortingList: "[Function]", updateFilterList: "[Function]"

    ✓ 
  totalRecords: 10, page: 20, pageSize: 15, loading: false, error: true, showHead: false, showMenu: false, draggable: true, nestedRows: false, withPagination: true, withCheckbox: true, headCellTooltip: true, separator: true, showFilters: false, updateData: "[Function]", updateSchema: "[Function]", onSelect: "[Function]", onSelectAll: "[Function]", updateSortingList: "[Function]", updateFilterList: "[Function]"

    ✓ 
  totalRecords: 10, page: 20, pageSize: 15, loading: false, error: true, showHead: false, showMenu: false, draggable: true, nestedRows: false, withPagination: true, withCheckbox: true, headCellTooltip: true, separator: false, showFilters: true, updateData: "[Function]", updateSchema: "[Function]", onSelect: "[Function]", onSelectAll: "[Function]", updateSortingList: "[Function]", updateFilterList: "[Function]"
 (2ms)
    ✓ 
  totalRecords: 10, page: 20, pageSize: 15, loading: false, error: true, showHead: false, showMenu: false, draggable: true, nestedRows: false, withPagination: true, withCheckbox: true, headCellTooltip: true, separator: false, showFilters: false, updateData: "[Function]", updateSchema: "[Function]", onSelect: "[Function]", onSelectAll: "[Function]", updateSortingList: "[Function]", updateFilterList: "[Function]"
 (1ms)
    ✓ 
  totalRecords: 10, page: 20, pageSize: 15, loading: false, error: true, showHead: false, showMenu: false, draggable: true, nestedRows: false, withPagination: true, withCheckbox: true, headCellTooltip: false, separator: true, showFilters: true, updateData: "[Function]", updateSchema: "[Function]", onSelect: "[Function]", onSelectAll: "[Function]", updateSortingList: "[Function]", updateFilterList: "[Function]"
 (1ms)
    ✓ 
  totalRecords: 10, page: 20, pageSize: 15, loading: false, error: true, showHead: false, showMenu: false, draggable: true, nestedRows: false, withPagination: true, withCheckbox: true, headCellTooltip: false, separator: true, showFilters: false, updateData: "[Function]", updateSchema: "[Function]", onSelect: "[Function]", onSelectAll: "[Function]", updateSortingList: "[Function]", updateFilterList: "[Function]"
 (2ms)
    ✓ 
  totalRecords: 10, page: 20, pageSize: 15, loading: false, error: true, showHead: false, showMenu: false, draggable: true, nestedRows: false, withPagination: true, withCheckbox: true, headCellTooltip: false, separator: false, showFilters: true, updateData: "[Function]", updateSchema: "[Function]", onSelect: "[Function]", onSelectAll: "[Function]", updateSortingList: "[Function]", updateFilterList: "[Function]"
 (1ms)
    ✓ 
  totalRecords: 10, page: 20, pageSize: 15, loading: false, error: true, showHead: false, showMenu: false, draggable: true, nestedRows: false, withPagination: true, withCheckbox: true, headCellTooltip: false, separator: false, showFilters: false, updateData: "[Function]", updateSchema: "[Function]", onSelect: "[Function]", onSelectAll: "[Function]", updateSortingList: "[Function]", updateFilterList: "[Function]"
 (4ms)
    ✓ 
  totalRecords: 10, page: 20, pageSize: 15, loading: false, error: true, showHead: false, showMenu: false, draggable: true, nestedRows: false, withPagination: true, withCheckbox: false, headCellTooltip: true, separator: true, showFilters: true, updateData: "[Function]", updateSchema: "[Function]", onSelect: "[Function]", onSelectAll: "[Function]", updateSortingList: "[Function]", updateFilterList: "[Function]"
 (2ms)
    ✓ 
  totalRecords: 10, page: 20, pageSize: 15, loading: false, error: true, showHead: false, showMenu: false, draggable: true, nestedRows: false, withPagination: true, withCheckbox: false, headCellTooltip: true, separator: true, showFilters: false, updateData: "[Function]", updateSchema: "[Function]", onSelect: "[Function]", onSelectAll: "[Function]", updateSortingList: "[Function]", updateFilterList: "[Function]"
 (1ms)
    ✓ 
  totalRecords: 10, page: 20, pageSize: 15, loading: false, error: true, showHead: false, showMenu: false, draggable: true, nestedRows: false, withPagination: true, withCheckbox: false, headCellTooltip: true, separator: false, showFilters: true, updateData: "[Function]", updateSchema: "[Function]", onSelect: "[Function]", onSelectAll: "[Function]", updateSortingList: "[Function]", updateFilterList: "[Function]"
 (1ms)
    ✓ 
  totalRecords: 10, page: 20, pageSize: 15, loading: false, error: true, showHead: false, showMenu: false, draggable: true, nestedRows: false, withPagination: true, withCheckbox: false, headCellTooltip: true, separator: false, showFilters: false, updateData: "[Function]", updateSchema: "[Function]", onSelect: "[Function]", onSelectAll: "[Function]", updateSortingList: "[Function]", updateFilterList: "[Function]"
 (2ms)
    ✓ 
  totalRecords: 10, page: 20, pageSize: 15, loading: false, error: true, showHead: false, showMenu: false, draggable: true, nestedRows: false, withPagination: true, withCheckbox: false, headCellTooltip: false, separator: true, showFilters: true, updateData: "[Function]", updateSchema: "[Function]", onSelect: "[Function]", onSelectAll: "[Function]", updateSortingList: "[Function]", updateFilterList: "[Function]"
 (1ms)
    ✓ 
  totalRecords: 10, page: 20, pageSize: 15, loading: false, error: true, showHead: false, showMenu: false, draggable: true, nestedRows: false, withPagination: true, withCheckbox: false, headCellTooltip: false, separator: true, showFilters: false, updateData: "[Function]", updateSchema: "[Function]", onSelect: "[Function]", onSelectAll: "[Function]", updateSortingList: "[Function]", updateFilterList: "[Function]"
 (1ms)
    ✓ 
  totalRecords: 10, page: 20, pageSize: 15, loading: false, error: true, showHead: false, showMenu: false, draggable: true, nestedRows: false, withPagination: true, withCheckbox: false, headCellTooltip: false, separator: false, showFilters: true, updateData: "[Function]", updateSchema: "[Function]", onSelect: "[Function]", onSelectAll: "[Function]", updateSortingList: "[Function]", updateFilterList: "[Function]"
 (1ms)
    ✓ 
  totalRecords: 10, page: 20, pageSize: 15, loading: false, error: true, showHead: false, showMenu: false, draggable: true, nestedRows: false, withPagination: true, withCheckbox: false, headCellTooltip: false, separator: false, showFilters: false, updateData: "[Function]", updateSchema: "[Function]", onSelect: "[Function]", onSelectAll: "[Function]", updateSortingList: "[Function]", updateFilterList: "[Function]"
 (2ms)
    ✓ 
  totalRecords: 10, page: 20, pageSize: 15, loading: false, error: true, showHead: false, showMenu: false, draggable: true, nestedRows: false, withPagination: false, withCheckbox: true, headCellTooltip: true, separator: true, showFilters: true, updateData: "[Function]", updateSchema: "[Function]", onSelect: "[Function]", onSelectAll: "[Function]", updateSortingList: "[Function]", updateFilterList: "[Function]"
 (3ms)
    ✓ 
  totalRecords: 10, page: 20, pageSize: 15, loading: false, error: true, showHead: false, showMenu: false, draggable: true, nestedRows: false, withPagination: false, withCheckbox: true, headCellTooltip: true, separator: true, showFilters: false, updateData: "[Function]", updateSchema: "[Function]", onSelect: "[Function]", onSelectAll: "[Function]", updateSortingList: "[Function]", updateFilterList: "[Function]"
 (1ms)
    ✓ 
  totalRecords: 10, page: 20, pageSize: 15, loading: false, error: true, showHead: false, showMenu: false, draggable: true, nestedRows: false, withPagination: false, withCheckbox: true, headCellTooltip: true, separator: false, showFilters: true, updateData: "[Function]", updateSchema: "[Function]", onSelect: "[Function]", onSelectAll: "[Function]", updateSortingList: "[Function]", updateFilterList: "[Function]"

    ✓ 
  totalRecords: 10, page: 20, pageSize: 15, loading: false, error: true, showHead: false, showMenu: false, draggable: true, nestedRows: false, withPagination: false, withCheckbox: true, headCellTooltip: true, separator: false, showFilters: false, updateData: "[Function]", updateSchema: "[Function]", onSelect: "[Function]", onSelectAll: "[Function]", updateSortingList: "[Function]", updateFilterList: "[Function]"
 (2ms)
    ✓ 
  totalRecords: 10, page: 20, pageSize: 15, loading: false, error: true, showHead: false, showMenu: false, draggable: true, nestedRows: false, withPagination: false, withCheckbox: true, headCellTooltip: false, separator: true, showFilters: true, updateData: "[Function]", updateSchema: "[Function]", onSelect: "[Function]", onSelectAll: "[Function]", updateSortingList: "[Function]", updateFilterList: "[Function]"
 (1ms)
    ✓ 
  totalRecords: 10, page: 20, pageSize: 15, loading: false, error: true, showHead: false, showMenu: false, draggable: true, nestedRows: false, withPagination: false, withCheckbox: true, headCellTooltip: false, separator: true, showFilters: false, updateData: "[Function]", updateSchema: "[Function]", onSelect: "[Function]", onSelectAll: "[Function]", updateSortingList: "[Function]", updateFilterList: "[Function]"
 (1ms)
    ✓ 
  totalRecords: 10, page: 20, pageSize: 15, loading: false, error: true, showHead: false, showMenu: false, draggable: true, nestedRows: false, withPagination: false, withCheckbox: true, headCellTooltip: false, separator: false, showFilters: true, updateData: "[Function]", updateSchema: "[Function]", onSelect: "[Function]", onSelectAll: "[Function]", updateSortingList: "[Function]", updateFilterList: "[Function]"
 (1ms)
    ✓ 
  totalRecords: 10, page: 20, pageSize: 15, loading: false, error: true, showHead: false, showMenu: false, draggable: true, nestedRows: false, withPagination: false, withCheckbox: true, headCellTooltip: false, separator: false, showFilters: false, updateData: "[Function]", updateSchema: "[Function]", onSelect: "[Function]", onSelectAll: "[Function]", updateSortingList: "[Function]", updateFilterList: "[Function]"
 (2ms)
    ✓ 
  totalRecords: 10, page: 20, pageSize: 15, loading: false, error: true, showHead: false, showMenu: false, draggable: true, nestedRows: false, withPagination: false, withCheckbox: false, headCellTooltip: true, separator: true, showFilters: true, updateData: "[Function]", updateSchema: "[Function]", onSelect: "[Function]", onSelectAll: "[Function]", updateSortingList: "[Function]", updateFilterList: "[Function]"
 (2ms)
    ✓ 
  totalRecords: 10, page: 20, pageSize: 15, loading: false, error: true, showHead: false, showMenu: false, draggable: true, nestedRows: false, withPagination: false, withCheckbox: false, headCellTooltip: true, separator: true, showFilters: false, updateData: "[Function]", updateSchema: "[Function]", onSelect: "[Function]", onSelectAll: "[Function]", updateSortingList: "[Function]", updateFilterList: "[Function]"
 (1ms)
    ✓ 
  totalRecords: 10, page: 20, pageSize: 15, loading: false, error: true, showHead: false, showMenu: false, draggable: true, nestedRows: false, withPagination: false, withCheckbox: false, headCellTooltip: true, separator: false, showFilters: true, updateData: "[Function]", updateSchema: "[Function]", onSelect: "[Function]", onSelectAll: "[Function]", updateSortingList: "[Function]", updateFilterList: "[Function]"
 (1ms)
    ✓ 
  totalRecords: 10, page: 20, pageSize: 15, loading: false, error: true, showHead: false, showMenu: false, draggable: true, nestedRows: false, withPagination: false, withCheckbox: false, headCellTooltip: true, separator: false, showFilters: false, updateData: "[Function]", updateSchema: "[Function]", onSelect: "[Function]", onSelectAll: "[Function]", updateSortingList: "[Function]", updateFilterList: "[Function]"

    ✓ 
  totalRecords: 10, page: 20, pageSize: 15, loading: false, error: true, showHead: false, showMenu: false, draggable: true, nestedRows: false, withPagination: false, withCheckbox: false, headCellTooltip: false, separator: true, showFilters: true, updateData: "[Function]", updateSchema: "[Function]", onSelect: "[Function]", onSelectAll: "[Function]", updateSortingList: "[Function]", updateFilterList: "[Function]"
 (1ms)
    ✓ 
  totalRecords: 10, page: 20, pageSize: 15, loading: false, error: true, showHead: false, showMenu: false, draggable: true, nestedRows: false, withPagination: false, withCheckbox: false, headCellTooltip: false, separator: true, showFilters: false, updateData: "[Function]", updateSchema: "[Function]", onSelect: "[Function]", onSelectAll: "[Function]", updateSortingList: "[Function]", updateFilterList: "[Function]"
 (2ms)
    ✓ 
  totalRecords: 10, page: 20, pageSize: 15, loading: false, error: true, showHead: false, showMenu: false, draggable: true, nestedRows: false, withPagination: false, withCheckbox: false, headCellTooltip: false, separator: false, showFilters: true, updateData: "[Function]", updateSchema: "[Function]", onSelect: "[Function]", onSelectAll: "[Function]", updateSortingList: "[Function]", updateFilterList: "[Function]"
 (1ms)
    ✓ 
  totalRecords: 10, page: 20, pageSize: 15, loading: false, error: true, showHead: false, showMenu: false, draggable: true, nestedRows: false, withPagination: false, withCheckbox: false, headCellTooltip: false, separator: false, showFilters: false, updateData: "[Function]", updateSchema: "[Function]", onSelect: "[Function]", onSelectAll: "[Function]", updateSortingList: "[Function]", updateFilterList: "[Function]"
 (1ms)
    ✓ 
  totalRecords: 10, page: 20, pageSize: 15, loading: false, error: true, showHead: false, showMenu: false, draggable: false, nestedRows: true, withPagination: true, withCheckbox: true, headCellTooltip: true, separator: true, showFilters: true, updateData: "[Function]", updateSchema: "[Function]", onSelect: "[Function]", onSelectAll: "[Function]", updateSortingList: "[Function]", updateFilterList: "[Function]"
 (1ms)
    ✓ 
  totalRecords: 10, page: 20, pageSize: 15, loading: false, error: true, showHead: false, showMenu: false, draggable: false, nestedRows: true, withPagination: true, withCheckbox: true, headCellTooltip: true, separator: true, showFilters: false, updateData: "[Function]", updateSchema: "[Function]", onSelect: "[Function]", onSelectAll: "[Function]", updateSortingList: "[Function]", updateFilterList: "[Function]"
 (1ms)
    ✓ 
  totalRecords: 10, page: 20, pageSize: 15, loading: false, error: true, showHead: false, showMenu: false, draggable: false, nestedRows: true, withPagination: true, withCheckbox: true, headCellTooltip: true, separator: false, showFilters: true, updateData: "[Function]", updateSchema: "[Function]", onSelect: "[Function]", onSelectAll: "[Function]", updateSortingList: "[Function]", updateFilterList: "[Function]"
 (1ms)
    ✓ 
  totalRecords: 10, page: 20, pageSize: 15, loading: false, error: true, showHead: false, showMenu: false, draggable: false, nestedRows: true, withPagination: true, withCheckbox: true, headCellTooltip: true, separator: false, showFilters: false, updateData: "[Function]", updateSchema: "[Function]", onSelect: "[Function]", onSelectAll: "[Function]", updateSortingList: "[Function]", updateFilterList: "[Function]"

    ✓ 
  totalRecords: 10, page: 20, pageSize: 15, loading: false, error: true, showHead: false, showMenu: false, draggable: false, nestedRows: true, withPagination: true, withCheckbox: true, headCellTooltip: false, separator: true, showFilters: true, updateData: "[Function]", updateSchema: "[Function]", onSelect: "[Function]", onSelectAll: "[Function]", updateSortingList: "[Function]", updateFilterList: "[Function]"
 (1ms)
    ✓ 
  totalRecords: 10, page: 20, pageSize: 15, loading: false, error: true, showHead: false, showMenu: false, draggable: false, nestedRows: true, withPagination: true, withCheckbox: true, headCellTooltip: false, separator: true, showFilters: false, updateData: "[Function]", updateSchema: "[Function]", onSelect: "[Function]", onSelectAll: "[Function]", updateSortingList: "[Function]", updateFilterList: "[Function]"
 (2ms)
    ✓ 
  totalRecords: 10, page: 20, pageSize: 15, loading: false, error: true, showHead: false, showMenu: false, draggable: false, nestedRows: true, withPagination: true, withCheckbox: true, headCellTooltip: false, separator: false, showFilters: true, updateData: "[Function]", updateSchema: "[Function]", onSelect: "[Function]", onSelectAll: "[Function]", updateSortingList: "[Function]", updateFilterList: "[Function]"
 (1ms)
    ✓ 
  totalRecords: 10, page: 20, pageSize: 15, loading: false, error: true, showHead: false, showMenu: false, draggable: false, nestedRows: true, withPagination: true, withCheckbox: true, headCellTooltip: false, separator: false, showFilters: false, updateData: "[Function]", updateSchema: "[Function]", onSelect: "[Function]", onSelectAll: "[Function]", updateSortingList: "[Function]", updateFilterList: "[Function]"
 (1ms)
    ✓ 
  totalRecords: 10, page: 20, pageSize: 15, loading: false, error: true, showHead: false, showMenu: false, draggable: false, nestedRows: true, withPagination: true, withCheckbox: false, headCellTooltip: true, separator: true, showFilters: true, updateData: "[Function]", updateSchema: "[Function]", onSelect: "[Function]", onSelectAll: "[Function]", updateSortingList: "[Function]", updateFilterList: "[Function]"
 (2ms)
    ✓ 
  totalRecords: 10, page: 20, pageSize: 15, loading: false, error: true, showHead: false, showMenu: false, draggable: false, nestedRows: true, withPagination: true, withCheckbox: false, headCellTooltip: true, separator: true, showFilters: false, updateData: "[Function]", updateSchema: "[Function]", onSelect: "[Function]", onSelectAll: "[Function]", updateSortingList: "[Function]", updateFilterList: "[Function]"

    ✓ 
  totalRecords: 10, page: 20, pageSize: 15, loading: false, error: true, showHead: false, showMenu: false, draggable: false, nestedRows: true, withPagination: true, withCheckbox: false, headCellTooltip: true, separator: false, showFilters: true, updateData: "[Function]", updateSchema: "[Function]", onSelect: "[Function]", onSelectAll: "[Function]", updateSortingList: "[Function]", updateFilterList: "[Function]"
 (2ms)
    ✓ 
  totalRecords: 10, page: 20, pageSize: 15, loading: false, error: true, showHead: false, showMenu: false, draggable: false, nestedRows: true, withPagination: true, withCheckbox: false, headCellTooltip: true, separator: false, showFilters: false, updateData: "[Function]", updateSchema: "[Function]", onSelect: "[Function]", onSelectAll: "[Function]", updateSortingList: "[Function]", updateFilterList: "[Function]"
 (2ms)
    ✓ 
  totalRecords: 10, page: 20, pageSize: 15, loading: false, error: true, showHead: false, showMenu: false, draggable: false, nestedRows: true, withPagination: true, withCheckbox: false, headCellTooltip: false, separator: true, showFilters: true, updateData: "[Function]", updateSchema: "[Function]", onSelect: "[Function]", onSelectAll: "[Function]", updateSortingList: "[Function]", updateFilterList: "[Function]"
 (2ms)
    ✓ 
  totalRecords: 10, page: 20, pageSize: 15, loading: false, error: true, showHead: false, showMenu: false, draggable: false, nestedRows: true, withPagination: true, withCheckbox: false, headCellTooltip: false, separator: true, showFilters: false, updateData: "[Function]", updateSchema: "[Function]", onSelect: "[Function]", onSelectAll: "[Function]", updateSortingList: "[Function]", updateFilterList: "[Function]"
 (2ms)
    ✓ 
  totalRecords: 10, page: 20, pageSize: 15, loading: false, error: true, showHead: false, showMenu: false, draggable: false, nestedRows: true, withPagination: true, withCheckbox: false, headCellTooltip: false, separator: false, showFilters: true, updateData: "[Function]", updateSchema: "[Function]", onSelect: "[Function]", onSelectAll: "[Function]", updateSortingList: "[Function]", updateFilterList: "[Function]"
 (2ms)
    ✓ 
  totalRecords: 10, page: 20, pageSize: 15, loading: false, error: true, showHead: false, showMenu: false, draggable: false, nestedRows: true, withPagination: true, withCheckbox: false, headCellTooltip: false, separator: false, showFilters: false, updateData: "[Function]", updateSchema: "[Function]", onSelect: "[Function]", onSelectAll: "[Function]", updateSortingList: "[Function]", updateFilterList: "[Function]"
 (2ms)
    ✓ 
  totalRecords: 10, page: 20, pageSize: 15, loading: false, error: true, showHead: false, showMenu: false, draggable: false, nestedRows: true, withPagination: false, withCheckbox: true, headCellTooltip: true, separator: true, showFilters: true, updateData: "[Function]", updateSchema: "[Function]", onSelect: "[Function]", onSelectAll: "[Function]", updateSortingList: "[Function]", updateFilterList: "[Function]"
 (3ms)
    ✓ 
  totalRecords: 10, page: 20, pageSize: 15, loading: false, error: true, showHead: false, showMenu: false, draggable: false, nestedRows: true, withPagination: false, withCheckbox: true, headCellTooltip: true, separator: true, showFilters: false, updateData: "[Function]", updateSchema: "[Function]", onSelect: "[Function]", onSelectAll: "[Function]", updateSortingList: "[Function]", updateFilterList: "[Function]"
 (2ms)
    ✓ 
  totalRecords: 10, page: 20, pageSize: 15, loading: false, error: true, showHead: false, showMenu: false, draggable: false, nestedRows: true, withPagination: false, withCheckbox: true, headCellTooltip: true, separator: false, showFilters: true, updateData: "[Function]", updateSchema: "[Function]", onSelect: "[Function]", onSelectAll: "[Function]", updateSortingList: "[Function]", updateFilterList: "[Function]"
 (2ms)
    ✓ 
  totalRecords: 10, page: 20, pageSize: 15, loading: false, error: true, showHead: false, showMenu: false, draggable: false, nestedRows: true, withPagination: false, withCheckbox: true, headCellTooltip: true, separator: false, showFilters: false, updateData: "[Function]", updateSchema: "[Function]", onSelect: "[Function]", onSelectAll: "[Function]", updateSortingList: "[Function]", updateFilterList: "[Function]"
 (1ms)
    ✓ 
  totalRecords: 10, page: 20, pageSize: 15, loading: false, error: true, showHead: false, showMenu: false, draggable: false, nestedRows: true, withPagination: false, withCheckbox: true, headCellTooltip: false, separator: true, showFilters: true, updateData: "[Function]", updateSchema: "[Function]", onSelect: "[Function]", onSelectAll: "[Function]", updateSortingList: "[Function]", updateFilterList: "[Function]"
 (3ms)
    ✓ 
  totalRecords: 10, page: 20, pageSize: 15, loading: false, error: true, showHead: false, showMenu: false, draggable: false, nestedRows: true, withPagination: false, withCheckbox: true, headCellTooltip: false, separator: true, showFilters: false, updateData: "[Function]", updateSchema: "[Function]", onSelect: "[Function]", onSelectAll: "[Function]", updateSortingList: "[Function]", updateFilterList: "[Function]"
 (2ms)
    ✓ 
  totalRecords: 10, page: 20, pageSize: 15, loading: false, error: true, showHead: false, showMenu: false, draggable: false, nestedRows: true, withPagination: false, withCheckbox: true, headCellTooltip: false, separator: false, showFilters: true, updateData: "[Function]", updateSchema: "[Function]", onSelect: "[Function]", onSelectAll: "[Function]", updateSortingList: "[Function]", updateFilterList: "[Function]"
 (1ms)
    ✓ 
  totalRecords: 10, page: 20, pageSize: 15, loading: false, error: true, showHead: false, showMenu: false, draggable: false, nestedRows: true, withPagination: false, withCheckbox: true, headCellTooltip: false, separator: false, showFilters: false, updateData: "[Function]", updateSchema: "[Function]", onSelect: "[Function]", onSelectAll: "[Function]", updateSortingList: "[Function]", updateFilterList: "[Function]"
 (1ms)
    ✓ 
  totalRecords: 10, page: 20, pageSize: 15, loading: false, error: true, showHead: false, showMenu: false, draggable: false, nestedRows: true, withPagination: false, withCheckbox: false, headCellTooltip: true, separator: true, showFilters: true, updateData: "[Function]", updateSchema: "[Function]", onSelect: "[Function]", onSelectAll: "[Function]", updateSortingList: "[Function]", updateFilterList: "[Function]"
 (1ms)
    ✓ 
  totalRecords: 10, page: 20, pageSize: 15, loading: false, error: true, showHead: false, showMenu: false, draggable: false, nestedRows: true, withPagination: false, withCheckbox: false, headCellTooltip: true, separator: true, showFilters: false, updateData: "[Function]", updateSchema: "[Function]", onSelect: "[Function]", onSelectAll: "[Function]", updateSortingList: "[Function]", updateFilterList: "[Function]"
 (2ms)
    ✓ 
  totalRecords: 10, page: 20, pageSize: 15, loading: false, error: true, showHead: false, showMenu: false, draggable: false, nestedRows: true, withPagination: false, withCheckbox: false, headCellTooltip: true, separator: false, showFilters: true, updateData: "[Function]", updateSchema: "[Function]", onSelect: "[Function]", onSelectAll: "[Function]", updateSortingList: "[Function]", updateFilterList: "[Function]"
 (2ms)
    ✓ 
  totalRecords: 10, page: 20, pageSize: 15, loading: false, error: true, showHead: false, showMenu: false, draggable: false, nestedRows: true, withPagination: false, withCheckbox: false, headCellTooltip: true, separator: false, showFilters: false, updateData: "[Function]", updateSchema: "[Function]", onSelect: "[Function]", onSelectAll: "[Function]", updateSortingList: "[Function]", updateFilterList: "[Function]"
 (3ms)
    ✓ 
  totalRecords: 10, page: 20, pageSize: 15, loading: false, error: true, showHead: false, showMenu: false, draggable: false, nestedRows: true, withPagination: false, withCheckbox: false, headCellTooltip: false, separator: true, showFilters: true, updateData: "[Function]", updateSchema: "[Function]", onSelect: "[Function]", onSelectAll: "[Function]", updateSortingList: "[Function]", updateFilterList: "[Function]"
 (4ms)
    ✓ 
  totalRecords: 10, page: 20, pageSize: 15, loading: false, error: true, showHead: false, showMenu: false, draggable: false, nestedRows: true, withPagination: false, withCheckbox: false, headCellTooltip: false, separator: true, showFilters: false, updateData: "[Function]", updateSchema: "[Function]", onSelect: "[Function]", onSelectAll: "[Function]", updateSortingList: "[Function]", updateFilterList: "[Function]"
 (3ms)
    ✓ 
  totalRecords: 10, page: 20, pageSize: 15, loading: false, error: true, showHead: false, showMenu: false, draggable: false, nestedRows: true, withPagination: false, withCheckbox: false, headCellTooltip: false, separator: false, showFilters: true, updateData: "[Function]", updateSchema: "[Function]", onSelect: "[Function]", onSelectAll: "[Function]", updateSortingList: "[Function]", updateFilterList: "[Function]"
 (2ms)
    ✓ 
  totalRecords: 10, page: 20, pageSize: 15, loading: false, error: true, showHead: false, showMenu: false, draggable: false, nestedRows: true, withPagination: false, withCheckbox: false, headCellTooltip: false, separator: false, showFilters: false, updateData: "[Function]", updateSchema: "[Function]", onSelect: "[Function]", onSelectAll: "[Function]", updateSortingList: "[Function]", updateFilterList: "[Function]"
 (2ms)
    ✓ 
  totalRecords: 10, page: 20, pageSize: 15, loading: false, error: true, showHead: false, showMenu: false, draggable: false, nestedRows: false, withPagination: true, withCheckbox: true, headCellTooltip: true, separator: true, showFilters: true, updateData: "[Function]", updateSchema: "[Function]", onSelect: "[Function]", onSelectAll: "[Function]", updateSortingList: "[Function]", updateFilterList: "[Function]"
 (1ms)
    ✓ 
  totalRecords: 10, page: 20, pageSize: 15, loading: false, error: true, showHead: false, showMenu: false, draggable: false, nestedRows: false, withPagination: true, withCheckbox: true, headCellTooltip: true, separator: true, showFilters: false, updateData: "[Function]", updateSchema: "[Function]", onSelect: "[Function]", onSelectAll: "[Function]", updateSortingList: "[Function]", updateFilterList: "[Function]"
 (2ms)
    ✓ 
  totalRecords: 10, page: 20, pageSize: 15, loading: false, error: true, showHead: false, showMenu: false, draggable: false, nestedRows: false, withPagination: true, withCheckbox: true, headCellTooltip: true, separator: false, showFilters: true, updateData: "[Function]", updateSchema: "[Function]", onSelect: "[Function]", onSelectAll: "[Function]", updateSortingList: "[Function]", updateFilterList: "[Function]"
 (2ms)
    ✓ 
  totalRecords: 10, page: 20, pageSize: 15, loading: false, error: true, showHead: false, showMenu: false, draggable: false, nestedRows: false, withPagination: true, withCheckbox: true, headCellTooltip: true, separator: false, showFilters: false, updateData: "[Function]", updateSchema: "[Function]", onSelect: "[Function]", onSelectAll: "[Function]", updateSortingList: "[Function]", updateFilterList: "[Function]"
 (1ms)
    ✓ 
  totalRecords: 10, page: 20, pageSize: 15, loading: false, error: true, showHead: false, showMenu: false, draggable: false, nestedRows: false, withPagination: true, withCheckbox: true, headCellTooltip: false, separator: true, showFilters: true, updateData: "[Function]", updateSchema: "[Function]", onSelect: "[Function]", onSelectAll: "[Function]", updateSortingList: "[Function]", updateFilterList: "[Function]"
 (1ms)
    ✓ 
  totalRecords: 10, page: 20, pageSize: 15, loading: false, error: true, showHead: false, showMenu: false, draggable: false, nestedRows: false, withPagination: true, withCheckbox: true, headCellTooltip: false, separator: true, showFilters: false, updateData: "[Function]", updateSchema: "[Function]", onSelect: "[Function]", onSelectAll: "[Function]", updateSortingList: "[Function]", updateFilterList: "[Function]"
 (1ms)
    ✓ 
  totalRecords: 10, page: 20, pageSize: 15, loading: false, error: true, showHead: false, showMenu: false, draggable: false, nestedRows: false, withPagination: true, withCheckbox: true, headCellTooltip: false, separator: false, showFilters: true, updateData: "[Function]", updateSchema: "[Function]", onSelect: "[Function]", onSelectAll: "[Function]", updateSortingList: "[Function]", updateFilterList: "[Function]"

    ✓ 
  totalRecords: 10, page: 20, pageSize: 15, loading: false, error: true, showHead: false, showMenu: false, draggable: false, nestedRows: false, withPagination: true, withCheckbox: true, headCellTooltip: false, separator: false, showFilters: false, updateData: "[Function]", updateSchema: "[Function]", onSelect: "[Function]", onSelectAll: "[Function]", updateSortingList: "[Function]", updateFilterList: "[Function]"
 (1ms)
    ✓ 
  totalRecords: 10, page: 20, pageSize: 15, loading: false, error: true, showHead: false, showMenu: false, draggable: false, nestedRows: false, withPagination: true, withCheckbox: false, headCellTooltip: true, separator: true, showFilters: true, updateData: "[Function]", updateSchema: "[Function]", onSelect: "[Function]", onSelectAll: "[Function]", updateSortingList: "[Function]", updateFilterList: "[Function]"
 (1ms)
    ✓ 
  totalRecords: 10, page: 20, pageSize: 15, loading: false, error: true, showHead: false, showMenu: false, draggable: false, nestedRows: false, withPagination: true, withCheckbox: false, headCellTooltip: true, separator: true, showFilters: false, updateData: "[Function]", updateSchema: "[Function]", onSelect: "[Function]", onSelectAll: "[Function]", updateSortingList: "[Function]", updateFilterList: "[Function]"

    ✓ 
  totalRecords: 10, page: 20, pageSize: 15, loading: false, error: true, showHead: false, showMenu: false, draggable: false, nestedRows: false, withPagination: true, withCheckbox: false, headCellTooltip: true, separator: false, showFilters: true, updateData: "[Function]", updateSchema: "[Function]", onSelect: "[Function]", onSelectAll: "[Function]", updateSortingList: "[Function]", updateFilterList: "[Function]"
 (2ms)
    ✓ 
  totalRecords: 10, page: 20, pageSize: 15, loading: false, error: true, showHead: false, showMenu: false, draggable: false, nestedRows: false, withPagination: true, withCheckbox: false, headCellTooltip: true, separator: false, showFilters: false, updateData: "[Function]", updateSchema: "[Function]", onSelect: "[Function]", onSelectAll: "[Function]", updateSortingList: "[Function]", updateFilterList: "[Function]"
 (1ms)
    ✓ 
  totalRecords: 10, page: 20, pageSize: 15, loading: false, error: true, showHead: false, showMenu: false, draggable: false, nestedRows: false, withPagination: true, withCheckbox: false, headCellTooltip: false, separator: true, showFilters: true, updateData: "[Function]", updateSchema: "[Function]", onSelect: "[Function]", onSelectAll: "[Function]", updateSortingList: "[Function]", updateFilterList: "[Function]"
 (2ms)
    ✓ 
  totalRecords: 10, page: 20, pageSize: 15, loading: false, error: true, showHead: false, showMenu: false, draggable: false, nestedRows: false, withPagination: true, withCheckbox: false, headCellTooltip: false, separator: true, showFilters: false, updateData: "[Function]", updateSchema: "[Function]", onSelect: "[Function]", onSelectAll: "[Function]", updateSortingList: "[Function]", updateFilterList: "[Function]"
 (1ms)
    ✓ 
  totalRecords: 10, page: 20, pageSize: 15, loading: false, error: true, showHead: false, showMenu: false, draggable: false, nestedRows: false, withPagination: true, withCheckbox: false, headCellTooltip: false, separator: false, showFilters: true, updateData: "[Function]", updateSchema: "[Function]", onSelect: "[Function]", onSelectAll: "[Function]", updateSortingList: "[Function]", updateFilterList: "[Function]"
 (1ms)
    ✓ 
  totalRecords: 10, page: 20, pageSize: 15, loading: false, error: true, showHead: false, showMenu: false, draggable: false, nestedRows: false, withPagination: true, withCheckbox: false, headCellTooltip: false, separator: false, showFilters: false, updateData: "[Function]", updateSchema: "[Function]", onSelect: "[Function]", onSelectAll: "[Function]", updateSortingList: "[Function]", updateFilterList: "[Function]"
 (2ms)
    ✓ 
  totalRecords: 10, page: 20, pageSize: 15, loading: false, error: true, showHead: false, showMenu: false, draggable: false, nestedRows: false, withPagination: false, withCheckbox: true, headCellTooltip: true, separator: true, showFilters: true, updateData: "[Function]", updateSchema: "[Function]", onSelect: "[Function]", onSelectAll: "[Function]", updateSortingList: "[Function]", updateFilterList: "[Function]"
 (1ms)
    ✓ 
  totalRecords: 10, page: 20, pageSize: 15, loading: false, error: true, showHead: false, showMenu: false, draggable: false, nestedRows: false, withPagination: false, withCheckbox: true, headCellTooltip: true, separator: true, showFilters: false, updateData: "[Function]", updateSchema: "[Function]", onSelect: "[Function]", onSelectAll: "[Function]", updateSortingList: "[Function]", updateFilterList: "[Function]"
 (1ms)
    ✓ 
  totalRecords: 10, page: 20, pageSize: 15, loading: false, error: true, showHead: false, showMenu: false, draggable: false, nestedRows: false, withPagination: false, withCheckbox: true, headCellTooltip: true, separator: false, showFilters: true, updateData: "[Function]", updateSchema: "[Function]", onSelect: "[Function]", onSelectAll: "[Function]", updateSortingList: "[Function]", updateFilterList: "[Function]"
 (2ms)
    ✓ 
  totalRecords: 10, page: 20, pageSize: 15, loading: false, error: true, showHead: false, showMenu: false, draggable: false, nestedRows: false, withPagination: false, withCheckbox: true, headCellTooltip: true, separator: false, showFilters: false, updateData: "[Function]", updateSchema: "[Function]", onSelect: "[Function]", onSelectAll: "[Function]", updateSortingList: "[Function]", updateFilterList: "[Function]"
 (2ms)
    ✓ 
  totalRecords: 10, page: 20, pageSize: 15, loading: false, error: true, showHead: false, showMenu: false, draggable: false, nestedRows: false, withPagination: false, withCheckbox: true, headCellTooltip: false, separator: true, showFilters: true, updateData: "[Function]", updateSchema: "[Function]", onSelect: "[Function]", onSelectAll: "[Function]", updateSortingList: "[Function]", updateFilterList: "[Function]"
 (1ms)
    ✓ 
  totalRecords: 10, page: 20, pageSize: 15, loading: false, error: true, showHead: false, showMenu: false, draggable: false, nestedRows: false, withPagination: false, withCheckbox: true, headCellTooltip: false, separator: true, showFilters: false, updateData: "[Function]", updateSchema: "[Function]", onSelect: "[Function]", onSelectAll: "[Function]", updateSortingList: "[Function]", updateFilterList: "[Function]"
 (2ms)
    ✓ 
  totalRecords: 10, page: 20, pageSize: 15, loading: false, error: true, showHead: false, showMenu: false, draggable: false, nestedRows: false, withPagination: false, withCheckbox: true, headCellTooltip: false, separator: false, showFilters: true, updateData: "[Function]", updateSchema: "[Function]", onSelect: "[Function]", onSelectAll: "[Function]", updateSortingList: "[Function]", updateFilterList: "[Function]"
 (1ms)
    ✓ 
  totalRecords: 10, page: 20, pageSize: 15, loading: false, error: true, showHead: false, showMenu: false, draggable: false, nestedRows: false, withPagination: false, withCheckbox: true, headCellTooltip: false, separator: false, showFilters: false, updateData: "[Function]", updateSchema: "[Function]", onSelect: "[Function]", onSelectAll: "[Function]", updateSortingList: "[Function]", updateFilterList: "[Function]"
 (2ms)
    ✓ 
  totalRecords: 10, page: 20, pageSize: 15, loading: false, error: true, showHead: false, showMenu: false, draggable: false, nestedRows: false, withPagination: false, withCheckbox: false, headCellTooltip: true, separator: true, showFilters: true, updateData: "[Function]", updateSchema: "[Function]", onSelect: "[Function]", onSelectAll: "[Function]", updateSortingList: "[Function]", updateFilterList: "[Function]"
 (3ms)
    ✓ 
  totalRecords: 10, page: 20, pageSize: 15, loading: false, error: true, showHead: false, showMenu: false, draggable: false, nestedRows: false, withPagination: false, withCheckbox: false, headCellTooltip: true, separator: true, showFilters: false, updateData: "[Function]", updateSchema: "[Function]", onSelect: "[Function]", onSelectAll: "[Function]", updateSortingList: "[Function]", updateFilterList: "[Function]"
 (1ms)
    ✓ 
  totalRecords: 10, page: 20, pageSize: 15, loading: false, error: true, showHead: false, showMenu: false, draggable: false, nestedRows: false, withPagination: false, withCheckbox: false, headCellTooltip: true, separator: false, showFilters: true, updateData: "[Function]", updateSchema: "[Function]", onSelect: "[Function]", onSelectAll: "[Function]", updateSortingList: "[Function]", updateFilterList: "[Function]"
 (1ms)
    ✓ 
  totalRecords: 10, page: 20, pageSize: 15, loading: false, error: true, showHead: false, showMenu: false, draggable: false, nestedRows: false, withPagination: false, withCheckbox: false, headCellTooltip: true, separator: false, showFilters: false, updateData: "[Function]", updateSchema: "[Function]", onSelect: "[Function]", onSelectAll: "[Function]", updateSortingList: "[Function]", updateFilterList: "[Function]"
 (1ms)
    ✓ 
  totalRecords: 10, page: 20, pageSize: 15, loading: false, error: true, showHead: false, showMenu: false, draggable: false, nestedRows: false, withPagination: false, withCheckbox: false, headCellTooltip: false, separator: true, showFilters: true, updateData: "[Function]", updateSchema: "[Function]", onSelect: "[Function]", onSelectAll: "[Function]", updateSortingList: "[Function]", updateFilterList: "[Function]"
 (1ms)
    ✓ 
  totalRecords: 10, page: 20, pageSize: 15, loading: false, error: true, showHead: false, showMenu: false, draggable: false, nestedRows: false, withPagination: false, withCheckbox: false, headCellTooltip: false, separator: true, showFilters: false, updateData: "[Function]", updateSchema: "[Function]", onSelect: "[Function]", onSelectAll: "[Function]", updateSortingList: "[Function]", updateFilterList: "[Function]"
 (1ms)
    ✓ 
  totalRecords: 10, page: 20, pageSize: 15, loading: false, error: true, showHead: false, showMenu: false, draggable: false, nestedRows: false, withPagination: false, withCheckbox: false, headCellTooltip: false, separator: false, showFilters: true, updateData: "[Function]", updateSchema: "[Function]", onSelect: "[Function]", onSelectAll: "[Function]", updateSortingList: "[Function]", updateFilterList: "[Function]"
 (1ms)
    ✓ 
  totalRecords: 10, page: 20, pageSize: 15, loading: false, error: true, showHead: false, showMenu: false, draggable: false, nestedRows: false, withPagination: false, withCheckbox: false, headCellTooltip: false, separator: false, showFilters: false, updateData: "[Function]", updateSchema: "[Function]", onSelect: "[Function]", onSelectAll: "[Function]", updateSortingList: "[Function]", updateFilterList: "[Function]"
 (2ms)
    ✓ 
  totalRecords: 10, page: 20, pageSize: 15, loading: false, error: false, showHead: true, showMenu: true, draggable: true, nestedRows: true, withPagination: true, withCheckbox: true, headCellTooltip: true, separator: true, showFilters: true, updateData: "[Function]", updateSchema: "[Function]", onSelect: "[Function]", onSelectAll: "[Function]", updateSortingList: "[Function]", updateFilterList: "[Function]"
 (3ms)
    ✓ 
  totalRecords: 10, page: 20, pageSize: 15, loading: false, error: false, showHead: true, showMenu: true, draggable: true, nestedRows: true, withPagination: true, withCheckbox: true, headCellTooltip: true, separator: true, showFilters: false, updateData: "[Function]", updateSchema: "[Function]", onSelect: "[Function]", onSelectAll: "[Function]", updateSortingList: "[Function]", updateFilterList: "[Function]"
 (1ms)
    ✓ 
  totalRecords: 10, page: 20, pageSize: 15, loading: false, error: false, showHead: true, showMenu: true, draggable: true, nestedRows: true, withPagination: true, withCheckbox: true, headCellTooltip: true, separator: false, showFilters: true, updateData: "[Function]", updateSchema: "[Function]", onSelect: "[Function]", onSelectAll: "[Function]", updateSortingList: "[Function]", updateFilterList: "[Function]"
 (2ms)
    ✓ 
  totalRecords: 10, page: 20, pageSize: 15, loading: false, error: false, showHead: true, showMenu: true, draggable: true, nestedRows: true, withPagination: true, withCheckbox: true, headCellTooltip: true, separator: false, showFilters: false, updateData: "[Function]", updateSchema: "[Function]", onSelect: "[Function]", onSelectAll: "[Function]", updateSortingList: "[Function]", updateFilterList: "[Function]"
 (1ms)
    ✓ 
  totalRecords: 10, page: 20, pageSize: 15, loading: false, error: false, showHead: true, showMenu: true, draggable: true, nestedRows: true, withPagination: true, withCheckbox: true, headCellTooltip: false, separator: true, showFilters: true, updateData: "[Function]", updateSchema: "[Function]", onSelect: "[Function]", onSelectAll: "[Function]", updateSortingList: "[Function]", updateFilterList: "[Function]"
 (2ms)
    ✓ 
  totalRecords: 10, page: 20, pageSize: 15, loading: false, error: false, showHead: true, showMenu: true, draggable: true, nestedRows: true, withPagination: true, withCheckbox: true, headCellTooltip: false, separator: true, showFilters: false, updateData: "[Function]", updateSchema: "[Function]", onSelect: "[Function]", onSelectAll: "[Function]", updateSortingList: "[Function]", updateFilterList: "[Function]"
 (2ms)
    ✓ 
  totalRecords: 10, page: 20, pageSize: 15, loading: false, error: false, showHead: true, showMenu: true, draggable: true, nestedRows: true, withPagination: true, withCheckbox: true, headCellTooltip: false, separator: false, showFilters: true, updateData: "[Function]", updateSchema: "[Function]", onSelect: "[Function]", onSelectAll: "[Function]", updateSortingList: "[Function]", updateFilterList: "[Function]"
 (1ms)
    ✓ 
  totalRecords: 10, page: 20, pageSize: 15, loading: false, error: false, showHead: true, showMenu: true, draggable: true, nestedRows: true, withPagination: true, withCheckbox: true, headCellTooltip: false, separator: false, showFilters: false, updateData: "[Function]", updateSchema: "[Function]", onSelect: "[Function]", onSelectAll: "[Function]", updateSortingList: "[Function]", updateFilterList: "[Function]"

    ✓ 
  totalRecords: 10, page: 20, pageSize: 15, loading: false, error: false, showHead: true, showMenu: true, draggable: true, nestedRows: true, withPagination: true, withCheckbox: false, headCellTooltip: true, separator: true, showFilters: true, updateData: "[Function]", updateSchema: "[Function]", onSelect: "[Function]", onSelectAll: "[Function]", updateSortingList: "[Function]", updateFilterList: "[Function]"
 (2ms)
    ✓ 
  totalRecords: 10, page: 20, pageSize: 15, loading: false, error: false, showHead: true, showMenu: true, draggable: true, nestedRows: true, withPagination: true, withCheckbox: false, headCellTooltip: true, separator: true, showFilters: false, updateData: "[Function]", updateSchema: "[Function]", onSelect: "[Function]", onSelectAll: "[Function]", updateSortingList: "[Function]", updateFilterList: "[Function]"
 (2ms)
    ✓ 
  totalRecords: 10, page: 20, pageSize: 15, loading: false, error: false, showHead: true, showMenu: true, draggable: true, nestedRows: true, withPagination: true, withCheckbox: false, headCellTooltip: true, separator: false, showFilters: true, updateData: "[Function]", updateSchema: "[Function]", onSelect: "[Function]", onSelectAll: "[Function]", updateSortingList: "[Function]", updateFilterList: "[Function]"
 (1ms)
    ✓ 
  totalRecords: 10, page: 20, pageSize: 15, loading: false, error: false, showHead: true, showMenu: true, draggable: true, nestedRows: true, withPagination: true, withCheckbox: false, headCellTooltip: true, separator: false, showFilters: false, updateData: "[Function]", updateSchema: "[Function]", onSelect: "[Function]", onSelectAll: "[Function]", updateSortingList: "[Function]", updateFilterList: "[Function]"
 (2ms)
    ✓ 
  totalRecords: 10, page: 20, pageSize: 15, loading: false, error: false, showHead: true, showMenu: true, draggable: true, nestedRows: true, withPagination: true, withCheckbox: false, headCellTooltip: false, separator: true, showFilters: true, updateData: "[Function]", updateSchema: "[Function]", onSelect: "[Function]", onSelectAll: "[Function]", updateSortingList: "[Function]", updateFilterList: "[Function]"
 (2ms)
    ✓ 
  totalRecords: 10, page: 20, pageSize: 15, loading: false, error: false, showHead: true, showMenu: true, draggable: true, nestedRows: true, withPagination: true, withCheckbox: false, headCellTooltip: false, separator: true, showFilters: false, updateData: "[Function]", updateSchema: "[Function]", onSelect: "[Function]", onSelectAll: "[Function]", updateSortingList: "[Function]", updateFilterList: "[Function]"
 (2ms)
    ✓ 
  totalRecords: 10, page: 20, pageSize: 15, loading: false, error: false, showHead: true, showMenu: true, draggable: true, nestedRows: true, withPagination: true, withCheckbox: false, headCellTooltip: false, separator: false, showFilters: true, updateData: "[Function]", updateSchema: "[Function]", onSelect: "[Function]", onSelectAll: "[Function]", updateSortingList: "[Function]", updateFilterList: "[Function]"
 (3ms)
    ✓ 
  totalRecords: 10, page: 20, pageSize: 15, loading: false, error: false, showHead: true, showMenu: true, draggable: true, nestedRows: true, withPagination: true, withCheckbox: false, headCellTooltip: false, separator: false, showFilters: false, updateData: "[Function]", updateSchema: "[Function]", onSelect: "[Function]", onSelectAll: "[Function]", updateSortingList: "[Function]", updateFilterList: "[Function]"
 (2ms)
    ✓ 
  totalRecords: 10, page: 20, pageSize: 15, loading: false, error: false, showHead: true, showMenu: true, draggable: true, nestedRows: true, withPagination: false, withCheckbox: true, headCellTooltip: true, separator: true, showFilters: true, updateData: "[Function]", updateSchema: "[Function]", onSelect: "[Function]", onSelectAll: "[Function]", updateSortingList: "[Function]", updateFilterList: "[Function]"
 (3ms)
    ✓ 
  totalRecords: 10, page: 20, pageSize: 15, loading: false, error: false, showHead: true, showMenu: true, draggable: true, nestedRows: true, withPagination: false, withCheckbox: true, headCellTooltip: true, separator: true, showFilters: false, updateData: "[Function]", updateSchema: "[Function]", onSelect: "[Function]", onSelectAll: "[Function]", updateSortingList: "[Function]", updateFilterList: "[Function]"
 (2ms)
    ✓ 
  totalRecords: 10, page: 20, pageSize: 15, loading: false, error: false, showHead: true, showMenu: true, draggable: true, nestedRows: true, withPagination: false, withCheckbox: true, headCellTooltip: true, separator: false, showFilters: true, updateData: "[Function]", updateSchema: "[Function]", onSelect: "[Function]", onSelectAll: "[Function]", updateSortingList: "[Function]", updateFilterList: "[Function]"
 (1ms)
    ✓ 
  totalRecords: 10, page: 20, pageSize: 15, loading: false, error: false, showHead: true, showMenu: true, draggable: true, nestedRows: true, withPagination: false, withCheckbox: true, headCellTooltip: true, separator: false, showFilters: false, updateData: "[Function]", updateSchema: "[Function]", onSelect: "[Function]", onSelectAll: "[Function]", updateSortingList: "[Function]", updateFilterList: "[Function]"
 (1ms)
    ✓ 
  totalRecords: 10, page: 20, pageSize: 15, loading: false, error: false, showHead: true, showMenu: true, draggable: true, nestedRows: true, withPagination: false, withCheckbox: true, headCellTooltip: false, separator: true, showFilters: true, updateData: "[Function]", updateSchema: "[Function]", onSelect: "[Function]", onSelectAll: "[Function]", updateSortingList: "[Function]", updateFilterList: "[Function]"
 (2ms)
    ✓ 
  totalRecords: 10, page: 20, pageSize: 15, loading: false, error: false, showHead: true, showMenu: true, draggable: true, nestedRows: true, withPagination: false, withCheckbox: true, headCellTooltip: false, separator: true, showFilters: false, updateData: "[Function]", updateSchema: "[Function]", onSelect: "[Function]", onSelectAll: "[Function]", updateSortingList: "[Function]", updateFilterList: "[Function]"
 (3ms)
    ✓ 
  totalRecords: 10, page: 20, pageSize: 15, loading: false, error: false, showHead: true, showMenu: true, draggable: true, nestedRows: true, withPagination: false, withCheckbox: true, headCellTooltip: false, separator: false, showFilters: true, updateData: "[Function]", updateSchema: "[Function]", onSelect: "[Function]", onSelectAll: "[Function]", updateSortingList: "[Function]", updateFilterList: "[Function]"
 (1ms)
    ✓ 
  totalRecords: 10, page: 20, pageSize: 15, loading: false, error: false, showHead: true, showMenu: true, draggable: true, nestedRows: true, withPagination: false, withCheckbox: true, headCellTooltip: false, separator: false, showFilters: false, updateData: "[Function]", updateSchema: "[Function]", onSelect: "[Function]", onSelectAll: "[Function]", updateSortingList: "[Function]", updateFilterList: "[Function]"
 (2ms)
    ✓ 
  totalRecords: 10, page: 20, pageSize: 15, loading: false, error: false, showHead: true, showMenu: true, draggable: true, nestedRows: true, withPagination: false, withCheckbox: false, headCellTooltip: true, separator: true, showFilters: true, updateData: "[Function]", updateSchema: "[Function]", onSelect: "[Function]", onSelectAll: "[Function]", updateSortingList: "[Function]", updateFilterList: "[Function]"
 (3ms)
    ✓ 
  totalRecords: 10, page: 20, pageSize: 15, loading: false, error: false, showHead: true, showMenu: true, draggable: true, nestedRows: true, withPagination: false, withCheckbox: false, headCellTooltip: true, separator: true, showFilters: false, updateData: "[Function]", updateSchema: "[Function]", onSelect: "[Function]", onSelectAll: "[Function]", updateSortingList: "[Function]", updateFilterList: "[Function]"
 (1ms)
    ✓ 
  totalRecords: 10, page: 20, pageSize: 15, loading: false, error: false, showHead: true, showMenu: true, draggable: true, nestedRows: true, withPagination: false, withCheckbox: false, headCellTooltip: true, separator: false, showFilters: true, updateData: "[Function]", updateSchema: "[Function]", onSelect: "[Function]", onSelectAll: "[Function]", updateSortingList: "[Function]", updateFilterList: "[Function]"
 (1ms)
    ✓ 
  totalRecords: 10, page: 20, pageSize: 15, loading: false, error: false, showHead: true, showMenu: true, draggable: true, nestedRows: true, withPagination: false, withCheckbox: false, headCellTooltip: true, separator: false, showFilters: false, updateData: "[Function]", updateSchema: "[Function]", onSelect: "[Function]", onSelectAll: "[Function]", updateSortingList: "[Function]", updateFilterList: "[Function]"
 (1ms)
    ✓ 
  totalRecords: 10, page: 20, pageSize: 15, loading: false, error: false, showHead: true, showMenu: true, draggable: true, nestedRows: true, withPagination: false, withCheckbox: false, headCellTooltip: false, separator: true, showFilters: true, updateData: "[Function]", updateSchema: "[Function]", onSelect: "[Function]", onSelectAll: "[Function]", updateSortingList: "[Function]", updateFilterList: "[Function]"
 (2ms)
    ✓ 
  totalRecords: 10, page: 20, pageSize: 15, loading: false, error: false, showHead: true, showMenu: true, draggable: true, nestedRows: true, withPagination: false, withCheckbox: false, headCellTooltip: false, separator: true, showFilters: false, updateData: "[Function]", updateSchema: "[Function]", onSelect: "[Function]", onSelectAll: "[Function]", updateSortingList: "[Function]", updateFilterList: "[Function]"
 (2ms)
    ✓ 
  totalRecords: 10, page: 20, pageSize: 15, loading: false, error: false, showHead: true, showMenu: true, draggable: true, nestedRows: true, withPagination: false, withCheckbox: false, headCellTooltip: false, separator: false, showFilters: true, updateData: "[Function]", updateSchema: "[Function]", onSelect: "[Function]", onSelectAll: "[Function]", updateSortingList: "[Function]", updateFilterList: "[Function]"
 (3ms)
    ✓ 
  totalRecords: 10, page: 20, pageSize: 15, loading: false, error: false, showHead: true, showMenu: true, draggable: true, nestedRows: true, withPagination: false, withCheckbox: false, headCellTooltip: false, separator: false, showFilters: false, updateData: "[Function]", updateSchema: "[Function]", onSelect: "[Function]", onSelectAll: "[Function]", updateSortingList: "[Function]", updateFilterList: "[Function]"
 (2ms)
    ✓ 
  totalRecords: 10, page: 20, pageSize: 15, loading: false, error: false, showHead: true, showMenu: true, draggable: true, nestedRows: false, withPagination: true, withCheckbox: true, headCellTooltip: true, separator: true, showFilters: true, updateData: "[Function]", updateSchema: "[Function]", onSelect: "[Function]", onSelectAll: "[Function]", updateSortingList: "[Function]", updateFilterList: "[Function]"
 (1ms)
    ✓ 
  totalRecords: 10, page: 20, pageSize: 15, loading: false, error: false, showHead: true, showMenu: true, draggable: true, nestedRows: false, withPagination: true, withCheckbox: true, headCellTooltip: true, separator: true, showFilters: false, updateData: "[Function]", updateSchema: "[Function]", onSelect: "[Function]", onSelectAll: "[Function]", updateSortingList: "[Function]", updateFilterList: "[Function]"
 (1ms)
    ✓ 
  totalRecords: 10, page: 20, pageSize: 15, loading: false, error: false, showHead: true, showMenu: true, draggable: true, nestedRows: false, withPagination: true, withCheckbox: true, headCellTooltip: true, separator: false, showFilters: true, updateData: "[Function]", updateSchema: "[Function]", onSelect: "[Function]", onSelectAll: "[Function]", updateSortingList: "[Function]", updateFilterList: "[Function]"
 (2ms)
    ✓ 
  totalRecords: 10, page: 20, pageSize: 15, loading: false, error: false, showHead: true, showMenu: true, draggable: true, nestedRows: false, withPagination: true, withCheckbox: true, headCellTooltip: true, separator: false, showFilters: false, updateData: "[Function]", updateSchema: "[Function]", onSelect: "[Function]", onSelectAll: "[Function]", updateSortingList: "[Function]", updateFilterList: "[Function]"
 (1ms)
    ✓ 
  totalRecords: 10, page: 20, pageSize: 15, loading: false, error: false, showHead: true, showMenu: true, draggable: true, nestedRows: false, withPagination: true, withCheckbox: true, headCellTooltip: false, separator: true, showFilters: true, updateData: "[Function]", updateSchema: "[Function]", onSelect: "[Function]", onSelectAll: "[Function]", updateSortingList: "[Function]", updateFilterList: "[Function]"
 (2ms)
    ✓ 
  totalRecords: 10, page: 20, pageSize: 15, loading: false, error: false, showHead: true, showMenu: true, draggable: true, nestedRows: false, withPagination: true, withCheckbox: true, headCellTooltip: false, separator: true, showFilters: false, updateData: "[Function]", updateSchema: "[Function]", onSelect: "[Function]", onSelectAll: "[Function]", updateSortingList: "[Function]", updateFilterList: "[Function]"
 (2ms)
    ✓ 
  totalRecords: 10, page: 20, pageSize: 15, loading: false, error: false, showHead: true, showMenu: true, draggable: true, nestedRows: false, withPagination: true, withCheckbox: true, headCellTooltip: false, separator: false, showFilters: true, updateData: "[Function]", updateSchema: "[Function]", onSelect: "[Function]", onSelectAll: "[Function]", updateSortingList: "[Function]", updateFilterList: "[Function]"
 (2ms)
    ✓ 
  totalRecords: 10, page: 20, pageSize: 15, loading: false, error: false, showHead: true, showMenu: true, draggable: true, nestedRows: false, withPagination: true, withCheckbox: true, headCellTooltip: false, separator: false, showFilters: false, updateData: "[Function]", updateSchema: "[Function]", onSelect: "[Function]", onSelectAll: "[Function]", updateSortingList: "[Function]", updateFilterList: "[Function]"
 (3ms)
    ✓ 
  totalRecords: 10, page: 20, pageSize: 15, loading: false, error: false, showHead: true, showMenu: true, draggable: true, nestedRows: false, withPagination: true, withCheckbox: false, headCellTooltip: true, separator: true, showFilters: true, updateData: "[Function]", updateSchema: "[Function]", onSelect: "[Function]", onSelectAll: "[Function]", updateSortingList: "[Function]", updateFilterList: "[Function]"
 (1ms)
    ✓ 
  totalRecords: 10, page: 20, pageSize: 15, loading: false, error: false, showHead: true, showMenu: true, draggable: true, nestedRows: false, withPagination: true, withCheckbox: false, headCellTooltip: true, separator: true, showFilters: false, updateData: "[Function]", updateSchema: "[Function]", onSelect: "[Function]", onSelectAll: "[Function]", updateSortingList: "[Function]", updateFilterList: "[Function]"
 (2ms)
    ✓ 
  totalRecords: 10, page: 20, pageSize: 15, loading: false, error: false, showHead: true, showMenu: true, draggable: true, nestedRows: false, withPagination: true, withCheckbox: false, headCellTooltip: true, separator: false, showFilters: true, updateData: "[Function]", updateSchema: "[Function]", onSelect: "[Function]", onSelectAll: "[Function]", updateSortingList: "[Function]", updateFilterList: "[Function]"
 (2ms)
    ✓ 
  totalRecords: 10, page: 20, pageSize: 15, loading: false, error: false, showHead: true, showMenu: true, draggable: true, nestedRows: false, withPagination: true, withCheckbox: false, headCellTooltip: true, separator: false, showFilters: false, updateData: "[Function]", updateSchema: "[Function]", onSelect: "[Function]", onSelectAll: "[Function]", updateSortingList: "[Function]", updateFilterList: "[Function]"
 (3ms)
    ✓ 
  totalRecords: 10, page: 20, pageSize: 15, loading: false, error: false, showHead: true, showMenu: true, draggable: true, nestedRows: false, withPagination: true, withCheckbox: false, headCellTooltip: false, separator: true, showFilters: true, updateData: "[Function]", updateSchema: "[Function]", onSelect: "[Function]", onSelectAll: "[Function]", updateSortingList: "[Function]", updateFilterList: "[Function]"
 (1ms)
    ✓ 
  totalRecords: 10, page: 20, pageSize: 15, loading: false, error: false, showHead: true, showMenu: true, draggable: true, nestedRows: false, withPagination: true, withCheckbox: false, headCellTooltip: false, separator: true, showFilters: false, updateData: "[Function]", updateSchema: "[Function]", onSelect: "[Function]", onSelectAll: "[Function]", updateSortingList: "[Function]", updateFilterList: "[Function]"
 (2ms)
    ✓ 
  totalRecords: 10, page: 20, pageSize: 15, loading: false, error: false, showHead: true, showMenu: true, draggable: true, nestedRows: false, withPagination: true, withCheckbox: false, headCellTooltip: false, separator: false, showFilters: true, updateData: "[Function]", updateSchema: "[Function]", onSelect: "[Function]", onSelectAll: "[Function]", updateSortingList: "[Function]", updateFilterList: "[Function]"
 (1ms)
    ✓ 
  totalRecords: 10, page: 20, pageSize: 15, loading: false, error: false, showHead: true, showMenu: true, draggable: true, nestedRows: false, withPagination: true, withCheckbox: false, headCellTooltip: false, separator: false, showFilters: false, updateData: "[Function]", updateSchema: "[Function]", onSelect: "[Function]", onSelectAll: "[Function]", updateSortingList: "[Function]", updateFilterList: "[Function]"
 (2ms)
    ✓ 
  totalRecords: 10, page: 20, pageSize: 15, loading: false, error: false, showHead: true, showMenu: true, draggable: true, nestedRows: false, withPagination: false, withCheckbox: true, headCellTooltip: true, separator: true, showFilters: true, updateData: "[Function]", updateSchema: "[Function]", onSelect: "[Function]", onSelectAll: "[Function]", updateSortingList: "[Function]", updateFilterList: "[Function]"
 (1ms)
    ✓ 
  totalRecords: 10, page: 20, pageSize: 15, loading: false, error: false, showHead: true, showMenu: true, draggable: true, nestedRows: false, withPagination: false, withCheckbox: true, headCellTooltip: true, separator: true, showFilters: false, updateData: "[Function]", updateSchema: "[Function]", onSelect: "[Function]", onSelectAll: "[Function]", updateSortingList: "[Function]", updateFilterList: "[Function]"
 (3ms)
    ✓ 
  totalRecords: 10, page: 20, pageSize: 15, loading: false, error: false, showHead: true, showMenu: true, draggable: true, nestedRows: false, withPagination: false, withCheckbox: true, headCellTooltip: true, separator: false, showFilters: true, updateData: "[Function]", updateSchema: "[Function]", onSelect: "[Function]", onSelectAll: "[Function]", updateSortingList: "[Function]", updateFilterList: "[Function]"
 (2ms)
    ✓ 
  totalRecords: 10, page: 20, pageSize: 15, loading: false, error: false, showHead: true, showMenu: true, draggable: true, nestedRows: false, withPagination: false, withCheckbox: true, headCellTooltip: true, separator: false, showFilters: false, updateData: "[Function]", updateSchema: "[Function]", onSelect: "[Function]", onSelectAll: "[Function]", updateSortingList: "[Function]", updateFilterList: "[Function]"
 (1ms)
    ✓ 
  totalRecords: 10, page: 20, pageSize: 15, loading: false, error: false, showHead: true, showMenu: true, draggable: true, nestedRows: false, withPagination: false, withCheckbox: true, headCellTooltip: false, separator: true, showFilters: true, updateData: "[Function]", updateSchema: "[Function]", onSelect: "[Function]", onSelectAll: "[Function]", updateSortingList: "[Function]", updateFilterList: "[Function]"
 (5ms)
    ✓ 
  totalRecords: 10, page: 20, pageSize: 15, loading: false, error: false, showHead: true, showMenu: true, draggable: true, nestedRows: false, withPagination: false, withCheckbox: true, headCellTooltip: false, separator: true, showFilters: false, updateData: "[Function]", updateSchema: "[Function]", onSelect: "[Function]", onSelectAll: "[Function]", updateSortingList: "[Function]", updateFilterList: "[Function]"
 (2ms)
    ✓ 
  totalRecords: 10, page: 20, pageSize: 15, loading: false, error: false, showHead: true, showMenu: true, draggable: true, nestedRows: false, withPagination: false, withCheckbox: true, headCellTooltip: false, separator: false, showFilters: true, updateData: "[Function]", updateSchema: "[Function]", onSelect: "[Function]", onSelectAll: "[Function]", updateSortingList: "[Function]", updateFilterList: "[Function]"
 (1ms)
    ✓ 
  totalRecords: 10, page: 20, pageSize: 15, loading: false, error: false, showHead: true, showMenu: true, draggable: true, nestedRows: false, withPagination: false, withCheckbox: true, headCellTooltip: false, separator: false, showFilters: false, updateData: "[Function]", updateSchema: "[Function]", onSelect: "[Function]", onSelectAll: "[Function]", updateSortingList: "[Function]", updateFilterList: "[Function]"
 (1ms)
    ✓ 
  totalRecords: 10, page: 20, pageSize: 15, loading: false, error: false, showHead: true, showMenu: true, draggable: true, nestedRows: false, withPagination: false, withCheckbox: false, headCellTooltip: true, separator: true, showFilters: true, updateData: "[Function]", updateSchema: "[Function]", onSelect: "[Function]", onSelectAll: "[Function]", updateSortingList: "[Function]", updateFilterList: "[Function]"
 (3ms)
    ✓ 
  totalRecords: 10, page: 20, pageSize: 15, loading: false, error: false, showHead: true, showMenu: true, draggable: true, nestedRows: false, withPagination: false, withCheckbox: false, headCellTooltip: true, separator: true, showFilters: false, updateData: "[Function]", updateSchema: "[Function]", onSelect: "[Function]", onSelectAll: "[Function]", updateSortingList: "[Function]", updateFilterList: "[Function]"
 (3ms)
    ✓ 
  totalRecords: 10, page: 20, pageSize: 15, loading: false, error: false, showHead: true, showMenu: true, draggable: true, nestedRows: false, withPagination: false, withCheckbox: false, headCellTooltip: true, separator: false, showFilters: true, updateData: "[Function]", updateSchema: "[Function]", onSelect: "[Function]", onSelectAll: "[Function]", updateSortingList: "[Function]", updateFilterList: "[Function]"
 (3ms)
    ✓ 
  totalRecords: 10, page: 20, pageSize: 15, loading: false, error: false, showHead: true, showMenu: true, draggable: true, nestedRows: false, withPagination: false, withCheckbox: false, headCellTooltip: true, separator: false, showFilters: false, updateData: "[Function]", updateSchema: "[Function]", onSelect: "[Function]", onSelectAll: "[Function]", updateSortingList: "[Function]", updateFilterList: "[Function]"
 (1ms)
    ✓ 
  totalRecords: 10, page: 20, pageSize: 15, loading: false, error: false, showHead: true, showMenu: true, draggable: true, nestedRows: false, withPagination: false, withCheckbox: false, headCellTooltip: false, separator: true, showFilters: true, updateData: "[Function]", updateSchema: "[Function]", onSelect: "[Function]", onSelectAll: "[Function]", updateSortingList: "[Function]", updateFilterList: "[Function]"

    ✓ 
  totalRecords: 10, page: 20, pageSize: 15, loading: false, error: false, showHead: true, showMenu: true, draggable: true, nestedRows: false, withPagination: false, withCheckbox: false, headCellTooltip: false, separator: true, showFilters: false, updateData: "[Function]", updateSchema: "[Function]", onSelect: "[Function]", onSelectAll: "[Function]", updateSortingList: "[Function]", updateFilterList: "[Function]"
 (3ms)
    ✓ 
  totalRecords: 10, page: 20, pageSize: 15, loading: false, error: false, showHead: true, showMenu: true, draggable: true, nestedRows: false, withPagination: false, withCheckbox: false, headCellTooltip: false, separator: false, showFilters: true, updateData: "[Function]", updateSchema: "[Function]", onSelect: "[Function]", onSelectAll: "[Function]", updateSortingList: "[Function]", updateFilterList: "[Function]"
 (2ms)
    ✓ 
  totalRecords: 10, page: 20, pageSize: 15, loading: false, error: false, showHead: true, showMenu: true, draggable: true, nestedRows: false, withPagination: false, withCheckbox: false, headCellTooltip: false, separator: false, showFilters: false, updateData: "[Function]", updateSchema: "[Function]", onSelect: "[Function]", onSelectAll: "[Function]", updateSortingList: "[Function]", updateFilterList: "[Function]"

    ✓ 
  totalRecords: 10, page: 20, pageSize: 15, loading: false, error: false, showHead: true, showMenu: true, draggable: false, nestedRows: true, withPagination: true, withCheckbox: true, headCellTooltip: true, separator: true, showFilters: true, updateData: "[Function]", updateSchema: "[Function]", onSelect: "[Function]", onSelectAll: "[Function]", updateSortingList: "[Function]", updateFilterList: "[Function]"
 (3ms)
    ✓ 
  totalRecords: 10, page: 20, pageSize: 15, loading: false, error: false, showHead: true, showMenu: true, draggable: false, nestedRows: true, withPagination: true, withCheckbox: true, headCellTooltip: true, separator: true, showFilters: false, updateData: "[Function]", updateSchema: "[Function]", onSelect: "[Function]", onSelectAll: "[Function]", updateSortingList: "[Function]", updateFilterList: "[Function]"
 (1ms)
    ✓ 
  totalRecords: 10, page: 20, pageSize: 15, loading: false, error: false, showHead: true, showMenu: true, draggable: false, nestedRows: true, withPagination: true, withCheckbox: true, headCellTooltip: true, separator: false, showFilters: true, updateData: "[Function]", updateSchema: "[Function]", onSelect: "[Function]", onSelectAll: "[Function]", updateSortingList: "[Function]", updateFilterList: "[Function]"
 (2ms)
    ✓ 
  totalRecords: 10, page: 20, pageSize: 15, loading: false, error: false, showHead: true, showMenu: true, draggable: false, nestedRows: true, withPagination: true, withCheckbox: true, headCellTooltip: true, separator: false, showFilters: false, updateData: "[Function]", updateSchema: "[Function]", onSelect: "[Function]", onSelectAll: "[Function]", updateSortingList: "[Function]", updateFilterList: "[Function]"
 (3ms)
    ✓ 
  totalRecords: 10, page: 20, pageSize: 15, loading: false, error: false, showHead: true, showMenu: true, draggable: false, nestedRows: true, withPagination: true, withCheckbox: true, headCellTooltip: false, separator: true, showFilters: true, updateData: "[Function]", updateSchema: "[Function]", onSelect: "[Function]", onSelectAll: "[Function]", updateSortingList: "[Function]", updateFilterList: "[Function]"
 (2ms)
    ✓ 
  totalRecords: 10, page: 20, pageSize: 15, loading: false, error: false, showHead: true, showMenu: true, draggable: false, nestedRows: true, withPagination: true, withCheckbox: true, headCellTooltip: false, separator: true, showFilters: false, updateData: "[Function]", updateSchema: "[Function]", onSelect: "[Function]", onSelectAll: "[Function]", updateSortingList: "[Function]", updateFilterList: "[Function]"
 (2ms)
    ✓ 
  totalRecords: 10, page: 20, pageSize: 15, loading: false, error: false, showHead: true, showMenu: true, draggable: false, nestedRows: true, withPagination: true, withCheckbox: true, headCellTooltip: false, separator: false, showFilters: true, updateData: "[Function]", updateSchema: "[Function]", onSelect: "[Function]", onSelectAll: "[Function]", updateSortingList: "[Function]", updateFilterList: "[Function]"
 (2ms)
    ✓ 
  totalRecords: 10, page: 20, pageSize: 15, loading: false, error: false, showHead: true, showMenu: true, draggable: false, nestedRows: true, withPagination: true, withCheckbox: true, headCellTooltip: false, separator: false, showFilters: false, updateData: "[Function]", updateSchema: "[Function]", onSelect: "[Function]", onSelectAll: "[Function]", updateSortingList: "[Function]", updateFilterList: "[Function]"

    ✓ 
  totalRecords: 10, page: 20, pageSize: 15, loading: false, error: false, showHead: true, showMenu: true, draggable: false, nestedRows: true, withPagination: true, withCheckbox: false, headCellTooltip: true, separator: true, showFilters: true, updateData: "[Function]", updateSchema: "[Function]", onSelect: "[Function]", onSelectAll: "[Function]", updateSortingList: "[Function]", updateFilterList: "[Function]"

    ✓ 
  totalRecords: 10, page: 20, pageSize: 15, loading: false, error: false, showHead: true, showMenu: true, draggable: false, nestedRows: true, withPagination: true, withCheckbox: false, headCellTooltip: true, separator: true, showFilters: false, updateData: "[Function]", updateSchema: "[Function]", onSelect: "[Function]", onSelectAll: "[Function]", updateSortingList: "[Function]", updateFilterList: "[Function]"
 (3ms)
    ✓ 
  totalRecords: 10, page: 20, pageSize: 15, loading: false, error: false, showHead: true, showMenu: true, draggable: false, nestedRows: true, withPagination: true, withCheckbox: false, headCellTooltip: true, separator: false, showFilters: true, updateData: "[Function]", updateSchema: "[Function]", onSelect: "[Function]", onSelectAll: "[Function]", updateSortingList: "[Function]", updateFilterList: "[Function]"
 (2ms)
    ✓ 
  totalRecords: 10, page: 20, pageSize: 15, loading: false, error: false, showHead: true, showMenu: true, draggable: false, nestedRows: true, withPagination: true, withCheckbox: false, headCellTooltip: true, separator: false, showFilters: false, updateData: "[Function]", updateSchema: "[Function]", onSelect: "[Function]", onSelectAll: "[Function]", updateSortingList: "[Function]", updateFilterList: "[Function]"
 (2ms)
    ✓ 
  totalRecords: 10, page: 20, pageSize: 15, loading: false, error: false, showHead: true, showMenu: true, draggable: false, nestedRows: true, withPagination: true, withCheckbox: false, headCellTooltip: false, separator: true, showFilters: true, updateData: "[Function]", updateSchema: "[Function]", onSelect: "[Function]", onSelectAll: "[Function]", updateSortingList: "[Function]", updateFilterList: "[Function]"
 (2ms)
    ✓ 
  totalRecords: 10, page: 20, pageSize: 15, loading: false, error: false, showHead: true, showMenu: true, draggable: false, nestedRows: true, withPagination: true, withCheckbox: false, headCellTooltip: false, separator: true, showFilters: false, updateData: "[Function]", updateSchema: "[Function]", onSelect: "[Function]", onSelectAll: "[Function]", updateSortingList: "[Function]", updateFilterList: "[Function]"
 (3ms)
    ✓ 
  totalRecords: 10, page: 20, pageSize: 15, loading: false, error: false, showHead: true, showMenu: true, draggable: false, nestedRows: true, withPagination: true, withCheckbox: false, headCellTooltip: false, separator: false, showFilters: true, updateData: "[Function]", updateSchema: "[Function]", onSelect: "[Function]", onSelectAll: "[Function]", updateSortingList: "[Function]", updateFilterList: "[Function]"
 (2ms)
    ✓ 
  totalRecords: 10, page: 20, pageSize: 15, loading: false, error: false, showHead: true, showMenu: true, draggable: false, nestedRows: true, withPagination: true, withCheckbox: false, headCellTooltip: false, separator: false, showFilters: false, updateData: "[Function]", updateSchema: "[Function]", onSelect: "[Function]", onSelectAll: "[Function]", updateSortingList: "[Function]", updateFilterList: "[Function]"
 (1ms)
    ✓ 
  totalRecords: 10, page: 20, pageSize: 15, loading: false, error: false, showHead: true, showMenu: true, draggable: false, nestedRows: true, withPagination: false, withCheckbox: true, headCellTooltip: true, separator: true, showFilters: true, updateData: "[Function]", updateSchema: "[Function]", onSelect: "[Function]", onSelectAll: "[Function]", updateSortingList: "[Function]", updateFilterList: "[Function]"
 (5ms)
    ✓ 
  totalRecords: 10, page: 20, pageSize: 15, loading: false, error: false, showHead: true, showMenu: true, draggable: false, nestedRows: true, withPagination: false, withCheckbox: true, headCellTooltip: true, separator: true, showFilters: false, updateData: "[Function]", updateSchema: "[Function]", onSelect: "[Function]", onSelectAll: "[Function]", updateSortingList: "[Function]", updateFilterList: "[Function]"
 (3ms)
    ✓ 
  totalRecords: 10, page: 20, pageSize: 15, loading: false, error: false, showHead: true, showMenu: true, draggable: false, nestedRows: true, withPagination: false, withCheckbox: true, headCellTooltip: true, separator: false, showFilters: true, updateData: "[Function]", updateSchema: "[Function]", onSelect: "[Function]", onSelectAll: "[Function]", updateSortingList: "[Function]", updateFilterList: "[Function]"
 (2ms)
    ✓ 
  totalRecords: 10, page: 20, pageSize: 15, loading: false, error: false, showHead: true, showMenu: true, draggable: false, nestedRows: true, withPagination: false, withCheckbox: true, headCellTooltip: true, separator: false, showFilters: false, updateData: "[Function]", updateSchema: "[Function]", onSelect: "[Function]", onSelectAll: "[Function]", updateSortingList: "[Function]", updateFilterList: "[Function]"
 (2ms)
    ✓ 
  totalRecords: 10, page: 20, pageSize: 15, loading: false, error: false, showHead: true, showMenu: true, draggable: false, nestedRows: true, withPagination: false, withCheckbox: true, headCellTooltip: false, separator: true, showFilters: true, updateData: "[Function]", updateSchema: "[Function]", onSelect: "[Function]", onSelectAll: "[Function]", updateSortingList: "[Function]", updateFilterList: "[Function]"
 (2ms)
    ✓ 
  totalRecords: 10, page: 20, pageSize: 15, loading: false, error: false, showHead: true, showMenu: true, draggable: false, nestedRows: true, withPagination: false, withCheckbox: true, headCellTooltip: false, separator: true, showFilters: false, updateData: "[Function]", updateSchema: "[Function]", onSelect: "[Function]", onSelectAll: "[Function]", updateSortingList: "[Function]", updateFilterList: "[Function]"
 (4ms)
    ✓ 
  totalRecords: 10, page: 20, pageSize: 15, loading: false, error: false, showHead: true, showMenu: true, draggable: false, nestedRows: true, withPagination: false, withCheckbox: true, headCellTooltip: false, separator: false, showFilters: true, updateData: "[Function]", updateSchema: "[Function]", onSelect: "[Function]", onSelectAll: "[Function]", updateSortingList: "[Function]", updateFilterList: "[Function]"
 (3ms)
    ✓ 
  totalRecords: 10, page: 20, pageSize: 15, loading: false, error: false, showHead: true, showMenu: true, draggable: false, nestedRows: true, withPagination: false, withCheckbox: true, headCellTooltip: false, separator: false, showFilters: false, updateData: "[Function]", updateSchema: "[Function]", onSelect: "[Function]", onSelectAll: "[Function]", updateSortingList: "[Function]", updateFilterList: "[Function]"
 (3ms)
    ✓ 
  totalRecords: 10, page: 20, pageSize: 15, loading: false, error: false, showHead: true, showMenu: true, draggable: false, nestedRows: true, withPagination: false, withCheckbox: false, headCellTooltip: true, separator: true, showFilters: true, updateData: "[Function]", updateSchema: "[Function]", onSelect: "[Function]", onSelectAll: "[Function]", updateSortingList: "[Function]", updateFilterList: "[Function]"
 (4ms)
    ✓ 
  totalRecords: 10, page: 20, pageSize: 15, loading: false, error: false, showHead: true, showMenu: true, draggable: false, nestedRows: true, withPagination: false, withCheckbox: false, headCellTooltip: true, separator: true, showFilters: false, updateData: "[Function]", updateSchema: "[Function]", onSelect: "[Function]", onSelectAll: "[Function]", updateSortingList: "[Function]", updateFilterList: "[Function]"
 (4ms)
    ✓ 
  totalRecords: 10, page: 20, pageSize: 15, loading: false, error: false, showHead: true, showMenu: true, draggable: false, nestedRows: true, withPagination: false, withCheckbox: false, headCellTooltip: true, separator: false, showFilters: true, updateData: "[Function]", updateSchema: "[Function]", onSelect: "[Function]", onSelectAll: "[Function]", updateSortingList: "[Function]", updateFilterList: "[Function]"
 (4ms)
    ✓ 
  totalRecords: 10, page: 20, pageSize: 15, loading: false, error: false, showHead: true, showMenu: true, draggable: false, nestedRows: true, withPagination: false, withCheckbox: false, headCellTooltip: true, separator: false, showFilters: false, updateData: "[Function]", updateSchema: "[Function]", onSelect: "[Function]", onSelectAll: "[Function]", updateSortingList: "[Function]", updateFilterList: "[Function]"
 (2ms)
    ✓ 
  totalRecords: 10, page: 20, pageSize: 15, loading: false, error: false, showHead: true, showMenu: true, draggable: false, nestedRows: true, withPagination: false, withCheckbox: false, headCellTooltip: false, separator: true, showFilters: true, updateData: "[Function]", updateSchema: "[Function]", onSelect: "[Function]", onSelectAll: "[Function]", updateSortingList: "[Function]", updateFilterList: "[Function]"
 (3ms)
    ✓ 
  totalRecords: 10, page: 20, pageSize: 15, loading: false, error: false, showHead: true, showMenu: true, draggable: false, nestedRows: true, withPagination: false, withCheckbox: false, headCellTooltip: false, separator: true, showFilters: false, updateData: "[Function]", updateSchema: "[Function]", onSelect: "[Function]", onSelectAll: "[Function]", updateSortingList: "[Function]", updateFilterList: "[Function]"
 (2ms)
    ✓ 
  totalRecords: 10, page: 20, pageSize: 15, loading: false, error: false, showHead: true, showMenu: true, draggable: false, nestedRows: true, withPagination: false, withCheckbox: false, headCellTooltip: false, separator: false, showFilters: true, updateData: "[Function]", updateSchema: "[Function]", onSelect: "[Function]", onSelectAll: "[Function]", updateSortingList: "[Function]", updateFilterList: "[Function]"
 (2ms)
    ✓ 
  totalRecords: 10, page: 20, pageSize: 15, loading: false, error: false, showHead: true, showMenu: true, draggable: false, nestedRows: true, withPagination: false, withCheckbox: false, headCellTooltip: false, separator: false, showFilters: false, updateData: "[Function]", updateSchema: "[Function]", onSelect: "[Function]", onSelectAll: "[Function]", updateSortingList: "[Function]", updateFilterList: "[Function]"
 (2ms)
    ✓ 
  totalRecords: 10, page: 20, pageSize: 15, loading: false, error: false, showHead: true, showMenu: true, draggable: false, nestedRows: false, withPagination: true, withCheckbox: true, headCellTooltip: true, separator: true, showFilters: true, updateData: "[Function]", updateSchema: "[Function]", onSelect: "[Function]", onSelectAll: "[Function]", updateSortingList: "[Function]", updateFilterList: "[Function]"
 (1ms)
    ✓ 
  totalRecords: 10, page: 20, pageSize: 15, loading: false, error: false, showHead: true, showMenu: true, draggable: false, nestedRows: false, withPagination: true, withCheckbox: true, headCellTooltip: true, separator: true, showFilters: false, updateData: "[Function]", updateSchema: "[Function]", onSelect: "[Function]", onSelectAll: "[Function]", updateSortingList: "[Function]", updateFilterList: "[Function]"
 (3ms)
    ✓ 
  totalRecords: 10, page: 20, pageSize: 15, loading: false, error: false, showHead: true, showMenu: true, draggable: false, nestedRows: false, withPagination: true, withCheckbox: true, headCellTooltip: true, separator: false, showFilters: true, updateData: "[Function]", updateSchema: "[Function]", onSelect: "[Function]", onSelectAll: "[Function]", updateSortingList: "[Function]", updateFilterList: "[Function]"
 (4ms)
    ✓ 
  totalRecords: 10, page: 20, pageSize: 15, loading: false, error: false, showHead: true, showMenu: true, draggable: false, nestedRows: false, withPagination: true, withCheckbox: true, headCellTooltip: true, separator: false, showFilters: false, updateData: "[Function]", updateSchema: "[Function]", onSelect: "[Function]", onSelectAll: "[Function]", updateSortingList: "[Function]", updateFilterList: "[Function]"
 (2ms)
    ✓ 
  totalRecords: 10, page: 20, pageSize: 15, loading: false, error: false, showHead: true, showMenu: true, draggable: false, nestedRows: false, withPagination: true, withCheckbox: true, headCellTooltip: false, separator: true, showFilters: true, updateData: "[Function]", updateSchema: "[Function]", onSelect: "[Function]", onSelectAll: "[Function]", updateSortingList: "[Function]", updateFilterList: "[Function]"
 (4ms)
    ✓ 
  totalRecords: 10, page: 20, pageSize: 15, loading: false, error: false, showHead: true, showMenu: true, draggable: false, nestedRows: false, withPagination: true, withCheckbox: true, headCellTooltip: false, separator: true, showFilters: false, updateData: "[Function]", updateSchema: "[Function]", onSelect: "[Function]", onSelectAll: "[Function]", updateSortingList: "[Function]", updateFilterList: "[Function]"
 (3ms)
    ✓ 
  totalRecords: 10, page: 20, pageSize: 15, loading: false, error: false, showHead: true, showMenu: true, draggable: false, nestedRows: false, withPagination: true, withCheckbox: true, headCellTooltip: false, separator: false, showFilters: true, updateData: "[Function]", updateSchema: "[Function]", onSelect: "[Function]", onSelectAll: "[Function]", updateSortingList: "[Function]", updateFilterList: "[Function]"
 (5ms)
    ✓ 
  totalRecords: 10, page: 20, pageSize: 15, loading: false, error: false, showHead: true, showMenu: true, draggable: false, nestedRows: false, withPagination: true, withCheckbox: true, headCellTooltip: false, separator: false, showFilters: false, updateData: "[Function]", updateSchema: "[Function]", onSelect: "[Function]", onSelectAll: "[Function]", updateSortingList: "[Function]", updateFilterList: "[Function]"
 (14ms)
    ✓ 
  totalRecords: 10, page: 20, pageSize: 15, loading: false, error: false, showHead: true, showMenu: true, draggable: false, nestedRows: false, withPagination: true, withCheckbox: false, headCellTooltip: true, separator: true, showFilters: true, updateData: "[Function]", updateSchema: "[Function]", onSelect: "[Function]", onSelectAll: "[Function]", updateSortingList: "[Function]", updateFilterList: "[Function]"
 (1ms)
    ✓ 
  totalRecords: 10, page: 20, pageSize: 15, loading: false, error: false, showHead: true, showMenu: true, draggable: false, nestedRows: false, withPagination: true, withCheckbox: false, headCellTooltip: true, separator: true, showFilters: false, updateData: "[Function]", updateSchema: "[Function]", onSelect: "[Function]", onSelectAll: "[Function]", updateSortingList: "[Function]", updateFilterList: "[Function]"
 (3ms)
    ✓ 
  totalRecords: 10, page: 20, pageSize: 15, loading: false, error: false, showHead: true, showMenu: true, draggable: false, nestedRows: false, withPagination: true, withCheckbox: false, headCellTooltip: true, separator: false, showFilters: true, updateData: "[Function]", updateSchema: "[Function]", onSelect: "[Function]", onSelectAll: "[Function]", updateSortingList: "[Function]", updateFilterList: "[Function]"
 (2ms)
    ✓ 
  totalRecords: 10, page: 20, pageSize: 15, loading: false, error: false, showHead: true, showMenu: true, draggable: false, nestedRows: false, withPagination: true, withCheckbox: false, headCellTooltip: true, separator: false, showFilters: false, updateData: "[Function]", updateSchema: "[Function]", onSelect: "[Function]", onSelectAll: "[Function]", updateSortingList: "[Function]", updateFilterList: "[Function]"
 (1ms)
    ✓ 
  totalRecords: 10, page: 20, pageSize: 15, loading: false, error: false, showHead: true, showMenu: true, draggable: false, nestedRows: false, withPagination: true, withCheckbox: false, headCellTooltip: false, separator: true, showFilters: true, updateData: "[Function]", updateSchema: "[Function]", onSelect: "[Function]", onSelectAll: "[Function]", updateSortingList: "[Function]", updateFilterList: "[Function]"
 (1ms)
    ✓ 
  totalRecords: 10, page: 20, pageSize: 15, loading: false, error: false, showHead: true, showMenu: true, draggable: false, nestedRows: false, withPagination: true, withCheckbox: false, headCellTooltip: false, separator: true, showFilters: false, updateData: "[Function]", updateSchema: "[Function]", onSelect: "[Function]", onSelectAll: "[Function]", updateSortingList: "[Function]", updateFilterList: "[Function]"
 (5ms)
    ✓ 
  totalRecords: 10, page: 20, pageSize: 15, loading: false, error: false, showHead: true, showMenu: true, draggable: false, nestedRows: false, withPagination: true, withCheckbox: false, headCellTooltip: false, separator: false, showFilters: true, updateData: "[Function]", updateSchema: "[Function]", onSelect: "[Function]", onSelectAll: "[Function]", updateSortingList: "[Function]", updateFilterList: "[Function]"
 (3ms)
    ✓ 
  totalRecords: 10, page: 20, pageSize: 15, loading: false, error: false, showHead: true, showMenu: true, draggable: false, nestedRows: false, withPagination: true, withCheckbox: false, headCellTooltip: false, separator: false, showFilters: false, updateData: "[Function]", updateSchema: "[Function]", onSelect: "[Function]", onSelectAll: "[Function]", updateSortingList: "[Function]", updateFilterList: "[Function]"
 (3ms)
    ✓ 
  totalRecords: 10, page: 20, pageSize: 15, loading: false, error: false, showHead: true, showMenu: true, draggable: false, nestedRows: false, withPagination: false, withCheckbox: true, headCellTooltip: true, separator: true, showFilters: true, updateData: "[Function]", updateSchema: "[Function]", onSelect: "[Function]", onSelectAll: "[Function]", updateSortingList: "[Function]", updateFilterList: "[Function]"
 (2ms)
    ✓ 
  totalRecords: 10, page: 20, pageSize: 15, loading: false, error: false, showHead: true, showMenu: true, draggable: false, nestedRows: false, withPagination: false, withCheckbox: true, headCellTooltip: true, separator: true, showFilters: false, updateData: "[Function]", updateSchema: "[Function]", onSelect: "[Function]", onSelectAll: "[Function]", updateSortingList: "[Function]", updateFilterList: "[Function]"
 (3ms)
    ✓ 
  totalRecords: 10, page: 20, pageSize: 15, loading: false, error: false, showHead: true, showMenu: true, draggable: false, nestedRows: false, withPagination: false, withCheckbox: true, headCellTooltip: true, separator: false, showFilters: true, updateData: "[Function]", updateSchema: "[Function]", onSelect: "[Function]", onSelectAll: "[Function]", updateSortingList: "[Function]", updateFilterList: "[Function]"
 (2ms)
    ✓ 
  totalRecords: 10, page: 20, pageSize: 15, loading: false, error: false, showHead: true, showMenu: true, draggable: false, nestedRows: false, withPagination: false, withCheckbox: true, headCellTooltip: true, separator: false, showFilters: false, updateData: "[Function]", updateSchema: "[Function]", onSelect: "[Function]", onSelectAll: "[Function]", updateSortingList: "[Function]", updateFilterList: "[Function]"
 (3ms)
    ✓ 
  totalRecords: 10, page: 20, pageSize: 15, loading: false, error: false, showHead: true, showMenu: true, draggable: false, nestedRows: false, withPagination: false, withCheckbox: true, headCellTooltip: false, separator: true, showFilters: true, updateData: "[Function]", updateSchema: "[Function]", onSelect: "[Function]", onSelectAll: "[Function]", updateSortingList: "[Function]", updateFilterList: "[Function]"
 (1ms)
    ✓ 
  totalRecords: 10, page: 20, pageSize: 15, loading: false, error: false, showHead: true, showMenu: true, draggable: false, nestedRows: false, withPagination: false, withCheckbox: true, headCellTooltip: false, separator: true, showFilters: false, updateData: "[Function]", updateSchema: "[Function]", onSelect: "[Function]", onSelectAll: "[Function]", updateSortingList: "[Function]", updateFilterList: "[Function]"
 (2ms)
    ✓ 
  totalRecords: 10, page: 20, pageSize: 15, loading: false, error: false, showHead: true, showMenu: true, draggable: false, nestedRows: false, withPagination: false, withCheckbox: true, headCellTooltip: false, separator: false, showFilters: true, updateData: "[Function]", updateSchema: "[Function]", onSelect: "[Function]", onSelectAll: "[Function]", updateSortingList: "[Function]", updateFilterList: "[Function]"
 (1ms)
    ✓ 
  totalRecords: 10, page: 20, pageSize: 15, loading: false, error: false, showHead: true, showMenu: true, draggable: false, nestedRows: false, withPagination: false, withCheckbox: true, headCellTooltip: false, separator: false, showFilters: false, updateData: "[Function]", updateSchema: "[Function]", onSelect: "[Function]", onSelectAll: "[Function]", updateSortingList: "[Function]", updateFilterList: "[Function]"
 (2ms)
    ✓ 
  totalRecords: 10, page: 20, pageSize: 15, loading: false, error: false, showHead: true, showMenu: true, draggable: false, nestedRows: false, withPagination: false, withCheckbox: false, headCellTooltip: true, separator: true, showFilters: true, updateData: "[Function]", updateSchema: "[Function]", onSelect: "[Function]", onSelectAll: "[Function]", updateSortingList: "[Function]", updateFilterList: "[Function]"
 (1ms)
    ✓ 
  totalRecords: 10, page: 20, pageSize: 15, loading: false, error: false, showHead: true, showMenu: true, draggable: false, nestedRows: false, withPagination: false, withCheckbox: false, headCellTooltip: true, separator: true, showFilters: false, updateData: "[Function]", updateSchema: "[Function]", onSelect: "[Function]", onSelectAll: "[Function]", updateSortingList: "[Function]", updateFilterList: "[Function]"
 (1ms)
    ✓ 
  totalRecords: 10, page: 20, pageSize: 15, loading: false, error: false, showHead: true, showMenu: true, draggable: false, nestedRows: false, withPagination: false, withCheckbox: false, headCellTooltip: true, separator: false, showFilters: true, updateData: "[Function]", updateSchema: "[Function]", onSelect: "[Function]", onSelectAll: "[Function]", updateSortingList: "[Function]", updateFilterList: "[Function]"
 (2ms)
    ✓ 
  totalRecords: 10, page: 20, pageSize: 15, loading: false, error: false, showHead: true, showMenu: true, draggable: false, nestedRows: false, withPagination: false, withCheckbox: false, headCellTooltip: true, separator: false, showFilters: false, updateData: "[Function]", updateSchema: "[Function]", onSelect: "[Function]", onSelectAll: "[Function]", updateSortingList: "[Function]", updateFilterList: "[Function]"
 (2ms)
    ✓ 
  totalRecords: 10, page: 20, pageSize: 15, loading: false, error: false, showHead: true, showMenu: true, draggable: false, nestedRows: false, withPagination: false, withCheckbox: false, headCellTooltip: false, separator: true, showFilters: true, updateData: "[Function]", updateSchema: "[Function]", onSelect: "[Function]", onSelectAll: "[Function]", updateSortingList: "[Function]", updateFilterList: "[Function]"
 (2ms)
    ✓ 
  totalRecords: 10, page: 20, pageSize: 15, loading: false, error: false, showHead: true, showMenu: true, draggable: false, nestedRows: false, withPagination: false, withCheckbox: false, headCellTooltip: false, separator: true, showFilters: false, updateData: "[Function]", updateSchema: "[Function]", onSelect: "[Function]", onSelectAll: "[Function]", updateSortingList: "[Function]", updateFilterList: "[Function]"
 (2ms)
    ✓ 
  totalRecords: 10, page: 20, pageSize: 15, loading: false, error: false, showHead: true, showMenu: true, draggable: false, nestedRows: false, withPagination: false, withCheckbox: false, headCellTooltip: false, separator: false, showFilters: true, updateData: "[Function]", updateSchema: "[Function]", onSelect: "[Function]", onSelectAll: "[Function]", updateSortingList: "[Function]", updateFilterList: "[Function]"
 (2ms)
    ✓ 
  totalRecords: 10, page: 20, pageSize: 15, loading: false, error: false, showHead: true, showMenu: true, draggable: false, nestedRows: false, withPagination: false, withCheckbox: false, headCellTooltip: false, separator: false, showFilters: false, updateData: "[Function]", updateSchema: "[Function]", onSelect: "[Function]", onSelectAll: "[Function]", updateSortingList: "[Function]", updateFilterList: "[Function]"
 (1ms)
    ✓ 
  totalRecords: 10, page: 20, pageSize: 15, loading: false, error: false, showHead: true, showMenu: false, draggable: true, nestedRows: true, withPagination: true, withCheckbox: true, headCellTooltip: true, separator: true, showFilters: true, updateData: "[Function]", updateSchema: "[Function]", onSelect: "[Function]", onSelectAll: "[Function]", updateSortingList: "[Function]", updateFilterList: "[Function]"
 (2ms)
    ✓ 
  totalRecords: 10, page: 20, pageSize: 15, loading: false, error: false, showHead: true, showMenu: false, draggable: true, nestedRows: true, withPagination: true, withCheckbox: true, headCellTooltip: true, separator: true, showFilters: false, updateData: "[Function]", updateSchema: "[Function]", onSelect: "[Function]", onSelectAll: "[Function]", updateSortingList: "[Function]", updateFilterList: "[Function]"
 (2ms)
    ✓ 
  totalRecords: 10, page: 20, pageSize: 15, loading: false, error: false, showHead: true, showMenu: false, draggable: true, nestedRows: true, withPagination: true, withCheckbox: true, headCellTooltip: true, separator: false, showFilters: true, updateData: "[Function]", updateSchema: "[Function]", onSelect: "[Function]", onSelectAll: "[Function]", updateSortingList: "[Function]", updateFilterList: "[Function]"
 (1ms)
    ✓ 
  totalRecords: 10, page: 20, pageSize: 15, loading: false, error: false, showHead: true, showMenu: false, draggable: true, nestedRows: true, withPagination: true, withCheckbox: true, headCellTooltip: true, separator: false, showFilters: false, updateData: "[Function]", updateSchema: "[Function]", onSelect: "[Function]", onSelectAll: "[Function]", updateSortingList: "[Function]", updateFilterList: "[Function]"
 (2ms)
    ✓ 
  totalRecords: 10, page: 20, pageSize: 15, loading: false, error: false, showHead: true, showMenu: false, draggable: true, nestedRows: true, withPagination: true, withCheckbox: true, headCellTooltip: false, separator: true, showFilters: true, updateData: "[Function]", updateSchema: "[Function]", onSelect: "[Function]", onSelectAll: "[Function]", updateSortingList: "[Function]", updateFilterList: "[Function]"
 (1ms)
    ✓ 
  totalRecords: 10, page: 20, pageSize: 15, loading: false, error: false, showHead: true, showMenu: false, draggable: true, nestedRows: true, withPagination: true, withCheckbox: true, headCellTooltip: false, separator: true, showFilters: false, updateData: "[Function]", updateSchema: "[Function]", onSelect: "[Function]", onSelectAll: "[Function]", updateSortingList: "[Function]", updateFilterList: "[Function]"
 (1ms)
    ✓ 
  totalRecords: 10, page: 20, pageSize: 15, loading: false, error: false, showHead: true, showMenu: false, draggable: true, nestedRows: true, withPagination: true, withCheckbox: true, headCellTooltip: false, separator: false, showFilters: true, updateData: "[Function]", updateSchema: "[Function]", onSelect: "[Function]", onSelectAll: "[Function]", updateSortingList: "[Function]", updateFilterList: "[Function]"
 (2ms)
    ✓ 
  totalRecords: 10, page: 20, pageSize: 15, loading: false, error: false, showHead: true, showMenu: false, draggable: true, nestedRows: true, withPagination: true, withCheckbox: true, headCellTooltip: false, separator: false, showFilters: false, updateData: "[Function]", updateSchema: "[Function]", onSelect: "[Function]", onSelectAll: "[Function]", updateSortingList: "[Function]", updateFilterList: "[Function]"
 (2ms)
    ✓ 
  totalRecords: 10, page: 20, pageSize: 15, loading: false, error: false, showHead: true, showMenu: false, draggable: true, nestedRows: true, withPagination: true, withCheckbox: false, headCellTooltip: true, separator: true, showFilters: true, updateData: "[Function]", updateSchema: "[Function]", onSelect: "[Function]", onSelectAll: "[Function]", updateSortingList: "[Function]", updateFilterList: "[Function]"
 (2ms)
    ✓ 
  totalRecords: 10, page: 20, pageSize: 15, loading: false, error: false, showHead: true, showMenu: false, draggable: true, nestedRows: true, withPagination: true, withCheckbox: false, headCellTooltip: true, separator: true, showFilters: false, updateData: "[Function]", updateSchema: "[Function]", onSelect: "[Function]", onSelectAll: "[Function]", updateSortingList: "[Function]", updateFilterList: "[Function]"
 (1ms)
    ✓ 
  totalRecords: 10, page: 20, pageSize: 15, loading: false, error: false, showHead: true, showMenu: false, draggable: true, nestedRows: true, withPagination: true, withCheckbox: false, headCellTooltip: true, separator: false, showFilters: true, updateData: "[Function]", updateSchema: "[Function]", onSelect: "[Function]", onSelectAll: "[Function]", updateSortingList: "[Function]", updateFilterList: "[Function]"
 (3ms)
    ✓ 
  totalRecords: 10, page: 20, pageSize: 15, loading: false, error: false, showHead: true, showMenu: false, draggable: true, nestedRows: true, withPagination: true, withCheckbox: false, headCellTooltip: true, separator: false, showFilters: false, updateData: "[Function]", updateSchema: "[Function]", onSelect: "[Function]", onSelectAll: "[Function]", updateSortingList: "[Function]", updateFilterList: "[Function]"
 (2ms)
    ✓ 
  totalRecords: 10, page: 20, pageSize: 15, loading: false, error: false, showHead: true, showMenu: false, draggable: true, nestedRows: true, withPagination: true, withCheckbox: false, headCellTooltip: false, separator: true, showFilters: true, updateData: "[Function]", updateSchema: "[Function]", onSelect: "[Function]", onSelectAll: "[Function]", updateSortingList: "[Function]", updateFilterList: "[Function]"
 (3ms)
    ✓ 
  totalRecords: 10, page: 20, pageSize: 15, loading: false, error: false, showHead: true, showMenu: false, draggable: true, nestedRows: true, withPagination: true, withCheckbox: false, headCellTooltip: false, separator: true, showFilters: false, updateData: "[Function]", updateSchema: "[Function]", onSelect: "[Function]", onSelectAll: "[Function]", updateSortingList: "[Function]", updateFilterList: "[Function]"
 (2ms)
    ✓ 
  totalRecords: 10, page: 20, pageSize: 15, loading: false, error: false, showHead: true, showMenu: false, draggable: true, nestedRows: true, withPagination: true, withCheckbox: false, headCellTooltip: false, separator: false, showFilters: true, updateData: "[Function]", updateSchema: "[Function]", onSelect: "[Function]", onSelectAll: "[Function]", updateSortingList: "[Function]", updateFilterList: "[Function]"
 (1ms)
    ✓ 
  totalRecords: 10, page: 20, pageSize: 15, loading: false, error: false, showHead: true, showMenu: false, draggable: true, nestedRows: true, withPagination: true, withCheckbox: false, headCellTooltip: false, separator: false, showFilters: false, updateData: "[Function]", updateSchema: "[Function]", onSelect: "[Function]", onSelectAll: "[Function]", updateSortingList: "[Function]", updateFilterList: "[Function]"
 (2ms)
    ✓ 
  totalRecords: 10, page: 20, pageSize: 15, loading: false, error: false, showHead: true, showMenu: false, draggable: true, nestedRows: true, withPagination: false, withCheckbox: true, headCellTooltip: true, separator: true, showFilters: true, updateData: "[Function]", updateSchema: "[Function]", onSelect: "[Function]", onSelectAll: "[Function]", updateSortingList: "[Function]", updateFilterList: "[Function]"
 (1ms)
    ✓ 
  totalRecords: 10, page: 20, pageSize: 15, loading: false, error: false, showHead: true, showMenu: false, draggable: true, nestedRows: true, withPagination: false, withCheckbox: true, headCellTooltip: true, separator: true, showFilters: false, updateData: "[Function]", updateSchema: "[Function]", onSelect: "[Function]", onSelectAll: "[Function]", updateSortingList: "[Function]", updateFilterList: "[Function]"
 (2ms)
    ✓ 
  totalRecords: 10, page: 20, pageSize: 15, loading: false, error: false, showHead: true, showMenu: false, draggable: true, nestedRows: true, withPagination: false, withCheckbox: true, headCellTooltip: true, separator: false, showFilters: true, updateData: "[Function]", updateSchema: "[Function]", onSelect: "[Function]", onSelectAll: "[Function]", updateSortingList: "[Function]", updateFilterList: "[Function]"
 (2ms)
    ✓ 
  totalRecords: 10, page: 20, pageSize: 15, loading: false, error: false, showHead: true, showMenu: false, draggable: true, nestedRows: true, withPagination: false, withCheckbox: true, headCellTooltip: true, separator: false, showFilters: false, updateData: "[Function]", updateSchema: "[Function]", onSelect: "[Function]", onSelectAll: "[Function]", updateSortingList: "[Function]", updateFilterList: "[Function]"
 (3ms)
    ✓ 
  totalRecords: 10, page: 20, pageSize: 15, loading: false, error: false, showHead: true, showMenu: false, draggable: true, nestedRows: true, withPagination: false, withCheckbox: true, headCellTooltip: false, separator: true, showFilters: true, updateData: "[Function]", updateSchema: "[Function]", onSelect: "[Function]", onSelectAll: "[Function]", updateSortingList: "[Function]", updateFilterList: "[Function]"
 (2ms)
    ✓ 
  totalRecords: 10, page: 20, pageSize: 15, loading: false, error: false, showHead: true, showMenu: false, draggable: true, nestedRows: true, withPagination: false, withCheckbox: true, headCellTooltip: false, separator: true, showFilters: false, updateData: "[Function]", updateSchema: "[Function]", onSelect: "[Function]", onSelectAll: "[Function]", updateSortingList: "[Function]", updateFilterList: "[Function]"
 (2ms)
    ✓ 
  totalRecords: 10, page: 20, pageSize: 15, loading: false, error: false, showHead: true, showMenu: false, draggable: true, nestedRows: true, withPagination: false, withCheckbox: true, headCellTooltip: false, separator: false, showFilters: true, updateData: "[Function]", updateSchema: "[Function]", onSelect: "[Function]", onSelectAll: "[Function]", updateSortingList: "[Function]", updateFilterList: "[Function]"
 (2ms)
    ✓ 
  totalRecords: 10, page: 20, pageSize: 15, loading: false, error: false, showHead: true, showMenu: false, draggable: true, nestedRows: true, withPagination: false, withCheckbox: true, headCellTooltip: false, separator: false, showFilters: false, updateData: "[Function]", updateSchema: "[Function]", onSelect: "[Function]", onSelectAll: "[Function]", updateSortingList: "[Function]", updateFilterList: "[Function]"

    ✓ 
  totalRecords: 10, page: 20, pageSize: 15, loading: false, error: false, showHead: true, showMenu: false, draggable: true, nestedRows: true, withPagination: false, withCheckbox: false, headCellTooltip: true, separator: true, showFilters: true, updateData: "[Function]", updateSchema: "[Function]", onSelect: "[Function]", onSelectAll: "[Function]", updateSortingList: "[Function]", updateFilterList: "[Function]"
 (2ms)
    ✓ 
  totalRecords: 10, page: 20, pageSize: 15, loading: false, error: false, showHead: true, showMenu: false, draggable: true, nestedRows: true, withPagination: false, withCheckbox: false, headCellTooltip: true, separator: true, showFilters: false, updateData: "[Function]", updateSchema: "[Function]", onSelect: "[Function]", onSelectAll: "[Function]", updateSortingList: "[Function]", updateFilterList: "[Function]"
 (3ms)
    ✓ 
  totalRecords: 10, page: 20, pageSize: 15, loading: false, error: false, showHead: true, showMenu: false, draggable: true, nestedRows: true, withPagination: false, withCheckbox: false, headCellTooltip: true, separator: false, showFilters: true, updateData: "[Function]", updateSchema: "[Function]", onSelect: "[Function]", onSelectAll: "[Function]", updateSortingList: "[Function]", updateFilterList: "[Function]"
 (2ms)
    ✓ 
  totalRecords: 10, page: 20, pageSize: 15, loading: false, error: false, showHead: true, showMenu: false, draggable: true, nestedRows: true, withPagination: false, withCheckbox: false, headCellTooltip: true, separator: false, showFilters: false, updateData: "[Function]", updateSchema: "[Function]", onSelect: "[Function]", onSelectAll: "[Function]", updateSortingList: "[Function]", updateFilterList: "[Function]"
 (1ms)
    ✓ 
  totalRecords: 10, page: 20, pageSize: 15, loading: false, error: false, showHead: true, showMenu: false, draggable: true, nestedRows: true, withPagination: false, withCheckbox: false, headCellTooltip: false, separator: true, showFilters: true, updateData: "[Function]", updateSchema: "[Function]", onSelect: "[Function]", onSelectAll: "[Function]", updateSortingList: "[Function]", updateFilterList: "[Function]"
 (1ms)
    ✓ 
  totalRecords: 10, page: 20, pageSize: 15, loading: false, error: false, showHead: true, showMenu: false, draggable: true, nestedRows: true, withPagination: false, withCheckbox: false, headCellTooltip: false, separator: true, showFilters: false, updateData: "[Function]", updateSchema: "[Function]", onSelect: "[Function]", onSelectAll: "[Function]", updateSortingList: "[Function]", updateFilterList: "[Function]"
 (1ms)
    ✓ 
  totalRecords: 10, page: 20, pageSize: 15, loading: false, error: false, showHead: true, showMenu: false, draggable: true, nestedRows: true, withPagination: false, withCheckbox: false, headCellTooltip: false, separator: false, showFilters: true, updateData: "[Function]", updateSchema: "[Function]", onSelect: "[Function]", onSelectAll: "[Function]", updateSortingList: "[Function]", updateFilterList: "[Function]"
 (2ms)
    ✓ 
  totalRecords: 10, page: 20, pageSize: 15, loading: false, error: false, showHead: true, showMenu: false, draggable: true, nestedRows: true, withPagination: false, withCheckbox: false, headCellTooltip: false, separator: false, showFilters: false, updateData: "[Function]", updateSchema: "[Function]", onSelect: "[Function]", onSelectAll: "[Function]", updateSortingList: "[Function]", updateFilterList: "[Function]"
 (2ms)
    ✓ 
  totalRecords: 10, page: 20, pageSize: 15, loading: false, error: false, showHead: true, showMenu: false, draggable: true, nestedRows: false, withPagination: true, withCheckbox: true, headCellTooltip: true, separator: true, showFilters: true, updateData: "[Function]", updateSchema: "[Function]", onSelect: "[Function]", onSelectAll: "[Function]", updateSortingList: "[Function]", updateFilterList: "[Function]"
 (1ms)
    ✓ 
  totalRecords: 10, page: 20, pageSize: 15, loading: false, error: false, showHead: true, showMenu: false, draggable: true, nestedRows: false, withPagination: true, withCheckbox: true, headCellTooltip: true, separator: true, showFilters: false, updateData: "[Function]", updateSchema: "[Function]", onSelect: "[Function]", onSelectAll: "[Function]", updateSortingList: "[Function]", updateFilterList: "[Function]"
 (1ms)
    ✓ 
  totalRecords: 10, page: 20, pageSize: 15, loading: false, error: false, showHead: true, showMenu: false, draggable: true, nestedRows: false, withPagination: true, withCheckbox: true, headCellTooltip: true, separator: false, showFilters: true, updateData: "[Function]", updateSchema: "[Function]", onSelect: "[Function]", onSelectAll: "[Function]", updateSortingList: "[Function]", updateFilterList: "[Function]"
 (2ms)
    ✓ 
  totalRecords: 10, page: 20, pageSize: 15, loading: false, error: false, showHead: true, showMenu: false, draggable: true, nestedRows: false, withPagination: true, withCheckbox: true, headCellTooltip: true, separator: false, showFilters: false, updateData: "[Function]", updateSchema: "[Function]", onSelect: "[Function]", onSelectAll: "[Function]", updateSortingList: "[Function]", updateFilterList: "[Function]"
 (1ms)
    ✓ 
  totalRecords: 10, page: 20, pageSize: 15, loading: false, error: false, showHead: true, showMenu: false, draggable: true, nestedRows: false, withPagination: true, withCheckbox: true, headCellTooltip: false, separator: true, showFilters: true, updateData: "[Function]", updateSchema: "[Function]", onSelect: "[Function]", onSelectAll: "[Function]", updateSortingList: "[Function]", updateFilterList: "[Function]"
 (1ms)
    ✓ 
  totalRecords: 10, page: 20, pageSize: 15, loading: false, error: false, showHead: true, showMenu: false, draggable: true, nestedRows: false, withPagination: true, withCheckbox: true, headCellTooltip: false, separator: true, showFilters: false, updateData: "[Function]", updateSchema: "[Function]", onSelect: "[Function]", onSelectAll: "[Function]", updateSortingList: "[Function]", updateFilterList: "[Function]"
 (1ms)
    ✓ 
  totalRecords: 10, page: 20, pageSize: 15, loading: false, error: false, showHead: true, showMenu: false, draggable: true, nestedRows: false, withPagination: true, withCheckbox: true, headCellTooltip: false, separator: false, showFilters: true, updateData: "[Function]", updateSchema: "[Function]", onSelect: "[Function]", onSelectAll: "[Function]", updateSortingList: "[Function]", updateFilterList: "[Function]"
 (2ms)
    ✓ 
  totalRecords: 10, page: 20, pageSize: 15, loading: false, error: false, showHead: true, showMenu: false, draggable: true, nestedRows: false, withPagination: true, withCheckbox: true, headCellTooltip: false, separator: false, showFilters: false, updateData: "[Function]", updateSchema: "[Function]", onSelect: "[Function]", onSelectAll: "[Function]", updateSortingList: "[Function]", updateFilterList: "[Function]"
 (3ms)
    ✓ 
  totalRecords: 10, page: 20, pageSize: 15, loading: false, error: false, showHead: true, showMenu: false, draggable: true, nestedRows: false, withPagination: true, withCheckbox: false, headCellTooltip: true, separator: true, showFilters: true, updateData: "[Function]", updateSchema: "[Function]", onSelect: "[Function]", onSelectAll: "[Function]", updateSortingList: "[Function]", updateFilterList: "[Function]"
 (2ms)
    ✓ 
  totalRecords: 10, page: 20, pageSize: 15, loading: false, error: false, showHead: true, showMenu: false, draggable: true, nestedRows: false, withPagination: true, withCheckbox: false, headCellTooltip: true, separator: true, showFilters: false, updateData: "[Function]", updateSchema: "[Function]", onSelect: "[Function]", onSelectAll: "[Function]", updateSortingList: "[Function]", updateFilterList: "[Function]"
 (2ms)
    ✓ 
  totalRecords: 10, page: 20, pageSize: 15, loading: false, error: false, showHead: true, showMenu: false, draggable: true, nestedRows: false, withPagination: true, withCheckbox: false, headCellTooltip: true, separator: false, showFilters: true, updateData: "[Function]", updateSchema: "[Function]", onSelect: "[Function]", onSelectAll: "[Function]", updateSortingList: "[Function]", updateFilterList: "[Function]"
 (2ms)
    ✓ 
  totalRecords: 10, page: 20, pageSize: 15, loading: false, error: false, showHead: true, showMenu: false, draggable: true, nestedRows: false, withPagination: true, withCheckbox: false, headCellTooltip: true, separator: false, showFilters: false, updateData: "[Function]", updateSchema: "[Function]", onSelect: "[Function]", onSelectAll: "[Function]", updateSortingList: "[Function]", updateFilterList: "[Function]"
 (3ms)
    ✓ 
  totalRecords: 10, page: 20, pageSize: 15, loading: false, error: false, showHead: true, showMenu: false, draggable: true, nestedRows: false, withPagination: true, withCheckbox: false, headCellTooltip: false, separator: true, showFilters: true, updateData: "[Function]", updateSchema: "[Function]", onSelect: "[Function]", onSelectAll: "[Function]", updateSortingList: "[Function]", updateFilterList: "[Function]"
 (1ms)
    ✓ 
  totalRecords: 10, page: 20, pageSize: 15, loading: false, error: false, showHead: true, showMenu: false, draggable: true, nestedRows: false, withPagination: true, withCheckbox: false, headCellTooltip: false, separator: true, showFilters: false, updateData: "[Function]", updateSchema: "[Function]", onSelect: "[Function]", onSelectAll: "[Function]", updateSortingList: "[Function]", updateFilterList: "[Function]"
 (1ms)
    ✓ 
  totalRecords: 10, page: 20, pageSize: 15, loading: false, error: false, showHead: true, showMenu: false, draggable: true, nestedRows: false, withPagination: true, withCheckbox: false, headCellTooltip: false, separator: false, showFilters: true, updateData: "[Function]", updateSchema: "[Function]", onSelect: "[Function]", onSelectAll: "[Function]", updateSortingList: "[Function]", updateFilterList: "[Function]"
 (3ms)
    ✓ 
  totalRecords: 10, page: 20, pageSize: 15, loading: false, error: false, showHead: true, showMenu: false, draggable: true, nestedRows: false, withPagination: true, withCheckbox: false, headCellTooltip: false, separator: false, showFilters: false, updateData: "[Function]", updateSchema: "[Function]", onSelect: "[Function]", onSelectAll: "[Function]", updateSortingList: "[Function]", updateFilterList: "[Function]"
 (3ms)
    ✓ 
  totalRecords: 10, page: 20, pageSize: 15, loading: false, error: false, showHead: true, showMenu: false, draggable: true, nestedRows: false, withPagination: false, withCheckbox: true, headCellTooltip: true, separator: true, showFilters: true, updateData: "[Function]", updateSchema: "[Function]", onSelect: "[Function]", onSelectAll: "[Function]", updateSortingList: "[Function]", updateFilterList: "[Function]"
 (2ms)
    ✓ 
  totalRecords: 10, page: 20, pageSize: 15, loading: false, error: false, showHead: true, showMenu: false, draggable: true, nestedRows: false, withPagination: false, withCheckbox: true, headCellTooltip: true, separator: true, showFilters: false, updateData: "[Function]", updateSchema: "[Function]", onSelect: "[Function]", onSelectAll: "[Function]", updateSortingList: "[Function]", updateFilterList: "[Function]"
 (2ms)
    ✓ 
  totalRecords: 10, page: 20, pageSize: 15, loading: false, error: false, showHead: true, showMenu: false, draggable: true, nestedRows: false, withPagination: false, withCheckbox: true, headCellTooltip: true, separator: false, showFilters: true, updateData: "[Function]", updateSchema: "[Function]", onSelect: "[Function]", onSelectAll: "[Function]", updateSortingList: "[Function]", updateFilterList: "[Function]"

    ✓ 
  totalRecords: 10, page: 20, pageSize: 15, loading: false, error: false, showHead: true, showMenu: false, draggable: true, nestedRows: false, withPagination: false, withCheckbox: true, headCellTooltip: true, separator: false, showFilters: false, updateData: "[Function]", updateSchema: "[Function]", onSelect: "[Function]", onSelectAll: "[Function]", updateSortingList: "[Function]", updateFilterList: "[Function]"
 (4ms)
    ✓ 
  totalRecords: 10, page: 20, pageSize: 15, loading: false, error: false, showHead: true, showMenu: false, draggable: true, nestedRows: false, withPagination: false, withCheckbox: true, headCellTooltip: false, separator: true, showFilters: true, updateData: "[Function]", updateSchema: "[Function]", onSelect: "[Function]", onSelectAll: "[Function]", updateSortingList: "[Function]", updateFilterList: "[Function]"
 (1ms)
    ✓ 
  totalRecords: 10, page: 20, pageSize: 15, loading: false, error: false, showHead: true, showMenu: false, draggable: true, nestedRows: false, withPagination: false, withCheckbox: true, headCellTooltip: false, separator: true, showFilters: false, updateData: "[Function]", updateSchema: "[Function]", onSelect: "[Function]", onSelectAll: "[Function]", updateSortingList: "[Function]", updateFilterList: "[Function]"
 (1ms)
    ✓ 
  totalRecords: 10, page: 20, pageSize: 15, loading: false, error: false, showHead: true, showMenu: false, draggable: true, nestedRows: false, withPagination: false, withCheckbox: true, headCellTooltip: false, separator: false, showFilters: true, updateData: "[Function]", updateSchema: "[Function]", onSelect: "[Function]", onSelectAll: "[Function]", updateSortingList: "[Function]", updateFilterList: "[Function]"
 (3ms)
    ✓ 
  totalRecords: 10, page: 20, pageSize: 15, loading: false, error: false, showHead: true, showMenu: false, draggable: true, nestedRows: false, withPagination: false, withCheckbox: true, headCellTooltip: false, separator: false, showFilters: false, updateData: "[Function]", updateSchema: "[Function]", onSelect: "[Function]", onSelectAll: "[Function]", updateSortingList: "[Function]", updateFilterList: "[Function]"
 (1ms)
    ✓ 
  totalRecords: 10, page: 20, pageSize: 15, loading: false, error: false, showHead: true, showMenu: false, draggable: true, nestedRows: false, withPagination: false, withCheckbox: false, headCellTooltip: true, separator: true, showFilters: true, updateData: "[Function]", updateSchema: "[Function]", onSelect: "[Function]", onSelectAll: "[Function]", updateSortingList: "[Function]", updateFilterList: "[Function]"
 (1ms)
    ✓ 
  totalRecords: 10, page: 20, pageSize: 15, loading: false, error: false, showHead: true, showMenu: false, draggable: true, nestedRows: false, withPagination: false, withCheckbox: false, headCellTooltip: true, separator: true, showFilters: false, updateData: "[Function]", updateSchema: "[Function]", onSelect: "[Function]", onSelectAll: "[Function]", updateSortingList: "[Function]", updateFilterList: "[Function]"
 (1ms)
    ✓ 
  totalRecords: 10, page: 20, pageSize: 15, loading: false, error: false, showHead: true, showMenu: false, draggable: true, nestedRows: false, withPagination: false, withCheckbox: false, headCellTooltip: true, separator: false, showFilters: true, updateData: "[Function]", updateSchema: "[Function]", onSelect: "[Function]", onSelectAll: "[Function]", updateSortingList: "[Function]", updateFilterList: "[Function]"
 (1ms)
    ✓ 
  totalRecords: 10, page: 20, pageSize: 15, loading: false, error: false, showHead: true, showMenu: false, draggable: true, nestedRows: false, withPagination: false, withCheckbox: false, headCellTooltip: true, separator: false, showFilters: false, updateData: "[Function]", updateSchema: "[Function]", onSelect: "[Function]", onSelectAll: "[Function]", updateSortingList: "[Function]", updateFilterList: "[Function]"
 (1ms)
    ✓ 
  totalRecords: 10, page: 20, pageSize: 15, loading: false, error: false, showHead: true, showMenu: false, draggable: true, nestedRows: false, withPagination: false, withCheckbox: false, headCellTooltip: false, separator: true, showFilters: true, updateData: "[Function]", updateSchema: "[Function]", onSelect: "[Function]", onSelectAll: "[Function]", updateSortingList: "[Function]", updateFilterList: "[Function]"
 (3ms)
    ✓ 
  totalRecords: 10, page: 20, pageSize: 15, loading: false, error: false, showHead: true, showMenu: false, draggable: true, nestedRows: false, withPagination: false, withCheckbox: false, headCellTooltip: false, separator: true, showFilters: false, updateData: "[Function]", updateSchema: "[Function]", onSelect: "[Function]", onSelectAll: "[Function]", updateSortingList: "[Function]", updateFilterList: "[Function]"
 (2ms)
    ✓ 
  totalRecords: 10, page: 20, pageSize: 15, loading: false, error: false, showHead: true, showMenu: false, draggable: true, nestedRows: false, withPagination: false, withCheckbox: false, headCellTooltip: false, separator: false, showFilters: true, updateData: "[Function]", updateSchema: "[Function]", onSelect: "[Function]", onSelectAll: "[Function]", updateSortingList: "[Function]", updateFilterList: "[Function]"

    ✓ 
  totalRecords: 10, page: 20, pageSize: 15, loading: false, error: false, showHead: true, showMenu: false, draggable: true, nestedRows: false, withPagination: false, withCheckbox: false, headCellTooltip: false, separator: false, showFilters: false, updateData: "[Function]", updateSchema: "[Function]", onSelect: "[Function]", onSelectAll: "[Function]", updateSortingList: "[Function]", updateFilterList: "[Function]"
 (1ms)
    ✓ 
  totalRecords: 10, page: 20, pageSize: 15, loading: false, error: false, showHead: true, showMenu: false, draggable: false, nestedRows: true, withPagination: true, withCheckbox: true, headCellTooltip: true, separator: true, showFilters: true, updateData: "[Function]", updateSchema: "[Function]", onSelect: "[Function]", onSelectAll: "[Function]", updateSortingList: "[Function]", updateFilterList: "[Function]"

    ✓ 
  totalRecords: 10, page: 20, pageSize: 15, loading: false, error: false, showHead: true, showMenu: false, draggable: false, nestedRows: true, withPagination: true, withCheckbox: true, headCellTooltip: true, separator: true, showFilters: false, updateData: "[Function]", updateSchema: "[Function]", onSelect: "[Function]", onSelectAll: "[Function]", updateSortingList: "[Function]", updateFilterList: "[Function]"
 (1ms)
    ✓ 
  totalRecords: 10, page: 20, pageSize: 15, loading: false, error: false, showHead: true, showMenu: false, draggable: false, nestedRows: true, withPagination: true, withCheckbox: true, headCellTooltip: true, separator: false, showFilters: true, updateData: "[Function]", updateSchema: "[Function]", onSelect: "[Function]", onSelectAll: "[Function]", updateSortingList: "[Function]", updateFilterList: "[Function]"
 (1ms)
    ✓ 
  totalRecords: 10, page: 20, pageSize: 15, loading: false, error: false, showHead: true, showMenu: false, draggable: false, nestedRows: true, withPagination: true, withCheckbox: true, headCellTooltip: true, separator: false, showFilters: false, updateData: "[Function]", updateSchema: "[Function]", onSelect: "[Function]", onSelectAll: "[Function]", updateSortingList: "[Function]", updateFilterList: "[Function]"
 (3ms)
    ✓ 
  totalRecords: 10, page: 20, pageSize: 15, loading: false, error: false, showHead: true, showMenu: false, draggable: false, nestedRows: true, withPagination: true, withCheckbox: true, headCellTooltip: false, separator: true, showFilters: true, updateData: "[Function]", updateSchema: "[Function]", onSelect: "[Function]", onSelectAll: "[Function]", updateSortingList: "[Function]", updateFilterList: "[Function]"
 (4ms)
    ✓ 
  totalRecords: 10, page: 20, pageSize: 15, loading: false, error: false, showHead: true, showMenu: false, draggable: false, nestedRows: true, withPagination: true, withCheckbox: true, headCellTooltip: false, separator: true, showFilters: false, updateData: "[Function]", updateSchema: "[Function]", onSelect: "[Function]", onSelectAll: "[Function]", updateSortingList: "[Function]", updateFilterList: "[Function]"
 (2ms)
    ✓ 
  totalRecords: 10, page: 20, pageSize: 15, loading: false, error: false, showHead: true, showMenu: false, draggable: false, nestedRows: true, withPagination: true, withCheckbox: true, headCellTooltip: false, separator: false, showFilters: true, updateData: "[Function]", updateSchema: "[Function]", onSelect: "[Function]", onSelectAll: "[Function]", updateSortingList: "[Function]", updateFilterList: "[Function]"
 (1ms)
    ✓ 
  totalRecords: 10, page: 20, pageSize: 15, loading: false, error: false, showHead: true, showMenu: false, draggable: false, nestedRows: true, withPagination: true, withCheckbox: true, headCellTooltip: false, separator: false, showFilters: false, updateData: "[Function]", updateSchema: "[Function]", onSelect: "[Function]", onSelectAll: "[Function]", updateSortingList: "[Function]", updateFilterList: "[Function]"
 (2ms)
    ✓ 
  totalRecords: 10, page: 20, pageSize: 15, loading: false, error: false, showHead: true, showMenu: false, draggable: false, nestedRows: true, withPagination: true, withCheckbox: false, headCellTooltip: true, separator: true, showFilters: true, updateData: "[Function]", updateSchema: "[Function]", onSelect: "[Function]", onSelectAll: "[Function]", updateSortingList: "[Function]", updateFilterList: "[Function]"
 (1ms)
    ✓ 
  totalRecords: 10, page: 20, pageSize: 15, loading: false, error: false, showHead: true, showMenu: false, draggable: false, nestedRows: true, withPagination: true, withCheckbox: false, headCellTooltip: true, separator: true, showFilters: false, updateData: "[Function]", updateSchema: "[Function]", onSelect: "[Function]", onSelectAll: "[Function]", updateSortingList: "[Function]", updateFilterList: "[Function]"
 (1ms)
    ✓ 
  totalRecords: 10, page: 20, pageSize: 15, loading: false, error: false, showHead: true, showMenu: false, draggable: false, nestedRows: true, withPagination: true, withCheckbox: false, headCellTooltip: true, separator: false, showFilters: true, updateData: "[Function]", updateSchema: "[Function]", onSelect: "[Function]", onSelectAll: "[Function]", updateSortingList: "[Function]", updateFilterList: "[Function]"
 (1ms)
    ✓ 
  totalRecords: 10, page: 20, pageSize: 15, loading: false, error: false, showHead: true, showMenu: false, draggable: false, nestedRows: true, withPagination: true, withCheckbox: false, headCellTooltip: true, separator: false, showFilters: false, updateData: "[Function]", updateSchema: "[Function]", onSelect: "[Function]", onSelectAll: "[Function]", updateSortingList: "[Function]", updateFilterList: "[Function]"
 (2ms)
    ✓ 
  totalRecords: 10, page: 20, pageSize: 15, loading: false, error: false, showHead: true, showMenu: false, draggable: false, nestedRows: true, withPagination: true, withCheckbox: false, headCellTooltip: false, separator: true, showFilters: true, updateData: "[Function]", updateSchema: "[Function]", onSelect: "[Function]", onSelectAll: "[Function]", updateSortingList: "[Function]", updateFilterList: "[Function]"

    ✓ 
  totalRecords: 10, page: 20, pageSize: 15, loading: false, error: false, showHead: true, showMenu: false, draggable: false, nestedRows: true, withPagination: true, withCheckbox: false, headCellTooltip: false, separator: true, showFilters: false, updateData: "[Function]", updateSchema: "[Function]", onSelect: "[Function]", onSelectAll: "[Function]", updateSortingList: "[Function]", updateFilterList: "[Function]"
 (1ms)
    ✓ 
  totalRecords: 10, page: 20, pageSize: 15, loading: false, error: false, showHead: true, showMenu: false, draggable: false, nestedRows: true, withPagination: true, withCheckbox: false, headCellTooltip: false, separator: false, showFilters: true, updateData: "[Function]", updateSchema: "[Function]", onSelect: "[Function]", onSelectAll: "[Function]", updateSortingList: "[Function]", updateFilterList: "[Function]"
 (1ms)
    ✓ 
  totalRecords: 10, page: 20, pageSize: 15, loading: false, error: false, showHead: true, showMenu: false, draggable: false, nestedRows: true, withPagination: true, withCheckbox: false, headCellTooltip: false, separator: false, showFilters: false, updateData: "[Function]", updateSchema: "[Function]", onSelect: "[Function]", onSelectAll: "[Function]", updateSortingList: "[Function]", updateFilterList: "[Function]"

    ✓ 
  totalRecords: 10, page: 20, pageSize: 15, loading: false, error: false, showHead: true, showMenu: false, draggable: false, nestedRows: true, withPagination: false, withCheckbox: true, headCellTooltip: true, separator: true, showFilters: true, updateData: "[Function]", updateSchema: "[Function]", onSelect: "[Function]", onSelectAll: "[Function]", updateSortingList: "[Function]", updateFilterList: "[Function]"
 (1ms)
    ✓ 
  totalRecords: 10, page: 20, pageSize: 15, loading: false, error: false, showHead: true, showMenu: false, draggable: false, nestedRows: true, withPagination: false, withCheckbox: true, headCellTooltip: true, separator: true, showFilters: false, updateData: "[Function]", updateSchema: "[Function]", onSelect: "[Function]", onSelectAll: "[Function]", updateSortingList: "[Function]", updateFilterList: "[Function]"

    ✓ 
  totalRecords: 10, page: 20, pageSize: 15, loading: false, error: false, showHead: true, showMenu: false, draggable: false, nestedRows: true, withPagination: false, withCheckbox: true, headCellTooltip: true, separator: false, showFilters: true, updateData: "[Function]", updateSchema: "[Function]", onSelect: "[Function]", onSelectAll: "[Function]", updateSortingList: "[Function]", updateFilterList: "[Function]"
 (1ms)
    ✓ 
  totalRecords: 10, page: 20, pageSize: 15, loading: false, error: false, showHead: true, showMenu: false, draggable: false, nestedRows: true, withPagination: false, withCheckbox: true, headCellTooltip: true, separator: false, showFilters: false, updateData: "[Function]", updateSchema: "[Function]", onSelect: "[Function]", onSelectAll: "[Function]", updateSortingList: "[Function]", updateFilterList: "[Function]"
 (1ms)
    ✓ 
  totalRecords: 10, page: 20, pageSize: 15, loading: false, error: false, showHead: true, showMenu: false, draggable: false, nestedRows: true, withPagination: false, withCheckbox: true, headCellTooltip: false, separator: true, showFilters: true, updateData: "[Function]", updateSchema: "[Function]", onSelect: "[Function]", onSelectAll: "[Function]", updateSortingList: "[Function]", updateFilterList: "[Function]"
 (1ms)
    ✓ 
  totalRecords: 10, page: 20, pageSize: 15, loading: false, error: false, showHead: true, showMenu: false, draggable: false, nestedRows: true, withPagination: false, withCheckbox: true, headCellTooltip: false, separator: true, showFilters: false, updateData: "[Function]", updateSchema: "[Function]", onSelect: "[Function]", onSelectAll: "[Function]", updateSortingList: "[Function]", updateFilterList: "[Function]"
 (1ms)
    ✓ 
  totalRecords: 10, page: 20, pageSize: 15, loading: false, error: false, showHead: true, showMenu: false, draggable: false, nestedRows: true, withPagination: false, withCheckbox: true, headCellTooltip: false, separator: false, showFilters: true, updateData: "[Function]", updateSchema: "[Function]", onSelect: "[Function]", onSelectAll: "[Function]", updateSortingList: "[Function]", updateFilterList: "[Function]"
 (2ms)
    ✓ 
  totalRecords: 10, page: 20, pageSize: 15, loading: false, error: false, showHead: true, showMenu: false, draggable: false, nestedRows: true, withPagination: false, withCheckbox: true, headCellTooltip: false, separator: false, showFilters: false, updateData: "[Function]", updateSchema: "[Function]", onSelect: "[Function]", onSelectAll: "[Function]", updateSortingList: "[Function]", updateFilterList: "[Function]"
 (1ms)
    ✓ 
  totalRecords: 10, page: 20, pageSize: 15, loading: false, error: false, showHead: true, showMenu: false, draggable: false, nestedRows: true, withPagination: false, withCheckbox: false, headCellTooltip: true, separator: true, showFilters: true, updateData: "[Function]", updateSchema: "[Function]", onSelect: "[Function]", onSelectAll: "[Function]", updateSortingList: "[Function]", updateFilterList: "[Function]"
 (1ms)
    ✓ 
  totalRecords: 10, page: 20, pageSize: 15, loading: false, error: false, showHead: true, showMenu: false, draggable: false, nestedRows: true, withPagination: false, withCheckbox: false, headCellTooltip: true, separator: true, showFilters: false, updateData: "[Function]", updateSchema: "[Function]", onSelect: "[Function]", onSelectAll: "[Function]", updateSortingList: "[Function]", updateFilterList: "[Function]"

    ✓ 
  totalRecords: 10, page: 20, pageSize: 15, loading: false, error: false, showHead: true, showMenu: false, draggable: false, nestedRows: true, withPagination: false, withCheckbox: false, headCellTooltip: true, separator: false, showFilters: true, updateData: "[Function]", updateSchema: "[Function]", onSelect: "[Function]", onSelectAll: "[Function]", updateSortingList: "[Function]", updateFilterList: "[Function]"
 (1ms)
    ✓ 
  totalRecords: 10, page: 20, pageSize: 15, loading: false, error: false, showHead: true, showMenu: false, draggable: false, nestedRows: true, withPagination: false, withCheckbox: false, headCellTooltip: true, separator: false, showFilters: false, updateData: "[Function]", updateSchema: "[Function]", onSelect: "[Function]", onSelectAll: "[Function]", updateSortingList: "[Function]", updateFilterList: "[Function]"
 (1ms)
    ✓ 
  totalRecords: 10, page: 20, pageSize: 15, loading: false, error: false, showHead: true, showMenu: false, draggable: false, nestedRows: true, withPagination: false, withCheckbox: false, headCellTooltip: false, separator: true, showFilters: true, updateData: "[Function]", updateSchema: "[Function]", onSelect: "[Function]", onSelectAll: "[Function]", updateSortingList: "[Function]", updateFilterList: "[Function]"
 (1ms)
    ✓ 
  totalRecords: 10, page: 20, pageSize: 15, loading: false, error: false, showHead: true, showMenu: false, draggable: false, nestedRows: true, withPagination: false, withCheckbox: false, headCellTooltip: false, separator: true, showFilters: false, updateData: "[Function]", updateSchema: "[Function]", onSelect: "[Function]", onSelectAll: "[Function]", updateSortingList: "[Function]", updateFilterList: "[Function]"
 (1ms)
    ✓ 
  totalRecords: 10, page: 20, pageSize: 15, loading: false, error: false, showHead: true, showMenu: false, draggable: false, nestedRows: true, withPagination: false, withCheckbox: false, headCellTooltip: false, separator: false, showFilters: true, updateData: "[Function]", updateSchema: "[Function]", onSelect: "[Function]", onSelectAll: "[Function]", updateSortingList: "[Function]", updateFilterList: "[Function]"
 (2ms)
    ✓ 
  totalRecords: 10, page: 20, pageSize: 15, loading: false, error: false, showHead: true, showMenu: false, draggable: false, nestedRows: true, withPagination: false, withCheckbox: false, headCellTooltip: false, separator: false, showFilters: false, updateData: "[Function]", updateSchema: "[Function]", onSelect: "[Function]", onSelectAll: "[Function]", updateSortingList: "[Function]", updateFilterList: "[Function]"
 (1ms)
    ✓ 
  totalRecords: 10, page: 20, pageSize: 15, loading: false, error: false, showHead: true, showMenu: false, draggable: false, nestedRows: false, withPagination: true, withCheckbox: true, headCellTooltip: true, separator: true, showFilters: true, updateData: "[Function]", updateSchema: "[Function]", onSelect: "[Function]", onSelectAll: "[Function]", updateSortingList: "[Function]", updateFilterList: "[Function]"
 (1ms)
    ✓ 
  totalRecords: 10, page: 20, pageSize: 15, loading: false, error: false, showHead: true, showMenu: false, draggable: false, nestedRows: false, withPagination: true, withCheckbox: true, headCellTooltip: true, separator: true, showFilters: false, updateData: "[Function]", updateSchema: "[Function]", onSelect: "[Function]", onSelectAll: "[Function]", updateSortingList: "[Function]", updateFilterList: "[Function]"
 (2ms)
    ✓ 
  totalRecords: 10, page: 20, pageSize: 15, loading: false, error: false, showHead: true, showMenu: false, draggable: false, nestedRows: false, withPagination: true, withCheckbox: true, headCellTooltip: true, separator: false, showFilters: true, updateData: "[Function]", updateSchema: "[Function]", onSelect: "[Function]", onSelectAll: "[Function]", updateSortingList: "[Function]", updateFilterList: "[Function]"
 (2ms)
    ✓ 
  totalRecords: 10, page: 20, pageSize: 15, loading: false, error: false, showHead: true, showMenu: false, draggable: false, nestedRows: false, withPagination: true, withCheckbox: true, headCellTooltip: true, separator: false, showFilters: false, updateData: "[Function]", updateSchema: "[Function]", onSelect: "[Function]", onSelectAll: "[Function]", updateSortingList: "[Function]", updateFilterList: "[Function]"
 (1ms)
    ✓ 
  totalRecords: 10, page: 20, pageSize: 15, loading: false, error: false, showHead: true, showMenu: false, draggable: false, nestedRows: false, withPagination: true, withCheckbox: true, headCellTooltip: false, separator: true, showFilters: true, updateData: "[Function]", updateSchema: "[Function]", onSelect: "[Function]", onSelectAll: "[Function]", updateSortingList: "[Function]", updateFilterList: "[Function]"
 (2ms)
    ✓ 
  totalRecords: 10, page: 20, pageSize: 15, loading: false, error: false, showHead: true, showMenu: false, draggable: false, nestedRows: false, withPagination: true, withCheckbox: true, headCellTooltip: false, separator: true, showFilters: false, updateData: "[Function]", updateSchema: "[Function]", onSelect: "[Function]", onSelectAll: "[Function]", updateSortingList: "[Function]", updateFilterList: "[Function]"
 (1ms)
    ✓ 
  totalRecords: 10, page: 20, pageSize: 15, loading: false, error: false, showHead: true, showMenu: false, draggable: false, nestedRows: false, withPagination: true, withCheckbox: true, headCellTooltip: false, separator: false, showFilters: true, updateData: "[Function]", updateSchema: "[Function]", onSelect: "[Function]", onSelectAll: "[Function]", updateSortingList: "[Function]", updateFilterList: "[Function]"
 (1ms)
    ✓ 
  totalRecords: 10, page: 20, pageSize: 15, loading: false, error: false, showHead: true, showMenu: false, draggable: false, nestedRows: false, withPagination: true, withCheckbox: true, headCellTooltip: false, separator: false, showFilters: false, updateData: "[Function]", updateSchema: "[Function]", onSelect: "[Function]", onSelectAll: "[Function]", updateSortingList: "[Function]", updateFilterList: "[Function]"

    ✓ 
  totalRecords: 10, page: 20, pageSize: 15, loading: false, error: false, showHead: true, showMenu: false, draggable: false, nestedRows: false, withPagination: true, withCheckbox: false, headCellTooltip: true, separator: true, showFilters: true, updateData: "[Function]", updateSchema: "[Function]", onSelect: "[Function]", onSelectAll: "[Function]", updateSortingList: "[Function]", updateFilterList: "[Function]"
 (3ms)
    ✓ 
  totalRecords: 10, page: 20, pageSize: 15, loading: false, error: false, showHead: true, showMenu: false, draggable: false, nestedRows: false, withPagination: true, withCheckbox: false, headCellTooltip: true, separator: true, showFilters: false, updateData: "[Function]", updateSchema: "[Function]", onSelect: "[Function]", onSelectAll: "[Function]", updateSortingList: "[Function]", updateFilterList: "[Function]"
 (2ms)
    ✓ 
  totalRecords: 10, page: 20, pageSize: 15, loading: false, error: false, showHead: true, showMenu: false, draggable: false, nestedRows: false, withPagination: true, withCheckbox: false, headCellTooltip: true, separator: false, showFilters: true, updateData: "[Function]", updateSchema: "[Function]", onSelect: "[Function]", onSelectAll: "[Function]", updateSortingList: "[Function]", updateFilterList: "[Function]"
 (3ms)
    ✓ 
  totalRecords: 10, page: 20, pageSize: 15, loading: false, error: false, showHead: true, showMenu: false, draggable: false, nestedRows: false, withPagination: true, withCheckbox: false, headCellTooltip: true, separator: false, showFilters: false, updateData: "[Function]", updateSchema: "[Function]", onSelect: "[Function]", onSelectAll: "[Function]", updateSortingList: "[Function]", updateFilterList: "[Function]"
 (1ms)
    ✓ 
  totalRecords: 10, page: 20, pageSize: 15, loading: false, error: false, showHead: true, showMenu: false, draggable: false, nestedRows: false, withPagination: true, withCheckbox: false, headCellTooltip: false, separator: true, showFilters: true, updateData: "[Function]", updateSchema: "[Function]", onSelect: "[Function]", onSelectAll: "[Function]", updateSortingList: "[Function]", updateFilterList: "[Function]"

    ✓ 
  totalRecords: 10, page: 20, pageSize: 15, loading: false, error: false, showHead: true, showMenu: false, draggable: false, nestedRows: false, withPagination: true, withCheckbox: false, headCellTooltip: false, separator: true, showFilters: false, updateData: "[Function]", updateSchema: "[Function]", onSelect: "[Function]", onSelectAll: "[Function]", updateSortingList: "[Function]", updateFilterList: "[Function]"
 (1ms)
    ✓ 
  totalRecords: 10, page: 20, pageSize: 15, loading: false, error: false, showHead: true, showMenu: false, draggable: false, nestedRows: false, withPagination: true, withCheckbox: false, headCellTooltip: false, separator: false, showFilters: true, updateData: "[Function]", updateSchema: "[Function]", onSelect: "[Function]", onSelectAll: "[Function]", updateSortingList: "[Function]", updateFilterList: "[Function]"
 (1ms)
    ✓ 
  totalRecords: 10, page: 20, pageSize: 15, loading: false, error: false, showHead: true, showMenu: false, draggable: false, nestedRows: false, withPagination: true, withCheckbox: false, headCellTooltip: false, separator: false, showFilters: false, updateData: "[Function]", updateSchema: "[Function]", onSelect: "[Function]", onSelectAll: "[Function]", updateSortingList: "[Function]", updateFilterList: "[Function]"
 (1ms)
    ✓ 
  totalRecords: 10, page: 20, pageSize: 15, loading: false, error: false, showHead: true, showMenu: false, draggable: false, nestedRows: false, withPagination: false, withCheckbox: true, headCellTooltip: true, separator: true, showFilters: true, updateData: "[Function]", updateSchema: "[Function]", onSelect: "[Function]", onSelectAll: "[Function]", updateSortingList: "[Function]", updateFilterList: "[Function]"
 (1ms)
    ✓ 
  totalRecords: 10, page: 20, pageSize: 15, loading: false, error: false, showHead: true, showMenu: false, draggable: false, nestedRows: false, withPagination: false, withCheckbox: true, headCellTooltip: true, separator: true, showFilters: false, updateData: "[Function]", updateSchema: "[Function]", onSelect: "[Function]", onSelectAll: "[Function]", updateSortingList: "[Function]", updateFilterList: "[Function]"
 (1ms)
    ✓ 
  totalRecords: 10, page: 20, pageSize: 15, loading: false, error: false, showHead: true, showMenu: false, draggable: false, nestedRows: false, withPagination: false, withCheckbox: true, headCellTooltip: true, separator: false, showFilters: true, updateData: "[Function]", updateSchema: "[Function]", onSelect: "[Function]", onSelectAll: "[Function]", updateSortingList: "[Function]", updateFilterList: "[Function]"
 (1ms)
    ✓ 
  totalRecords: 10, page: 20, pageSize: 15, loading: false, error: false, showHead: true, showMenu: false, draggable: false, nestedRows: false, withPagination: false, withCheckbox: true, headCellTooltip: true, separator: false, showFilters: false, updateData: "[Function]", updateSchema: "[Function]", onSelect: "[Function]", onSelectAll: "[Function]", updateSortingList: "[Function]", updateFilterList: "[Function]"
 (2ms)
    ✓ 
  totalRecords: 10, page: 20, pageSize: 15, loading: false, error: false, showHead: true, showMenu: false, draggable: false, nestedRows: false, withPagination: false, withCheckbox: true, headCellTooltip: false, separator: true, showFilters: true, updateData: "[Function]", updateSchema: "[Function]", onSelect: "[Function]", onSelectAll: "[Function]", updateSortingList: "[Function]", updateFilterList: "[Function]"
 (1ms)
    ✓ 
  totalRecords: 10, page: 20, pageSize: 15, loading: false, error: false, showHead: true, showMenu: false, draggable: false, nestedRows: false, withPagination: false, withCheckbox: true, headCellTooltip: false, separator: true, showFilters: false, updateData: "[Function]", updateSchema: "[Function]", onSelect: "[Function]", onSelectAll: "[Function]", updateSortingList: "[Function]", updateFilterList: "[Function]"
 (1ms)
    ✓ 
  totalRecords: 10, page: 20, pageSize: 15, loading: false, error: false, showHead: true, showMenu: false, draggable: false, nestedRows: false, withPagination: false, withCheckbox: true, headCellTooltip: false, separator: false, showFilters: true, updateData: "[Function]", updateSchema: "[Function]", onSelect: "[Function]", onSelectAll: "[Function]", updateSortingList: "[Function]", updateFilterList: "[Function]"
 (1ms)
    ✓ 
  totalRecords: 10, page: 20, pageSize: 15, loading: false, error: false, showHead: true, showMenu: false, draggable: false, nestedRows: false, withPagination: false, withCheckbox: true, headCellTooltip: false, separator: false, showFilters: false, updateData: "[Function]", updateSchema: "[Function]", onSelect: "[Function]", onSelectAll: "[Function]", updateSortingList: "[Function]", updateFilterList: "[Function]"
 (1ms)
    ✓ 
  totalRecords: 10, page: 20, pageSize: 15, loading: false, error: false, showHead: true, showMenu: false, draggable: false, nestedRows: false, withPagination: false, withCheckbox: false, headCellTooltip: true, separator: true, showFilters: true, updateData: "[Function]", updateSchema: "[Function]", onSelect: "[Function]", onSelectAll: "[Function]", updateSortingList: "[Function]", updateFilterList: "[Function]"
 (1ms)
    ✓ 
  totalRecords: 10, page: 20, pageSize: 15, loading: false, error: false, showHead: true, showMenu: false, draggable: false, nestedRows: false, withPagination: false, withCheckbox: false, headCellTooltip: true, separator: true, showFilters: false, updateData: "[Function]", updateSchema: "[Function]", onSelect: "[Function]", onSelectAll: "[Function]", updateSortingList: "[Function]", updateFilterList: "[Function]"
 (1ms)
    ✓ 
  totalRecords: 10, page: 20, pageSize: 15, loading: false, error: false, showHead: true, showMenu: false, draggable: false, nestedRows: false, withPagination: false, withCheckbox: false, headCellTooltip: true, separator: false, showFilters: true, updateData: "[Function]", updateSchema: "[Function]", onSelect: "[Function]", onSelectAll: "[Function]", updateSortingList: "[Function]", updateFilterList: "[Function]"
 (1ms)
    ✓ 
  totalRecords: 10, page: 20, pageSize: 15, loading: false, error: false, showHead: true, showMenu: false, draggable: false, nestedRows: false, withPagination: false, withCheckbox: false, headCellTooltip: true, separator: false, showFilters: false, updateData: "[Function]", updateSchema: "[Function]", onSelect: "[Function]", onSelectAll: "[Function]", updateSortingList: "[Function]", updateFilterList: "[Function]"
 (1ms)
    ✓ 
  totalRecords: 10, page: 20, pageSize: 15, loading: false, error: false, showHead: true, showMenu: false, draggable: false, nestedRows: false, withPagination: false, withCheckbox: false, headCellTooltip: false, separator: true, showFilters: true, updateData: "[Function]", updateSchema: "[Function]", onSelect: "[Function]", onSelectAll: "[Function]", updateSortingList: "[Function]", updateFilterList: "[Function]"

    ✓ 
  totalRecords: 10, page: 20, pageSize: 15, loading: false, error: false, showHead: true, showMenu: false, draggable: false, nestedRows: false, withPagination: false, withCheckbox: false, headCellTooltip: false, separator: true, showFilters: false, updateData: "[Function]", updateSchema: "[Function]", onSelect: "[Function]", onSelectAll: "[Function]", updateSortingList: "[Function]", updateFilterList: "[Function]"
 (2ms)
    ✓ 
  totalRecords: 10, page: 20, pageSize: 15, loading: false, error: false, showHead: true, showMenu: false, draggable: false, nestedRows: false, withPagination: false, withCheckbox: false, headCellTooltip: false, separator: false, showFilters: true, updateData: "[Function]", updateSchema: "[Function]", onSelect: "[Function]", onSelectAll: "[Function]", updateSortingList: "[Function]", updateFilterList: "[Function]"
 (2ms)
    ✓ 
  totalRecords: 10, page: 20, pageSize: 15, loading: false, error: false, showHead: true, showMenu: false, draggable: false, nestedRows: false, withPagination: false, withCheckbox: false, headCellTooltip: false, separator: false, showFilters: false, updateData: "[Function]", updateSchema: "[Function]", onSelect: "[Function]", onSelectAll: "[Function]", updateSortingList: "[Function]", updateFilterList: "[Function]"
 (2ms)
    ✓ 
  totalRecords: 10, page: 20, pageSize: 15, loading: false, error: false, showHead: false, showMenu: true, draggable: true, nestedRows: true, withPagination: true, withCheckbox: true, headCellTooltip: true, separator: true, showFilters: true, updateData: "[Function]", updateSchema: "[Function]", onSelect: "[Function]", onSelectAll: "[Function]", updateSortingList: "[Function]", updateFilterList: "[Function]"
 (1ms)
    ✓ 
  totalRecords: 10, page: 20, pageSize: 15, loading: false, error: false, showHead: false, showMenu: true, draggable: true, nestedRows: true, withPagination: true, withCheckbox: true, headCellTooltip: true, separator: true, showFilters: false, updateData: "[Function]", updateSchema: "[Function]", onSelect: "[Function]", onSelectAll: "[Function]", updateSortingList: "[Function]", updateFilterList: "[Function]"
 (1ms)
    ✓ 
  totalRecords: 10, page: 20, pageSize: 15, loading: false, error: false, showHead: false, showMenu: true, draggable: true, nestedRows: true, withPagination: true, withCheckbox: true, headCellTooltip: true, separator: false, showFilters: true, updateData: "[Function]", updateSchema: "[Function]", onSelect: "[Function]", onSelectAll: "[Function]", updateSortingList: "[Function]", updateFilterList: "[Function]"

    ✓ 
  totalRecords: 10, page: 20, pageSize: 15, loading: false, error: false, showHead: false, showMenu: true, draggable: true, nestedRows: true, withPagination: true, withCheckbox: true, headCellTooltip: true, separator: false, showFilters: false, updateData: "[Function]", updateSchema: "[Function]", onSelect: "[Function]", onSelectAll: "[Function]", updateSortingList: "[Function]", updateFilterList: "[Function]"
 (1ms)
    ✓ 
  totalRecords: 10, page: 20, pageSize: 15, loading: false, error: false, showHead: false, showMenu: true, draggable: true, nestedRows: true, withPagination: true, withCheckbox: true, headCellTooltip: false, separator: true, showFilters: true, updateData: "[Function]", updateSchema: "[Function]", onSelect: "[Function]", onSelectAll: "[Function]", updateSortingList: "[Function]", updateFilterList: "[Function]"

    ✓ 
  totalRecords: 10, page: 20, pageSize: 15, loading: false, error: false, showHead: false, showMenu: true, draggable: true, nestedRows: true, withPagination: true, withCheckbox: true, headCellTooltip: false, separator: true, showFilters: false, updateData: "[Function]", updateSchema: "[Function]", onSelect: "[Function]", onSelectAll: "[Function]", updateSortingList: "[Function]", updateFilterList: "[Function]"
 (1ms)
    ✓ 
  totalRecords: 10, page: 20, pageSize: 15, loading: false, error: false, showHead: false, showMenu: true, draggable: true, nestedRows: true, withPagination: true, withCheckbox: true, headCellTooltip: false, separator: false, showFilters: true, updateData: "[Function]", updateSchema: "[Function]", onSelect: "[Function]", onSelectAll: "[Function]", updateSortingList: "[Function]", updateFilterList: "[Function]"
 (2ms)
    ✓ 
  totalRecords: 10, page: 20, pageSize: 15, loading: false, error: false, showHead: false, showMenu: true, draggable: true, nestedRows: true, withPagination: true, withCheckbox: true, headCellTooltip: false, separator: false, showFilters: false, updateData: "[Function]", updateSchema: "[Function]", onSelect: "[Function]", onSelectAll: "[Function]", updateSortingList: "[Function]", updateFilterList: "[Function]"
 (1ms)
    ✓ 
  totalRecords: 10, page: 20, pageSize: 15, loading: false, error: false, showHead: false, showMenu: true, draggable: true, nestedRows: true, withPagination: true, withCheckbox: false, headCellTooltip: true, separator: true, showFilters: true, updateData: "[Function]", updateSchema: "[Function]", onSelect: "[Function]", onSelectAll: "[Function]", updateSortingList: "[Function]", updateFilterList: "[Function]"
 (1ms)
    ✓ 
  totalRecords: 10, page: 20, pageSize: 15, loading: false, error: false, showHead: false, showMenu: true, draggable: true, nestedRows: true, withPagination: true, withCheckbox: false, headCellTooltip: true, separator: true, showFilters: false, updateData: "[Function]", updateSchema: "[Function]", onSelect: "[Function]", onSelectAll: "[Function]", updateSortingList: "[Function]", updateFilterList: "[Function]"
 (1ms)
    ✓ 
  totalRecords: 10, page: 20, pageSize: 15, loading: false, error: false, showHead: false, showMenu: true, draggable: true, nestedRows: true, withPagination: true, withCheckbox: false, headCellTooltip: true, separator: false, showFilters: true, updateData: "[Function]", updateSchema: "[Function]", onSelect: "[Function]", onSelectAll: "[Function]", updateSortingList: "[Function]", updateFilterList: "[Function]"
 (1ms)
    ✓ 
  totalRecords: 10, page: 20, pageSize: 15, loading: false, error: false, showHead: false, showMenu: true, draggable: true, nestedRows: true, withPagination: true, withCheckbox: false, headCellTooltip: true, separator: false, showFilters: false, updateData: "[Function]", updateSchema: "[Function]", onSelect: "[Function]", onSelectAll: "[Function]", updateSortingList: "[Function]", updateFilterList: "[Function]"

    ✓ 
  totalRecords: 10, page: 20, pageSize: 15, loading: false, error: false, showHead: false, showMenu: true, draggable: true, nestedRows: true, withPagination: true, withCheckbox: false, headCellTooltip: false, separator: true, showFilters: true, updateData: "[Function]", updateSchema: "[Function]", onSelect: "[Function]", onSelectAll: "[Function]", updateSortingList: "[Function]", updateFilterList: "[Function]"
 (1ms)
    ✓ 
  totalRecords: 10, page: 20, pageSize: 15, loading: false, error: false, showHead: false, showMenu: true, draggable: true, nestedRows: true, withPagination: true, withCheckbox: false, headCellTooltip: false, separator: true, showFilters: false, updateData: "[Function]", updateSchema: "[Function]", onSelect: "[Function]", onSelectAll: "[Function]", updateSortingList: "[Function]", updateFilterList: "[Function]"

    ✓ 
  totalRecords: 10, page: 20, pageSize: 15, loading: false, error: false, showHead: false, showMenu: true, draggable: true, nestedRows: true, withPagination: true, withCheckbox: false, headCellTooltip: false, separator: false, showFilters: true, updateData: "[Function]", updateSchema: "[Function]", onSelect: "[Function]", onSelectAll: "[Function]", updateSortingList: "[Function]", updateFilterList: "[Function]"
 (1ms)
    ✓ 
  totalRecords: 10, page: 20, pageSize: 15, loading: false, error: false, showHead: false, showMenu: true, draggable: true, nestedRows: true, withPagination: true, withCheckbox: false, headCellTooltip: false, separator: false, showFilters: false, updateData: "[Function]", updateSchema: "[Function]", onSelect: "[Function]", onSelectAll: "[Function]", updateSortingList: "[Function]", updateFilterList: "[Function]"
 (3ms)
    ✓ 
  totalRecords: 10, page: 20, pageSize: 15, loading: false, error: false, showHead: false, showMenu: true, draggable: true, nestedRows: true, withPagination: false, withCheckbox: true, headCellTooltip: true, separator: true, showFilters: true, updateData: "[Function]", updateSchema: "[Function]", onSelect: "[Function]", onSelectAll: "[Function]", updateSortingList: "[Function]", updateFilterList: "[Function]"
 (1ms)
    ✓ 
  totalRecords: 10, page: 20, pageSize: 15, loading: false, error: false, showHead: false, showMenu: true, draggable: true, nestedRows: true, withPagination: false, withCheckbox: true, headCellTooltip: true, separator: true, showFilters: false, updateData: "[Function]", updateSchema: "[Function]", onSelect: "[Function]", onSelectAll: "[Function]", updateSortingList: "[Function]", updateFilterList: "[Function]"
 (2ms)
    ✓ 
  totalRecords: 10, page: 20, pageSize: 15, loading: false, error: false, showHead: false, showMenu: true, draggable: true, nestedRows: true, withPagination: false, withCheckbox: true, headCellTooltip: true, separator: false, showFilters: true, updateData: "[Function]", updateSchema: "[Function]", onSelect: "[Function]", onSelectAll: "[Function]", updateSortingList: "[Function]", updateFilterList: "[Function]"
 (1ms)
    ✓ 
  totalRecords: 10, page: 20, pageSize: 15, loading: false, error: false, showHead: false, showMenu: true, draggable: true, nestedRows: true, withPagination: false, withCheckbox: true, headCellTooltip: true, separator: false, showFilters: false, updateData: "[Function]", updateSchema: "[Function]", onSelect: "[Function]", onSelectAll: "[Function]", updateSortingList: "[Function]", updateFilterList: "[Function]"
 (2ms)
    ✓ 
  totalRecords: 10, page: 20, pageSize: 15, loading: false, error: false, showHead: false, showMenu: true, draggable: true, nestedRows: true, withPagination: false, withCheckbox: true, headCellTooltip: false, separator: true, showFilters: true, updateData: "[Function]", updateSchema: "[Function]", onSelect: "[Function]", onSelectAll: "[Function]", updateSortingList: "[Function]", updateFilterList: "[Function]"
 (1ms)
    ✓ 
  totalRecords: 10, page: 20, pageSize: 15, loading: false, error: false, showHead: false, showMenu: true, draggable: true, nestedRows: true, withPagination: false, withCheckbox: true, headCellTooltip: false, separator: true, showFilters: false, updateData: "[Function]", updateSchema: "[Function]", onSelect: "[Function]", onSelectAll: "[Function]", updateSortingList: "[Function]", updateFilterList: "[Function]"

    ✓ 
  totalRecords: 10, page: 20, pageSize: 15, loading: false, error: false, showHead: false, showMenu: true, draggable: true, nestedRows: true, withPagination: false, withCheckbox: true, headCellTooltip: false, separator: false, showFilters: true, updateData: "[Function]", updateSchema: "[Function]", onSelect: "[Function]", onSelectAll: "[Function]", updateSortingList: "[Function]", updateFilterList: "[Function]"
 (1ms)
    ✓ 
  totalRecords: 10, page: 20, pageSize: 15, loading: false, error: false, showHead: false, showMenu: true, draggable: true, nestedRows: true, withPagination: false, withCheckbox: true, headCellTooltip: false, separator: false, showFilters: false, updateData: "[Function]", updateSchema: "[Function]", onSelect: "[Function]", onSelectAll: "[Function]", updateSortingList: "[Function]", updateFilterList: "[Function]"
 (1ms)
    ✓ 
  totalRecords: 10, page: 20, pageSize: 15, loading: false, error: false, showHead: false, showMenu: true, draggable: true, nestedRows: true, withPagination: false, withCheckbox: false, headCellTooltip: true, separator: true, showFilters: true, updateData: "[Function]", updateSchema: "[Function]", onSelect: "[Function]", onSelectAll: "[Function]", updateSortingList: "[Function]", updateFilterList: "[Function]"

    ✓ 
  totalRecords: 10, page: 20, pageSize: 15, loading: false, error: false, showHead: false, showMenu: true, draggable: true, nestedRows: true, withPagination: false, withCheckbox: false, headCellTooltip: true, separator: true, showFilters: false, updateData: "[Function]", updateSchema: "[Function]", onSelect: "[Function]", onSelectAll: "[Function]", updateSortingList: "[Function]", updateFilterList: "[Function]"
 (1ms)
    ✓ 
  totalRecords: 10, page: 20, pageSize: 15, loading: false, error: false, showHead: false, showMenu: true, draggable: true, nestedRows: true, withPagination: false, withCheckbox: false, headCellTooltip: true, separator: false, showFilters: true, updateData: "[Function]", updateSchema: "[Function]", onSelect: "[Function]", onSelectAll: "[Function]", updateSortingList: "[Function]", updateFilterList: "[Function]"

    ✓ 
  totalRecords: 10, page: 20, pageSize: 15, loading: false, error: false, showHead: false, showMenu: true, draggable: true, nestedRows: true, withPagination: false, withCheckbox: false, headCellTooltip: true, separator: false, showFilters: false, updateData: "[Function]", updateSchema: "[Function]", onSelect: "[Function]", onSelectAll: "[Function]", updateSortingList: "[Function]", updateFilterList: "[Function]"
 (1ms)
    ✓ 
  totalRecords: 10, page: 20, pageSize: 15, loading: false, error: false, showHead: false, showMenu: true, draggable: true, nestedRows: true, withPagination: false, withCheckbox: false, headCellTooltip: false, separator: true, showFilters: true, updateData: "[Function]", updateSchema: "[Function]", onSelect: "[Function]", onSelectAll: "[Function]", updateSortingList: "[Function]", updateFilterList: "[Function]"

    ✓ 
  totalRecords: 10, page: 20, pageSize: 15, loading: false, error: false, showHead: false, showMenu: true, draggable: true, nestedRows: true, withPagination: false, withCheckbox: false, headCellTooltip: false, separator: true, showFilters: false, updateData: "[Function]", updateSchema: "[Function]", onSelect: "[Function]", onSelectAll: "[Function]", updateSortingList: "[Function]", updateFilterList: "[Function]"
 (6ms)
    ✓ 
  totalRecords: 10, page: 20, pageSize: 15, loading: false, error: false, showHead: false, showMenu: true, draggable: true, nestedRows: true, withPagination: false, withCheckbox: false, headCellTooltip: false, separator: false, showFilters: true, updateData: "[Function]", updateSchema: "[Function]", onSelect: "[Function]", onSelectAll: "[Function]", updateSortingList: "[Function]", updateFilterList: "[Function]"
 (2ms)
    ✓ 
  totalRecords: 10, page: 20, pageSize: 15, loading: false, error: false, showHead: false, showMenu: true, draggable: true, nestedRows: true, withPagination: false, withCheckbox: false, headCellTooltip: false, separator: false, showFilters: false, updateData: "[Function]", updateSchema: "[Function]", onSelect: "[Function]", onSelectAll: "[Function]", updateSortingList: "[Function]", updateFilterList: "[Function]"
 (1ms)
    ✓ 
  totalRecords: 10, page: 20, pageSize: 15, loading: false, error: false, showHead: false, showMenu: true, draggable: true, nestedRows: false, withPagination: true, withCheckbox: true, headCellTooltip: true, separator: true, showFilters: true, updateData: "[Function]", updateSchema: "[Function]", onSelect: "[Function]", onSelectAll: "[Function]", updateSortingList: "[Function]", updateFilterList: "[Function]"
 (1ms)
    ✓ 
  totalRecords: 10, page: 20, pageSize: 15, loading: false, error: false, showHead: false, showMenu: true, draggable: true, nestedRows: false, withPagination: true, withCheckbox: true, headCellTooltip: true, separator: true, showFilters: false, updateData: "[Function]", updateSchema: "[Function]", onSelect: "[Function]", onSelectAll: "[Function]", updateSortingList: "[Function]", updateFilterList: "[Function]"

    ✓ 
  totalRecords: 10, page: 20, pageSize: 15, loading: false, error: false, showHead: false, showMenu: true, draggable: true, nestedRows: false, withPagination: true, withCheckbox: true, headCellTooltip: true, separator: false, showFilters: true, updateData: "[Function]", updateSchema: "[Function]", onSelect: "[Function]", onSelectAll: "[Function]", updateSortingList: "[Function]", updateFilterList: "[Function]"
 (1ms)
    ✓ 
  totalRecords: 10, page: 20, pageSize: 15, loading: false, error: false, showHead: false, showMenu: true, draggable: true, nestedRows: false, withPagination: true, withCheckbox: true, headCellTooltip: true, separator: false, showFilters: false, updateData: "[Function]", updateSchema: "[Function]", onSelect: "[Function]", onSelectAll: "[Function]", updateSortingList: "[Function]", updateFilterList: "[Function]"

    ✓ 
  totalRecords: 10, page: 20, pageSize: 15, loading: false, error: false, showHead: false, showMenu: true, draggable: true, nestedRows: false, withPagination: true, withCheckbox: true, headCellTooltip: false, separator: true, showFilters: true, updateData: "[Function]", updateSchema: "[Function]", onSelect: "[Function]", onSelectAll: "[Function]", updateSortingList: "[Function]", updateFilterList: "[Function]"

    ✓ 
  totalRecords: 10, page: 20, pageSize: 15, loading: false, error: false, showHead: false, showMenu: true, draggable: true, nestedRows: false, withPagination: true, withCheckbox: true, headCellTooltip: false, separator: true, showFilters: false, updateData: "[Function]", updateSchema: "[Function]", onSelect: "[Function]", onSelectAll: "[Function]", updateSortingList: "[Function]", updateFilterList: "[Function]"
 (1ms)
    ✓ 
  totalRecords: 10, page: 20, pageSize: 15, loading: false, error: false, showHead: false, showMenu: true, draggable: true, nestedRows: false, withPagination: true, withCheckbox: true, headCellTooltip: false, separator: false, showFilters: true, updateData: "[Function]", updateSchema: "[Function]", onSelect: "[Function]", onSelectAll: "[Function]", updateSortingList: "[Function]", updateFilterList: "[Function]"

    ✓ 
  totalRecords: 10, page: 20, pageSize: 15, loading: false, error: false, showHead: false, showMenu: true, draggable: true, nestedRows: false, withPagination: true, withCheckbox: true, headCellTooltip: false, separator: false, showFilters: false, updateData: "[Function]", updateSchema: "[Function]", onSelect: "[Function]", onSelectAll: "[Function]", updateSortingList: "[Function]", updateFilterList: "[Function]"
 (1ms)
    ✓ 
  totalRecords: 10, page: 20, pageSize: 15, loading: false, error: false, showHead: false, showMenu: true, draggable: true, nestedRows: false, withPagination: true, withCheckbox: false, headCellTooltip: true, separator: true, showFilters: true, updateData: "[Function]", updateSchema: "[Function]", onSelect: "[Function]", onSelectAll: "[Function]", updateSortingList: "[Function]", updateFilterList: "[Function]"
 (1ms)
    ✓ 
  totalRecords: 10, page: 20, pageSize: 15, loading: false, error: false, showHead: false, showMenu: true, draggable: true, nestedRows: false, withPagination: true, withCheckbox: false, headCellTooltip: true, separator: true, showFilters: false, updateData: "[Function]", updateSchema: "[Function]", onSelect: "[Function]", onSelectAll: "[Function]", updateSortingList: "[Function]", updateFilterList: "[Function]"

    ✓ 
  totalRecords: 10, page: 20, pageSize: 15, loading: false, error: false, showHead: false, showMenu: true, draggable: true, nestedRows: false, withPagination: true, withCheckbox: false, headCellTooltip: true, separator: false, showFilters: true, updateData: "[Function]", updateSchema: "[Function]", onSelect: "[Function]", onSelectAll: "[Function]", updateSortingList: "[Function]", updateFilterList: "[Function]"
 (1ms)
    ✓ 
  totalRecords: 10, page: 20, pageSize: 15, loading: false, error: false, showHead: false, showMenu: true, draggable: true, nestedRows: false, withPagination: true, withCheckbox: false, headCellTooltip: true, separator: false, showFilters: false, updateData: "[Function]", updateSchema: "[Function]", onSelect: "[Function]", onSelectAll: "[Function]", updateSortingList: "[Function]", updateFilterList: "[Function]"
 (1ms)
    ✓ 
  totalRecords: 10, page: 20, pageSize: 15, loading: false, error: false, showHead: false, showMenu: true, draggable: true, nestedRows: false, withPagination: true, withCheckbox: false, headCellTooltip: false, separator: true, showFilters: true, updateData: "[Function]", updateSchema: "[Function]", onSelect: "[Function]", onSelectAll: "[Function]", updateSortingList: "[Function]", updateFilterList: "[Function]"

    ✓ 
  totalRecords: 10, page: 20, pageSize: 15, loading: false, error: false, showHead: false, showMenu: true, draggable: true, nestedRows: false, withPagination: true, withCheckbox: false, headCellTooltip: false, separator: true, showFilters: false, updateData: "[Function]", updateSchema: "[Function]", onSelect: "[Function]", onSelectAll: "[Function]", updateSortingList: "[Function]", updateFilterList: "[Function]"
 (1ms)
    ✓ 
  totalRecords: 10, page: 20, pageSize: 15, loading: false, error: false, showHead: false, showMenu: true, draggable: true, nestedRows: false, withPagination: true, withCheckbox: false, headCellTooltip: false, separator: false, showFilters: true, updateData: "[Function]", updateSchema: "[Function]", onSelect: "[Function]", onSelectAll: "[Function]", updateSortingList: "[Function]", updateFilterList: "[Function]"

    ✓ 
  totalRecords: 10, page: 20, pageSize: 15, loading: false, error: false, showHead: false, showMenu: true, draggable: true, nestedRows: false, withPagination: true, withCheckbox: false, headCellTooltip: false, separator: false, showFilters: false, updateData: "[Function]", updateSchema: "[Function]", onSelect: "[Function]", onSelectAll: "[Function]", updateSortingList: "[Function]", updateFilterList: "[Function]"
 (2ms)
    ✓ 
  totalRecords: 10, page: 20, pageSize: 15, loading: false, error: false, showHead: false, showMenu: true, draggable: true, nestedRows: false, withPagination: false, withCheckbox: true, headCellTooltip: true, separator: true, showFilters: true, updateData: "[Function]", updateSchema: "[Function]", onSelect: "[Function]", onSelectAll: "[Function]", updateSortingList: "[Function]", updateFilterList: "[Function]"
 (1ms)
    ✓ 
  totalRecords: 10, page: 20, pageSize: 15, loading: false, error: false, showHead: false, showMenu: true, draggable: true, nestedRows: false, withPagination: false, withCheckbox: true, headCellTooltip: true, separator: true, showFilters: false, updateData: "[Function]", updateSchema: "[Function]", onSelect: "[Function]", onSelectAll: "[Function]", updateSortingList: "[Function]", updateFilterList: "[Function]"
 (1ms)
    ✓ 
  totalRecords: 10, page: 20, pageSize: 15, loading: false, error: false, showHead: false, showMenu: true, draggable: true, nestedRows: false, withPagination: false, withCheckbox: true, headCellTooltip: true, separator: false, showFilters: true, updateData: "[Function]", updateSchema: "[Function]", onSelect: "[Function]", onSelectAll: "[Function]", updateSortingList: "[Function]", updateFilterList: "[Function]"

    ✓ 
  totalRecords: 10, page: 20, pageSize: 15, loading: false, error: false, showHead: false, showMenu: true, draggable: true, nestedRows: false, withPagination: false, withCheckbox: true, headCellTooltip: true, separator: false, showFilters: false, updateData: "[Function]", updateSchema: "[Function]", onSelect: "[Function]", onSelectAll: "[Function]", updateSortingList: "[Function]", updateFilterList: "[Function]"
 (1ms)
    ✓ 
  totalRecords: 10, page: 20, pageSize: 15, loading: false, error: false, showHead: false, showMenu: true, draggable: true, nestedRows: false, withPagination: false, withCheckbox: true, headCellTooltip: false, separator: true, showFilters: true, updateData: "[Function]", updateSchema: "[Function]", onSelect: "[Function]", onSelectAll: "[Function]", updateSortingList: "[Function]", updateFilterList: "[Function]"

    ✓ 
  totalRecords: 10, page: 20, pageSize: 15, loading: false, error: false, showHead: false, showMenu: true, draggable: true, nestedRows: false, withPagination: false, withCheckbox: true, headCellTooltip: false, separator: true, showFilters: false, updateData: "[Function]", updateSchema: "[Function]", onSelect: "[Function]", onSelectAll: "[Function]", updateSortingList: "[Function]", updateFilterList: "[Function]"

    ✓ 
  totalRecords: 10, page: 20, pageSize: 15, loading: false, error: false, showHead: false, showMenu: true, draggable: true, nestedRows: false, withPagination: false, withCheckbox: true, headCellTooltip: false, separator: false, showFilters: true, updateData: "[Function]", updateSchema: "[Function]", onSelect: "[Function]", onSelectAll: "[Function]", updateSortingList: "[Function]", updateFilterList: "[Function]"
 (1ms)
    ✓ 
  totalRecords: 10, page: 20, pageSize: 15, loading: false, error: false, showHead: false, showMenu: true, draggable: true, nestedRows: false, withPagination: false, withCheckbox: true, headCellTooltip: false, separator: false, showFilters: false, updateData: "[Function]", updateSchema: "[Function]", onSelect: "[Function]", onSelectAll: "[Function]", updateSortingList: "[Function]", updateFilterList: "[Function]"

    ✓ 
  totalRecords: 10, page: 20, pageSize: 15, loading: false, error: false, showHead: false, showMenu: true, draggable: true, nestedRows: false, withPagination: false, withCheckbox: false, headCellTooltip: true, separator: true, showFilters: true, updateData: "[Function]", updateSchema: "[Function]", onSelect: "[Function]", onSelectAll: "[Function]", updateSortingList: "[Function]", updateFilterList: "[Function]"
 (1ms)
    ✓ 
  totalRecords: 10, page: 20, pageSize: 15, loading: false, error: false, showHead: false, showMenu: true, draggable: true, nestedRows: false, withPagination: false, withCheckbox: false, headCellTooltip: true, separator: true, showFilters: false, updateData: "[Function]", updateSchema: "[Function]", onSelect: "[Function]", onSelectAll: "[Function]", updateSortingList: "[Function]", updateFilterList: "[Function]"

    ✓ 
  totalRecords: 10, page: 20, pageSize: 15, loading: false, error: false, showHead: false, showMenu: true, draggable: true, nestedRows: false, withPagination: false, withCheckbox: false, headCellTooltip: true, separator: false, showFilters: true, updateData: "[Function]", updateSchema: "[Function]", onSelect: "[Function]", onSelectAll: "[Function]", updateSortingList: "[Function]", updateFilterList: "[Function]"

    ✓ 
  totalRecords: 10, page: 20, pageSize: 15, loading: false, error: false, showHead: false, showMenu: true, draggable: true, nestedRows: false, withPagination: false, withCheckbox: false, headCellTooltip: true, separator: false, showFilters: false, updateData: "[Function]", updateSchema: "[Function]", onSelect: "[Function]", onSelectAll: "[Function]", updateSortingList: "[Function]", updateFilterList: "[Function]"

    ✓ 
  totalRecords: 10, page: 20, pageSize: 15, loading: false, error: false, showHead: false, showMenu: true, draggable: true, nestedRows: false, withPagination: false, withCheckbox: false, headCellTooltip: false, separator: true, showFilters: true, updateData: "[Function]", updateSchema: "[Function]", onSelect: "[Function]", onSelectAll: "[Function]", updateSortingList: "[Function]", updateFilterList: "[Function]"

    ✓ 
  totalRecords: 10, page: 20, pageSize: 15, loading: false, error: false, showHead: false, showMenu: true, draggable: true, nestedRows: false, withPagination: false, withCheckbox: false, headCellTooltip: false, separator: true, showFilters: false, updateData: "[Function]", updateSchema: "[Function]", onSelect: "[Function]", onSelectAll: "[Function]", updateSortingList: "[Function]", updateFilterList: "[Function]"
 (1ms)
    ✓ 
  totalRecords: 10, page: 20, pageSize: 15, loading: false, error: false, showHead: false, showMenu: true, draggable: true, nestedRows: false, withPagination: false, withCheckbox: false, headCellTooltip: false, separator: false, showFilters: true, updateData: "[Function]", updateSchema: "[Function]", onSelect: "[Function]", onSelectAll: "[Function]", updateSortingList: "[Function]", updateFilterList: "[Function]"
 (2ms)
    ✓ 
  totalRecords: 10, page: 20, pageSize: 15, loading: false, error: false, showHead: false, showMenu: true, draggable: true, nestedRows: false, withPagination: false, withCheckbox: false, headCellTooltip: false, separator: false, showFilters: false, updateData: "[Function]", updateSchema: "[Function]", onSelect: "[Function]", onSelectAll: "[Function]", updateSortingList: "[Function]", updateFilterList: "[Function]"
 (2ms)
    ✓ 
  totalRecords: 10, page: 20, pageSize: 15, loading: false, error: false, showHead: false, showMenu: true, draggable: false, nestedRows: true, withPagination: true, withCheckbox: true, headCellTooltip: true, separator: true, showFilters: true, updateData: "[Function]", updateSchema: "[Function]", onSelect: "[Function]", onSelectAll: "[Function]", updateSortingList: "[Function]", updateFilterList: "[Function]"
 (1ms)
    ✓ 
  totalRecords: 10, page: 20, pageSize: 15, loading: false, error: false, showHead: false, showMenu: true, draggable: false, nestedRows: true, withPagination: true, withCheckbox: true, headCellTooltip: true, separator: true, showFilters: false, updateData: "[Function]", updateSchema: "[Function]", onSelect: "[Function]", onSelectAll: "[Function]", updateSortingList: "[Function]", updateFilterList: "[Function]"

    ✓ 
  totalRecords: 10, page: 20, pageSize: 15, loading: false, error: false, showHead: false, showMenu: true, draggable: false, nestedRows: true, withPagination: true, withCheckbox: true, headCellTooltip: true, separator: false, showFilters: true, updateData: "[Function]", updateSchema: "[Function]", onSelect: "[Function]", onSelectAll: "[Function]", updateSortingList: "[Function]", updateFilterList: "[Function]"
 (1ms)
    ✓ 
  totalRecords: 10, page: 20, pageSize: 15, loading: false, error: false, showHead: false, showMenu: true, draggable: false, nestedRows: true, withPagination: true, withCheckbox: true, headCellTooltip: true, separator: false, showFilters: false, updateData: "[Function]", updateSchema: "[Function]", onSelect: "[Function]", onSelectAll: "[Function]", updateSortingList: "[Function]", updateFilterList: "[Function]"

    ✓ 
  totalRecords: 10, page: 20, pageSize: 15, loading: false, error: false, showHead: false, showMenu: true, draggable: false, nestedRows: true, withPagination: true, withCheckbox: true, headCellTooltip: false, separator: true, showFilters: true, updateData: "[Function]", updateSchema: "[Function]", onSelect: "[Function]", onSelectAll: "[Function]", updateSortingList: "[Function]", updateFilterList: "[Function]"
 (1ms)
    ✓ 
  totalRecords: 10, page: 20, pageSize: 15, loading: false, error: false, showHead: false, showMenu: true, draggable: false, nestedRows: true, withPagination: true, withCheckbox: true, headCellTooltip: false, separator: true, showFilters: false, updateData: "[Function]", updateSchema: "[Function]", onSelect: "[Function]", onSelectAll: "[Function]", updateSortingList: "[Function]", updateFilterList: "[Function]"
 (1ms)
    ✓ 
  totalRecords: 10, page: 20, pageSize: 15, loading: false, error: false, showHead: false, showMenu: true, draggable: false, nestedRows: true, withPagination: true, withCheckbox: true, headCellTooltip: false, separator: false, showFilters: true, updateData: "[Function]", updateSchema: "[Function]", onSelect: "[Function]", onSelectAll: "[Function]", updateSortingList: "[Function]", updateFilterList: "[Function]"
 (1ms)
    ✓ 
  totalRecords: 10, page: 20, pageSize: 15, loading: false, error: false, showHead: false, showMenu: true, draggable: false, nestedRows: true, withPagination: true, withCheckbox: true, headCellTooltip: false, separator: false, showFilters: false, updateData: "[Function]", updateSchema: "[Function]", onSelect: "[Function]", onSelectAll: "[Function]", updateSortingList: "[Function]", updateFilterList: "[Function]"
 (1ms)
    ✓ 
  totalRecords: 10, page: 20, pageSize: 15, loading: false, error: false, showHead: false, showMenu: true, draggable: false, nestedRows: true, withPagination: true, withCheckbox: false, headCellTooltip: true, separator: true, showFilters: true, updateData: "[Function]", updateSchema: "[Function]", onSelect: "[Function]", onSelectAll: "[Function]", updateSortingList: "[Function]", updateFilterList: "[Function]"
 (1ms)
    ✓ 
  totalRecords: 10, page: 20, pageSize: 15, loading: false, error: false, showHead: false, showMenu: true, draggable: false, nestedRows: true, withPagination: true, withCheckbox: false, headCellTooltip: true, separator: true, showFilters: false, updateData: "[Function]", updateSchema: "[Function]", onSelect: "[Function]", onSelectAll: "[Function]", updateSortingList: "[Function]", updateFilterList: "[Function]"

    ✓ 
  totalRecords: 10, page: 20, pageSize: 15, loading: false, error: false, showHead: false, showMenu: true, draggable: false, nestedRows: true, withPagination: true, withCheckbox: false, headCellTooltip: true, separator: false, showFilters: true, updateData: "[Function]", updateSchema: "[Function]", onSelect: "[Function]", onSelectAll: "[Function]", updateSortingList: "[Function]", updateFilterList: "[Function]"

    ✓ 
  totalRecords: 10, page: 20, pageSize: 15, loading: false, error: false, showHead: false, showMenu: true, draggable: false, nestedRows: true, withPagination: true, withCheckbox: false, headCellTooltip: true, separator: false, showFilters: false, updateData: "[Function]", updateSchema: "[Function]", onSelect: "[Function]", onSelectAll: "[Function]", updateSortingList: "[Function]", updateFilterList: "[Function]"

    ✓ 
  totalRecords: 10, page: 20, pageSize: 15, loading: false, error: false, showHead: false, showMenu: true, draggable: false, nestedRows: true, withPagination: true, withCheckbox: false, headCellTooltip: false, separator: true, showFilters: true, updateData: "[Function]", updateSchema: "[Function]", onSelect: "[Function]", onSelectAll: "[Function]", updateSortingList: "[Function]", updateFilterList: "[Function]"
 (1ms)
    ✓ 
  totalRecords: 10, page: 20, pageSize: 15, loading: false, error: false, showHead: false, showMenu: true, draggable: false, nestedRows: true, withPagination: true, withCheckbox: false, headCellTooltip: false, separator: true, showFilters: false, updateData: "[Function]", updateSchema: "[Function]", onSelect: "[Function]", onSelectAll: "[Function]", updateSortingList: "[Function]", updateFilterList: "[Function]"
 (1ms)
    ✓ 
  totalRecords: 10, page: 20, pageSize: 15, loading: false, error: false, showHead: false, showMenu: true, draggable: false, nestedRows: true, withPagination: true, withCheckbox: false, headCellTooltip: false, separator: false, showFilters: true, updateData: "[Function]", updateSchema: "[Function]", onSelect: "[Function]", onSelectAll: "[Function]", updateSortingList: "[Function]", updateFilterList: "[Function]"
 (1ms)
    ✓ 
  totalRecords: 10, page: 20, pageSize: 15, loading: false, error: false, showHead: false, showMenu: true, draggable: false, nestedRows: true, withPagination: true, withCheckbox: false, headCellTooltip: false, separator: false, showFilters: false, updateData: "[Function]", updateSchema: "[Function]", onSelect: "[Function]", onSelectAll: "[Function]", updateSortingList: "[Function]", updateFilterList: "[Function]"

    ✓ 
  totalRecords: 10, page: 20, pageSize: 15, loading: false, error: false, showHead: false, showMenu: true, draggable: false, nestedRows: true, withPagination: false, withCheckbox: true, headCellTooltip: true, separator: true, showFilters: true, updateData: "[Function]", updateSchema: "[Function]", onSelect: "[Function]", onSelectAll: "[Function]", updateSortingList: "[Function]", updateFilterList: "[Function]"
 (1ms)
    ✓ 
  totalRecords: 10, page: 20, pageSize: 15, loading: false, error: false, showHead: false, showMenu: true, draggable: false, nestedRows: true, withPagination: false, withCheckbox: true, headCellTooltip: true, separator: true, showFilters: false, updateData: "[Function]", updateSchema: "[Function]", onSelect: "[Function]", onSelectAll: "[Function]", updateSortingList: "[Function]", updateFilterList: "[Function]"
 (1ms)
    ✓ 
  totalRecords: 10, page: 20, pageSize: 15, loading: false, error: false, showHead: false, showMenu: true, draggable: false, nestedRows: true, withPagination: false, withCheckbox: true, headCellTooltip: true, separator: false, showFilters: true, updateData: "[Function]", updateSchema: "[Function]", onSelect: "[Function]", onSelectAll: "[Function]", updateSortingList: "[Function]", updateFilterList: "[Function]"

    ✓ 
  totalRecords: 10, page: 20, pageSize: 15, loading: false, error: false, showHead: false, showMenu: true, draggable: false, nestedRows: true, withPagination: false, withCheckbox: true, headCellTooltip: true, separator: false, showFilters: false, updateData: "[Function]", updateSchema: "[Function]", onSelect: "[Function]", onSelectAll: "[Function]", updateSortingList: "[Function]", updateFilterList: "[Function]"
 (1ms)
    ✓ 
  totalRecords: 10, page: 20, pageSize: 15, loading: false, error: false, showHead: false, showMenu: true, draggable: false, nestedRows: true, withPagination: false, withCheckbox: true, headCellTooltip: false, separator: true, showFilters: true, updateData: "[Function]", updateSchema: "[Function]", onSelect: "[Function]", onSelectAll: "[Function]", updateSortingList: "[Function]", updateFilterList: "[Function]"

    ✓ 
  totalRecords: 10, page: 20, pageSize: 15, loading: false, error: false, showHead: false, showMenu: true, draggable: false, nestedRows: true, withPagination: false, withCheckbox: true, headCellTooltip: false, separator: true, showFilters: false, updateData: "[Function]", updateSchema: "[Function]", onSelect: "[Function]", onSelectAll: "[Function]", updateSortingList: "[Function]", updateFilterList: "[Function]"
 (1ms)
    ✓ 
  totalRecords: 10, page: 20, pageSize: 15, loading: false, error: false, showHead: false, showMenu: true, draggable: false, nestedRows: true, withPagination: false, withCheckbox: true, headCellTooltip: false, separator: false, showFilters: true, updateData: "[Function]", updateSchema: "[Function]", onSelect: "[Function]", onSelectAll: "[Function]", updateSortingList: "[Function]", updateFilterList: "[Function]"
 (1ms)
    ✓ 
  totalRecords: 10, page: 20, pageSize: 15, loading: false, error: false, showHead: false, showMenu: true, draggable: false, nestedRows: true, withPagination: false, withCheckbox: true, headCellTooltip: false, separator: false, showFilters: false, updateData: "[Function]", updateSchema: "[Function]", onSelect: "[Function]", onSelectAll: "[Function]", updateSortingList: "[Function]", updateFilterList: "[Function]"

    ✓ 
  totalRecords: 10, page: 20, pageSize: 15, loading: false, error: false, showHead: false, showMenu: true, draggable: false, nestedRows: true, withPagination: false, withCheckbox: false, headCellTooltip: true, separator: true, showFilters: true, updateData: "[Function]", updateSchema: "[Function]", onSelect: "[Function]", onSelectAll: "[Function]", updateSortingList: "[Function]", updateFilterList: "[Function]"

    ✓ 
  totalRecords: 10, page: 20, pageSize: 15, loading: false, error: false, showHead: false, showMenu: true, draggable: false, nestedRows: true, withPagination: false, withCheckbox: false, headCellTooltip: true, separator: true, showFilters: false, updateData: "[Function]", updateSchema: "[Function]", onSelect: "[Function]", onSelectAll: "[Function]", updateSortingList: "[Function]", updateFilterList: "[Function]"
 (1ms)
    ✓ 
  totalRecords: 10, page: 20, pageSize: 15, loading: false, error: false, showHead: false, showMenu: true, draggable: false, nestedRows: true, withPagination: false, withCheckbox: false, headCellTooltip: true, separator: false, showFilters: true, updateData: "[Function]", updateSchema: "[Function]", onSelect: "[Function]", onSelectAll: "[Function]", updateSortingList: "[Function]", updateFilterList: "[Function]"
 (1ms)
    ✓ 
  totalRecords: 10, page: 20, pageSize: 15, loading: false, error: false, showHead: false, showMenu: true, draggable: false, nestedRows: true, withPagination: false, withCheckbox: false, headCellTooltip: true, separator: false, showFilters: false, updateData: "[Function]", updateSchema: "[Function]", onSelect: "[Function]", onSelectAll: "[Function]", updateSortingList: "[Function]", updateFilterList: "[Function]"
 (1ms)
    ✓ 
  totalRecords: 10, page: 20, pageSize: 15, loading: false, error: false, showHead: false, showMenu: true, draggable: false, nestedRows: true, withPagination: false, withCheckbox: false, headCellTooltip: false, separator: true, showFilters: true, updateData: "[Function]", updateSchema: "[Function]", onSelect: "[Function]", onSelectAll: "[Function]", updateSortingList: "[Function]", updateFilterList: "[Function]"
 (1ms)
    ✓ 
  totalRecords: 10, page: 20, pageSize: 15, loading: false, error: false, showHead: false, showMenu: true, draggable: false, nestedRows: true, withPagination: false, withCheckbox: false, headCellTooltip: false, separator: true, showFilters: false, updateData: "[Function]", updateSchema: "[Function]", onSelect: "[Function]", onSelectAll: "[Function]", updateSortingList: "[Function]", updateFilterList: "[Function]"
 (2ms)
    ✓ 
  totalRecords: 10, page: 20, pageSize: 15, loading: false, error: false, showHead: false, showMenu: true, draggable: false, nestedRows: true, withPagination: false, withCheckbox: false, headCellTooltip: false, separator: false, showFilters: true, updateData: "[Function]", updateSchema: "[Function]", onSelect: "[Function]", onSelectAll: "[Function]", updateSortingList: "[Function]", updateFilterList: "[Function]"
 (2ms)
    ✓ 
  totalRecords: 10, page: 20, pageSize: 15, loading: false, error: false, showHead: false, showMenu: true, draggable: false, nestedRows: true, withPagination: false, withCheckbox: false, headCellTooltip: false, separator: false, showFilters: false, updateData: "[Function]", updateSchema: "[Function]", onSelect: "[Function]", onSelectAll: "[Function]", updateSortingList: "[Function]", updateFilterList: "[Function]"
 (4ms)
    ✓ 
  totalRecords: 10, page: 20, pageSize: 15, loading: false, error: false, showHead: false, showMenu: true, draggable: false, nestedRows: false, withPagination: true, withCheckbox: true, headCellTooltip: true, separator: true, showFilters: true, updateData: "[Function]", updateSchema: "[Function]", onSelect: "[Function]", onSelectAll: "[Function]", updateSortingList: "[Function]", updateFilterList: "[Function]"
 (2ms)
    ✓ 
  totalRecords: 10, page: 20, pageSize: 15, loading: false, error: false, showHead: false, showMenu: true, draggable: false, nestedRows: false, withPagination: true, withCheckbox: true, headCellTooltip: true, separator: true, showFilters: false, updateData: "[Function]", updateSchema: "[Function]", onSelect: "[Function]", onSelectAll: "[Function]", updateSortingList: "[Function]", updateFilterList: "[Function]"
 (3ms)
    ✓ 
  totalRecords: 10, page: 20, pageSize: 15, loading: false, error: false, showHead: false, showMenu: true, draggable: false, nestedRows: false, withPagination: true, withCheckbox: true, headCellTooltip: true, separator: false, showFilters: true, updateData: "[Function]", updateSchema: "[Function]", onSelect: "[Function]", onSelectAll: "[Function]", updateSortingList: "[Function]", updateFilterList: "[Function]"
 (2ms)
    ✓ 
  totalRecords: 10, page: 20, pageSize: 15, loading: false, error: false, showHead: false, showMenu: true, draggable: false, nestedRows: false, withPagination: true, withCheckbox: true, headCellTooltip: true, separator: false, showFilters: false, updateData: "[Function]", updateSchema: "[Function]", onSelect: "[Function]", onSelectAll: "[Function]", updateSortingList: "[Function]", updateFilterList: "[Function]"
 (3ms)
    ✓ 
  totalRecords: 10, page: 20, pageSize: 15, loading: false, error: false, showHead: false, showMenu: true, draggable: false, nestedRows: false, withPagination: true, withCheckbox: true, headCellTooltip: false, separator: true, showFilters: true, updateData: "[Function]", updateSchema: "[Function]", onSelect: "[Function]", onSelectAll: "[Function]", updateSortingList: "[Function]", updateFilterList: "[Function]"
 (1ms)
    ✓ 
  totalRecords: 10, page: 20, pageSize: 15, loading: false, error: false, showHead: false, showMenu: true, draggable: false, nestedRows: false, withPagination: true, withCheckbox: true, headCellTooltip: false, separator: true, showFilters: false, updateData: "[Function]", updateSchema: "[Function]", onSelect: "[Function]", onSelectAll: "[Function]", updateSortingList: "[Function]", updateFilterList: "[Function]"
 (1ms)
    ✓ 
  totalRecords: 10, page: 20, pageSize: 15, loading: false, error: false, showHead: false, showMenu: true, draggable: false, nestedRows: false, withPagination: true, withCheckbox: true, headCellTooltip: false, separator: false, showFilters: true, updateData: "[Function]", updateSchema: "[Function]", onSelect: "[Function]", onSelectAll: "[Function]", updateSortingList: "[Function]", updateFilterList: "[Function]"

    ✓ 
  totalRecords: 10, page: 20, pageSize: 15, loading: false, error: false, showHead: false, showMenu: true, draggable: false, nestedRows: false, withPagination: true, withCheckbox: true, headCellTooltip: false, separator: false, showFilters: false, updateData: "[Function]", updateSchema: "[Function]", onSelect: "[Function]", onSelectAll: "[Function]", updateSortingList: "[Function]", updateFilterList: "[Function]"

    ✓ 
  totalRecords: 10, page: 20, pageSize: 15, loading: false, error: false, showHead: false, showMenu: true, draggable: false, nestedRows: false, withPagination: true, withCheckbox: false, headCellTooltip: true, separator: true, showFilters: true, updateData: "[Function]", updateSchema: "[Function]", onSelect: "[Function]", onSelectAll: "[Function]", updateSortingList: "[Function]", updateFilterList: "[Function]"
 (1ms)
    ✓ 
  totalRecords: 10, page: 20, pageSize: 15, loading: false, error: false, showHead: false, showMenu: true, draggable: false, nestedRows: false, withPagination: true, withCheckbox: false, headCellTooltip: true, separator: true, showFilters: false, updateData: "[Function]", updateSchema: "[Function]", onSelect: "[Function]", onSelectAll: "[Function]", updateSortingList: "[Function]", updateFilterList: "[Function]"
 (1ms)
    ✓ 
  totalRecords: 10, page: 20, pageSize: 15, loading: false, error: false, showHead: false, showMenu: true, draggable: false, nestedRows: false, withPagination: true, withCheckbox: false, headCellTooltip: true, separator: false, showFilters: true, updateData: "[Function]", updateSchema: "[Function]", onSelect: "[Function]", onSelectAll: "[Function]", updateSortingList: "[Function]", updateFilterList: "[Function]"
 (1ms)
    ✓ 
  totalRecords: 10, page: 20, pageSize: 15, loading: false, error: false, showHead: false, showMenu: true, draggable: false, nestedRows: false, withPagination: true, withCheckbox: false, headCellTooltip: true, separator: false, showFilters: false, updateData: "[Function]", updateSchema: "[Function]", onSelect: "[Function]", onSelectAll: "[Function]", updateSortingList: "[Function]", updateFilterList: "[Function]"
 (2ms)
    ✓ 
  totalRecords: 10, page: 20, pageSize: 15, loading: false, error: false, showHead: false, showMenu: true, draggable: false, nestedRows: false, withPagination: true, withCheckbox: false, headCellTooltip: false, separator: true, showFilters: true, updateData: "[Function]", updateSchema: "[Function]", onSelect: "[Function]", onSelectAll: "[Function]", updateSortingList: "[Function]", updateFilterList: "[Function]"
 (2ms)
    ✓ 
  totalRecords: 10, page: 20, pageSize: 15, loading: false, error: false, showHead: false, showMenu: true, draggable: false, nestedRows: false, withPagination: true, withCheckbox: false, headCellTooltip: false, separator: true, showFilters: false, updateData: "[Function]", updateSchema: "[Function]", onSelect: "[Function]", onSelectAll: "[Function]", updateSortingList: "[Function]", updateFilterList: "[Function]"
 (1ms)
    ✓ 
  totalRecords: 10, page: 20, pageSize: 15, loading: false, error: false, showHead: false, showMenu: true, draggable: false, nestedRows: false, withPagination: true, withCheckbox: false, headCellTooltip: false, separator: false, showFilters: true, updateData: "[Function]", updateSchema: "[Function]", onSelect: "[Function]", onSelectAll: "[Function]", updateSortingList: "[Function]", updateFilterList: "[Function]"
 (3ms)
    ✓ 
  totalRecords: 10, page: 20, pageSize: 15, loading: false, error: false, showHead: false, showMenu: true, draggable: false, nestedRows: false, withPagination: true, withCheckbox: false, headCellTooltip: false, separator: false, showFilters: false, updateData: "[Function]", updateSchema: "[Function]", onSelect: "[Function]", onSelectAll: "[Function]", updateSortingList: "[Function]", updateFilterList: "[Function]"
 (3ms)
    ✓ 
  totalRecords: 10, page: 20, pageSize: 15, loading: false, error: false, showHead: false, showMenu: true, draggable: false, nestedRows: false, withPagination: false, withCheckbox: true, headCellTooltip: true, separator: true, showFilters: true, updateData: "[Function]", updateSchema: "[Function]", onSelect: "[Function]", onSelectAll: "[Function]", updateSortingList: "[Function]", updateFilterList: "[Function]"
 (1ms)
    ✓ 
  totalRecords: 10, page: 20, pageSize: 15, loading: false, error: false, showHead: false, showMenu: true, draggable: false, nestedRows: false, withPagination: false, withCheckbox: true, headCellTooltip: true, separator: true, showFilters: false, updateData: "[Function]", updateSchema: "[Function]", onSelect: "[Function]", onSelectAll: "[Function]", updateSortingList: "[Function]", updateFilterList: "[Function]"
 (1ms)
    ✓ 
  totalRecords: 10, page: 20, pageSize: 15, loading: false, error: false, showHead: false, showMenu: true, draggable: false, nestedRows: false, withPagination: false, withCheckbox: true, headCellTooltip: true, separator: false, showFilters: true, updateData: "[Function]", updateSchema: "[Function]", onSelect: "[Function]", onSelectAll: "[Function]", updateSortingList: "[Function]", updateFilterList: "[Function]"
 (2ms)
    ✓ 
  totalRecords: 10, page: 20, pageSize: 15, loading: false, error: false, showHead: false, showMenu: true, draggable: false, nestedRows: false, withPagination: false, withCheckbox: true, headCellTooltip: true, separator: false, showFilters: false, updateData: "[Function]", updateSchema: "[Function]", onSelect: "[Function]", onSelectAll: "[Function]", updateSortingList: "[Function]", updateFilterList: "[Function]"
 (2ms)
    ✓ 
  totalRecords: 10, page: 20, pageSize: 15, loading: false, error: false, showHead: false, showMenu: true, draggable: false, nestedRows: false, withPagination: false, withCheckbox: true, headCellTooltip: false, separator: true, showFilters: true, updateData: "[Function]", updateSchema: "[Function]", onSelect: "[Function]", onSelectAll: "[Function]", updateSortingList: "[Function]", updateFilterList: "[Function]"
 (2ms)
    ✓ 
  totalRecords: 10, page: 20, pageSize: 15, loading: false, error: false, showHead: false, showMenu: true, draggable: false, nestedRows: false, withPagination: false, withCheckbox: true, headCellTooltip: false, separator: true, showFilters: false, updateData: "[Function]", updateSchema: "[Function]", onSelect: "[Function]", onSelectAll: "[Function]", updateSortingList: "[Function]", updateFilterList: "[Function]"

    ✓ 
  totalRecords: 10, page: 20, pageSize: 15, loading: false, error: false, showHead: false, showMenu: true, draggable: false, nestedRows: false, withPagination: false, withCheckbox: true, headCellTooltip: false, separator: false, showFilters: true, updateData: "[Function]", updateSchema: "[Function]", onSelect: "[Function]", onSelectAll: "[Function]", updateSortingList: "[Function]", updateFilterList: "[Function]"
 (3ms)
    ✓ 
  totalRecords: 10, page: 20, pageSize: 15, loading: false, error: false, showHead: false, showMenu: true, draggable: false, nestedRows: false, withPagination: false, withCheckbox: true, headCellTooltip: false, separator: false, showFilters: false, updateData: "[Function]", updateSchema: "[Function]", onSelect: "[Function]", onSelectAll: "[Function]", updateSortingList: "[Function]", updateFilterList: "[Function]"
 (1ms)
    ✓ 
  totalRecords: 10, page: 20, pageSize: 15, loading: false, error: false, showHead: false, showMenu: true, draggable: false, nestedRows: false, withPagination: false, withCheckbox: false, headCellTooltip: true, separator: true, showFilters: true, updateData: "[Function]", updateSchema: "[Function]", onSelect: "[Function]", onSelectAll: "[Function]", updateSortingList: "[Function]", updateFilterList: "[Function]"
 (1ms)
    ✓ 
  totalRecords: 10, page: 20, pageSize: 15, loading: false, error: false, showHead: false, showMenu: true, draggable: false, nestedRows: false, withPagination: false, withCheckbox: false, headCellTooltip: true, separator: true, showFilters: false, updateData: "[Function]", updateSchema: "[Function]", onSelect: "[Function]", onSelectAll: "[Function]", updateSortingList: "[Function]", updateFilterList: "[Function]"
 (1ms)
    ✓ 
  totalRecords: 10, page: 20, pageSize: 15, loading: false, error: false, showHead: false, showMenu: true, draggable: false, nestedRows: false, withPagination: false, withCheckbox: false, headCellTooltip: true, separator: false, showFilters: true, updateData: "[Function]", updateSchema: "[Function]", onSelect: "[Function]", onSelectAll: "[Function]", updateSortingList: "[Function]", updateFilterList: "[Function]"
 (1ms)
    ✓ 
  totalRecords: 10, page: 20, pageSize: 15, loading: false, error: false, showHead: false, showMenu: true, draggable: false, nestedRows: false, withPagination: false, withCheckbox: false, headCellTooltip: true, separator: false, showFilters: false, updateData: "[Function]", updateSchema: "[Function]", onSelect: "[Function]", onSelectAll: "[Function]", updateSortingList: "[Function]", updateFilterList: "[Function]"

    ✓ 
  totalRecords: 10, page: 20, pageSize: 15, loading: false, error: false, showHead: false, showMenu: true, draggable: false, nestedRows: false, withPagination: false, withCheckbox: false, headCellTooltip: false, separator: true, showFilters: true, updateData: "[Function]", updateSchema: "[Function]", onSelect: "[Function]", onSelectAll: "[Function]", updateSortingList: "[Function]", updateFilterList: "[Function]"
 (1ms)
    ✓ 
  totalRecords: 10, page: 20, pageSize: 15, loading: false, error: false, showHead: false, showMenu: true, draggable: false, nestedRows: false, withPagination: false, withCheckbox: false, headCellTooltip: false, separator: true, showFilters: false, updateData: "[Function]", updateSchema: "[Function]", onSelect: "[Function]", onSelectAll: "[Function]", updateSortingList: "[Function]", updateFilterList: "[Function]"
 (1ms)
    ✓ 
  totalRecords: 10, page: 20, pageSize: 15, loading: false, error: false, showHead: false, showMenu: true, draggable: false, nestedRows: false, withPagination: false, withCheckbox: false, headCellTooltip: false, separator: false, showFilters: true, updateData: "[Function]", updateSchema: "[Function]", onSelect: "[Function]", onSelectAll: "[Function]", updateSortingList: "[Function]", updateFilterList: "[Function]"
 (1ms)
    ✓ 
  totalRecords: 10, page: 20, pageSize: 15, loading: false, error: false, showHead: false, showMenu: true, draggable: false, nestedRows: false, withPagination: false, withCheckbox: false, headCellTooltip: false, separator: false, showFilters: false, updateData: "[Function]", updateSchema: "[Function]", onSelect: "[Function]", onSelectAll: "[Function]", updateSortingList: "[Function]", updateFilterList: "[Function]"

    ✓ 
  totalRecords: 10, page: 20, pageSize: 15, loading: false, error: false, showHead: false, showMenu: false, draggable: true, nestedRows: true, withPagination: true, withCheckbox: true, headCellTooltip: true, separator: true, showFilters: true, updateData: "[Function]", updateSchema: "[Function]", onSelect: "[Function]", onSelectAll: "[Function]", updateSortingList: "[Function]", updateFilterList: "[Function]"
 (2ms)
    ✓ 
  totalRecords: 10, page: 20, pageSize: 15, loading: false, error: false, showHead: false, showMenu: false, draggable: true, nestedRows: true, withPagination: true, withCheckbox: true, headCellTooltip: true, separator: true, showFilters: false, updateData: "[Function]", updateSchema: "[Function]", onSelect: "[Function]", onSelectAll: "[Function]", updateSortingList: "[Function]", updateFilterList: "[Function]"
 (2ms)
    ✓ 
  totalRecords: 10, page: 20, pageSize: 15, loading: false, error: false, showHead: false, showMenu: false, draggable: true, nestedRows: true, withPagination: true, withCheckbox: true, headCellTooltip: true, separator: false, showFilters: true, updateData: "[Function]", updateSchema: "[Function]", onSelect: "[Function]", onSelectAll: "[Function]", updateSortingList: "[Function]", updateFilterList: "[Function]"

    ✓ 
  totalRecords: 10, page: 20, pageSize: 15, loading: false, error: false, showHead: false, showMenu: false, draggable: true, nestedRows: true, withPagination: true, withCheckbox: true, headCellTooltip: true, separator: false, showFilters: false, updateData: "[Function]", updateSchema: "[Function]", onSelect: "[Function]", onSelectAll: "[Function]", updateSortingList: "[Function]", updateFilterList: "[Function]"
 (1ms)
    ✓ 
  totalRecords: 10, page: 20, pageSize: 15, loading: false, error: false, showHead: false, showMenu: false, draggable: true, nestedRows: true, withPagination: true, withCheckbox: true, headCellTooltip: false, separator: true, showFilters: true, updateData: "[Function]", updateSchema: "[Function]", onSelect: "[Function]", onSelectAll: "[Function]", updateSortingList: "[Function]", updateFilterList: "[Function]"
 (1ms)
    ✓ 
  totalRecords: 10, page: 20, pageSize: 15, loading: false, error: false, showHead: false, showMenu: false, draggable: true, nestedRows: true, withPagination: true, withCheckbox: true, headCellTooltip: false, separator: true, showFilters: false, updateData: "[Function]", updateSchema: "[Function]", onSelect: "[Function]", onSelectAll: "[Function]", updateSortingList: "[Function]", updateFilterList: "[Function]"

    ✓ 
  totalRecords: 10, page: 20, pageSize: 15, loading: false, error: false, showHead: false, showMenu: false, draggable: true, nestedRows: true, withPagination: true, withCheckbox: true, headCellTooltip: false, separator: false, showFilters: true, updateData: "[Function]", updateSchema: "[Function]", onSelect: "[Function]", onSelectAll: "[Function]", updateSortingList: "[Function]", updateFilterList: "[Function]"
 (1ms)
    ✓ 
  totalRecords: 10, page: 20, pageSize: 15, loading: false, error: false, showHead: false, showMenu: false, draggable: true, nestedRows: true, withPagination: true, withCheckbox: true, headCellTooltip: false, separator: false, showFilters: false, updateData: "[Function]", updateSchema: "[Function]", onSelect: "[Function]", onSelectAll: "[Function]", updateSortingList: "[Function]", updateFilterList: "[Function]"

    ✓ 
  totalRecords: 10, page: 20, pageSize: 15, loading: false, error: false, showHead: false, showMenu: false, draggable: true, nestedRows: true, withPagination: true, withCheckbox: false, headCellTooltip: true, separator: true, showFilters: true, updateData: "[Function]", updateSchema: "[Function]", onSelect: "[Function]", onSelectAll: "[Function]", updateSortingList: "[Function]", updateFilterList: "[Function]"
 (1ms)
    ✓ 
  totalRecords: 10, page: 20, pageSize: 15, loading: false, error: false, showHead: false, showMenu: false, draggable: true, nestedRows: true, withPagination: true, withCheckbox: false, headCellTooltip: true, separator: true, showFilters: false, updateData: "[Function]", updateSchema: "[Function]", onSelect: "[Function]", onSelectAll: "[Function]", updateSortingList: "[Function]", updateFilterList: "[Function]"

    ✓ 
  totalRecords: 10, page: 20, pageSize: 15, loading: false, error: false, showHead: false, showMenu: false, draggable: true, nestedRows: true, withPagination: true, withCheckbox: false, headCellTooltip: true, separator: false, showFilters: true, updateData: "[Function]", updateSchema: "[Function]", onSelect: "[Function]", onSelectAll: "[Function]", updateSortingList: "[Function]", updateFilterList: "[Function]"
 (1ms)
    ✓ 
  totalRecords: 10, page: 20, pageSize: 15, loading: false, error: false, showHead: false, showMenu: false, draggable: true, nestedRows: true, withPagination: true, withCheckbox: false, headCellTooltip: true, separator: false, showFilters: false, updateData: "[Function]", updateSchema: "[Function]", onSelect: "[Function]", onSelectAll: "[Function]", updateSortingList: "[Function]", updateFilterList: "[Function]"
 (1ms)
    ✓ 
  totalRecords: 10, page: 20, pageSize: 15, loading: false, error: false, showHead: false, showMenu: false, draggable: true, nestedRows: true, withPagination: true, withCheckbox: false, headCellTooltip: false, separator: true, showFilters: true, updateData: "[Function]", updateSchema: "[Function]", onSelect: "[Function]", onSelectAll: "[Function]", updateSortingList: "[Function]", updateFilterList: "[Function]"
 (1ms)
    ✓ 
  totalRecords: 10, page: 20, pageSize: 15, loading: false, error: false, showHead: false, showMenu: false, draggable: true, nestedRows: true, withPagination: true, withCheckbox: false, headCellTooltip: false, separator: true, showFilters: false, updateData: "[Function]", updateSchema: "[Function]", onSelect: "[Function]", onSelectAll: "[Function]", updateSortingList: "[Function]", updateFilterList: "[Function]"
 (1ms)
    ✓ 
  totalRecords: 10, page: 20, pageSize: 15, loading: false, error: false, showHead: false, showMenu: false, draggable: true, nestedRows: true, withPagination: true, withCheckbox: false, headCellTooltip: false, separator: false, showFilters: true, updateData: "[Function]", updateSchema: "[Function]", onSelect: "[Function]", onSelectAll: "[Function]", updateSortingList: "[Function]", updateFilterList: "[Function]"
 (1ms)
    ✓ 
  totalRecords: 10, page: 20, pageSize: 15, loading: false, error: false, showHead: false, showMenu: false, draggable: true, nestedRows: true, withPagination: true, withCheckbox: false, headCellTooltip: false, separator: false, showFilters: false, updateData: "[Function]", updateSchema: "[Function]", onSelect: "[Function]", onSelectAll: "[Function]", updateSortingList: "[Function]", updateFilterList: "[Function]"

    ✓ 
  totalRecords: 10, page: 20, pageSize: 15, loading: false, error: false, showHead: false, showMenu: false, draggable: true, nestedRows: true, withPagination: false, withCheckbox: true, headCellTooltip: true, separator: true, showFilters: true, updateData: "[Function]", updateSchema: "[Function]", onSelect: "[Function]", onSelectAll: "[Function]", updateSortingList: "[Function]", updateFilterList: "[Function]"
 (1ms)
    ✓ 
  totalRecords: 10, page: 20, pageSize: 15, loading: false, error: false, showHead: false, showMenu: false, draggable: true, nestedRows: true, withPagination: false, withCheckbox: true, headCellTooltip: true, separator: true, showFilters: false, updateData: "[Function]", updateSchema: "[Function]", onSelect: "[Function]", onSelectAll: "[Function]", updateSortingList: "[Function]", updateFilterList: "[Function]"

    ✓ 
  totalRecords: 10, page: 20, pageSize: 15, loading: false, error: false, showHead: false, showMenu: false, draggable: true, nestedRows: true, withPagination: false, withCheckbox: true, headCellTooltip: true, separator: false, showFilters: true, updateData: "[Function]", updateSchema: "[Function]", onSelect: "[Function]", onSelectAll: "[Function]", updateSortingList: "[Function]", updateFilterList: "[Function]"
 (2ms)
    ✓ 
  totalRecords: 10, page: 20, pageSize: 15, loading: false, error: false, showHead: false, showMenu: false, draggable: true, nestedRows: true, withPagination: false, withCheckbox: true, headCellTooltip: true, separator: false, showFilters: false, updateData: "[Function]", updateSchema: "[Function]", onSelect: "[Function]", onSelectAll: "[Function]", updateSortingList: "[Function]", updateFilterList: "[Function]"

    ✓ 
  totalRecords: 10, page: 20, pageSize: 15, loading: false, error: false, showHead: false, showMenu: false, draggable: true, nestedRows: true, withPagination: false, withCheckbox: true, headCellTooltip: false, separator: true, showFilters: true, updateData: "[Function]", updateSchema: "[Function]", onSelect: "[Function]", onSelectAll: "[Function]", updateSortingList: "[Function]", updateFilterList: "[Function]"
 (1ms)
    ✓ 
  totalRecords: 10, page: 20, pageSize: 15, loading: false, error: false, showHead: false, showMenu: false, draggable: true, nestedRows: true, withPagination: false, withCheckbox: true, headCellTooltip: false, separator: true, showFilters: false, updateData: "[Function]", updateSchema: "[Function]", onSelect: "[Function]", onSelectAll: "[Function]", updateSortingList: "[Function]", updateFilterList: "[Function]"
 (1ms)
    ✓ 
  totalRecords: 10, page: 20, pageSize: 15, loading: false, error: false, showHead: false, showMenu: false, draggable: true, nestedRows: true, withPagination: false, withCheckbox: true, headCellTooltip: false, separator: false, showFilters: true, updateData: "[Function]", updateSchema: "[Function]", onSelect: "[Function]", onSelectAll: "[Function]", updateSortingList: "[Function]", updateFilterList: "[Function]"
 (1ms)
    ✓ 
  totalRecords: 10, page: 20, pageSize: 15, loading: false, error: false, showHead: false, showMenu: false, draggable: true, nestedRows: true, withPagination: false, withCheckbox: true, headCellTooltip: false, separator: false, showFilters: false, updateData: "[Function]", updateSchema: "[Function]", onSelect: "[Function]", onSelectAll: "[Function]", updateSortingList: "[Function]", updateFilterList: "[Function]"
 (1ms)
    ✓ 
  totalRecords: 10, page: 20, pageSize: 15, loading: false, error: false, showHead: false, showMenu: false, draggable: true, nestedRows: true, withPagination: false, withCheckbox: false, headCellTooltip: true, separator: true, showFilters: true, updateData: "[Function]", updateSchema: "[Function]", onSelect: "[Function]", onSelectAll: "[Function]", updateSortingList: "[Function]", updateFilterList: "[Function]"
 (1ms)
    ✓ 
  totalRecords: 10, page: 20, pageSize: 15, loading: false, error: false, showHead: false, showMenu: false, draggable: true, nestedRows: true, withPagination: false, withCheckbox: false, headCellTooltip: true, separator: true, showFilters: false, updateData: "[Function]", updateSchema: "[Function]", onSelect: "[Function]", onSelectAll: "[Function]", updateSortingList: "[Function]", updateFilterList: "[Function]"
 (1ms)
    ✓ 
  totalRecords: 10, page: 20, pageSize: 15, loading: false, error: false, showHead: false, showMenu: false, draggable: true, nestedRows: true, withPagination: false, withCheckbox: false, headCellTooltip: true, separator: false, showFilters: true, updateData: "[Function]", updateSchema: "[Function]", onSelect: "[Function]", onSelectAll: "[Function]", updateSortingList: "[Function]", updateFilterList: "[Function]"
 (1ms)
    ✓ 
  totalRecords: 10, page: 20, pageSize: 15, loading: false, error: false, showHead: false, showMenu: false, draggable: true, nestedRows: true, withPagination: false, withCheckbox: false, headCellTooltip: true, separator: false, showFilters: false, updateData: "[Function]", updateSchema: "[Function]", onSelect: "[Function]", onSelectAll: "[Function]", updateSortingList: "[Function]", updateFilterList: "[Function]"

    ✓ 
  totalRecords: 10, page: 20, pageSize: 15, loading: false, error: false, showHead: false, showMenu: false, draggable: true, nestedRows: true, withPagination: false, withCheckbox: false, headCellTooltip: false, separator: true, showFilters: true, updateData: "[Function]", updateSchema: "[Function]", onSelect: "[Function]", onSelectAll: "[Function]", updateSortingList: "[Function]", updateFilterList: "[Function]"
 (1ms)
    ✓ 
  totalRecords: 10, page: 20, pageSize: 15, loading: false, error: false, showHead: false, showMenu: false, draggable: true, nestedRows: true, withPagination: false, withCheckbox: false, headCellTooltip: false, separator: true, showFilters: false, updateData: "[Function]", updateSchema: "[Function]", onSelect: "[Function]", onSelectAll: "[Function]", updateSortingList: "[Function]", updateFilterList: "[Function]"
 (1ms)
    ✓ 
  totalRecords: 10, page: 20, pageSize: 15, loading: false, error: false, showHead: false, showMenu: false, draggable: true, nestedRows: true, withPagination: false, withCheckbox: false, headCellTooltip: false, separator: false, showFilters: true, updateData: "[Function]", updateSchema: "[Function]", onSelect: "[Function]", onSelectAll: "[Function]", updateSortingList: "[Function]", updateFilterList: "[Function]"
 (1ms)
    ✓ 
  totalRecords: 10, page: 20, pageSize: 15, loading: false, error: false, showHead: false, showMenu: false, draggable: true, nestedRows: true, withPagination: false, withCheckbox: false, headCellTooltip: false, separator: false, showFilters: false, updateData: "[Function]", updateSchema: "[Function]", onSelect: "[Function]", onSelectAll: "[Function]", updateSortingList: "[Function]", updateFilterList: "[Function]"

    ✓ 
  totalRecords: 10, page: 20, pageSize: 15, loading: false, error: false, showHead: false, showMenu: false, draggable: true, nestedRows: false, withPagination: true, withCheckbox: true, headCellTooltip: true, separator: true, showFilters: true, updateData: "[Function]", updateSchema: "[Function]", onSelect: "[Function]", onSelectAll: "[Function]", updateSortingList: "[Function]", updateFilterList: "[Function]"
 (1ms)
    ✓ 
  totalRecords: 10, page: 20, pageSize: 15, loading: false, error: false, showHead: false, showMenu: false, draggable: true, nestedRows: false, withPagination: true, withCheckbox: true, headCellTooltip: true, separator: true, showFilters: false, updateData: "[Function]", updateSchema: "[Function]", onSelect: "[Function]", onSelectAll: "[Function]", updateSortingList: "[Function]", updateFilterList: "[Function]"
 (4ms)
    ✓ 
  totalRecords: 10, page: 20, pageSize: 15, loading: false, error: false, showHead: false, showMenu: false, draggable: true, nestedRows: false, withPagination: true, withCheckbox: true, headCellTooltip: true, separator: false, showFilters: true, updateData: "[Function]", updateSchema: "[Function]", onSelect: "[Function]", onSelectAll: "[Function]", updateSortingList: "[Function]", updateFilterList: "[Function]"

    ✓ 
  totalRecords: 10, page: 20, pageSize: 15, loading: false, error: false, showHead: false, showMenu: false, draggable: true, nestedRows: false, withPagination: true, withCheckbox: true, headCellTooltip: true, separator: false, showFilters: false, updateData: "[Function]", updateSchema: "[Function]", onSelect: "[Function]", onSelectAll: "[Function]", updateSortingList: "[Function]", updateFilterList: "[Function]"
 (1ms)
    ✓ 
  totalRecords: 10, page: 20, pageSize: 15, loading: false, error: false, showHead: false, showMenu: false, draggable: true, nestedRows: false, withPagination: true, withCheckbox: true, headCellTooltip: false, separator: true, showFilters: true, updateData: "[Function]", updateSchema: "[Function]", onSelect: "[Function]", onSelectAll: "[Function]", updateSortingList: "[Function]", updateFilterList: "[Function]"
 (1ms)
    ✓ 
  totalRecords: 10, page: 20, pageSize: 15, loading: false, error: false, showHead: false, showMenu: false, draggable: true, nestedRows: false, withPagination: true, withCheckbox: true, headCellTooltip: false, separator: true, showFilters: false, updateData: "[Function]", updateSchema: "[Function]", onSelect: "[Function]", onSelectAll: "[Function]", updateSortingList: "[Function]", updateFilterList: "[Function]"

    ✓ 
  totalRecords: 10, page: 20, pageSize: 15, loading: false, error: false, showHead: false, showMenu: false, draggable: true, nestedRows: false, withPagination: true, withCheckbox: true, headCellTooltip: false, separator: false, showFilters: true, updateData: "[Function]", updateSchema: "[Function]", onSelect: "[Function]", onSelectAll: "[Function]", updateSortingList: "[Function]", updateFilterList: "[Function]"
 (1ms)
    ✓ 
  totalRecords: 10, page: 20, pageSize: 15, loading: false, error: false, showHead: false, showMenu: false, draggable: true, nestedRows: false, withPagination: true, withCheckbox: true, headCellTooltip: false, separator: false, showFilters: false, updateData: "[Function]", updateSchema: "[Function]", onSelect: "[Function]", onSelectAll: "[Function]", updateSortingList: "[Function]", updateFilterList: "[Function]"
 (1ms)
    ✓ 
  totalRecords: 10, page: 20, pageSize: 15, loading: false, error: false, showHead: false, showMenu: false, draggable: true, nestedRows: false, withPagination: true, withCheckbox: false, headCellTooltip: true, separator: true, showFilters: true, updateData: "[Function]", updateSchema: "[Function]", onSelect: "[Function]", onSelectAll: "[Function]", updateSortingList: "[Function]", updateFilterList: "[Function]"
 (1ms)
    ✓ 
  totalRecords: 10, page: 20, pageSize: 15, loading: false, error: false, showHead: false, showMenu: false, draggable: true, nestedRows: false, withPagination: true, withCheckbox: false, headCellTooltip: true, separator: true, showFilters: false, updateData: "[Function]", updateSchema: "[Function]", onSelect: "[Function]", onSelectAll: "[Function]", updateSortingList: "[Function]", updateFilterList: "[Function]"
 (1ms)
    ✓ 
  totalRecords: 10, page: 20, pageSize: 15, loading: false, error: false, showHead: false, showMenu: false, draggable: true, nestedRows: false, withPagination: true, withCheckbox: false, headCellTooltip: true, separator: false, showFilters: true, updateData: "[Function]", updateSchema: "[Function]", onSelect: "[Function]", onSelectAll: "[Function]", updateSortingList: "[Function]", updateFilterList: "[Function]"
 (1ms)
    ✓ 
  totalRecords: 10, page: 20, pageSize: 15, loading: false, error: false, showHead: false, showMenu: false, draggable: true, nestedRows: false, withPagination: true, withCheckbox: false, headCellTooltip: true, separator: false, showFilters: false, updateData: "[Function]", updateSchema: "[Function]", onSelect: "[Function]", onSelectAll: "[Function]", updateSortingList: "[Function]", updateFilterList: "[Function]"
 (1ms)
    ✓ 
  totalRecords: 10, page: 20, pageSize: 15, loading: false, error: false, showHead: false, showMenu: false, draggable: true, nestedRows: false, withPagination: true, withCheckbox: false, headCellTooltip: false, separator: true, showFilters: true, updateData: "[Function]", updateSchema: "[Function]", onSelect: "[Function]", onSelectAll: "[Function]", updateSortingList: "[Function]", updateFilterList: "[Function]"
 (1ms)
    ✓ 
  totalRecords: 10, page: 20, pageSize: 15, loading: false, error: false, showHead: false, showMenu: false, draggable: true, nestedRows: false, withPagination: true, withCheckbox: false, headCellTooltip: false, separator: true, showFilters: false, updateData: "[Function]", updateSchema: "[Function]", onSelect: "[Function]", onSelectAll: "[Function]", updateSortingList: "[Function]", updateFilterList: "[Function]"
 (1ms)
    ✓ 
  totalRecords: 10, page: 20, pageSize: 15, loading: false, error: false, showHead: false, showMenu: false, draggable: true, nestedRows: false, withPagination: true, withCheckbox: false, headCellTooltip: false, separator: false, showFilters: true, updateData: "[Function]", updateSchema: "[Function]", onSelect: "[Function]", onSelectAll: "[Function]", updateSortingList: "[Function]", updateFilterList: "[Function]"
 (1ms)
    ✓ 
  totalRecords: 10, page: 20, pageSize: 15, loading: false, error: false, showHead: false, showMenu: false, draggable: true, nestedRows: false, withPagination: true, withCheckbox: false, headCellTooltip: false, separator: false, showFilters: false, updateData: "[Function]", updateSchema: "[Function]", onSelect: "[Function]", onSelectAll: "[Function]", updateSortingList: "[Function]", updateFilterList: "[Function]"

    ✓ 
  totalRecords: 10, page: 20, pageSize: 15, loading: false, error: false, showHead: false, showMenu: false, draggable: true, nestedRows: false, withPagination: false, withCheckbox: true, headCellTooltip: true, separator: true, showFilters: true, updateData: "[Function]", updateSchema: "[Function]", onSelect: "[Function]", onSelectAll: "[Function]", updateSortingList: "[Function]", updateFilterList: "[Function]"
 (1ms)
    ✓ 
  totalRecords: 10, page: 20, pageSize: 15, loading: false, error: false, showHead: false, showMenu: false, draggable: true, nestedRows: false, withPagination: false, withCheckbox: true, headCellTooltip: true, separator: true, showFilters: false, updateData: "[Function]", updateSchema: "[Function]", onSelect: "[Function]", onSelectAll: "[Function]", updateSortingList: "[Function]", updateFilterList: "[Function]"
 (1ms)
    ✓ 
  totalRecords: 10, page: 20, pageSize: 15, loading: false, error: false, showHead: false, showMenu: false, draggable: true, nestedRows: false, withPagination: false, withCheckbox: true, headCellTooltip: true, separator: false, showFilters: true, updateData: "[Function]", updateSchema: "[Function]", onSelect: "[Function]", onSelectAll: "[Function]", updateSortingList: "[Function]", updateFilterList: "[Function]"
 (1ms)
    ✓ 
  totalRecords: 10, page: 20, pageSize: 15, loading: false, error: false, showHead: false, showMenu: false, draggable: true, nestedRows: false, withPagination: false, withCheckbox: true, headCellTooltip: true, separator: false, showFilters: false, updateData: "[Function]", updateSchema: "[Function]", onSelect: "[Function]", onSelectAll: "[Function]", updateSortingList: "[Function]", updateFilterList: "[Function]"
 (1ms)
    ✓ 
  totalRecords: 10, page: 20, pageSize: 15, loading: false, error: false, showHead: false, showMenu: false, draggable: true, nestedRows: false, withPagination: false, withCheckbox: true, headCellTooltip: false, separator: true, showFilters: true, updateData: "[Function]", updateSchema: "[Function]", onSelect: "[Function]", onSelectAll: "[Function]", updateSortingList: "[Function]", updateFilterList: "[Function]"
 (1ms)
    ✓ 
  totalRecords: 10, page: 20, pageSize: 15, loading: false, error: false, showHead: false, showMenu: false, draggable: true, nestedRows: false, withPagination: false, withCheckbox: true, headCellTooltip: false, separator: true, showFilters: false, updateData: "[Function]", updateSchema: "[Function]", onSelect: "[Function]", onSelectAll: "[Function]", updateSortingList: "[Function]", updateFilterList: "[Function]"

    ✓ 
  totalRecords: 10, page: 20, pageSize: 15, loading: false, error: false, showHead: false, showMenu: false, draggable: true, nestedRows: false, withPagination: false, withCheckbox: true, headCellTooltip: false, separator: false, showFilters: true, updateData: "[Function]", updateSchema: "[Function]", onSelect: "[Function]", onSelectAll: "[Function]", updateSortingList: "[Function]", updateFilterList: "[Function]"

    ✓ 
  totalRecords: 10, page: 20, pageSize: 15, loading: false, error: false, showHead: false, showMenu: false, draggable: true, nestedRows: false, withPagination: false, withCheckbox: true, headCellTooltip: false, separator: false, showFilters: false, updateData: "[Function]", updateSchema: "[Function]", onSelect: "[Function]", onSelectAll: "[Function]", updateSortingList: "[Function]", updateFilterList: "[Function]"
 (1ms)
    ✓ 
  totalRecords: 10, page: 20, pageSize: 15, loading: false, error: false, showHead: false, showMenu: false, draggable: true, nestedRows: false, withPagination: false, withCheckbox: false, headCellTooltip: true, separator: true, showFilters: true, updateData: "[Function]", updateSchema: "[Function]", onSelect: "[Function]", onSelectAll: "[Function]", updateSortingList: "[Function]", updateFilterList: "[Function]"

    ✓ 
  totalRecords: 10, page: 20, pageSize: 15, loading: false, error: false, showHead: false, showMenu: false, draggable: true, nestedRows: false, withPagination: false, withCheckbox: false, headCellTooltip: true, separator: true, showFilters: false, updateData: "[Function]", updateSchema: "[Function]", onSelect: "[Function]", onSelectAll: "[Function]", updateSortingList: "[Function]", updateFilterList: "[Function]"

    ✓ 
  totalRecords: 10, page: 20, pageSize: 15, loading: false, error: false, showHead: false, showMenu: false, draggable: true, nestedRows: false, withPagination: false, withCheckbox: false, headCellTooltip: true, separator: false, showFilters: true, updateData: "[Function]", updateSchema: "[Function]", onSelect: "[Function]", onSelectAll: "[Function]", updateSortingList: "[Function]", updateFilterList: "[Function]"
 (1ms)
    ✓ 
  totalRecords: 10, page: 20, pageSize: 15, loading: false, error: false, showHead: false, showMenu: false, draggable: true, nestedRows: false, withPagination: false, withCheckbox: false, headCellTooltip: true, separator: false, showFilters: false, updateData: "[Function]", updateSchema: "[Function]", onSelect: "[Function]", onSelectAll: "[Function]", updateSortingList: "[Function]", updateFilterList: "[Function]"

    ✓ 
  totalRecords: 10, page: 20, pageSize: 15, loading: false, error: false, showHead: false, showMenu: false, draggable: true, nestedRows: false, withPagination: false, withCheckbox: false, headCellTooltip: false, separator: true, showFilters: true, updateData: "[Function]", updateSchema: "[Function]", onSelect: "[Function]", onSelectAll: "[Function]", updateSortingList: "[Function]", updateFilterList: "[Function]"

    ✓ 
  totalRecords: 10, page: 20, pageSize: 15, loading: false, error: false, showHead: false, showMenu: false, draggable: true, nestedRows: false, withPagination: false, withCheckbox: false, headCellTooltip: false, separator: true, showFilters: false, updateData: "[Function]", updateSchema: "[Function]", onSelect: "[Function]", onSelectAll: "[Function]", updateSortingList: "[Function]", updateFilterList: "[Function]"

    ✓ 
  totalRecords: 10, page: 20, pageSize: 15, loading: false, error: false, showHead: false, showMenu: false, draggable: true, nestedRows: false, withPagination: false, withCheckbox: false, headCellTooltip: false, separator: false, showFilters: true, updateData: "[Function]", updateSchema: "[Function]", onSelect: "[Function]", onSelectAll: "[Function]", updateSortingList: "[Function]", updateFilterList: "[Function]"
 (1ms)
    ✓ 
  totalRecords: 10, page: 20, pageSize: 15, loading: false, error: false, showHead: false, showMenu: false, draggable: true, nestedRows: false, withPagination: false, withCheckbox: false, headCellTooltip: false, separator: false, showFilters: false, updateData: "[Function]", updateSchema: "[Function]", onSelect: "[Function]", onSelectAll: "[Function]", updateSortingList: "[Function]", updateFilterList: "[Function]"
 (1ms)
    ✓ 
  totalRecords: 10, page: 20, pageSize: 15, loading: false, error: false, showHead: false, showMenu: false, draggable: false, nestedRows: true, withPagination: true, withCheckbox: true, headCellTooltip: true, separator: true, showFilters: true, updateData: "[Function]", updateSchema: "[Function]", onSelect: "[Function]", onSelectAll: "[Function]", updateSortingList: "[Function]", updateFilterList: "[Function]"

    ✓ 
  totalRecords: 10, page: 20, pageSize: 15, loading: false, error: false, showHead: false, showMenu: false, draggable: false, nestedRows: true, withPagination: true, withCheckbox: true, headCellTooltip: true, separator: true, showFilters: false, updateData: "[Function]", updateSchema: "[Function]", onSelect: "[Function]", onSelectAll: "[Function]", updateSortingList: "[Function]", updateFilterList: "[Function]"
 (1ms)
    ✓ 
  totalRecords: 10, page: 20, pageSize: 15, loading: false, error: false, showHead: false, showMenu: false, draggable: false, nestedRows: true, withPagination: true, withCheckbox: true, headCellTooltip: true, separator: false, showFilters: true, updateData: "[Function]", updateSchema: "[Function]", onSelect: "[Function]", onSelectAll: "[Function]", updateSortingList: "[Function]", updateFilterList: "[Function]"
 (2ms)
    ✓ 
  totalRecords: 10, page: 20, pageSize: 15, loading: false, error: false, showHead: false, showMenu: false, draggable: false, nestedRows: true, withPagination: true, withCheckbox: true, headCellTooltip: true, separator: false, showFilters: false, updateData: "[Function]", updateSchema: "[Function]", onSelect: "[Function]", onSelectAll: "[Function]", updateSortingList: "[Function]", updateFilterList: "[Function]"
 (1ms)
    ✓ 
  totalRecords: 10, page: 20, pageSize: 15, loading: false, error: false, showHead: false, showMenu: false, draggable: false, nestedRows: true, withPagination: true, withCheckbox: true, headCellTooltip: false, separator: true, showFilters: true, updateData: "[Function]", updateSchema: "[Function]", onSelect: "[Function]", onSelectAll: "[Function]", updateSortingList: "[Function]", updateFilterList: "[Function]"
 (1ms)
    ✓ 
  totalRecords: 10, page: 20, pageSize: 15, loading: false, error: false, showHead: false, showMenu: false, draggable: false, nestedRows: true, withPagination: true, withCheckbox: true, headCellTooltip: false, separator: true, showFilters: false, updateData: "[Function]", updateSchema: "[Function]", onSelect: "[Function]", onSelectAll: "[Function]", updateSortingList: "[Function]", updateFilterList: "[Function]"

    ✓ 
  totalRecords: 10, page: 20, pageSize: 15, loading: false, error: false, showHead: false, showMenu: false, draggable: false, nestedRows: true, withPagination: true, withCheckbox: true, headCellTooltip: false, separator: false, showFilters: true, updateData: "[Function]", updateSchema: "[Function]", onSelect: "[Function]", onSelectAll: "[Function]", updateSortingList: "[Function]", updateFilterList: "[Function]"
 (1ms)
    ✓ 
  totalRecords: 10, page: 20, pageSize: 15, loading: false, error: false, showHead: false, showMenu: false, draggable: false, nestedRows: true, withPagination: true, withCheckbox: true, headCellTooltip: false, separator: false, showFilters: false, updateData: "[Function]", updateSchema: "[Function]", onSelect: "[Function]", onSelectAll: "[Function]", updateSortingList: "[Function]", updateFilterList: "[Function]"

    ✓ 
  totalRecords: 10, page: 20, pageSize: 15, loading: false, error: false, showHead: false, showMenu: false, draggable: false, nestedRows: true, withPagination: true, withCheckbox: false, headCellTooltip: true, separator: true, showFilters: true, updateData: "[Function]", updateSchema: "[Function]", onSelect: "[Function]", onSelectAll: "[Function]", updateSortingList: "[Function]", updateFilterList: "[Function]"
 (2ms)
    ✓ 
  totalRecords: 10, page: 20, pageSize: 15, loading: false, error: false, showHead: false, showMenu: false, draggable: false, nestedRows: true, withPagination: true, withCheckbox: false, headCellTooltip: true, separator: true, showFilters: false, updateData: "[Function]", updateSchema: "[Function]", onSelect: "[Function]", onSelectAll: "[Function]", updateSortingList: "[Function]", updateFilterList: "[Function]"

    ✓ 
  totalRecords: 10, page: 20, pageSize: 15, loading: false, error: false, showHead: false, showMenu: false, draggable: false, nestedRows: true, withPagination: true, withCheckbox: false, headCellTooltip: true, separator: false, showFilters: true, updateData: "[Function]", updateSchema: "[Function]", onSelect: "[Function]", onSelectAll: "[Function]", updateSortingList: "[Function]", updateFilterList: "[Function]"

    ✓ 
  totalRecords: 10, page: 20, pageSize: 15, loading: false, error: false, showHead: false, showMenu: false, draggable: false, nestedRows: true, withPagination: true, withCheckbox: false, headCellTooltip: true, separator: false, showFilters: false, updateData: "[Function]", updateSchema: "[Function]", onSelect: "[Function]", onSelectAll: "[Function]", updateSortingList: "[Function]", updateFilterList: "[Function]"
 (1ms)
    ✓ 
  totalRecords: 10, page: 20, pageSize: 15, loading: false, error: false, showHead: false, showMenu: false, draggable: false, nestedRows: true, withPagination: true, withCheckbox: false, headCellTooltip: false, separator: true, showFilters: true, updateData: "[Function]", updateSchema: "[Function]", onSelect: "[Function]", onSelectAll: "[Function]", updateSortingList: "[Function]", updateFilterList: "[Function]"

    ✓ 
  totalRecords: 10, page: 20, pageSize: 15, loading: false, error: false, showHead: false, showMenu: false, draggable: false, nestedRows: true, withPagination: true, withCheckbox: false, headCellTooltip: false, separator: true, showFilters: false, updateData: "[Function]", updateSchema: "[Function]", onSelect: "[Function]", onSelectAll: "[Function]", updateSortingList: "[Function]", updateFilterList: "[Function]"
 (1ms)
    ✓ 
  totalRecords: 10, page: 20, pageSize: 15, loading: false, error: false, showHead: false, showMenu: false, draggable: false, nestedRows: true, withPagination: true, withCheckbox: false, headCellTooltip: false, separator: false, showFilters: true, updateData: "[Function]", updateSchema: "[Function]", onSelect: "[Function]", onSelectAll: "[Function]", updateSortingList: "[Function]", updateFilterList: "[Function]"

    ✓ 
  totalRecords: 10, page: 20, pageSize: 15, loading: false, error: false, showHead: false, showMenu: false, draggable: false, nestedRows: true, withPagination: true, withCheckbox: false, headCellTooltip: false, separator: false, showFilters: false, updateData: "[Function]", updateSchema: "[Function]", onSelect: "[Function]", onSelectAll: "[Function]", updateSortingList: "[Function]", updateFilterList: "[Function]"
 (1ms)
    ✓ 
  totalRecords: 10, page: 20, pageSize: 15, loading: false, error: false, showHead: false, showMenu: false, draggable: false, nestedRows: true, withPagination: false, withCheckbox: true, headCellTooltip: true, separator: true, showFilters: true, updateData: "[Function]", updateSchema: "[Function]", onSelect: "[Function]", onSelectAll: "[Function]", updateSortingList: "[Function]", updateFilterList: "[Function]"

    ✓ 
  totalRecords: 10, page: 20, pageSize: 15, loading: false, error: false, showHead: false, showMenu: false, draggable: false, nestedRows: true, withPagination: false, withCheckbox: true, headCellTooltip: true, separator: true, showFilters: false, updateData: "[Function]", updateSchema: "[Function]", onSelect: "[Function]", onSelectAll: "[Function]", updateSortingList: "[Function]", updateFilterList: "[Function]"
 (1ms)
    ✓ 
  totalRecords: 10, page: 20, pageSize: 15, loading: false, error: false, showHead: false, showMenu: false, draggable: false, nestedRows: true, withPagination: false, withCheckbox: true, headCellTooltip: true, separator: false, showFilters: true, updateData: "[Function]", updateSchema: "[Function]", onSelect: "[Function]", onSelectAll: "[Function]", updateSortingList: "[Function]", updateFilterList: "[Function]"
 (1ms)
    ✓ 
  totalRecords: 10, page: 20, pageSize: 15, loading: false, error: false, showHead: false, showMenu: false, draggable: false, nestedRows: true, withPagination: false, withCheckbox: true, headCellTooltip: true, separator: false, showFilters: false, updateData: "[Function]", updateSchema: "[Function]", onSelect: "[Function]", onSelectAll: "[Function]", updateSortingList: "[Function]", updateFilterList: "[Function]"

    ✓ 
  totalRecords: 10, page: 20, pageSize: 15, loading: false, error: false, showHead: false, showMenu: false, draggable: false, nestedRows: true, withPagination: false, withCheckbox: true, headCellTooltip: false, separator: true, showFilters: true, updateData: "[Function]", updateSchema: "[Function]", onSelect: "[Function]", onSelectAll: "[Function]", updateSortingList: "[Function]", updateFilterList: "[Function]"
 (1ms)
    ✓ 
  totalRecords: 10, page: 20, pageSize: 15, loading: false, error: false, showHead: false, showMenu: false, draggable: false, nestedRows: true, withPagination: false, withCheckbox: true, headCellTooltip: false, separator: true, showFilters: false, updateData: "[Function]", updateSchema: "[Function]", onSelect: "[Function]", onSelectAll: "[Function]", updateSortingList: "[Function]", updateFilterList: "[Function]"

    ✓ 
  totalRecords: 10, page: 20, pageSize: 15, loading: false, error: false, showHead: false, showMenu: false, draggable: false, nestedRows: true, withPagination: false, withCheckbox: true, headCellTooltip: false, separator: false, showFilters: true, updateData: "[Function]", updateSchema: "[Function]", onSelect: "[Function]", onSelectAll: "[Function]", updateSortingList: "[Function]", updateFilterList: "[Function]"
 (1ms)
    ✓ 
  totalRecords: 10, page: 20, pageSize: 15, loading: false, error: false, showHead: false, showMenu: false, draggable: false, nestedRows: true, withPagination: false, withCheckbox: true, headCellTooltip: false, separator: false, showFilters: false, updateData: "[Function]", updateSchema: "[Function]", onSelect: "[Function]", onSelectAll: "[Function]", updateSortingList: "[Function]", updateFilterList: "[Function]"

    ✓ 
  totalRecords: 10, page: 20, pageSize: 15, loading: false, error: false, showHead: false, showMenu: false, draggable: false, nestedRows: true, withPagination: false, withCheckbox: false, headCellTooltip: true, separator: true, showFilters: true, updateData: "[Function]", updateSchema: "[Function]", onSelect: "[Function]", onSelectAll: "[Function]", updateSortingList: "[Function]", updateFilterList: "[Function]"
 (1ms)
    ✓ 
  totalRecords: 10, page: 20, pageSize: 15, loading: false, error: false, showHead: false, showMenu: false, draggable: false, nestedRows: true, withPagination: false, withCheckbox: false, headCellTooltip: true, separator: true, showFilters: false, updateData: "[Function]", updateSchema: "[Function]", onSelect: "[Function]", onSelectAll: "[Function]", updateSortingList: "[Function]", updateFilterList: "[Function]"
 (1ms)
    ✓ 
  totalRecords: 10, page: 20, pageSize: 15, loading: false, error: false, showHead: false, showMenu: false, draggable: false, nestedRows: true, withPagination: false, withCheckbox: false, headCellTooltip: true, separator: false, showFilters: true, updateData: "[Function]", updateSchema: "[Function]", onSelect: "[Function]", onSelectAll: "[Function]", updateSortingList: "[Function]", updateFilterList: "[Function]"
 (1ms)
    ✓ 
  totalRecords: 10, page: 20, pageSize: 15, loading: false, error: false, showHead: false, showMenu: false, draggable: false, nestedRows: true, withPagination: false, withCheckbox: false, headCellTooltip: true, separator: false, showFilters: false, updateData: "[Function]", updateSchema: "[Function]", onSelect: "[Function]", onSelectAll: "[Function]", updateSortingList: "[Function]", updateFilterList: "[Function]"
 (1ms)
    ✓ 
  totalRecords: 10, page: 20, pageSize: 15, loading: false, error: false, showHead: false, showMenu: false, draggable: false, nestedRows: true, withPagination: false, withCheckbox: false, headCellTooltip: false, separator: true, showFilters: true, updateData: "[Function]", updateSchema: "[Function]", onSelect: "[Function]", onSelectAll: "[Function]", updateSortingList: "[Function]", updateFilterList: "[Function]"
 (1ms)
    ✓ 
  totalRecords: 10, page: 20, pageSize: 15, loading: false, error: false, showHead: false, showMenu: false, draggable: false, nestedRows: true, withPagination: false, withCheckbox: false, headCellTooltip: false, separator: true, showFilters: false, updateData: "[Function]", updateSchema: "[Function]", onSelect: "[Function]", onSelectAll: "[Function]", updateSortingList: "[Function]", updateFilterList: "[Function]"

    ✓ 
  totalRecords: 10, page: 20, pageSize: 15, loading: false, error: false, showHead: false, showMenu: false, draggable: false, nestedRows: true, withPagination: false, withCheckbox: false, headCellTooltip: false, separator: false, showFilters: true, updateData: "[Function]", updateSchema: "[Function]", onSelect: "[Function]", onSelectAll: "[Function]", updateSortingList: "[Function]", updateFilterList: "[Function]"
 (1ms)
    ✓ 
  totalRecords: 10, page: 20, pageSize: 15, loading: false, error: false, showHead: false, showMenu: false, draggable: false, nestedRows: true, withPagination: false, withCheckbox: false, headCellTooltip: false, separator: false, showFilters: false, updateData: "[Function]", updateSchema: "[Function]", onSelect: "[Function]", onSelectAll: "[Function]", updateSortingList: "[Function]", updateFilterList: "[Function]"

    ✓ 
  totalRecords: 10, page: 20, pageSize: 15, loading: false, error: false, showHead: false, showMenu: false, draggable: false, nestedRows: false, withPagination: true, withCheckbox: true, headCellTooltip: true, separator: true, showFilters: true, updateData: "[Function]", updateSchema: "[Function]", onSelect: "[Function]", onSelectAll: "[Function]", updateSortingList: "[Function]", updateFilterList: "[Function]"
 (1ms)
    ✓ 
  totalRecords: 10, page: 20, pageSize: 15, loading: false, error: false, showHead: false, showMenu: false, draggable: false, nestedRows: false, withPagination: true, withCheckbox: true, headCellTooltip: true, separator: true, showFilters: false, updateData: "[Function]", updateSchema: "[Function]", onSelect: "[Function]", onSelectAll: "[Function]", updateSortingList: "[Function]", updateFilterList: "[Function]"
 (1ms)
    ✓ 
  totalRecords: 10, page: 20, pageSize: 15, loading: false, error: false, showHead: false, showMenu: false, draggable: false, nestedRows: false, withPagination: true, withCheckbox: true, headCellTooltip: true, separator: false, showFilters: true, updateData: "[Function]", updateSchema: "[Function]", onSelect: "[Function]", onSelectAll: "[Function]", updateSortingList: "[Function]", updateFilterList: "[Function]"
 (1ms)
    ✓ 
  totalRecords: 10, page: 20, pageSize: 15, loading: false, error: false, showHead: false, showMenu: false, draggable: false, nestedRows: false, withPagination: true, withCheckbox: true, headCellTooltip: true, separator: false, showFilters: false, updateData: "[Function]", updateSchema: "[Function]", onSelect: "[Function]", onSelectAll: "[Function]", updateSortingList: "[Function]", updateFilterList: "[Function]"
 (3ms)
    ✓ 
  totalRecords: 10, page: 20, pageSize: 15, loading: false, error: false, showHead: false, showMenu: false, draggable: false, nestedRows: false, withPagination: true, withCheckbox: true, headCellTooltip: false, separator: true, showFilters: true, updateData: "[Function]", updateSchema: "[Function]", onSelect: "[Function]", onSelectAll: "[Function]", updateSortingList: "[Function]", updateFilterList: "[Function]"
 (1ms)
    ✓ 
  totalRecords: 10, page: 20, pageSize: 15, loading: false, error: false, showHead: false, showMenu: false, draggable: false, nestedRows: false, withPagination: true, withCheckbox: true, headCellTooltip: false, separator: true, showFilters: false, updateData: "[Function]", updateSchema: "[Function]", onSelect: "[Function]", onSelectAll: "[Function]", updateSortingList: "[Function]", updateFilterList: "[Function]"
 (1ms)
    ✓ 
  totalRecords: 10, page: 20, pageSize: 15, loading: false, error: false, showHead: false, showMenu: false, draggable: false, nestedRows: false, withPagination: true, withCheckbox: true, headCellTooltip: false, separator: false, showFilters: true, updateData: "[Function]", updateSchema: "[Function]", onSelect: "[Function]", onSelectAll: "[Function]", updateSortingList: "[Function]", updateFilterList: "[Function]"

    ✓ 
  totalRecords: 10, page: 20, pageSize: 15, loading: false, error: false, showHead: false, showMenu: false, draggable: false, nestedRows: false, withPagination: true, withCheckbox: true, headCellTooltip: false, separator: false, showFilters: false, updateData: "[Function]", updateSchema: "[Function]", onSelect: "[Function]", onSelectAll: "[Function]", updateSortingList: "[Function]", updateFilterList: "[Function]"
 (1ms)
    ✓ 
  totalRecords: 10, page: 20, pageSize: 15, loading: false, error: false, showHead: false, showMenu: false, draggable: false, nestedRows: false, withPagination: true, withCheckbox: false, headCellTooltip: true, separator: true, showFilters: true, updateData: "[Function]", updateSchema: "[Function]", onSelect: "[Function]", onSelectAll: "[Function]", updateSortingList: "[Function]", updateFilterList: "[Function]"
 (1ms)
    ✓ 
  totalRecords: 10, page: 20, pageSize: 15, loading: false, error: false, showHead: false, showMenu: false, draggable: false, nestedRows: false, withPagination: true, withCheckbox: false, headCellTooltip: true, separator: true, showFilters: false, updateData: "[Function]", updateSchema: "[Function]", onSelect: "[Function]", onSelectAll: "[Function]", updateSortingList: "[Function]", updateFilterList: "[Function]"

    ✓ 
  totalRecords: 10, page: 20, pageSize: 15, loading: false, error: false, showHead: false, showMenu: false, draggable: false, nestedRows: false, withPagination: true, withCheckbox: false, headCellTooltip: true, separator: false, showFilters: true, updateData: "[Function]", updateSchema: "[Function]", onSelect: "[Function]", onSelectAll: "[Function]", updateSortingList: "[Function]", updateFilterList: "[Function]"

    ✓ 
  totalRecords: 10, page: 20, pageSize: 15, loading: false, error: false, showHead: false, showMenu: false, draggable: false, nestedRows: false, withPagination: true, withCheckbox: false, headCellTooltip: true, separator: false, showFilters: false, updateData: "[Function]", updateSchema: "[Function]", onSelect: "[Function]", onSelectAll: "[Function]", updateSortingList: "[Function]", updateFilterList: "[Function]"
 (2ms)
    ✓ 
  totalRecords: 10, page: 20, pageSize: 15, loading: false, error: false, showHead: false, showMenu: false, draggable: false, nestedRows: false, withPagination: true, withCheckbox: false, headCellTooltip: false, separator: true, showFilters: true, updateData: "[Function]", updateSchema: "[Function]", onSelect: "[Function]", onSelectAll: "[Function]", updateSortingList: "[Function]", updateFilterList: "[Function]"
 (1ms)
    ✓ 
  totalRecords: 10, page: 20, pageSize: 15, loading: false, error: false, showHead: false, showMenu: false, draggable: false, nestedRows: false, withPagination: true, withCheckbox: false, headCellTooltip: false, separator: true, showFilters: false, updateData: "[Function]", updateSchema: "[Function]", onSelect: "[Function]", onSelectAll: "[Function]", updateSortingList: "[Function]", updateFilterList: "[Function]"

    ✓ 
  totalRecords: 10, page: 20, pageSize: 15, loading: false, error: false, showHead: false, showMenu: false, draggable: false, nestedRows: false, withPagination: true, withCheckbox: false, headCellTooltip: false, separator: false, showFilters: true, updateData: "[Function]", updateSchema: "[Function]", onSelect: "[Function]", onSelectAll: "[Function]", updateSortingList: "[Function]", updateFilterList: "[Function]"
 (1ms)
    ✓ 
  totalRecords: 10, page: 20, pageSize: 15, loading: false, error: false, showHead: false, showMenu: false, draggable: false, nestedRows: false, withPagination: true, withCheckbox: false, headCellTooltip: false, separator: false, showFilters: false, updateData: "[Function]", updateSchema: "[Function]", onSelect: "[Function]", onSelectAll: "[Function]", updateSortingList: "[Function]", updateFilterList: "[Function]"
 (1ms)
    ✓ 
  totalRecords: 10, page: 20, pageSize: 15, loading: false, error: false, showHead: false, showMenu: false, draggable: false, nestedRows: false, withPagination: false, withCheckbox: true, headCellTooltip: true, separator: true, showFilters: true, updateData: "[Function]", updateSchema: "[Function]", onSelect: "[Function]", onSelectAll: "[Function]", updateSortingList: "[Function]", updateFilterList: "[Function]"
 (1ms)
    ✓ 
  totalRecords: 10, page: 20, pageSize: 15, loading: false, error: false, showHead: false, showMenu: false, draggable: false, nestedRows: false, withPagination: false, withCheckbox: true, headCellTooltip: true, separator: true, showFilters: false, updateData: "[Function]", updateSchema: "[Function]", onSelect: "[Function]", onSelectAll: "[Function]", updateSortingList: "[Function]", updateFilterList: "[Function]"
 (1ms)
    ✓ 
  totalRecords: 10, page: 20, pageSize: 15, loading: false, error: false, showHead: false, showMenu: false, draggable: false, nestedRows: false, withPagination: false, withCheckbox: true, headCellTooltip: true, separator: false, showFilters: true, updateData: "[Function]", updateSchema: "[Function]", onSelect: "[Function]", onSelectAll: "[Function]", updateSortingList: "[Function]", updateFilterList: "[Function]"
 (1ms)
    ✓ 
  totalRecords: 10, page: 20, pageSize: 15, loading: false, error: false, showHead: false, showMenu: false, draggable: false, nestedRows: false, withPagination: false, withCheckbox: true, headCellTooltip: true, separator: false, showFilters: false, updateData: "[Function]", updateSchema: "[Function]", onSelect: "[Function]", onSelectAll: "[Function]", updateSortingList: "[Function]", updateFilterList: "[Function]"

    ✓ 
  totalRecords: 10, page: 20, pageSize: 15, loading: false, error: false, showHead: false, showMenu: false, draggable: false, nestedRows: false, withPagination: false, withCheckbox: true, headCellTooltip: false, separator: true, showFilters: true, updateData: "[Function]", updateSchema: "[Function]", onSelect: "[Function]", onSelectAll: "[Function]", updateSortingList: "[Function]", updateFilterList: "[Function]"
 (1ms)
    ✓ 
  totalRecords: 10, page: 20, pageSize: 15, loading: false, error: false, showHead: false, showMenu: false, draggable: false, nestedRows: false, withPagination: false, withCheckbox: true, headCellTooltip: false, separator: true, showFilters: false, updateData: "[Function]", updateSchema: "[Function]", onSelect: "[Function]", onSelectAll: "[Function]", updateSortingList: "[Function]", updateFilterList: "[Function]"
 (1ms)
    ✓ 
  totalRecords: 10, page: 20, pageSize: 15, loading: false, error: false, showHead: false, showMenu: false, draggable: false, nestedRows: false, withPagination: false, withCheckbox: true, headCellTooltip: false, separator: false, showFilters: true, updateData: "[Function]", updateSchema: "[Function]", onSelect: "[Function]", onSelectAll: "[Function]", updateSortingList: "[Function]", updateFilterList: "[Function]"

    ✓ 
  totalRecords: 10, page: 20, pageSize: 15, loading: false, error: false, showHead: false, showMenu: false, draggable: false, nestedRows: false, withPagination: false, withCheckbox: true, headCellTooltip: false, separator: false, showFilters: false, updateData: "[Function]", updateSchema: "[Function]", onSelect: "[Function]", onSelectAll: "[Function]", updateSortingList: "[Function]", updateFilterList: "[Function]"
 (1ms)
    ✓ 
  totalRecords: 10, page: 20, pageSize: 15, loading: false, error: false, showHead: false, showMenu: false, draggable: false, nestedRows: false, withPagination: false, withCheckbox: false, headCellTooltip: true, separator: true, showFilters: true, updateData: "[Function]", updateSchema: "[Function]", onSelect: "[Function]", onSelectAll: "[Function]", updateSortingList: "[Function]", updateFilterList: "[Function]"

    ✓ 
  totalRecords: 10, page: 20, pageSize: 15, loading: false, error: false, showHead: false, showMenu: false, draggable: false, nestedRows: false, withPagination: false, withCheckbox: false, headCellTooltip: true, separator: true, showFilters: false, updateData: "[Function]", updateSchema: "[Function]", onSelect: "[Function]", onSelectAll: "[Function]", updateSortingList: "[Function]", updateFilterList: "[Function]"
 (1ms)
    ✓ 
  totalRecords: 10, page: 20, pageSize: 15, loading: false, error: false, showHead: false, showMenu: false, draggable: false, nestedRows: false, withPagination: false, withCheckbox: false, headCellTooltip: true, separator: false, showFilters: true, updateData: "[Function]", updateSchema: "[Function]", onSelect: "[Function]", onSelectAll: "[Function]", updateSortingList: "[Function]", updateFilterList: "[Function]"

    ✓ 
  totalRecords: 10, page: 20, pageSize: 15, loading: false, error: false, showHead: false, showMenu: false, draggable: false, nestedRows: false, withPagination: false, withCheckbox: false, headCellTooltip: true, separator: false, showFilters: false, updateData: "[Function]", updateSchema: "[Function]", onSelect: "[Function]", onSelectAll: "[Function]", updateSortingList: "[Function]", updateFilterList: "[Function]"
 (1ms)
    ✓ 
  totalRecords: 10, page: 20, pageSize: 15, loading: false, error: false, showHead: false, showMenu: false, draggable: false, nestedRows: false, withPagination: false, withCheckbox: false, headCellTooltip: false, separator: true, showFilters: true, updateData: "[Function]", updateSchema: "[Function]", onSelect: "[Function]", onSelectAll: "[Function]", updateSortingList: "[Function]", updateFilterList: "[Function]"
 (1ms)
    ✓ 
  totalRecords: 10, page: 20, pageSize: 15, loading: false, error: false, showHead: false, showMenu: false, draggable: false, nestedRows: false, withPagination: false, withCheckbox: false, headCellTooltip: false, separator: true, showFilters: false, updateData: "[Function]", updateSchema: "[Function]", onSelect: "[Function]", onSelectAll: "[Function]", updateSortingList: "[Function]", updateFilterList: "[Function]"

    ✓ 
  totalRecords: 10, page: 20, pageSize: 15, loading: false, error: false, showHead: false, showMenu: false, draggable: false, nestedRows: false, withPagination: false, withCheckbox: false, headCellTooltip: false, separator: false, showFilters: true, updateData: "[Function]", updateSchema: "[Function]", onSelect: "[Function]", onSelectAll: "[Function]", updateSortingList: "[Function]", updateFilterList: "[Function]"
 (1ms)
    ✓ 
  totalRecords: 10, page: 20, pageSize: 15, loading: false, error: false, showHead: false, showMenu: false, draggable: false, nestedRows: false, withPagination: false, withCheckbox: false, headCellTooltip: false, separator: false, showFilters: false, updateData: "[Function]", updateSchema: "[Function]", onSelect: "[Function]", onSelectAll: "[Function]", updateSortingList: "[Function]", updateFilterList: "[Function]"

  renders Grid with showHead true and false
    ✓ renders Grid with showHead true (1ms)
    ✓ renders Grid with showHead false (1ms)
  Grid component prop: onSelectAll when withCheckbox is true
    ✓ calls onSelectAll when head checkbox is rendered (25ms)
  render Grid component prop: updateSortingList with sortTypes
    ✓ calls updateSortingList with sorting order as asc when no sortingList is passed (8ms)
    ✓ calls updateSortingList without sorting order when  sortingList is passed with type desc (6ms)
    ✓ calls updateSortingList with sorting order as desc when  sortingList is passed with type asc (6ms)
  render Grid component prop: updateSchema 
    ✓ calls updateSchema with pinned left (113ms)
    ✓ calls updateSchema with pinned right (79ms)
    ✓ calls updateSchema with hidden true (68ms)
  renders children with pagination and page
    ✓ renders children with pagination (94ms)
  renders children with nestedRows
    ✓ renders children with nestedRows & _expandNestedRow: true (4ms)
    ✓ renders children with nestedRows & _expandNestedRow: false (5ms)
  showNestedRowTrigger flag behavior
    when showNestedRowTrigger is true (default)
      ✓ renders nested row trigger icon when nestedRows is true and data has nested content (6ms)
      ✓ renders placeholder when nestedRows is true but no nested content (3ms)
      ✓ shows expanded state when _expandNestedRow is true (4ms)
      ✓ shows collapsed state when _expandNestedRow is false (4ms)
      ✓ shows collapsed state when _expandNestedRow is undefined (3ms)
      ✓ does not render trigger when nestedRows is false (3ms)
    when showNestedRowTrigger is false
      ✓ does not render nested row trigger icon (3ms)
      ✓ always shows expanded state regardless of _expandNestedRow value (5ms)
      ✓ always shows expanded state when _expandNestedRow is true (4ms)
      ✓ always shows expanded state when _expandNestedRow is undefined (4ms)
    default behavior (showNestedRowTrigger not specified)
      ✓ defaults to true and renders trigger (4ms)
      ✓ defaults to true and shows collapsed state when _expandNestedRow is false (3ms)
    edge cases
      ✓ handles multiple rows with different _expandNestedRow values when trigger is enabled (7ms)
      ✓ handles multiple rows with different _expandNestedRow values when trigger is disabled (6ms)
      ✓ prevents event propagation when trigger is clicked (5ms)
      ✓ handles loading state correctly with trigger enabled (7ms)
      ✓ handles loading state correctly with trigger disabled (4ms)
  render Grid with filterType feature
    singleSelect filterType
      ✓ should render FilterSelect without apply button for singleSelect (59ms)
      ✓ should render FilterSelect without checkboxes for singleSelect (62ms)
      ✓ should apply filter immediately on option click for singleSelect (73ms)
      ✓ should allow switching between different singleSelect options (84ms)
      ✓ should handle empty selection in singleSelect (68ms)
    multiSelect filterType
      ✓ should render FilterSelect with apply button for multiSelect (66ms)
      ✓ should render FilterSelect with checkboxes for multiSelect (59ms)
      ✓ should not apply filter immediately on option click for multiSelect (107ms)
      ✓ should apply filter only after clicking apply button for multiSelect (71ms)
      ✓ should allow selecting multiple options for multiSelect (79ms)
      ✓ should handle empty multiSelect filter correctly (59ms)
    default filterType behavior
      ✓ should default to multiSelect behavior when filterType is not specified (48ms)
    Grid FilterSelect component features
      FilterSelect with customTrigger (icon-only button)
        ✓ should render FilterSelect with icon-only trigger in Grid (6ms)
        ✓ should open FilterSelect popover when icon button is clicked (49ms)
      FilterSelect with filterOptions in Grid
        ✓ should render FilterSelect with filterOptions configuration in Grid (5ms)
      FilterSelect Cancel button behavior in Grid
        ✓ should reset selections when Cancel button is clicked in Grid (67ms)
        ✓ should disable Apply button when no changes are made in Grid (37ms)
    mixed filterType scenario
      ✓ should handle mixed filterType columns correctly (69ms)

  console.error node_modules/react-dom/cjs/react-dom.development.js:88
    Warning: A component is changing an uncontrolled input of type text to be controlled. Input elements should not switch from uncontrolled to controlled (or vice versa). Decide between using a controlled or uncontrolled input element for the lifetime of the component. More info: https://fb.me/react-controlled-components
        in input (created by Input)
        in div (created by Input)
        in Input
        in div
        in div
        in div
        in div
        in Unknown (created by Table)
        in div (created by Table)
        in div (created by Table)
        in Table

PASS core/components/molecules/modal/__tests__/Modal.test.tsx
  Modal component
    ✓ 
  dimension: "small", open: true
 (37ms)
    ✓ 
  dimension: "small", open: true, backdropClose: "[Function]"
 (23ms)
    ✓ 
  dimension: "medium", open: true
 (12ms)
    ✓ 
  dimension: "medium", open: true, backdropClose: "[Function]"
 (7ms)
    ✓ 
  dimension: "large", open: true
 (9ms)
    ✓ 
  dimension: "large", open: true, backdropClose: "[Function]"
 (9ms)
    ✓ 
  dimension: "small", open: true, header: "[ReactNode]", footer: "[ReactNode]"
 (21ms)
    ✓ 
  dimension: "small", open: true, header: "[ReactNode]", footer: "[ReactNode]", backdropClose: "[Function]"
 (19ms)
    ✓ 
  dimension: "medium", open: true, header: "[ReactNode]", footer: "[ReactNode]"
 (18ms)
    ✓ 
  dimension: "medium", open: true, header: "[ReactNode]", footer: "[ReactNode]", backdropClose: "[Function]"
 (15ms)
    ✓ 
  dimension: "large", open: true, header: "[ReactNode]", footer: "[ReactNode]"
 (14ms)
    ✓ 
  dimension: "large", open: true, header: "[ReactNode]", footer: "[ReactNode]", backdropClose: "[Function]"
 (15ms)
    ✓ 
  dimension: "small", open: true, headerOptions: {"heading":"this is heading","subHeading":"this is subheading"}, footerOptions: {"actions":[]}
 (16ms)
    ✓ 
  dimension: "small", open: true, headerOptions: {"heading":"this is heading","subHeading":"this is subheading"}, footerOptions: {"actions":[]}, backdropClose: "[Function]"
 (14ms)
    ✓ 
  dimension: "medium", open: true, headerOptions: {"heading":"this is heading","subHeading":"this is subheading"}, footerOptions: {"actions":[]}
 (27ms)
    ✓ 
  dimension: "medium", open: true, headerOptions: {"heading":"this is heading","subHeading":"this is subheading"}, footerOptions: {"actions":[]}, backdropClose: "[Function]"
 (18ms)
    ✓ 
  dimension: "large", open: true, headerOptions: {"heading":"this is heading","subHeading":"this is subheading"}, footerOptions: {"actions":[]}
 (14ms)
    ✓ 
  dimension: "large", open: true, headerOptions: {"heading":"this is heading","subHeading":"this is subheading"}, footerOptions: {"actions":[]}, backdropClose: "[Function]"
 (6ms)
  Modal component with props
    ✓ applies aria-labelledby on dialog container (3ms)
    ✓ renders children (35ms)
    ✓ renders children with props : open (12ms)
    ✓ renders children with props : headerOptions and footerOptions (9ms)
    ✓ renders children with props : header and footer (7ms)
    ✓ renders children without header and footer props (9ms)
    ✓ renders children without footer props (12ms)
    ✓ renders with prop: backdropClose (3ms)
    ✓ renders with prop: onClose (10ms)
    ✓ renders with prop: onClose and header (10ms)
  Modal component with prop: dimension
    ✓ renders Modal with dimension: small (3ms)
    ✓ renders Modal with dimension: medium (3ms)
    ✓ renders Modal with dimension: large (4ms)
  Modal component with prop: open
    ✓ renders Modal with open: true (6ms)
    ✓ renders Modal with open: false (7ms)
    ✓ renders Modal with toggle of open (32ms)
  Multiple modal components
    ✓ renders multiple modal components (14ms)
  Modal Component with overwrite class
    ✓ overwrite Avatar class (4ms)
  Modal focus trap
    ✓ focuses first focusable element when modal opens (59ms)
    ✓ focuses container when modal has no focusable elements (content-only) (22ms)
    ✓ prevents Tab from escaping content-only modal (23ms)
    ✓ prevents Shift+Tab from escaping content-only modal (22ms)
    ✓ Tab from last focusable wraps to first (75ms)
    ✓ Shift+Tab from first focusable wraps to last (47ms)
    ✓ restores focus to trigger when modal closes via Escape (214ms)
    ✓ restores focus to trigger when modal closes via close button (238ms)
    ✓ focus trap works without closeOnEscape or backdropClose (75ms)
    ✓ Escape closes modal even when closeOnEscape={false} to prevent keyboard trap (WCAG 2.2.1) (43ms)
    ✓ focuses first focusable in DOM order (header, body, footer) (55ms)

  console.error node_modules/react-dom/cjs/react-dom.development.js:88
    Warning: An update to SegmentedControl inside a test was not wrapped in act(...).
    
    When testing, code that causes React state updates should be wrapped into act(...):
    
    act(() => {
      /* fire events that update state */
    });
    /* assert on the output */
    
    This ensures that you're testing the behavior the user would see in the browser. Learn more at https://fb.me/react-wrap-tests-with-act
        in SegmentedControl

  console.error node_modules/react-dom/cjs/react-dom.development.js:88
    Warning: Can't perform a React state update on an unmounted component. This is a no-op, but it indicates a memory leak in your application. To fix, cancel all subscriptions and asynchronous tasks in a useEffect cleanup function.
        in SegmentedControl

  console.error node_modules/react-dom/cjs/react-dom.development.js:88
    Warning: An update to SegmentedControl inside a test was not wrapped in act(...).
    
    When testing, code that causes React state updates should be wrapped into act(...):
    
    act(() => {
      /* fire events that update state */
    });
    /* assert on the output */
    
    This ensures that you're testing the behavior the user would see in the browser. Learn more at https://fb.me/react-wrap-tests-with-act
        in SegmentedControl

  console.error node_modules/react-dom/cjs/react-dom.development.js:88
    Warning: An update to SegmentedControl inside a test was not wrapped in act(...).
    
    When testing, code that causes React state updates should be wrapped into act(...):
    
    act(() => {
      /* fire events that update state */
    });
    /* assert on the output */
    
    This ensures that you're testing the behavior the user would see in the browser. Learn more at https://fb.me/react-wrap-tests-with-act
        in SegmentedControl

  console.error node_modules/react-dom/cjs/react-dom.development.js:88
    Warning: An update to SegmentedControl inside a test was not wrapped in act(...).
    
    When testing, code that causes React state updates should be wrapped into act(...):
    
    act(() => {
      /* fire events that update state */
    });
    /* assert on the output */
    
    This ensures that you're testing the behavior the user would see in the browser. Learn more at https://fb.me/react-wrap-tests-with-act
        in SegmentedControl

  console.error node_modules/react-dom/cjs/react-dom.development.js:88
    Warning: An update to SegmentedControl inside a test was not wrapped in act(...).
    
    When testing, code that causes React state updates should be wrapped into act(...):
    
    act(() => {
      /* fire events that update state */
    });
    /* assert on the output */
    
    This ensures that you're testing the behavior the user would see in the browser. Learn more at https://fb.me/react-wrap-tests-with-act
        in SegmentedControl

  console.error node_modules/react-dom/cjs/react-dom.development.js:88
    Warning: An update to SegmentedControl inside a test was not wrapped in act(...).
    
    When testing, code that causes React state updates should be wrapped into act(...):
    
    act(() => {
      /* fire events that update state */
    });
    /* assert on the output */
    
    This ensures that you're testing the behavior the user would see in the browser. Learn more at https://fb.me/react-wrap-tests-with-act
        in SegmentedControl

  console.error node_modules/react-dom/cjs/react-dom.development.js:88
    Warning: An update to SegmentedControl inside a test was not wrapped in act(...).
    
    When testing, code that causes React state updates should be wrapped into act(...):
    
    act(() => {
      /* fire events that update state */
    });
    /* assert on the output */
    
    This ensures that you're testing the behavior the user would see in the browser. Learn more at https://fb.me/react-wrap-tests-with-act
        in SegmentedControl

  console.error node_modules/react-dom/cjs/react-dom.development.js:88
    Warning: An update to SegmentedControl inside a test was not wrapped in act(...).
    
    When testing, code that causes React state updates should be wrapped into act(...):
    
    act(() => {
      /* fire events that update state */
    });
    /* assert on the output */
    
    This ensures that you're testing the behavior the user would see in the browser. Learn more at https://fb.me/react-wrap-tests-with-act
        in SegmentedControl

  console.error node_modules/react-dom/cjs/react-dom.development.js:88
    Warning: An update to SegmentedControl inside a test was not wrapped in act(...).
    
    When testing, code that causes React state updates should be wrapped into act(...):
    
    act(() => {
      /* fire events that update state */
    });
    /* assert on the output */
    
    This ensures that you're testing the behavior the user would see in the browser. Learn more at https://fb.me/react-wrap-tests-with-act
        in SegmentedControl

  console.error node_modules/react-dom/cjs/react-dom.development.js:88
    Warning: An update to SegmentedControl inside a test was not wrapped in act(...).
    
    When testing, code that causes React state updates should be wrapped into act(...):
    
    act(() => {
      /* fire events that update state */
    });
    /* assert on the output */
    
    This ensures that you're testing the behavior the user would see in the browser. Learn more at https://fb.me/react-wrap-tests-with-act
        in SegmentedControl

  console.error node_modules/react-dom/cjs/react-dom.development.js:88
    Warning: An update to SegmentedControl inside a test was not wrapped in act(...).
    
    When testing, code that causes React state updates should be wrapped into act(...):
    
    act(() => {
      /* fire events that update state */
    });
    /* assert on the output */
    
    This ensures that you're testing the behavior the user would see in the browser. Learn more at https://fb.me/react-wrap-tests-with-act
        in SegmentedControl

  console.error node_modules/react-dom/cjs/react-dom.development.js:88
    Warning: An update to SegmentedControl inside a test was not wrapped in act(...).
    
    When testing, code that causes React state updates should be wrapped into act(...):
    
    act(() => {
      /* fire events that update state */
    });
    /* assert on the output */
    
    This ensures that you're testing the behavior the user would see in the browser. Learn more at https://fb.me/react-wrap-tests-with-act
        in SegmentedControl

  console.error node_modules/react-dom/cjs/react-dom.development.js:88
    Warning: An update to SegmentedControl inside a test was not wrapped in act(...).
    
    When testing, code that causes React state updates should be wrapped into act(...):
    
    act(() => {
      /* fire events that update state */
    });
    /* assert on the output */
    
    This ensures that you're testing the behavior the user would see in the browser. Learn more at https://fb.me/react-wrap-tests-with-act
        in SegmentedControl

  console.error node_modules/react-dom/cjs/react-dom.development.js:88
    Warning: An update to SegmentedControl inside a test was not wrapped in act(...).
    
    When testing, code that causes React state updates should be wrapped into act(...):
    
    act(() => {
      /* fire events that update state */
    });
    /* assert on the output */
    
    This ensures that you're testing the behavior the user would see in the browser. Learn more at https://fb.me/react-wrap-tests-with-act
        in SegmentedControl

  console.error node_modules/react-dom/cjs/react-dom.development.js:88
    Warning: An update to SegmentedControl inside a test was not wrapped in act(...).
    
    When testing, code that causes React state updates should be wrapped into act(...):
    
    act(() => {
      /* fire events that update state */
    });
    /* assert on the output */
    
    This ensures that you're testing the behavior the user would see in the browser. Learn more at https://fb.me/react-wrap-tests-with-act
        in SegmentedControl

  console.error node_modules/react-dom/cjs/react-dom.development.js:88
    Warning: An update to SegmentedControl inside a test was not wrapped in act(...).
    
    When testing, code that causes React state updates should be wrapped into act(...):
    
    act(() => {
      /* fire events that update state */
    });
    /* assert on the output */
    
    This ensures that you're testing the behavior the user would see in the browser. Learn more at https://fb.me/react-wrap-tests-with-act
        in SegmentedControl

  console.error node_modules/react-dom/cjs/react-dom.development.js:88
    Warning: An update to SegmentedControl inside a test was not wrapped in act(...).
    
    When testing, code that causes React state updates should be wrapped into act(...):
    
    act(() => {
      /* fire events that update state */
    });
    /* assert on the output */
    
    This ensures that you're testing the behavior the user would see in the browser. Learn more at https://fb.me/react-wrap-tests-with-act
        in SegmentedControl

  console.error node_modules/react-dom/cjs/react-dom.development.js:88
    Warning: An update to SegmentedControl inside a test was not wrapped in act(...).
    
    When testing, code that causes React state updates should be wrapped into act(...):
    
    act(() => {
      /* fire events that update state */
    });
    /* assert on the output */
    
    This ensures that you're testing the behavior the user would see in the browser. Learn more at https://fb.me/react-wrap-tests-with-act
        in SegmentedControl

  console.error node_modules/react-dom/cjs/react-dom.development.js:88
    Warning: An update to SegmentedControl inside a test was not wrapped in act(...).
    
    When testing, code that causes React state updates should be wrapped into act(...):
    
    act(() => {
      /* fire events that update state */
    });
    /* assert on the output */
    
    This ensures that you're testing the behavior the user would see in the browser. Learn more at https://fb.me/react-wrap-tests-with-act
        in SegmentedControl

  console.error node_modules/react-dom/cjs/react-dom.development.js:88
    Warning: An update to SegmentedControl inside a test was not wrapped in act(...).
    
    When testing, code that causes React state updates should be wrapped into act(...):
    
    act(() => {
      /* fire events that update state */
    });
    /* assert on the output */
    
    This ensures that you're testing the behavior the user would see in the browser. Learn more at https://fb.me/react-wrap-tests-with-act
        in SegmentedControl

  console.error node_modules/react-dom/cjs/react-dom.development.js:88
    Warning: An update to SegmentedControl inside a test was not wrapped in act(...).
    
    When testing, code that causes React state updates should be wrapped into act(...):
    
    act(() => {
      /* fire events that update state */
    });
    /* assert on the output */
    
    This ensures that you're testing the behavior the user would see in the browser. Learn more at https://fb.me/react-wrap-tests-with-act
        in SegmentedControl

  console.error node_modules/react-dom/cjs/react-dom.development.js:88
    Warning: An update to SegmentedControl inside a test was not wrapped in act(...).
    
    When testing, code that causes React state updates should be wrapped into act(...):
    
    act(() => {
      /* fire events that update state */
    });
    /* assert on the output */
    
    This ensures that you're testing the behavior the user would see in the browser. Learn more at https://fb.me/react-wrap-tests-with-act
        in SegmentedControl

  console.error core/components/atoms/input/Input.tsx:4212
    Error setting selection range: DOMException [InvalidStateError]: The object is in an invalid state.
        at HTMLInputElementImpl.setSelectionRange (/Users/abhiroop.chaudhuri/Desktop/DEVELOPMENT/MDS/design-system/node_modules/jest-environment-jsdom-fifteen/node_modules/jsdom/lib/jsdom/living/nodes/HTMLInputElement-impl.js:495:13)
        at HTMLInputElement.setSelectionRange (/Users/abhiroop.chaudhuri/Desktop/DEVELOPMENT/MDS/design-system/node_modules/jest-environment-jsdom-fifteen/node_modules/jsdom/lib/jsdom/living/generated/HTMLInputElement.js:187:23)
        at /Users/abhiroop.chaudhuri/Desktop/DEVELOPMENT/MDS/design-system/core/components/atoms/input/Input.tsx:4208:17
        at commitHookEffectListMount (/Users/abhiroop.chaudhuri/Desktop/DEVELOPMENT/MDS/design-system/node_modules/react-dom/cjs/react-dom.development.js:19731:26)
        at commitPassiveHookEffects (/Users/abhiroop.chaudhuri/Desktop/DEVELOPMENT/MDS/design-system/node_modules/react-dom/cjs/react-dom.development.js:19769:11)
        at HTMLUnknownElement.callCallback (/Users/abhiroop.chaudhuri/Desktop/DEVELOPMENT/MDS/design-system/node_modules/react-dom/cjs/react-dom.development.js:188:14)
        at innerInvokeEventListeners (/Users/abhiroop.chaudhuri/Desktop/DEVELOPMENT/MDS/design-system/node_modules/jest-environment-jsdom-fifteen/node_modules/jsdom/lib/jsdom/living/events/EventTarget-impl.js:316:27)
        at invokeEventListeners (/Users/abhiroop.chaudhuri/Desktop/DEVELOPMENT/MDS/design-system/node_modules/jest-environment-jsdom-fifteen/node_modules/jsdom/lib/jsdom/living/events/EventTarget-impl.js:267:3)
        at HTMLUnknownElementImpl._dispatch (/Users/abhiroop.chaudhuri/Desktop/DEVELOPMENT/MDS/design-system/node_modules/jest-environment-jsdom-fifteen/node_modules/jsdom/lib/jsdom/living/events/EventTarget-impl.js:214:9)
        at HTMLUnknownElementImpl.dispatchEvent (/Users/abhiroop.chaudhuri/Desktop/DEVELOPMENT/MDS/design-system/node_modules/jest-environment-jsdom-fifteen/node_modules/jsdom/lib/jsdom/living/events/EventTarget-impl.js:87:17)

  console.error core/components/atoms/input/Input.tsx:4212
    Error setting selection range: DOMException [InvalidStateError]: The object is in an invalid state.
        at HTMLInputElementImpl.setSelectionRange (/Users/abhiroop.chaudhuri/Desktop/DEVELOPMENT/MDS/design-system/node_modules/jest-environment-jsdom-fifteen/node_modules/jsdom/lib/jsdom/living/nodes/HTMLInputElement-impl.js:495:13)
        at HTMLInputElement.setSelectionRange (/Users/abhiroop.chaudhuri/Desktop/DEVELOPMENT/MDS/design-system/node_modules/jest-environment-jsdom-fifteen/node_modules/jsdom/lib/jsdom/living/generated/HTMLInputElement.js:187:23)
        at /Users/abhiroop.chaudhuri/Desktop/DEVELOPMENT/MDS/design-system/core/components/atoms/input/Input.tsx:4208:17
        at commitHookEffectListMount (/Users/abhiroop.chaudhuri/Desktop/DEVELOPMENT/MDS/design-system/node_modules/react-dom/cjs/react-dom.development.js:19731:26)
        at commitPassiveHookEffects (/Users/abhiroop.chaudhuri/Desktop/DEVELOPMENT/MDS/design-system/node_modules/react-dom/cjs/react-dom.development.js:19769:11)
        at HTMLUnknownElement.callCallback (/Users/abhiroop.chaudhuri/Desktop/DEVELOPMENT/MDS/design-system/node_modules/react-dom/cjs/react-dom.development.js:188:14)
        at innerInvokeEventListeners (/Users/abhiroop.chaudhuri/Desktop/DEVELOPMENT/MDS/design-system/node_modules/jest-environment-jsdom-fifteen/node_modules/jsdom/lib/jsdom/living/events/EventTarget-impl.js:316:27)
        at invokeEventListeners (/Users/abhiroop.chaudhuri/Desktop/DEVELOPMENT/MDS/design-system/node_modules/jest-environment-jsdom-fifteen/node_modules/jsdom/lib/jsdom/living/events/EventTarget-impl.js:267:3)
        at HTMLUnknownElementImpl._dispatch (/Users/abhiroop.chaudhuri/Desktop/DEVELOPMENT/MDS/design-system/node_modules/jest-environment-jsdom-fifteen/node_modules/jsdom/lib/jsdom/living/events/EventTarget-impl.js:214:9)
        at HTMLUnknownElementImpl.dispatchEvent (/Users/abhiroop.chaudhuri/Desktop/DEVELOPMENT/MDS/design-system/node_modules/jest-environment-jsdom-fifteen/node_modules/jsdom/lib/jsdom/living/events/EventTarget-impl.js:87:17)

  console.error core/components/atoms/input/Input.tsx:4212
    Error setting selection range: DOMException [InvalidStateError]: The object is in an invalid state.
        at HTMLInputElementImpl.setSelectionRange (/Users/abhiroop.chaudhuri/Desktop/DEVELOPMENT/MDS/design-system/node_modules/jest-environment-jsdom-fifteen/node_modules/jsdom/lib/jsdom/living/nodes/HTMLInputElement-impl.js:495:13)
        at HTMLInputElement.setSelectionRange (/Users/abhiroop.chaudhuri/Desktop/DEVELOPMENT/MDS/design-system/node_modules/jest-environment-jsdom-fifteen/node_modules/jsdom/lib/jsdom/living/generated/HTMLInputElement.js:187:23)
        at /Users/abhiroop.chaudhuri/Desktop/DEVELOPMENT/MDS/design-system/core/components/atoms/input/Input.tsx:4208:17
        at commitHookEffectListMount (/Users/abhiroop.chaudhuri/Desktop/DEVELOPMENT/MDS/design-system/node_modules/react-dom/cjs/react-dom.development.js:19731:26)
        at commitPassiveHookEffects (/Users/abhiroop.chaudhuri/Desktop/DEVELOPMENT/MDS/design-system/node_modules/react-dom/cjs/react-dom.development.js:19769:11)
        at HTMLUnknownElement.callCallback (/Users/abhiroop.chaudhuri/Desktop/DEVELOPMENT/MDS/design-system/node_modules/react-dom/cjs/react-dom.development.js:188:14)
        at innerInvokeEventListeners (/Users/abhiroop.chaudhuri/Desktop/DEVELOPMENT/MDS/design-system/node_modules/jest-environment-jsdom-fifteen/node_modules/jsdom/lib/jsdom/living/events/EventTarget-impl.js:316:27)
        at invokeEventListeners (/Users/abhiroop.chaudhuri/Desktop/DEVELOPMENT/MDS/design-system/node_modules/jest-environment-jsdom-fifteen/node_modules/jsdom/lib/jsdom/living/events/EventTarget-impl.js:267:3)
        at HTMLUnknownElementImpl._dispatch (/Users/abhiroop.chaudhuri/Desktop/DEVELOPMENT/MDS/design-system/node_modules/jest-environment-jsdom-fifteen/node_modules/jsdom/lib/jsdom/living/events/EventTarget-impl.js:214:9)
        at HTMLUnknownElementImpl.dispatchEvent (/Users/abhiroop.chaudhuri/Desktop/DEVELOPMENT/MDS/design-system/node_modules/jest-environment-jsdom-fifteen/node_modules/jsdom/lib/jsdom/living/events/EventTarget-impl.js:87:17)

  console.error node_modules/react-dom/cjs/react-dom.development.js:88
    Warning: An update to SegmentedControl inside a test was not wrapped in act(...).
    
    When testing, code that causes React state updates should be wrapped into act(...):
    
    act(() => {
      /* fire events that update state */
    });
    /* assert on the output */
    
    This ensures that you're testing the behavior the user would see in the browser. Learn more at https://fb.me/react-wrap-tests-with-act
        in SegmentedControl

  console.error node_modules/react-dom/cjs/react-dom.development.js:88
    Warning: An update to SegmentedControl inside a test was not wrapped in act(...).
    
    When testing, code that causes React state updates should be wrapped into act(...):
    
    act(() => {
      /* fire events that update state */
    });
    /* assert on the output */
    
    This ensures that you're testing the behavior the user would see in the browser. Learn more at https://fb.me/react-wrap-tests-with-act
        in SegmentedControl

  console.error core/components/atoms/input/Input.tsx:4212
    Error setting selection range: DOMException [InvalidStateError]: The object is in an invalid state.
        at HTMLInputElementImpl.setSelectionRange (/Users/abhiroop.chaudhuri/Desktop/DEVELOPMENT/MDS/design-system/node_modules/jest-environment-jsdom-fifteen/node_modules/jsdom/lib/jsdom/living/nodes/HTMLInputElement-impl.js:495:13)
        at HTMLInputElement.setSelectionRange (/Users/abhiroop.chaudhuri/Desktop/DEVELOPMENT/MDS/design-system/node_modules/jest-environment-jsdom-fifteen/node_modules/jsdom/lib/jsdom/living/generated/HTMLInputElement.js:187:23)
        at /Users/abhiroop.chaudhuri/Desktop/DEVELOPMENT/MDS/design-system/core/components/atoms/input/Input.tsx:4208:17
        at commitHookEffectListMount (/Users/abhiroop.chaudhuri/Desktop/DEVELOPMENT/MDS/design-system/node_modules/react-dom/cjs/react-dom.development.js:19731:26)
        at commitPassiveHookEffects (/Users/abhiroop.chaudhuri/Desktop/DEVELOPMENT/MDS/design-system/node_modules/react-dom/cjs/react-dom.development.js:19769:11)
        at HTMLUnknownElement.callCallback (/Users/abhiroop.chaudhuri/Desktop/DEVELOPMENT/MDS/design-system/node_modules/react-dom/cjs/react-dom.development.js:188:14)
        at innerInvokeEventListeners (/Users/abhiroop.chaudhuri/Desktop/DEVELOPMENT/MDS/design-system/node_modules/jest-environment-jsdom-fifteen/node_modules/jsdom/lib/jsdom/living/events/EventTarget-impl.js:316:27)
        at invokeEventListeners (/Users/abhiroop.chaudhuri/Desktop/DEVELOPMENT/MDS/design-system/node_modules/jest-environment-jsdom-fifteen/node_modules/jsdom/lib/jsdom/living/events/EventTarget-impl.js:267:3)
        at HTMLUnknownElementImpl._dispatch (/Users/abhiroop.chaudhuri/Desktop/DEVELOPMENT/MDS/design-system/node_modules/jest-environment-jsdom-fifteen/node_modules/jsdom/lib/jsdom/living/events/EventTarget-impl.js:214:9)
        at HTMLUnknownElementImpl.dispatchEvent (/Users/abhiroop.chaudhuri/Desktop/DEVELOPMENT/MDS/design-system/node_modules/jest-environment-jsdom-fifteen/node_modules/jsdom/lib/jsdom/living/events/EventTarget-impl.js:87:17)

  console.error core/components/atoms/input/Input.tsx:4212
    Error setting selection range: DOMException [InvalidStateError]: The object is in an invalid state.
        at HTMLInputElementImpl.setSelectionRange (/Users/abhiroop.chaudhuri/Desktop/DEVELOPMENT/MDS/design-system/node_modules/jest-environment-jsdom-fifteen/node_modules/jsdom/lib/jsdom/living/nodes/HTMLInputElement-impl.js:495:13)
        at HTMLInputElement.setSelectionRange (/Users/abhiroop.chaudhuri/Desktop/DEVELOPMENT/MDS/design-system/node_modules/jest-environment-jsdom-fifteen/node_modules/jsdom/lib/jsdom/living/generated/HTMLInputElement.js:187:23)
        at /Users/abhiroop.chaudhuri/Desktop/DEVELOPMENT/MDS/design-system/core/components/atoms/input/Input.tsx:4208:17
        at commitHookEffectListMount (/Users/abhiroop.chaudhuri/Desktop/DEVELOPMENT/MDS/design-system/node_modules/react-dom/cjs/react-dom.development.js:19731:26)
        at commitPassiveHookEffects (/Users/abhiroop.chaudhuri/Desktop/DEVELOPMENT/MDS/design-system/node_modules/react-dom/cjs/react-dom.development.js:19769:11)
        at HTMLUnknownElement.callCallback (/Users/abhiroop.chaudhuri/Desktop/DEVELOPMENT/MDS/design-system/node_modules/react-dom/cjs/react-dom.development.js:188:14)
        at innerInvokeEventListeners (/Users/abhiroop.chaudhuri/Desktop/DEVELOPMENT/MDS/design-system/node_modules/jest-environment-jsdom-fifteen/node_modules/jsdom/lib/jsdom/living/events/EventTarget-impl.js:316:27)
        at invokeEventListeners (/Users/abhiroop.chaudhuri/Desktop/DEVELOPMENT/MDS/design-system/node_modules/jest-environment-jsdom-fifteen/node_modules/jsdom/lib/jsdom/living/events/EventTarget-impl.js:267:3)
        at HTMLUnknownElementImpl._dispatch (/Users/abhiroop.chaudhuri/Desktop/DEVELOPMENT/MDS/design-system/node_modules/jest-environment-jsdom-fifteen/node_modules/jsdom/lib/jsdom/living/events/EventTarget-impl.js:214:9)
        at HTMLUnknownElementImpl.dispatchEvent (/Users/abhiroop.chaudhuri/Desktop/DEVELOPMENT/MDS/design-system/node_modules/jest-environment-jsdom-fifteen/node_modules/jsdom/lib/jsdom/living/events/EventTarget-impl.js:87:17)

  console.error node_modules/react-dom/cjs/react-dom.development.js:88
    Warning: An update to SegmentedControl inside a test was not wrapped in act(...).
    
    When testing, code that causes React state updates should be wrapped into act(...):
    
    act(() => {
      /* fire events that update state */
    });
    /* assert on the output */
    
    This ensures that you're testing the behavior the user would see in the browser. Learn more at https://fb.me/react-wrap-tests-with-act
        in SegmentedControl

  console.error node_modules/react-dom/cjs/react-dom.development.js:88
    Warning: An update to SegmentedControl inside a test was not wrapped in act(...).
    
    When testing, code that causes React state updates should be wrapped into act(...):
    
    act(() => {
      /* fire events that update state */
    });
    /* assert on the output */
    
    This ensures that you're testing the behavior the user would see in the browser. Learn more at https://fb.me/react-wrap-tests-with-act
        in SegmentedControl

  console.error node_modules/react-dom/cjs/react-dom.development.js:88
    Warning: An update to SegmentedControl inside a test was not wrapped in act(...).
    
    When testing, code that causes React state updates should be wrapped into act(...):
    
    act(() => {
      /* fire events that update state */
    });
    /* assert on the output */
    
    This ensures that you're testing the behavior the user would see in the browser. Learn more at https://fb.me/react-wrap-tests-with-act
        in SegmentedControl

  console.error node_modules/react-dom/cjs/react-dom.development.js:88
    Warning: An update to SegmentedControl inside a test was not wrapped in act(...).
    
    When testing, code that causes React state updates should be wrapped into act(...):
    
    act(() => {
      /* fire events that update state */
    });
    /* assert on the output */
    
    This ensures that you're testing the behavior the user would see in the browser. Learn more at https://fb.me/react-wrap-tests-with-act
        in SegmentedControl

  console.error core/components/atoms/input/Input.tsx:4212
    Error setting selection range: DOMException [InvalidStateError]: The object is in an invalid state.
        at HTMLInputElementImpl.setSelectionRange (/Users/abhiroop.chaudhuri/Desktop/DEVELOPMENT/MDS/design-system/node_modules/jest-environment-jsdom-fifteen/node_modules/jsdom/lib/jsdom/living/nodes/HTMLInputElement-impl.js:495:13)
        at HTMLInputElement.setSelectionRange (/Users/abhiroop.chaudhuri/Desktop/DEVELOPMENT/MDS/design-system/node_modules/jest-environment-jsdom-fifteen/node_modules/jsdom/lib/jsdom/living/generated/HTMLInputElement.js:187:23)
        at /Users/abhiroop.chaudhuri/Desktop/DEVELOPMENT/MDS/design-system/core/components/atoms/input/Input.tsx:4208:17
        at commitHookEffectListMount (/Users/abhiroop.chaudhuri/Desktop/DEVELOPMENT/MDS/design-system/node_modules/react-dom/cjs/react-dom.development.js:19731:26)
        at commitPassiveHookEffects (/Users/abhiroop.chaudhuri/Desktop/DEVELOPMENT/MDS/design-system/node_modules/react-dom/cjs/react-dom.development.js:19769:11)
        at HTMLUnknownElement.callCallback (/Users/abhiroop.chaudhuri/Desktop/DEVELOPMENT/MDS/design-system/node_modules/react-dom/cjs/react-dom.development.js:188:14)
        at innerInvokeEventListeners (/Users/abhiroop.chaudhuri/Desktop/DEVELOPMENT/MDS/design-system/node_modules/jest-environment-jsdom-fifteen/node_modules/jsdom/lib/jsdom/living/events/EventTarget-impl.js:316:27)
        at invokeEventListeners (/Users/abhiroop.chaudhuri/Desktop/DEVELOPMENT/MDS/design-system/node_modules/jest-environment-jsdom-fifteen/node_modules/jsdom/lib/jsdom/living/events/EventTarget-impl.js:267:3)
        at HTMLUnknownElementImpl._dispatch (/Users/abhiroop.chaudhuri/Desktop/DEVELOPMENT/MDS/design-system/node_modules/jest-environment-jsdom-fifteen/node_modules/jsdom/lib/jsdom/living/events/EventTarget-impl.js:214:9)
        at HTMLUnknownElementImpl.dispatchEvent (/Users/abhiroop.chaudhuri/Desktop/DEVELOPMENT/MDS/design-system/node_modules/jest-environment-jsdom-fifteen/node_modules/jsdom/lib/jsdom/living/events/EventTarget-impl.js:87:17)

  console.error core/components/atoms/input/Input.tsx:4212
    Error setting selection range: DOMException [InvalidStateError]: The object is in an invalid state.
        at HTMLInputElementImpl.setSelectionRange (/Users/abhiroop.chaudhuri/Desktop/DEVELOPMENT/MDS/design-system/node_modules/jest-environment-jsdom-fifteen/node_modules/jsdom/lib/jsdom/living/nodes/HTMLInputElement-impl.js:495:13)
        at HTMLInputElement.setSelectionRange (/Users/abhiroop.chaudhuri/Desktop/DEVELOPMENT/MDS/design-system/node_modules/jest-environment-jsdom-fifteen/node_modules/jsdom/lib/jsdom/living/generated/HTMLInputElement.js:187:23)
        at /Users/abhiroop.chaudhuri/Desktop/DEVELOPMENT/MDS/design-system/core/components/atoms/input/Input.tsx:4208:17
        at commitHookEffectListMount (/Users/abhiroop.chaudhuri/Desktop/DEVELOPMENT/MDS/design-system/node_modules/react-dom/cjs/react-dom.development.js:19731:26)
        at commitPassiveHookEffects (/Users/abhiroop.chaudhuri/Desktop/DEVELOPMENT/MDS/design-system/node_modules/react-dom/cjs/react-dom.development.js:19769:11)
        at HTMLUnknownElement.callCallback (/Users/abhiroop.chaudhuri/Desktop/DEVELOPMENT/MDS/design-system/node_modules/react-dom/cjs/react-dom.development.js:188:14)
        at innerInvokeEventListeners (/Users/abhiroop.chaudhuri/Desktop/DEVELOPMENT/MDS/design-system/node_modules/jest-environment-jsdom-fifteen/node_modules/jsdom/lib/jsdom/living/events/EventTarget-impl.js:316:27)
        at invokeEventListeners (/Users/abhiroop.chaudhuri/Desktop/DEVELOPMENT/MDS/design-system/node_modules/jest-environment-jsdom-fifteen/node_modules/jsdom/lib/jsdom/living/events/EventTarget-impl.js:267:3)
        at HTMLUnknownElementImpl._dispatch (/Users/abhiroop.chaudhuri/Desktop/DEVELOPMENT/MDS/design-system/node_modules/jest-environment-jsdom-fifteen/node_modules/jsdom/lib/jsdom/living/events/EventTarget-impl.js:214:9)
        at HTMLUnknownElementImpl.dispatchEvent (/Users/abhiroop.chaudhuri/Desktop/DEVELOPMENT/MDS/design-system/node_modules/jest-environment-jsdom-fifteen/node_modules/jsdom/lib/jsdom/living/events/EventTarget-impl.js:87:17)

  console.error core/components/atoms/input/Input.tsx:4212
    Error setting selection range: DOMException [InvalidStateError]: The object is in an invalid state.
        at HTMLInputElementImpl.setSelectionRange (/Users/abhiroop.chaudhuri/Desktop/DEVELOPMENT/MDS/design-system/node_modules/jest-environment-jsdom-fifteen/node_modules/jsdom/lib/jsdom/living/nodes/HTMLInputElement-impl.js:495:13)
        at HTMLInputElement.setSelectionRange (/Users/abhiroop.chaudhuri/Desktop/DEVELOPMENT/MDS/design-system/node_modules/jest-environment-jsdom-fifteen/node_modules/jsdom/lib/jsdom/living/generated/HTMLInputElement.js:187:23)
        at /Users/abhiroop.chaudhuri/Desktop/DEVELOPMENT/MDS/design-system/core/components/atoms/input/Input.tsx:4208:17
        at commitHookEffectListMount (/Users/abhiroop.chaudhuri/Desktop/DEVELOPMENT/MDS/design-system/node_modules/react-dom/cjs/react-dom.development.js:19731:26)
        at commitPassiveHookEffects (/Users/abhiroop.chaudhuri/Desktop/DEVELOPMENT/MDS/design-system/node_modules/react-dom/cjs/react-dom.development.js:19769:11)
        at HTMLUnknownElement.callCallback (/Users/abhiroop.chaudhuri/Desktop/DEVELOPMENT/MDS/design-system/node_modules/react-dom/cjs/react-dom.development.js:188:14)
        at innerInvokeEventListeners (/Users/abhiroop.chaudhuri/Desktop/DEVELOPMENT/MDS/design-system/node_modules/jest-environment-jsdom-fifteen/node_modules/jsdom/lib/jsdom/living/events/EventTarget-impl.js:316:27)
        at invokeEventListeners (/Users/abhiroop.chaudhuri/Desktop/DEVELOPMENT/MDS/design-system/node_modules/jest-environment-jsdom-fifteen/node_modules/jsdom/lib/jsdom/living/events/EventTarget-impl.js:267:3)
        at HTMLUnknownElementImpl._dispatch (/Users/abhiroop.chaudhuri/Desktop/DEVELOPMENT/MDS/design-system/node_modules/jest-environment-jsdom-fifteen/node_modules/jsdom/lib/jsdom/living/events/EventTarget-impl.js:214:9)
        at HTMLUnknownElementImpl.dispatchEvent (/Users/abhiroop.chaudhuri/Desktop/DEVELOPMENT/MDS/design-system/node_modules/jest-environment-jsdom-fifteen/node_modules/jsdom/lib/jsdom/living/events/EventTarget-impl.js:87:17)

  console.error node_modules/react-dom/cjs/react-dom.development.js:88
    Warning: An update to SegmentedControl inside a test was not wrapped in act(...).
    
    When testing, code that causes React state updates should be wrapped into act(...):
    
    act(() => {
      /* fire events that update state */
    });
    /* assert on the output */
    
    This ensures that you're testing the behavior the user would see in the browser. Learn more at https://fb.me/react-wrap-tests-with-act
        in SegmentedControl

  console.error node_modules/react-dom/cjs/react-dom.development.js:88
    Warning: An update to SegmentedControl inside a test was not wrapped in act(...).
    
    When testing, code that causes React state updates should be wrapped into act(...):
    
    act(() => {
      /* fire events that update state */
    });
    /* assert on the output */
    
    This ensures that you're testing the behavior the user would see in the browser. Learn more at https://fb.me/react-wrap-tests-with-act
        in SegmentedControl

  console.error node_modules/react-dom/cjs/react-dom.development.js:88
    Warning: An update to SegmentedControl inside a test was not wrapped in act(...).
    
    When testing, code that causes React state updates should be wrapped into act(...):
    
    act(() => {
      /* fire events that update state */
    });
    /* assert on the output */
    
    This ensures that you're testing the behavior the user would see in the browser. Learn more at https://fb.me/react-wrap-tests-with-act
        in SegmentedControl

  console.error node_modules/react-dom/cjs/react-dom.development.js:88
    Warning: An update to SegmentedControl inside a test was not wrapped in act(...).
    
    When testing, code that causes React state updates should be wrapped into act(...):
    
    act(() => {
      /* fire events that update state */
    });
    /* assert on the output */
    
    This ensures that you're testing the behavior the user would see in the browser. Learn more at https://fb.me/react-wrap-tests-with-act
        in SegmentedControl

  console.error core/components/atoms/input/Input.tsx:4212
    Error setting selection range: DOMException [InvalidStateError]: The object is in an invalid state.
        at HTMLInputElementImpl.setSelectionRange (/Users/abhiroop.chaudhuri/Desktop/DEVELOPMENT/MDS/design-system/node_modules/jest-environment-jsdom-fifteen/node_modules/jsdom/lib/jsdom/living/nodes/HTMLInputElement-impl.js:495:13)
        at HTMLInputElement.setSelectionRange (/Users/abhiroop.chaudhuri/Desktop/DEVELOPMENT/MDS/design-system/node_modules/jest-environment-jsdom-fifteen/node_modules/jsdom/lib/jsdom/living/generated/HTMLInputElement.js:187:23)
        at /Users/abhiroop.chaudhuri/Desktop/DEVELOPMENT/MDS/design-system/core/components/atoms/input/Input.tsx:4208:17
        at commitHookEffectListMount (/Users/abhiroop.chaudhuri/Desktop/DEVELOPMENT/MDS/design-system/node_modules/react-dom/cjs/react-dom.development.js:19731:26)
        at commitPassiveHookEffects (/Users/abhiroop.chaudhuri/Desktop/DEVELOPMENT/MDS/design-system/node_modules/react-dom/cjs/react-dom.development.js:19769:11)
        at HTMLUnknownElement.callCallback (/Users/abhiroop.chaudhuri/Desktop/DEVELOPMENT/MDS/design-system/node_modules/react-dom/cjs/react-dom.development.js:188:14)
        at innerInvokeEventListeners (/Users/abhiroop.chaudhuri/Desktop/DEVELOPMENT/MDS/design-system/node_modules/jest-environment-jsdom-fifteen/node_modules/jsdom/lib/jsdom/living/events/EventTarget-impl.js:316:27)
        at invokeEventListeners (/Users/abhiroop.chaudhuri/Desktop/DEVELOPMENT/MDS/design-system/node_modules/jest-environment-jsdom-fifteen/node_modules/jsdom/lib/jsdom/living/events/EventTarget-impl.js:267:3)
        at HTMLUnknownElementImpl._dispatch (/Users/abhiroop.chaudhuri/Desktop/DEVELOPMENT/MDS/design-system/node_modules/jest-environment-jsdom-fifteen/node_modules/jsdom/lib/jsdom/living/events/EventTarget-impl.js:214:9)
        at HTMLUnknownElementImpl.dispatchEvent (/Users/abhiroop.chaudhuri/Desktop/DEVELOPMENT/MDS/design-system/node_modules/jest-environment-jsdom-fifteen/node_modules/jsdom/lib/jsdom/living/events/EventTarget-impl.js:87:17)

  console.error node_modules/react-dom/cjs/react-dom.development.js:88
    Warning: An update to SegmentedControl inside a test was not wrapped in act(...).
    
    When testing, code that causes React state updates should be wrapped into act(...):
    
    act(() => {
      /* fire events that update state */
    });
    /* assert on the output */
    
    This ensures that you're testing the behavior the user would see in the browser. Learn more at https://fb.me/react-wrap-tests-with-act
        in SegmentedControl

  console.error node_modules/react-dom/cjs/react-dom.development.js:88
    Warning: An update to SegmentedControl inside a test was not wrapped in act(...).
    
    When testing, code that causes React state updates should be wrapped into act(...):
    
    act(() => {
      /* fire events that update state */
    });
    /* assert on the output */
    
    This ensures that you're testing the behavior the user would see in the browser. Learn more at https://fb.me/react-wrap-tests-with-act
        in SegmentedControl

  console.error core/components/atoms/input/Input.tsx:4212
    Error setting selection range: DOMException [InvalidStateError]: The object is in an invalid state.
        at HTMLInputElementImpl.setSelectionRange (/Users/abhiroop.chaudhuri/Desktop/DEVELOPMENT/MDS/design-system/node_modules/jest-environment-jsdom-fifteen/node_modules/jsdom/lib/jsdom/living/nodes/HTMLInputElement-impl.js:495:13)
        at HTMLInputElement.setSelectionRange (/Users/abhiroop.chaudhuri/Desktop/DEVELOPMENT/MDS/design-system/node_modules/jest-environment-jsdom-fifteen/node_modules/jsdom/lib/jsdom/living/generated/HTMLInputElement.js:187:23)
        at /Users/abhiroop.chaudhuri/Desktop/DEVELOPMENT/MDS/design-system/core/components/atoms/input/Input.tsx:4208:17
        at commitHookEffectListMount (/Users/abhiroop.chaudhuri/Desktop/DEVELOPMENT/MDS/design-system/node_modules/react-dom/cjs/react-dom.development.js:19731:26)
        at commitPassiveHookEffects (/Users/abhiroop.chaudhuri/Desktop/DEVELOPMENT/MDS/design-system/node_modules/react-dom/cjs/react-dom.development.js:19769:11)
        at HTMLUnknownElement.callCallback (/Users/abhiroop.chaudhuri/Desktop/DEVELOPMENT/MDS/design-system/node_modules/react-dom/cjs/react-dom.development.js:188:14)
        at innerInvokeEventListeners (/Users/abhiroop.chaudhuri/Desktop/DEVELOPMENT/MDS/design-system/node_modules/jest-environment-jsdom-fifteen/node_modules/jsdom/lib/jsdom/living/events/EventTarget-impl.js:316:27)
        at invokeEventListeners (/Users/abhiroop.chaudhuri/Desktop/DEVELOPMENT/MDS/design-system/node_modules/jest-environment-jsdom-fifteen/node_modules/jsdom/lib/jsdom/living/events/EventTarget-impl.js:267:3)
        at HTMLUnknownElementImpl._dispatch (/Users/abhiroop.chaudhuri/Desktop/DEVELOPMENT/MDS/design-system/node_modules/jest-environment-jsdom-fifteen/node_modules/jsdom/lib/jsdom/living/events/EventTarget-impl.js:214:9)
        at HTMLUnknownElementImpl.dispatchEvent (/Users/abhiroop.chaudhuri/Desktop/DEVELOPMENT/MDS/design-system/node_modules/jest-environment-jsdom-fifteen/node_modules/jsdom/lib/jsdom/living/events/EventTarget-impl.js:87:17)

  console.error core/components/atoms/input/Input.tsx:4212
    Error setting selection range: DOMException [InvalidStateError]: The object is in an invalid state.
        at HTMLInputElementImpl.setSelectionRange (/Users/abhiroop.chaudhuri/Desktop/DEVELOPMENT/MDS/design-system/node_modules/jest-environment-jsdom-fifteen/node_modules/jsdom/lib/jsdom/living/nodes/HTMLInputElement-impl.js:495:13)
        at HTMLInputElement.setSelectionRange (/Users/abhiroop.chaudhuri/Desktop/DEVELOPMENT/MDS/design-system/node_modules/jest-environment-jsdom-fifteen/node_modules/jsdom/lib/jsdom/living/generated/HTMLInputElement.js:187:23)
        at /Users/abhiroop.chaudhuri/Desktop/DEVELOPMENT/MDS/design-system/core/components/atoms/input/Input.tsx:4208:17
        at commitHookEffectListMount (/Users/abhiroop.chaudhuri/Desktop/DEVELOPMENT/MDS/design-system/node_modules/react-dom/cjs/react-dom.development.js:19731:26)
        at commitPassiveHookEffects (/Users/abhiroop.chaudhuri/Desktop/DEVELOPMENT/MDS/design-system/node_modules/react-dom/cjs/react-dom.development.js:19769:11)
        at HTMLUnknownElement.callCallback (/Users/abhiroop.chaudhuri/Desktop/DEVELOPMENT/MDS/design-system/node_modules/react-dom/cjs/react-dom.development.js:188:14)
        at innerInvokeEventListeners (/Users/abhiroop.chaudhuri/Desktop/DEVELOPMENT/MDS/design-system/node_modules/jest-environment-jsdom-fifteen/node_modules/jsdom/lib/jsdom/living/events/EventTarget-impl.js:316:27)
        at invokeEventListeners (/Users/abhiroop.chaudhuri/Desktop/DEVELOPMENT/MDS/design-system/node_modules/jest-environment-jsdom-fifteen/node_modules/jsdom/lib/jsdom/living/events/EventTarget-impl.js:267:3)
        at HTMLUnknownElementImpl._dispatch (/Users/abhiroop.chaudhuri/Desktop/DEVELOPMENT/MDS/design-system/node_modules/jest-environment-jsdom-fifteen/node_modules/jsdom/lib/jsdom/living/events/EventTarget-impl.js:214:9)
        at HTMLUnknownElementImpl.dispatchEvent (/Users/abhiroop.chaudhuri/Desktop/DEVELOPMENT/MDS/design-system/node_modules/jest-environment-jsdom-fifteen/node_modules/jsdom/lib/jsdom/living/events/EventTarget-impl.js:87:17)

  console.error core/components/atoms/input/Input.tsx:4212
    Error setting selection range: DOMException [InvalidStateError]: The object is in an invalid state.
        at HTMLInputElementImpl.setSelectionRange (/Users/abhiroop.chaudhuri/Desktop/DEVELOPMENT/MDS/design-system/node_modules/jest-environment-jsdom-fifteen/node_modules/jsdom/lib/jsdom/living/nodes/HTMLInputElement-impl.js:495:13)
        at HTMLInputElement.setSelectionRange (/Users/abhiroop.chaudhuri/Desktop/DEVELOPMENT/MDS/design-system/node_modules/jest-environment-jsdom-fifteen/node_modules/jsdom/lib/jsdom/living/generated/HTMLInputElement.js:187:23)
        at /Users/abhiroop.chaudhuri/Desktop/DEVELOPMENT/MDS/design-system/core/components/atoms/input/Input.tsx:4208:17
        at commitHookEffectListMount (/Users/abhiroop.chaudhuri/Desktop/DEVELOPMENT/MDS/design-system/node_modules/react-dom/cjs/react-dom.development.js:19731:26)
        at commitPassiveHookEffects (/Users/abhiroop.chaudhuri/Desktop/DEVELOPMENT/MDS/design-system/node_modules/react-dom/cjs/react-dom.development.js:19769:11)
        at HTMLUnknownElement.callCallback (/Users/abhiroop.chaudhuri/Desktop/DEVELOPMENT/MDS/design-system/node_modules/react-dom/cjs/react-dom.development.js:188:14)
        at innerInvokeEventListeners (/Users/abhiroop.chaudhuri/Desktop/DEVELOPMENT/MDS/design-system/node_modules/jest-environment-jsdom-fifteen/node_modules/jsdom/lib/jsdom/living/events/EventTarget-impl.js:316:27)
        at invokeEventListeners (/Users/abhiroop.chaudhuri/Desktop/DEVELOPMENT/MDS/design-system/node_modules/jest-environment-jsdom-fifteen/node_modules/jsdom/lib/jsdom/living/events/EventTarget-impl.js:267:3)
        at HTMLUnknownElementImpl._dispatch (/Users/abhiroop.chaudhuri/Desktop/DEVELOPMENT/MDS/design-system/node_modules/jest-environment-jsdom-fifteen/node_modules/jsdom/lib/jsdom/living/events/EventTarget-impl.js:214:9)
        at HTMLUnknownElementImpl.dispatchEvent (/Users/abhiroop.chaudhuri/Desktop/DEVELOPMENT/MDS/design-system/node_modules/jest-environment-jsdom-fifteen/node_modules/jsdom/lib/jsdom/living/events/EventTarget-impl.js:87:17)

  console.error core/components/atoms/input/Input.tsx:4212
    Error setting selection range: DOMException [InvalidStateError]: The object is in an invalid state.
        at HTMLInputElementImpl.setSelectionRange (/Users/abhiroop.chaudhuri/Desktop/DEVELOPMENT/MDS/design-system/node_modules/jest-environment-jsdom-fifteen/node_modules/jsdom/lib/jsdom/living/nodes/HTMLInputElement-impl.js:495:13)
        at HTMLInputElement.setSelectionRange (/Users/abhiroop.chaudhuri/Desktop/DEVELOPMENT/MDS/design-system/node_modules/jest-environment-jsdom-fifteen/node_modules/jsdom/lib/jsdom/living/generated/HTMLInputElement.js:187:23)
        at /Users/abhiroop.chaudhuri/Desktop/DEVELOPMENT/MDS/design-system/core/components/atoms/input/Input.tsx:4208:17
        at commitHookEffectListMount (/Users/abhiroop.chaudhuri/Desktop/DEVELOPMENT/MDS/design-system/node_modules/react-dom/cjs/react-dom.development.js:19731:26)
        at commitPassiveHookEffects (/Users/abhiroop.chaudhuri/Desktop/DEVELOPMENT/MDS/design-system/node_modules/react-dom/cjs/react-dom.development.js:19769:11)
        at HTMLUnknownElement.callCallback (/Users/abhiroop.chaudhuri/Desktop/DEVELOPMENT/MDS/design-system/node_modules/react-dom/cjs/react-dom.development.js:188:14)
        at innerInvokeEventListeners (/Users/abhiroop.chaudhuri/Desktop/DEVELOPMENT/MDS/design-system/node_modules/jest-environment-jsdom-fifteen/node_modules/jsdom/lib/jsdom/living/events/EventTarget-impl.js:316:27)
        at invokeEventListeners (/Users/abhiroop.chaudhuri/Desktop/DEVELOPMENT/MDS/design-system/node_modules/jest-environment-jsdom-fifteen/node_modules/jsdom/lib/jsdom/living/events/EventTarget-impl.js:267:3)
        at HTMLUnknownElementImpl._dispatch (/Users/abhiroop.chaudhuri/Desktop/DEVELOPMENT/MDS/design-system/node_modules/jest-environment-jsdom-fifteen/node_modules/jsdom/lib/jsdom/living/events/EventTarget-impl.js:214:9)
        at HTMLUnknownElementImpl.dispatchEvent (/Users/abhiroop.chaudhuri/Desktop/DEVELOPMENT/MDS/design-system/node_modules/jest-environment-jsdom-fifteen/node_modules/jsdom/lib/jsdom/living/events/EventTarget-impl.js:87:17)

  console.error core/components/atoms/input/Input.tsx:4212
    Error setting selection range: DOMException [InvalidStateError]: The object is in an invalid state.
        at HTMLInputElementImpl.setSelectionRange (/Users/abhiroop.chaudhuri/Desktop/DEVELOPMENT/MDS/design-system/node_modules/jest-environment-jsdom-fifteen/node_modules/jsdom/lib/jsdom/living/nodes/HTMLInputElement-impl.js:495:13)
        at HTMLInputElement.setSelectionRange (/Users/abhiroop.chaudhuri/Desktop/DEVELOPMENT/MDS/design-system/node_modules/jest-environment-jsdom-fifteen/node_modules/jsdom/lib/jsdom/living/generated/HTMLInputElement.js:187:23)
        at /Users/abhiroop.chaudhuri/Desktop/DEVELOPMENT/MDS/design-system/core/components/atoms/input/Input.tsx:4208:17
        at commitHookEffectListMount (/Users/abhiroop.chaudhuri/Desktop/DEVELOPMENT/MDS/design-system/node_modules/react-dom/cjs/react-dom.development.js:19731:26)
        at commitPassiveHookEffects (/Users/abhiroop.chaudhuri/Desktop/DEVELOPMENT/MDS/design-system/node_modules/react-dom/cjs/react-dom.development.js:19769:11)
        at HTMLUnknownElement.callCallback (/Users/abhiroop.chaudhuri/Desktop/DEVELOPMENT/MDS/design-system/node_modules/react-dom/cjs/react-dom.development.js:188:14)
        at innerInvokeEventListeners (/Users/abhiroop.chaudhuri/Desktop/DEVELOPMENT/MDS/design-system/node_modules/jest-environment-jsdom-fifteen/node_modules/jsdom/lib/jsdom/living/events/EventTarget-impl.js:316:27)
        at invokeEventListeners (/Users/abhiroop.chaudhuri/Desktop/DEVELOPMENT/MDS/design-system/node_modules/jest-environment-jsdom-fifteen/node_modules/jsdom/lib/jsdom/living/events/EventTarget-impl.js:267:3)
        at HTMLUnknownElementImpl._dispatch (/Users/abhiroop.chaudhuri/Desktop/DEVELOPMENT/MDS/design-system/node_modules/jest-environment-jsdom-fifteen/node_modules/jsdom/lib/jsdom/living/events/EventTarget-impl.js:214:9)
        at HTMLUnknownElementImpl.dispatchEvent (/Users/abhiroop.chaudhuri/Desktop/DEVELOPMENT/MDS/design-system/node_modules/jest-environment-jsdom-fifteen/node_modules/jsdom/lib/jsdom/living/events/EventTarget-impl.js:87:17)

  console.error core/components/atoms/input/Input.tsx:4212
    Error setting selection range: DOMException [InvalidStateError]: The object is in an invalid state.
        at HTMLInputElementImpl.setSelectionRange (/Users/abhiroop.chaudhuri/Desktop/DEVELOPMENT/MDS/design-system/node_modules/jest-environment-jsdom-fifteen/node_modules/jsdom/lib/jsdom/living/nodes/HTMLInputElement-impl.js:495:13)
        at HTMLInputElement.setSelectionRange (/Users/abhiroop.chaudhuri/Desktop/DEVELOPMENT/MDS/design-system/node_modules/jest-environment-jsdom-fifteen/node_modules/jsdom/lib/jsdom/living/generated/HTMLInputElement.js:187:23)
        at /Users/abhiroop.chaudhuri/Desktop/DEVELOPMENT/MDS/design-system/core/components/atoms/input/Input.tsx:4208:17
        at commitHookEffectListMount (/Users/abhiroop.chaudhuri/Desktop/DEVELOPMENT/MDS/design-system/node_modules/react-dom/cjs/react-dom.development.js:19731:26)
        at commitPassiveHookEffects (/Users/abhiroop.chaudhuri/Desktop/DEVELOPMENT/MDS/design-system/node_modules/react-dom/cjs/react-dom.development.js:19769:11)
        at HTMLUnknownElement.callCallback (/Users/abhiroop.chaudhuri/Desktop/DEVELOPMENT/MDS/design-system/node_modules/react-dom/cjs/react-dom.development.js:188:14)
        at innerInvokeEventListeners (/Users/abhiroop.chaudhuri/Desktop/DEVELOPMENT/MDS/design-system/node_modules/jest-environment-jsdom-fifteen/node_modules/jsdom/lib/jsdom/living/events/EventTarget-impl.js:316:27)
        at invokeEventListeners (/Users/abhiroop.chaudhuri/Desktop/DEVELOPMENT/MDS/design-system/node_modules/jest-environment-jsdom-fifteen/node_modules/jsdom/lib/jsdom/living/events/EventTarget-impl.js:267:3)
        at HTMLUnknownElementImpl._dispatch (/Users/abhiroop.chaudhuri/Desktop/DEVELOPMENT/MDS/design-system/node_modules/jest-environment-jsdom-fifteen/node_modules/jsdom/lib/jsdom/living/events/EventTarget-impl.js:214:9)
        at HTMLUnknownElementImpl.dispatchEvent (/Users/abhiroop.chaudhuri/Desktop/DEVELOPMENT/MDS/design-system/node_modules/jest-environment-jsdom-fifteen/node_modules/jsdom/lib/jsdom/living/events/EventTarget-impl.js:87:17)

  console.error core/components/atoms/input/Input.tsx:4212
    Error setting selection range: DOMException [InvalidStateError]: The object is in an invalid state.
        at HTMLInputElementImpl.setSelectionRange (/Users/abhiroop.chaudhuri/Desktop/DEVELOPMENT/MDS/design-system/node_modules/jest-environment-jsdom-fifteen/node_modules/jsdom/lib/jsdom/living/nodes/HTMLInputElement-impl.js:495:13)
        at HTMLInputElement.setSelectionRange (/Users/abhiroop.chaudhuri/Desktop/DEVELOPMENT/MDS/design-system/node_modules/jest-environment-jsdom-fifteen/node_modules/jsdom/lib/jsdom/living/generated/HTMLInputElement.js:187:23)
        at /Users/abhiroop.chaudhuri/Desktop/DEVELOPMENT/MDS/design-system/core/components/atoms/input/Input.tsx:4208:17
        at commitHookEffectListMount (/Users/abhiroop.chaudhuri/Desktop/DEVELOPMENT/MDS/design-system/node_modules/react-dom/cjs/react-dom.development.js:19731:26)
        at commitPassiveHookEffects (/Users/abhiroop.chaudhuri/Desktop/DEVELOPMENT/MDS/design-system/node_modules/react-dom/cjs/react-dom.development.js:19769:11)
        at HTMLUnknownElement.callCallback (/Users/abhiroop.chaudhuri/Desktop/DEVELOPMENT/MDS/design-system/node_modules/react-dom/cjs/react-dom.development.js:188:14)
        at innerInvokeEventListeners (/Users/abhiroop.chaudhuri/Desktop/DEVELOPMENT/MDS/design-system/node_modules/jest-environment-jsdom-fifteen/node_modules/jsdom/lib/jsdom/living/events/EventTarget-impl.js:316:27)
        at invokeEventListeners (/Users/abhiroop.chaudhuri/Desktop/DEVELOPMENT/MDS/design-system/node_modules/jest-environment-jsdom-fifteen/node_modules/jsdom/lib/jsdom/living/events/EventTarget-impl.js:267:3)
        at HTMLUnknownElementImpl._dispatch (/Users/abhiroop.chaudhuri/Desktop/DEVELOPMENT/MDS/design-system/node_modules/jest-environment-jsdom-fifteen/node_modules/jsdom/lib/jsdom/living/events/EventTarget-impl.js:214:9)
        at HTMLUnknownElementImpl.dispatchEvent (/Users/abhiroop.chaudhuri/Desktop/DEVELOPMENT/MDS/design-system/node_modules/jest-environment-jsdom-fifteen/node_modules/jsdom/lib/jsdom/living/events/EventTarget-impl.js:87:17)

  console.error node_modules/react-dom/cjs/react-dom.development.js:88
    Warning: An update to SegmentedControl inside a test was not wrapped in act(...).
    
    When testing, code that causes React state updates should be wrapped into act(...):
    
    act(() => {
      /* fire events that update state */
    });
    /* assert on the output */
    
    This ensures that you're testing the behavior the user would see in the browser. Learn more at https://fb.me/react-wrap-tests-with-act
        in SegmentedControl

  console.error node_modules/react-dom/cjs/react-dom.development.js:88
    Warning: An update to SegmentedControl inside a test was not wrapped in act(...).
    
    When testing, code that causes React state updates should be wrapped into act(...):
    
    act(() => {
      /* fire events that update state */
    });
    /* assert on the output */
    
    This ensures that you're testing the behavior the user would see in the browser. Learn more at https://fb.me/react-wrap-tests-with-act
        in SegmentedControl

  console.error node_modules/react-dom/cjs/react-dom.development.js:88
    Warning: An update to SegmentedControl inside a test was not wrapped in act(...).
    
    When testing, code that causes React state updates should be wrapped into act(...):
    
    act(() => {
      /* fire events that update state */
    });
    /* assert on the output */
    
    This ensures that you're testing the behavior the user would see in the browser. Learn more at https://fb.me/react-wrap-tests-with-act
        in SegmentedControl

  console.error node_modules/react-dom/cjs/react-dom.development.js:88
    Warning: An update to SegmentedControl inside a test was not wrapped in act(...).
    
    When testing, code that causes React state updates should be wrapped into act(...):
    
    act(() => {
      /* fire events that update state */
    });
    /* assert on the output */
    
    This ensures that you're testing the behavior the user would see in the browser. Learn more at https://fb.me/react-wrap-tests-with-act
        in SegmentedControl

  console.error node_modules/react-dom/cjs/react-dom.development.js:88
    Warning: An update to SegmentedControl inside a test was not wrapped in act(...).
    
    When testing, code that causes React state updates should be wrapped into act(...):
    
    act(() => {
      /* fire events that update state */
    });
    /* assert on the output */
    
    This ensures that you're testing the behavior the user would see in the browser. Learn more at https://fb.me/react-wrap-tests-with-act
        in SegmentedControl

  console.error node_modules/react-dom/cjs/react-dom.development.js:88
    Warning: An update to SegmentedControl inside a test was not wrapped in act(...).
    
    When testing, code that causes React state updates should be wrapped into act(...):
    
    act(() => {
      /* fire events that update state */
    });
    /* assert on the output */
    
    This ensures that you're testing the behavior the user would see in the browser. Learn more at https://fb.me/react-wrap-tests-with-act
        in SegmentedControl

  console.error core/components/atoms/input/Input.tsx:4212
    Error setting selection range: DOMException [InvalidStateError]: The object is in an invalid state.
        at HTMLInputElementImpl.setSelectionRange (/Users/abhiroop.chaudhuri/Desktop/DEVELOPMENT/MDS/design-system/node_modules/jest-environment-jsdom-fifteen/node_modules/jsdom/lib/jsdom/living/nodes/HTMLInputElement-impl.js:495:13)
        at HTMLInputElement.setSelectionRange (/Users/abhiroop.chaudhuri/Desktop/DEVELOPMENT/MDS/design-system/node_modules/jest-environment-jsdom-fifteen/node_modules/jsdom/lib/jsdom/living/generated/HTMLInputElement.js:187:23)
        at /Users/abhiroop.chaudhuri/Desktop/DEVELOPMENT/MDS/design-system/core/components/atoms/input/Input.tsx:4208:17
        at commitHookEffectListMount (/Users/abhiroop.chaudhuri/Desktop/DEVELOPMENT/MDS/design-system/node_modules/react-dom/cjs/react-dom.development.js:19731:26)
        at commitPassiveHookEffects (/Users/abhiroop.chaudhuri/Desktop/DEVELOPMENT/MDS/design-system/node_modules/react-dom/cjs/react-dom.development.js:19769:11)
        at HTMLUnknownElement.callCallback (/Users/abhiroop.chaudhuri/Desktop/DEVELOPMENT/MDS/design-system/node_modules/react-dom/cjs/react-dom.development.js:188:14)
        at innerInvokeEventListeners (/Users/abhiroop.chaudhuri/Desktop/DEVELOPMENT/MDS/design-system/node_modules/jest-environment-jsdom-fifteen/node_modules/jsdom/lib/jsdom/living/events/EventTarget-impl.js:316:27)
        at invokeEventListeners (/Users/abhiroop.chaudhuri/Desktop/DEVELOPMENT/MDS/design-system/node_modules/jest-environment-jsdom-fifteen/node_modules/jsdom/lib/jsdom/living/events/EventTarget-impl.js:267:3)
        at HTMLUnknownElementImpl._dispatch (/Users/abhiroop.chaudhuri/Desktop/DEVELOPMENT/MDS/design-system/node_modules/jest-environment-jsdom-fifteen/node_modules/jsdom/lib/jsdom/living/events/EventTarget-impl.js:214:9)
        at HTMLUnknownElementImpl.dispatchEvent (/Users/abhiroop.chaudhuri/Desktop/DEVELOPMENT/MDS/design-system/node_modules/jest-environment-jsdom-fifteen/node_modules/jsdom/lib/jsdom/living/events/EventTarget-impl.js:87:17)

  console.error core/components/atoms/input/Input.tsx:4212
    Error setting selection range: DOMException [InvalidStateError]: The object is in an invalid state.
        at HTMLInputElementImpl.setSelectionRange (/Users/abhiroop.chaudhuri/Desktop/DEVELOPMENT/MDS/design-system/node_modules/jest-environment-jsdom-fifteen/node_modules/jsdom/lib/jsdom/living/nodes/HTMLInputElement-impl.js:495:13)
        at HTMLInputElement.setSelectionRange (/Users/abhiroop.chaudhuri/Desktop/DEVELOPMENT/MDS/design-system/node_modules/jest-environment-jsdom-fifteen/node_modules/jsdom/lib/jsdom/living/generated/HTMLInputElement.js:187:23)
        at /Users/abhiroop.chaudhuri/Desktop/DEVELOPMENT/MDS/design-system/core/components/atoms/input/Input.tsx:4208:17
        at commitHookEffectListMount (/Users/abhiroop.chaudhuri/Desktop/DEVELOPMENT/MDS/design-system/node_modules/react-dom/cjs/react-dom.development.js:19731:26)
        at commitPassiveHookEffects (/Users/abhiroop.chaudhuri/Desktop/DEVELOPMENT/MDS/design-system/node_modules/react-dom/cjs/react-dom.development.js:19769:11)
        at HTMLUnknownElement.callCallback (/Users/abhiroop.chaudhuri/Desktop/DEVELOPMENT/MDS/design-system/node_modules/react-dom/cjs/react-dom.development.js:188:14)
        at innerInvokeEventListeners (/Users/abhiroop.chaudhuri/Desktop/DEVELOPMENT/MDS/design-system/node_modules/jest-environment-jsdom-fifteen/node_modules/jsdom/lib/jsdom/living/events/EventTarget-impl.js:316:27)
        at invokeEventListeners (/Users/abhiroop.chaudhuri/Desktop/DEVELOPMENT/MDS/design-system/node_modules/jest-environment-jsdom-fifteen/node_modules/jsdom/lib/jsdom/living/events/EventTarget-impl.js:267:3)
        at HTMLUnknownElementImpl._dispatch (/Users/abhiroop.chaudhuri/Desktop/DEVELOPMENT/MDS/design-system/node_modules/jest-environment-jsdom-fifteen/node_modules/jsdom/lib/jsdom/living/events/EventTarget-impl.js:214:9)
        at HTMLUnknownElementImpl.dispatchEvent (/Users/abhiroop.chaudhuri/Desktop/DEVELOPMENT/MDS/design-system/node_modules/jest-environment-jsdom-fifteen/node_modules/jsdom/lib/jsdom/living/events/EventTarget-impl.js:87:17)

  console.error core/components/atoms/input/Input.tsx:4212
    Error setting selection range: DOMException [InvalidStateError]: The object is in an invalid state.
        at HTMLInputElementImpl.setSelectionRange (/Users/abhiroop.chaudhuri/Desktop/DEVELOPMENT/MDS/design-system/node_modules/jest-environment-jsdom-fifteen/node_modules/jsdom/lib/jsdom/living/nodes/HTMLInputElement-impl.js:495:13)
        at HTMLInputElement.setSelectionRange (/Users/abhiroop.chaudhuri/Desktop/DEVELOPMENT/MDS/design-system/node_modules/jest-environment-jsdom-fifteen/node_modules/jsdom/lib/jsdom/living/generated/HTMLInputElement.js:187:23)
        at /Users/abhiroop.chaudhuri/Desktop/DEVELOPMENT/MDS/design-system/core/components/atoms/input/Input.tsx:4208:17
        at commitHookEffectListMount (/Users/abhiroop.chaudhuri/Desktop/DEVELOPMENT/MDS/design-system/node_modules/react-dom/cjs/react-dom.development.js:19731:26)
        at commitPassiveHookEffects (/Users/abhiroop.chaudhuri/Desktop/DEVELOPMENT/MDS/design-system/node_modules/react-dom/cjs/react-dom.development.js:19769:11)
        at HTMLUnknownElement.callCallback (/Users/abhiroop.chaudhuri/Desktop/DEVELOPMENT/MDS/design-system/node_modules/react-dom/cjs/react-dom.development.js:188:14)
        at innerInvokeEventListeners (/Users/abhiroop.chaudhuri/Desktop/DEVELOPMENT/MDS/design-system/node_modules/jest-environment-jsdom-fifteen/node_modules/jsdom/lib/jsdom/living/events/EventTarget-impl.js:316:27)
        at invokeEventListeners (/Users/abhiroop.chaudhuri/Desktop/DEVELOPMENT/MDS/design-system/node_modules/jest-environment-jsdom-fifteen/node_modules/jsdom/lib/jsdom/living/events/EventTarget-impl.js:267:3)
        at HTMLUnknownElementImpl._dispatch (/Users/abhiroop.chaudhuri/Desktop/DEVELOPMENT/MDS/design-system/node_modules/jest-environment-jsdom-fifteen/node_modules/jsdom/lib/jsdom/living/events/EventTarget-impl.js:214:9)
        at HTMLUnknownElementImpl.dispatchEvent (/Users/abhiroop.chaudhuri/Desktop/DEVELOPMENT/MDS/design-system/node_modules/jest-environment-jsdom-fifteen/node_modules/jsdom/lib/jsdom/living/events/EventTarget-impl.js:87:17)

  console.error node_modules/react-dom/cjs/react-dom.development.js:88
    Warning: An update to SegmentedControl inside a test was not wrapped in act(...).
    
    When testing, code that causes React state updates should be wrapped into act(...):
    
    act(() => {
      /* fire events that update state */
    });
    /* assert on the output */
    
    This ensures that you're testing the behavior the user would see in the browser. Learn more at https://fb.me/react-wrap-tests-with-act
        in SegmentedControl

  console.error node_modules/react-dom/cjs/react-dom.development.js:88
    Warning: An update to SegmentedControl inside a test was not wrapped in act(...).
    
    When testing, code that causes React state updates should be wrapped into act(...):
    
    act(() => {
      /* fire events that update state */
    });
    /* assert on the output */
    
    This ensures that you're testing the behavior the user would see in the browser. Learn more at https://fb.me/react-wrap-tests-with-act
        in SegmentedControl

  console.error core/components/atoms/input/Input.tsx:4212
    Error setting selection range: DOMException [InvalidStateError]: The object is in an invalid state.
        at HTMLInputElementImpl.setSelectionRange (/Users/abhiroop.chaudhuri/Desktop/DEVELOPMENT/MDS/design-system/node_modules/jest-environment-jsdom-fifteen/node_modules/jsdom/lib/jsdom/living/nodes/HTMLInputElement-impl.js:495:13)
        at HTMLInputElement.setSelectionRange (/Users/abhiroop.chaudhuri/Desktop/DEVELOPMENT/MDS/design-system/node_modules/jest-environment-jsdom-fifteen/node_modules/jsdom/lib/jsdom/living/generated/HTMLInputElement.js:187:23)
        at /Users/abhiroop.chaudhuri/Desktop/DEVELOPMENT/MDS/design-system/core/components/atoms/input/Input.tsx:4208:17
        at commitHookEffectListMount (/Users/abhiroop.chaudhuri/Desktop/DEVELOPMENT/MDS/design-system/node_modules/react-dom/cjs/react-dom.development.js:19731:26)
        at commitPassiveHookEffects (/Users/abhiroop.chaudhuri/Desktop/DEVELOPMENT/MDS/design-system/node_modules/react-dom/cjs/react-dom.development.js:19769:11)
        at HTMLUnknownElement.callCallback (/Users/abhiroop.chaudhuri/Desktop/DEVELOPMENT/MDS/design-system/node_modules/react-dom/cjs/react-dom.development.js:188:14)
        at innerInvokeEventListeners (/Users/abhiroop.chaudhuri/Desktop/DEVELOPMENT/MDS/design-system/node_modules/jest-environment-jsdom-fifteen/node_modules/jsdom/lib/jsdom/living/events/EventTarget-impl.js:316:27)
        at invokeEventListeners (/Users/abhiroop.chaudhuri/Desktop/DEVELOPMENT/MDS/design-system/node_modules/jest-environment-jsdom-fifteen/node_modules/jsdom/lib/jsdom/living/events/EventTarget-impl.js:267:3)
        at HTMLUnknownElementImpl._dispatch (/Users/abhiroop.chaudhuri/Desktop/DEVELOPMENT/MDS/design-system/node_modules/jest-environment-jsdom-fifteen/node_modules/jsdom/lib/jsdom/living/events/EventTarget-impl.js:214:9)
        at HTMLUnknownElementImpl.dispatchEvent (/Users/abhiroop.chaudhuri/Desktop/DEVELOPMENT/MDS/design-system/node_modules/jest-environment-jsdom-fifteen/node_modules/jsdom/lib/jsdom/living/events/EventTarget-impl.js:87:17)

  console.error core/components/atoms/input/Input.tsx:4212
    Error setting selection range: DOMException [InvalidStateError]: The object is in an invalid state.
        at HTMLInputElementImpl.setSelectionRange (/Users/abhiroop.chaudhuri/Desktop/DEVELOPMENT/MDS/design-system/node_modules/jest-environment-jsdom-fifteen/node_modules/jsdom/lib/jsdom/living/nodes/HTMLInputElement-impl.js:495:13)
        at HTMLInputElement.setSelectionRange (/Users/abhiroop.chaudhuri/Desktop/DEVELOPMENT/MDS/design-system/node_modules/jest-environment-jsdom-fifteen/node_modules/jsdom/lib/jsdom/living/generated/HTMLInputElement.js:187:23)
        at /Users/abhiroop.chaudhuri/Desktop/DEVELOPMENT/MDS/design-system/core/components/atoms/input/Input.tsx:4208:17
        at commitHookEffectListMount (/Users/abhiroop.chaudhuri/Desktop/DEVELOPMENT/MDS/design-system/node_modules/react-dom/cjs/react-dom.development.js:19731:26)
        at commitPassiveHookEffects (/Users/abhiroop.chaudhuri/Desktop/DEVELOPMENT/MDS/design-system/node_modules/react-dom/cjs/react-dom.development.js:19769:11)
        at HTMLUnknownElement.callCallback (/Users/abhiroop.chaudhuri/Desktop/DEVELOPMENT/MDS/design-system/node_modules/react-dom/cjs/react-dom.development.js:188:14)
        at innerInvokeEventListeners (/Users/abhiroop.chaudhuri/Desktop/DEVELOPMENT/MDS/design-system/node_modules/jest-environment-jsdom-fifteen/node_modules/jsdom/lib/jsdom/living/events/EventTarget-impl.js:316:27)
        at invokeEventListeners (/Users/abhiroop.chaudhuri/Desktop/DEVELOPMENT/MDS/design-system/node_modules/jest-environment-jsdom-fifteen/node_modules/jsdom/lib/jsdom/living/events/EventTarget-impl.js:267:3)
        at HTMLUnknownElementImpl._dispatch (/Users/abhiroop.chaudhuri/Desktop/DEVELOPMENT/MDS/design-system/node_modules/jest-environment-jsdom-fifteen/node_modules/jsdom/lib/jsdom/living/events/EventTarget-impl.js:214:9)
        at HTMLUnknownElementImpl.dispatchEvent (/Users/abhiroop.chaudhuri/Desktop/DEVELOPMENT/MDS/design-system/node_modules/jest-environment-jsdom-fifteen/node_modules/jsdom/lib/jsdom/living/events/EventTarget-impl.js:87:17)

  console.error node_modules/react-dom/cjs/react-dom.development.js:88
    Warning: An update to SegmentedControl inside a test was not wrapped in act(...).
    
    When testing, code that causes React state updates should be wrapped into act(...):
    
    act(() => {
      /* fire events that update state */
    });
    /* assert on the output */
    
    This ensures that you're testing the behavior the user would see in the browser. Learn more at https://fb.me/react-wrap-tests-with-act
        in SegmentedControl

  console.error node_modules/react-dom/cjs/react-dom.development.js:88
    Warning: An update to SegmentedControl inside a test was not wrapped in act(...).
    
    When testing, code that causes React state updates should be wrapped into act(...):
    
    act(() => {
      /* fire events that update state */
    });
    /* assert on the output */
    
    This ensures that you're testing the behavior the user would see in the browser. Learn more at https://fb.me/react-wrap-tests-with-act
        in SegmentedControl

  console.error core/components/atoms/input/Input.tsx:4212
    Error setting selection range: DOMException [InvalidStateError]: The object is in an invalid state.
        at HTMLInputElementImpl.setSelectionRange (/Users/abhiroop.chaudhuri/Desktop/DEVELOPMENT/MDS/design-system/node_modules/jest-environment-jsdom-fifteen/node_modules/jsdom/lib/jsdom/living/nodes/HTMLInputElement-impl.js:495:13)
        at HTMLInputElement.setSelectionRange (/Users/abhiroop.chaudhuri/Desktop/DEVELOPMENT/MDS/design-system/node_modules/jest-environment-jsdom-fifteen/node_modules/jsdom/lib/jsdom/living/generated/HTMLInputElement.js:187:23)
        at /Users/abhiroop.chaudhuri/Desktop/DEVELOPMENT/MDS/design-system/core/components/atoms/input/Input.tsx:4208:17
        at commitHookEffectListMount (/Users/abhiroop.chaudhuri/Desktop/DEVELOPMENT/MDS/design-system/node_modules/react-dom/cjs/react-dom.development.js:19731:26)
        at commitPassiveHookEffects (/Users/abhiroop.chaudhuri/Desktop/DEVELOPMENT/MDS/design-system/node_modules/react-dom/cjs/react-dom.development.js:19769:11)
        at HTMLUnknownElement.callCallback (/Users/abhiroop.chaudhuri/Desktop/DEVELOPMENT/MDS/design-system/node_modules/react-dom/cjs/react-dom.development.js:188:14)
        at innerInvokeEventListeners (/Users/abhiroop.chaudhuri/Desktop/DEVELOPMENT/MDS/design-system/node_modules/jest-environment-jsdom-fifteen/node_modules/jsdom/lib/jsdom/living/events/EventTarget-impl.js:316:27)
        at invokeEventListeners (/Users/abhiroop.chaudhuri/Desktop/DEVELOPMENT/MDS/design-system/node_modules/jest-environment-jsdom-fifteen/node_modules/jsdom/lib/jsdom/living/events/EventTarget-impl.js:267:3)
        at HTMLUnknownElementImpl._dispatch (/Users/abhiroop.chaudhuri/Desktop/DEVELOPMENT/MDS/design-system/node_modules/jest-environment-jsdom-fifteen/node_modules/jsdom/lib/jsdom/living/events/EventTarget-impl.js:214:9)
        at HTMLUnknownElementImpl.dispatchEvent (/Users/abhiroop.chaudhuri/Desktop/DEVELOPMENT/MDS/design-system/node_modules/jest-environment-jsdom-fifteen/node_modules/jsdom/lib/jsdom/living/events/EventTarget-impl.js:87:17)

  console.error core/components/atoms/input/Input.tsx:4212
    Error setting selection range: DOMException [InvalidStateError]: The object is in an invalid state.
        at HTMLInputElementImpl.setSelectionRange (/Users/abhiroop.chaudhuri/Desktop/DEVELOPMENT/MDS/design-system/node_modules/jest-environment-jsdom-fifteen/node_modules/jsdom/lib/jsdom/living/nodes/HTMLInputElement-impl.js:495:13)
        at HTMLInputElement.setSelectionRange (/Users/abhiroop.chaudhuri/Desktop/DEVELOPMENT/MDS/design-system/node_modules/jest-environment-jsdom-fifteen/node_modules/jsdom/lib/jsdom/living/generated/HTMLInputElement.js:187:23)
        at /Users/abhiroop.chaudhuri/Desktop/DEVELOPMENT/MDS/design-system/core/components/atoms/input/Input.tsx:4208:17
        at commitHookEffectListMount (/Users/abhiroop.chaudhuri/Desktop/DEVELOPMENT/MDS/design-system/node_modules/react-dom/cjs/react-dom.development.js:19731:26)
        at commitPassiveHookEffects (/Users/abhiroop.chaudhuri/Desktop/DEVELOPMENT/MDS/design-system/node_modules/react-dom/cjs/react-dom.development.js:19769:11)
        at HTMLUnknownElement.callCallback (/Users/abhiroop.chaudhuri/Desktop/DEVELOPMENT/MDS/design-system/node_modules/react-dom/cjs/react-dom.development.js:188:14)
        at innerInvokeEventListeners (/Users/abhiroop.chaudhuri/Desktop/DEVELOPMENT/MDS/design-system/node_modules/jest-environment-jsdom-fifteen/node_modules/jsdom/lib/jsdom/living/events/EventTarget-impl.js:316:27)
        at invokeEventListeners (/Users/abhiroop.chaudhuri/Desktop/DEVELOPMENT/MDS/design-system/node_modules/jest-environment-jsdom-fifteen/node_modules/jsdom/lib/jsdom/living/events/EventTarget-impl.js:267:3)
        at HTMLUnknownElementImpl._dispatch (/Users/abhiroop.chaudhuri/Desktop/DEVELOPMENT/MDS/design-system/node_modules/jest-environment-jsdom-fifteen/node_modules/jsdom/lib/jsdom/living/events/EventTarget-impl.js:214:9)
        at HTMLUnknownElementImpl.dispatchEvent (/Users/abhiroop.chaudhuri/Desktop/DEVELOPMENT/MDS/design-system/node_modules/jest-environment-jsdom-fifteen/node_modules/jsdom/lib/jsdom/living/events/EventTarget-impl.js:87:17)

  console.error core/components/atoms/input/Input.tsx:4212
    Error setting selection range: DOMException [InvalidStateError]: The object is in an invalid state.
        at HTMLInputElementImpl.setSelectionRange (/Users/abhiroop.chaudhuri/Desktop/DEVELOPMENT/MDS/design-system/node_modules/jest-environment-jsdom-fifteen/node_modules/jsdom/lib/jsdom/living/nodes/HTMLInputElement-impl.js:495:13)
        at HTMLInputElement.setSelectionRange (/Users/abhiroop.chaudhuri/Desktop/DEVELOPMENT/MDS/design-system/node_modules/jest-environment-jsdom-fifteen/node_modules/jsdom/lib/jsdom/living/generated/HTMLInputElement.js:187:23)
        at /Users/abhiroop.chaudhuri/Desktop/DEVELOPMENT/MDS/design-system/core/components/atoms/input/Input.tsx:4208:17
        at commitHookEffectListMount (/Users/abhiroop.chaudhuri/Desktop/DEVELOPMENT/MDS/design-system/node_modules/react-dom/cjs/react-dom.development.js:19731:26)
        at commitPassiveHookEffects (/Users/abhiroop.chaudhuri/Desktop/DEVELOPMENT/MDS/design-system/node_modules/react-dom/cjs/react-dom.development.js:19769:11)
        at HTMLUnknownElement.callCallback (/Users/abhiroop.chaudhuri/Desktop/DEVELOPMENT/MDS/design-system/node_modules/react-dom/cjs/react-dom.development.js:188:14)
        at innerInvokeEventListeners (/Users/abhiroop.chaudhuri/Desktop/DEVELOPMENT/MDS/design-system/node_modules/jest-environment-jsdom-fifteen/node_modules/jsdom/lib/jsdom/living/events/EventTarget-impl.js:316:27)
        at invokeEventListeners (/Users/abhiroop.chaudhuri/Desktop/DEVELOPMENT/MDS/design-system/node_modules/jest-environment-jsdom-fifteen/node_modules/jsdom/lib/jsdom/living/events/EventTarget-impl.js:267:3)
        at HTMLUnknownElementImpl._dispatch (/Users/abhiroop.chaudhuri/Desktop/DEVELOPMENT/MDS/design-system/node_modules/jest-environment-jsdom-fifteen/node_modules/jsdom/lib/jsdom/living/events/EventTarget-impl.js:214:9)
        at HTMLUnknownElementImpl.dispatchEvent (/Users/abhiroop.chaudhuri/Desktop/DEVELOPMENT/MDS/design-system/node_modules/jest-environment-jsdom-fifteen/node_modules/jsdom/lib/jsdom/living/events/EventTarget-impl.js:87:17)

  console.error core/components/atoms/input/Input.tsx:4212
    Error setting selection range: DOMException [InvalidStateError]: The object is in an invalid state.
        at HTMLInputElementImpl.setSelectionRange (/Users/abhiroop.chaudhuri/Desktop/DEVELOPMENT/MDS/design-system/node_modules/jest-environment-jsdom-fifteen/node_modules/jsdom/lib/jsdom/living/nodes/HTMLInputElement-impl.js:495:13)
        at HTMLInputElement.setSelectionRange (/Users/abhiroop.chaudhuri/Desktop/DEVELOPMENT/MDS/design-system/node_modules/jest-environment-jsdom-fifteen/node_modules/jsdom/lib/jsdom/living/generated/HTMLInputElement.js:187:23)
        at /Users/abhiroop.chaudhuri/Desktop/DEVELOPMENT/MDS/design-system/core/components/atoms/input/Input.tsx:4208:17
        at commitHookEffectListMount (/Users/abhiroop.chaudhuri/Desktop/DEVELOPMENT/MDS/design-system/node_modules/react-dom/cjs/react-dom.development.js:19731:26)
        at commitPassiveHookEffects (/Users/abhiroop.chaudhuri/Desktop/DEVELOPMENT/MDS/design-system/node_modules/react-dom/cjs/react-dom.development.js:19769:11)
        at HTMLUnknownElement.callCallback (/Users/abhiroop.chaudhuri/Desktop/DEVELOPMENT/MDS/design-system/node_modules/react-dom/cjs/react-dom.development.js:188:14)
        at innerInvokeEventListeners (/Users/abhiroop.chaudhuri/Desktop/DEVELOPMENT/MDS/design-system/node_modules/jest-environment-jsdom-fifteen/node_modules/jsdom/lib/jsdom/living/events/EventTarget-impl.js:316:27)
        at invokeEventListeners (/Users/abhiroop.chaudhuri/Desktop/DEVELOPMENT/MDS/design-system/node_modules/jest-environment-jsdom-fifteen/node_modules/jsdom/lib/jsdom/living/events/EventTarget-impl.js:267:3)
        at HTMLUnknownElementImpl._dispatch (/Users/abhiroop.chaudhuri/Desktop/DEVELOPMENT/MDS/design-system/node_modules/jest-environment-jsdom-fifteen/node_modules/jsdom/lib/jsdom/living/events/EventTarget-impl.js:214:9)
        at HTMLUnknownElementImpl.dispatchEvent (/Users/abhiroop.chaudhuri/Desktop/DEVELOPMENT/MDS/design-system/node_modules/jest-environment-jsdom-fifteen/node_modules/jsdom/lib/jsdom/living/events/EventTarget-impl.js:87:17)

  console.error core/components/atoms/input/Input.tsx:4212
    Error setting selection range: DOMException [InvalidStateError]: The object is in an invalid state.
        at HTMLInputElementImpl.setSelectionRange (/Users/abhiroop.chaudhuri/Desktop/DEVELOPMENT/MDS/design-system/node_modules/jest-environment-jsdom-fifteen/node_modules/jsdom/lib/jsdom/living/nodes/HTMLInputElement-impl.js:495:13)
        at HTMLInputElement.setSelectionRange (/Users/abhiroop.chaudhuri/Desktop/DEVELOPMENT/MDS/design-system/node_modules/jest-environment-jsdom-fifteen/node_modules/jsdom/lib/jsdom/living/generated/HTMLInputElement.js:187:23)
        at /Users/abhiroop.chaudhuri/Desktop/DEVELOPMENT/MDS/design-system/core/components/atoms/input/Input.tsx:4208:17
        at commitHookEffectListMount (/Users/abhiroop.chaudhuri/Desktop/DEVELOPMENT/MDS/design-system/node_modules/react-dom/cjs/react-dom.development.js:19731:26)
        at commitPassiveHookEffects (/Users/abhiroop.chaudhuri/Desktop/DEVELOPMENT/MDS/design-system/node_modules/react-dom/cjs/react-dom.development.js:19769:11)
        at HTMLUnknownElement.callCallback (/Users/abhiroop.chaudhuri/Desktop/DEVELOPMENT/MDS/design-system/node_modules/react-dom/cjs/react-dom.development.js:188:14)
        at innerInvokeEventListeners (/Users/abhiroop.chaudhuri/Desktop/DEVELOPMENT/MDS/design-system/node_modules/jest-environment-jsdom-fifteen/node_modules/jsdom/lib/jsdom/living/events/EventTarget-impl.js:316:27)
        at invokeEventListeners (/Users/abhiroop.chaudhuri/Desktop/DEVELOPMENT/MDS/design-system/node_modules/jest-environment-jsdom-fifteen/node_modules/jsdom/lib/jsdom/living/events/EventTarget-impl.js:267:3)
        at HTMLUnknownElementImpl._dispatch (/Users/abhiroop.chaudhuri/Desktop/DEVELOPMENT/MDS/design-system/node_modules/jest-environment-jsdom-fifteen/node_modules/jsdom/lib/jsdom/living/events/EventTarget-impl.js:214:9)
        at HTMLUnknownElementImpl.dispatchEvent (/Users/abhiroop.chaudhuri/Desktop/DEVELOPMENT/MDS/design-system/node_modules/jest-environment-jsdom-fifteen/node_modules/jsdom/lib/jsdom/living/events/EventTarget-impl.js:87:17)

  console.error core/components/atoms/input/Input.tsx:4212
    Error setting selection range: DOMException [InvalidStateError]: The object is in an invalid state.
        at HTMLInputElementImpl.setSelectionRange (/Users/abhiroop.chaudhuri/Desktop/DEVELOPMENT/MDS/design-system/node_modules/jest-environment-jsdom-fifteen/node_modules/jsdom/lib/jsdom/living/nodes/HTMLInputElement-impl.js:495:13)
        at HTMLInputElement.setSelectionRange (/Users/abhiroop.chaudhuri/Desktop/DEVELOPMENT/MDS/design-system/node_modules/jest-environment-jsdom-fifteen/node_modules/jsdom/lib/jsdom/living/generated/HTMLInputElement.js:187:23)
        at /Users/abhiroop.chaudhuri/Desktop/DEVELOPMENT/MDS/design-system/core/components/atoms/input/Input.tsx:4208:17
        at commitHookEffectListMount (/Users/abhiroop.chaudhuri/Desktop/DEVELOPMENT/MDS/design-system/node_modules/react-dom/cjs/react-dom.development.js:19731:26)
        at commitPassiveHookEffects (/Users/abhiroop.chaudhuri/Desktop/DEVELOPMENT/MDS/design-system/node_modules/react-dom/cjs/react-dom.development.js:19769:11)
        at HTMLUnknownElement.callCallback (/Users/abhiroop.chaudhuri/Desktop/DEVELOPMENT/MDS/design-system/node_modules/react-dom/cjs/react-dom.development.js:188:14)
        at innerInvokeEventListeners (/Users/abhiroop.chaudhuri/Desktop/DEVELOPMENT/MDS/design-system/node_modules/jest-environment-jsdom-fifteen/node_modules/jsdom/lib/jsdom/living/events/EventTarget-impl.js:316:27)
        at invokeEventListeners (/Users/abhiroop.chaudhuri/Desktop/DEVELOPMENT/MDS/design-system/node_modules/jest-environment-jsdom-fifteen/node_modules/jsdom/lib/jsdom/living/events/EventTarget-impl.js:267:3)
        at HTMLUnknownElementImpl._dispatch (/Users/abhiroop.chaudhuri/Desktop/DEVELOPMENT/MDS/design-system/node_modules/jest-environment-jsdom-fifteen/node_modules/jsdom/lib/jsdom/living/events/EventTarget-impl.js:214:9)
        at HTMLUnknownElementImpl.dispatchEvent (/Users/abhiroop.chaudhuri/Desktop/DEVELOPMENT/MDS/design-system/node_modules/jest-environment-jsdom-fifteen/node_modules/jsdom/lib/jsdom/living/events/EventTarget-impl.js:87:17)

  console.error core/components/atoms/input/Input.tsx:4212
    Error setting selection range: DOMException [InvalidStateError]: The object is in an invalid state.
        at HTMLInputElementImpl.setSelectionRange (/Users/abhiroop.chaudhuri/Desktop/DEVELOPMENT/MDS/design-system/node_modules/jest-environment-jsdom-fifteen/node_modules/jsdom/lib/jsdom/living/nodes/HTMLInputElement-impl.js:495:13)
        at HTMLInputElement.setSelectionRange (/Users/abhiroop.chaudhuri/Desktop/DEVELOPMENT/MDS/design-system/node_modules/jest-environment-jsdom-fifteen/node_modules/jsdom/lib/jsdom/living/generated/HTMLInputElement.js:187:23)
        at /Users/abhiroop.chaudhuri/Desktop/DEVELOPMENT/MDS/design-system/core/components/atoms/input/Input.tsx:4208:17
        at commitHookEffectListMount (/Users/abhiroop.chaudhuri/Desktop/DEVELOPMENT/MDS/design-system/node_modules/react-dom/cjs/react-dom.development.js:19731:26)
        at commitPassiveHookEffects (/Users/abhiroop.chaudhuri/Desktop/DEVELOPMENT/MDS/design-system/node_modules/react-dom/cjs/react-dom.development.js:19769:11)
        at HTMLUnknownElement.callCallback (/Users/abhiroop.chaudhuri/Desktop/DEVELOPMENT/MDS/design-system/node_modules/react-dom/cjs/react-dom.development.js:188:14)
        at innerInvokeEventListeners (/Users/abhiroop.chaudhuri/Desktop/DEVELOPMENT/MDS/design-system/node_modules/jest-environment-jsdom-fifteen/node_modules/jsdom/lib/jsdom/living/events/EventTarget-impl.js:316:27)
        at invokeEventListeners (/Users/abhiroop.chaudhuri/Desktop/DEVELOPMENT/MDS/design-system/node_modules/jest-environment-jsdom-fifteen/node_modules/jsdom/lib/jsdom/living/events/EventTarget-impl.js:267:3)
        at HTMLUnknownElementImpl._dispatch (/Users/abhiroop.chaudhuri/Desktop/DEVELOPMENT/MDS/design-system/node_modules/jest-environment-jsdom-fifteen/node_modules/jsdom/lib/jsdom/living/events/EventTarget-impl.js:214:9)
        at HTMLUnknownElementImpl.dispatchEvent (/Users/abhiroop.chaudhuri/Desktop/DEVELOPMENT/MDS/design-system/node_modules/jest-environment-jsdom-fifteen/node_modules/jsdom/lib/jsdom/living/events/EventTarget-impl.js:87:17)

  console.error node_modules/react-dom/cjs/react-dom.development.js:88
    Warning: An update to SegmentedControl inside a test was not wrapped in act(...).
    
    When testing, code that causes React state updates should be wrapped into act(...):
    
    act(() => {
      /* fire events that update state */
    });
    /* assert on the output */
    
    This ensures that you're testing the behavior the user would see in the browser. Learn more at https://fb.me/react-wrap-tests-with-act
        in SegmentedControl

  console.error node_modules/react-dom/cjs/react-dom.development.js:88
    Warning: An update to SegmentedControl inside a test was not wrapped in act(...).
    
    When testing, code that causes React state updates should be wrapped into act(...):
    
    act(() => {
      /* fire events that update state */
    });
    /* assert on the output */
    
    This ensures that you're testing the behavior the user would see in the browser. Learn more at https://fb.me/react-wrap-tests-with-act
        in SegmentedControl

  console.error node_modules/react-dom/cjs/react-dom.development.js:88
    Warning: An update to SegmentedControl inside a test was not wrapped in act(...).
    
    When testing, code that causes React state updates should be wrapped into act(...):
    
    act(() => {
      /* fire events that update state */
    });
    /* assert on the output */
    
    This ensures that you're testing the behavior the user would see in the browser. Learn more at https://fb.me/react-wrap-tests-with-act
        in SegmentedControl

  console.error node_modules/react-dom/cjs/react-dom.development.js:88
    Warning: An update to SegmentedControl inside a test was not wrapped in act(...).
    
    When testing, code that causes React state updates should be wrapped into act(...):
    
    act(() => {
      /* fire events that update state */
    });
    /* assert on the output */
    
    This ensures that you're testing the behavior the user would see in the browser. Learn more at https://fb.me/react-wrap-tests-with-act
        in SegmentedControl

  console.error node_modules/react-dom/cjs/react-dom.development.js:88
    Warning: An update to SegmentedControl inside a test was not wrapped in act(...).
    
    When testing, code that causes React state updates should be wrapped into act(...):
    
    act(() => {
      /* fire events that update state */
    });
    /* assert on the output */
    
    This ensures that you're testing the behavior the user would see in the browser. Learn more at https://fb.me/react-wrap-tests-with-act
        in SegmentedControl

  console.error node_modules/react-dom/cjs/react-dom.development.js:88
    Warning: An update to SegmentedControl inside a test was not wrapped in act(...).
    
    When testing, code that causes React state updates should be wrapped into act(...):
    
    act(() => {
      /* fire events that update state */
    });
    /* assert on the output */
    
    This ensures that you're testing the behavior the user would see in the browser. Learn more at https://fb.me/react-wrap-tests-with-act
        in SegmentedControl

  console.error node_modules/react-dom/cjs/react-dom.development.js:88
    Warning: An update to SegmentedControl inside a test was not wrapped in act(...).
    
    When testing, code that causes React state updates should be wrapped into act(...):
    
    act(() => {
      /* fire events that update state */
    });
    /* assert on the output */
    
    This ensures that you're testing the behavior the user would see in the browser. Learn more at https://fb.me/react-wrap-tests-with-act
        in SegmentedControl

  console.error node_modules/react-dom/cjs/react-dom.development.js:88
    Warning: An update to SegmentedControl inside a test was not wrapped in act(...).
    
    When testing, code that causes React state updates should be wrapped into act(...):
    
    act(() => {
      /* fire events that update state */
    });
    /* assert on the output */
    
    This ensures that you're testing the behavior the user would see in the browser. Learn more at https://fb.me/react-wrap-tests-with-act
        in SegmentedControl

  console.error core/components/atoms/input/Input.tsx:4212
    Error setting selection range: DOMException [InvalidStateError]: The object is in an invalid state.
        at HTMLInputElementImpl.setSelectionRange (/Users/abhiroop.chaudhuri/Desktop/DEVELOPMENT/MDS/design-system/node_modules/jest-environment-jsdom-fifteen/node_modules/jsdom/lib/jsdom/living/nodes/HTMLInputElement-impl.js:495:13)
        at HTMLInputElement.setSelectionRange (/Users/abhiroop.chaudhuri/Desktop/DEVELOPMENT/MDS/design-system/node_modules/jest-environment-jsdom-fifteen/node_modules/jsdom/lib/jsdom/living/generated/HTMLInputElement.js:187:23)
        at /Users/abhiroop.chaudhuri/Desktop/DEVELOPMENT/MDS/design-system/core/components/atoms/input/Input.tsx:4208:17
        at commitHookEffectListMount (/Users/abhiroop.chaudhuri/Desktop/DEVELOPMENT/MDS/design-system/node_modules/react-dom/cjs/react-dom.development.js:19731:26)
        at commitPassiveHookEffects (/Users/abhiroop.chaudhuri/Desktop/DEVELOPMENT/MDS/design-system/node_modules/react-dom/cjs/react-dom.development.js:19769:11)
        at HTMLUnknownElement.callCallback (/Users/abhiroop.chaudhuri/Desktop/DEVELOPMENT/MDS/design-system/node_modules/react-dom/cjs/react-dom.development.js:188:14)
        at innerInvokeEventListeners (/Users/abhiroop.chaudhuri/Desktop/DEVELOPMENT/MDS/design-system/node_modules/jest-environment-jsdom-fifteen/node_modules/jsdom/lib/jsdom/living/events/EventTarget-impl.js:316:27)
        at invokeEventListeners (/Users/abhiroop.chaudhuri/Desktop/DEVELOPMENT/MDS/design-system/node_modules/jest-environment-jsdom-fifteen/node_modules/jsdom/lib/jsdom/living/events/EventTarget-impl.js:267:3)
        at HTMLUnknownElementImpl._dispatch (/Users/abhiroop.chaudhuri/Desktop/DEVELOPMENT/MDS/design-system/node_modules/jest-environment-jsdom-fifteen/node_modules/jsdom/lib/jsdom/living/events/EventTarget-impl.js:214:9)
        at HTMLUnknownElementImpl.dispatchEvent (/Users/abhiroop.chaudhuri/Desktop/DEVELOPMENT/MDS/design-system/node_modules/jest-environment-jsdom-fifteen/node_modules/jsdom/lib/jsdom/living/events/EventTarget-impl.js:87:17)

  console.error core/components/atoms/input/Input.tsx:4212
    Error setting selection range: DOMException [InvalidStateError]: The object is in an invalid state.
        at HTMLInputElementImpl.setSelectionRange (/Users/abhiroop.chaudhuri/Desktop/DEVELOPMENT/MDS/design-system/node_modules/jest-environment-jsdom-fifteen/node_modules/jsdom/lib/jsdom/living/nodes/HTMLInputElement-impl.js:495:13)
        at HTMLInputElement.setSelectionRange (/Users/abhiroop.chaudhuri/Desktop/DEVELOPMENT/MDS/design-system/node_modules/jest-environment-jsdom-fifteen/node_modules/jsdom/lib/jsdom/living/generated/HTMLInputElement.js:187:23)
        at /Users/abhiroop.chaudhuri/Desktop/DEVELOPMENT/MDS/design-system/core/components/atoms/input/Input.tsx:4208:17
        at commitHookEffectListMount (/Users/abhiroop.chaudhuri/Desktop/DEVELOPMENT/MDS/design-system/node_modules/react-dom/cjs/react-dom.development.js:19731:26)
        at commitPassiveHookEffects (/Users/abhiroop.chaudhuri/Desktop/DEVELOPMENT/MDS/design-system/node_modules/react-dom/cjs/react-dom.development.js:19769:11)
        at HTMLUnknownElement.callCallback (/Users/abhiroop.chaudhuri/Desktop/DEVELOPMENT/MDS/design-system/node_modules/react-dom/cjs/react-dom.development.js:188:14)
        at innerInvokeEventListeners (/Users/abhiroop.chaudhuri/Desktop/DEVELOPMENT/MDS/design-system/node_modules/jest-environment-jsdom-fifteen/node_modules/jsdom/lib/jsdom/living/events/EventTarget-impl.js:316:27)
        at invokeEventListeners (/Users/abhiroop.chaudhuri/Desktop/DEVELOPMENT/MDS/design-system/node_modules/jest-environment-jsdom-fifteen/node_modules/jsdom/lib/jsdom/living/events/EventTarget-impl.js:267:3)
        at HTMLUnknownElementImpl._dispatch (/Users/abhiroop.chaudhuri/Desktop/DEVELOPMENT/MDS/design-system/node_modules/jest-environment-jsdom-fifteen/node_modules/jsdom/lib/jsdom/living/events/EventTarget-impl.js:214:9)
        at HTMLUnknownElementImpl.dispatchEvent (/Users/abhiroop.chaudhuri/Desktop/DEVELOPMENT/MDS/design-system/node_modules/jest-environment-jsdom-fifteen/node_modules/jsdom/lib/jsdom/living/events/EventTarget-impl.js:87:17)

  console.error core/components/atoms/input/Input.tsx:4212
    Error setting selection range: DOMException [InvalidStateError]: The object is in an invalid state.
        at HTMLInputElementImpl.setSelectionRange (/Users/abhiroop.chaudhuri/Desktop/DEVELOPMENT/MDS/design-system/node_modules/jest-environment-jsdom-fifteen/node_modules/jsdom/lib/jsdom/living/nodes/HTMLInputElement-impl.js:495:13)
        at HTMLInputElement.setSelectionRange (/Users/abhiroop.chaudhuri/Desktop/DEVELOPMENT/MDS/design-system/node_modules/jest-environment-jsdom-fifteen/node_modules/jsdom/lib/jsdom/living/generated/HTMLInputElement.js:187:23)
        at /Users/abhiroop.chaudhuri/Desktop/DEVELOPMENT/MDS/design-system/core/components/atoms/input/Input.tsx:4208:17
        at commitHookEffectListMount (/Users/abhiroop.chaudhuri/Desktop/DEVELOPMENT/MDS/design-system/node_modules/react-dom/cjs/react-dom.development.js:19731:26)
        at commitPassiveHookEffects (/Users/abhiroop.chaudhuri/Desktop/DEVELOPMENT/MDS/design-system/node_modules/react-dom/cjs/react-dom.development.js:19769:11)
        at HTMLUnknownElement.callCallback (/Users/abhiroop.chaudhuri/Desktop/DEVELOPMENT/MDS/design-system/node_modules/react-dom/cjs/react-dom.development.js:188:14)
        at innerInvokeEventListeners (/Users/abhiroop.chaudhuri/Desktop/DEVELOPMENT/MDS/design-system/node_modules/jest-environment-jsdom-fifteen/node_modules/jsdom/lib/jsdom/living/events/EventTarget-impl.js:316:27)
        at invokeEventListeners (/Users/abhiroop.chaudhuri/Desktop/DEVELOPMENT/MDS/design-system/node_modules/jest-environment-jsdom-fifteen/node_modules/jsdom/lib/jsdom/living/events/EventTarget-impl.js:267:3)
        at HTMLUnknownElementImpl._dispatch (/Users/abhiroop.chaudhuri/Desktop/DEVELOPMENT/MDS/design-system/node_modules/jest-environment-jsdom-fifteen/node_modules/jsdom/lib/jsdom/living/events/EventTarget-impl.js:214:9)
        at HTMLUnknownElementImpl.dispatchEvent (/Users/abhiroop.chaudhuri/Desktop/DEVELOPMENT/MDS/design-system/node_modules/jest-environment-jsdom-fifteen/node_modules/jsdom/lib/jsdom/living/events/EventTarget-impl.js:87:17)

  console.error core/components/atoms/input/Input.tsx:4212
    Error setting selection range: DOMException [InvalidStateError]: The object is in an invalid state.
        at HTMLInputElementImpl.setSelectionRange (/Users/abhiroop.chaudhuri/Desktop/DEVELOPMENT/MDS/design-system/node_modules/jest-environment-jsdom-fifteen/node_modules/jsdom/lib/jsdom/living/nodes/HTMLInputElement-impl.js:495:13)
        at HTMLInputElement.setSelectionRange (/Users/abhiroop.chaudhuri/Desktop/DEVELOPMENT/MDS/design-system/node_modules/jest-environment-jsdom-fifteen/node_modules/jsdom/lib/jsdom/living/generated/HTMLInputElement.js:187:23)
        at /Users/abhiroop.chaudhuri/Desktop/DEVELOPMENT/MDS/design-system/core/components/atoms/input/Input.tsx:4208:17
        at commitHookEffectListMount (/Users/abhiroop.chaudhuri/Desktop/DEVELOPMENT/MDS/design-system/node_modules/react-dom/cjs/react-dom.development.js:19731:26)
        at commitPassiveHookEffects (/Users/abhiroop.chaudhuri/Desktop/DEVELOPMENT/MDS/design-system/node_modules/react-dom/cjs/react-dom.development.js:19769:11)
        at HTMLUnknownElement.callCallback (/Users/abhiroop.chaudhuri/Desktop/DEVELOPMENT/MDS/design-system/node_modules/react-dom/cjs/react-dom.development.js:188:14)
        at innerInvokeEventListeners (/Users/abhiroop.chaudhuri/Desktop/DEVELOPMENT/MDS/design-system/node_modules/jest-environment-jsdom-fifteen/node_modules/jsdom/lib/jsdom/living/events/EventTarget-impl.js:316:27)
        at invokeEventListeners (/Users/abhiroop.chaudhuri/Desktop/DEVELOPMENT/MDS/design-system/node_modules/jest-environment-jsdom-fifteen/node_modules/jsdom/lib/jsdom/living/events/EventTarget-impl.js:267:3)
        at HTMLUnknownElementImpl._dispatch (/Users/abhiroop.chaudhuri/Desktop/DEVELOPMENT/MDS/design-system/node_modules/jest-environment-jsdom-fifteen/node_modules/jsdom/lib/jsdom/living/events/EventTarget-impl.js:214:9)
        at HTMLUnknownElementImpl.dispatchEvent (/Users/abhiroop.chaudhuri/Desktop/DEVELOPMENT/MDS/design-system/node_modules/jest-environment-jsdom-fifteen/node_modules/jsdom/lib/jsdom/living/events/EventTarget-impl.js:87:17)

  console.error node_modules/react-dom/cjs/react-dom.development.js:88
    Warning: An update to SegmentedControl inside a test was not wrapped in act(...).
    
    When testing, code that causes React state updates should be wrapped into act(...):
    
    act(() => {
      /* fire events that update state */
    });
    /* assert on the output */
    
    This ensures that you're testing the behavior the user would see in the browser. Learn more at https://fb.me/react-wrap-tests-with-act
        in SegmentedControl

  console.error node_modules/react-dom/cjs/react-dom.development.js:88
    Warning: An update to SegmentedControl inside a test was not wrapped in act(...).
    
    When testing, code that causes React state updates should be wrapped into act(...):
    
    act(() => {
      /* fire events that update state */
    });
    /* assert on the output */
    
    This ensures that you're testing the behavior the user would see in the browser. Learn more at https://fb.me/react-wrap-tests-with-act
        in SegmentedControl

  console.error node_modules/react-dom/cjs/react-dom.development.js:88
    Warning: An update to SegmentedControl inside a test was not wrapped in act(...).
    
    When testing, code that causes React state updates should be wrapped into act(...):
    
    act(() => {
      /* fire events that update state */
    });
    /* assert on the output */
    
    This ensures that you're testing the behavior the user would see in the browser. Learn more at https://fb.me/react-wrap-tests-with-act
        in SegmentedControl

  console.error node_modules/react-dom/cjs/react-dom.development.js:88
    Warning: An update to SegmentedControl inside a test was not wrapped in act(...).
    
    When testing, code that causes React state updates should be wrapped into act(...):
    
    act(() => {
      /* fire events that update state */
    });
    /* assert on the output */
    
    This ensures that you're testing the behavior the user would see in the browser. Learn more at https://fb.me/react-wrap-tests-with-act
        in SegmentedControl

  console.error core/components/atoms/input/Input.tsx:4212
    Error setting selection range: DOMException [InvalidStateError]: The object is in an invalid state.
        at HTMLInputElementImpl.setSelectionRange (/Users/abhiroop.chaudhuri/Desktop/DEVELOPMENT/MDS/design-system/node_modules/jest-environment-jsdom-fifteen/node_modules/jsdom/lib/jsdom/living/nodes/HTMLInputElement-impl.js:495:13)
        at HTMLInputElement.setSelectionRange (/Users/abhiroop.chaudhuri/Desktop/DEVELOPMENT/MDS/design-system/node_modules/jest-environment-jsdom-fifteen/node_modules/jsdom/lib/jsdom/living/generated/HTMLInputElement.js:187:23)
        at /Users/abhiroop.chaudhuri/Desktop/DEVELOPMENT/MDS/design-system/core/components/atoms/input/Input.tsx:4208:17
        at commitHookEffectListMount (/Users/abhiroop.chaudhuri/Desktop/DEVELOPMENT/MDS/design-system/node_modules/react-dom/cjs/react-dom.development.js:19731:26)
        at commitPassiveHookEffects (/Users/abhiroop.chaudhuri/Desktop/DEVELOPMENT/MDS/design-system/node_modules/react-dom/cjs/react-dom.development.js:19769:11)
        at HTMLUnknownElement.callCallback (/Users/abhiroop.chaudhuri/Desktop/DEVELOPMENT/MDS/design-system/node_modules/react-dom/cjs/react-dom.development.js:188:14)
        at innerInvokeEventListeners (/Users/abhiroop.chaudhuri/Desktop/DEVELOPMENT/MDS/design-system/node_modules/jest-environment-jsdom-fifteen/node_modules/jsdom/lib/jsdom/living/events/EventTarget-impl.js:316:27)
        at invokeEventListeners (/Users/abhiroop.chaudhuri/Desktop/DEVELOPMENT/MDS/design-system/node_modules/jest-environment-jsdom-fifteen/node_modules/jsdom/lib/jsdom/living/events/EventTarget-impl.js:267:3)
        at HTMLUnknownElementImpl._dispatch (/Users/abhiroop.chaudhuri/Desktop/DEVELOPMENT/MDS/design-system/node_modules/jest-environment-jsdom-fifteen/node_modules/jsdom/lib/jsdom/living/events/EventTarget-impl.js:214:9)
        at HTMLUnknownElementImpl.dispatchEvent (/Users/abhiroop.chaudhuri/Desktop/DEVELOPMENT/MDS/design-system/node_modules/jest-environment-jsdom-fifteen/node_modules/jsdom/lib/jsdom/living/events/EventTarget-impl.js:87:17)

  console.error node_modules/react-dom/cjs/react-dom.development.js:88
    Warning: An update to SegmentedControl inside a test was not wrapped in act(...).
    
    When testing, code that causes React state updates should be wrapped into act(...):
    
    act(() => {
      /* fire events that update state */
    });
    /* assert on the output */
    
    This ensures that you're testing the behavior the user would see in the browser. Learn more at https://fb.me/react-wrap-tests-with-act
        in SegmentedControl

  console.error node_modules/react-dom/cjs/react-dom.development.js:88
    Warning: An update to SegmentedControl inside a test was not wrapped in act(...).
    
    When testing, code that causes React state updates should be wrapped into act(...):
    
    act(() => {
      /* fire events that update state */
    });
    /* assert on the output */
    
    This ensures that you're testing the behavior the user would see in the browser. Learn more at https://fb.me/react-wrap-tests-with-act
        in SegmentedControl

  console.error node_modules/react-dom/cjs/react-dom.development.js:88
    Warning: An update to SegmentedControl inside a test was not wrapped in act(...).
    
    When testing, code that causes React state updates should be wrapped into act(...):
    
    act(() => {
      /* fire events that update state */
    });
    /* assert on the output */
    
    This ensures that you're testing the behavior the user would see in the browser. Learn more at https://fb.me/react-wrap-tests-with-act
        in SegmentedControl

  console.error node_modules/react-dom/cjs/react-dom.development.js:88
    Warning: An update to SegmentedControl inside a test was not wrapped in act(...).
    
    When testing, code that causes React state updates should be wrapped into act(...):
    
    act(() => {
      /* fire events that update state */
    });
    /* assert on the output */
    
    This ensures that you're testing the behavior the user would see in the browser. Learn more at https://fb.me/react-wrap-tests-with-act
        in SegmentedControl

  console.error core/components/atoms/input/Input.tsx:4212
    Error setting selection range: DOMException [InvalidStateError]: The object is in an invalid state.
        at HTMLInputElementImpl.setSelectionRange (/Users/abhiroop.chaudhuri/Desktop/DEVELOPMENT/MDS/design-system/node_modules/jest-environment-jsdom-fifteen/node_modules/jsdom/lib/jsdom/living/nodes/HTMLInputElement-impl.js:495:13)
        at HTMLInputElement.setSelectionRange (/Users/abhiroop.chaudhuri/Desktop/DEVELOPMENT/MDS/design-system/node_modules/jest-environment-jsdom-fifteen/node_modules/jsdom/lib/jsdom/living/generated/HTMLInputElement.js:187:23)
        at /Users/abhiroop.chaudhuri/Desktop/DEVELOPMENT/MDS/design-system/core/components/atoms/input/Input.tsx:4208:17
        at commitHookEffectListMount (/Users/abhiroop.chaudhuri/Desktop/DEVELOPMENT/MDS/design-system/node_modules/react-dom/cjs/react-dom.development.js:19731:26)
        at commitPassiveHookEffects (/Users/abhiroop.chaudhuri/Desktop/DEVELOPMENT/MDS/design-system/node_modules/react-dom/cjs/react-dom.development.js:19769:11)
        at HTMLUnknownElement.callCallback (/Users/abhiroop.chaudhuri/Desktop/DEVELOPMENT/MDS/design-system/node_modules/react-dom/cjs/react-dom.development.js:188:14)
        at innerInvokeEventListeners (/Users/abhiroop.chaudhuri/Desktop/DEVELOPMENT/MDS/design-system/node_modules/jest-environment-jsdom-fifteen/node_modules/jsdom/lib/jsdom/living/events/EventTarget-impl.js:316:27)
        at invokeEventListeners (/Users/abhiroop.chaudhuri/Desktop/DEVELOPMENT/MDS/design-system/node_modules/jest-environment-jsdom-fifteen/node_modules/jsdom/lib/jsdom/living/events/EventTarget-impl.js:267:3)
        at HTMLUnknownElementImpl._dispatch (/Users/abhiroop.chaudhuri/Desktop/DEVELOPMENT/MDS/design-system/node_modules/jest-environment-jsdom-fifteen/node_modules/jsdom/lib/jsdom/living/events/EventTarget-impl.js:214:9)
        at HTMLUnknownElementImpl.dispatchEvent (/Users/abhiroop.chaudhuri/Desktop/DEVELOPMENT/MDS/design-system/node_modules/jest-environment-jsdom-fifteen/node_modules/jsdom/lib/jsdom/living/events/EventTarget-impl.js:87:17)

  console.error core/components/atoms/input/Input.tsx:4212
    Error setting selection range: DOMException [InvalidStateError]: The object is in an invalid state.
        at HTMLInputElementImpl.setSelectionRange (/Users/abhiroop.chaudhuri/Desktop/DEVELOPMENT/MDS/design-system/node_modules/jest-environment-jsdom-fifteen/node_modules/jsdom/lib/jsdom/living/nodes/HTMLInputElement-impl.js:495:13)
        at HTMLInputElement.setSelectionRange (/Users/abhiroop.chaudhuri/Desktop/DEVELOPMENT/MDS/design-system/node_modules/jest-environment-jsdom-fifteen/node_modules/jsdom/lib/jsdom/living/generated/HTMLInputElement.js:187:23)
        at /Users/abhiroop.chaudhuri/Desktop/DEVELOPMENT/MDS/design-system/core/components/atoms/input/Input.tsx:4208:17
        at commitHookEffectListMount (/Users/abhiroop.chaudhuri/Desktop/DEVELOPMENT/MDS/design-system/node_modules/react-dom/cjs/react-dom.development.js:19731:26)
        at commitPassiveHookEffects (/Users/abhiroop.chaudhuri/Desktop/DEVELOPMENT/MDS/design-system/node_modules/react-dom/cjs/react-dom.development.js:19769:11)
        at HTMLUnknownElement.callCallback (/Users/abhiroop.chaudhuri/Desktop/DEVELOPMENT/MDS/design-system/node_modules/react-dom/cjs/react-dom.development.js:188:14)
        at innerInvokeEventListeners (/Users/abhiroop.chaudhuri/Desktop/DEVELOPMENT/MDS/design-system/node_modules/jest-environment-jsdom-fifteen/node_modules/jsdom/lib/jsdom/living/events/EventTarget-impl.js:316:27)
        at invokeEventListeners (/Users/abhiroop.chaudhuri/Desktop/DEVELOPMENT/MDS/design-system/node_modules/jest-environment-jsdom-fifteen/node_modules/jsdom/lib/jsdom/living/events/EventTarget-impl.js:267:3)
        at HTMLUnknownElementImpl._dispatch (/Users/abhiroop.chaudhuri/Desktop/DEVELOPMENT/MDS/design-system/node_modules/jest-environment-jsdom-fifteen/node_modules/jsdom/lib/jsdom/living/events/EventTarget-impl.js:214:9)
        at HTMLUnknownElementImpl.dispatchEvent (/Users/abhiroop.chaudhuri/Desktop/DEVELOPMENT/MDS/design-system/node_modules/jest-environment-jsdom-fifteen/node_modules/jsdom/lib/jsdom/living/events/EventTarget-impl.js:87:17)

  console.error node_modules/react-dom/cjs/react-dom.development.js:88
    Warning: An update to SegmentedControl inside a test was not wrapped in act(...).
    
    When testing, code that causes React state updates should be wrapped into act(...):
    
    act(() => {
      /* fire events that update state */
    });
    /* assert on the output */
    
    This ensures that you're testing the behavior the user would see in the browser. Learn more at https://fb.me/react-wrap-tests-with-act
        in SegmentedControl

  console.error node_modules/react-dom/cjs/react-dom.development.js:88
    Warning: An update to SegmentedControl inside a test was not wrapped in act(...).
    
    When testing, code that causes React state updates should be wrapped into act(...):
    
    act(() => {
      /* fire events that update state */
    });
    /* assert on the output */
    
    This ensures that you're testing the behavior the user would see in the browser. Learn more at https://fb.me/react-wrap-tests-with-act
        in SegmentedControl

  console.error node_modules/react-dom/cjs/react-dom.development.js:88
    Warning: An update to SegmentedControl inside a test was not wrapped in act(...).
    
    When testing, code that causes React state updates should be wrapped into act(...):
    
    act(() => {
      /* fire events that update state */
    });
    /* assert on the output */
    
    This ensures that you're testing the behavior the user would see in the browser. Learn more at https://fb.me/react-wrap-tests-with-act
        in SegmentedControl

  console.error node_modules/react-dom/cjs/react-dom.development.js:88
    Warning: An update to SegmentedControl inside a test was not wrapped in act(...).
    
    When testing, code that causes React state updates should be wrapped into act(...):
    
    act(() => {
      /* fire events that update state */
    });
    /* assert on the output */
    
    This ensures that you're testing the behavior the user would see in the browser. Learn more at https://fb.me/react-wrap-tests-with-act
        in SegmentedControl

  console.error core/components/atoms/input/Input.tsx:4212
    Error setting selection range: DOMException [InvalidStateError]: The object is in an invalid state.
        at HTMLInputElementImpl.setSelectionRange (/Users/abhiroop.chaudhuri/Desktop/DEVELOPMENT/MDS/design-system/node_modules/jest-environment-jsdom-fifteen/node_modules/jsdom/lib/jsdom/living/nodes/HTMLInputElement-impl.js:495:13)
        at HTMLInputElement.setSelectionRange (/Users/abhiroop.chaudhuri/Desktop/DEVELOPMENT/MDS/design-system/node_modules/jest-environment-jsdom-fifteen/node_modules/jsdom/lib/jsdom/living/generated/HTMLInputElement.js:187:23)
        at /Users/abhiroop.chaudhuri/Desktop/DEVELOPMENT/MDS/design-system/core/components/atoms/input/Input.tsx:4208:17
        at commitHookEffectListMount (/Users/abhiroop.chaudhuri/Desktop/DEVELOPMENT/MDS/design-system/node_modules/react-dom/cjs/react-dom.development.js:19731:26)
        at commitPassiveHookEffects (/Users/abhiroop.chaudhuri/Desktop/DEVELOPMENT/MDS/design-system/node_modules/react-dom/cjs/react-dom.development.js:19769:11)
        at HTMLUnknownElement.callCallback (/Users/abhiroop.chaudhuri/Desktop/DEVELOPMENT/MDS/design-system/node_modules/react-dom/cjs/react-dom.development.js:188:14)
        at innerInvokeEventListeners (/Users/abhiroop.chaudhuri/Desktop/DEVELOPMENT/MDS/design-system/node_modules/jest-environment-jsdom-fifteen/node_modules/jsdom/lib/jsdom/living/events/EventTarget-impl.js:316:27)
        at invokeEventListeners (/Users/abhiroop.chaudhuri/Desktop/DEVELOPMENT/MDS/design-system/node_modules/jest-environment-jsdom-fifteen/node_modules/jsdom/lib/jsdom/living/events/EventTarget-impl.js:267:3)
        at HTMLUnknownElementImpl._dispatch (/Users/abhiroop.chaudhuri/Desktop/DEVELOPMENT/MDS/design-system/node_modules/jest-environment-jsdom-fifteen/node_modules/jsdom/lib/jsdom/living/events/EventTarget-impl.js:214:9)
        at HTMLUnknownElementImpl.dispatchEvent (/Users/abhiroop.chaudhuri/Desktop/DEVELOPMENT/MDS/design-system/node_modules/jest-environment-jsdom-fifteen/node_modules/jsdom/lib/jsdom/living/events/EventTarget-impl.js:87:17)

  console.error node_modules/react-dom/cjs/react-dom.development.js:88
    Warning: An update to SegmentedControl inside a test was not wrapped in act(...).
    
    When testing, code that causes React state updates should be wrapped into act(...):
    
    act(() => {
      /* fire events that update state */
    });
    /* assert on the output */
    
    This ensures that you're testing the behavior the user would see in the browser. Learn more at https://fb.me/react-wrap-tests-with-act
        in SegmentedControl

  console.error node_modules/react-dom/cjs/react-dom.development.js:88
    Warning: An update to SegmentedControl inside a test was not wrapped in act(...).
    
    When testing, code that causes React state updates should be wrapped into act(...):
    
    act(() => {
      /* fire events that update state */
    });
    /* assert on the output */
    
    This ensures that you're testing the behavior the user would see in the browser. Learn more at https://fb.me/react-wrap-tests-with-act
        in SegmentedControl

  console.error node_modules/react-dom/cjs/react-dom.development.js:88
    Warning: An update to SegmentedControl inside a test was not wrapped in act(...).
    
    When testing, code that causes React state updates should be wrapped into act(...):
    
    act(() => {
      /* fire events that update state */
    });
    /* assert on the output */
    
    This ensures that you're testing the behavior the user would see in the browser. Learn more at https://fb.me/react-wrap-tests-with-act
        in SegmentedControl

  console.error node_modules/react-dom/cjs/react-dom.development.js:88
    Warning: An update to SegmentedControl inside a test was not wrapped in act(...).
    
    When testing, code that causes React state updates should be wrapped into act(...):
    
    act(() => {
      /* fire events that update state */
    });
    /* assert on the output */
    
    This ensures that you're testing the behavior the user would see in the browser. Learn more at https://fb.me/react-wrap-tests-with-act
        in SegmentedControl

  console.error node_modules/react-dom/cjs/react-dom.development.js:88
    Warning: An update to SegmentedControl inside a test was not wrapped in act(...).
    
    When testing, code that causes React state updates should be wrapped into act(...):
    
    act(() => {
      /* fire events that update state */
    });
    /* assert on the output */
    
    This ensures that you're testing the behavior the user would see in the browser. Learn more at https://fb.me/react-wrap-tests-with-act
        in SegmentedControl

  console.error node_modules/react-dom/cjs/react-dom.development.js:88
    Warning: An update to SegmentedControl inside a test was not wrapped in act(...).
    
    When testing, code that causes React state updates should be wrapped into act(...):
    
    act(() => {
      /* fire events that update state */
    });
    /* assert on the output */
    
    This ensures that you're testing the behavior the user would see in the browser. Learn more at https://fb.me/react-wrap-tests-with-act
        in SegmentedControl

  console.error core/components/atoms/input/Input.tsx:4212
    Error setting selection range: DOMException [InvalidStateError]: The object is in an invalid state.
        at HTMLInputElementImpl.setSelectionRange (/Users/abhiroop.chaudhuri/Desktop/DEVELOPMENT/MDS/design-system/node_modules/jest-environment-jsdom-fifteen/node_modules/jsdom/lib/jsdom/living/nodes/HTMLInputElement-impl.js:495:13)
        at HTMLInputElement.setSelectionRange (/Users/abhiroop.chaudhuri/Desktop/DEVELOPMENT/MDS/design-system/node_modules/jest-environment-jsdom-fifteen/node_modules/jsdom/lib/jsdom/living/generated/HTMLInputElement.js:187:23)
        at /Users/abhiroop.chaudhuri/Desktop/DEVELOPMENT/MDS/design-system/core/components/atoms/input/Input.tsx:4208:17
        at commitHookEffectListMount (/Users/abhiroop.chaudhuri/Desktop/DEVELOPMENT/MDS/design-system/node_modules/react-dom/cjs/react-dom.development.js:19731:26)
        at commitPassiveHookEffects (/Users/abhiroop.chaudhuri/Desktop/DEVELOPMENT/MDS/design-system/node_modules/react-dom/cjs/react-dom.development.js:19769:11)
        at HTMLUnknownElement.callCallback (/Users/abhiroop.chaudhuri/Desktop/DEVELOPMENT/MDS/design-system/node_modules/react-dom/cjs/react-dom.development.js:188:14)
        at innerInvokeEventListeners (/Users/abhiroop.chaudhuri/Desktop/DEVELOPMENT/MDS/design-system/node_modules/jest-environment-jsdom-fifteen/node_modules/jsdom/lib/jsdom/living/events/EventTarget-impl.js:316:27)
        at invokeEventListeners (/Users/abhiroop.chaudhuri/Desktop/DEVELOPMENT/MDS/design-system/node_modules/jest-environment-jsdom-fifteen/node_modules/jsdom/lib/jsdom/living/events/EventTarget-impl.js:267:3)
        at HTMLUnknownElementImpl._dispatch (/Users/abhiroop.chaudhuri/Desktop/DEVELOPMENT/MDS/design-system/node_modules/jest-environment-jsdom-fifteen/node_modules/jsdom/lib/jsdom/living/events/EventTarget-impl.js:214:9)
        at HTMLUnknownElementImpl.dispatchEvent (/Users/abhiroop.chaudhuri/Desktop/DEVELOPMENT/MDS/design-system/node_modules/jest-environment-jsdom-fifteen/node_modules/jsdom/lib/jsdom/living/events/EventTarget-impl.js:87:17)

  console.error core/components/atoms/input/Input.tsx:4212
    Error setting selection range: DOMException [InvalidStateError]: The object is in an invalid state.
        at HTMLInputElementImpl.setSelectionRange (/Users/abhiroop.chaudhuri/Desktop/DEVELOPMENT/MDS/design-system/node_modules/jest-environment-jsdom-fifteen/node_modules/jsdom/lib/jsdom/living/nodes/HTMLInputElement-impl.js:495:13)
        at HTMLInputElement.setSelectionRange (/Users/abhiroop.chaudhuri/Desktop/DEVELOPMENT/MDS/design-system/node_modules/jest-environment-jsdom-fifteen/node_modules/jsdom/lib/jsdom/living/generated/HTMLInputElement.js:187:23)
        at /Users/abhiroop.chaudhuri/Desktop/DEVELOPMENT/MDS/design-system/core/components/atoms/input/Input.tsx:4208:17
        at commitHookEffectListMount (/Users/abhiroop.chaudhuri/Desktop/DEVELOPMENT/MDS/design-system/node_modules/react-dom/cjs/react-dom.development.js:19731:26)
        at commitPassiveHookEffects (/Users/abhiroop.chaudhuri/Desktop/DEVELOPMENT/MDS/design-system/node_modules/react-dom/cjs/react-dom.development.js:19769:11)
        at HTMLUnknownElement.callCallback (/Users/abhiroop.chaudhuri/Desktop/DEVELOPMENT/MDS/design-system/node_modules/react-dom/cjs/react-dom.development.js:188:14)
        at innerInvokeEventListeners (/Users/abhiroop.chaudhuri/Desktop/DEVELOPMENT/MDS/design-system/node_modules/jest-environment-jsdom-fifteen/node_modules/jsdom/lib/jsdom/living/events/EventTarget-impl.js:316:27)
        at invokeEventListeners (/Users/abhiroop.chaudhuri/Desktop/DEVELOPMENT/MDS/design-system/node_modules/jest-environment-jsdom-fifteen/node_modules/jsdom/lib/jsdom/living/events/EventTarget-impl.js:267:3)
        at HTMLUnknownElementImpl._dispatch (/Users/abhiroop.chaudhuri/Desktop/DEVELOPMENT/MDS/design-system/node_modules/jest-environment-jsdom-fifteen/node_modules/jsdom/lib/jsdom/living/events/EventTarget-impl.js:214:9)
        at HTMLUnknownElementImpl.dispatchEvent (/Users/abhiroop.chaudhuri/Desktop/DEVELOPMENT/MDS/design-system/node_modules/jest-environment-jsdom-fifteen/node_modules/jsdom/lib/jsdom/living/events/EventTarget-impl.js:87:17)

  console.error core/components/atoms/input/Input.tsx:4212
    Error setting selection range: DOMException [InvalidStateError]: The object is in an invalid state.
        at HTMLInputElementImpl.setSelectionRange (/Users/abhiroop.chaudhuri/Desktop/DEVELOPMENT/MDS/design-system/node_modules/jest-environment-jsdom-fifteen/node_modules/jsdom/lib/jsdom/living/nodes/HTMLInputElement-impl.js:495:13)
        at HTMLInputElement.setSelectionRange (/Users/abhiroop.chaudhuri/Desktop/DEVELOPMENT/MDS/design-system/node_modules/jest-environment-jsdom-fifteen/node_modules/jsdom/lib/jsdom/living/generated/HTMLInputElement.js:187:23)
        at /Users/abhiroop.chaudhuri/Desktop/DEVELOPMENT/MDS/design-system/core/components/atoms/input/Input.tsx:4208:17
        at commitHookEffectListMount (/Users/abhiroop.chaudhuri/Desktop/DEVELOPMENT/MDS/design-system/node_modules/react-dom/cjs/react-dom.development.js:19731:26)
        at commitPassiveHookEffects (/Users/abhiroop.chaudhuri/Desktop/DEVELOPMENT/MDS/design-system/node_modules/react-dom/cjs/react-dom.development.js:19769:11)
        at HTMLUnknownElement.callCallback (/Users/abhiroop.chaudhuri/Desktop/DEVELOPMENT/MDS/design-system/node_modules/react-dom/cjs/react-dom.development.js:188:14)
        at innerInvokeEventListeners (/Users/abhiroop.chaudhuri/Desktop/DEVELOPMENT/MDS/design-system/node_modules/jest-environment-jsdom-fifteen/node_modules/jsdom/lib/jsdom/living/events/EventTarget-impl.js:316:27)
        at invokeEventListeners (/Users/abhiroop.chaudhuri/Desktop/DEVELOPMENT/MDS/design-system/node_modules/jest-environment-jsdom-fifteen/node_modules/jsdom/lib/jsdom/living/events/EventTarget-impl.js:267:3)
        at HTMLUnknownElementImpl._dispatch (/Users/abhiroop.chaudhuri/Desktop/DEVELOPMENT/MDS/design-system/node_modules/jest-environment-jsdom-fifteen/node_modules/jsdom/lib/jsdom/living/events/EventTarget-impl.js:214:9)
        at HTMLUnknownElementImpl.dispatchEvent (/Users/abhiroop.chaudhuri/Desktop/DEVELOPMENT/MDS/design-system/node_modules/jest-environment-jsdom-fifteen/node_modules/jsdom/lib/jsdom/living/events/EventTarget-impl.js:87:17)

  console.error core/components/atoms/input/Input.tsx:4212
    Error setting selection range: DOMException [InvalidStateError]: The object is in an invalid state.
        at HTMLInputElementImpl.setSelectionRange (/Users/abhiroop.chaudhuri/Desktop/DEVELOPMENT/MDS/design-system/node_modules/jest-environment-jsdom-fifteen/node_modules/jsdom/lib/jsdom/living/nodes/HTMLInputElement-impl.js:495:13)
        at HTMLInputElement.setSelectionRange (/Users/abhiroop.chaudhuri/Desktop/DEVELOPMENT/MDS/design-system/node_modules/jest-environment-jsdom-fifteen/node_modules/jsdom/lib/jsdom/living/generated/HTMLInputElement.js:187:23)
        at /Users/abhiroop.chaudhuri/Desktop/DEVELOPMENT/MDS/design-system/core/components/atoms/input/Input.tsx:4208:17
        at commitHookEffectListMount (/Users/abhiroop.chaudhuri/Desktop/DEVELOPMENT/MDS/design-system/node_modules/react-dom/cjs/react-dom.development.js:19731:26)
        at commitPassiveHookEffects (/Users/abhiroop.chaudhuri/Desktop/DEVELOPMENT/MDS/design-system/node_modules/react-dom/cjs/react-dom.development.js:19769:11)
        at HTMLUnknownElement.callCallback (/Users/abhiroop.chaudhuri/Desktop/DEVELOPMENT/MDS/design-system/node_modules/react-dom/cjs/react-dom.development.js:188:14)
        at innerInvokeEventListeners (/Users/abhiroop.chaudhuri/Desktop/DEVELOPMENT/MDS/design-system/node_modules/jest-environment-jsdom-fifteen/node_modules/jsdom/lib/jsdom/living/events/EventTarget-impl.js:316:27)
        at invokeEventListeners (/Users/abhiroop.chaudhuri/Desktop/DEVELOPMENT/MDS/design-system/node_modules/jest-environment-jsdom-fifteen/node_modules/jsdom/lib/jsdom/living/events/EventTarget-impl.js:267:3)
        at HTMLUnknownElementImpl._dispatch (/Users/abhiroop.chaudhuri/Desktop/DEVELOPMENT/MDS/design-system/node_modules/jest-environment-jsdom-fifteen/node_modules/jsdom/lib/jsdom/living/events/EventTarget-impl.js:214:9)
        at HTMLUnknownElementImpl.dispatchEvent (/Users/abhiroop.chaudhuri/Desktop/DEVELOPMENT/MDS/design-system/node_modules/jest-environment-jsdom-fifteen/node_modules/jsdom/lib/jsdom/living/events/EventTarget-impl.js:87:17)

  console.error node_modules/react-dom/cjs/react-dom.development.js:88
    Warning: An update to SegmentedControl inside a test was not wrapped in act(...).
    
    When testing, code that causes React state updates should be wrapped into act(...):
    
    act(() => {
      /* fire events that update state */
    });
    /* assert on the output */
    
    This ensures that you're testing the behavior the user would see in the browser. Learn more at https://fb.me/react-wrap-tests-with-act
        in SegmentedControl

  console.error node_modules/react-dom/cjs/react-dom.development.js:88
    Warning: An update to SegmentedControl inside a test was not wrapped in act(...).
    
    When testing, code that causes React state updates should be wrapped into act(...):
    
    act(() => {
      /* fire events that update state */
    });
    /* assert on the output */
    
    This ensures that you're testing the behavior the user would see in the browser. Learn more at https://fb.me/react-wrap-tests-with-act
        in SegmentedControl

  console.error core/components/atoms/input/Input.tsx:4212
    Error setting selection range: DOMException [InvalidStateError]: The object is in an invalid state.
        at HTMLInputElementImpl.setSelectionRange (/Users/abhiroop.chaudhuri/Desktop/DEVELOPMENT/MDS/design-system/node_modules/jest-environment-jsdom-fifteen/node_modules/jsdom/lib/jsdom/living/nodes/HTMLInputElement-impl.js:495:13)
        at HTMLInputElement.setSelectionRange (/Users/abhiroop.chaudhuri/Desktop/DEVELOPMENT/MDS/design-system/node_modules/jest-environment-jsdom-fifteen/node_modules/jsdom/lib/jsdom/living/generated/HTMLInputElement.js:187:23)
        at /Users/abhiroop.chaudhuri/Desktop/DEVELOPMENT/MDS/design-system/core/components/atoms/input/Input.tsx:4208:17
        at commitHookEffectListMount (/Users/abhiroop.chaudhuri/Desktop/DEVELOPMENT/MDS/design-system/node_modules/react-dom/cjs/react-dom.development.js:19731:26)
        at commitPassiveHookEffects (/Users/abhiroop.chaudhuri/Desktop/DEVELOPMENT/MDS/design-system/node_modules/react-dom/cjs/react-dom.development.js:19769:11)
        at HTMLUnknownElement.callCallback (/Users/abhiroop.chaudhuri/Desktop/DEVELOPMENT/MDS/design-system/node_modules/react-dom/cjs/react-dom.development.js:188:14)
        at innerInvokeEventListeners (/Users/abhiroop.chaudhuri/Desktop/DEVELOPMENT/MDS/design-system/node_modules/jest-environment-jsdom-fifteen/node_modules/jsdom/lib/jsdom/living/events/EventTarget-impl.js:316:27)
        at invokeEventListeners (/Users/abhiroop.chaudhuri/Desktop/DEVELOPMENT/MDS/design-system/node_modules/jest-environment-jsdom-fifteen/node_modules/jsdom/lib/jsdom/living/events/EventTarget-impl.js:267:3)
        at HTMLUnknownElementImpl._dispatch (/Users/abhiroop.chaudhuri/Desktop/DEVELOPMENT/MDS/design-system/node_modules/jest-environment-jsdom-fifteen/node_modules/jsdom/lib/jsdom/living/events/EventTarget-impl.js:214:9)
        at HTMLUnknownElementImpl.dispatchEvent (/Users/abhiroop.chaudhuri/Desktop/DEVELOPMENT/MDS/design-system/node_modules/jest-environment-jsdom-fifteen/node_modules/jsdom/lib/jsdom/living/events/EventTarget-impl.js:87:17)

  console.error node_modules/react-dom/cjs/react-dom.development.js:88
    Warning: An update to SegmentedControl inside a test was not wrapped in act(...).
    
    When testing, code that causes React state updates should be wrapped into act(...):
    
    act(() => {
      /* fire events that update state */
    });
    /* assert on the output */
    
    This ensures that you're testing the behavior the user would see in the browser. Learn more at https://fb.me/react-wrap-tests-with-act
        in SegmentedControl

  console.error node_modules/react-dom/cjs/react-dom.development.js:88
    Warning: An update to SegmentedControl inside a test was not wrapped in act(...).
    
    When testing, code that causes React state updates should be wrapped into act(...):
    
    act(() => {
      /* fire events that update state */
    });
    /* assert on the output */
    
    This ensures that you're testing the behavior the user would see in the browser. Learn more at https://fb.me/react-wrap-tests-with-act
        in SegmentedControl

  console.error node_modules/react-dom/cjs/react-dom.development.js:88
    Warning: An update to SegmentedControl inside a test was not wrapped in act(...).
    
    When testing, code that causes React state updates should be wrapped into act(...):
    
    act(() => {
      /* fire events that update state */
    });
    /* assert on the output */
    
    This ensures that you're testing the behavior the user would see in the browser. Learn more at https://fb.me/react-wrap-tests-with-act
        in SegmentedControl

  console.error node_modules/react-dom/cjs/react-dom.development.js:88
    Warning: An update to SegmentedControl inside a test was not wrapped in act(...).
    
    When testing, code that causes React state updates should be wrapped into act(...):
    
    act(() => {
      /* fire events that update state */
    });
    /* assert on the output */
    
    This ensures that you're testing the behavior the user would see in the browser. Learn more at https://fb.me/react-wrap-tests-with-act
        in SegmentedControl

  console.error core/components/atoms/input/Input.tsx:4212
    Error setting selection range: DOMException [InvalidStateError]: The object is in an invalid state.
        at HTMLInputElementImpl.setSelectionRange (/Users/abhiroop.chaudhuri/Desktop/DEVELOPMENT/MDS/design-system/node_modules/jest-environment-jsdom-fifteen/node_modules/jsdom/lib/jsdom/living/nodes/HTMLInputElement-impl.js:495:13)
        at HTMLInputElement.setSelectionRange (/Users/abhiroop.chaudhuri/Desktop/DEVELOPMENT/MDS/design-system/node_modules/jest-environment-jsdom-fifteen/node_modules/jsdom/lib/jsdom/living/generated/HTMLInputElement.js:187:23)
        at /Users/abhiroop.chaudhuri/Desktop/DEVELOPMENT/MDS/design-system/core/components/atoms/input/Input.tsx:4208:17
        at commitHookEffectListMount (/Users/abhiroop.chaudhuri/Desktop/DEVELOPMENT/MDS/design-system/node_modules/react-dom/cjs/react-dom.development.js:19731:26)
        at commitPassiveHookEffects (/Users/abhiroop.chaudhuri/Desktop/DEVELOPMENT/MDS/design-system/node_modules/react-dom/cjs/react-dom.development.js:19769:11)
        at HTMLUnknownElement.callCallback (/Users/abhiroop.chaudhuri/Desktop/DEVELOPMENT/MDS/design-system/node_modules/react-dom/cjs/react-dom.development.js:188:14)
        at innerInvokeEventListeners (/Users/abhiroop.chaudhuri/Desktop/DEVELOPMENT/MDS/design-system/node_modules/jest-environment-jsdom-fifteen/node_modules/jsdom/lib/jsdom/living/events/EventTarget-impl.js:316:27)
        at invokeEventListeners (/Users/abhiroop.chaudhuri/Desktop/DEVELOPMENT/MDS/design-system/node_modules/jest-environment-jsdom-fifteen/node_modules/jsdom/lib/jsdom/living/events/EventTarget-impl.js:267:3)
        at HTMLUnknownElementImpl._dispatch (/Users/abhiroop.chaudhuri/Desktop/DEVELOPMENT/MDS/design-system/node_modules/jest-environment-jsdom-fifteen/node_modules/jsdom/lib/jsdom/living/events/EventTarget-impl.js:214:9)
        at HTMLUnknownElementImpl.dispatchEvent (/Users/abhiroop.chaudhuri/Desktop/DEVELOPMENT/MDS/design-system/node_modules/jest-environment-jsdom-fifteen/node_modules/jsdom/lib/jsdom/living/events/EventTarget-impl.js:87:17)

  console.error core/components/atoms/input/Input.tsx:4212
    Error setting selection range: DOMException [InvalidStateError]: The object is in an invalid state.
        at HTMLInputElementImpl.setSelectionRange (/Users/abhiroop.chaudhuri/Desktop/DEVELOPMENT/MDS/design-system/node_modules/jest-environment-jsdom-fifteen/node_modules/jsdom/lib/jsdom/living/nodes/HTMLInputElement-impl.js:495:13)
        at HTMLInputElement.setSelectionRange (/Users/abhiroop.chaudhuri/Desktop/DEVELOPMENT/MDS/design-system/node_modules/jest-environment-jsdom-fifteen/node_modules/jsdom/lib/jsdom/living/generated/HTMLInputElement.js:187:23)
        at /Users/abhiroop.chaudhuri/Desktop/DEVELOPMENT/MDS/design-system/core/components/atoms/input/Input.tsx:4208:17
        at commitHookEffectListMount (/Users/abhiroop.chaudhuri/Desktop/DEVELOPMENT/MDS/design-system/node_modules/react-dom/cjs/react-dom.development.js:19731:26)
        at commitPassiveHookEffects (/Users/abhiroop.chaudhuri/Desktop/DEVELOPMENT/MDS/design-system/node_modules/react-dom/cjs/react-dom.development.js:19769:11)
        at HTMLUnknownElement.callCallback (/Users/abhiroop.chaudhuri/Desktop/DEVELOPMENT/MDS/design-system/node_modules/react-dom/cjs/react-dom.development.js:188:14)
        at innerInvokeEventListeners (/Users/abhiroop.chaudhuri/Desktop/DEVELOPMENT/MDS/design-system/node_modules/jest-environment-jsdom-fifteen/node_modules/jsdom/lib/jsdom/living/events/EventTarget-impl.js:316:27)
        at invokeEventListeners (/Users/abhiroop.chaudhuri/Desktop/DEVELOPMENT/MDS/design-system/node_modules/jest-environment-jsdom-fifteen/node_modules/jsdom/lib/jsdom/living/events/EventTarget-impl.js:267:3)
        at HTMLUnknownElementImpl._dispatch (/Users/abhiroop.chaudhuri/Desktop/DEVELOPMENT/MDS/design-system/node_modules/jest-environment-jsdom-fifteen/node_modules/jsdom/lib/jsdom/living/events/EventTarget-impl.js:214:9)
        at HTMLUnknownElementImpl.dispatchEvent (/Users/abhiroop.chaudhuri/Desktop/DEVELOPMENT/MDS/design-system/node_modules/jest-environment-jsdom-fifteen/node_modules/jsdom/lib/jsdom/living/events/EventTarget-impl.js:87:17)

  console.error core/components/atoms/input/Input.tsx:4212
    Error setting selection range: DOMException [InvalidStateError]: The object is in an invalid state.
        at HTMLInputElementImpl.setSelectionRange (/Users/abhiroop.chaudhuri/Desktop/DEVELOPMENT/MDS/design-system/node_modules/jest-environment-jsdom-fifteen/node_modules/jsdom/lib/jsdom/living/nodes/HTMLInputElement-impl.js:495:13)
        at HTMLInputElement.setSelectionRange (/Users/abhiroop.chaudhuri/Desktop/DEVELOPMENT/MDS/design-system/node_modules/jest-environment-jsdom-fifteen/node_modules/jsdom/lib/jsdom/living/generated/HTMLInputElement.js:187:23)
        at /Users/abhiroop.chaudhuri/Desktop/DEVELOPMENT/MDS/design-system/core/components/atoms/input/Input.tsx:4208:17
        at commitHookEffectListMount (/Users/abhiroop.chaudhuri/Desktop/DEVELOPMENT/MDS/design-system/node_modules/react-dom/cjs/react-dom.development.js:19731:26)
        at commitPassiveHookEffects (/Users/abhiroop.chaudhuri/Desktop/DEVELOPMENT/MDS/design-system/node_modules/react-dom/cjs/react-dom.development.js:19769:11)
        at HTMLUnknownElement.callCallback (/Users/abhiroop.chaudhuri/Desktop/DEVELOPMENT/MDS/design-system/node_modules/react-dom/cjs/react-dom.development.js:188:14)
        at innerInvokeEventListeners (/Users/abhiroop.chaudhuri/Desktop/DEVELOPMENT/MDS/design-system/node_modules/jest-environment-jsdom-fifteen/node_modules/jsdom/lib/jsdom/living/events/EventTarget-impl.js:316:27)
        at invokeEventListeners (/Users/abhiroop.chaudhuri/Desktop/DEVELOPMENT/MDS/design-system/node_modules/jest-environment-jsdom-fifteen/node_modules/jsdom/lib/jsdom/living/events/EventTarget-impl.js:267:3)
        at HTMLUnknownElementImpl._dispatch (/Users/abhiroop.chaudhuri/Desktop/DEVELOPMENT/MDS/design-system/node_modules/jest-environment-jsdom-fifteen/node_modules/jsdom/lib/jsdom/living/events/EventTarget-impl.js:214:9)
        at HTMLUnknownElementImpl.dispatchEvent (/Users/abhiroop.chaudhuri/Desktop/DEVELOPMENT/MDS/design-system/node_modules/jest-environment-jsdom-fifteen/node_modules/jsdom/lib/jsdom/living/events/EventTarget-impl.js:87:17)

  console.error node_modules/react-dom/cjs/react-dom.development.js:88
    Warning: An update to SegmentedControl inside a test was not wrapped in act(...).
    
    When testing, code that causes React state updates should be wrapped into act(...):
    
    act(() => {
      /* fire events that update state */
    });
    /* assert on the output */
    
    This ensures that you're testing the behavior the user would see in the browser. Learn more at https://fb.me/react-wrap-tests-with-act
        in SegmentedControl

  console.error node_modules/react-dom/cjs/react-dom.development.js:88
    Warning: An update to SegmentedControl inside a test was not wrapped in act(...).
    
    When testing, code that causes React state updates should be wrapped into act(...):
    
    act(() => {
      /* fire events that update state */
    });
    /* assert on the output */
    
    This ensures that you're testing the behavior the user would see in the browser. Learn more at https://fb.me/react-wrap-tests-with-act
        in SegmentedControl

  console.error core/components/atoms/input/Input.tsx:4212
    Error setting selection range: DOMException [InvalidStateError]: The object is in an invalid state.
        at HTMLInputElementImpl.setSelectionRange (/Users/abhiroop.chaudhuri/Desktop/DEVELOPMENT/MDS/design-system/node_modules/jest-environment-jsdom-fifteen/node_modules/jsdom/lib/jsdom/living/nodes/HTMLInputElement-impl.js:495:13)
        at HTMLInputElement.setSelectionRange (/Users/abhiroop.chaudhuri/Desktop/DEVELOPMENT/MDS/design-system/node_modules/jest-environment-jsdom-fifteen/node_modules/jsdom/lib/jsdom/living/generated/HTMLInputElement.js:187:23)
        at /Users/abhiroop.chaudhuri/Desktop/DEVELOPMENT/MDS/design-system/core/components/atoms/input/Input.tsx:4208:17
        at commitHookEffectListMount (/Users/abhiroop.chaudhuri/Desktop/DEVELOPMENT/MDS/design-system/node_modules/react-dom/cjs/react-dom.development.js:19731:26)
        at commitPassiveHookEffects (/Users/abhiroop.chaudhuri/Desktop/DEVELOPMENT/MDS/design-system/node_modules/react-dom/cjs/react-dom.development.js:19769:11)
        at HTMLUnknownElement.callCallback (/Users/abhiroop.chaudhuri/Desktop/DEVELOPMENT/MDS/design-system/node_modules/react-dom/cjs/react-dom.development.js:188:14)
        at innerInvokeEventListeners (/Users/abhiroop.chaudhuri/Desktop/DEVELOPMENT/MDS/design-system/node_modules/jest-environment-jsdom-fifteen/node_modules/jsdom/lib/jsdom/living/events/EventTarget-impl.js:316:27)
        at invokeEventListeners (/Users/abhiroop.chaudhuri/Desktop/DEVELOPMENT/MDS/design-system/node_modules/jest-environment-jsdom-fifteen/node_modules/jsdom/lib/jsdom/living/events/EventTarget-impl.js:267:3)
        at HTMLUnknownElementImpl._dispatch (/Users/abhiroop.chaudhuri/Desktop/DEVELOPMENT/MDS/design-system/node_modules/jest-environment-jsdom-fifteen/node_modules/jsdom/lib/jsdom/living/events/EventTarget-impl.js:214:9)
        at HTMLUnknownElementImpl.dispatchEvent (/Users/abhiroop.chaudhuri/Desktop/DEVELOPMENT/MDS/design-system/node_modules/jest-environment-jsdom-fifteen/node_modules/jsdom/lib/jsdom/living/events/EventTarget-impl.js:87:17)

  console.error core/components/atoms/input/Input.tsx:4212
    Error setting selection range: DOMException [InvalidStateError]: The object is in an invalid state.
        at HTMLInputElementImpl.setSelectionRange (/Users/abhiroop.chaudhuri/Desktop/DEVELOPMENT/MDS/design-system/node_modules/jest-environment-jsdom-fifteen/node_modules/jsdom/lib/jsdom/living/nodes/HTMLInputElement-impl.js:495:13)
        at HTMLInputElement.setSelectionRange (/Users/abhiroop.chaudhuri/Desktop/DEVELOPMENT/MDS/design-system/node_modules/jest-environment-jsdom-fifteen/node_modules/jsdom/lib/jsdom/living/generated/HTMLInputElement.js:187:23)
        at /Users/abhiroop.chaudhuri/Desktop/DEVELOPMENT/MDS/design-system/core/components/atoms/input/Input.tsx:4208:17
        at commitHookEffectListMount (/Users/abhiroop.chaudhuri/Desktop/DEVELOPMENT/MDS/design-system/node_modules/react-dom/cjs/react-dom.development.js:19731:26)
        at commitPassiveHookEffects (/Users/abhiroop.chaudhuri/Desktop/DEVELOPMENT/MDS/design-system/node_modules/react-dom/cjs/react-dom.development.js:19769:11)
        at HTMLUnknownElement.callCallback (/Users/abhiroop.chaudhuri/Desktop/DEVELOPMENT/MDS/design-system/node_modules/react-dom/cjs/react-dom.development.js:188:14)
        at innerInvokeEventListeners (/Users/abhiroop.chaudhuri/Desktop/DEVELOPMENT/MDS/design-system/node_modules/jest-environment-jsdom-fifteen/node_modules/jsdom/lib/jsdom/living/events/EventTarget-impl.js:316:27)
        at invokeEventListeners (/Users/abhiroop.chaudhuri/Desktop/DEVELOPMENT/MDS/design-system/node_modules/jest-environment-jsdom-fifteen/node_modules/jsdom/lib/jsdom/living/events/EventTarget-impl.js:267:3)
        at HTMLUnknownElementImpl._dispatch (/Users/abhiroop.chaudhuri/Desktop/DEVELOPMENT/MDS/design-system/node_modules/jest-environment-jsdom-fifteen/node_modules/jsdom/lib/jsdom/living/events/EventTarget-impl.js:214:9)
        at HTMLUnknownElementImpl.dispatchEvent (/Users/abhiroop.chaudhuri/Desktop/DEVELOPMENT/MDS/design-system/node_modules/jest-environment-jsdom-fifteen/node_modules/jsdom/lib/jsdom/living/events/EventTarget-impl.js:87:17)

  console.error core/components/atoms/input/Input.tsx:4212
    Error setting selection range: DOMException [InvalidStateError]: The object is in an invalid state.
        at HTMLInputElementImpl.setSelectionRange (/Users/abhiroop.chaudhuri/Desktop/DEVELOPMENT/MDS/design-system/node_modules/jest-environment-jsdom-fifteen/node_modules/jsdom/lib/jsdom/living/nodes/HTMLInputElement-impl.js:495:13)
        at HTMLInputElement.setSelectionRange (/Users/abhiroop.chaudhuri/Desktop/DEVELOPMENT/MDS/design-system/node_modules/jest-environment-jsdom-fifteen/node_modules/jsdom/lib/jsdom/living/generated/HTMLInputElement.js:187:23)
        at /Users/abhiroop.chaudhuri/Desktop/DEVELOPMENT/MDS/design-system/core/components/atoms/input/Input.tsx:4208:17
        at commitHookEffectListMount (/Users/abhiroop.chaudhuri/Desktop/DEVELOPMENT/MDS/design-system/node_modules/react-dom/cjs/react-dom.development.js:19731:26)
        at commitPassiveHookEffects (/Users/abhiroop.chaudhuri/Desktop/DEVELOPMENT/MDS/design-system/node_modules/react-dom/cjs/react-dom.development.js:19769:11)
        at HTMLUnknownElement.callCallback (/Users/abhiroop.chaudhuri/Desktop/DEVELOPMENT/MDS/design-system/node_modules/react-dom/cjs/react-dom.development.js:188:14)
        at innerInvokeEventListeners (/Users/abhiroop.chaudhuri/Desktop/DEVELOPMENT/MDS/design-system/node_modules/jest-environment-jsdom-fifteen/node_modules/jsdom/lib/jsdom/living/events/EventTarget-impl.js:316:27)
        at invokeEventListeners (/Users/abhiroop.chaudhuri/Desktop/DEVELOPMENT/MDS/design-system/node_modules/jest-environment-jsdom-fifteen/node_modules/jsdom/lib/jsdom/living/events/EventTarget-impl.js:267:3)
        at HTMLUnknownElementImpl._dispatch (/Users/abhiroop.chaudhuri/Desktop/DEVELOPMENT/MDS/design-system/node_modules/jest-environment-jsdom-fifteen/node_modules/jsdom/lib/jsdom/living/events/EventTarget-impl.js:214:9)
        at HTMLUnknownElementImpl.dispatchEvent (/Users/abhiroop.chaudhuri/Desktop/DEVELOPMENT/MDS/design-system/node_modules/jest-environment-jsdom-fifteen/node_modules/jsdom/lib/jsdom/living/events/EventTarget-impl.js:87:17)

  console.error core/components/atoms/input/Input.tsx:4212
    Error setting selection range: DOMException [InvalidStateError]: The object is in an invalid state.
        at HTMLInputElementImpl.setSelectionRange (/Users/abhiroop.chaudhuri/Desktop/DEVELOPMENT/MDS/design-system/node_modules/jest-environment-jsdom-fifteen/node_modules/jsdom/lib/jsdom/living/nodes/HTMLInputElement-impl.js:495:13)
        at HTMLInputElement.setSelectionRange (/Users/abhiroop.chaudhuri/Desktop/DEVELOPMENT/MDS/design-system/node_modules/jest-environment-jsdom-fifteen/node_modules/jsdom/lib/jsdom/living/generated/HTMLInputElement.js:187:23)
        at /Users/abhiroop.chaudhuri/Desktop/DEVELOPMENT/MDS/design-system/core/components/atoms/input/Input.tsx:4208:17
        at commitHookEffectListMount (/Users/abhiroop.chaudhuri/Desktop/DEVELOPMENT/MDS/design-system/node_modules/react-dom/cjs/react-dom.development.js:19731:26)
        at commitPassiveHookEffects (/Users/abhiroop.chaudhuri/Desktop/DEVELOPMENT/MDS/design-system/node_modules/react-dom/cjs/react-dom.development.js:19769:11)
        at HTMLUnknownElement.callCallback (/Users/abhiroop.chaudhuri/Desktop/DEVELOPMENT/MDS/design-system/node_modules/react-dom/cjs/react-dom.development.js:188:14)
        at innerInvokeEventListeners (/Users/abhiroop.chaudhuri/Desktop/DEVELOPMENT/MDS/design-system/node_modules/jest-environment-jsdom-fifteen/node_modules/jsdom/lib/jsdom/living/events/EventTarget-impl.js:316:27)
        at invokeEventListeners (/Users/abhiroop.chaudhuri/Desktop/DEVELOPMENT/MDS/design-system/node_modules/jest-environment-jsdom-fifteen/node_modules/jsdom/lib/jsdom/living/events/EventTarget-impl.js:267:3)
        at HTMLUnknownElementImpl._dispatch (/Users/abhiroop.chaudhuri/Desktop/DEVELOPMENT/MDS/design-system/node_modules/jest-environment-jsdom-fifteen/node_modules/jsdom/lib/jsdom/living/events/EventTarget-impl.js:214:9)
        at HTMLUnknownElementImpl.dispatchEvent (/Users/abhiroop.chaudhuri/Desktop/DEVELOPMENT/MDS/design-system/node_modules/jest-environment-jsdom-fifteen/node_modules/jsdom/lib/jsdom/living/events/EventTarget-impl.js:87:17)

  console.error node_modules/react-dom/cjs/react-dom.development.js:88
    Warning: An update to SegmentedControl inside a test was not wrapped in act(...).
    
    When testing, code that causes React state updates should be wrapped into act(...):
    
    act(() => {
      /* fire events that update state */
    });
    /* assert on the output */
    
    This ensures that you're testing the behavior the user would see in the browser. Learn more at https://fb.me/react-wrap-tests-with-act
        in SegmentedControl

  console.error node_modules/react-dom/cjs/react-dom.development.js:88
    Warning: An update to SegmentedControl inside a test was not wrapped in act(...).
    
    When testing, code that causes React state updates should be wrapped into act(...):
    
    act(() => {
      /* fire events that update state */
    });
    /* assert on the output */
    
    This ensures that you're testing the behavior the user would see in the browser. Learn more at https://fb.me/react-wrap-tests-with-act
        in SegmentedControl

  console.error core/components/atoms/input/Input.tsx:4212
    Error setting selection range: DOMException [InvalidStateError]: The object is in an invalid state.
        at HTMLInputElementImpl.setSelectionRange (/Users/abhiroop.chaudhuri/Desktop/DEVELOPMENT/MDS/design-system/node_modules/jest-environment-jsdom-fifteen/node_modules/jsdom/lib/jsdom/living/nodes/HTMLInputElement-impl.js:495:13)
        at HTMLInputElement.setSelectionRange (/Users/abhiroop.chaudhuri/Desktop/DEVELOPMENT/MDS/design-system/node_modules/jest-environment-jsdom-fifteen/node_modules/jsdom/lib/jsdom/living/generated/HTMLInputElement.js:187:23)
        at /Users/abhiroop.chaudhuri/Desktop/DEVELOPMENT/MDS/design-system/core/components/atoms/input/Input.tsx:4208:17
        at commitHookEffectListMount (/Users/abhiroop.chaudhuri/Desktop/DEVELOPMENT/MDS/design-system/node_modules/react-dom/cjs/react-dom.development.js:19731:26)
        at commitPassiveHookEffects (/Users/abhiroop.chaudhuri/Desktop/DEVELOPMENT/MDS/design-system/node_modules/react-dom/cjs/react-dom.development.js:19769:11)
        at HTMLUnknownElement.callCallback (/Users/abhiroop.chaudhuri/Desktop/DEVELOPMENT/MDS/design-system/node_modules/react-dom/cjs/react-dom.development.js:188:14)
        at innerInvokeEventListeners (/Users/abhiroop.chaudhuri/Desktop/DEVELOPMENT/MDS/design-system/node_modules/jest-environment-jsdom-fifteen/node_modules/jsdom/lib/jsdom/living/events/EventTarget-impl.js:316:27)
        at invokeEventListeners (/Users/abhiroop.chaudhuri/Desktop/DEVELOPMENT/MDS/design-system/node_modules/jest-environment-jsdom-fifteen/node_modules/jsdom/lib/jsdom/living/events/EventTarget-impl.js:267:3)
        at HTMLUnknownElementImpl._dispatch (/Users/abhiroop.chaudhuri/Desktop/DEVELOPMENT/MDS/design-system/node_modules/jest-environment-jsdom-fifteen/node_modules/jsdom/lib/jsdom/living/events/EventTarget-impl.js:214:9)
        at HTMLUnknownElementImpl.dispatchEvent (/Users/abhiroop.chaudhuri/Desktop/DEVELOPMENT/MDS/design-system/node_modules/jest-environment-jsdom-fifteen/node_modules/jsdom/lib/jsdom/living/events/EventTarget-impl.js:87:17)

  console.error core/components/atoms/input/Input.tsx:4212
    Error setting selection range: DOMException [InvalidStateError]: The object is in an invalid state.
        at HTMLInputElementImpl.setSelectionRange (/Users/abhiroop.chaudhuri/Desktop/DEVELOPMENT/MDS/design-system/node_modules/jest-environment-jsdom-fifteen/node_modules/jsdom/lib/jsdom/living/nodes/HTMLInputElement-impl.js:495:13)
        at HTMLInputElement.setSelectionRange (/Users/abhiroop.chaudhuri/Desktop/DEVELOPMENT/MDS/design-system/node_modules/jest-environment-jsdom-fifteen/node_modules/jsdom/lib/jsdom/living/generated/HTMLInputElement.js:187:23)
        at /Users/abhiroop.chaudhuri/Desktop/DEVELOPMENT/MDS/design-system/core/components/atoms/input/Input.tsx:4208:17
        at commitHookEffectListMount (/Users/abhiroop.chaudhuri/Desktop/DEVELOPMENT/MDS/design-system/node_modules/react-dom/cjs/react-dom.development.js:19731:26)
        at commitPassiveHookEffects (/Users/abhiroop.chaudhuri/Desktop/DEVELOPMENT/MDS/design-system/node_modules/react-dom/cjs/react-dom.development.js:19769:11)
        at HTMLUnknownElement.callCallback (/Users/abhiroop.chaudhuri/Desktop/DEVELOPMENT/MDS/design-system/node_modules/react-dom/cjs/react-dom.development.js:188:14)
        at innerInvokeEventListeners (/Users/abhiroop.chaudhuri/Desktop/DEVELOPMENT/MDS/design-system/node_modules/jest-environment-jsdom-fifteen/node_modules/jsdom/lib/jsdom/living/events/EventTarget-impl.js:316:27)
        at invokeEventListeners (/Users/abhiroop.chaudhuri/Desktop/DEVELOPMENT/MDS/design-system/node_modules/jest-environment-jsdom-fifteen/node_modules/jsdom/lib/jsdom/living/events/EventTarget-impl.js:267:3)
        at HTMLUnknownElementImpl._dispatch (/Users/abhiroop.chaudhuri/Desktop/DEVELOPMENT/MDS/design-system/node_modules/jest-environment-jsdom-fifteen/node_modules/jsdom/lib/jsdom/living/events/EventTarget-impl.js:214:9)
        at HTMLUnknownElementImpl.dispatchEvent (/Users/abhiroop.chaudhuri/Desktop/DEVELOPMENT/MDS/design-system/node_modules/jest-environment-jsdom-fifteen/node_modules/jsdom/lib/jsdom/living/events/EventTarget-impl.js:87:17)

  console.error core/components/atoms/input/Input.tsx:4212
    Error setting selection range: DOMException [InvalidStateError]: The object is in an invalid state.
        at HTMLInputElementImpl.setSelectionRange (/Users/abhiroop.chaudhuri/Desktop/DEVELOPMENT/MDS/design-system/node_modules/jest-environment-jsdom-fifteen/node_modules/jsdom/lib/jsdom/living/nodes/HTMLInputElement-impl.js:495:13)
        at HTMLInputElement.setSelectionRange (/Users/abhiroop.chaudhuri/Desktop/DEVELOPMENT/MDS/design-system/node_modules/jest-environment-jsdom-fifteen/node_modules/jsdom/lib/jsdom/living/generated/HTMLInputElement.js:187:23)
        at /Users/abhiroop.chaudhuri/Desktop/DEVELOPMENT/MDS/design-system/core/components/atoms/input/Input.tsx:4208:17
        at commitHookEffectListMount (/Users/abhiroop.chaudhuri/Desktop/DEVELOPMENT/MDS/design-system/node_modules/react-dom/cjs/react-dom.development.js:19731:26)
        at commitPassiveHookEffects (/Users/abhiroop.chaudhuri/Desktop/DEVELOPMENT/MDS/design-system/node_modules/react-dom/cjs/react-dom.development.js:19769:11)
        at HTMLUnknownElement.callCallback (/Users/abhiroop.chaudhuri/Desktop/DEVELOPMENT/MDS/design-system/node_modules/react-dom/cjs/react-dom.development.js:188:14)
        at innerInvokeEventListeners (/Users/abhiroop.chaudhuri/Desktop/DEVELOPMENT/MDS/design-system/node_modules/jest-environment-jsdom-fifteen/node_modules/jsdom/lib/jsdom/living/events/EventTarget-impl.js:316:27)
        at invokeEventListeners (/Users/abhiroop.chaudhuri/Desktop/DEVELOPMENT/MDS/design-system/node_modules/jest-environment-jsdom-fifteen/node_modules/jsdom/lib/jsdom/living/events/EventTarget-impl.js:267:3)
        at HTMLUnknownElementImpl._dispatch (/Users/abhiroop.chaudhuri/Desktop/DEVELOPMENT/MDS/design-system/node_modules/jest-environment-jsdom-fifteen/node_modules/jsdom/lib/jsdom/living/events/EventTarget-impl.js:214:9)
        at HTMLUnknownElementImpl.dispatchEvent (/Users/abhiroop.chaudhuri/Desktop/DEVELOPMENT/MDS/design-system/node_modules/jest-environment-jsdom-fifteen/node_modules/jsdom/lib/jsdom/living/events/EventTarget-impl.js:87:17)

  console.error node_modules/react-dom/cjs/react-dom.development.js:88
    Warning: An update to SegmentedControl inside a test was not wrapped in act(...).
    
    When testing, code that causes React state updates should be wrapped into act(...):
    
    act(() => {
      /* fire events that update state */
    });
    /* assert on the output */
    
    This ensures that you're testing the behavior the user would see in the browser. Learn more at https://fb.me/react-wrap-tests-with-act
        in SegmentedControl

  console.error node_modules/react-dom/cjs/react-dom.development.js:88
    Warning: An update to SegmentedControl inside a test was not wrapped in act(...).
    
    When testing, code that causes React state updates should be wrapped into act(...):
    
    act(() => {
      /* fire events that update state */
    });
    /* assert on the output */
    
    This ensures that you're testing the behavior the user would see in the browser. Learn more at https://fb.me/react-wrap-tests-with-act
        in SegmentedControl

  console.error node_modules/react-dom/cjs/react-dom.development.js:88
    Warning: An update to SegmentedControl inside a test was not wrapped in act(...).
    
    When testing, code that causes React state updates should be wrapped into act(...):
    
    act(() => {
      /* fire events that update state */
    });
    /* assert on the output */
    
    This ensures that you're testing the behavior the user would see in the browser. Learn more at https://fb.me/react-wrap-tests-with-act
        in SegmentedControl

  console.error node_modules/react-dom/cjs/react-dom.development.js:88
    Warning: An update to SegmentedControl inside a test was not wrapped in act(...).
    
    When testing, code that causes React state updates should be wrapped into act(...):
    
    act(() => {
      /* fire events that update state */
    });
    /* assert on the output */
    
    This ensures that you're testing the behavior the user would see in the browser. Learn more at https://fb.me/react-wrap-tests-with-act
        in SegmentedControl

  console.error core/components/atoms/input/Input.tsx:4212
    Error setting selection range: DOMException [InvalidStateError]: The object is in an invalid state.
        at HTMLInputElementImpl.setSelectionRange (/Users/abhiroop.chaudhuri/Desktop/DEVELOPMENT/MDS/design-system/node_modules/jest-environment-jsdom-fifteen/node_modules/jsdom/lib/jsdom/living/nodes/HTMLInputElement-impl.js:495:13)
        at HTMLInputElement.setSelectionRange (/Users/abhiroop.chaudhuri/Desktop/DEVELOPMENT/MDS/design-system/node_modules/jest-environment-jsdom-fifteen/node_modules/jsdom/lib/jsdom/living/generated/HTMLInputElement.js:187:23)
        at /Users/abhiroop.chaudhuri/Desktop/DEVELOPMENT/MDS/design-system/core/components/atoms/input/Input.tsx:4208:17
        at commitHookEffectListMount (/Users/abhiroop.chaudhuri/Desktop/DEVELOPMENT/MDS/design-system/node_modules/react-dom/cjs/react-dom.development.js:19731:26)
        at commitPassiveHookEffects (/Users/abhiroop.chaudhuri/Desktop/DEVELOPMENT/MDS/design-system/node_modules/react-dom/cjs/react-dom.development.js:19769:11)
        at HTMLUnknownElement.callCallback (/Users/abhiroop.chaudhuri/Desktop/DEVELOPMENT/MDS/design-system/node_modules/react-dom/cjs/react-dom.development.js:188:14)
        at innerInvokeEventListeners (/Users/abhiroop.chaudhuri/Desktop/DEVELOPMENT/MDS/design-system/node_modules/jest-environment-jsdom-fifteen/node_modules/jsdom/lib/jsdom/living/events/EventTarget-impl.js:316:27)
        at invokeEventListeners (/Users/abhiroop.chaudhuri/Desktop/DEVELOPMENT/MDS/design-system/node_modules/jest-environment-jsdom-fifteen/node_modules/jsdom/lib/jsdom/living/events/EventTarget-impl.js:267:3)
        at HTMLUnknownElementImpl._dispatch (/Users/abhiroop.chaudhuri/Desktop/DEVELOPMENT/MDS/design-system/node_modules/jest-environment-jsdom-fifteen/node_modules/jsdom/lib/jsdom/living/events/EventTarget-impl.js:214:9)
        at HTMLUnknownElementImpl.dispatchEvent (/Users/abhiroop.chaudhuri/Desktop/DEVELOPMENT/MDS/design-system/node_modules/jest-environment-jsdom-fifteen/node_modules/jsdom/lib/jsdom/living/events/EventTarget-impl.js:87:17)

  console.error core/components/atoms/input/Input.tsx:4212
    Error setting selection range: DOMException [InvalidStateError]: The object is in an invalid state.
        at HTMLInputElementImpl.setSelectionRange (/Users/abhiroop.chaudhuri/Desktop/DEVELOPMENT/MDS/design-system/node_modules/jest-environment-jsdom-fifteen/node_modules/jsdom/lib/jsdom/living/nodes/HTMLInputElement-impl.js:495:13)
        at HTMLInputElement.setSelectionRange (/Users/abhiroop.chaudhuri/Desktop/DEVELOPMENT/MDS/design-system/node_modules/jest-environment-jsdom-fifteen/node_modules/jsdom/lib/jsdom/living/generated/HTMLInputElement.js:187:23)
        at /Users/abhiroop.chaudhuri/Desktop/DEVELOPMENT/MDS/design-system/core/components/atoms/input/Input.tsx:4208:17
        at commitHookEffectListMount (/Users/abhiroop.chaudhuri/Desktop/DEVELOPMENT/MDS/design-system/node_modules/react-dom/cjs/react-dom.development.js:19731:26)
        at commitPassiveHookEffects (/Users/abhiroop.chaudhuri/Desktop/DEVELOPMENT/MDS/design-system/node_modules/react-dom/cjs/react-dom.development.js:19769:11)
        at HTMLUnknownElement.callCallback (/Users/abhiroop.chaudhuri/Desktop/DEVELOPMENT/MDS/design-system/node_modules/react-dom/cjs/react-dom.development.js:188:14)
        at innerInvokeEventListeners (/Users/abhiroop.chaudhuri/Desktop/DEVELOPMENT/MDS/design-system/node_modules/jest-environment-jsdom-fifteen/node_modules/jsdom/lib/jsdom/living/events/EventTarget-impl.js:316:27)
        at invokeEventListeners (/Users/abhiroop.chaudhuri/Desktop/DEVELOPMENT/MDS/design-system/node_modules/jest-environment-jsdom-fifteen/node_modules/jsdom/lib/jsdom/living/events/EventTarget-impl.js:267:3)
        at HTMLUnknownElementImpl._dispatch (/Users/abhiroop.chaudhuri/Desktop/DEVELOPMENT/MDS/design-system/node_modules/jest-environment-jsdom-fifteen/node_modules/jsdom/lib/jsdom/living/events/EventTarget-impl.js:214:9)
        at HTMLUnknownElementImpl.dispatchEvent (/Users/abhiroop.chaudhuri/Desktop/DEVELOPMENT/MDS/design-system/node_modules/jest-environment-jsdom-fifteen/node_modules/jsdom/lib/jsdom/living/events/EventTarget-impl.js:87:17)

  console.error core/components/atoms/input/Input.tsx:4212
    Error setting selection range: DOMException [InvalidStateError]: The object is in an invalid state.
        at HTMLInputElementImpl.setSelectionRange (/Users/abhiroop.chaudhuri/Desktop/DEVELOPMENT/MDS/design-system/node_modules/jest-environment-jsdom-fifteen/node_modules/jsdom/lib/jsdom/living/nodes/HTMLInputElement-impl.js:495:13)
        at HTMLInputElement.setSelectionRange (/Users/abhiroop.chaudhuri/Desktop/DEVELOPMENT/MDS/design-system/node_modules/jest-environment-jsdom-fifteen/node_modules/jsdom/lib/jsdom/living/generated/HTMLInputElement.js:187:23)
        at /Users/abhiroop.chaudhuri/Desktop/DEVELOPMENT/MDS/design-system/core/components/atoms/input/Input.tsx:4208:17
        at commitHookEffectListMount (/Users/abhiroop.chaudhuri/Desktop/DEVELOPMENT/MDS/design-system/node_modules/react-dom/cjs/react-dom.development.js:19731:26)
        at commitPassiveHookEffects (/Users/abhiroop.chaudhuri/Desktop/DEVELOPMENT/MDS/design-system/node_modules/react-dom/cjs/react-dom.development.js:19769:11)
        at HTMLUnknownElement.callCallback (/Users/abhiroop.chaudhuri/Desktop/DEVELOPMENT/MDS/design-system/node_modules/react-dom/cjs/react-dom.development.js:188:14)
        at innerInvokeEventListeners (/Users/abhiroop.chaudhuri/Desktop/DEVELOPMENT/MDS/design-system/node_modules/jest-environment-jsdom-fifteen/node_modules/jsdom/lib/jsdom/living/events/EventTarget-impl.js:316:27)
        at invokeEventListeners (/Users/abhiroop.chaudhuri/Desktop/DEVELOPMENT/MDS/design-system/node_modules/jest-environment-jsdom-fifteen/node_modules/jsdom/lib/jsdom/living/events/EventTarget-impl.js:267:3)
        at HTMLUnknownElementImpl._dispatch (/Users/abhiroop.chaudhuri/Desktop/DEVELOPMENT/MDS/design-system/node_modules/jest-environment-jsdom-fifteen/node_modules/jsdom/lib/jsdom/living/events/EventTarget-impl.js:214:9)
        at HTMLUnknownElementImpl.dispatchEvent (/Users/abhiroop.chaudhuri/Desktop/DEVELOPMENT/MDS/design-system/node_modules/jest-environment-jsdom-fifteen/node_modules/jsdom/lib/jsdom/living/events/EventTarget-impl.js:87:17)

  console.error node_modules/react-dom/cjs/react-dom.development.js:88
    Warning: An update to SegmentedControl inside a test was not wrapped in act(...).
    
    When testing, code that causes React state updates should be wrapped into act(...):
    
    act(() => {
      /* fire events that update state */
    });
    /* assert on the output */
    
    This ensures that you're testing the behavior the user would see in the browser. Learn more at https://fb.me/react-wrap-tests-with-act
        in SegmentedControl

  console.error node_modules/react-dom/cjs/react-dom.development.js:88
    Warning: An update to SegmentedControl inside a test was not wrapped in act(...).
    
    When testing, code that causes React state updates should be wrapped into act(...):
    
    act(() => {
      /* fire events that update state */
    });
    /* assert on the output */
    
    This ensures that you're testing the behavior the user would see in the browser. Learn more at https://fb.me/react-wrap-tests-with-act
        in SegmentedControl

  console.error core/components/atoms/input/Input.tsx:4212
    Error setting selection range: DOMException [InvalidStateError]: The object is in an invalid state.
        at HTMLInputElementImpl.setSelectionRange (/Users/abhiroop.chaudhuri/Desktop/DEVELOPMENT/MDS/design-system/node_modules/jest-environment-jsdom-fifteen/node_modules/jsdom/lib/jsdom/living/nodes/HTMLInputElement-impl.js:495:13)
        at HTMLInputElement.setSelectionRange (/Users/abhiroop.chaudhuri/Desktop/DEVELOPMENT/MDS/design-system/node_modules/jest-environment-jsdom-fifteen/node_modules/jsdom/lib/jsdom/living/generated/HTMLInputElement.js:187:23)
        at /Users/abhiroop.chaudhuri/Desktop/DEVELOPMENT/MDS/design-system/core/components/atoms/input/Input.tsx:4208:17
        at commitHookEffectListMount (/Users/abhiroop.chaudhuri/Desktop/DEVELOPMENT/MDS/design-system/node_modules/react-dom/cjs/react-dom.development.js:19731:26)
        at commitPassiveHookEffects (/Users/abhiroop.chaudhuri/Desktop/DEVELOPMENT/MDS/design-system/node_modules/react-dom/cjs/react-dom.development.js:19769:11)
        at HTMLUnknownElement.callCallback (/Users/abhiroop.chaudhuri/Desktop/DEVELOPMENT/MDS/design-system/node_modules/react-dom/cjs/react-dom.development.js:188:14)
        at innerInvokeEventListeners (/Users/abhiroop.chaudhuri/Desktop/DEVELOPMENT/MDS/design-system/node_modules/jest-environment-jsdom-fifteen/node_modules/jsdom/lib/jsdom/living/events/EventTarget-impl.js:316:27)
        at invokeEventListeners (/Users/abhiroop.chaudhuri/Desktop/DEVELOPMENT/MDS/design-system/node_modules/jest-environment-jsdom-fifteen/node_modules/jsdom/lib/jsdom/living/events/EventTarget-impl.js:267:3)
        at HTMLUnknownElementImpl._dispatch (/Users/abhiroop.chaudhuri/Desktop/DEVELOPMENT/MDS/design-system/node_modules/jest-environment-jsdom-fifteen/node_modules/jsdom/lib/jsdom/living/events/EventTarget-impl.js:214:9)
        at HTMLUnknownElementImpl.dispatchEvent (/Users/abhiroop.chaudhuri/Desktop/DEVELOPMENT/MDS/design-system/node_modules/jest-environment-jsdom-fifteen/node_modules/jsdom/lib/jsdom/living/events/EventTarget-impl.js:87:17)

  console.error core/components/atoms/input/Input.tsx:4212
    Error setting selection range: DOMException [InvalidStateError]: The object is in an invalid state.
        at HTMLInputElementImpl.setSelectionRange (/Users/abhiroop.chaudhuri/Desktop/DEVELOPMENT/MDS/design-system/node_modules/jest-environment-jsdom-fifteen/node_modules/jsdom/lib/jsdom/living/nodes/HTMLInputElement-impl.js:495:13)
        at HTMLInputElement.setSelectionRange (/Users/abhiroop.chaudhuri/Desktop/DEVELOPMENT/MDS/design-system/node_modules/jest-environment-jsdom-fifteen/node_modules/jsdom/lib/jsdom/living/generated/HTMLInputElement.js:187:23)
        at /Users/abhiroop.chaudhuri/Desktop/DEVELOPMENT/MDS/design-system/core/components/atoms/input/Input.tsx:4208:17
        at commitHookEffectListMount (/Users/abhiroop.chaudhuri/Desktop/DEVELOPMENT/MDS/design-system/node_modules/react-dom/cjs/react-dom.development.js:19731:26)
        at commitPassiveHookEffects (/Users/abhiroop.chaudhuri/Desktop/DEVELOPMENT/MDS/design-system/node_modules/react-dom/cjs/react-dom.development.js:19769:11)
        at HTMLUnknownElement.callCallback (/Users/abhiroop.chaudhuri/Desktop/DEVELOPMENT/MDS/design-system/node_modules/react-dom/cjs/react-dom.development.js:188:14)
        at innerInvokeEventListeners (/Users/abhiroop.chaudhuri/Desktop/DEVELOPMENT/MDS/design-system/node_modules/jest-environment-jsdom-fifteen/node_modules/jsdom/lib/jsdom/living/events/EventTarget-impl.js:316:27)
        at invokeEventListeners (/Users/abhiroop.chaudhuri/Desktop/DEVELOPMENT/MDS/design-system/node_modules/jest-environment-jsdom-fifteen/node_modules/jsdom/lib/jsdom/living/events/EventTarget-impl.js:267:3)
        at HTMLUnknownElementImpl._dispatch (/Users/abhiroop.chaudhuri/Desktop/DEVELOPMENT/MDS/design-system/node_modules/jest-environment-jsdom-fifteen/node_modules/jsdom/lib/jsdom/living/events/EventTarget-impl.js:214:9)
        at HTMLUnknownElementImpl.dispatchEvent (/Users/abhiroop.chaudhuri/Desktop/DEVELOPMENT/MDS/design-system/node_modules/jest-environment-jsdom-fifteen/node_modules/jsdom/lib/jsdom/living/events/EventTarget-impl.js:87:17)

  console.error node_modules/react-dom/cjs/react-dom.development.js:88
    Warning: An update to SegmentedControl inside a test was not wrapped in act(...).
    
    When testing, code that causes React state updates should be wrapped into act(...):
    
    act(() => {
      /* fire events that update state */
    });
    /* assert on the output */
    
    This ensures that you're testing the behavior the user would see in the browser. Learn more at https://fb.me/react-wrap-tests-with-act
        in SegmentedControl

  console.error node_modules/react-dom/cjs/react-dom.development.js:88
    Warning: An update to SegmentedControl inside a test was not wrapped in act(...).
    
    When testing, code that causes React state updates should be wrapped into act(...):
    
    act(() => {
      /* fire events that update state */
    });
    /* assert on the output */
    
    This ensures that you're testing the behavior the user would see in the browser. Learn more at https://fb.me/react-wrap-tests-with-act
        in SegmentedControl

  console.error node_modules/react-dom/cjs/react-dom.development.js:88
    Warning: An update to SegmentedControl inside a test was not wrapped in act(...).
    
    When testing, code that causes React state updates should be wrapped into act(...):
    
    act(() => {
      /* fire events that update state */
    });
    /* assert on the output */
    
    This ensures that you're testing the behavior the user would see in the browser. Learn more at https://fb.me/react-wrap-tests-with-act
        in SegmentedControl

  console.error node_modules/react-dom/cjs/react-dom.development.js:88
    Warning: An update to SegmentedControl inside a test was not wrapped in act(...).
    
    When testing, code that causes React state updates should be wrapped into act(...):
    
    act(() => {
      /* fire events that update state */
    });
    /* assert on the output */
    
    This ensures that you're testing the behavior the user would see in the browser. Learn more at https://fb.me/react-wrap-tests-with-act
        in SegmentedControl

  console.error core/components/atoms/input/Input.tsx:4212
    Error setting selection range: DOMException [InvalidStateError]: The object is in an invalid state.
        at HTMLInputElementImpl.setSelectionRange (/Users/abhiroop.chaudhuri/Desktop/DEVELOPMENT/MDS/design-system/node_modules/jest-environment-jsdom-fifteen/node_modules/jsdom/lib/jsdom/living/nodes/HTMLInputElement-impl.js:495:13)
        at HTMLInputElement.setSelectionRange (/Users/abhiroop.chaudhuri/Desktop/DEVELOPMENT/MDS/design-system/node_modules/jest-environment-jsdom-fifteen/node_modules/jsdom/lib/jsdom/living/generated/HTMLInputElement.js:187:23)
        at /Users/abhiroop.chaudhuri/Desktop/DEVELOPMENT/MDS/design-system/core/components/atoms/input/Input.tsx:4208:17
        at commitHookEffectListMount (/Users/abhiroop.chaudhuri/Desktop/DEVELOPMENT/MDS/design-system/node_modules/react-dom/cjs/react-dom.development.js:19731:26)
        at commitPassiveHookEffects (/Users/abhiroop.chaudhuri/Desktop/DEVELOPMENT/MDS/design-system/node_modules/react-dom/cjs/react-dom.development.js:19769:11)
        at HTMLUnknownElement.callCallback (/Users/abhiroop.chaudhuri/Desktop/DEVELOPMENT/MDS/design-system/node_modules/react-dom/cjs/react-dom.development.js:188:14)
        at innerInvokeEventListeners (/Users/abhiroop.chaudhuri/Desktop/DEVELOPMENT/MDS/design-system/node_modules/jest-environment-jsdom-fifteen/node_modules/jsdom/lib/jsdom/living/events/EventTarget-impl.js:316:27)
        at invokeEventListeners (/Users/abhiroop.chaudhuri/Desktop/DEVELOPMENT/MDS/design-system/node_modules/jest-environment-jsdom-fifteen/node_modules/jsdom/lib/jsdom/living/events/EventTarget-impl.js:267:3)
        at HTMLUnknownElementImpl._dispatch (/Users/abhiroop.chaudhuri/Desktop/DEVELOPMENT/MDS/design-system/node_modules/jest-environment-jsdom-fifteen/node_modules/jsdom/lib/jsdom/living/events/EventTarget-impl.js:214:9)
        at HTMLUnknownElementImpl.dispatchEvent (/Users/abhiroop.chaudhuri/Desktop/DEVELOPMENT/MDS/design-system/node_modules/jest-environment-jsdom-fifteen/node_modules/jsdom/lib/jsdom/living/events/EventTarget-impl.js:87:17)

  console.error node_modules/react-dom/cjs/react-dom.development.js:88
    Warning: An update to SegmentedControl inside a test was not wrapped in act(...).
    
    When testing, code that causes React state updates should be wrapped into act(...):
    
    act(() => {
      /* fire events that update state */
    });
    /* assert on the output */
    
    This ensures that you're testing the behavior the user would see in the browser. Learn more at https://fb.me/react-wrap-tests-with-act
        in SegmentedControl

  console.error node_modules/react-dom/cjs/react-dom.development.js:88
    Warning: An update to SegmentedControl inside a test was not wrapped in act(...).
    
    When testing, code that causes React state updates should be wrapped into act(...):
    
    act(() => {
      /* fire events that update state */
    });
    /* assert on the output */
    
    This ensures that you're testing the behavior the user would see in the browser. Learn more at https://fb.me/react-wrap-tests-with-act
        in SegmentedControl

  console.error node_modules/react-dom/cjs/react-dom.development.js:88
    Warning: An update to SegmentedControl inside a test was not wrapped in act(...).
    
    When testing, code that causes React state updates should be wrapped into act(...):
    
    act(() => {
      /* fire events that update state */
    });
    /* assert on the output */
    
    This ensures that you're testing the behavior the user would see in the browser. Learn more at https://fb.me/react-wrap-tests-with-act
        in SegmentedControl

  console.error node_modules/react-dom/cjs/react-dom.development.js:88
    Warning: An update to SegmentedControl inside a test was not wrapped in act(...).
    
    When testing, code that causes React state updates should be wrapped into act(...):
    
    act(() => {
      /* fire events that update state */
    });
    /* assert on the output */
    
    This ensures that you're testing the behavior the user would see in the browser. Learn more at https://fb.me/react-wrap-tests-with-act
        in SegmentedControl

  console.error core/components/atoms/input/Input.tsx:4212
    Error setting selection range: DOMException [InvalidStateError]: The object is in an invalid state.
        at HTMLInputElementImpl.setSelectionRange (/Users/abhiroop.chaudhuri/Desktop/DEVELOPMENT/MDS/design-system/node_modules/jest-environment-jsdom-fifteen/node_modules/jsdom/lib/jsdom/living/nodes/HTMLInputElement-impl.js:495:13)
        at HTMLInputElement.setSelectionRange (/Users/abhiroop.chaudhuri/Desktop/DEVELOPMENT/MDS/design-system/node_modules/jest-environment-jsdom-fifteen/node_modules/jsdom/lib/jsdom/living/generated/HTMLInputElement.js:187:23)
        at /Users/abhiroop.chaudhuri/Desktop/DEVELOPMENT/MDS/design-system/core/components/atoms/input/Input.tsx:4208:17
        at commitHookEffectListMount (/Users/abhiroop.chaudhuri/Desktop/DEVELOPMENT/MDS/design-system/node_modules/react-dom/cjs/react-dom.development.js:19731:26)
        at commitPassiveHookEffects (/Users/abhiroop.chaudhuri/Desktop/DEVELOPMENT/MDS/design-system/node_modules/react-dom/cjs/react-dom.development.js:19769:11)
        at HTMLUnknownElement.callCallback (/Users/abhiroop.chaudhuri/Desktop/DEVELOPMENT/MDS/design-system/node_modules/react-dom/cjs/react-dom.development.js:188:14)
        at innerInvokeEventListeners (/Users/abhiroop.chaudhuri/Desktop/DEVELOPMENT/MDS/design-system/node_modules/jest-environment-jsdom-fifteen/node_modules/jsdom/lib/jsdom/living/events/EventTarget-impl.js:316:27)
        at invokeEventListeners (/Users/abhiroop.chaudhuri/Desktop/DEVELOPMENT/MDS/design-system/node_modules/jest-environment-jsdom-fifteen/node_modules/jsdom/lib/jsdom/living/events/EventTarget-impl.js:267:3)
        at HTMLUnknownElementImpl._dispatch (/Users/abhiroop.chaudhuri/Desktop/DEVELOPMENT/MDS/design-system/node_modules/jest-environment-jsdom-fifteen/node_modules/jsdom/lib/jsdom/living/events/EventTarget-impl.js:214:9)
        at HTMLUnknownElementImpl.dispatchEvent (/Users/abhiroop.chaudhuri/Desktop/DEVELOPMENT/MDS/design-system/node_modules/jest-environment-jsdom-fifteen/node_modules/jsdom/lib/jsdom/living/events/EventTarget-impl.js:87:17)

  console.error core/components/atoms/input/Input.tsx:4212
    Error setting selection range: DOMException [InvalidStateError]: The object is in an invalid state.
        at HTMLInputElementImpl.setSelectionRange (/Users/abhiroop.chaudhuri/Desktop/DEVELOPMENT/MDS/design-system/node_modules/jest-environment-jsdom-fifteen/node_modules/jsdom/lib/jsdom/living/nodes/HTMLInputElement-impl.js:495:13)
        at HTMLInputElement.setSelectionRange (/Users/abhiroop.chaudhuri/Desktop/DEVELOPMENT/MDS/design-system/node_modules/jest-environment-jsdom-fifteen/node_modules/jsdom/lib/jsdom/living/generated/HTMLInputElement.js:187:23)
        at /Users/abhiroop.chaudhuri/Desktop/DEVELOPMENT/MDS/design-system/core/components/atoms/input/Input.tsx:4208:17
        at commitHookEffectListMount (/Users/abhiroop.chaudhuri/Desktop/DEVELOPMENT/MDS/design-system/node_modules/react-dom/cjs/react-dom.development.js:19731:26)
        at commitPassiveHookEffects (/Users/abhiroop.chaudhuri/Desktop/DEVELOPMENT/MDS/design-system/node_modules/react-dom/cjs/react-dom.development.js:19769:11)
        at HTMLUnknownElement.callCallback (/Users/abhiroop.chaudhuri/Desktop/DEVELOPMENT/MDS/design-system/node_modules/react-dom/cjs/react-dom.development.js:188:14)
        at innerInvokeEventListeners (/Users/abhiroop.chaudhuri/Desktop/DEVELOPMENT/MDS/design-system/node_modules/jest-environment-jsdom-fifteen/node_modules/jsdom/lib/jsdom/living/events/EventTarget-impl.js:316:27)
        at invokeEventListeners (/Users/abhiroop.chaudhuri/Desktop/DEVELOPMENT/MDS/design-system/node_modules/jest-environment-jsdom-fifteen/node_modules/jsdom/lib/jsdom/living/events/EventTarget-impl.js:267:3)
        at HTMLUnknownElementImpl._dispatch (/Users/abhiroop.chaudhuri/Desktop/DEVELOPMENT/MDS/design-system/node_modules/jest-environment-jsdom-fifteen/node_modules/jsdom/lib/jsdom/living/events/EventTarget-impl.js:214:9)
        at HTMLUnknownElementImpl.dispatchEvent (/Users/abhiroop.chaudhuri/Desktop/DEVELOPMENT/MDS/design-system/node_modules/jest-environment-jsdom-fifteen/node_modules/jsdom/lib/jsdom/living/events/EventTarget-impl.js:87:17)

  console.error core/components/atoms/input/Input.tsx:4212
    Error setting selection range: DOMException [InvalidStateError]: The object is in an invalid state.
        at HTMLInputElementImpl.setSelectionRange (/Users/abhiroop.chaudhuri/Desktop/DEVELOPMENT/MDS/design-system/node_modules/jest-environment-jsdom-fifteen/node_modules/jsdom/lib/jsdom/living/nodes/HTMLInputElement-impl.js:495:13)
        at HTMLInputElement.setSelectionRange (/Users/abhiroop.chaudhuri/Desktop/DEVELOPMENT/MDS/design-system/node_modules/jest-environment-jsdom-fifteen/node_modules/jsdom/lib/jsdom/living/generated/HTMLInputElement.js:187:23)
        at /Users/abhiroop.chaudhuri/Desktop/DEVELOPMENT/MDS/design-system/core/components/atoms/input/Input.tsx:4208:17
        at commitHookEffectListMount (/Users/abhiroop.chaudhuri/Desktop/DEVELOPMENT/MDS/design-system/node_modules/react-dom/cjs/react-dom.development.js:19731:26)
        at commitPassiveHookEffects (/Users/abhiroop.chaudhuri/Desktop/DEVELOPMENT/MDS/design-system/node_modules/react-dom/cjs/react-dom.development.js:19769:11)
        at HTMLUnknownElement.callCallback (/Users/abhiroop.chaudhuri/Desktop/DEVELOPMENT/MDS/design-system/node_modules/react-dom/cjs/react-dom.development.js:188:14)
        at innerInvokeEventListeners (/Users/abhiroop.chaudhuri/Desktop/DEVELOPMENT/MDS/design-system/node_modules/jest-environment-jsdom-fifteen/node_modules/jsdom/lib/jsdom/living/events/EventTarget-impl.js:316:27)
        at invokeEventListeners (/Users/abhiroop.chaudhuri/Desktop/DEVELOPMENT/MDS/design-system/node_modules/jest-environment-jsdom-fifteen/node_modules/jsdom/lib/jsdom/living/events/EventTarget-impl.js:267:3)
        at HTMLUnknownElementImpl._dispatch (/Users/abhiroop.chaudhuri/Desktop/DEVELOPMENT/MDS/design-system/node_modules/jest-environment-jsdom-fifteen/node_modules/jsdom/lib/jsdom/living/events/EventTarget-impl.js:214:9)
        at HTMLUnknownElementImpl.dispatchEvent (/Users/abhiroop.chaudhuri/Desktop/DEVELOPMENT/MDS/design-system/node_modules/jest-environment-jsdom-fifteen/node_modules/jsdom/lib/jsdom/living/events/EventTarget-impl.js:87:17)

  console.error node_modules/react-dom/cjs/react-dom.development.js:88
    Warning: An update to SegmentedControl inside a test was not wrapped in act(...).
    
    When testing, code that causes React state updates should be wrapped into act(...):
    
    act(() => {
      /* fire events that update state */
    });
    /* assert on the output */
    
    This ensures that you're testing the behavior the user would see in the browser. Learn more at https://fb.me/react-wrap-tests-with-act
        in SegmentedControl

  console.error node_modules/react-dom/cjs/react-dom.development.js:88
    Warning: An update to SegmentedControl inside a test was not wrapped in act(...).
    
    When testing, code that causes React state updates should be wrapped into act(...):
    
    act(() => {
      /* fire events that update state */
    });
    /* assert on the output */
    
    This ensures that you're testing the behavior the user would see in the browser. Learn more at https://fb.me/react-wrap-tests-with-act
        in SegmentedControl

  console.error core/components/atoms/input/Input.tsx:4212
    Error setting selection range: DOMException [InvalidStateError]: The object is in an invalid state.
        at HTMLInputElementImpl.setSelectionRange (/Users/abhiroop.chaudhuri/Desktop/DEVELOPMENT/MDS/design-system/node_modules/jest-environment-jsdom-fifteen/node_modules/jsdom/lib/jsdom/living/nodes/HTMLInputElement-impl.js:495:13)
        at HTMLInputElement.setSelectionRange (/Users/abhiroop.chaudhuri/Desktop/DEVELOPMENT/MDS/design-system/node_modules/jest-environment-jsdom-fifteen/node_modules/jsdom/lib/jsdom/living/generated/HTMLInputElement.js:187:23)
        at /Users/abhiroop.chaudhuri/Desktop/DEVELOPMENT/MDS/design-system/core/components/atoms/input/Input.tsx:4208:17
        at commitHookEffectListMount (/Users/abhiroop.chaudhuri/Desktop/DEVELOPMENT/MDS/design-system/node_modules/react-dom/cjs/react-dom.development.js:19731:26)
        at commitPassiveHookEffects (/Users/abhiroop.chaudhuri/Desktop/DEVELOPMENT/MDS/design-system/node_modules/react-dom/cjs/react-dom.development.js:19769:11)
        at HTMLUnknownElement.callCallback (/Users/abhiroop.chaudhuri/Desktop/DEVELOPMENT/MDS/design-system/node_modules/react-dom/cjs/react-dom.development.js:188:14)
        at innerInvokeEventListeners (/Users/abhiroop.chaudhuri/Desktop/DEVELOPMENT/MDS/design-system/node_modules/jest-environment-jsdom-fifteen/node_modules/jsdom/lib/jsdom/living/events/EventTarget-impl.js:316:27)
        at invokeEventListeners (/Users/abhiroop.chaudhuri/Desktop/DEVELOPMENT/MDS/design-system/node_modules/jest-environment-jsdom-fifteen/node_modules/jsdom/lib/jsdom/living/events/EventTarget-impl.js:267:3)
        at HTMLUnknownElementImpl._dispatch (/Users/abhiroop.chaudhuri/Desktop/DEVELOPMENT/MDS/design-system/node_modules/jest-environment-jsdom-fifteen/node_modules/jsdom/lib/jsdom/living/events/EventTarget-impl.js:214:9)
        at HTMLUnknownElementImpl.dispatchEvent (/Users/abhiroop.chaudhuri/Desktop/DEVELOPMENT/MDS/design-system/node_modules/jest-environment-jsdom-fifteen/node_modules/jsdom/lib/jsdom/living/events/EventTarget-impl.js:87:17)

  console.error node_modules/react-dom/cjs/react-dom.development.js:88
    Warning: An update to SegmentedControl inside a test was not wrapped in act(...).
    
    When testing, code that causes React state updates should be wrapped into act(...):
    
    act(() => {
      /* fire events that update state */
    });
    /* assert on the output */
    
    This ensures that you're testing the behavior the user would see in the browser. Learn more at https://fb.me/react-wrap-tests-with-act
        in SegmentedControl

  console.error node_modules/react-dom/cjs/react-dom.development.js:88
    Warning: An update to SegmentedControl inside a test was not wrapped in act(...).
    
    When testing, code that causes React state updates should be wrapped into act(...):
    
    act(() => {
      /* fire events that update state */
    });
    /* assert on the output */
    
    This ensures that you're testing the behavior the user would see in the browser. Learn more at https://fb.me/react-wrap-tests-with-act
        in SegmentedControl

  console.error core/components/atoms/input/Input.tsx:4212
    Error setting selection range: DOMException [InvalidStateError]: The object is in an invalid state.
        at HTMLInputElementImpl.setSelectionRange (/Users/abhiroop.chaudhuri/Desktop/DEVELOPMENT/MDS/design-system/node_modules/jest-environment-jsdom-fifteen/node_modules/jsdom/lib/jsdom/living/nodes/HTMLInputElement-impl.js:495:13)
        at HTMLInputElement.setSelectionRange (/Users/abhiroop.chaudhuri/Desktop/DEVELOPMENT/MDS/design-system/node_modules/jest-environment-jsdom-fifteen/node_modules/jsdom/lib/jsdom/living/generated/HTMLInputElement.js:187:23)
        at /Users/abhiroop.chaudhuri/Desktop/DEVELOPMENT/MDS/design-system/core/components/atoms/input/Input.tsx:4208:17
        at commitHookEffectListMount (/Users/abhiroop.chaudhuri/Desktop/DEVELOPMENT/MDS/design-system/node_modules/react-dom/cjs/react-dom.development.js:19731:26)
        at commitPassiveHookEffects (/Users/abhiroop.chaudhuri/Desktop/DEVELOPMENT/MDS/design-system/node_modules/react-dom/cjs/react-dom.development.js:19769:11)
        at HTMLUnknownElement.callCallback (/Users/abhiroop.chaudhuri/Desktop/DEVELOPMENT/MDS/design-system/node_modules/react-dom/cjs/react-dom.development.js:188:14)
        at innerInvokeEventListeners (/Users/abhiroop.chaudhuri/Desktop/DEVELOPMENT/MDS/design-system/node_modules/jest-environment-jsdom-fifteen/node_modules/jsdom/lib/jsdom/living/events/EventTarget-impl.js:316:27)
        at invokeEventListeners (/Users/abhiroop.chaudhuri/Desktop/DEVELOPMENT/MDS/design-system/node_modules/jest-environment-jsdom-fifteen/node_modules/jsdom/lib/jsdom/living/events/EventTarget-impl.js:267:3)
        at HTMLUnknownElementImpl._dispatch (/Users/abhiroop.chaudhuri/Desktop/DEVELOPMENT/MDS/design-system/node_modules/jest-environment-jsdom-fifteen/node_modules/jsdom/lib/jsdom/living/events/EventTarget-impl.js:214:9)
        at HTMLUnknownElementImpl.dispatchEvent (/Users/abhiroop.chaudhuri/Desktop/DEVELOPMENT/MDS/design-system/node_modules/jest-environment-jsdom-fifteen/node_modules/jsdom/lib/jsdom/living/events/EventTarget-impl.js:87:17)

  console.error core/components/atoms/input/Input.tsx:4212
    Error setting selection range: DOMException [InvalidStateError]: The object is in an invalid state.
        at HTMLInputElementImpl.setSelectionRange (/Users/abhiroop.chaudhuri/Desktop/DEVELOPMENT/MDS/design-system/node_modules/jest-environment-jsdom-fifteen/node_modules/jsdom/lib/jsdom/living/nodes/HTMLInputElement-impl.js:495:13)
        at HTMLInputElement.setSelectionRange (/Users/abhiroop.chaudhuri/Desktop/DEVELOPMENT/MDS/design-system/node_modules/jest-environment-jsdom-fifteen/node_modules/jsdom/lib/jsdom/living/generated/HTMLInputElement.js:187:23)
        at /Users/abhiroop.chaudhuri/Desktop/DEVELOPMENT/MDS/design-system/core/components/atoms/input/Input.tsx:4208:17
        at commitHookEffectListMount (/Users/abhiroop.chaudhuri/Desktop/DEVELOPMENT/MDS/design-system/node_modules/react-dom/cjs/react-dom.development.js:19731:26)
        at commitPassiveHookEffects (/Users/abhiroop.chaudhuri/Desktop/DEVELOPMENT/MDS/design-system/node_modules/react-dom/cjs/react-dom.development.js:19769:11)
        at HTMLUnknownElement.callCallback (/Users/abhiroop.chaudhuri/Desktop/DEVELOPMENT/MDS/design-system/node_modules/react-dom/cjs/react-dom.development.js:188:14)
        at innerInvokeEventListeners (/Users/abhiroop.chaudhuri/Desktop/DEVELOPMENT/MDS/design-system/node_modules/jest-environment-jsdom-fifteen/node_modules/jsdom/lib/jsdom/living/events/EventTarget-impl.js:316:27)
        at invokeEventListeners (/Users/abhiroop.chaudhuri/Desktop/DEVELOPMENT/MDS/design-system/node_modules/jest-environment-jsdom-fifteen/node_modules/jsdom/lib/jsdom/living/events/EventTarget-impl.js:267:3)
        at HTMLUnknownElementImpl._dispatch (/Users/abhiroop.chaudhuri/Desktop/DEVELOPMENT/MDS/design-system/node_modules/jest-environment-jsdom-fifteen/node_modules/jsdom/lib/jsdom/living/events/EventTarget-impl.js:214:9)
        at HTMLUnknownElementImpl.dispatchEvent (/Users/abhiroop.chaudhuri/Desktop/DEVELOPMENT/MDS/design-system/node_modules/jest-environment-jsdom-fifteen/node_modules/jsdom/lib/jsdom/living/events/EventTarget-impl.js:87:17)

  console.error core/components/atoms/input/Input.tsx:4212
    Error setting selection range: DOMException [InvalidStateError]: The object is in an invalid state.
        at HTMLInputElementImpl.setSelectionRange (/Users/abhiroop.chaudhuri/Desktop/DEVELOPMENT/MDS/design-system/node_modules/jest-environment-jsdom-fifteen/node_modules/jsdom/lib/jsdom/living/nodes/HTMLInputElement-impl.js:495:13)
        at HTMLInputElement.setSelectionRange (/Users/abhiroop.chaudhuri/Desktop/DEVELOPMENT/MDS/design-system/node_modules/jest-environment-jsdom-fifteen/node_modules/jsdom/lib/jsdom/living/generated/HTMLInputElement.js:187:23)
        at /Users/abhiroop.chaudhuri/Desktop/DEVELOPMENT/MDS/design-system/core/components/atoms/input/Input.tsx:4208:17
        at commitHookEffectListMount (/Users/abhiroop.chaudhuri/Desktop/DEVELOPMENT/MDS/design-system/node_modules/react-dom/cjs/react-dom.development.js:19731:26)
        at commitPassiveHookEffects (/Users/abhiroop.chaudhuri/Desktop/DEVELOPMENT/MDS/design-system/node_modules/react-dom/cjs/react-dom.development.js:19769:11)
        at HTMLUnknownElement.callCallback (/Users/abhiroop.chaudhuri/Desktop/DEVELOPMENT/MDS/design-system/node_modules/react-dom/cjs/react-dom.development.js:188:14)
        at innerInvokeEventListeners (/Users/abhiroop.chaudhuri/Desktop/DEVELOPMENT/MDS/design-system/node_modules/jest-environment-jsdom-fifteen/node_modules/jsdom/lib/jsdom/living/events/EventTarget-impl.js:316:27)
        at invokeEventListeners (/Users/abhiroop.chaudhuri/Desktop/DEVELOPMENT/MDS/design-system/node_modules/jest-environment-jsdom-fifteen/node_modules/jsdom/lib/jsdom/living/events/EventTarget-impl.js:267:3)
        at HTMLUnknownElementImpl._dispatch (/Users/abhiroop.chaudhuri/Desktop/DEVELOPMENT/MDS/design-system/node_modules/jest-environment-jsdom-fifteen/node_modules/jsdom/lib/jsdom/living/events/EventTarget-impl.js:214:9)
        at HTMLUnknownElementImpl.dispatchEvent (/Users/abhiroop.chaudhuri/Desktop/DEVELOPMENT/MDS/design-system/node_modules/jest-environment-jsdom-fifteen/node_modules/jsdom/lib/jsdom/living/events/EventTarget-impl.js:87:17)

  console.error core/components/atoms/input/Input.tsx:4212
    Error setting selection range: DOMException [InvalidStateError]: The object is in an invalid state.
        at HTMLInputElementImpl.setSelectionRange (/Users/abhiroop.chaudhuri/Desktop/DEVELOPMENT/MDS/design-system/node_modules/jest-environment-jsdom-fifteen/node_modules/jsdom/lib/jsdom/living/nodes/HTMLInputElement-impl.js:495:13)
        at HTMLInputElement.setSelectionRange (/Users/abhiroop.chaudhuri/Desktop/DEVELOPMENT/MDS/design-system/node_modules/jest-environment-jsdom-fifteen/node_modules/jsdom/lib/jsdom/living/generated/HTMLInputElement.js:187:23)
        at /Users/abhiroop.chaudhuri/Desktop/DEVELOPMENT/MDS/design-system/core/components/atoms/input/Input.tsx:4208:17
        at commitHookEffectListMount (/Users/abhiroop.chaudhuri/Desktop/DEVELOPMENT/MDS/design-system/node_modules/react-dom/cjs/react-dom.development.js:19731:26)
        at commitPassiveHookEffects (/Users/abhiroop.chaudhuri/Desktop/DEVELOPMENT/MDS/design-system/node_modules/react-dom/cjs/react-dom.development.js:19769:11)
        at HTMLUnknownElement.callCallback (/Users/abhiroop.chaudhuri/Desktop/DEVELOPMENT/MDS/design-system/node_modules/react-dom/cjs/react-dom.development.js:188:14)
        at innerInvokeEventListeners (/Users/abhiroop.chaudhuri/Desktop/DEVELOPMENT/MDS/design-system/node_modules/jest-environment-jsdom-fifteen/node_modules/jsdom/lib/jsdom/living/events/EventTarget-impl.js:316:27)
        at invokeEventListeners (/Users/abhiroop.chaudhuri/Desktop/DEVELOPMENT/MDS/design-system/node_modules/jest-environment-jsdom-fifteen/node_modules/jsdom/lib/jsdom/living/events/EventTarget-impl.js:267:3)
        at HTMLUnknownElementImpl._dispatch (/Users/abhiroop.chaudhuri/Desktop/DEVELOPMENT/MDS/design-system/node_modules/jest-environment-jsdom-fifteen/node_modules/jsdom/lib/jsdom/living/events/EventTarget-impl.js:214:9)
        at HTMLUnknownElementImpl.dispatchEvent (/Users/abhiroop.chaudhuri/Desktop/DEVELOPMENT/MDS/design-system/node_modules/jest-environment-jsdom-fifteen/node_modules/jsdom/lib/jsdom/living/events/EventTarget-impl.js:87:17)

  console.error core/components/atoms/input/Input.tsx:4212
    Error setting selection range: DOMException [InvalidStateError]: The object is in an invalid state.
        at HTMLInputElementImpl.setSelectionRange (/Users/abhiroop.chaudhuri/Desktop/DEVELOPMENT/MDS/design-system/node_modules/jest-environment-jsdom-fifteen/node_modules/jsdom/lib/jsdom/living/nodes/HTMLInputElement-impl.js:495:13)
        at HTMLInputElement.setSelectionRange (/Users/abhiroop.chaudhuri/Desktop/DEVELOPMENT/MDS/design-system/node_modules/jest-environment-jsdom-fifteen/node_modules/jsdom/lib/jsdom/living/generated/HTMLInputElement.js:187:23)
        at /Users/abhiroop.chaudhuri/Desktop/DEVELOPMENT/MDS/design-system/core/components/atoms/input/Input.tsx:4208:17
        at commitHookEffectListMount (/Users/abhiroop.chaudhuri/Desktop/DEVELOPMENT/MDS/design-system/node_modules/react-dom/cjs/react-dom.development.js:19731:26)
        at commitPassiveHookEffects (/Users/abhiroop.chaudhuri/Desktop/DEVELOPMENT/MDS/design-system/node_modules/react-dom/cjs/react-dom.development.js:19769:11)
        at HTMLUnknownElement.callCallback (/Users/abhiroop.chaudhuri/Desktop/DEVELOPMENT/MDS/design-system/node_modules/react-dom/cjs/react-dom.development.js:188:14)
        at innerInvokeEventListeners (/Users/abhiroop.chaudhuri/Desktop/DEVELOPMENT/MDS/design-system/node_modules/jest-environment-jsdom-fifteen/node_modules/jsdom/lib/jsdom/living/events/EventTarget-impl.js:316:27)
        at invokeEventListeners (/Users/abhiroop.chaudhuri/Desktop/DEVELOPMENT/MDS/design-system/node_modules/jest-environment-jsdom-fifteen/node_modules/jsdom/lib/jsdom/living/events/EventTarget-impl.js:267:3)
        at HTMLUnknownElementImpl._dispatch (/Users/abhiroop.chaudhuri/Desktop/DEVELOPMENT/MDS/design-system/node_modules/jest-environment-jsdom-fifteen/node_modules/jsdom/lib/jsdom/living/events/EventTarget-impl.js:214:9)
        at HTMLUnknownElementImpl.dispatchEvent (/Users/abhiroop.chaudhuri/Desktop/DEVELOPMENT/MDS/design-system/node_modules/jest-environment-jsdom-fifteen/node_modules/jsdom/lib/jsdom/living/events/EventTarget-impl.js:87:17)

  console.error node_modules/react-dom/cjs/react-dom.development.js:88
    Warning: An update to SegmentedControl inside a test was not wrapped in act(...).
    
    When testing, code that causes React state updates should be wrapped into act(...):
    
    act(() => {
      /* fire events that update state */
    });
    /* assert on the output */
    
    This ensures that you're testing the behavior the user would see in the browser. Learn more at https://fb.me/react-wrap-tests-with-act
        in SegmentedControl

  console.error node_modules/react-dom/cjs/react-dom.development.js:88
    Warning: An update to SegmentedControl inside a test was not wrapped in act(...).
    
    When testing, code that causes React state updates should be wrapped into act(...):
    
    act(() => {
      /* fire events that update state */
    });
    /* assert on the output */
    
    This ensures that you're testing the behavior the user would see in the browser. Learn more at https://fb.me/react-wrap-tests-with-act
        in SegmentedControl

  console.error node_modules/react-dom/cjs/react-dom.development.js:88
    Warning: An update to SegmentedControl inside a test was not wrapped in act(...).
    
    When testing, code that causes React state updates should be wrapped into act(...):
    
    act(() => {
      /* fire events that update state */
    });
    /* assert on the output */
    
    This ensures that you're testing the behavior the user would see in the browser. Learn more at https://fb.me/react-wrap-tests-with-act
        in SegmentedControl

  console.error node_modules/react-dom/cjs/react-dom.development.js:88
    Warning: An update to SegmentedControl inside a test was not wrapped in act(...).
    
    When testing, code that causes React state updates should be wrapped into act(...):
    
    act(() => {
      /* fire events that update state */
    });
    /* assert on the output */
    
    This ensures that you're testing the behavior the user would see in the browser. Learn more at https://fb.me/react-wrap-tests-with-act
        in SegmentedControl

  console.error core/components/atoms/input/Input.tsx:4212
    Error setting selection range: DOMException [InvalidStateError]: The object is in an invalid state.
        at HTMLInputElementImpl.setSelectionRange (/Users/abhiroop.chaudhuri/Desktop/DEVELOPMENT/MDS/design-system/node_modules/jest-environment-jsdom-fifteen/node_modules/jsdom/lib/jsdom/living/nodes/HTMLInputElement-impl.js:495:13)
        at HTMLInputElement.setSelectionRange (/Users/abhiroop.chaudhuri/Desktop/DEVELOPMENT/MDS/design-system/node_modules/jest-environment-jsdom-fifteen/node_modules/jsdom/lib/jsdom/living/generated/HTMLInputElement.js:187:23)
        at /Users/abhiroop.chaudhuri/Desktop/DEVELOPMENT/MDS/design-system/core/components/atoms/input/Input.tsx:4208:17
        at commitHookEffectListMount (/Users/abhiroop.chaudhuri/Desktop/DEVELOPMENT/MDS/design-system/node_modules/react-dom/cjs/react-dom.development.js:19731:26)
        at commitPassiveHookEffects (/Users/abhiroop.chaudhuri/Desktop/DEVELOPMENT/MDS/design-system/node_modules/react-dom/cjs/react-dom.development.js:19769:11)
        at HTMLUnknownElement.callCallback (/Users/abhiroop.chaudhuri/Desktop/DEVELOPMENT/MDS/design-system/node_modules/react-dom/cjs/react-dom.development.js:188:14)
        at innerInvokeEventListeners (/Users/abhiroop.chaudhuri/Desktop/DEVELOPMENT/MDS/design-system/node_modules/jest-environment-jsdom-fifteen/node_modules/jsdom/lib/jsdom/living/events/EventTarget-impl.js:316:27)
        at invokeEventListeners (/Users/abhiroop.chaudhuri/Desktop/DEVELOPMENT/MDS/design-system/node_modules/jest-environment-jsdom-fifteen/node_modules/jsdom/lib/jsdom/living/events/EventTarget-impl.js:267:3)
        at HTMLUnknownElementImpl._dispatch (/Users/abhiroop.chaudhuri/Desktop/DEVELOPMENT/MDS/design-system/node_modules/jest-environment-jsdom-fifteen/node_modules/jsdom/lib/jsdom/living/events/EventTarget-impl.js:214:9)
        at HTMLUnknownElementImpl.dispatchEvent (/Users/abhiroop.chaudhuri/Desktop/DEVELOPMENT/MDS/design-system/node_modules/jest-environment-jsdom-fifteen/node_modules/jsdom/lib/jsdom/living/events/EventTarget-impl.js:87:17)

  console.error core/components/atoms/input/Input.tsx:4212
    Error setting selection range: DOMException [InvalidStateError]: The object is in an invalid state.
        at HTMLInputElementImpl.setSelectionRange (/Users/abhiroop.chaudhuri/Desktop/DEVELOPMENT/MDS/design-system/node_modules/jest-environment-jsdom-fifteen/node_modules/jsdom/lib/jsdom/living/nodes/HTMLInputElement-impl.js:495:13)
        at HTMLInputElement.setSelectionRange (/Users/abhiroop.chaudhuri/Desktop/DEVELOPMENT/MDS/design-system/node_modules/jest-environment-jsdom-fifteen/node_modules/jsdom/lib/jsdom/living/generated/HTMLInputElement.js:187:23)
        at /Users/abhiroop.chaudhuri/Desktop/DEVELOPMENT/MDS/design-system/core/components/atoms/input/Input.tsx:4208:17
        at commitHookEffectListMount (/Users/abhiroop.chaudhuri/Desktop/DEVELOPMENT/MDS/design-system/node_modules/react-dom/cjs/react-dom.development.js:19731:26)
        at commitPassiveHookEffects (/Users/abhiroop.chaudhuri/Desktop/DEVELOPMENT/MDS/design-system/node_modules/react-dom/cjs/react-dom.development.js:19769:11)
        at HTMLUnknownElement.callCallback (/Users/abhiroop.chaudhuri/Desktop/DEVELOPMENT/MDS/design-system/node_modules/react-dom/cjs/react-dom.development.js:188:14)
        at innerInvokeEventListeners (/Users/abhiroop.chaudhuri/Desktop/DEVELOPMENT/MDS/design-system/node_modules/jest-environment-jsdom-fifteen/node_modules/jsdom/lib/jsdom/living/events/EventTarget-impl.js:316:27)
        at invokeEventListeners (/Users/abhiroop.chaudhuri/Desktop/DEVELOPMENT/MDS/design-system/node_modules/jest-environment-jsdom-fifteen/node_modules/jsdom/lib/jsdom/living/events/EventTarget-impl.js:267:3)
        at HTMLUnknownElementImpl._dispatch (/Users/abhiroop.chaudhuri/Desktop/DEVELOPMENT/MDS/design-system/node_modules/jest-environment-jsdom-fifteen/node_modules/jsdom/lib/jsdom/living/events/EventTarget-impl.js:214:9)
        at HTMLUnknownElementImpl.dispatchEvent (/Users/abhiroop.chaudhuri/Desktop/DEVELOPMENT/MDS/design-system/node_modules/jest-environment-jsdom-fifteen/node_modules/jsdom/lib/jsdom/living/events/EventTarget-impl.js:87:17)

  console.error node_modules/react-dom/cjs/react-dom.development.js:88
    Warning: An update to SegmentedControl inside a test was not wrapped in act(...).
    
    When testing, code that causes React state updates should be wrapped into act(...):
    
    act(() => {
      /* fire events that update state */
    });
    /* assert on the output */
    
    This ensures that you're testing the behavior the user would see in the browser. Learn more at https://fb.me/react-wrap-tests-with-act
        in SegmentedControl

  console.error node_modules/react-dom/cjs/react-dom.development.js:88
    Warning: An update to SegmentedControl inside a test was not wrapped in act(...).
    
    When testing, code that causes React state updates should be wrapped into act(...):
    
    act(() => {
      /* fire events that update state */
    });
    /* assert on the output */
    
    This ensures that you're testing the behavior the user would see in the browser. Learn more at https://fb.me/react-wrap-tests-with-act
        in SegmentedControl

  console.error core/components/atoms/input/Input.tsx:4212
    Error setting selection range: DOMException [InvalidStateError]: The object is in an invalid state.
        at HTMLInputElementImpl.setSelectionRange (/Users/abhiroop.chaudhuri/Desktop/DEVELOPMENT/MDS/design-system/node_modules/jest-environment-jsdom-fifteen/node_modules/jsdom/lib/jsdom/living/nodes/HTMLInputElement-impl.js:495:13)
        at HTMLInputElement.setSelectionRange (/Users/abhiroop.chaudhuri/Desktop/DEVELOPMENT/MDS/design-system/node_modules/jest-environment-jsdom-fifteen/node_modules/jsdom/lib/jsdom/living/generated/HTMLInputElement.js:187:23)
        at /Users/abhiroop.chaudhuri/Desktop/DEVELOPMENT/MDS/design-system/core/components/atoms/input/Input.tsx:4208:17
        at commitHookEffectListMount (/Users/abhiroop.chaudhuri/Desktop/DEVELOPMENT/MDS/design-system/node_modules/react-dom/cjs/react-dom.development.js:19731:26)
        at commitPassiveHookEffects (/Users/abhiroop.chaudhuri/Desktop/DEVELOPMENT/MDS/design-system/node_modules/react-dom/cjs/react-dom.development.js:19769:11)
        at HTMLUnknownElement.callCallback (/Users/abhiroop.chaudhuri/Desktop/DEVELOPMENT/MDS/design-system/node_modules/react-dom/cjs/react-dom.development.js:188:14)
        at innerInvokeEventListeners (/Users/abhiroop.chaudhuri/Desktop/DEVELOPMENT/MDS/design-system/node_modules/jest-environment-jsdom-fifteen/node_modules/jsdom/lib/jsdom/living/events/EventTarget-impl.js:316:27)
        at invokeEventListeners (/Users/abhiroop.chaudhuri/Desktop/DEVELOPMENT/MDS/design-system/node_modules/jest-environment-jsdom-fifteen/node_modules/jsdom/lib/jsdom/living/events/EventTarget-impl.js:267:3)
        at HTMLUnknownElementImpl._dispatch (/Users/abhiroop.chaudhuri/Desktop/DEVELOPMENT/MDS/design-system/node_modules/jest-environment-jsdom-fifteen/node_modules/jsdom/lib/jsdom/living/events/EventTarget-impl.js:214:9)
        at HTMLUnknownElementImpl.dispatchEvent (/Users/abhiroop.chaudhuri/Desktop/DEVELOPMENT/MDS/design-system/node_modules/jest-environment-jsdom-fifteen/node_modules/jsdom/lib/jsdom/living/events/EventTarget-impl.js:87:17)

  console.error node_modules/react-dom/cjs/react-dom.development.js:88
    Warning: An update to SegmentedControl inside a test was not wrapped in act(...).
    
    When testing, code that causes React state updates should be wrapped into act(...):
    
    act(() => {
      /* fire events that update state */
    });
    /* assert on the output */
    
    This ensures that you're testing the behavior the user would see in the browser. Learn more at https://fb.me/react-wrap-tests-with-act
        in SegmentedControl

  console.error node_modules/react-dom/cjs/react-dom.development.js:88
    Warning: An update to SegmentedControl inside a test was not wrapped in act(...).
    
    When testing, code that causes React state updates should be wrapped into act(...):
    
    act(() => {
      /* fire events that update state */
    });
    /* assert on the output */
    
    This ensures that you're testing the behavior the user would see in the browser. Learn more at https://fb.me/react-wrap-tests-with-act
        in SegmentedControl

  console.error core/components/atoms/input/Input.tsx:4212
    Error setting selection range: DOMException [InvalidStateError]: The object is in an invalid state.
        at HTMLInputElementImpl.setSelectionRange (/Users/abhiroop.chaudhuri/Desktop/DEVELOPMENT/MDS/design-system/node_modules/jest-environment-jsdom-fifteen/node_modules/jsdom/lib/jsdom/living/nodes/HTMLInputElement-impl.js:495:13)
        at HTMLInputElement.setSelectionRange (/Users/abhiroop.chaudhuri/Desktop/DEVELOPMENT/MDS/design-system/node_modules/jest-environment-jsdom-fifteen/node_modules/jsdom/lib/jsdom/living/generated/HTMLInputElement.js:187:23)
        at /Users/abhiroop.chaudhuri/Desktop/DEVELOPMENT/MDS/design-system/core/components/atoms/input/Input.tsx:4208:17
        at commitHookEffectListMount (/Users/abhiroop.chaudhuri/Desktop/DEVELOPMENT/MDS/design-system/node_modules/react-dom/cjs/react-dom.development.js:19731:26)
        at commitPassiveHookEffects (/Users/abhiroop.chaudhuri/Desktop/DEVELOPMENT/MDS/design-system/node_modules/react-dom/cjs/react-dom.development.js:19769:11)
        at HTMLUnknownElement.callCallback (/Users/abhiroop.chaudhuri/Desktop/DEVELOPMENT/MDS/design-system/node_modules/react-dom/cjs/react-dom.development.js:188:14)
        at innerInvokeEventListeners (/Users/abhiroop.chaudhuri/Desktop/DEVELOPMENT/MDS/design-system/node_modules/jest-environment-jsdom-fifteen/node_modules/jsdom/lib/jsdom/living/events/EventTarget-impl.js:316:27)
        at invokeEventListeners (/Users/abhiroop.chaudhuri/Desktop/DEVELOPMENT/MDS/design-system/node_modules/jest-environment-jsdom-fifteen/node_modules/jsdom/lib/jsdom/living/events/EventTarget-impl.js:267:3)
        at HTMLUnknownElementImpl._dispatch (/Users/abhiroop.chaudhuri/Desktop/DEVELOPMENT/MDS/design-system/node_modules/jest-environment-jsdom-fifteen/node_modules/jsdom/lib/jsdom/living/events/EventTarget-impl.js:214:9)
        at HTMLUnknownElementImpl.dispatchEvent (/Users/abhiroop.chaudhuri/Desktop/DEVELOPMENT/MDS/design-system/node_modules/jest-environment-jsdom-fifteen/node_modules/jsdom/lib/jsdom/living/events/EventTarget-impl.js:87:17)

  console.error core/components/atoms/input/Input.tsx:4212
    Error setting selection range: DOMException [InvalidStateError]: The object is in an invalid state.
        at HTMLInputElementImpl.setSelectionRange (/Users/abhiroop.chaudhuri/Desktop/DEVELOPMENT/MDS/design-system/node_modules/jest-environment-jsdom-fifteen/node_modules/jsdom/lib/jsdom/living/nodes/HTMLInputElement-impl.js:495:13)
        at HTMLInputElement.setSelectionRange (/Users/abhiroop.chaudhuri/Desktop/DEVELOPMENT/MDS/design-system/node_modules/jest-environment-jsdom-fifteen/node_modules/jsdom/lib/jsdom/living/generated/HTMLInputElement.js:187:23)
        at /Users/abhiroop.chaudhuri/Desktop/DEVELOPMENT/MDS/design-system/core/components/atoms/input/Input.tsx:4208:17
        at commitHookEffectListMount (/Users/abhiroop.chaudhuri/Desktop/DEVELOPMENT/MDS/design-system/node_modules/react-dom/cjs/react-dom.development.js:19731:26)
        at commitPassiveHookEffects (/Users/abhiroop.chaudhuri/Desktop/DEVELOPMENT/MDS/design-system/node_modules/react-dom/cjs/react-dom.development.js:19769:11)
        at HTMLUnknownElement.callCallback (/Users/abhiroop.chaudhuri/Desktop/DEVELOPMENT/MDS/design-system/node_modules/react-dom/cjs/react-dom.development.js:188:14)
        at innerInvokeEventListeners (/Users/abhiroop.chaudhuri/Desktop/DEVELOPMENT/MDS/design-system/node_modules/jest-environment-jsdom-fifteen/node_modules/jsdom/lib/jsdom/living/events/EventTarget-impl.js:316:27)
        at invokeEventListeners (/Users/abhiroop.chaudhuri/Desktop/DEVELOPMENT/MDS/design-system/node_modules/jest-environment-jsdom-fifteen/node_modules/jsdom/lib/jsdom/living/events/EventTarget-impl.js:267:3)
        at HTMLUnknownElementImpl._dispatch (/Users/abhiroop.chaudhuri/Desktop/DEVELOPMENT/MDS/design-system/node_modules/jest-environment-jsdom-fifteen/node_modules/jsdom/lib/jsdom/living/events/EventTarget-impl.js:214:9)
        at HTMLUnknownElementImpl.dispatchEvent (/Users/abhiroop.chaudhuri/Desktop/DEVELOPMENT/MDS/design-system/node_modules/jest-environment-jsdom-fifteen/node_modules/jsdom/lib/jsdom/living/events/EventTarget-impl.js:87:17)

  console.error core/components/atoms/input/Input.tsx:4212
    Error setting selection range: DOMException [InvalidStateError]: The object is in an invalid state.
        at HTMLInputElementImpl.setSelectionRange (/Users/abhiroop.chaudhuri/Desktop/DEVELOPMENT/MDS/design-system/node_modules/jest-environment-jsdom-fifteen/node_modules/jsdom/lib/jsdom/living/nodes/HTMLInputElement-impl.js:495:13)
        at HTMLInputElement.setSelectionRange (/Users/abhiroop.chaudhuri/Desktop/DEVELOPMENT/MDS/design-system/node_modules/jest-environment-jsdom-fifteen/node_modules/jsdom/lib/jsdom/living/generated/HTMLInputElement.js:187:23)
        at /Users/abhiroop.chaudhuri/Desktop/DEVELOPMENT/MDS/design-system/core/components/atoms/input/Input.tsx:4208:17
        at commitHookEffectListMount (/Users/abhiroop.chaudhuri/Desktop/DEVELOPMENT/MDS/design-system/node_modules/react-dom/cjs/react-dom.development.js:19731:26)
        at commitPassiveHookEffects (/Users/abhiroop.chaudhuri/Desktop/DEVELOPMENT/MDS/design-system/node_modules/react-dom/cjs/react-dom.development.js:19769:11)
        at HTMLUnknownElement.callCallback (/Users/abhiroop.chaudhuri/Desktop/DEVELOPMENT/MDS/design-system/node_modules/react-dom/cjs/react-dom.development.js:188:14)
        at innerInvokeEventListeners (/Users/abhiroop.chaudhuri/Desktop/DEVELOPMENT/MDS/design-system/node_modules/jest-environment-jsdom-fifteen/node_modules/jsdom/lib/jsdom/living/events/EventTarget-impl.js:316:27)
        at invokeEventListeners (/Users/abhiroop.chaudhuri/Desktop/DEVELOPMENT/MDS/design-system/node_modules/jest-environment-jsdom-fifteen/node_modules/jsdom/lib/jsdom/living/events/EventTarget-impl.js:267:3)
        at HTMLUnknownElementImpl._dispatch (/Users/abhiroop.chaudhuri/Desktop/DEVELOPMENT/MDS/design-system/node_modules/jest-environment-jsdom-fifteen/node_modules/jsdom/lib/jsdom/living/events/EventTarget-impl.js:214:9)
        at HTMLUnknownElementImpl.dispatchEvent (/Users/abhiroop.chaudhuri/Desktop/DEVELOPMENT/MDS/design-system/node_modules/jest-environment-jsdom-fifteen/node_modules/jsdom/lib/jsdom/living/events/EventTarget-impl.js:87:17)

  console.error node_modules/react-dom/cjs/react-dom.development.js:88
    Warning: An update to SegmentedControl inside a test was not wrapped in act(...).
    
    When testing, code that causes React state updates should be wrapped into act(...):
    
    act(() => {
      /* fire events that update state */
    });
    /* assert on the output */
    
    This ensures that you're testing the behavior the user would see in the browser. Learn more at https://fb.me/react-wrap-tests-with-act
        in SegmentedControl

  console.error node_modules/react-dom/cjs/react-dom.development.js:88
    Warning: An update to SegmentedControl inside a test was not wrapped in act(...).
    
    When testing, code that causes React state updates should be wrapped into act(...):
    
    act(() => {
      /* fire events that update state */
    });
    /* assert on the output */
    
    This ensures that you're testing the behavior the user would see in the browser. Learn more at https://fb.me/react-wrap-tests-with-act
        in SegmentedControl

  console.error core/components/atoms/input/Input.tsx:4212
    Error setting selection range: DOMException [InvalidStateError]: The object is in an invalid state.
        at HTMLInputElementImpl.setSelectionRange (/Users/abhiroop.chaudhuri/Desktop/DEVELOPMENT/MDS/design-system/node_modules/jest-environment-jsdom-fifteen/node_modules/jsdom/lib/jsdom/living/nodes/HTMLInputElement-impl.js:495:13)
        at HTMLInputElement.setSelectionRange (/Users/abhiroop.chaudhuri/Desktop/DEVELOPMENT/MDS/design-system/node_modules/jest-environment-jsdom-fifteen/node_modules/jsdom/lib/jsdom/living/generated/HTMLInputElement.js:187:23)
        at /Users/abhiroop.chaudhuri/Desktop/DEVELOPMENT/MDS/design-system/core/components/atoms/input/Input.tsx:4208:17
        at commitHookEffectListMount (/Users/abhiroop.chaudhuri/Desktop/DEVELOPMENT/MDS/design-system/node_modules/react-dom/cjs/react-dom.development.js:19731:26)
        at commitPassiveHookEffects (/Users/abhiroop.chaudhuri/Desktop/DEVELOPMENT/MDS/design-system/node_modules/react-dom/cjs/react-dom.development.js:19769:11)
        at HTMLUnknownElement.callCallback (/Users/abhiroop.chaudhuri/Desktop/DEVELOPMENT/MDS/design-system/node_modules/react-dom/cjs/react-dom.development.js:188:14)
        at innerInvokeEventListeners (/Users/abhiroop.chaudhuri/Desktop/DEVELOPMENT/MDS/design-system/node_modules/jest-environment-jsdom-fifteen/node_modules/jsdom/lib/jsdom/living/events/EventTarget-impl.js:316:27)
        at invokeEventListeners (/Users/abhiroop.chaudhuri/Desktop/DEVELOPMENT/MDS/design-system/node_modules/jest-environment-jsdom-fifteen/node_modules/jsdom/lib/jsdom/living/events/EventTarget-impl.js:267:3)
        at HTMLUnknownElementImpl._dispatch (/Users/abhiroop.chaudhuri/Desktop/DEVELOPMENT/MDS/design-system/node_modules/jest-environment-jsdom-fifteen/node_modules/jsdom/lib/jsdom/living/events/EventTarget-impl.js:214:9)
        at HTMLUnknownElementImpl.dispatchEvent (/Users/abhiroop.chaudhuri/Desktop/DEVELOPMENT/MDS/design-system/node_modules/jest-environment-jsdom-fifteen/node_modules/jsdom/lib/jsdom/living/events/EventTarget-impl.js:87:17)

  console.error node_modules/react-dom/cjs/react-dom.development.js:88
    Warning: An update to SegmentedControl inside a test was not wrapped in act(...).
    
    When testing, code that causes React state updates should be wrapped into act(...):
    
    act(() => {
      /* fire events that update state */
    });
    /* assert on the output */
    
    This ensures that you're testing the behavior the user would see in the browser. Learn more at https://fb.me/react-wrap-tests-with-act
        in SegmentedControl

  console.error node_modules/react-dom/cjs/react-dom.development.js:88
    Warning: An update to SegmentedControl inside a test was not wrapped in act(...).
    
    When testing, code that causes React state updates should be wrapped into act(...):
    
    act(() => {
      /* fire events that update state */
    });
    /* assert on the output */
    
    This ensures that you're testing the behavior the user would see in the browser. Learn more at https://fb.me/react-wrap-tests-with-act
        in SegmentedControl

  console.error node_modules/react-dom/cjs/react-dom.development.js:88
    Warning: An update to SegmentedControl inside a test was not wrapped in act(...).
    
    When testing, code that causes React state updates should be wrapped into act(...):
    
    act(() => {
      /* fire events that update state */
    });
    /* assert on the output */
    
    This ensures that you're testing the behavior the user would see in the browser. Learn more at https://fb.me/react-wrap-tests-with-act
        in SegmentedControl

  console.error node_modules/react-dom/cjs/react-dom.development.js:88
    Warning: An update to SegmentedControl inside a test was not wrapped in act(...).
    
    When testing, code that causes React state updates should be wrapped into act(...):
    
    act(() => {
      /* fire events that update state */
    });
    /* assert on the output */
    
    This ensures that you're testing the behavior the user would see in the browser. Learn more at https://fb.me/react-wrap-tests-with-act
        in SegmentedControl

  console.error core/components/atoms/input/Input.tsx:4212
    Error setting selection range: DOMException [InvalidStateError]: The object is in an invalid state.
        at HTMLInputElementImpl.setSelectionRange (/Users/abhiroop.chaudhuri/Desktop/DEVELOPMENT/MDS/design-system/node_modules/jest-environment-jsdom-fifteen/node_modules/jsdom/lib/jsdom/living/nodes/HTMLInputElement-impl.js:495:13)
        at HTMLInputElement.setSelectionRange (/Users/abhiroop.chaudhuri/Desktop/DEVELOPMENT/MDS/design-system/node_modules/jest-environment-jsdom-fifteen/node_modules/jsdom/lib/jsdom/living/generated/HTMLInputElement.js:187:23)
        at /Users/abhiroop.chaudhuri/Desktop/DEVELOPMENT/MDS/design-system/core/components/atoms/input/Input.tsx:4208:17
        at commitHookEffectListMount (/Users/abhiroop.chaudhuri/Desktop/DEVELOPMENT/MDS/design-system/node_modules/react-dom/cjs/react-dom.development.js:19731:26)
        at commitPassiveHookEffects (/Users/abhiroop.chaudhuri/Desktop/DEVELOPMENT/MDS/design-system/node_modules/react-dom/cjs/react-dom.development.js:19769:11)
        at HTMLUnknownElement.callCallback (/Users/abhiroop.chaudhuri/Desktop/DEVELOPMENT/MDS/design-system/node_modules/react-dom/cjs/react-dom.development.js:188:14)
        at innerInvokeEventListeners (/Users/abhiroop.chaudhuri/Desktop/DEVELOPMENT/MDS/design-system/node_modules/jest-environment-jsdom-fifteen/node_modules/jsdom/lib/jsdom/living/events/EventTarget-impl.js:316:27)
        at invokeEventListeners (/Users/abhiroop.chaudhuri/Desktop/DEVELOPMENT/MDS/design-system/node_modules/jest-environment-jsdom-fifteen/node_modules/jsdom/lib/jsdom/living/events/EventTarget-impl.js:267:3)
        at HTMLUnknownElementImpl._dispatch (/Users/abhiroop.chaudhuri/Desktop/DEVELOPMENT/MDS/design-system/node_modules/jest-environment-jsdom-fifteen/node_modules/jsdom/lib/jsdom/living/events/EventTarget-impl.js:214:9)
        at HTMLUnknownElementImpl.dispatchEvent (/Users/abhiroop.chaudhuri/Desktop/DEVELOPMENT/MDS/design-system/node_modules/jest-environment-jsdom-fifteen/node_modules/jsdom/lib/jsdom/living/events/EventTarget-impl.js:87:17)

  console.error node_modules/react-dom/cjs/react-dom.development.js:88
    Warning: An update to SegmentedControl inside a test was not wrapped in act(...).
    
    When testing, code that causes React state updates should be wrapped into act(...):
    
    act(() => {
      /* fire events that update state */
    });
    /* assert on the output */
    
    This ensures that you're testing the behavior the user would see in the browser. Learn more at https://fb.me/react-wrap-tests-with-act
        in SegmentedControl

  console.error node_modules/react-dom/cjs/react-dom.development.js:88
    Warning: An update to SegmentedControl inside a test was not wrapped in act(...).
    
    When testing, code that causes React state updates should be wrapped into act(...):
    
    act(() => {
      /* fire events that update state */
    });
    /* assert on the output */
    
    This ensures that you're testing the behavior the user would see in the browser. Learn more at https://fb.me/react-wrap-tests-with-act
        in SegmentedControl

  console.error node_modules/react-dom/cjs/react-dom.development.js:88
    Warning: An update to SegmentedControl inside a test was not wrapped in act(...).
    
    When testing, code that causes React state updates should be wrapped into act(...):
    
    act(() => {
      /* fire events that update state */
    });
    /* assert on the output */
    
    This ensures that you're testing the behavior the user would see in the browser. Learn more at https://fb.me/react-wrap-tests-with-act
        in SegmentedControl

  console.error node_modules/react-dom/cjs/react-dom.development.js:88
    Warning: An update to SegmentedControl inside a test was not wrapped in act(...).
    
    When testing, code that causes React state updates should be wrapped into act(...):
    
    act(() => {
      /* fire events that update state */
    });
    /* assert on the output */
    
    This ensures that you're testing the behavior the user would see in the browser. Learn more at https://fb.me/react-wrap-tests-with-act
        in SegmentedControl

  console.error core/components/atoms/input/Input.tsx:4212
    Error setting selection range: DOMException [InvalidStateError]: The object is in an invalid state.
        at HTMLInputElementImpl.setSelectionRange (/Users/abhiroop.chaudhuri/Desktop/DEVELOPMENT/MDS/design-system/node_modules/jest-environment-jsdom-fifteen/node_modules/jsdom/lib/jsdom/living/nodes/HTMLInputElement-impl.js:495:13)
        at HTMLInputElement.setSelectionRange (/Users/abhiroop.chaudhuri/Desktop/DEVELOPMENT/MDS/design-system/node_modules/jest-environment-jsdom-fifteen/node_modules/jsdom/lib/jsdom/living/generated/HTMLInputElement.js:187:23)
        at /Users/abhiroop.chaudhuri/Desktop/DEVELOPMENT/MDS/design-system/core/components/atoms/input/Input.tsx:4208:17
        at commitHookEffectListMount (/Users/abhiroop.chaudhuri/Desktop/DEVELOPMENT/MDS/design-system/node_modules/react-dom/cjs/react-dom.development.js:19731:26)
        at commitPassiveHookEffects (/Users/abhiroop.chaudhuri/Desktop/DEVELOPMENT/MDS/design-system/node_modules/react-dom/cjs/react-dom.development.js:19769:11)
        at HTMLUnknownElement.callCallback (/Users/abhiroop.chaudhuri/Desktop/DEVELOPMENT/MDS/design-system/node_modules/react-dom/cjs/react-dom.development.js:188:14)
        at innerInvokeEventListeners (/Users/abhiroop.chaudhuri/Desktop/DEVELOPMENT/MDS/design-system/node_modules/jest-environment-jsdom-fifteen/node_modules/jsdom/lib/jsdom/living/events/EventTarget-impl.js:316:27)
        at invokeEventListeners (/Users/abhiroop.chaudhuri/Desktop/DEVELOPMENT/MDS/design-system/node_modules/jest-environment-jsdom-fifteen/node_modules/jsdom/lib/jsdom/living/events/EventTarget-impl.js:267:3)
        at HTMLUnknownElementImpl._dispatch (/Users/abhiroop.chaudhuri/Desktop/DEVELOPMENT/MDS/design-system/node_modules/jest-environment-jsdom-fifteen/node_modules/jsdom/lib/jsdom/living/events/EventTarget-impl.js:214:9)
        at HTMLUnknownElementImpl.dispatchEvent (/Users/abhiroop.chaudhuri/Desktop/DEVELOPMENT/MDS/design-system/node_modules/jest-environment-jsdom-fifteen/node_modules/jsdom/lib/jsdom/living/events/EventTarget-impl.js:87:17)

  console.error core/components/atoms/input/Input.tsx:4212
    Error setting selection range: DOMException [InvalidStateError]: The object is in an invalid state.
        at HTMLInputElementImpl.setSelectionRange (/Users/abhiroop.chaudhuri/Desktop/DEVELOPMENT/MDS/design-system/node_modules/jest-environment-jsdom-fifteen/node_modules/jsdom/lib/jsdom/living/nodes/HTMLInputElement-impl.js:495:13)
        at HTMLInputElement.setSelectionRange (/Users/abhiroop.chaudhuri/Desktop/DEVELOPMENT/MDS/design-system/node_modules/jest-environment-jsdom-fifteen/node_modules/jsdom/lib/jsdom/living/generated/HTMLInputElement.js:187:23)
        at /Users/abhiroop.chaudhuri/Desktop/DEVELOPMENT/MDS/design-system/core/components/atoms/input/Input.tsx:4208:17
        at commitHookEffectListMount (/Users/abhiroop.chaudhuri/Desktop/DEVELOPMENT/MDS/design-system/node_modules/react-dom/cjs/react-dom.development.js:19731:26)
        at commitPassiveHookEffects (/Users/abhiroop.chaudhuri/Desktop/DEVELOPMENT/MDS/design-system/node_modules/react-dom/cjs/react-dom.development.js:19769:11)
        at HTMLUnknownElement.callCallback (/Users/abhiroop.chaudhuri/Desktop/DEVELOPMENT/MDS/design-system/node_modules/react-dom/cjs/react-dom.development.js:188:14)
        at innerInvokeEventListeners (/Users/abhiroop.chaudhuri/Desktop/DEVELOPMENT/MDS/design-system/node_modules/jest-environment-jsdom-fifteen/node_modules/jsdom/lib/jsdom/living/events/EventTarget-impl.js:316:27)
        at invokeEventListeners (/Users/abhiroop.chaudhuri/Desktop/DEVELOPMENT/MDS/design-system/node_modules/jest-environment-jsdom-fifteen/node_modules/jsdom/lib/jsdom/living/events/EventTarget-impl.js:267:3)
        at HTMLUnknownElementImpl._dispatch (/Users/abhiroop.chaudhuri/Desktop/DEVELOPMENT/MDS/design-system/node_modules/jest-environment-jsdom-fifteen/node_modules/jsdom/lib/jsdom/living/events/EventTarget-impl.js:214:9)
        at HTMLUnknownElementImpl.dispatchEvent (/Users/abhiroop.chaudhuri/Desktop/DEVELOPMENT/MDS/design-system/node_modules/jest-environment-jsdom-fifteen/node_modules/jsdom/lib/jsdom/living/events/EventTarget-impl.js:87:17)

  console.error core/components/atoms/input/Input.tsx:4212
    Error setting selection range: DOMException [InvalidStateError]: The object is in an invalid state.
        at HTMLInputElementImpl.setSelectionRange (/Users/abhiroop.chaudhuri/Desktop/DEVELOPMENT/MDS/design-system/node_modules/jest-environment-jsdom-fifteen/node_modules/jsdom/lib/jsdom/living/nodes/HTMLInputElement-impl.js:495:13)
        at HTMLInputElement.setSelectionRange (/Users/abhiroop.chaudhuri/Desktop/DEVELOPMENT/MDS/design-system/node_modules/jest-environment-jsdom-fifteen/node_modules/jsdom/lib/jsdom/living/generated/HTMLInputElement.js:187:23)
        at /Users/abhiroop.chaudhuri/Desktop/DEVELOPMENT/MDS/design-system/core/components/atoms/input/Input.tsx:4208:17
        at commitHookEffectListMount (/Users/abhiroop.chaudhuri/Desktop/DEVELOPMENT/MDS/design-system/node_modules/react-dom/cjs/react-dom.development.js:19731:26)
        at commitPassiveHookEffects (/Users/abhiroop.chaudhuri/Desktop/DEVELOPMENT/MDS/design-system/node_modules/react-dom/cjs/react-dom.development.js:19769:11)
        at HTMLUnknownElement.callCallback (/Users/abhiroop.chaudhuri/Desktop/DEVELOPMENT/MDS/design-system/node_modules/react-dom/cjs/react-dom.development.js:188:14)
        at innerInvokeEventListeners (/Users/abhiroop.chaudhuri/Desktop/DEVELOPMENT/MDS/design-system/node_modules/jest-environment-jsdom-fifteen/node_modules/jsdom/lib/jsdom/living/events/EventTarget-impl.js:316:27)
        at invokeEventListeners (/Users/abhiroop.chaudhuri/Desktop/DEVELOPMENT/MDS/design-system/node_modules/jest-environment-jsdom-fifteen/node_modules/jsdom/lib/jsdom/living/events/EventTarget-impl.js:267:3)
        at HTMLUnknownElementImpl._dispatch (/Users/abhiroop.chaudhuri/Desktop/DEVELOPMENT/MDS/design-system/node_modules/jest-environment-jsdom-fifteen/node_modules/jsdom/lib/jsdom/living/events/EventTarget-impl.js:214:9)
        at HTMLUnknownElementImpl.dispatchEvent (/Users/abhiroop.chaudhuri/Desktop/DEVELOPMENT/MDS/design-system/node_modules/jest-environment-jsdom-fifteen/node_modules/jsdom/lib/jsdom/living/events/EventTarget-impl.js:87:17)

  console.error core/components/atoms/input/Input.tsx:4212
    Error setting selection range: DOMException [InvalidStateError]: The object is in an invalid state.
        at HTMLInputElementImpl.setSelectionRange (/Users/abhiroop.chaudhuri/Desktop/DEVELOPMENT/MDS/design-system/node_modules/jest-environment-jsdom-fifteen/node_modules/jsdom/lib/jsdom/living/nodes/HTMLInputElement-impl.js:495:13)
        at HTMLInputElement.setSelectionRange (/Users/abhiroop.chaudhuri/Desktop/DEVELOPMENT/MDS/design-system/node_modules/jest-environment-jsdom-fifteen/node_modules/jsdom/lib/jsdom/living/generated/HTMLInputElement.js:187:23)
        at /Users/abhiroop.chaudhuri/Desktop/DEVELOPMENT/MDS/design-system/core/components/atoms/input/Input.tsx:4208:17
        at commitHookEffectListMount (/Users/abhiroop.chaudhuri/Desktop/DEVELOPMENT/MDS/design-system/node_modules/react-dom/cjs/react-dom.development.js:19731:26)
        at commitPassiveHookEffects (/Users/abhiroop.chaudhuri/Desktop/DEVELOPMENT/MDS/design-system/node_modules/react-dom/cjs/react-dom.development.js:19769:11)
        at HTMLUnknownElement.callCallback (/Users/abhiroop.chaudhuri/Desktop/DEVELOPMENT/MDS/design-system/node_modules/react-dom/cjs/react-dom.development.js:188:14)
        at innerInvokeEventListeners (/Users/abhiroop.chaudhuri/Desktop/DEVELOPMENT/MDS/design-system/node_modules/jest-environment-jsdom-fifteen/node_modules/jsdom/lib/jsdom/living/events/EventTarget-impl.js:316:27)
        at invokeEventListeners (/Users/abhiroop.chaudhuri/Desktop/DEVELOPMENT/MDS/design-system/node_modules/jest-environment-jsdom-fifteen/node_modules/jsdom/lib/jsdom/living/events/EventTarget-impl.js:267:3)
        at HTMLUnknownElementImpl._dispatch (/Users/abhiroop.chaudhuri/Desktop/DEVELOPMENT/MDS/design-system/node_modules/jest-environment-jsdom-fifteen/node_modules/jsdom/lib/jsdom/living/events/EventTarget-impl.js:214:9)
        at HTMLUnknownElementImpl.dispatchEvent (/Users/abhiroop.chaudhuri/Desktop/DEVELOPMENT/MDS/design-system/node_modules/jest-environment-jsdom-fifteen/node_modules/jsdom/lib/jsdom/living/events/EventTarget-impl.js:87:17)

  console.error node_modules/react-dom/cjs/react-dom.development.js:88
    Warning: An update to SegmentedControl inside a test was not wrapped in act(...).
    
    When testing, code that causes React state updates should be wrapped into act(...):
    
    act(() => {
      /* fire events that update state */
    });
    /* assert on the output */
    
    This ensures that you're testing the behavior the user would see in the browser. Learn more at https://fb.me/react-wrap-tests-with-act
        in SegmentedControl

  console.error node_modules/react-dom/cjs/react-dom.development.js:88
    Warning: An update to SegmentedControl inside a test was not wrapped in act(...).
    
    When testing, code that causes React state updates should be wrapped into act(...):
    
    act(() => {
      /* fire events that update state */
    });
    /* assert on the output */
    
    This ensures that you're testing the behavior the user would see in the browser. Learn more at https://fb.me/react-wrap-tests-with-act
        in SegmentedControl

  console.error node_modules/react-dom/cjs/react-dom.development.js:88
    Warning: An update to SegmentedControl inside a test was not wrapped in act(...).
    
    When testing, code that causes React state updates should be wrapped into act(...):
    
    act(() => {
      /* fire events that update state */
    });
    /* assert on the output */
    
    This ensures that you're testing the behavior the user would see in the browser. Learn more at https://fb.me/react-wrap-tests-with-act
        in SegmentedControl

  console.error node_modules/react-dom/cjs/react-dom.development.js:88
    Warning: An update to SegmentedControl inside a test was not wrapped in act(...).
    
    When testing, code that causes React state updates should be wrapped into act(...):
    
    act(() => {
      /* fire events that update state */
    });
    /* assert on the output */
    
    This ensures that you're testing the behavior the user would see in the browser. Learn more at https://fb.me/react-wrap-tests-with-act
        in SegmentedControl

  console.error node_modules/react-dom/cjs/react-dom.development.js:88
    Warning: An update to SegmentedControl inside a test was not wrapped in act(...).
    
    When testing, code that causes React state updates should be wrapped into act(...):
    
    act(() => {
      /* fire events that update state */
    });
    /* assert on the output */
    
    This ensures that you're testing the behavior the user would see in the browser. Learn more at https://fb.me/react-wrap-tests-with-act
        in SegmentedControl

  console.error node_modules/react-dom/cjs/react-dom.development.js:88
    Warning: An update to SegmentedControl inside a test was not wrapped in act(...).
    
    When testing, code that causes React state updates should be wrapped into act(...):
    
    act(() => {
      /* fire events that update state */
    });
    /* assert on the output */
    
    This ensures that you're testing the behavior the user would see in the browser. Learn more at https://fb.me/react-wrap-tests-with-act
        in SegmentedControl

  console.error node_modules/react-dom/cjs/react-dom.development.js:88
    Warning: Can't perform a React state update on an unmounted component. This is a no-op, but it indicates a memory leak in your application. To fix, cancel all subscriptions and asynchronous tasks in the componentWillUnmount method.
        in Table

  console.error core/components/atoms/input/Input.tsx:4212
    Error setting selection range: DOMException [InvalidStateError]: The object is in an invalid state.
        at HTMLInputElementImpl.setSelectionRange (/Users/abhiroop.chaudhuri/Desktop/DEVELOPMENT/MDS/design-system/node_modules/jest-environment-jsdom-fifteen/node_modules/jsdom/lib/jsdom/living/nodes/HTMLInputElement-impl.js:495:13)
        at HTMLInputElement.setSelectionRange (/Users/abhiroop.chaudhuri/Desktop/DEVELOPMENT/MDS/design-system/node_modules/jest-environment-jsdom-fifteen/node_modules/jsdom/lib/jsdom/living/generated/HTMLInputElement.js:187:23)
        at /Users/abhiroop.chaudhuri/Desktop/DEVELOPMENT/MDS/design-system/core/components/atoms/input/Input.tsx:4208:17
        at commitHookEffectListMount (/Users/abhiroop.chaudhuri/Desktop/DEVELOPMENT/MDS/design-system/node_modules/react-dom/cjs/react-dom.development.js:19731:26)
        at commitPassiveHookEffects (/Users/abhiroop.chaudhuri/Desktop/DEVELOPMENT/MDS/design-system/node_modules/react-dom/cjs/react-dom.development.js:19769:11)
        at HTMLUnknownElement.callCallback (/Users/abhiroop.chaudhuri/Desktop/DEVELOPMENT/MDS/design-system/node_modules/react-dom/cjs/react-dom.development.js:188:14)
        at innerInvokeEventListeners (/Users/abhiroop.chaudhuri/Desktop/DEVELOPMENT/MDS/design-system/node_modules/jest-environment-jsdom-fifteen/node_modules/jsdom/lib/jsdom/living/events/EventTarget-impl.js:316:27)
        at invokeEventListeners (/Users/abhiroop.chaudhuri/Desktop/DEVELOPMENT/MDS/design-system/node_modules/jest-environment-jsdom-fifteen/node_modules/jsdom/lib/jsdom/living/events/EventTarget-impl.js:267:3)
        at HTMLUnknownElementImpl._dispatch (/Users/abhiroop.chaudhuri/Desktop/DEVELOPMENT/MDS/design-system/node_modules/jest-environment-jsdom-fifteen/node_modules/jsdom/lib/jsdom/living/events/EventTarget-impl.js:214:9)
        at HTMLUnknownElementImpl.dispatchEvent (/Users/abhiroop.chaudhuri/Desktop/DEVELOPMENT/MDS/design-system/node_modules/jest-environment-jsdom-fifteen/node_modules/jsdom/lib/jsdom/living/events/EventTarget-impl.js:87:17)

  console.error core/components/atoms/input/Input.tsx:4212
    Error setting selection range: DOMException [InvalidStateError]: The object is in an invalid state.
        at HTMLInputElementImpl.setSelectionRange (/Users/abhiroop.chaudhuri/Desktop/DEVELOPMENT/MDS/design-system/node_modules/jest-environment-jsdom-fifteen/node_modules/jsdom/lib/jsdom/living/nodes/HTMLInputElement-impl.js:495:13)
        at HTMLInputElement.setSelectionRange (/Users/abhiroop.chaudhuri/Desktop/DEVELOPMENT/MDS/design-system/node_modules/jest-environment-jsdom-fifteen/node_modules/jsdom/lib/jsdom/living/generated/HTMLInputElement.js:187:23)
        at /Users/abhiroop.chaudhuri/Desktop/DEVELOPMENT/MDS/design-system/core/components/atoms/input/Input.tsx:4208:17
        at commitHookEffectListMount (/Users/abhiroop.chaudhuri/Desktop/DEVELOPMENT/MDS/design-system/node_modules/react-dom/cjs/react-dom.development.js:19731:26)
        at commitPassiveHookEffects (/Users/abhiroop.chaudhuri/Desktop/DEVELOPMENT/MDS/design-system/node_modules/react-dom/cjs/react-dom.development.js:19769:11)
        at HTMLUnknownElement.callCallback (/Users/abhiroop.chaudhuri/Desktop/DEVELOPMENT/MDS/design-system/node_modules/react-dom/cjs/react-dom.development.js:188:14)
        at innerInvokeEventListeners (/Users/abhiroop.chaudhuri/Desktop/DEVELOPMENT/MDS/design-system/node_modules/jest-environment-jsdom-fifteen/node_modules/jsdom/lib/jsdom/living/events/EventTarget-impl.js:316:27)
        at invokeEventListeners (/Users/abhiroop.chaudhuri/Desktop/DEVELOPMENT/MDS/design-system/node_modules/jest-environment-jsdom-fifteen/node_modules/jsdom/lib/jsdom/living/events/EventTarget-impl.js:267:3)
        at HTMLUnknownElementImpl._dispatch (/Users/abhiroop.chaudhuri/Desktop/DEVELOPMENT/MDS/design-system/node_modules/jest-environment-jsdom-fifteen/node_modules/jsdom/lib/jsdom/living/events/EventTarget-impl.js:214:9)
        at HTMLUnknownElementImpl.dispatchEvent (/Users/abhiroop.chaudhuri/Desktop/DEVELOPMENT/MDS/design-system/node_modules/jest-environment-jsdom-fifteen/node_modules/jsdom/lib/jsdom/living/events/EventTarget-impl.js:87:17)

  console.error node_modules/react-dom/cjs/react-dom.development.js:88
    Warning: An update to SegmentedControl inside a test was not wrapped in act(...).
    
    When testing, code that causes React state updates should be wrapped into act(...):
    
    act(() => {
      /* fire events that update state */
    });
    /* assert on the output */
    
    This ensures that you're testing the behavior the user would see in the browser. Learn more at https://fb.me/react-wrap-tests-with-act
        in SegmentedControl

  console.error node_modules/react-dom/cjs/react-dom.development.js:88
    Warning: An update to SegmentedControl inside a test was not wrapped in act(...).
    
    When testing, code that causes React state updates should be wrapped into act(...):
    
    act(() => {
      /* fire events that update state */
    });
    /* assert on the output */
    
    This ensures that you're testing the behavior the user would see in the browser. Learn more at https://fb.me/react-wrap-tests-with-act
        in SegmentedControl

  console.error core/components/atoms/input/Input.tsx:4212
    Error setting selection range: DOMException [InvalidStateError]: The object is in an invalid state.
        at HTMLInputElementImpl.setSelectionRange (/Users/abhiroop.chaudhuri/Desktop/DEVELOPMENT/MDS/design-system/node_modules/jest-environment-jsdom-fifteen/node_modules/jsdom/lib/jsdom/living/nodes/HTMLInputElement-impl.js:495:13)
        at HTMLInputElement.setSelectionRange (/Users/abhiroop.chaudhuri/Desktop/DEVELOPMENT/MDS/design-system/node_modules/jest-environment-jsdom-fifteen/node_modules/jsdom/lib/jsdom/living/generated/HTMLInputElement.js:187:23)
        at /Users/abhiroop.chaudhuri/Desktop/DEVELOPMENT/MDS/design-system/core/components/atoms/input/Input.tsx:4208:17
        at commitHookEffectListMount (/Users/abhiroop.chaudhuri/Desktop/DEVELOPMENT/MDS/design-system/node_modules/react-dom/cjs/react-dom.development.js:19731:26)
        at commitPassiveHookEffects (/Users/abhiroop.chaudhuri/Desktop/DEVELOPMENT/MDS/design-system/node_modules/react-dom/cjs/react-dom.development.js:19769:11)
        at HTMLUnknownElement.callCallback (/Users/abhiroop.chaudhuri/Desktop/DEVELOPMENT/MDS/design-system/node_modules/react-dom/cjs/react-dom.development.js:188:14)
        at innerInvokeEventListeners (/Users/abhiroop.chaudhuri/Desktop/DEVELOPMENT/MDS/design-system/node_modules/jest-environment-jsdom-fifteen/node_modules/jsdom/lib/jsdom/living/events/EventTarget-impl.js:316:27)
        at invokeEventListeners (/Users/abhiroop.chaudhuri/Desktop/DEVELOPMENT/MDS/design-system/node_modules/jest-environment-jsdom-fifteen/node_modules/jsdom/lib/jsdom/living/events/EventTarget-impl.js:267:3)
        at HTMLUnknownElementImpl._dispatch (/Users/abhiroop.chaudhuri/Desktop/DEVELOPMENT/MDS/design-system/node_modules/jest-environment-jsdom-fifteen/node_modules/jsdom/lib/jsdom/living/events/EventTarget-impl.js:214:9)
        at HTMLUnknownElementImpl.dispatchEvent (/Users/abhiroop.chaudhuri/Desktop/DEVELOPMENT/MDS/design-system/node_modules/jest-environment-jsdom-fifteen/node_modules/jsdom/lib/jsdom/living/events/EventTarget-impl.js:87:17)

  console.error core/components/atoms/input/Input.tsx:4212
    Error setting selection range: DOMException [InvalidStateError]: The object is in an invalid state.
        at HTMLInputElementImpl.setSelectionRange (/Users/abhiroop.chaudhuri/Desktop/DEVELOPMENT/MDS/design-system/node_modules/jest-environment-jsdom-fifteen/node_modules/jsdom/lib/jsdom/living/nodes/HTMLInputElement-impl.js:495:13)
        at HTMLInputElement.setSelectionRange (/Users/abhiroop.chaudhuri/Desktop/DEVELOPMENT/MDS/design-system/node_modules/jest-environment-jsdom-fifteen/node_modules/jsdom/lib/jsdom/living/generated/HTMLInputElement.js:187:23)
        at /Users/abhiroop.chaudhuri/Desktop/DEVELOPMENT/MDS/design-system/core/components/atoms/input/Input.tsx:4208:17
        at commitHookEffectListMount (/Users/abhiroop.chaudhuri/Desktop/DEVELOPMENT/MDS/design-system/node_modules/react-dom/cjs/react-dom.development.js:19731:26)
        at commitPassiveHookEffects (/Users/abhiroop.chaudhuri/Desktop/DEVELOPMENT/MDS/design-system/node_modules/react-dom/cjs/react-dom.development.js:19769:11)
        at HTMLUnknownElement.callCallback (/Users/abhiroop.chaudhuri/Desktop/DEVELOPMENT/MDS/design-system/node_modules/react-dom/cjs/react-dom.development.js:188:14)
        at innerInvokeEventListeners (/Users/abhiroop.chaudhuri/Desktop/DEVELOPMENT/MDS/design-system/node_modules/jest-environment-jsdom-fifteen/node_modules/jsdom/lib/jsdom/living/events/EventTarget-impl.js:316:27)
        at invokeEventListeners (/Users/abhiroop.chaudhuri/Desktop/DEVELOPMENT/MDS/design-system/node_modules/jest-environment-jsdom-fifteen/node_modules/jsdom/lib/jsdom/living/events/EventTarget-impl.js:267:3)
        at HTMLUnknownElementImpl._dispatch (/Users/abhiroop.chaudhuri/Desktop/DEVELOPMENT/MDS/design-system/node_modules/jest-environment-jsdom-fifteen/node_modules/jsdom/lib/jsdom/living/events/EventTarget-impl.js:214:9)
        at HTMLUnknownElementImpl.dispatchEvent (/Users/abhiroop.chaudhuri/Desktop/DEVELOPMENT/MDS/design-system/node_modules/jest-environment-jsdom-fifteen/node_modules/jsdom/lib/jsdom/living/events/EventTarget-impl.js:87:17)

  console.error core/components/atoms/input/Input.tsx:4212
    Error setting selection range: DOMException [InvalidStateError]: The object is in an invalid state.
        at HTMLInputElementImpl.setSelectionRange (/Users/abhiroop.chaudhuri/Desktop/DEVELOPMENT/MDS/design-system/node_modules/jest-environment-jsdom-fifteen/node_modules/jsdom/lib/jsdom/living/nodes/HTMLInputElement-impl.js:495:13)
        at HTMLInputElement.setSelectionRange (/Users/abhiroop.chaudhuri/Desktop/DEVELOPMENT/MDS/design-system/node_modules/jest-environment-jsdom-fifteen/node_modules/jsdom/lib/jsdom/living/generated/HTMLInputElement.js:187:23)
        at /Users/abhiroop.chaudhuri/Desktop/DEVELOPMENT/MDS/design-system/core/components/atoms/input/Input.tsx:4208:17
        at commitHookEffectListMount (/Users/abhiroop.chaudhuri/Desktop/DEVELOPMENT/MDS/design-system/node_modules/react-dom/cjs/react-dom.development.js:19731:26)
        at commitPassiveHookEffects (/Users/abhiroop.chaudhuri/Desktop/DEVELOPMENT/MDS/design-system/node_modules/react-dom/cjs/react-dom.development.js:19769:11)
        at HTMLUnknownElement.callCallback (/Users/abhiroop.chaudhuri/Desktop/DEVELOPMENT/MDS/design-system/node_modules/react-dom/cjs/react-dom.development.js:188:14)
        at innerInvokeEventListeners (/Users/abhiroop.chaudhuri/Desktop/DEVELOPMENT/MDS/design-system/node_modules/jest-environment-jsdom-fifteen/node_modules/jsdom/lib/jsdom/living/events/EventTarget-impl.js:316:27)
        at invokeEventListeners (/Users/abhiroop.chaudhuri/Desktop/DEVELOPMENT/MDS/design-system/node_modules/jest-environment-jsdom-fifteen/node_modules/jsdom/lib/jsdom/living/events/EventTarget-impl.js:267:3)
        at HTMLUnknownElementImpl._dispatch (/Users/abhiroop.chaudhuri/Desktop/DEVELOPMENT/MDS/design-system/node_modules/jest-environment-jsdom-fifteen/node_modules/jsdom/lib/jsdom/living/events/EventTarget-impl.js:214:9)
        at HTMLUnknownElementImpl.dispatchEvent (/Users/abhiroop.chaudhuri/Desktop/DEVELOPMENT/MDS/design-system/node_modules/jest-environment-jsdom-fifteen/node_modules/jsdom/lib/jsdom/living/events/EventTarget-impl.js:87:17)

  console.error core/components/atoms/input/Input.tsx:4212
    Error setting selection range: DOMException [InvalidStateError]: The object is in an invalid state.
        at HTMLInputElementImpl.setSelectionRange (/Users/abhiroop.chaudhuri/Desktop/DEVELOPMENT/MDS/design-system/node_modules/jest-environment-jsdom-fifteen/node_modules/jsdom/lib/jsdom/living/nodes/HTMLInputElement-impl.js:495:13)
        at HTMLInputElement.setSelectionRange (/Users/abhiroop.chaudhuri/Desktop/DEVELOPMENT/MDS/design-system/node_modules/jest-environment-jsdom-fifteen/node_modules/jsdom/lib/jsdom/living/generated/HTMLInputElement.js:187:23)
        at /Users/abhiroop.chaudhuri/Desktop/DEVELOPMENT/MDS/design-system/core/components/atoms/input/Input.tsx:4208:17
        at commitHookEffectListMount (/Users/abhiroop.chaudhuri/Desktop/DEVELOPMENT/MDS/design-system/node_modules/react-dom/cjs/react-dom.development.js:19731:26)
        at commitPassiveHookEffects (/Users/abhiroop.chaudhuri/Desktop/DEVELOPMENT/MDS/design-system/node_modules/react-dom/cjs/react-dom.development.js:19769:11)
        at HTMLUnknownElement.callCallback (/Users/abhiroop.chaudhuri/Desktop/DEVELOPMENT/MDS/design-system/node_modules/react-dom/cjs/react-dom.development.js:188:14)
        at innerInvokeEventListeners (/Users/abhiroop.chaudhuri/Desktop/DEVELOPMENT/MDS/design-system/node_modules/jest-environment-jsdom-fifteen/node_modules/jsdom/lib/jsdom/living/events/EventTarget-impl.js:316:27)
        at invokeEventListeners (/Users/abhiroop.chaudhuri/Desktop/DEVELOPMENT/MDS/design-system/node_modules/jest-environment-jsdom-fifteen/node_modules/jsdom/lib/jsdom/living/events/EventTarget-impl.js:267:3)
        at HTMLUnknownElementImpl._dispatch (/Users/abhiroop.chaudhuri/Desktop/DEVELOPMENT/MDS/design-system/node_modules/jest-environment-jsdom-fifteen/node_modules/jsdom/lib/jsdom/living/events/EventTarget-impl.js:214:9)
        at HTMLUnknownElementImpl.dispatchEvent (/Users/abhiroop.chaudhuri/Desktop/DEVELOPMENT/MDS/design-system/node_modules/jest-environment-jsdom-fifteen/node_modules/jsdom/lib/jsdom/living/events/EventTarget-impl.js:87:17)

  console.error node_modules/react-dom/cjs/react-dom.development.js:88
    Warning: An update to SegmentedControl inside a test was not wrapped in act(...).
    
    When testing, code that causes React state updates should be wrapped into act(...):
    
    act(() => {
      /* fire events that update state */
    });
    /* assert on the output */
    
    This ensures that you're testing the behavior the user would see in the browser. Learn more at https://fb.me/react-wrap-tests-with-act
        in SegmentedControl

  console.error node_modules/react-dom/cjs/react-dom.development.js:88
    Warning: An update to SegmentedControl inside a test was not wrapped in act(...).
    
    When testing, code that causes React state updates should be wrapped into act(...):
    
    act(() => {
      /* fire events that update state */
    });
    /* assert on the output */
    
    This ensures that you're testing the behavior the user would see in the browser. Learn more at https://fb.me/react-wrap-tests-with-act
        in SegmentedControl

  console.error node_modules/react-dom/cjs/react-dom.development.js:88
    Warning: An update to SegmentedControl inside a test was not wrapped in act(...).
    
    When testing, code that causes React state updates should be wrapped into act(...):
    
    act(() => {
      /* fire events that update state */
    });
    /* assert on the output */
    
    This ensures that you're testing the behavior the user would see in the browser. Learn more at https://fb.me/react-wrap-tests-with-act
        in SegmentedControl

  console.error node_modules/react-dom/cjs/react-dom.development.js:88
    Warning: An update to SegmentedControl inside a test was not wrapped in act(...).
    
    When testing, code that causes React state updates should be wrapped into act(...):
    
    act(() => {
      /* fire events that update state */
    });
    /* assert on the output */
    
    This ensures that you're testing the behavior the user would see in the browser. Learn more at https://fb.me/react-wrap-tests-with-act
        in SegmentedControl

  console.error node_modules/react-dom/cjs/react-dom.development.js:88
    Warning: An update to SegmentedControl inside a test was not wrapped in act(...).
    
    When testing, code that causes React state updates should be wrapped into act(...):
    
    act(() => {
      /* fire events that update state */
    });
    /* assert on the output */
    
    This ensures that you're testing the behavior the user would see in the browser. Learn more at https://fb.me/react-wrap-tests-with-act
        in SegmentedControl

  console.error node_modules/react-dom/cjs/react-dom.development.js:88
    Warning: An update to SegmentedControl inside a test was not wrapped in act(...).
    
    When testing, code that causes React state updates should be wrapped into act(...):
    
    act(() => {
      /* fire events that update state */
    });
    /* assert on the output */
    
    This ensures that you're testing the behavior the user would see in the browser. Learn more at https://fb.me/react-wrap-tests-with-act
        in SegmentedControl

  console.error core/components/atoms/input/Input.tsx:4212
    Error setting selection range: DOMException [InvalidStateError]: The object is in an invalid state.
        at HTMLInputElementImpl.setSelectionRange (/Users/abhiroop.chaudhuri/Desktop/DEVELOPMENT/MDS/design-system/node_modules/jest-environment-jsdom-fifteen/node_modules/jsdom/lib/jsdom/living/nodes/HTMLInputElement-impl.js:495:13)
        at HTMLInputElement.setSelectionRange (/Users/abhiroop.chaudhuri/Desktop/DEVELOPMENT/MDS/design-system/node_modules/jest-environment-jsdom-fifteen/node_modules/jsdom/lib/jsdom/living/generated/HTMLInputElement.js:187:23)
        at /Users/abhiroop.chaudhuri/Desktop/DEVELOPMENT/MDS/design-system/core/components/atoms/input/Input.tsx:4208:17
        at commitHookEffectListMount (/Users/abhiroop.chaudhuri/Desktop/DEVELOPMENT/MDS/design-system/node_modules/react-dom/cjs/react-dom.development.js:19731:26)
        at commitPassiveHookEffects (/Users/abhiroop.chaudhuri/Desktop/DEVELOPMENT/MDS/design-system/node_modules/react-dom/cjs/react-dom.development.js:19769:11)
        at HTMLUnknownElement.callCallback (/Users/abhiroop.chaudhuri/Desktop/DEVELOPMENT/MDS/design-system/node_modules/react-dom/cjs/react-dom.development.js:188:14)
        at innerInvokeEventListeners (/Users/abhiroop.chaudhuri/Desktop/DEVELOPMENT/MDS/design-system/node_modules/jest-environment-jsdom-fifteen/node_modules/jsdom/lib/jsdom/living/events/EventTarget-impl.js:316:27)
        at invokeEventListeners (/Users/abhiroop.chaudhuri/Desktop/DEVELOPMENT/MDS/design-system/node_modules/jest-environment-jsdom-fifteen/node_modules/jsdom/lib/jsdom/living/events/EventTarget-impl.js:267:3)
        at HTMLUnknownElementImpl._dispatch (/Users/abhiroop.chaudhuri/Desktop/DEVELOPMENT/MDS/design-system/node_modules/jest-environment-jsdom-fifteen/node_modules/jsdom/lib/jsdom/living/events/EventTarget-impl.js:214:9)
        at HTMLUnknownElementImpl.dispatchEvent (/Users/abhiroop.chaudhuri/Desktop/DEVELOPMENT/MDS/design-system/node_modules/jest-environment-jsdom-fifteen/node_modules/jsdom/lib/jsdom/living/events/EventTarget-impl.js:87:17)

  console.error core/components/atoms/input/Input.tsx:4212
    Error setting selection range: DOMException [InvalidStateError]: The object is in an invalid state.
        at HTMLInputElementImpl.setSelectionRange (/Users/abhiroop.chaudhuri/Desktop/DEVELOPMENT/MDS/design-system/node_modules/jest-environment-jsdom-fifteen/node_modules/jsdom/lib/jsdom/living/nodes/HTMLInputElement-impl.js:495:13)
        at HTMLInputElement.setSelectionRange (/Users/abhiroop.chaudhuri/Desktop/DEVELOPMENT/MDS/design-system/node_modules/jest-environment-jsdom-fifteen/node_modules/jsdom/lib/jsdom/living/generated/HTMLInputElement.js:187:23)
        at /Users/abhiroop.chaudhuri/Desktop/DEVELOPMENT/MDS/design-system/core/components/atoms/input/Input.tsx:4208:17
        at commitHookEffectListMount (/Users/abhiroop.chaudhuri/Desktop/DEVELOPMENT/MDS/design-system/node_modules/react-dom/cjs/react-dom.development.js:19731:26)
        at commitPassiveHookEffects (/Users/abhiroop.chaudhuri/Desktop/DEVELOPMENT/MDS/design-system/node_modules/react-dom/cjs/react-dom.development.js:19769:11)
        at HTMLUnknownElement.callCallback (/Users/abhiroop.chaudhuri/Desktop/DEVELOPMENT/MDS/design-system/node_modules/react-dom/cjs/react-dom.development.js:188:14)
        at innerInvokeEventListeners (/Users/abhiroop.chaudhuri/Desktop/DEVELOPMENT/MDS/design-system/node_modules/jest-environment-jsdom-fifteen/node_modules/jsdom/lib/jsdom/living/events/EventTarget-impl.js:316:27)
        at invokeEventListeners (/Users/abhiroop.chaudhuri/Desktop/DEVELOPMENT/MDS/design-system/node_modules/jest-environment-jsdom-fifteen/node_modules/jsdom/lib/jsdom/living/events/EventTarget-impl.js:267:3)
        at HTMLUnknownElementImpl._dispatch (/Users/abhiroop.chaudhuri/Desktop/DEVELOPMENT/MDS/design-system/node_modules/jest-environment-jsdom-fifteen/node_modules/jsdom/lib/jsdom/living/events/EventTarget-impl.js:214:9)
        at HTMLUnknownElementImpl.dispatchEvent (/Users/abhiroop.chaudhuri/Desktop/DEVELOPMENT/MDS/design-system/node_modules/jest-environment-jsdom-fifteen/node_modules/jsdom/lib/jsdom/living/events/EventTarget-impl.js:87:17)

  console.error node_modules/react-dom/cjs/react-dom.development.js:88
    Warning: An update to SegmentedControl inside a test was not wrapped in act(...).
    
    When testing, code that causes React state updates should be wrapped into act(...):
    
    act(() => {
      /* fire events that update state */
    });
    /* assert on the output */
    
    This ensures that you're testing the behavior the user would see in the browser. Learn more at https://fb.me/react-wrap-tests-with-act
        in SegmentedControl

  console.error node_modules/react-dom/cjs/react-dom.development.js:88
    Warning: An update to SegmentedControl inside a test was not wrapped in act(...).
    
    When testing, code that causes React state updates should be wrapped into act(...):
    
    act(() => {
      /* fire events that update state */
    });
    /* assert on the output */
    
    This ensures that you're testing the behavior the user would see in the browser. Learn more at https://fb.me/react-wrap-tests-with-act
        in SegmentedControl

  console.error core/components/atoms/input/Input.tsx:4212
    Error setting selection range: DOMException [InvalidStateError]: The object is in an invalid state.
        at HTMLInputElementImpl.setSelectionRange (/Users/abhiroop.chaudhuri/Desktop/DEVELOPMENT/MDS/design-system/node_modules/jest-environment-jsdom-fifteen/node_modules/jsdom/lib/jsdom/living/nodes/HTMLInputElement-impl.js:495:13)
        at HTMLInputElement.setSelectionRange (/Users/abhiroop.chaudhuri/Desktop/DEVELOPMENT/MDS/design-system/node_modules/jest-environment-jsdom-fifteen/node_modules/jsdom/lib/jsdom/living/generated/HTMLInputElement.js:187:23)
        at /Users/abhiroop.chaudhuri/Desktop/DEVELOPMENT/MDS/design-system/core/components/atoms/input/Input.tsx:4208:17
        at commitHookEffectListMount (/Users/abhiroop.chaudhuri/Desktop/DEVELOPMENT/MDS/design-system/node_modules/react-dom/cjs/react-dom.development.js:19731:26)
        at commitPassiveHookEffects (/Users/abhiroop.chaudhuri/Desktop/DEVELOPMENT/MDS/design-system/node_modules/react-dom/cjs/react-dom.development.js:19769:11)
        at HTMLUnknownElement.callCallback (/Users/abhiroop.chaudhuri/Desktop/DEVELOPMENT/MDS/design-system/node_modules/react-dom/cjs/react-dom.development.js:188:14)
        at innerInvokeEventListeners (/Users/abhiroop.chaudhuri/Desktop/DEVELOPMENT/MDS/design-system/node_modules/jest-environment-jsdom-fifteen/node_modules/jsdom/lib/jsdom/living/events/EventTarget-impl.js:316:27)
        at invokeEventListeners (/Users/abhiroop.chaudhuri/Desktop/DEVELOPMENT/MDS/design-system/node_modules/jest-environment-jsdom-fifteen/node_modules/jsdom/lib/jsdom/living/events/EventTarget-impl.js:267:3)
        at HTMLUnknownElementImpl._dispatch (/Users/abhiroop.chaudhuri/Desktop/DEVELOPMENT/MDS/design-system/node_modules/jest-environment-jsdom-fifteen/node_modules/jsdom/lib/jsdom/living/events/EventTarget-impl.js:214:9)
        at HTMLUnknownElementImpl.dispatchEvent (/Users/abhiroop.chaudhuri/Desktop/DEVELOPMENT/MDS/design-system/node_modules/jest-environment-jsdom-fifteen/node_modules/jsdom/lib/jsdom/living/events/EventTarget-impl.js:87:17)

  console.error node_modules/react-dom/cjs/react-dom.development.js:88
    Warning: An update to SegmentedControl inside a test was not wrapped in act(...).
    
    When testing, code that causes React state updates should be wrapped into act(...):
    
    act(() => {
      /* fire events that update state */
    });
    /* assert on the output */
    
    This ensures that you're testing the behavior the user would see in the browser. Learn more at https://fb.me/react-wrap-tests-with-act
        in SegmentedControl

  console.error node_modules/react-dom/cjs/react-dom.development.js:88
    Warning: An update to SegmentedControl inside a test was not wrapped in act(...).
    
    When testing, code that causes React state updates should be wrapped into act(...):
    
    act(() => {
      /* fire events that update state */
    });
    /* assert on the output */
    
    This ensures that you're testing the behavior the user would see in the browser. Learn more at https://fb.me/react-wrap-tests-with-act
        in SegmentedControl

  console.error core/components/atoms/input/Input.tsx:4212
    Error setting selection range: DOMException [InvalidStateError]: The object is in an invalid state.
        at HTMLInputElementImpl.setSelectionRange (/Users/abhiroop.chaudhuri/Desktop/DEVELOPMENT/MDS/design-system/node_modules/jest-environment-jsdom-fifteen/node_modules/jsdom/lib/jsdom/living/nodes/HTMLInputElement-impl.js:495:13)
        at HTMLInputElement.setSelectionRange (/Users/abhiroop.chaudhuri/Desktop/DEVELOPMENT/MDS/design-system/node_modules/jest-environment-jsdom-fifteen/node_modules/jsdom/lib/jsdom/living/generated/HTMLInputElement.js:187:23)
        at /Users/abhiroop.chaudhuri/Desktop/DEVELOPMENT/MDS/design-system/core/components/atoms/input/Input.tsx:4208:17
        at commitHookEffectListMount (/Users/abhiroop.chaudhuri/Desktop/DEVELOPMENT/MDS/design-system/node_modules/react-dom/cjs/react-dom.development.js:19731:26)
        at commitPassiveHookEffects (/Users/abhiroop.chaudhuri/Desktop/DEVELOPMENT/MDS/design-system/node_modules/react-dom/cjs/react-dom.development.js:19769:11)
        at HTMLUnknownElement.callCallback (/Users/abhiroop.chaudhuri/Desktop/DEVELOPMENT/MDS/design-system/node_modules/react-dom/cjs/react-dom.development.js:188:14)
        at innerInvokeEventListeners (/Users/abhiroop.chaudhuri/Desktop/DEVELOPMENT/MDS/design-system/node_modules/jest-environment-jsdom-fifteen/node_modules/jsdom/lib/jsdom/living/events/EventTarget-impl.js:316:27)
        at invokeEventListeners (/Users/abhiroop.chaudhuri/Desktop/DEVELOPMENT/MDS/design-system/node_modules/jest-environment-jsdom-fifteen/node_modules/jsdom/lib/jsdom/living/events/EventTarget-impl.js:267:3)
        at HTMLUnknownElementImpl._dispatch (/Users/abhiroop.chaudhuri/Desktop/DEVELOPMENT/MDS/design-system/node_modules/jest-environment-jsdom-fifteen/node_modules/jsdom/lib/jsdom/living/events/EventTarget-impl.js:214:9)
        at HTMLUnknownElementImpl.dispatchEvent (/Users/abhiroop.chaudhuri/Desktop/DEVELOPMENT/MDS/design-system/node_modules/jest-environment-jsdom-fifteen/node_modules/jsdom/lib/jsdom/living/events/EventTarget-impl.js:87:17)

  console.error core/components/atoms/input/Input.tsx:4212
    Error setting selection range: DOMException [InvalidStateError]: The object is in an invalid state.
        at HTMLInputElementImpl.setSelectionRange (/Users/abhiroop.chaudhuri/Desktop/DEVELOPMENT/MDS/design-system/node_modules/jest-environment-jsdom-fifteen/node_modules/jsdom/lib/jsdom/living/nodes/HTMLInputElement-impl.js:495:13)
        at HTMLInputElement.setSelectionRange (/Users/abhiroop.chaudhuri/Desktop/DEVELOPMENT/MDS/design-system/node_modules/jest-environment-jsdom-fifteen/node_modules/jsdom/lib/jsdom/living/generated/HTMLInputElement.js:187:23)
        at /Users/abhiroop.chaudhuri/Desktop/DEVELOPMENT/MDS/design-system/core/components/atoms/input/Input.tsx:4208:17
        at commitHookEffectListMount (/Users/abhiroop.chaudhuri/Desktop/DEVELOPMENT/MDS/design-system/node_modules/react-dom/cjs/react-dom.development.js:19731:26)
        at commitPassiveHookEffects (/Users/abhiroop.chaudhuri/Desktop/DEVELOPMENT/MDS/design-system/node_modules/react-dom/cjs/react-dom.development.js:19769:11)
        at HTMLUnknownElement.callCallback (/Users/abhiroop.chaudhuri/Desktop/DEVELOPMENT/MDS/design-system/node_modules/react-dom/cjs/react-dom.development.js:188:14)
        at innerInvokeEventListeners (/Users/abhiroop.chaudhuri/Desktop/DEVELOPMENT/MDS/design-system/node_modules/jest-environment-jsdom-fifteen/node_modules/jsdom/lib/jsdom/living/events/EventTarget-impl.js:316:27)
        at invokeEventListeners (/Users/abhiroop.chaudhuri/Desktop/DEVELOPMENT/MDS/design-system/node_modules/jest-environment-jsdom-fifteen/node_modules/jsdom/lib/jsdom/living/events/EventTarget-impl.js:267:3)
        at HTMLUnknownElementImpl._dispatch (/Users/abhiroop.chaudhuri/Desktop/DEVELOPMENT/MDS/design-system/node_modules/jest-environment-jsdom-fifteen/node_modules/jsdom/lib/jsdom/living/events/EventTarget-impl.js:214:9)
        at HTMLUnknownElementImpl.dispatchEvent (/Users/abhiroop.chaudhuri/Desktop/DEVELOPMENT/MDS/design-system/node_modules/jest-environment-jsdom-fifteen/node_modules/jsdom/lib/jsdom/living/events/EventTarget-impl.js:87:17)

  console.error core/components/atoms/input/Input.tsx:4212
    Error setting selection range: DOMException [InvalidStateError]: The object is in an invalid state.
        at HTMLInputElementImpl.setSelectionRange (/Users/abhiroop.chaudhuri/Desktop/DEVELOPMENT/MDS/design-system/node_modules/jest-environment-jsdom-fifteen/node_modules/jsdom/lib/jsdom/living/nodes/HTMLInputElement-impl.js:495:13)
        at HTMLInputElement.setSelectionRange (/Users/abhiroop.chaudhuri/Desktop/DEVELOPMENT/MDS/design-system/node_modules/jest-environment-jsdom-fifteen/node_modules/jsdom/lib/jsdom/living/generated/HTMLInputElement.js:187:23)
        at /Users/abhiroop.chaudhuri/Desktop/DEVELOPMENT/MDS/design-system/core/components/atoms/input/Input.tsx:4208:17
        at commitHookEffectListMount (/Users/abhiroop.chaudhuri/Desktop/DEVELOPMENT/MDS/design-system/node_modules/react-dom/cjs/react-dom.development.js:19731:26)
        at commitPassiveHookEffects (/Users/abhiroop.chaudhuri/Desktop/DEVELOPMENT/MDS/design-system/node_modules/react-dom/cjs/react-dom.development.js:19769:11)
        at HTMLUnknownElement.callCallback (/Users/abhiroop.chaudhuri/Desktop/DEVELOPMENT/MDS/design-system/node_modules/react-dom/cjs/react-dom.development.js:188:14)
        at innerInvokeEventListeners (/Users/abhiroop.chaudhuri/Desktop/DEVELOPMENT/MDS/design-system/node_modules/jest-environment-jsdom-fifteen/node_modules/jsdom/lib/jsdom/living/events/EventTarget-impl.js:316:27)
        at invokeEventListeners (/Users/abhiroop.chaudhuri/Desktop/DEVELOPMENT/MDS/design-system/node_modules/jest-environment-jsdom-fifteen/node_modules/jsdom/lib/jsdom/living/events/EventTarget-impl.js:267:3)
        at HTMLUnknownElementImpl._dispatch (/Users/abhiroop.chaudhuri/Desktop/DEVELOPMENT/MDS/design-system/node_modules/jest-environment-jsdom-fifteen/node_modules/jsdom/lib/jsdom/living/events/EventTarget-impl.js:214:9)
        at HTMLUnknownElementImpl.dispatchEvent (/Users/abhiroop.chaudhuri/Desktop/DEVELOPMENT/MDS/design-system/node_modules/jest-environment-jsdom-fifteen/node_modules/jsdom/lib/jsdom/living/events/EventTarget-impl.js:87:17)

  console.error node_modules/react-dom/cjs/react-dom.development.js:88
    Warning: An update to SegmentedControl inside a test was not wrapped in act(...).
    
    When testing, code that causes React state updates should be wrapped into act(...):
    
    act(() => {
      /* fire events that update state */
    });
    /* assert on the output */
    
    This ensures that you're testing the behavior the user would see in the browser. Learn more at https://fb.me/react-wrap-tests-with-act
        in SegmentedControl

  console.error node_modules/react-dom/cjs/react-dom.development.js:88
    Warning: An update to SegmentedControl inside a test was not wrapped in act(...).
    
    When testing, code that causes React state updates should be wrapped into act(...):
    
    act(() => {
      /* fire events that update state */
    });
    /* assert on the output */
    
    This ensures that you're testing the behavior the user would see in the browser. Learn more at https://fb.me/react-wrap-tests-with-act
        in SegmentedControl

  console.error node_modules/react-dom/cjs/react-dom.development.js:88
    Warning: An update to SegmentedControl inside a test was not wrapped in act(...).
    
    When testing, code that causes React state updates should be wrapped into act(...):
    
    act(() => {
      /* fire events that update state */
    });
    /* assert on the output */
    
    This ensures that you're testing the behavior the user would see in the browser. Learn more at https://fb.me/react-wrap-tests-with-act
        in SegmentedControl

  console.error node_modules/react-dom/cjs/react-dom.development.js:88
    Warning: An update to SegmentedControl inside a test was not wrapped in act(...).
    
    When testing, code that causes React state updates should be wrapped into act(...):
    
    act(() => {
      /* fire events that update state */
    });
    /* assert on the output */
    
    This ensures that you're testing the behavior the user would see in the browser. Learn more at https://fb.me/react-wrap-tests-with-act
        in SegmentedControl

  console.error core/components/atoms/input/Input.tsx:4212
    Error setting selection range: DOMException [InvalidStateError]: The object is in an invalid state.
        at HTMLInputElementImpl.setSelectionRange (/Users/abhiroop.chaudhuri/Desktop/DEVELOPMENT/MDS/design-system/node_modules/jest-environment-jsdom-fifteen/node_modules/jsdom/lib/jsdom/living/nodes/HTMLInputElement-impl.js:495:13)
        at HTMLInputElement.setSelectionRange (/Users/abhiroop.chaudhuri/Desktop/DEVELOPMENT/MDS/design-system/node_modules/jest-environment-jsdom-fifteen/node_modules/jsdom/lib/jsdom/living/generated/HTMLInputElement.js:187:23)
        at /Users/abhiroop.chaudhuri/Desktop/DEVELOPMENT/MDS/design-system/core/components/atoms/input/Input.tsx:4208:17
        at commitHookEffectListMount (/Users/abhiroop.chaudhuri/Desktop/DEVELOPMENT/MDS/design-system/node_modules/react-dom/cjs/react-dom.development.js:19731:26)
        at commitPassiveHookEffects (/Users/abhiroop.chaudhuri/Desktop/DEVELOPMENT/MDS/design-system/node_modules/react-dom/cjs/react-dom.development.js:19769:11)
        at HTMLUnknownElement.callCallback (/Users/abhiroop.chaudhuri/Desktop/DEVELOPMENT/MDS/design-system/node_modules/react-dom/cjs/react-dom.development.js:188:14)
        at innerInvokeEventListeners (/Users/abhiroop.chaudhuri/Desktop/DEVELOPMENT/MDS/design-system/node_modules/jest-environment-jsdom-fifteen/node_modules/jsdom/lib/jsdom/living/events/EventTarget-impl.js:316:27)
        at invokeEventListeners (/Users/abhiroop.chaudhuri/Desktop/DEVELOPMENT/MDS/design-system/node_modules/jest-environment-jsdom-fifteen/node_modules/jsdom/lib/jsdom/living/events/EventTarget-impl.js:267:3)
        at HTMLUnknownElementImpl._dispatch (/Users/abhiroop.chaudhuri/Desktop/DEVELOPMENT/MDS/design-system/node_modules/jest-environment-jsdom-fifteen/node_modules/jsdom/lib/jsdom/living/events/EventTarget-impl.js:214:9)
        at HTMLUnknownElementImpl.dispatchEvent (/Users/abhiroop.chaudhuri/Desktop/DEVELOPMENT/MDS/design-system/node_modules/jest-environment-jsdom-fifteen/node_modules/jsdom/lib/jsdom/living/events/EventTarget-impl.js:87:17)

  console.error core/components/atoms/input/Input.tsx:4212
    Error setting selection range: DOMException [InvalidStateError]: The object is in an invalid state.
        at HTMLInputElementImpl.setSelectionRange (/Users/abhiroop.chaudhuri/Desktop/DEVELOPMENT/MDS/design-system/node_modules/jest-environment-jsdom-fifteen/node_modules/jsdom/lib/jsdom/living/nodes/HTMLInputElement-impl.js:495:13)
        at HTMLInputElement.setSelectionRange (/Users/abhiroop.chaudhuri/Desktop/DEVELOPMENT/MDS/design-system/node_modules/jest-environment-jsdom-fifteen/node_modules/jsdom/lib/jsdom/living/generated/HTMLInputElement.js:187:23)
        at /Users/abhiroop.chaudhuri/Desktop/DEVELOPMENT/MDS/design-system/core/components/atoms/input/Input.tsx:4208:17
        at commitHookEffectListMount (/Users/abhiroop.chaudhuri/Desktop/DEVELOPMENT/MDS/design-system/node_modules/react-dom/cjs/react-dom.development.js:19731:26)
        at commitPassiveHookEffects (/Users/abhiroop.chaudhuri/Desktop/DEVELOPMENT/MDS/design-system/node_modules/react-dom/cjs/react-dom.development.js:19769:11)
        at HTMLUnknownElement.callCallback (/Users/abhiroop.chaudhuri/Desktop/DEVELOPMENT/MDS/design-system/node_modules/react-dom/cjs/react-dom.development.js:188:14)
        at innerInvokeEventListeners (/Users/abhiroop.chaudhuri/Desktop/DEVELOPMENT/MDS/design-system/node_modules/jest-environment-jsdom-fifteen/node_modules/jsdom/lib/jsdom/living/events/EventTarget-impl.js:316:27)
        at invokeEventListeners (/Users/abhiroop.chaudhuri/Desktop/DEVELOPMENT/MDS/design-system/node_modules/jest-environment-jsdom-fifteen/node_modules/jsdom/lib/jsdom/living/events/EventTarget-impl.js:267:3)
        at HTMLUnknownElementImpl._dispatch (/Users/abhiroop.chaudhuri/Desktop/DEVELOPMENT/MDS/design-system/node_modules/jest-environment-jsdom-fifteen/node_modules/jsdom/lib/jsdom/living/events/EventTarget-impl.js:214:9)
        at HTMLUnknownElementImpl.dispatchEvent (/Users/abhiroop.chaudhuri/Desktop/DEVELOPMENT/MDS/design-system/node_modules/jest-environment-jsdom-fifteen/node_modules/jsdom/lib/jsdom/living/events/EventTarget-impl.js:87:17)

  console.error core/components/atoms/input/Input.tsx:4212
    Error setting selection range: DOMException [InvalidStateError]: The object is in an invalid state.
        at HTMLInputElementImpl.setSelectionRange (/Users/abhiroop.chaudhuri/Desktop/DEVELOPMENT/MDS/design-system/node_modules/jest-environment-jsdom-fifteen/node_modules/jsdom/lib/jsdom/living/nodes/HTMLInputElement-impl.js:495:13)
        at HTMLInputElement.setSelectionRange (/Users/abhiroop.chaudhuri/Desktop/DEVELOPMENT/MDS/design-system/node_modules/jest-environment-jsdom-fifteen/node_modules/jsdom/lib/jsdom/living/generated/HTMLInputElement.js:187:23)
        at /Users/abhiroop.chaudhuri/Desktop/DEVELOPMENT/MDS/design-system/core/components/atoms/input/Input.tsx:4208:17
        at commitHookEffectListMount (/Users/abhiroop.chaudhuri/Desktop/DEVELOPMENT/MDS/design-system/node_modules/react-dom/cjs/react-dom.development.js:19731:26)
        at commitPassiveHookEffects (/Users/abhiroop.chaudhuri/Desktop/DEVELOPMENT/MDS/design-system/node_modules/react-dom/cjs/react-dom.development.js:19769:11)
        at HTMLUnknownElement.callCallback (/Users/abhiroop.chaudhuri/Desktop/DEVELOPMENT/MDS/design-system/node_modules/react-dom/cjs/react-dom.development.js:188:14)
        at innerInvokeEventListeners (/Users/abhiroop.chaudhuri/Desktop/DEVELOPMENT/MDS/design-system/node_modules/jest-environment-jsdom-fifteen/node_modules/jsdom/lib/jsdom/living/events/EventTarget-impl.js:316:27)
        at invokeEventListeners (/Users/abhiroop.chaudhuri/Desktop/DEVELOPMENT/MDS/design-system/node_modules/jest-environment-jsdom-fifteen/node_modules/jsdom/lib/jsdom/living/events/EventTarget-impl.js:267:3)
        at HTMLUnknownElementImpl._dispatch (/Users/abhiroop.chaudhuri/Desktop/DEVELOPMENT/MDS/design-system/node_modules/jest-environment-jsdom-fifteen/node_modules/jsdom/lib/jsdom/living/events/EventTarget-impl.js:214:9)
        at HTMLUnknownElementImpl.dispatchEvent (/Users/abhiroop.chaudhuri/Desktop/DEVELOPMENT/MDS/design-system/node_modules/jest-environment-jsdom-fifteen/node_modules/jsdom/lib/jsdom/living/events/EventTarget-impl.js:87:17)

  console.error node_modules/react-dom/cjs/react-dom.development.js:88
    Warning: An update to SegmentedControl inside a test was not wrapped in act(...).
    
    When testing, code that causes React state updates should be wrapped into act(...):
    
    act(() => {
      /* fire events that update state */
    });
    /* assert on the output */
    
    This ensures that you're testing the behavior the user would see in the browser. Learn more at https://fb.me/react-wrap-tests-with-act
        in SegmentedControl

  console.error node_modules/react-dom/cjs/react-dom.development.js:88
    Warning: An update to SegmentedControl inside a test was not wrapped in act(...).
    
    When testing, code that causes React state updates should be wrapped into act(...):
    
    act(() => {
      /* fire events that update state */
    });
    /* assert on the output */
    
    This ensures that you're testing the behavior the user would see in the browser. Learn more at https://fb.me/react-wrap-tests-with-act
        in SegmentedControl

  console.error core/components/atoms/input/Input.tsx:4212
    Error setting selection range: DOMException [InvalidStateError]: The object is in an invalid state.
        at HTMLInputElementImpl.setSelectionRange (/Users/abhiroop.chaudhuri/Desktop/DEVELOPMENT/MDS/design-system/node_modules/jest-environment-jsdom-fifteen/node_modules/jsdom/lib/jsdom/living/nodes/HTMLInputElement-impl.js:495:13)
        at HTMLInputElement.setSelectionRange (/Users/abhiroop.chaudhuri/Desktop/DEVELOPMENT/MDS/design-system/node_modules/jest-environment-jsdom-fifteen/node_modules/jsdom/lib/jsdom/living/generated/HTMLInputElement.js:187:23)
        at /Users/abhiroop.chaudhuri/Desktop/DEVELOPMENT/MDS/design-system/core/components/atoms/input/Input.tsx:4208:17
        at commitHookEffectListMount (/Users/abhiroop.chaudhuri/Desktop/DEVELOPMENT/MDS/design-system/node_modules/react-dom/cjs/react-dom.development.js:19731:26)
        at commitPassiveHookEffects (/Users/abhiroop.chaudhuri/Desktop/DEVELOPMENT/MDS/design-system/node_modules/react-dom/cjs/react-dom.development.js:19769:11)
        at HTMLUnknownElement.callCallback (/Users/abhiroop.chaudhuri/Desktop/DEVELOPMENT/MDS/design-system/node_modules/react-dom/cjs/react-dom.development.js:188:14)
        at innerInvokeEventListeners (/Users/abhiroop.chaudhuri/Desktop/DEVELOPMENT/MDS/design-system/node_modules/jest-environment-jsdom-fifteen/node_modules/jsdom/lib/jsdom/living/events/EventTarget-impl.js:316:27)
        at invokeEventListeners (/Users/abhiroop.chaudhuri/Desktop/DEVELOPMENT/MDS/design-system/node_modules/jest-environment-jsdom-fifteen/node_modules/jsdom/lib/jsdom/living/events/EventTarget-impl.js:267:3)
        at HTMLUnknownElementImpl._dispatch (/Users/abhiroop.chaudhuri/Desktop/DEVELOPMENT/MDS/design-system/node_modules/jest-environment-jsdom-fifteen/node_modules/jsdom/lib/jsdom/living/events/EventTarget-impl.js:214:9)
        at HTMLUnknownElementImpl.dispatchEvent (/Users/abhiroop.chaudhuri/Desktop/DEVELOPMENT/MDS/design-system/node_modules/jest-environment-jsdom-fifteen/node_modules/jsdom/lib/jsdom/living/events/EventTarget-impl.js:87:17)

  console.error core/components/atoms/input/Input.tsx:4212
    Error setting selection range: DOMException [InvalidStateError]: The object is in an invalid state.
        at HTMLInputElementImpl.setSelectionRange (/Users/abhiroop.chaudhuri/Desktop/DEVELOPMENT/MDS/design-system/node_modules/jest-environment-jsdom-fifteen/node_modules/jsdom/lib/jsdom/living/nodes/HTMLInputElement-impl.js:495:13)
        at HTMLInputElement.setSelectionRange (/Users/abhiroop.chaudhuri/Desktop/DEVELOPMENT/MDS/design-system/node_modules/jest-environment-jsdom-fifteen/node_modules/jsdom/lib/jsdom/living/generated/HTMLInputElement.js:187:23)
        at /Users/abhiroop.chaudhuri/Desktop/DEVELOPMENT/MDS/design-system/core/components/atoms/input/Input.tsx:4208:17
        at commitHookEffectListMount (/Users/abhiroop.chaudhuri/Desktop/DEVELOPMENT/MDS/design-system/node_modules/react-dom/cjs/react-dom.development.js:19731:26)
        at commitPassiveHookEffects (/Users/abhiroop.chaudhuri/Desktop/DEVELOPMENT/MDS/design-system/node_modules/react-dom/cjs/react-dom.development.js:19769:11)
        at HTMLUnknownElement.callCallback (/Users/abhiroop.chaudhuri/Desktop/DEVELOPMENT/MDS/design-system/node_modules/react-dom/cjs/react-dom.development.js:188:14)
        at innerInvokeEventListeners (/Users/abhiroop.chaudhuri/Desktop/DEVELOPMENT/MDS/design-system/node_modules/jest-environment-jsdom-fifteen/node_modules/jsdom/lib/jsdom/living/events/EventTarget-impl.js:316:27)
        at invokeEventListeners (/Users/abhiroop.chaudhuri/Desktop/DEVELOPMENT/MDS/design-system/node_modules/jest-environment-jsdom-fifteen/node_modules/jsdom/lib/jsdom/living/events/EventTarget-impl.js:267:3)
        at HTMLUnknownElementImpl._dispatch (/Users/abhiroop.chaudhuri/Desktop/DEVELOPMENT/MDS/design-system/node_modules/jest-environment-jsdom-fifteen/node_modules/jsdom/lib/jsdom/living/events/EventTarget-impl.js:214:9)
        at HTMLUnknownElementImpl.dispatchEvent (/Users/abhiroop.chaudhuri/Desktop/DEVELOPMENT/MDS/design-system/node_modules/jest-environment-jsdom-fifteen/node_modules/jsdom/lib/jsdom/living/events/EventTarget-impl.js:87:17)

  console.error node_modules/react-dom/cjs/react-dom.development.js:88
    Warning: An update to SegmentedControl inside a test was not wrapped in act(...).
    
    When testing, code that causes React state updates should be wrapped into act(...):
    
    act(() => {
      /* fire events that update state */
    });
    /* assert on the output */
    
    This ensures that you're testing the behavior the user would see in the browser. Learn more at https://fb.me/react-wrap-tests-with-act
        in SegmentedControl

  console.error node_modules/react-dom/cjs/react-dom.development.js:88
    Warning: An update to SegmentedControl inside a test was not wrapped in act(...).
    
    When testing, code that causes React state updates should be wrapped into act(...):
    
    act(() => {
      /* fire events that update state */
    });
    /* assert on the output */
    
    This ensures that you're testing the behavior the user would see in the browser. Learn more at https://fb.me/react-wrap-tests-with-act
        in SegmentedControl

  console.error core/components/atoms/input/Input.tsx:4212
    Error setting selection range: DOMException [InvalidStateError]: The object is in an invalid state.
        at HTMLInputElementImpl.setSelectionRange (/Users/abhiroop.chaudhuri/Desktop/DEVELOPMENT/MDS/design-system/node_modules/jest-environment-jsdom-fifteen/node_modules/jsdom/lib/jsdom/living/nodes/HTMLInputElement-impl.js:495:13)
        at HTMLInputElement.setSelectionRange (/Users/abhiroop.chaudhuri/Desktop/DEVELOPMENT/MDS/design-system/node_modules/jest-environment-jsdom-fifteen/node_modules/jsdom/lib/jsdom/living/generated/HTMLInputElement.js:187:23)
        at /Users/abhiroop.chaudhuri/Desktop/DEVELOPMENT/MDS/design-system/core/components/atoms/input/Input.tsx:4208:17
        at commitHookEffectListMount (/Users/abhiroop.chaudhuri/Desktop/DEVELOPMENT/MDS/design-system/node_modules/react-dom/cjs/react-dom.development.js:19731:26)
        at commitPassiveHookEffects (/Users/abhiroop.chaudhuri/Desktop/DEVELOPMENT/MDS/design-system/node_modules/react-dom/cjs/react-dom.development.js:19769:11)
        at HTMLUnknownElement.callCallback (/Users/abhiroop.chaudhuri/Desktop/DEVELOPMENT/MDS/design-system/node_modules/react-dom/cjs/react-dom.development.js:188:14)
        at innerInvokeEventListeners (/Users/abhiroop.chaudhuri/Desktop/DEVELOPMENT/MDS/design-system/node_modules/jest-environment-jsdom-fifteen/node_modules/jsdom/lib/jsdom/living/events/EventTarget-impl.js:316:27)
        at invokeEventListeners (/Users/abhiroop.chaudhuri/Desktop/DEVELOPMENT/MDS/design-system/node_modules/jest-environment-jsdom-fifteen/node_modules/jsdom/lib/jsdom/living/events/EventTarget-impl.js:267:3)
        at HTMLUnknownElementImpl._dispatch (/Users/abhiroop.chaudhuri/Desktop/DEVELOPMENT/MDS/design-system/node_modules/jest-environment-jsdom-fifteen/node_modules/jsdom/lib/jsdom/living/events/EventTarget-impl.js:214:9)
        at HTMLUnknownElementImpl.dispatchEvent (/Users/abhiroop.chaudhuri/Desktop/DEVELOPMENT/MDS/design-system/node_modules/jest-environment-jsdom-fifteen/node_modules/jsdom/lib/jsdom/living/events/EventTarget-impl.js:87:17)

  console.error core/components/atoms/input/Input.tsx:4212
    Error setting selection range: DOMException [InvalidStateError]: The object is in an invalid state.
        at HTMLInputElementImpl.setSelectionRange (/Users/abhiroop.chaudhuri/Desktop/DEVELOPMENT/MDS/design-system/node_modules/jest-environment-jsdom-fifteen/node_modules/jsdom/lib/jsdom/living/nodes/HTMLInputElement-impl.js:495:13)
        at HTMLInputElement.setSelectionRange (/Users/abhiroop.chaudhuri/Desktop/DEVELOPMENT/MDS/design-system/node_modules/jest-environment-jsdom-fifteen/node_modules/jsdom/lib/jsdom/living/generated/HTMLInputElement.js:187:23)
        at /Users/abhiroop.chaudhuri/Desktop/DEVELOPMENT/MDS/design-system/core/components/atoms/input/Input.tsx:4208:17
        at commitHookEffectListMount (/Users/abhiroop.chaudhuri/Desktop/DEVELOPMENT/MDS/design-system/node_modules/react-dom/cjs/react-dom.development.js:19731:26)
        at commitPassiveHookEffects (/Users/abhiroop.chaudhuri/Desktop/DEVELOPMENT/MDS/design-system/node_modules/react-dom/cjs/react-dom.development.js:19769:11)
        at HTMLUnknownElement.callCallback (/Users/abhiroop.chaudhuri/Desktop/DEVELOPMENT/MDS/design-system/node_modules/react-dom/cjs/react-dom.development.js:188:14)
        at innerInvokeEventListeners (/Users/abhiroop.chaudhuri/Desktop/DEVELOPMENT/MDS/design-system/node_modules/jest-environment-jsdom-fifteen/node_modules/jsdom/lib/jsdom/living/events/EventTarget-impl.js:316:27)
        at invokeEventListeners (/Users/abhiroop.chaudhuri/Desktop/DEVELOPMENT/MDS/design-system/node_modules/jest-environment-jsdom-fifteen/node_modules/jsdom/lib/jsdom/living/events/EventTarget-impl.js:267:3)
        at HTMLUnknownElementImpl._dispatch (/Users/abhiroop.chaudhuri/Desktop/DEVELOPMENT/MDS/design-system/node_modules/jest-environment-jsdom-fifteen/node_modules/jsdom/lib/jsdom/living/events/EventTarget-impl.js:214:9)
        at HTMLUnknownElementImpl.dispatchEvent (/Users/abhiroop.chaudhuri/Desktop/DEVELOPMENT/MDS/design-system/node_modules/jest-environment-jsdom-fifteen/node_modules/jsdom/lib/jsdom/living/events/EventTarget-impl.js:87:17)

  console.error core/components/atoms/input/Input.tsx:4212
    Error setting selection range: DOMException [InvalidStateError]: The object is in an invalid state.
        at HTMLInputElementImpl.setSelectionRange (/Users/abhiroop.chaudhuri/Desktop/DEVELOPMENT/MDS/design-system/node_modules/jest-environment-jsdom-fifteen/node_modules/jsdom/lib/jsdom/living/nodes/HTMLInputElement-impl.js:495:13)
        at HTMLInputElement.setSelectionRange (/Users/abhiroop.chaudhuri/Desktop/DEVELOPMENT/MDS/design-system/node_modules/jest-environment-jsdom-fifteen/node_modules/jsdom/lib/jsdom/living/generated/HTMLInputElement.js:187:23)
        at /Users/abhiroop.chaudhuri/Desktop/DEVELOPMENT/MDS/design-system/core/components/atoms/input/Input.tsx:4208:17
        at commitHookEffectListMount (/Users/abhiroop.chaudhuri/Desktop/DEVELOPMENT/MDS/design-system/node_modules/react-dom/cjs/react-dom.development.js:19731:26)
        at commitPassiveHookEffects (/Users/abhiroop.chaudhuri/Desktop/DEVELOPMENT/MDS/design-system/node_modules/react-dom/cjs/react-dom.development.js:19769:11)
        at HTMLUnknownElement.callCallback (/Users/abhiroop.chaudhuri/Desktop/DEVELOPMENT/MDS/design-system/node_modules/react-dom/cjs/react-dom.development.js:188:14)
        at innerInvokeEventListeners (/Users/abhiroop.chaudhuri/Desktop/DEVELOPMENT/MDS/design-system/node_modules/jest-environment-jsdom-fifteen/node_modules/jsdom/lib/jsdom/living/events/EventTarget-impl.js:316:27)
        at invokeEventListeners (/Users/abhiroop.chaudhuri/Desktop/DEVELOPMENT/MDS/design-system/node_modules/jest-environment-jsdom-fifteen/node_modules/jsdom/lib/jsdom/living/events/EventTarget-impl.js:267:3)
        at HTMLUnknownElementImpl._dispatch (/Users/abhiroop.chaudhuri/Desktop/DEVELOPMENT/MDS/design-system/node_modules/jest-environment-jsdom-fifteen/node_modules/jsdom/lib/jsdom/living/events/EventTarget-impl.js:214:9)
        at HTMLUnknownElementImpl.dispatchEvent (/Users/abhiroop.chaudhuri/Desktop/DEVELOPMENT/MDS/design-system/node_modules/jest-environment-jsdom-fifteen/node_modules/jsdom/lib/jsdom/living/events/EventTarget-impl.js:87:17)

  console.error node_modules/react-dom/cjs/react-dom.development.js:88
    Warning: An update to SegmentedControl inside a test was not wrapped in act(...).
    
    When testing, code that causes React state updates should be wrapped into act(...):
    
    act(() => {
      /* fire events that update state */
    });
    /* assert on the output */
    
    This ensures that you're testing the behavior the user would see in the browser. Learn more at https://fb.me/react-wrap-tests-with-act
        in SegmentedControl

  console.error node_modules/react-dom/cjs/react-dom.development.js:88
    Warning: An update to SegmentedControl inside a test was not wrapped in act(...).
    
    When testing, code that causes React state updates should be wrapped into act(...):
    
    act(() => {
      /* fire events that update state */
    });
    /* assert on the output */
    
    This ensures that you're testing the behavior the user would see in the browser. Learn more at https://fb.me/react-wrap-tests-with-act
        in SegmentedControl

  console.error node_modules/react-dom/cjs/react-dom.development.js:88
    Warning: An update to SegmentedControl inside a test was not wrapped in act(...).
    
    When testing, code that causes React state updates should be wrapped into act(...):
    
    act(() => {
      /* fire events that update state */
    });
    /* assert on the output */
    
    This ensures that you're testing the behavior the user would see in the browser. Learn more at https://fb.me/react-wrap-tests-with-act
        in SegmentedControl

  console.error node_modules/react-dom/cjs/react-dom.development.js:88
    Warning: An update to SegmentedControl inside a test was not wrapped in act(...).
    
    When testing, code that causes React state updates should be wrapped into act(...):
    
    act(() => {
      /* fire events that update state */
    });
    /* assert on the output */
    
    This ensures that you're testing the behavior the user would see in the browser. Learn more at https://fb.me/react-wrap-tests-with-act
        in SegmentedControl

  console.error core/components/atoms/input/Input.tsx:4212
    Error setting selection range: DOMException [InvalidStateError]: The object is in an invalid state.
        at HTMLInputElementImpl.setSelectionRange (/Users/abhiroop.chaudhuri/Desktop/DEVELOPMENT/MDS/design-system/node_modules/jest-environment-jsdom-fifteen/node_modules/jsdom/lib/jsdom/living/nodes/HTMLInputElement-impl.js:495:13)
        at HTMLInputElement.setSelectionRange (/Users/abhiroop.chaudhuri/Desktop/DEVELOPMENT/MDS/design-system/node_modules/jest-environment-jsdom-fifteen/node_modules/jsdom/lib/jsdom/living/generated/HTMLInputElement.js:187:23)
        at /Users/abhiroop.chaudhuri/Desktop/DEVELOPMENT/MDS/design-system/core/components/atoms/input/Input.tsx:4208:17
        at commitHookEffectListMount (/Users/abhiroop.chaudhuri/Desktop/DEVELOPMENT/MDS/design-system/node_modules/react-dom/cjs/react-dom.development.js:19731:26)
        at commitPassiveHookEffects (/Users/abhiroop.chaudhuri/Desktop/DEVELOPMENT/MDS/design-system/node_modules/react-dom/cjs/react-dom.development.js:19769:11)
        at HTMLUnknownElement.callCallback (/Users/abhiroop.chaudhuri/Desktop/DEVELOPMENT/MDS/design-system/node_modules/react-dom/cjs/react-dom.development.js:188:14)
        at innerInvokeEventListeners (/Users/abhiroop.chaudhuri/Desktop/DEVELOPMENT/MDS/design-system/node_modules/jest-environment-jsdom-fifteen/node_modules/jsdom/lib/jsdom/living/events/EventTarget-impl.js:316:27)
        at invokeEventListeners (/Users/abhiroop.chaudhuri/Desktop/DEVELOPMENT/MDS/design-system/node_modules/jest-environment-jsdom-fifteen/node_modules/jsdom/lib/jsdom/living/events/EventTarget-impl.js:267:3)
        at HTMLUnknownElementImpl._dispatch (/Users/abhiroop.chaudhuri/Desktop/DEVELOPMENT/MDS/design-system/node_modules/jest-environment-jsdom-fifteen/node_modules/jsdom/lib/jsdom/living/events/EventTarget-impl.js:214:9)
        at HTMLUnknownElementImpl.dispatchEvent (/Users/abhiroop.chaudhuri/Desktop/DEVELOPMENT/MDS/design-system/node_modules/jest-environment-jsdom-fifteen/node_modules/jsdom/lib/jsdom/living/events/EventTarget-impl.js:87:17)

  console.error core/components/atoms/input/Input.tsx:4212
    Error setting selection range: DOMException [InvalidStateError]: The object is in an invalid state.
        at HTMLInputElementImpl.setSelectionRange (/Users/abhiroop.chaudhuri/Desktop/DEVELOPMENT/MDS/design-system/node_modules/jest-environment-jsdom-fifteen/node_modules/jsdom/lib/jsdom/living/nodes/HTMLInputElement-impl.js:495:13)
        at HTMLInputElement.setSelectionRange (/Users/abhiroop.chaudhuri/Desktop/DEVELOPMENT/MDS/design-system/node_modules/jest-environment-jsdom-fifteen/node_modules/jsdom/lib/jsdom/living/generated/HTMLInputElement.js:187:23)
        at /Users/abhiroop.chaudhuri/Desktop/DEVELOPMENT/MDS/design-system/core/components/atoms/input/Input.tsx:4208:17
        at commitHookEffectListMount (/Users/abhiroop.chaudhuri/Desktop/DEVELOPMENT/MDS/design-system/node_modules/react-dom/cjs/react-dom.development.js:19731:26)
        at commitPassiveHookEffects (/Users/abhiroop.chaudhuri/Desktop/DEVELOPMENT/MDS/design-system/node_modules/react-dom/cjs/react-dom.development.js:19769:11)
        at HTMLUnknownElement.callCallback (/Users/abhiroop.chaudhuri/Desktop/DEVELOPMENT/MDS/design-system/node_modules/react-dom/cjs/react-dom.development.js:188:14)
        at innerInvokeEventListeners (/Users/abhiroop.chaudhuri/Desktop/DEVELOPMENT/MDS/design-system/node_modules/jest-environment-jsdom-fifteen/node_modules/jsdom/lib/jsdom/living/events/EventTarget-impl.js:316:27)
        at invokeEventListeners (/Users/abhiroop.chaudhuri/Desktop/DEVELOPMENT/MDS/design-system/node_modules/jest-environment-jsdom-fifteen/node_modules/jsdom/lib/jsdom/living/events/EventTarget-impl.js:267:3)
        at HTMLUnknownElementImpl._dispatch (/Users/abhiroop.chaudhuri/Desktop/DEVELOPMENT/MDS/design-system/node_modules/jest-environment-jsdom-fifteen/node_modules/jsdom/lib/jsdom/living/events/EventTarget-impl.js:214:9)
        at HTMLUnknownElementImpl.dispatchEvent (/Users/abhiroop.chaudhuri/Desktop/DEVELOPMENT/MDS/design-system/node_modules/jest-environment-jsdom-fifteen/node_modules/jsdom/lib/jsdom/living/events/EventTarget-impl.js:87:17)

  console.error node_modules/react-dom/cjs/react-dom.development.js:88
    Warning: An update to SegmentedControl inside a test was not wrapped in act(...).
    
    When testing, code that causes React state updates should be wrapped into act(...):
    
    act(() => {
      /* fire events that update state */
    });
    /* assert on the output */
    
    This ensures that you're testing the behavior the user would see in the browser. Learn more at https://fb.me/react-wrap-tests-with-act
        in SegmentedControl

  console.error node_modules/react-dom/cjs/react-dom.development.js:88
    Warning: An update to SegmentedControl inside a test was not wrapped in act(...).
    
    When testing, code that causes React state updates should be wrapped into act(...):
    
    act(() => {
      /* fire events that update state */
    });
    /* assert on the output */
    
    This ensures that you're testing the behavior the user would see in the browser. Learn more at https://fb.me/react-wrap-tests-with-act
        in SegmentedControl

  console.error node_modules/react-dom/cjs/react-dom.development.js:88
    Warning: An update to SegmentedControl inside a test was not wrapped in act(...).
    
    When testing, code that causes React state updates should be wrapped into act(...):
    
    act(() => {
      /* fire events that update state */
    });
    /* assert on the output */
    
    This ensures that you're testing the behavior the user would see in the browser. Learn more at https://fb.me/react-wrap-tests-with-act
        in SegmentedControl

  console.error node_modules/react-dom/cjs/react-dom.development.js:88
    Warning: An update to SegmentedControl inside a test was not wrapped in act(...).
    
    When testing, code that causes React state updates should be wrapped into act(...):
    
    act(() => {
      /* fire events that update state */
    });
    /* assert on the output */
    
    This ensures that you're testing the behavior the user would see in the browser. Learn more at https://fb.me/react-wrap-tests-with-act
        in SegmentedControl

  console.error core/components/atoms/input/Input.tsx:4212
    Error setting selection range: DOMException [InvalidStateError]: The object is in an invalid state.
        at HTMLInputElementImpl.setSelectionRange (/Users/abhiroop.chaudhuri/Desktop/DEVELOPMENT/MDS/design-system/node_modules/jest-environment-jsdom-fifteen/node_modules/jsdom/lib/jsdom/living/nodes/HTMLInputElement-impl.js:495:13)
        at HTMLInputElement.setSelectionRange (/Users/abhiroop.chaudhuri/Desktop/DEVELOPMENT/MDS/design-system/node_modules/jest-environment-jsdom-fifteen/node_modules/jsdom/lib/jsdom/living/generated/HTMLInputElement.js:187:23)
        at /Users/abhiroop.chaudhuri/Desktop/DEVELOPMENT/MDS/design-system/core/components/atoms/input/Input.tsx:4208:17
        at commitHookEffectListMount (/Users/abhiroop.chaudhuri/Desktop/DEVELOPMENT/MDS/design-system/node_modules/react-dom/cjs/react-dom.development.js:19731:26)
        at commitPassiveHookEffects (/Users/abhiroop.chaudhuri/Desktop/DEVELOPMENT/MDS/design-system/node_modules/react-dom/cjs/react-dom.development.js:19769:11)
        at HTMLUnknownElement.callCallback (/Users/abhiroop.chaudhuri/Desktop/DEVELOPMENT/MDS/design-system/node_modules/react-dom/cjs/react-dom.development.js:188:14)
        at innerInvokeEventListeners (/Users/abhiroop.chaudhuri/Desktop/DEVELOPMENT/MDS/design-system/node_modules/jest-environment-jsdom-fifteen/node_modules/jsdom/lib/jsdom/living/events/EventTarget-impl.js:316:27)
        at invokeEventListeners (/Users/abhiroop.chaudhuri/Desktop/DEVELOPMENT/MDS/design-system/node_modules/jest-environment-jsdom-fifteen/node_modules/jsdom/lib/jsdom/living/events/EventTarget-impl.js:267:3)
        at HTMLUnknownElementImpl._dispatch (/Users/abhiroop.chaudhuri/Desktop/DEVELOPMENT/MDS/design-system/node_modules/jest-environment-jsdom-fifteen/node_modules/jsdom/lib/jsdom/living/events/EventTarget-impl.js:214:9)
        at HTMLUnknownElementImpl.dispatchEvent (/Users/abhiroop.chaudhuri/Desktop/DEVELOPMENT/MDS/design-system/node_modules/jest-environment-jsdom-fifteen/node_modules/jsdom/lib/jsdom/living/events/EventTarget-impl.js:87:17)

  console.error core/components/atoms/input/Input.tsx:4212
    Error setting selection range: DOMException [InvalidStateError]: The object is in an invalid state.
        at HTMLInputElementImpl.setSelectionRange (/Users/abhiroop.chaudhuri/Desktop/DEVELOPMENT/MDS/design-system/node_modules/jest-environment-jsdom-fifteen/node_modules/jsdom/lib/jsdom/living/nodes/HTMLInputElement-impl.js:495:13)
        at HTMLInputElement.setSelectionRange (/Users/abhiroop.chaudhuri/Desktop/DEVELOPMENT/MDS/design-system/node_modules/jest-environment-jsdom-fifteen/node_modules/jsdom/lib/jsdom/living/generated/HTMLInputElement.js:187:23)
        at /Users/abhiroop.chaudhuri/Desktop/DEVELOPMENT/MDS/design-system/core/components/atoms/input/Input.tsx:4208:17
        at commitHookEffectListMount (/Users/abhiroop.chaudhuri/Desktop/DEVELOPMENT/MDS/design-system/node_modules/react-dom/cjs/react-dom.development.js:19731:26)
        at commitPassiveHookEffects (/Users/abhiroop.chaudhuri/Desktop/DEVELOPMENT/MDS/design-system/node_modules/react-dom/cjs/react-dom.development.js:19769:11)
        at HTMLUnknownElement.callCallback (/Users/abhiroop.chaudhuri/Desktop/DEVELOPMENT/MDS/design-system/node_modules/react-dom/cjs/react-dom.development.js:188:14)
        at innerInvokeEventListeners (/Users/abhiroop.chaudhuri/Desktop/DEVELOPMENT/MDS/design-system/node_modules/jest-environment-jsdom-fifteen/node_modules/jsdom/lib/jsdom/living/events/EventTarget-impl.js:316:27)
        at invokeEventListeners (/Users/abhiroop.chaudhuri/Desktop/DEVELOPMENT/MDS/design-system/node_modules/jest-environment-jsdom-fifteen/node_modules/jsdom/lib/jsdom/living/events/EventTarget-impl.js:267:3)
        at HTMLUnknownElementImpl._dispatch (/Users/abhiroop.chaudhuri/Desktop/DEVELOPMENT/MDS/design-system/node_modules/jest-environment-jsdom-fifteen/node_modules/jsdom/lib/jsdom/living/events/EventTarget-impl.js:214:9)
        at HTMLUnknownElementImpl.dispatchEvent (/Users/abhiroop.chaudhuri/Desktop/DEVELOPMENT/MDS/design-system/node_modules/jest-environment-jsdom-fifteen/node_modules/jsdom/lib/jsdom/living/events/EventTarget-impl.js:87:17)

  console.error core/components/atoms/input/Input.tsx:4212
    Error setting selection range: DOMException [InvalidStateError]: The object is in an invalid state.
        at HTMLInputElementImpl.setSelectionRange (/Users/abhiroop.chaudhuri/Desktop/DEVELOPMENT/MDS/design-system/node_modules/jest-environment-jsdom-fifteen/node_modules/jsdom/lib/jsdom/living/nodes/HTMLInputElement-impl.js:495:13)
        at HTMLInputElement.setSelectionRange (/Users/abhiroop.chaudhuri/Desktop/DEVELOPMENT/MDS/design-system/node_modules/jest-environment-jsdom-fifteen/node_modules/jsdom/lib/jsdom/living/generated/HTMLInputElement.js:187:23)
        at /Users/abhiroop.chaudhuri/Desktop/DEVELOPMENT/MDS/design-system/core/components/atoms/input/Input.tsx:4208:17
        at commitHookEffectListMount (/Users/abhiroop.chaudhuri/Desktop/DEVELOPMENT/MDS/design-system/node_modules/react-dom/cjs/react-dom.development.js:19731:26)
        at commitPassiveHookEffects (/Users/abhiroop.chaudhuri/Desktop/DEVELOPMENT/MDS/design-system/node_modules/react-dom/cjs/react-dom.development.js:19769:11)
        at HTMLUnknownElement.callCallback (/Users/abhiroop.chaudhuri/Desktop/DEVELOPMENT/MDS/design-system/node_modules/react-dom/cjs/react-dom.development.js:188:14)
        at innerInvokeEventListeners (/Users/abhiroop.chaudhuri/Desktop/DEVELOPMENT/MDS/design-system/node_modules/jest-environment-jsdom-fifteen/node_modules/jsdom/lib/jsdom/living/events/EventTarget-impl.js:316:27)
        at invokeEventListeners (/Users/abhiroop.chaudhuri/Desktop/DEVELOPMENT/MDS/design-system/node_modules/jest-environment-jsdom-fifteen/node_modules/jsdom/lib/jsdom/living/events/EventTarget-impl.js:267:3)
        at HTMLUnknownElementImpl._dispatch (/Users/abhiroop.chaudhuri/Desktop/DEVELOPMENT/MDS/design-system/node_modules/jest-environment-jsdom-fifteen/node_modules/jsdom/lib/jsdom/living/events/EventTarget-impl.js:214:9)
        at HTMLUnknownElementImpl.dispatchEvent (/Users/abhiroop.chaudhuri/Desktop/DEVELOPMENT/MDS/design-system/node_modules/jest-environment-jsdom-fifteen/node_modules/jsdom/lib/jsdom/living/events/EventTarget-impl.js:87:17)

  console.error node_modules/react-dom/cjs/react-dom.development.js:88
    Warning: An update to SegmentedControl inside a test was not wrapped in act(...).
    
    When testing, code that causes React state updates should be wrapped into act(...):
    
    act(() => {
      /* fire events that update state */
    });
    /* assert on the output */
    
    This ensures that you're testing the behavior the user would see in the browser. Learn more at https://fb.me/react-wrap-tests-with-act
        in SegmentedControl

  console.error node_modules/react-dom/cjs/react-dom.development.js:88
    Warning: An update to SegmentedControl inside a test was not wrapped in act(...).
    
    When testing, code that causes React state updates should be wrapped into act(...):
    
    act(() => {
      /* fire events that update state */
    });
    /* assert on the output */
    
    This ensures that you're testing the behavior the user would see in the browser. Learn more at https://fb.me/react-wrap-tests-with-act
        in SegmentedControl

  console.error node_modules/react-dom/cjs/react-dom.development.js:88
    Warning: An update to SegmentedControl inside a test was not wrapped in act(...).
    
    When testing, code that causes React state updates should be wrapped into act(...):
    
    act(() => {
      /* fire events that update state */
    });
    /* assert on the output */
    
    This ensures that you're testing the behavior the user would see in the browser. Learn more at https://fb.me/react-wrap-tests-with-act
        in SegmentedControl

  console.error node_modules/react-dom/cjs/react-dom.development.js:88
    Warning: An update to SegmentedControl inside a test was not wrapped in act(...).
    
    When testing, code that causes React state updates should be wrapped into act(...):
    
    act(() => {
      /* fire events that update state */
    });
    /* assert on the output */
    
    This ensures that you're testing the behavior the user would see in the browser. Learn more at https://fb.me/react-wrap-tests-with-act
        in SegmentedControl

  console.error core/components/atoms/input/Input.tsx:4212
    Error setting selection range: DOMException [InvalidStateError]: The object is in an invalid state.
        at HTMLInputElementImpl.setSelectionRange (/Users/abhiroop.chaudhuri/Desktop/DEVELOPMENT/MDS/design-system/node_modules/jest-environment-jsdom-fifteen/node_modules/jsdom/lib/jsdom/living/nodes/HTMLInputElement-impl.js:495:13)
        at HTMLInputElement.setSelectionRange (/Users/abhiroop.chaudhuri/Desktop/DEVELOPMENT/MDS/design-system/node_modules/jest-environment-jsdom-fifteen/node_modules/jsdom/lib/jsdom/living/generated/HTMLInputElement.js:187:23)
        at /Users/abhiroop.chaudhuri/Desktop/DEVELOPMENT/MDS/design-system/core/components/atoms/input/Input.tsx:4208:17
        at commitHookEffectListMount (/Users/abhiroop.chaudhuri/Desktop/DEVELOPMENT/MDS/design-system/node_modules/react-dom/cjs/react-dom.development.js:19731:26)
        at commitPassiveHookEffects (/Users/abhiroop.chaudhuri/Desktop/DEVELOPMENT/MDS/design-system/node_modules/react-dom/cjs/react-dom.development.js:19769:11)
        at HTMLUnknownElement.callCallback (/Users/abhiroop.chaudhuri/Desktop/DEVELOPMENT/MDS/design-system/node_modules/react-dom/cjs/react-dom.development.js:188:14)
        at innerInvokeEventListeners (/Users/abhiroop.chaudhuri/Desktop/DEVELOPMENT/MDS/design-system/node_modules/jest-environment-jsdom-fifteen/node_modules/jsdom/lib/jsdom/living/events/EventTarget-impl.js:316:27)
        at invokeEventListeners (/Users/abhiroop.chaudhuri/Desktop/DEVELOPMENT/MDS/design-system/node_modules/jest-environment-jsdom-fifteen/node_modules/jsdom/lib/jsdom/living/events/EventTarget-impl.js:267:3)
        at HTMLUnknownElementImpl._dispatch (/Users/abhiroop.chaudhuri/Desktop/DEVELOPMENT/MDS/design-system/node_modules/jest-environment-jsdom-fifteen/node_modules/jsdom/lib/jsdom/living/events/EventTarget-impl.js:214:9)
        at HTMLUnknownElementImpl.dispatchEvent (/Users/abhiroop.chaudhuri/Desktop/DEVELOPMENT/MDS/design-system/node_modules/jest-environment-jsdom-fifteen/node_modules/jsdom/lib/jsdom/living/events/EventTarget-impl.js:87:17)

  console.error core/components/atoms/input/Input.tsx:4212
    Error setting selection range: DOMException [InvalidStateError]: The object is in an invalid state.
        at HTMLInputElementImpl.setSelectionRange (/Users/abhiroop.chaudhuri/Desktop/DEVELOPMENT/MDS/design-system/node_modules/jest-environment-jsdom-fifteen/node_modules/jsdom/lib/jsdom/living/nodes/HTMLInputElement-impl.js:495:13)
        at HTMLInputElement.setSelectionRange (/Users/abhiroop.chaudhuri/Desktop/DEVELOPMENT/MDS/design-system/node_modules/jest-environment-jsdom-fifteen/node_modules/jsdom/lib/jsdom/living/generated/HTMLInputElement.js:187:23)
        at /Users/abhiroop.chaudhuri/Desktop/DEVELOPMENT/MDS/design-system/core/components/atoms/input/Input.tsx:4208:17
        at commitHookEffectListMount (/Users/abhiroop.chaudhuri/Desktop/DEVELOPMENT/MDS/design-system/node_modules/react-dom/cjs/react-dom.development.js:19731:26)
        at commitPassiveHookEffects (/Users/abhiroop.chaudhuri/Desktop/DEVELOPMENT/MDS/design-system/node_modules/react-dom/cjs/react-dom.development.js:19769:11)
        at HTMLUnknownElement.callCallback (/Users/abhiroop.chaudhuri/Desktop/DEVELOPMENT/MDS/design-system/node_modules/react-dom/cjs/react-dom.development.js:188:14)
        at innerInvokeEventListeners (/Users/abhiroop.chaudhuri/Desktop/DEVELOPMENT/MDS/design-system/node_modules/jest-environment-jsdom-fifteen/node_modules/jsdom/lib/jsdom/living/events/EventTarget-impl.js:316:27)
        at invokeEventListeners (/Users/abhiroop.chaudhuri/Desktop/DEVELOPMENT/MDS/design-system/node_modules/jest-environment-jsdom-fifteen/node_modules/jsdom/lib/jsdom/living/events/EventTarget-impl.js:267:3)
        at HTMLUnknownElementImpl._dispatch (/Users/abhiroop.chaudhuri/Desktop/DEVELOPMENT/MDS/design-system/node_modules/jest-environment-jsdom-fifteen/node_modules/jsdom/lib/jsdom/living/events/EventTarget-impl.js:214:9)
        at HTMLUnknownElementImpl.dispatchEvent (/Users/abhiroop.chaudhuri/Desktop/DEVELOPMENT/MDS/design-system/node_modules/jest-environment-jsdom-fifteen/node_modules/jsdom/lib/jsdom/living/events/EventTarget-impl.js:87:17)

  console.error core/components/atoms/input/Input.tsx:4212
    Error setting selection range: DOMException [InvalidStateError]: The object is in an invalid state.
        at HTMLInputElementImpl.setSelectionRange (/Users/abhiroop.chaudhuri/Desktop/DEVELOPMENT/MDS/design-system/node_modules/jest-environment-jsdom-fifteen/node_modules/jsdom/lib/jsdom/living/nodes/HTMLInputElement-impl.js:495:13)
        at HTMLInputElement.setSelectionRange (/Users/abhiroop.chaudhuri/Desktop/DEVELOPMENT/MDS/design-system/node_modules/jest-environment-jsdom-fifteen/node_modules/jsdom/lib/jsdom/living/generated/HTMLInputElement.js:187:23)
        at /Users/abhiroop.chaudhuri/Desktop/DEVELOPMENT/MDS/design-system/core/components/atoms/input/Input.tsx:4208:17
        at commitHookEffectListMount (/Users/abhiroop.chaudhuri/Desktop/DEVELOPMENT/MDS/design-system/node_modules/react-dom/cjs/react-dom.development.js:19731:26)
        at commitPassiveHookEffects (/Users/abhiroop.chaudhuri/Desktop/DEVELOPMENT/MDS/design-system/node_modules/react-dom/cjs/react-dom.development.js:19769:11)
        at HTMLUnknownElement.callCallback (/Users/abhiroop.chaudhuri/Desktop/DEVELOPMENT/MDS/design-system/node_modules/react-dom/cjs/react-dom.development.js:188:14)
        at innerInvokeEventListeners (/Users/abhiroop.chaudhuri/Desktop/DEVELOPMENT/MDS/design-system/node_modules/jest-environment-jsdom-fifteen/node_modules/jsdom/lib/jsdom/living/events/EventTarget-impl.js:316:27)
        at invokeEventListeners (/Users/abhiroop.chaudhuri/Desktop/DEVELOPMENT/MDS/design-system/node_modules/jest-environment-jsdom-fifteen/node_modules/jsdom/lib/jsdom/living/events/EventTarget-impl.js:267:3)
        at HTMLUnknownElementImpl._dispatch (/Users/abhiroop.chaudhuri/Desktop/DEVELOPMENT/MDS/design-system/node_modules/jest-environment-jsdom-fifteen/node_modules/jsdom/lib/jsdom/living/events/EventTarget-impl.js:214:9)
        at HTMLUnknownElementImpl.dispatchEvent (/Users/abhiroop.chaudhuri/Desktop/DEVELOPMENT/MDS/design-system/node_modules/jest-environment-jsdom-fifteen/node_modules/jsdom/lib/jsdom/living/events/EventTarget-impl.js:87:17)

  console.error core/components/atoms/input/Input.tsx:4212
    Error setting selection range: DOMException [InvalidStateError]: The object is in an invalid state.
        at HTMLInputElementImpl.setSelectionRange (/Users/abhiroop.chaudhuri/Desktop/DEVELOPMENT/MDS/design-system/node_modules/jest-environment-jsdom-fifteen/node_modules/jsdom/lib/jsdom/living/nodes/HTMLInputElement-impl.js:495:13)
        at HTMLInputElement.setSelectionRange (/Users/abhiroop.chaudhuri/Desktop/DEVELOPMENT/MDS/design-system/node_modules/jest-environment-jsdom-fifteen/node_modules/jsdom/lib/jsdom/living/generated/HTMLInputElement.js:187:23)
        at /Users/abhiroop.chaudhuri/Desktop/DEVELOPMENT/MDS/design-system/core/components/atoms/input/Input.tsx:4208:17
        at commitHookEffectListMount (/Users/abhiroop.chaudhuri/Desktop/DEVELOPMENT/MDS/design-system/node_modules/react-dom/cjs/react-dom.development.js:19731:26)
        at commitPassiveHookEffects (/Users/abhiroop.chaudhuri/Desktop/DEVELOPMENT/MDS/design-system/node_modules/react-dom/cjs/react-dom.development.js:19769:11)
        at HTMLUnknownElement.callCallback (/Users/abhiroop.chaudhuri/Desktop/DEVELOPMENT/MDS/design-system/node_modules/react-dom/cjs/react-dom.development.js:188:14)
        at innerInvokeEventListeners (/Users/abhiroop.chaudhuri/Desktop/DEVELOPMENT/MDS/design-system/node_modules/jest-environment-jsdom-fifteen/node_modules/jsdom/lib/jsdom/living/events/EventTarget-impl.js:316:27)
        at invokeEventListeners (/Users/abhiroop.chaudhuri/Desktop/DEVELOPMENT/MDS/design-system/node_modules/jest-environment-jsdom-fifteen/node_modules/jsdom/lib/jsdom/living/events/EventTarget-impl.js:267:3)
        at HTMLUnknownElementImpl._dispatch (/Users/abhiroop.chaudhuri/Desktop/DEVELOPMENT/MDS/design-system/node_modules/jest-environment-jsdom-fifteen/node_modules/jsdom/lib/jsdom/living/events/EventTarget-impl.js:214:9)
        at HTMLUnknownElementImpl.dispatchEvent (/Users/abhiroop.chaudhuri/Desktop/DEVELOPMENT/MDS/design-system/node_modules/jest-environment-jsdom-fifteen/node_modules/jsdom/lib/jsdom/living/events/EventTarget-impl.js:87:17)

  console.error core/components/atoms/input/Input.tsx:4212
    Error setting selection range: DOMException [InvalidStateError]: The object is in an invalid state.
        at HTMLInputElementImpl.setSelectionRange (/Users/abhiroop.chaudhuri/Desktop/DEVELOPMENT/MDS/design-system/node_modules/jest-environment-jsdom-fifteen/node_modules/jsdom/lib/jsdom/living/nodes/HTMLInputElement-impl.js:495:13)
        at HTMLInputElement.setSelectionRange (/Users/abhiroop.chaudhuri/Desktop/DEVELOPMENT/MDS/design-system/node_modules/jest-environment-jsdom-fifteen/node_modules/jsdom/lib/jsdom/living/generated/HTMLInputElement.js:187:23)
        at /Users/abhiroop.chaudhuri/Desktop/DEVELOPMENT/MDS/design-system/core/components/atoms/input/Input.tsx:4208:17
        at commitHookEffectListMount (/Users/abhiroop.chaudhuri/Desktop/DEVELOPMENT/MDS/design-system/node_modules/react-dom/cjs/react-dom.development.js:19731:26)
        at commitPassiveHookEffects (/Users/abhiroop.chaudhuri/Desktop/DEVELOPMENT/MDS/design-system/node_modules/react-dom/cjs/react-dom.development.js:19769:11)
        at HTMLUnknownElement.callCallback (/Users/abhiroop.chaudhuri/Desktop/DEVELOPMENT/MDS/design-system/node_modules/react-dom/cjs/react-dom.development.js:188:14)
        at innerInvokeEventListeners (/Users/abhiroop.chaudhuri/Desktop/DEVELOPMENT/MDS/design-system/node_modules/jest-environment-jsdom-fifteen/node_modules/jsdom/lib/jsdom/living/events/EventTarget-impl.js:316:27)
        at invokeEventListeners (/Users/abhiroop.chaudhuri/Desktop/DEVELOPMENT/MDS/design-system/node_modules/jest-environment-jsdom-fifteen/node_modules/jsdom/lib/jsdom/living/events/EventTarget-impl.js:267:3)
        at HTMLUnknownElementImpl._dispatch (/Users/abhiroop.chaudhuri/Desktop/DEVELOPMENT/MDS/design-system/node_modules/jest-environment-jsdom-fifteen/node_modules/jsdom/lib/jsdom/living/events/EventTarget-impl.js:214:9)
        at HTMLUnknownElementImpl.dispatchEvent (/Users/abhiroop.chaudhuri/Desktop/DEVELOPMENT/MDS/design-system/node_modules/jest-environment-jsdom-fifteen/node_modules/jsdom/lib/jsdom/living/events/EventTarget-impl.js:87:17)

  console.error core/components/atoms/input/Input.tsx:4212
    Error setting selection range: DOMException [InvalidStateError]: The object is in an invalid state.
        at HTMLInputElementImpl.setSelectionRange (/Users/abhiroop.chaudhuri/Desktop/DEVELOPMENT/MDS/design-system/node_modules/jest-environment-jsdom-fifteen/node_modules/jsdom/lib/jsdom/living/nodes/HTMLInputElement-impl.js:495:13)
        at HTMLInputElement.setSelectionRange (/Users/abhiroop.chaudhuri/Desktop/DEVELOPMENT/MDS/design-system/node_modules/jest-environment-jsdom-fifteen/node_modules/jsdom/lib/jsdom/living/generated/HTMLInputElement.js:187:23)
        at /Users/abhiroop.chaudhuri/Desktop/DEVELOPMENT/MDS/design-system/core/components/atoms/input/Input.tsx:4208:17
        at commitHookEffectListMount (/Users/abhiroop.chaudhuri/Desktop/DEVELOPMENT/MDS/design-system/node_modules/react-dom/cjs/react-dom.development.js:19731:26)
        at commitPassiveHookEffects (/Users/abhiroop.chaudhuri/Desktop/DEVELOPMENT/MDS/design-system/node_modules/react-dom/cjs/react-dom.development.js:19769:11)
        at HTMLUnknownElement.callCallback (/Users/abhiroop.chaudhuri/Desktop/DEVELOPMENT/MDS/design-system/node_modules/react-dom/cjs/react-dom.development.js:188:14)
        at innerInvokeEventListeners (/Users/abhiroop.chaudhuri/Desktop/DEVELOPMENT/MDS/design-system/node_modules/jest-environment-jsdom-fifteen/node_modules/jsdom/lib/jsdom/living/events/EventTarget-impl.js:316:27)
        at invokeEventListeners (/Users/abhiroop.chaudhuri/Desktop/DEVELOPMENT/MDS/design-system/node_modules/jest-environment-jsdom-fifteen/node_modules/jsdom/lib/jsdom/living/events/EventTarget-impl.js:267:3)
        at HTMLUnknownElementImpl._dispatch (/Users/abhiroop.chaudhuri/Desktop/DEVELOPMENT/MDS/design-system/node_modules/jest-environment-jsdom-fifteen/node_modules/jsdom/lib/jsdom/living/events/EventTarget-impl.js:214:9)
        at HTMLUnknownElementImpl.dispatchEvent (/Users/abhiroop.chaudhuri/Desktop/DEVELOPMENT/MDS/design-system/node_modules/jest-environment-jsdom-fifteen/node_modules/jsdom/lib/jsdom/living/events/EventTarget-impl.js:87:17)

  console.error core/components/atoms/input/Input.tsx:4212
    Error setting selection range: DOMException [InvalidStateError]: The object is in an invalid state.
        at HTMLInputElementImpl.setSelectionRange (/Users/abhiroop.chaudhuri/Desktop/DEVELOPMENT/MDS/design-system/node_modules/jest-environment-jsdom-fifteen/node_modules/jsdom/lib/jsdom/living/nodes/HTMLInputElement-impl.js:495:13)
        at HTMLInputElement.setSelectionRange (/Users/abhiroop.chaudhuri/Desktop/DEVELOPMENT/MDS/design-system/node_modules/jest-environment-jsdom-fifteen/node_modules/jsdom/lib/jsdom/living/generated/HTMLInputElement.js:187:23)
        at /Users/abhiroop.chaudhuri/Desktop/DEVELOPMENT/MDS/design-system/core/components/atoms/input/Input.tsx:4208:17
        at commitHookEffectListMount (/Users/abhiroop.chaudhuri/Desktop/DEVELOPMENT/MDS/design-system/node_modules/react-dom/cjs/react-dom.development.js:19731:26)
        at commitPassiveHookEffects (/Users/abhiroop.chaudhuri/Desktop/DEVELOPMENT/MDS/design-system/node_modules/react-dom/cjs/react-dom.development.js:19769:11)
        at HTMLUnknownElement.callCallback (/Users/abhiroop.chaudhuri/Desktop/DEVELOPMENT/MDS/design-system/node_modules/react-dom/cjs/react-dom.development.js:188:14)
        at innerInvokeEventListeners (/Users/abhiroop.chaudhuri/Desktop/DEVELOPMENT/MDS/design-system/node_modules/jest-environment-jsdom-fifteen/node_modules/jsdom/lib/jsdom/living/events/EventTarget-impl.js:316:27)
        at invokeEventListeners (/Users/abhiroop.chaudhuri/Desktop/DEVELOPMENT/MDS/design-system/node_modules/jest-environment-jsdom-fifteen/node_modules/jsdom/lib/jsdom/living/events/EventTarget-impl.js:267:3)
        at HTMLUnknownElementImpl._dispatch (/Users/abhiroop.chaudhuri/Desktop/DEVELOPMENT/MDS/design-system/node_modules/jest-environment-jsdom-fifteen/node_modules/jsdom/lib/jsdom/living/events/EventTarget-impl.js:214:9)
        at HTMLUnknownElementImpl.dispatchEvent (/Users/abhiroop.chaudhuri/Desktop/DEVELOPMENT/MDS/design-system/node_modules/jest-environment-jsdom-fifteen/node_modules/jsdom/lib/jsdom/living/events/EventTarget-impl.js:87:17)

  console.error core/components/atoms/input/Input.tsx:4212
    Error setting selection range: DOMException [InvalidStateError]: The object is in an invalid state.
        at HTMLInputElementImpl.setSelectionRange (/Users/abhiroop.chaudhuri/Desktop/DEVELOPMENT/MDS/design-system/node_modules/jest-environment-jsdom-fifteen/node_modules/jsdom/lib/jsdom/living/nodes/HTMLInputElement-impl.js:495:13)
        at HTMLInputElement.setSelectionRange (/Users/abhiroop.chaudhuri/Desktop/DEVELOPMENT/MDS/design-system/node_modules/jest-environment-jsdom-fifteen/node_modules/jsdom/lib/jsdom/living/generated/HTMLInputElement.js:187:23)
        at /Users/abhiroop.chaudhuri/Desktop/DEVELOPMENT/MDS/design-system/core/components/atoms/input/Input.tsx:4208:17
        at commitHookEffectListMount (/Users/abhiroop.chaudhuri/Desktop/DEVELOPMENT/MDS/design-system/node_modules/react-dom/cjs/react-dom.development.js:19731:26)
        at commitPassiveHookEffects (/Users/abhiroop.chaudhuri/Desktop/DEVELOPMENT/MDS/design-system/node_modules/react-dom/cjs/react-dom.development.js:19769:11)
        at HTMLUnknownElement.callCallback (/Users/abhiroop.chaudhuri/Desktop/DEVELOPMENT/MDS/design-system/node_modules/react-dom/cjs/react-dom.development.js:188:14)
        at innerInvokeEventListeners (/Users/abhiroop.chaudhuri/Desktop/DEVELOPMENT/MDS/design-system/node_modules/jest-environment-jsdom-fifteen/node_modules/jsdom/lib/jsdom/living/events/EventTarget-impl.js:316:27)
        at invokeEventListeners (/Users/abhiroop.chaudhuri/Desktop/DEVELOPMENT/MDS/design-system/node_modules/jest-environment-jsdom-fifteen/node_modules/jsdom/lib/jsdom/living/events/EventTarget-impl.js:267:3)
        at HTMLUnknownElementImpl._dispatch (/Users/abhiroop.chaudhuri/Desktop/DEVELOPMENT/MDS/design-system/node_modules/jest-environment-jsdom-fifteen/node_modules/jsdom/lib/jsdom/living/events/EventTarget-impl.js:214:9)
        at HTMLUnknownElementImpl.dispatchEvent (/Users/abhiroop.chaudhuri/Desktop/DEVELOPMENT/MDS/design-system/node_modules/jest-environment-jsdom-fifteen/node_modules/jsdom/lib/jsdom/living/events/EventTarget-impl.js:87:17)

  console.error core/components/atoms/input/Input.tsx:4212
    Error setting selection range: DOMException [InvalidStateError]: The object is in an invalid state.
        at HTMLInputElementImpl.setSelectionRange (/Users/abhiroop.chaudhuri/Desktop/DEVELOPMENT/MDS/design-system/node_modules/jest-environment-jsdom-fifteen/node_modules/jsdom/lib/jsdom/living/nodes/HTMLInputElement-impl.js:495:13)
        at HTMLInputElement.setSelectionRange (/Users/abhiroop.chaudhuri/Desktop/DEVELOPMENT/MDS/design-system/node_modules/jest-environment-jsdom-fifteen/node_modules/jsdom/lib/jsdom/living/generated/HTMLInputElement.js:187:23)
        at /Users/abhiroop.chaudhuri/Desktop/DEVELOPMENT/MDS/design-system/core/components/atoms/input/Input.tsx:4208:17
        at commitHookEffectListMount (/Users/abhiroop.chaudhuri/Desktop/DEVELOPMENT/MDS/design-system/node_modules/react-dom/cjs/react-dom.development.js:19731:26)
        at commitPassiveHookEffects (/Users/abhiroop.chaudhuri/Desktop/DEVELOPMENT/MDS/design-system/node_modules/react-dom/cjs/react-dom.development.js:19769:11)
        at HTMLUnknownElement.callCallback (/Users/abhiroop.chaudhuri/Desktop/DEVELOPMENT/MDS/design-system/node_modules/react-dom/cjs/react-dom.development.js:188:14)
        at innerInvokeEventListeners (/Users/abhiroop.chaudhuri/Desktop/DEVELOPMENT/MDS/design-system/node_modules/jest-environment-jsdom-fifteen/node_modules/jsdom/lib/jsdom/living/events/EventTarget-impl.js:316:27)
        at invokeEventListeners (/Users/abhiroop.chaudhuri/Desktop/DEVELOPMENT/MDS/design-system/node_modules/jest-environment-jsdom-fifteen/node_modules/jsdom/lib/jsdom/living/events/EventTarget-impl.js:267:3)
        at HTMLUnknownElementImpl._dispatch (/Users/abhiroop.chaudhuri/Desktop/DEVELOPMENT/MDS/design-system/node_modules/jest-environment-jsdom-fifteen/node_modules/jsdom/lib/jsdom/living/events/EventTarget-impl.js:214:9)
        at HTMLUnknownElementImpl.dispatchEvent (/Users/abhiroop.chaudhuri/Desktop/DEVELOPMENT/MDS/design-system/node_modules/jest-environment-jsdom-fifteen/node_modules/jsdom/lib/jsdom/living/events/EventTarget-impl.js:87:17)

  console.error core/components/atoms/input/Input.tsx:4212
    Error setting selection range: DOMException [InvalidStateError]: The object is in an invalid state.
        at HTMLInputElementImpl.setSelectionRange (/Users/abhiroop.chaudhuri/Desktop/DEVELOPMENT/MDS/design-system/node_modules/jest-environment-jsdom-fifteen/node_modules/jsdom/lib/jsdom/living/nodes/HTMLInputElement-impl.js:495:13)
        at HTMLInputElement.setSelectionRange (/Users/abhiroop.chaudhuri/Desktop/DEVELOPMENT/MDS/design-system/node_modules/jest-environment-jsdom-fifteen/node_modules/jsdom/lib/jsdom/living/generated/HTMLInputElement.js:187:23)
        at /Users/abhiroop.chaudhuri/Desktop/DEVELOPMENT/MDS/design-system/core/components/atoms/input/Input.tsx:4208:17
        at commitHookEffectListMount (/Users/abhiroop.chaudhuri/Desktop/DEVELOPMENT/MDS/design-system/node_modules/react-dom/cjs/react-dom.development.js:19731:26)
        at commitPassiveHookEffects (/Users/abhiroop.chaudhuri/Desktop/DEVELOPMENT/MDS/design-system/node_modules/react-dom/cjs/react-dom.development.js:19769:11)
        at HTMLUnknownElement.callCallback (/Users/abhiroop.chaudhuri/Desktop/DEVELOPMENT/MDS/design-system/node_modules/react-dom/cjs/react-dom.development.js:188:14)
        at innerInvokeEventListeners (/Users/abhiroop.chaudhuri/Desktop/DEVELOPMENT/MDS/design-system/node_modules/jest-environment-jsdom-fifteen/node_modules/jsdom/lib/jsdom/living/events/EventTarget-impl.js:316:27)
        at invokeEventListeners (/Users/abhiroop.chaudhuri/Desktop/DEVELOPMENT/MDS/design-system/node_modules/jest-environment-jsdom-fifteen/node_modules/jsdom/lib/jsdom/living/events/EventTarget-impl.js:267:3)
        at HTMLUnknownElementImpl._dispatch (/Users/abhiroop.chaudhuri/Desktop/DEVELOPMENT/MDS/design-system/node_modules/jest-environment-jsdom-fifteen/node_modules/jsdom/lib/jsdom/living/events/EventTarget-impl.js:214:9)
        at HTMLUnknownElementImpl.dispatchEvent (/Users/abhiroop.chaudhuri/Desktop/DEVELOPMENT/MDS/design-system/node_modules/jest-environment-jsdom-fifteen/node_modules/jsdom/lib/jsdom/living/events/EventTarget-impl.js:87:17)

  console.error core/components/atoms/input/Input.tsx:4212
    Error setting selection range: DOMException [InvalidStateError]: The object is in an invalid state.
        at HTMLInputElementImpl.setSelectionRange (/Users/abhiroop.chaudhuri/Desktop/DEVELOPMENT/MDS/design-system/node_modules/jest-environment-jsdom-fifteen/node_modules/jsdom/lib/jsdom/living/nodes/HTMLInputElement-impl.js:495:13)
        at HTMLInputElement.setSelectionRange (/Users/abhiroop.chaudhuri/Desktop/DEVELOPMENT/MDS/design-system/node_modules/jest-environment-jsdom-fifteen/node_modules/jsdom/lib/jsdom/living/generated/HTMLInputElement.js:187:23)
        at /Users/abhiroop.chaudhuri/Desktop/DEVELOPMENT/MDS/design-system/core/components/atoms/input/Input.tsx:4208:17
        at commitHookEffectListMount (/Users/abhiroop.chaudhuri/Desktop/DEVELOPMENT/MDS/design-system/node_modules/react-dom/cjs/react-dom.development.js:19731:26)
        at commitPassiveHookEffects (/Users/abhiroop.chaudhuri/Desktop/DEVELOPMENT/MDS/design-system/node_modules/react-dom/cjs/react-dom.development.js:19769:11)
        at HTMLUnknownElement.callCallback (/Users/abhiroop.chaudhuri/Desktop/DEVELOPMENT/MDS/design-system/node_modules/react-dom/cjs/react-dom.development.js:188:14)
        at innerInvokeEventListeners (/Users/abhiroop.chaudhuri/Desktop/DEVELOPMENT/MDS/design-system/node_modules/jest-environment-jsdom-fifteen/node_modules/jsdom/lib/jsdom/living/events/EventTarget-impl.js:316:27)
        at invokeEventListeners (/Users/abhiroop.chaudhuri/Desktop/DEVELOPMENT/MDS/design-system/node_modules/jest-environment-jsdom-fifteen/node_modules/jsdom/lib/jsdom/living/events/EventTarget-impl.js:267:3)
        at HTMLUnknownElementImpl._dispatch (/Users/abhiroop.chaudhuri/Desktop/DEVELOPMENT/MDS/design-system/node_modules/jest-environment-jsdom-fifteen/node_modules/jsdom/lib/jsdom/living/events/EventTarget-impl.js:214:9)
        at HTMLUnknownElementImpl.dispatchEvent (/Users/abhiroop.chaudhuri/Desktop/DEVELOPMENT/MDS/design-system/node_modules/jest-environment-jsdom-fifteen/node_modules/jsdom/lib/jsdom/living/events/EventTarget-impl.js:87:17)

  console.error core/components/atoms/input/Input.tsx:4212
    Error setting selection range: DOMException [InvalidStateError]: The object is in an invalid state.
        at HTMLInputElementImpl.setSelectionRange (/Users/abhiroop.chaudhuri/Desktop/DEVELOPMENT/MDS/design-system/node_modules/jest-environment-jsdom-fifteen/node_modules/jsdom/lib/jsdom/living/nodes/HTMLInputElement-impl.js:495:13)
        at HTMLInputElement.setSelectionRange (/Users/abhiroop.chaudhuri/Desktop/DEVELOPMENT/MDS/design-system/node_modules/jest-environment-jsdom-fifteen/node_modules/jsdom/lib/jsdom/living/generated/HTMLInputElement.js:187:23)
        at /Users/abhiroop.chaudhuri/Desktop/DEVELOPMENT/MDS/design-system/core/components/atoms/input/Input.tsx:4208:17
        at commitHookEffectListMount (/Users/abhiroop.chaudhuri/Desktop/DEVELOPMENT/MDS/design-system/node_modules/react-dom/cjs/react-dom.development.js:19731:26)
        at commitPassiveHookEffects (/Users/abhiroop.chaudhuri/Desktop/DEVELOPMENT/MDS/design-system/node_modules/react-dom/cjs/react-dom.development.js:19769:11)
        at HTMLUnknownElement.callCallback (/Users/abhiroop.chaudhuri/Desktop/DEVELOPMENT/MDS/design-system/node_modules/react-dom/cjs/react-dom.development.js:188:14)
        at innerInvokeEventListeners (/Users/abhiroop.chaudhuri/Desktop/DEVELOPMENT/MDS/design-system/node_modules/jest-environment-jsdom-fifteen/node_modules/jsdom/lib/jsdom/living/events/EventTarget-impl.js:316:27)
        at invokeEventListeners (/Users/abhiroop.chaudhuri/Desktop/DEVELOPMENT/MDS/design-system/node_modules/jest-environment-jsdom-fifteen/node_modules/jsdom/lib/jsdom/living/events/EventTarget-impl.js:267:3)
        at HTMLUnknownElementImpl._dispatch (/Users/abhiroop.chaudhuri/Desktop/DEVELOPMENT/MDS/design-system/node_modules/jest-environment-jsdom-fifteen/node_modules/jsdom/lib/jsdom/living/events/EventTarget-impl.js:214:9)
        at HTMLUnknownElementImpl.dispatchEvent (/Users/abhiroop.chaudhuri/Desktop/DEVELOPMENT/MDS/design-system/node_modules/jest-environment-jsdom-fifteen/node_modules/jsdom/lib/jsdom/living/events/EventTarget-impl.js:87:17)

  console.error core/components/atoms/input/Input.tsx:4212
    Error setting selection range: DOMException [InvalidStateError]: The object is in an invalid state.
        at HTMLInputElementImpl.setSelectionRange (/Users/abhiroop.chaudhuri/Desktop/DEVELOPMENT/MDS/design-system/node_modules/jest-environment-jsdom-fifteen/node_modules/jsdom/lib/jsdom/living/nodes/HTMLInputElement-impl.js:495:13)
        at HTMLInputElement.setSelectionRange (/Users/abhiroop.chaudhuri/Desktop/DEVELOPMENT/MDS/design-system/node_modules/jest-environment-jsdom-fifteen/node_modules/jsdom/lib/jsdom/living/generated/HTMLInputElement.js:187:23)
        at /Users/abhiroop.chaudhuri/Desktop/DEVELOPMENT/MDS/design-system/core/components/atoms/input/Input.tsx:4208:17
        at commitHookEffectListMount (/Users/abhiroop.chaudhuri/Desktop/DEVELOPMENT/MDS/design-system/node_modules/react-dom/cjs/react-dom.development.js:19731:26)
        at commitPassiveHookEffects (/Users/abhiroop.chaudhuri/Desktop/DEVELOPMENT/MDS/design-system/node_modules/react-dom/cjs/react-dom.development.js:19769:11)
        at HTMLUnknownElement.callCallback (/Users/abhiroop.chaudhuri/Desktop/DEVELOPMENT/MDS/design-system/node_modules/react-dom/cjs/react-dom.development.js:188:14)
        at innerInvokeEventListeners (/Users/abhiroop.chaudhuri/Desktop/DEVELOPMENT/MDS/design-system/node_modules/jest-environment-jsdom-fifteen/node_modules/jsdom/lib/jsdom/living/events/EventTarget-impl.js:316:27)
        at invokeEventListeners (/Users/abhiroop.chaudhuri/Desktop/DEVELOPMENT/MDS/design-system/node_modules/jest-environment-jsdom-fifteen/node_modules/jsdom/lib/jsdom/living/events/EventTarget-impl.js:267:3)
        at HTMLUnknownElementImpl._dispatch (/Users/abhiroop.chaudhuri/Desktop/DEVELOPMENT/MDS/design-system/node_modules/jest-environment-jsdom-fifteen/node_modules/jsdom/lib/jsdom/living/events/EventTarget-impl.js:214:9)
        at HTMLUnknownElementImpl.dispatchEvent (/Users/abhiroop.chaudhuri/Desktop/DEVELOPMENT/MDS/design-system/node_modules/jest-environment-jsdom-fifteen/node_modules/jsdom/lib/jsdom/living/events/EventTarget-impl.js:87:17)

  console.error core/components/atoms/input/Input.tsx:4212
    Error setting selection range: DOMException [InvalidStateError]: The object is in an invalid state.
        at HTMLInputElementImpl.setSelectionRange (/Users/abhiroop.chaudhuri/Desktop/DEVELOPMENT/MDS/design-system/node_modules/jest-environment-jsdom-fifteen/node_modules/jsdom/lib/jsdom/living/nodes/HTMLInputElement-impl.js:495:13)
        at HTMLInputElement.setSelectionRange (/Users/abhiroop.chaudhuri/Desktop/DEVELOPMENT/MDS/design-system/node_modules/jest-environment-jsdom-fifteen/node_modules/jsdom/lib/jsdom/living/generated/HTMLInputElement.js:187:23)
        at /Users/abhiroop.chaudhuri/Desktop/DEVELOPMENT/MDS/design-system/core/components/atoms/input/Input.tsx:4208:17
        at commitHookEffectListMount (/Users/abhiroop.chaudhuri/Desktop/DEVELOPMENT/MDS/design-system/node_modules/react-dom/cjs/react-dom.development.js:19731:26)
        at commitPassiveHookEffects (/Users/abhiroop.chaudhuri/Desktop/DEVELOPMENT/MDS/design-system/node_modules/react-dom/cjs/react-dom.development.js:19769:11)
        at HTMLUnknownElement.callCallback (/Users/abhiroop.chaudhuri/Desktop/DEVELOPMENT/MDS/design-system/node_modules/react-dom/cjs/react-dom.development.js:188:14)
        at innerInvokeEventListeners (/Users/abhiroop.chaudhuri/Desktop/DEVELOPMENT/MDS/design-system/node_modules/jest-environment-jsdom-fifteen/node_modules/jsdom/lib/jsdom/living/events/EventTarget-impl.js:316:27)
        at invokeEventListeners (/Users/abhiroop.chaudhuri/Desktop/DEVELOPMENT/MDS/design-system/node_modules/jest-environment-jsdom-fifteen/node_modules/jsdom/lib/jsdom/living/events/EventTarget-impl.js:267:3)
        at HTMLUnknownElementImpl._dispatch (/Users/abhiroop.chaudhuri/Desktop/DEVELOPMENT/MDS/design-system/node_modules/jest-environment-jsdom-fifteen/node_modules/jsdom/lib/jsdom/living/events/EventTarget-impl.js:214:9)
        at HTMLUnknownElementImpl.dispatchEvent (/Users/abhiroop.chaudhuri/Desktop/DEVELOPMENT/MDS/design-system/node_modules/jest-environment-jsdom-fifteen/node_modules/jsdom/lib/jsdom/living/events/EventTarget-impl.js:87:17)

  console.error core/components/atoms/input/Input.tsx:4212
    Error setting selection range: DOMException [InvalidStateError]: The object is in an invalid state.
        at HTMLInputElementImpl.setSelectionRange (/Users/abhiroop.chaudhuri/Desktop/DEVELOPMENT/MDS/design-system/node_modules/jest-environment-jsdom-fifteen/node_modules/jsdom/lib/jsdom/living/nodes/HTMLInputElement-impl.js:495:13)
        at HTMLInputElement.setSelectionRange (/Users/abhiroop.chaudhuri/Desktop/DEVELOPMENT/MDS/design-system/node_modules/jest-environment-jsdom-fifteen/node_modules/jsdom/lib/jsdom/living/generated/HTMLInputElement.js:187:23)
        at /Users/abhiroop.chaudhuri/Desktop/DEVELOPMENT/MDS/design-system/core/components/atoms/input/Input.tsx:4208:17
        at commitHookEffectListMount (/Users/abhiroop.chaudhuri/Desktop/DEVELOPMENT/MDS/design-system/node_modules/react-dom/cjs/react-dom.development.js:19731:26)
        at commitPassiveHookEffects (/Users/abhiroop.chaudhuri/Desktop/DEVELOPMENT/MDS/design-system/node_modules/react-dom/cjs/react-dom.development.js:19769:11)
        at HTMLUnknownElement.callCallback (/Users/abhiroop.chaudhuri/Desktop/DEVELOPMENT/MDS/design-system/node_modules/react-dom/cjs/react-dom.development.js:188:14)
        at innerInvokeEventListeners (/Users/abhiroop.chaudhuri/Desktop/DEVELOPMENT/MDS/design-system/node_modules/jest-environment-jsdom-fifteen/node_modules/jsdom/lib/jsdom/living/events/EventTarget-impl.js:316:27)
        at invokeEventListeners (/Users/abhiroop.chaudhuri/Desktop/DEVELOPMENT/MDS/design-system/node_modules/jest-environment-jsdom-fifteen/node_modules/jsdom/lib/jsdom/living/events/EventTarget-impl.js:267:3)
        at HTMLUnknownElementImpl._dispatch (/Users/abhiroop.chaudhuri/Desktop/DEVELOPMENT/MDS/design-system/node_modules/jest-environment-jsdom-fifteen/node_modules/jsdom/lib/jsdom/living/events/EventTarget-impl.js:214:9)
        at HTMLUnknownElementImpl.dispatchEvent (/Users/abhiroop.chaudhuri/Desktop/DEVELOPMENT/MDS/design-system/node_modules/jest-environment-jsdom-fifteen/node_modules/jsdom/lib/jsdom/living/events/EventTarget-impl.js:87:17)

  console.error core/components/atoms/input/Input.tsx:4212
    Error setting selection range: DOMException [InvalidStateError]: The object is in an invalid state.
        at HTMLInputElementImpl.setSelectionRange (/Users/abhiroop.chaudhuri/Desktop/DEVELOPMENT/MDS/design-system/node_modules/jest-environment-jsdom-fifteen/node_modules/jsdom/lib/jsdom/living/nodes/HTMLInputElement-impl.js:495:13)
        at HTMLInputElement.setSelectionRange (/Users/abhiroop.chaudhuri/Desktop/DEVELOPMENT/MDS/design-system/node_modules/jest-environment-jsdom-fifteen/node_modules/jsdom/lib/jsdom/living/generated/HTMLInputElement.js:187:23)
        at /Users/abhiroop.chaudhuri/Desktop/DEVELOPMENT/MDS/design-system/core/components/atoms/input/Input.tsx:4208:17
        at commitHookEffectListMount (/Users/abhiroop.chaudhuri/Desktop/DEVELOPMENT/MDS/design-system/node_modules/react-dom/cjs/react-dom.development.js:19731:26)
        at commitPassiveHookEffects (/Users/abhiroop.chaudhuri/Desktop/DEVELOPMENT/MDS/design-system/node_modules/react-dom/cjs/react-dom.development.js:19769:11)
        at HTMLUnknownElement.callCallback (/Users/abhiroop.chaudhuri/Desktop/DEVELOPMENT/MDS/design-system/node_modules/react-dom/cjs/react-dom.development.js:188:14)
        at innerInvokeEventListeners (/Users/abhiroop.chaudhuri/Desktop/DEVELOPMENT/MDS/design-system/node_modules/jest-environment-jsdom-fifteen/node_modules/jsdom/lib/jsdom/living/events/EventTarget-impl.js:316:27)
        at invokeEventListeners (/Users/abhiroop.chaudhuri/Desktop/DEVELOPMENT/MDS/design-system/node_modules/jest-environment-jsdom-fifteen/node_modules/jsdom/lib/jsdom/living/events/EventTarget-impl.js:267:3)
        at HTMLUnknownElementImpl._dispatch (/Users/abhiroop.chaudhuri/Desktop/DEVELOPMENT/MDS/design-system/node_modules/jest-environment-jsdom-fifteen/node_modules/jsdom/lib/jsdom/living/events/EventTarget-impl.js:214:9)
        at HTMLUnknownElementImpl.dispatchEvent (/Users/abhiroop.chaudhuri/Desktop/DEVELOPMENT/MDS/design-system/node_modules/jest-environment-jsdom-fifteen/node_modules/jsdom/lib/jsdom/living/events/EventTarget-impl.js:87:17)

  console.error core/components/atoms/input/Input.tsx:4212
    Error setting selection range: DOMException [InvalidStateError]: The object is in an invalid state.
        at HTMLInputElementImpl.setSelectionRange (/Users/abhiroop.chaudhuri/Desktop/DEVELOPMENT/MDS/design-system/node_modules/jest-environment-jsdom-fifteen/node_modules/jsdom/lib/jsdom/living/nodes/HTMLInputElement-impl.js:495:13)
        at HTMLInputElement.setSelectionRange (/Users/abhiroop.chaudhuri/Desktop/DEVELOPMENT/MDS/design-system/node_modules/jest-environment-jsdom-fifteen/node_modules/jsdom/lib/jsdom/living/generated/HTMLInputElement.js:187:23)
        at /Users/abhiroop.chaudhuri/Desktop/DEVELOPMENT/MDS/design-system/core/components/atoms/input/Input.tsx:4208:17
        at commitHookEffectListMount (/Users/abhiroop.chaudhuri/Desktop/DEVELOPMENT/MDS/design-system/node_modules/react-dom/cjs/react-dom.development.js:19731:26)
        at commitPassiveHookEffects (/Users/abhiroop.chaudhuri/Desktop/DEVELOPMENT/MDS/design-system/node_modules/react-dom/cjs/react-dom.development.js:19769:11)
        at HTMLUnknownElement.callCallback (/Users/abhiroop.chaudhuri/Desktop/DEVELOPMENT/MDS/design-system/node_modules/react-dom/cjs/react-dom.development.js:188:14)
        at innerInvokeEventListeners (/Users/abhiroop.chaudhuri/Desktop/DEVELOPMENT/MDS/design-system/node_modules/jest-environment-jsdom-fifteen/node_modules/jsdom/lib/jsdom/living/events/EventTarget-impl.js:316:27)
        at invokeEventListeners (/Users/abhiroop.chaudhuri/Desktop/DEVELOPMENT/MDS/design-system/node_modules/jest-environment-jsdom-fifteen/node_modules/jsdom/lib/jsdom/living/events/EventTarget-impl.js:267:3)
        at HTMLUnknownElementImpl._dispatch (/Users/abhiroop.chaudhuri/Desktop/DEVELOPMENT/MDS/design-system/node_modules/jest-environment-jsdom-fifteen/node_modules/jsdom/lib/jsdom/living/events/EventTarget-impl.js:214:9)
        at HTMLUnknownElementImpl.dispatchEvent (/Users/abhiroop.chaudhuri/Desktop/DEVELOPMENT/MDS/design-system/node_modules/jest-environment-jsdom-fifteen/node_modules/jsdom/lib/jsdom/living/events/EventTarget-impl.js:87:17)

  console.error core/components/atoms/input/Input.tsx:4212
    Error setting selection range: DOMException [InvalidStateError]: The object is in an invalid state.
        at HTMLInputElementImpl.setSelectionRange (/Users/abhiroop.chaudhuri/Desktop/DEVELOPMENT/MDS/design-system/node_modules/jest-environment-jsdom-fifteen/node_modules/jsdom/lib/jsdom/living/nodes/HTMLInputElement-impl.js:495:13)
        at HTMLInputElement.setSelectionRange (/Users/abhiroop.chaudhuri/Desktop/DEVELOPMENT/MDS/design-system/node_modules/jest-environment-jsdom-fifteen/node_modules/jsdom/lib/jsdom/living/generated/HTMLInputElement.js:187:23)
        at /Users/abhiroop.chaudhuri/Desktop/DEVELOPMENT/MDS/design-system/core/components/atoms/input/Input.tsx:4208:17
        at commitHookEffectListMount (/Users/abhiroop.chaudhuri/Desktop/DEVELOPMENT/MDS/design-system/node_modules/react-dom/cjs/react-dom.development.js:19731:26)
        at commitPassiveHookEffects (/Users/abhiroop.chaudhuri/Desktop/DEVELOPMENT/MDS/design-system/node_modules/react-dom/cjs/react-dom.development.js:19769:11)
        at HTMLUnknownElement.callCallback (/Users/abhiroop.chaudhuri/Desktop/DEVELOPMENT/MDS/design-system/node_modules/react-dom/cjs/react-dom.development.js:188:14)
        at innerInvokeEventListeners (/Users/abhiroop.chaudhuri/Desktop/DEVELOPMENT/MDS/design-system/node_modules/jest-environment-jsdom-fifteen/node_modules/jsdom/lib/jsdom/living/events/EventTarget-impl.js:316:27)
        at invokeEventListeners (/Users/abhiroop.chaudhuri/Desktop/DEVELOPMENT/MDS/design-system/node_modules/jest-environment-jsdom-fifteen/node_modules/jsdom/lib/jsdom/living/events/EventTarget-impl.js:267:3)
        at HTMLUnknownElementImpl._dispatch (/Users/abhiroop.chaudhuri/Desktop/DEVELOPMENT/MDS/design-system/node_modules/jest-environment-jsdom-fifteen/node_modules/jsdom/lib/jsdom/living/events/EventTarget-impl.js:214:9)
        at HTMLUnknownElementImpl.dispatchEvent (/Users/abhiroop.chaudhuri/Desktop/DEVELOPMENT/MDS/design-system/node_modules/jest-environment-jsdom-fifteen/node_modules/jsdom/lib/jsdom/living/events/EventTarget-impl.js:87:17)

  console.error core/components/atoms/input/Input.tsx:4212
    Error setting selection range: DOMException [InvalidStateError]: The object is in an invalid state.
        at HTMLInputElementImpl.setSelectionRange (/Users/abhiroop.chaudhuri/Desktop/DEVELOPMENT/MDS/design-system/node_modules/jest-environment-jsdom-fifteen/node_modules/jsdom/lib/jsdom/living/nodes/HTMLInputElement-impl.js:495:13)
        at HTMLInputElement.setSelectionRange (/Users/abhiroop.chaudhuri/Desktop/DEVELOPMENT/MDS/design-system/node_modules/jest-environment-jsdom-fifteen/node_modules/jsdom/lib/jsdom/living/generated/HTMLInputElement.js:187:23)
        at /Users/abhiroop.chaudhuri/Desktop/DEVELOPMENT/MDS/design-system/core/components/atoms/input/Input.tsx:4208:17
        at commitHookEffectListMount (/Users/abhiroop.chaudhuri/Desktop/DEVELOPMENT/MDS/design-system/node_modules/react-dom/cjs/react-dom.development.js:19731:26)
        at commitPassiveHookEffects (/Users/abhiroop.chaudhuri/Desktop/DEVELOPMENT/MDS/design-system/node_modules/react-dom/cjs/react-dom.development.js:19769:11)
        at HTMLUnknownElement.callCallback (/Users/abhiroop.chaudhuri/Desktop/DEVELOPMENT/MDS/design-system/node_modules/react-dom/cjs/react-dom.development.js:188:14)
        at innerInvokeEventListeners (/Users/abhiroop.chaudhuri/Desktop/DEVELOPMENT/MDS/design-system/node_modules/jest-environment-jsdom-fifteen/node_modules/jsdom/lib/jsdom/living/events/EventTarget-impl.js:316:27)
        at invokeEventListeners (/Users/abhiroop.chaudhuri/Desktop/DEVELOPMENT/MDS/design-system/node_modules/jest-environment-jsdom-fifteen/node_modules/jsdom/lib/jsdom/living/events/EventTarget-impl.js:267:3)
        at HTMLUnknownElementImpl._dispatch (/Users/abhiroop.chaudhuri/Desktop/DEVELOPMENT/MDS/design-system/node_modules/jest-environment-jsdom-fifteen/node_modules/jsdom/lib/jsdom/living/events/EventTarget-impl.js:214:9)
        at HTMLUnknownElementImpl.dispatchEvent (/Users/abhiroop.chaudhuri/Desktop/DEVELOPMENT/MDS/design-system/node_modules/jest-environment-jsdom-fifteen/node_modules/jsdom/lib/jsdom/living/events/EventTarget-impl.js:87:17)

  console.error core/components/atoms/input/Input.tsx:4212
    Error setting selection range: DOMException [InvalidStateError]: The object is in an invalid state.
        at HTMLInputElementImpl.setSelectionRange (/Users/abhiroop.chaudhuri/Desktop/DEVELOPMENT/MDS/design-system/node_modules/jest-environment-jsdom-fifteen/node_modules/jsdom/lib/jsdom/living/nodes/HTMLInputElement-impl.js:495:13)
        at HTMLInputElement.setSelectionRange (/Users/abhiroop.chaudhuri/Desktop/DEVELOPMENT/MDS/design-system/node_modules/jest-environment-jsdom-fifteen/node_modules/jsdom/lib/jsdom/living/generated/HTMLInputElement.js:187:23)
        at /Users/abhiroop.chaudhuri/Desktop/DEVELOPMENT/MDS/design-system/core/components/atoms/input/Input.tsx:4208:17
        at commitHookEffectListMount (/Users/abhiroop.chaudhuri/Desktop/DEVELOPMENT/MDS/design-system/node_modules/react-dom/cjs/react-dom.development.js:19731:26)
        at commitPassiveHookEffects (/Users/abhiroop.chaudhuri/Desktop/DEVELOPMENT/MDS/design-system/node_modules/react-dom/cjs/react-dom.development.js:19769:11)
        at HTMLUnknownElement.callCallback (/Users/abhiroop.chaudhuri/Desktop/DEVELOPMENT/MDS/design-system/node_modules/react-dom/cjs/react-dom.development.js:188:14)
        at innerInvokeEventListeners (/Users/abhiroop.chaudhuri/Desktop/DEVELOPMENT/MDS/design-system/node_modules/jest-environment-jsdom-fifteen/node_modules/jsdom/lib/jsdom/living/events/EventTarget-impl.js:316:27)
        at invokeEventListeners (/Users/abhiroop.chaudhuri/Desktop/DEVELOPMENT/MDS/design-system/node_modules/jest-environment-jsdom-fifteen/node_modules/jsdom/lib/jsdom/living/events/EventTarget-impl.js:267:3)
        at HTMLUnknownElementImpl._dispatch (/Users/abhiroop.chaudhuri/Desktop/DEVELOPMENT/MDS/design-system/node_modules/jest-environment-jsdom-fifteen/node_modules/jsdom/lib/jsdom/living/events/EventTarget-impl.js:214:9)
        at HTMLUnknownElementImpl.dispatchEvent (/Users/abhiroop.chaudhuri/Desktop/DEVELOPMENT/MDS/design-system/node_modules/jest-environment-jsdom-fifteen/node_modules/jsdom/lib/jsdom/living/events/EventTarget-impl.js:87:17)

  console.error core/components/atoms/input/Input.tsx:4212
    Error setting selection range: DOMException [InvalidStateError]: The object is in an invalid state.
        at HTMLInputElementImpl.setSelectionRange (/Users/abhiroop.chaudhuri/Desktop/DEVELOPMENT/MDS/design-system/node_modules/jest-environment-jsdom-fifteen/node_modules/jsdom/lib/jsdom/living/nodes/HTMLInputElement-impl.js:495:13)
        at HTMLInputElement.setSelectionRange (/Users/abhiroop.chaudhuri/Desktop/DEVELOPMENT/MDS/design-system/node_modules/jest-environment-jsdom-fifteen/node_modules/jsdom/lib/jsdom/living/generated/HTMLInputElement.js:187:23)
        at /Users/abhiroop.chaudhuri/Desktop/DEVELOPMENT/MDS/design-system/core/components/atoms/input/Input.tsx:4208:17
        at commitHookEffectListMount (/Users/abhiroop.chaudhuri/Desktop/DEVELOPMENT/MDS/design-system/node_modules/react-dom/cjs/react-dom.development.js:19731:26)
        at commitPassiveHookEffects (/Users/abhiroop.chaudhuri/Desktop/DEVELOPMENT/MDS/design-system/node_modules/react-dom/cjs/react-dom.development.js:19769:11)
        at HTMLUnknownElement.callCallback (/Users/abhiroop.chaudhuri/Desktop/DEVELOPMENT/MDS/design-system/node_modules/react-dom/cjs/react-dom.development.js:188:14)
        at innerInvokeEventListeners (/Users/abhiroop.chaudhuri/Desktop/DEVELOPMENT/MDS/design-system/node_modules/jest-environment-jsdom-fifteen/node_modules/jsdom/lib/jsdom/living/events/EventTarget-impl.js:316:27)
        at invokeEventListeners (/Users/abhiroop.chaudhuri/Desktop/DEVELOPMENT/MDS/design-system/node_modules/jest-environment-jsdom-fifteen/node_modules/jsdom/lib/jsdom/living/events/EventTarget-impl.js:267:3)
        at HTMLUnknownElementImpl._dispatch (/Users/abhiroop.chaudhuri/Desktop/DEVELOPMENT/MDS/design-system/node_modules/jest-environment-jsdom-fifteen/node_modules/jsdom/lib/jsdom/living/events/EventTarget-impl.js:214:9)
        at HTMLUnknownElementImpl.dispatchEvent (/Users/abhiroop.chaudhuri/Desktop/DEVELOPMENT/MDS/design-system/node_modules/jest-environment-jsdom-fifteen/node_modules/jsdom/lib/jsdom/living/events/EventTarget-impl.js:87:17)

  console.error core/components/atoms/input/Input.tsx:4212
    Error setting selection range: DOMException [InvalidStateError]: The object is in an invalid state.
        at HTMLInputElementImpl.setSelectionRange (/Users/abhiroop.chaudhuri/Desktop/DEVELOPMENT/MDS/design-system/node_modules/jest-environment-jsdom-fifteen/node_modules/jsdom/lib/jsdom/living/nodes/HTMLInputElement-impl.js:495:13)
        at HTMLInputElement.setSelectionRange (/Users/abhiroop.chaudhuri/Desktop/DEVELOPMENT/MDS/design-system/node_modules/jest-environment-jsdom-fifteen/node_modules/jsdom/lib/jsdom/living/generated/HTMLInputElement.js:187:23)
        at /Users/abhiroop.chaudhuri/Desktop/DEVELOPMENT/MDS/design-system/core/components/atoms/input/Input.tsx:4208:17
        at commitHookEffectListMount (/Users/abhiroop.chaudhuri/Desktop/DEVELOPMENT/MDS/design-system/node_modules/react-dom/cjs/react-dom.development.js:19731:26)
        at commitPassiveHookEffects (/Users/abhiroop.chaudhuri/Desktop/DEVELOPMENT/MDS/design-system/node_modules/react-dom/cjs/react-dom.development.js:19769:11)
        at HTMLUnknownElement.callCallback (/Users/abhiroop.chaudhuri/Desktop/DEVELOPMENT/MDS/design-system/node_modules/react-dom/cjs/react-dom.development.js:188:14)
        at innerInvokeEventListeners (/Users/abhiroop.chaudhuri/Desktop/DEVELOPMENT/MDS/design-system/node_modules/jest-environment-jsdom-fifteen/node_modules/jsdom/lib/jsdom/living/events/EventTarget-impl.js:316:27)
        at invokeEventListeners (/Users/abhiroop.chaudhuri/Desktop/DEVELOPMENT/MDS/design-system/node_modules/jest-environment-jsdom-fifteen/node_modules/jsdom/lib/jsdom/living/events/EventTarget-impl.js:267:3)
        at HTMLUnknownElementImpl._dispatch (/Users/abhiroop.chaudhuri/Desktop/DEVELOPMENT/MDS/design-system/node_modules/jest-environment-jsdom-fifteen/node_modules/jsdom/lib/jsdom/living/events/EventTarget-impl.js:214:9)
        at HTMLUnknownElementImpl.dispatchEvent (/Users/abhiroop.chaudhuri/Desktop/DEVELOPMENT/MDS/design-system/node_modules/jest-environment-jsdom-fifteen/node_modules/jsdom/lib/jsdom/living/events/EventTarget-impl.js:87:17)

  console.error core/components/atoms/input/Input.tsx:4212
    Error setting selection range: DOMException [InvalidStateError]: The object is in an invalid state.
        at HTMLInputElementImpl.setSelectionRange (/Users/abhiroop.chaudhuri/Desktop/DEVELOPMENT/MDS/design-system/node_modules/jest-environment-jsdom-fifteen/node_modules/jsdom/lib/jsdom/living/nodes/HTMLInputElement-impl.js:495:13)
        at HTMLInputElement.setSelectionRange (/Users/abhiroop.chaudhuri/Desktop/DEVELOPMENT/MDS/design-system/node_modules/jest-environment-jsdom-fifteen/node_modules/jsdom/lib/jsdom/living/generated/HTMLInputElement.js:187:23)
        at /Users/abhiroop.chaudhuri/Desktop/DEVELOPMENT/MDS/design-system/core/components/atoms/input/Input.tsx:4208:17
        at commitHookEffectListMount (/Users/abhiroop.chaudhuri/Desktop/DEVELOPMENT/MDS/design-system/node_modules/react-dom/cjs/react-dom.development.js:19731:26)
        at commitPassiveHookEffects (/Users/abhiroop.chaudhuri/Desktop/DEVELOPMENT/MDS/design-system/node_modules/react-dom/cjs/react-dom.development.js:19769:11)
        at HTMLUnknownElement.callCallback (/Users/abhiroop.chaudhuri/Desktop/DEVELOPMENT/MDS/design-system/node_modules/react-dom/cjs/react-dom.development.js:188:14)
        at innerInvokeEventListeners (/Users/abhiroop.chaudhuri/Desktop/DEVELOPMENT/MDS/design-system/node_modules/jest-environment-jsdom-fifteen/node_modules/jsdom/lib/jsdom/living/events/EventTarget-impl.js:316:27)
        at invokeEventListeners (/Users/abhiroop.chaudhuri/Desktop/DEVELOPMENT/MDS/design-system/node_modules/jest-environment-jsdom-fifteen/node_modules/jsdom/lib/jsdom/living/events/EventTarget-impl.js:267:3)
        at HTMLUnknownElementImpl._dispatch (/Users/abhiroop.chaudhuri/Desktop/DEVELOPMENT/MDS/design-system/node_modules/jest-environment-jsdom-fifteen/node_modules/jsdom/lib/jsdom/living/events/EventTarget-impl.js:214:9)
        at HTMLUnknownElementImpl.dispatchEvent (/Users/abhiroop.chaudhuri/Desktop/DEVELOPMENT/MDS/design-system/node_modules/jest-environment-jsdom-fifteen/node_modules/jsdom/lib/jsdom/living/events/EventTarget-impl.js:87:17)

  console.error core/components/atoms/input/Input.tsx:4212
    Error setting selection range: DOMException [InvalidStateError]: The object is in an invalid state.
        at HTMLInputElementImpl.setSelectionRange (/Users/abhiroop.chaudhuri/Desktop/DEVELOPMENT/MDS/design-system/node_modules/jest-environment-jsdom-fifteen/node_modules/jsdom/lib/jsdom/living/nodes/HTMLInputElement-impl.js:495:13)
        at HTMLInputElement.setSelectionRange (/Users/abhiroop.chaudhuri/Desktop/DEVELOPMENT/MDS/design-system/node_modules/jest-environment-jsdom-fifteen/node_modules/jsdom/lib/jsdom/living/generated/HTMLInputElement.js:187:23)
        at /Users/abhiroop.chaudhuri/Desktop/DEVELOPMENT/MDS/design-system/core/components/atoms/input/Input.tsx:4208:17
        at commitHookEffectListMount (/Users/abhiroop.chaudhuri/Desktop/DEVELOPMENT/MDS/design-system/node_modules/react-dom/cjs/react-dom.development.js:19731:26)
        at commitPassiveHookEffects (/Users/abhiroop.chaudhuri/Desktop/DEVELOPMENT/MDS/design-system/node_modules/react-dom/cjs/react-dom.development.js:19769:11)
        at HTMLUnknownElement.callCallback (/Users/abhiroop.chaudhuri/Desktop/DEVELOPMENT/MDS/design-system/node_modules/react-dom/cjs/react-dom.development.js:188:14)
        at innerInvokeEventListeners (/Users/abhiroop.chaudhuri/Desktop/DEVELOPMENT/MDS/design-system/node_modules/jest-environment-jsdom-fifteen/node_modules/jsdom/lib/jsdom/living/events/EventTarget-impl.js:316:27)
        at invokeEventListeners (/Users/abhiroop.chaudhuri/Desktop/DEVELOPMENT/MDS/design-system/node_modules/jest-environment-jsdom-fifteen/node_modules/jsdom/lib/jsdom/living/events/EventTarget-impl.js:267:3)
        at HTMLUnknownElementImpl._dispatch (/Users/abhiroop.chaudhuri/Desktop/DEVELOPMENT/MDS/design-system/node_modules/jest-environment-jsdom-fifteen/node_modules/jsdom/lib/jsdom/living/events/EventTarget-impl.js:214:9)
        at HTMLUnknownElementImpl.dispatchEvent (/Users/abhiroop.chaudhuri/Desktop/DEVELOPMENT/MDS/design-system/node_modules/jest-environment-jsdom-fifteen/node_modules/jsdom/lib/jsdom/living/events/EventTarget-impl.js:87:17)

  console.error node_modules/react-dom/cjs/react-dom.development.js:88
    Warning: Function components cannot be given refs. Attempts to access this ref will fail. Did you mean to use React.forwardRef()?
    
    Check the render method of `Select`.
        in Unknown (created by Select)
        in div (created by OutsideClick)
        in OutsideClick (created by InnerReference)
        in InnerReference (created by Context.Consumer)
        in Reference (created by PopperWrapper)
        in Manager (created by PopperWrapper)
        in PopperWrapper (created by Popover)
        in Popover (created by Select)
        in div (created by Select)
        in Select

PASS core/components/atoms/segmentedControl/__tests__/SegmentedControl.test.tsx
  SegmentedControl Component - Size Variants Snapshot Tests
    ✓ 
  size: "small"
 (15ms)
    ✓ 
  size: "regular"
 (8ms)
    ✓ 
  size: "large"
 (6ms)
  SegmentedControl Component - Expanded Prop Snapshot Tests
    ✓ 
  expanded: true
 (7ms)
    ✓ 
  expanded: false
 (3ms)
  SegmentedControl Component - Label Only Snapshot Tests
    ✓ matches snapshot for small size with label only (3ms)
    ✓ matches snapshot for regular size with label only (10ms)
    ✓ matches snapshot for large size with label only (3ms)
  SegmentedControl Component - Icon + Label Snapshot Tests
    ✓ matches snapshot for small size with icon and label (5ms)
    ✓ matches snapshot for regular size with icon and label (3ms)
    ✓ matches snapshot for large size with icon and label (7ms)
  SegmentedControl Component - Icon Only Snapshot Tests
    ✓ matches snapshot for small size with icon only (6ms)
    ✓ matches snapshot for regular size with icon only (9ms)
    ✓ matches snapshot for large size with icon only (2ms)
  SegmentedControl Component - Disabled States Snapshot Tests
    ✓ matches snapshot with disabled control (5ms)
    ✓ matches snapshot with disabled item (9ms)
    ✓ matches snapshot with selected disabled item (9ms)
  SegmentedControl Component - isEqualWidth Snapshot Tests
    ✓ matches snapshot with isEqualWidth={true} (10ms)
    ✓ matches snapshot with isEqualWidth={false} (3ms)
  SegmentedControl Component - maxWidth Snapshot Tests
    ✓ matches snapshot with maxWidth prop (3ms)
  SegmentedControl Component - Custom Content Snapshot Tests
    ✓ matches snapshot with custom children (2ms)
  SegmentedControl Component - Two Segments Snapshot Tests
    ✓ matches snapshot with two segments (5ms)
  SegmentedControl Component - Rendering Tests
    ✓ renders segments correctly (7ms)
    ✓ renders with icons and labels (7ms)
    ✓ renders icon-only segments (7ms)
    ✓ renders empty when no children (2ms)
    ✓ renders with dividers (12ms)
    ✓ hides dividers around selected segment (7ms)
  SegmentedControl Component - Padding and Spacing Tests
    ✓ applies correct size class for small size with label (3ms)
    ✓ applies correct size class for regular size with label (2ms)
    ✓ applies correct size class for large size with label (1ms)
    ✓ applies correct icon class for small size with icon and label (4ms)
    ✓ applies correct icon class for regular size with icon and label (2ms)
    ✓ applies correct icon class for large size with icon and label (7ms)
  SegmentedControl Component - Icon Only Dimensions Tests
    ✓ applies correct classes for small icon-only segment (2ms)
    ✓ applies correct classes for regular icon-only segment (2ms)
    ✓ applies correct classes for large icon-only segment (7ms)
  SegmentedControl Component - Controlled Mode Tests
    ✓ handles controlled mode correctly (8ms)
    ✓ syncs with activeIndex prop changes (12ms)
  SegmentedControl Component - Uncontrolled Mode Tests
    ✓ handles uncontrolled mode correctly (4ms)
    ✓ maintains internal state in uncontrolled mode (7ms)
  SegmentedControl Component - Disabled State Tests
    ✓ disables entire control when disabled prop is set (6ms)
    ✓ does not select disabled segments (2ms)
    ✓ disables disabled segments from tab navigation (6ms)
    ✓ applies disabled class to disabled segments (4ms)
  SegmentedControl Component - Two Segment Toggle Tests
    ✓ toggles between two segments when clicking selected segment (4ms)
    ✓ does not toggle when other segment is disabled in two-segment mode (2ms)
    ✓ applies two-segments class when there are two segments (1ms)
  SegmentedControl Component - isEqualWidth Tests
    ✓ applies isEqualWidth prop correctly (3ms)
    ✓ does not apply isEqualWidth when expanded (4ms)
    ✓ applies equalWidth class to segments when isEqualWidth is true (2ms)
  SegmentedControl Component - Expanded Mode Tests
    ✓ applies expanded class when expanded prop is true (7ms)
    ✓ applies expanded class to segments when expanded prop is true (5ms)
  SegmentedControl Component - Tooltip Tests
    ✓ renders with tooltip (6ms)
    ✓ renders tooltip for truncated labels (6ms)
  SegmentedControl Component - Custom Content Tests
    ✓ renders with custom children content (5ms)
    ✓ ignores label and icon when custom children are provided (5ms)
    ✓ applies customContent class when segment has children (2ms)
    ✓ applies customContent class for all sizes when children are present (5ms)
    ✓ does not apply customContent class when segment has label only (4ms)
    ✓ does not apply customContent class when segment has icon only (2ms)
    ✓ does not apply customContent class when segment has icon and label (2ms)
    ✓ handles mixed custom content and regular segments (4ms)
    ✓ renders complex custom content with Heading and Text (5ms)
  SegmentedControl Component - Keyboard Navigation Tests
    ✓ handles native tab navigation (4ms)
    ✓ sets tabIndex to -1 for selected segment and 0 for non-selected segments (2ms)
  SegmentedControl Component - maxWidth Tests
    ✓ applies maxWidth style to container (6ms)
    ✓ truncates labels when maxWidth constrains segments (3ms)
  SegmentedControl Component - Edge Cases
    ✓ handles single segment (6ms)
    ✓ handles rapid clicks (5ms)
    ✓ handles invalid activeIndex gracefully (2ms)
    ✓ clamps selection when children shrink in uncontrolled mode (7ms)
    ✓ clamps selection when children shrink in controlled mode (7ms)
  SegmentedControl Component - BaseProps Tests
    ✓ applies custom className to the control (4ms)
    ✓ allows custom data-test prop to override default (2ms)
    ✓ applies custom className to segment item (4ms)
    ✓ allows custom data-test prop on segment item to override default (3ms)
  SegmentedControl Component - Value Prop Tests
    ✓ returns value alongside index in onChange callback (4ms)
    ✓ returns undefined value when value prop is not provided (5ms)
    ✓ handles mixed value props (some with, some without) (5ms)
    ✓ returns correct value when toggling in two-segment mode (5ms)
    ✓ accepts number as value (4ms)
  SegmentedControl Component - Truncation Tests
    ✓ applies constrained class when maxWidth constrains content (4ms)
    ✓ does not apply constrained class when content fits within maxWidth (2ms)
    ✓ does not apply constrained class when isEqualWidth is false (4ms)
    ✓ does not apply constrained class when expanded is true (6ms)

PASS core/components/molecules/verificationCodeInput/__tests__/VerificationCodeInput.test.tsx
  VerificationCodeInput component
    ✓ 
  
 (34ms)
    ✓ 
  type: "number"
 (10ms)
    ✓ 
  type: "text"
 (5ms)
    ✓ 
  type: "password"
 (7ms)
    ✓ 
  fields: 4
 (13ms)
    ✓ 
  fields: 4, type: "number"
 (10ms)
    ✓ 
  fields: 4, type: "text"
 (3ms)
    ✓ 
  fields: 4, type: "password"
 (1ms)
    ✓ 
  fields: 6
 (12ms)
    ✓ 
  fields: 6, type: "number"
 (13ms)
    ✓ 
  fields: 6, type: "text"
 (6ms)
    ✓ 
  fields: 6, type: "password"
 (7ms)
    ✓ 
  autoFocus: false
 (11ms)
    ✓ 
  autoFocus: false, type: "number"
 (13ms)
    ✓ 
  autoFocus: false, type: "text"
 (3ms)
    ✓ 
  autoFocus: false, type: "password"
 (5ms)
    ✓ 
  autoFocus: false, fields: 4
 (9ms)
    ✓ 
  autoFocus: false, fields: 4, type: "number"
 (8ms)
    ✓ 
  autoFocus: false, fields: 4, type: "text"
 (1ms)
    ✓ 
  autoFocus: false, fields: 4, type: "password"
 (1ms)
    ✓ 
  autoFocus: false, fields: 6
 (13ms)
    ✓ 
  autoFocus: false, fields: 6, type: "number"
 (14ms)
    ✓ 
  autoFocus: false, fields: 6, type: "text"
 (3ms)
    ✓ 
  autoFocus: false, fields: 6, type: "password"
 (2ms)
    ✓ 
  autoFocus: true
 (9ms)
    ✓ 
  autoFocus: true, type: "number"
 (9ms)
    ✓ 
  autoFocus: true, type: "text"
 (5ms)
    ✓ 
  autoFocus: true, type: "password"
 (3ms)
    ✓ 
  autoFocus: true, fields: 4
 (12ms)
    ✓ 
  autoFocus: true, fields: 4, type: "number"
 (11ms)
    ✓ 
  autoFocus: true, fields: 4, type: "text"
 (2ms)
    ✓ 
  autoFocus: true, fields: 4, type: "password"
 (2ms)
    ✓ 
  autoFocus: true, fields: 6
 (13ms)
    ✓ 
  autoFocus: true, fields: 6, type: "number"
 (12ms)
    ✓ 
  autoFocus: true, fields: 6, type: "text"
 (3ms)
    ✓ 
  autoFocus: true, fields: 6, type: "password"
 (3ms)
    ✓ renders 4 inputs (9ms)
    ✓ renders 6 inputs (14ms)
  VerificationCodeInput component with props disabled and error 
    ✓ with prop: disabled (9ms)
    ✓ with prop: error (10ms)
  VerificationCodeInput component events
    ✓ Trigger on change (18ms)
    ✓ Trigger keyboard events (20ms)
  VerificationCodeInput component callback
    ✓ Trigger onComplete (18ms)
    ✓ Trigger onChange (20ms)
    ✓ Trigger onFocus (17ms)
    ✓ Trigger onBlur (11ms)
  VerificationCodeInput component types
    ✓ check for letters input when type="number" (3ms)
    ✓ check for letters input when type="password" (4ms)
    ✓ check for input when type="text" (4ms)

PASS core/components/atoms/dropdown/__tests__/Option.test.tsx
  renders different options
    ✓ renders DEFAULT options (26ms)
    ✓ renders WITH_ICON options (18ms)
    ✓ renders WITH_META options (17ms)
    ✓ renders WITH_CHECKBOX options (28ms)
    ✓ renders ICON_WITH_META options (16ms)
  renders custom option
    ✓ custom option renderer (12ms)
  dropdown with prop: truncateOption
    ✓ wraps option (22ms)
  renders option with meta list
    ✓ metalist option (14ms)
  renders active option
    ✓ without checkbox (21ms)
    ✓ with checkbox (18ms)
    ✓ with checkbox and option with subinfo (14ms)
  renders selected option
    ✓ with DEFAULT option (17ms)
    ✓ WITH_ICON options (20ms)
    ✓ WITH_META options (25ms)
    ✓ with All Items label (54ms)
    ✓ without All Items label when options are grouped (53ms)
  renders disabled option
    ✓ with DEFAULT option (12ms)
    ✓ WITH_CHECKBOX option (17ms)
    ✓ WITH_ICON options (23ms)
    ✓ WITH_META options (16ms)
  renders grouped option
    ✓ with same groups together (51ms)

  console.error node_modules/react-dom/cjs/react-dom.development.js:88
    Warning: Checkbox contains an input of type checkbox with both checked and defaultChecked props. Input elements must be either controlled or uncontrolled (specify either the checked prop, or the defaultChecked prop, but not both). Decide between using a controlled or uncontrolled input element and remove one of these props. More info: https://fb.me/react-controlled-components
        in input (created by Checkbox)
        in div (created by Checkbox)
        in div (created by Checkbox)
        in Checkbox (created by ChoiceList)
        in div (created by ChoiceList)
        in fieldset (created by ChoiceList)
        in ChoiceList

PASS core/components/organisms/select/__test__/Select.test.tsx
  Select component snapshots
    ✓ 
  multiSelect: true, onSelect: "[Function]"
 (8ms)
    ✓ 
  multiSelect: false, onSelect: "[Function]"
 (2ms)
  Select List component snapshots
    ✓ 
  size: "compressed", tagName: "ul"
 (3ms)
    ✓ 
  size: "compressed", tagName: "ul", showDivider: true
 (5ms)
    ✓ 
  size: "compressed", tagName: "ul", showDivider: false
 (9ms)
    ✓ 
  size: "compressed", tagName: "ol"
 (5ms)
    ✓ 
  size: "compressed", tagName: "ol", showDivider: true
 (4ms)
    ✓ 
  size: "compressed", tagName: "ol", showDivider: false
 (3ms)
    ✓ 
  size: "compressed", tagName: "div"
 (8ms)
    ✓ 
  size: "compressed", tagName: "div", showDivider: true
 (7ms)
    ✓ 
  size: "compressed", tagName: "div", showDivider: false
 (2ms)
    ✓ 
  size: "compressed", tagName: "nav"
 (2ms)
    ✓ 
  size: "compressed", tagName: "nav", showDivider: true
 (1ms)
    ✓ 
  size: "compressed", tagName: "nav", showDivider: false
 (4ms)
    ✓ 
  size: "standard", tagName: "ul"
 (2ms)
    ✓ 
  size: "standard", tagName: "ul", showDivider: true
 (6ms)
    ✓ 
  size: "standard", tagName: "ul", showDivider: false
 (2ms)
    ✓ 
  size: "standard", tagName: "ol"
 (6ms)
    ✓ 
  size: "standard", tagName: "ol", showDivider: true
 (5ms)
    ✓ 
  size: "standard", tagName: "ol", showDivider: false
 (4ms)
    ✓ 
  size: "standard", tagName: "div"
 (1ms)
    ✓ 
  size: "standard", tagName: "div", showDivider: true
 (3ms)
    ✓ 
  size: "standard", tagName: "div", showDivider: false
 (5ms)
    ✓ 
  size: "standard", tagName: "nav"
 (5ms)
    ✓ 
  size: "standard", tagName: "nav", showDivider: true
 (4ms)
    ✓ 
  size: "standard", tagName: "nav", showDivider: false
 (5ms)
    ✓ 
  size: "tight", tagName: "ul"
 (6ms)
    ✓ 
  size: "tight", tagName: "ul", showDivider: true
 (3ms)
    ✓ 
  size: "tight", tagName: "ul", showDivider: false
 (1ms)
    ✓ 
  size: "tight", tagName: "ol"
 (2ms)
    ✓ 
  size: "tight", tagName: "ol", showDivider: true
 (1ms)
    ✓ 
  size: "tight", tagName: "ol", showDivider: false
 (1ms)
    ✓ 
  size: "tight", tagName: "div"
 (1ms)
    ✓ 
  size: "tight", tagName: "div", showDivider: true
 (4ms)
    ✓ 
  size: "tight", tagName: "div", showDivider: false
 (1ms)
    ✓ 
  size: "tight", tagName: "nav"
 (3ms)
    ✓ 
  size: "tight", tagName: "nav", showDivider: true
 (1ms)
    ✓ 
  size: "tight", tagName: "nav", showDivider: false
 (2ms)
  Select Option component snapshots
    ✓ 
  onClick: [null]
 (1ms)
    ✓ 
  onClick: [null], disabled: true
 (1ms)
    ✓ 
  onClick: [null], disabled: false
 (3ms)
    ✓ 
  onClick: [null], withCheckbox: true
 (2ms)
    ✓ 
  onClick: [null], withCheckbox: true, disabled: true
 (2ms)
    ✓ 
  onClick: [null], withCheckbox: true, disabled: false
 (3ms)
    ✓ 
  onClick: [null], withCheckbox: false
 (3ms)
    ✓ 
  onClick: [null], withCheckbox: false, disabled: true
 (5ms)
    ✓ 
  onClick: [null], withCheckbox: false, disabled: false
 (1ms)
    ✓ 
  checkedState: "checked", onClick: [null]
 (1ms)
    ✓ 
  checkedState: "checked", onClick: [null], disabled: true
 (1ms)
    ✓ 
  checkedState: "checked", onClick: [null], disabled: false
 (1ms)
    ✓ 
  checkedState: "checked", onClick: [null], withCheckbox: true
 (1ms)
    ✓ 
  checkedState: "checked", onClick: [null], withCheckbox: true, disabled: true
 (1ms)
    ✓ 
  checkedState: "checked", onClick: [null], withCheckbox: true, disabled: false
 (2ms)
    ✓ 
  checkedState: "checked", onClick: [null], withCheckbox: false
 (8ms)
    ✓ 
  checkedState: "checked", onClick: [null], withCheckbox: false, disabled: true
 (4ms)
    ✓ 
  checkedState: "checked", onClick: [null], withCheckbox: false, disabled: false
 (4ms)
    ✓ 
  checkedState: "unchecked", onClick: [null]
 (3ms)
    ✓ 
  checkedState: "unchecked", onClick: [null], disabled: true
 (1ms)
    ✓ 
  checkedState: "unchecked", onClick: [null], disabled: false
 (1ms)
    ✓ 
  checkedState: "unchecked", onClick: [null], withCheckbox: true
 (2ms)
    ✓ 
  checkedState: "unchecked", onClick: [null], withCheckbox: true, disabled: true
 (2ms)
    ✓ 
  checkedState: "unchecked", onClick: [null], withCheckbox: true, disabled: false
 (4ms)
    ✓ 
  checkedState: "unchecked", onClick: [null], withCheckbox: false
 (6ms)
    ✓ 
  checkedState: "unchecked", onClick: [null], withCheckbox: false, disabled: true
 (4ms)
    ✓ 
  checkedState: "unchecked", onClick: [null], withCheckbox: false, disabled: false
 (2ms)
    ✓ 
  checkedState: "indeterminate", onClick: [null]
 (1ms)
    ✓ 
  checkedState: "indeterminate", onClick: [null], disabled: true
 (1ms)
    ✓ 
  checkedState: "indeterminate", onClick: [null], disabled: false
 (1ms)
    ✓ 
  checkedState: "indeterminate", onClick: [null], withCheckbox: true
 (1ms)
    ✓ 
  checkedState: "indeterminate", onClick: [null], withCheckbox: true, disabled: true
 (1ms)
    ✓ 
  checkedState: "indeterminate", onClick: [null], withCheckbox: true, disabled: false
 (2ms)
    ✓ 
  checkedState: "indeterminate", onClick: [null], withCheckbox: false
 (5ms)
    ✓ 
  checkedState: "indeterminate", onClick: [null], withCheckbox: false, disabled: true
 (2ms)
    ✓ 
  checkedState: "indeterminate", onClick: [null], withCheckbox: false, disabled: false
 (2ms)
  Select component single input trigger tests
    ✓ check for placeholder in single input trigger (3ms)
    ✓ check for the default width of trigger (15ms)
    ✓ check for the default width of popover (21ms)
    ✓ override the default width of trigger (5ms)
    ✓ override the default width of popover (9ms)
    ✓ check for onToggle event handler in select (17ms)
    ✓ check for onSelect event handler in single input trigger (18ms)
    ✓ check for onChange event handler in single input trigger (4ms)
    ✓ check for onClear event handler in single input trigger (15ms)
    ✓ should apply minWidth and maxWidth styles on the trigger when provided via triggerOptions as numbers (10ms)
    ✓ should apply minWidth and maxWidth styles on the trigger when provided via triggerOptions as strings (10ms)
    ✓ should work with width="auto" and triggerOptions minWidth/maxWidth together (11ms)
  Select component multiple select trigger tests
    ✓ check for placeholder in multiple select trigger (2ms)
    ✓ check for default value in multi select trigger (2ms)
    ✓ check for onSelect event handler in multiselect (31ms)
    ✓ check for pre selected with more than 2 option in multiselect (2ms)
    ✓ check for onClear event handler in multiselect input trigger (16ms)
  Check for default value in single select
    ✓ check for default value: { label: 'Option 1', value: 'Option 1' } (11ms)
    ✓ check for default value: { label: 'Option 2', value: 123 } (9ms)
    ✓ check for default value: { label: 'Option 3', value: [Object] } (5ms)
  Pre-selected value shows as selected in option list
    ✓ should show pre-selected option as selected in single select (17ms)
    ✓ should show pre-selected options as selected in multi select (21ms)
    ✓ should show pre-selected option with checkbox as checked in multi select (15ms)
    ✓ should handle pre-selected value with different value types (8ms)
  Pre-selected value with nested object values
    ✓ should show pre-selected option as selected when value is a nested object (15ms)
    ✓ should show pre-selected options as selected in multi select with nested object values (14ms)
    ✓ should handle mixed value types in the same select (11ms)
    ✓ should handle deeply nested object values (11ms)
    ✓ should handle array values within nested objects (17ms)
  Render custom trigger in select
    ✓ check for custom trigger (14ms)
  Select component size functionality tests
    SelectList size prop integration with Listbox component
      ✓ should pass size prop to Listbox component and apply correct CSS classes for tight size (12ms)
      ✓ should pass size prop to Listbox component and apply correct CSS classes for compressed size (10ms)
      ✓ should pass size prop to Listbox component and apply correct CSS classes for standard size (14ms)
      ✓ should use default compressed size when no size prop is provided to SelectList (18ms)
    SelectOption size inheritance from ListboxContext
      ✓ should inherit size from parent SelectList through ListboxContext (11ms)
      ✓ should maintain size consistency across all SelectOptions in a SelectList (15ms)
    SearchInput size prop integration
      ✓ should accept size prop and pass it to Input component for tiny size (21ms)
      ✓ should accept size prop and pass it to Input component for regular size (13ms)
      ✓ should work without size prop when not provided to SearchInput (11ms)
    Integrated size scenarios with trigger, list, and search input
      ✓ should handle small trigger with tight list and tiny search input (31ms)
      ✓ should handle regular trigger with compressed list and regular search input (29ms)
      ✓ should handle mixed sizes independently without conflicts (26ms)
    Size functionality with multiselect scenarios
      ✓ should maintain size consistency in multiselect with tight list options (15ms)
      ✓ should handle multiselect with search input and compressed list size (30ms)
    Size functionality edge cases and error handling
      ✓ should handle invalid size prop gracefully and fallback to defaults (12ms)
      ✓ should handle SearchInput with invalid size prop gracefully (19ms)
      ✓ should handle empty SelectList with size prop (12ms)
    Select component with styleType prop - Tests for filled and outlined variants
      ✓ should render Select with default styleType as "filled" and apply correct CSS class to trigger (3ms)
      ✓ should render Select with styleType="filled" and apply Select-trigger--filled class (7ms)
      ✓ should render Select with styleType="outlined" and apply Select-trigger--outlined class (2ms)
      ✓ should apply Select-trigger--filledPlaceholder class when no option is selected in filled variant (6ms)
      ✓ should apply Select-trigger--outlinedPlaceholder class when no option is selected in outlined variant (2ms)
      ✓ should apply Select-trigger--filledOpen class when filled Select is opened (19ms)
      ✓ should apply Select-trigger--outlinedOpen class when outlined Select is opened (7ms)
      ✓ should work correctly with styleType="outlined" and different trigger sizes (1ms)
      ✓ should work correctly with styleType="filled" and different trigger sizes (2ms)
      ✓ should maintain styleType classes after selecting an option (13ms)
      ✓ should work with multiSelect and styleType="outlined" (2ms)
    Select component with error prop - Tests for error state styling
      ✓ should not apply error class by default when error prop is not provided (3ms)
      ✓ should not apply error class when error={false} (2ms)
      ✓ should apply Select-trigger--error class when error={true} (2ms)
      ✓ should apply error class along with styleType="filled" class (1ms)
      ✓ should apply error class along with styleType="outlined" class (1ms)
      ✓ should maintain error class when Select is opened (8ms)
      ✓ should maintain error class after selecting an option (19ms)
      ✓ should work with error prop, multiSelect, and styleType together (1ms)
      ✓ should work with error prop and different trigger sizes (1ms)
      ✓ should apply error class along with placeholder class when no option is selected (1ms)
    Select component integration tests - styleType and error prop combinations
      ✓ should correctly apply all classes when using filled styleType with error and small size (1ms)
      ✓ should correctly apply all classes when using outlined styleType with error and regular size (2ms)
      ✓ should handle dynamic changes to error prop correctly (2ms)
      ✓ should handle styleType change from filled to outlined correctly (2ms)
      ✓ should work correctly with pre-selected value, styleType, and error prop (2ms)

PASS core/components/organisms/choiceList/__tests__/ChoiceList.test.tsx
  ChoiceList component
    ✓ 
  title: "ChoiceList", choices: {}, size: "tiny", alignment: "horizontal", allowMultiple: true, disabled: true, name: "ChoiceList", value: "ChoiceList", onChange: "[Function]"
 (7ms)
    ✓ 
  title: "ChoiceList", choices: {}, size: "tiny", alignment: "horizontal", allowMultiple: true, disabled: false, name: "ChoiceList", value: "ChoiceList", onChange: "[Function]"
 (2ms)
    ✓ 
  title: "ChoiceList", choices: {}, size: "tiny", alignment: "horizontal", allowMultiple: false, disabled: true, name: "ChoiceList", value: "ChoiceList", onChange: "[Function]"
 (2ms)
    ✓ 
  title: "ChoiceList", choices: {}, size: "tiny", alignment: "horizontal", allowMultiple: false, disabled: false, name: "ChoiceList", value: "ChoiceList", onChange: "[Function]"
 (1ms)
    ✓ 
  title: "ChoiceList", choices: {}, size: "tiny", alignment: "vertical", allowMultiple: true, disabled: true, name: "ChoiceList", value: "ChoiceList", onChange: "[Function]"
 (4ms)
    ✓ 
  title: "ChoiceList", choices: {}, size: "tiny", alignment: "vertical", allowMultiple: true, disabled: false, name: "ChoiceList", value: "ChoiceList", onChange: "[Function]"
 (2ms)
    ✓ 
  title: "ChoiceList", choices: {}, size: "tiny", alignment: "vertical", allowMultiple: false, disabled: true, name: "ChoiceList", value: "ChoiceList", onChange: "[Function]"
 (1ms)
    ✓ 
  title: "ChoiceList", choices: {}, size: "tiny", alignment: "vertical", allowMultiple: false, disabled: false, name: "ChoiceList", value: "ChoiceList", onChange: "[Function]"
 (7ms)
    ✓ 
  title: "ChoiceList", choices: {}, size: "regular", alignment: "horizontal", allowMultiple: true, disabled: true, name: "ChoiceList", value: "ChoiceList", onChange: "[Function]"
 (2ms)
    ✓ 
  title: "ChoiceList", choices: {}, size: "regular", alignment: "horizontal", allowMultiple: true, disabled: false, name: "ChoiceList", value: "ChoiceList", onChange: "[Function]"
 (2ms)
    ✓ 
  title: "ChoiceList", choices: {}, size: "regular", alignment: "horizontal", allowMultiple: false, disabled: true, name: "ChoiceList", value: "ChoiceList", onChange: "[Function]"
 (3ms)
    ✓ 
  title: "ChoiceList", choices: {}, size: "regular", alignment: "horizontal", allowMultiple: false, disabled: false, name: "ChoiceList", value: "ChoiceList", onChange: "[Function]"
 (1ms)
    ✓ 
  title: "ChoiceList", choices: {}, size: "regular", alignment: "vertical", allowMultiple: true, disabled: true, name: "ChoiceList", value: "ChoiceList", onChange: "[Function]"
 (1ms)
    ✓ 
  title: "ChoiceList", choices: {}, size: "regular", alignment: "vertical", allowMultiple: true, disabled: false, name: "ChoiceList", value: "ChoiceList", onChange: "[Function]"
 (1ms)
    ✓ 
  title: "ChoiceList", choices: {}, size: "regular", alignment: "vertical", allowMultiple: false, disabled: true, name: "ChoiceList", value: "ChoiceList", onChange: "[Function]"
 (2ms)
    ✓ 
  title: "ChoiceList", choices: {}, size: "regular", alignment: "vertical", allowMultiple: false, disabled: false, name: "ChoiceList", value: "ChoiceList", onChange: "[Function]"
 (1ms)
    ✓ 
  title: "ChoiceList", choices: {}, size: "tiny", alignment: "horizontal", allowMultiple: true, disabled: true, name: "ChoiceList", value: "ChoiceList", onChange: "[Function]"
 (2ms)
    ✓ 
  title: "ChoiceList", choices: {}, size: "tiny", alignment: "horizontal", allowMultiple: true, disabled: false, name: "ChoiceList", value: "ChoiceList", onChange: "[Function]"
 (1ms)
    ✓ 
  title: "ChoiceList", choices: {}, size: "tiny", alignment: "horizontal", allowMultiple: false, disabled: true, name: "ChoiceList", value: "ChoiceList", onChange: "[Function]"
 (3ms)
    ✓ 
  title: "ChoiceList", choices: {}, size: "tiny", alignment: "horizontal", allowMultiple: false, disabled: false, name: "ChoiceList", value: "ChoiceList", onChange: "[Function]"
 (3ms)
    ✓ 
  title: "ChoiceList", choices: {}, size: "tiny", alignment: "vertical", allowMultiple: true, disabled: true, name: "ChoiceList", value: "ChoiceList", onChange: "[Function]"
 (1ms)
    ✓ 
  title: "ChoiceList", choices: {}, size: "tiny", alignment: "vertical", allowMultiple: true, disabled: false, name: "ChoiceList", value: "ChoiceList", onChange: "[Function]"
 (1ms)
    ✓ 
  title: "ChoiceList", choices: {}, size: "tiny", alignment: "vertical", allowMultiple: false, disabled: true, name: "ChoiceList", value: "ChoiceList", onChange: "[Function]"
 (1ms)
    ✓ 
  title: "ChoiceList", choices: {}, size: "tiny", alignment: "vertical", allowMultiple: false, disabled: false, name: "ChoiceList", value: "ChoiceList", onChange: "[Function]"
 (2ms)
    ✓ 
  title: "ChoiceList", choices: {}, size: "regular", alignment: "horizontal", allowMultiple: true, disabled: true, name: "ChoiceList", value: "ChoiceList", onChange: "[Function]"
 (4ms)
    ✓ 
  title: "ChoiceList", choices: {}, size: "regular", alignment: "horizontal", allowMultiple: true, disabled: false, name: "ChoiceList", value: "ChoiceList", onChange: "[Function]"
 (1ms)
    ✓ 
  title: "ChoiceList", choices: {}, size: "regular", alignment: "horizontal", allowMultiple: false, disabled: true, name: "ChoiceList", value: "ChoiceList", onChange: "[Function]"
 (2ms)
    ✓ 
  title: "ChoiceList", choices: {}, size: "regular", alignment: "horizontal", allowMultiple: false, disabled: false, name: "ChoiceList", value: "ChoiceList", onChange: "[Function]"
 (1ms)
    ✓ 
  title: "ChoiceList", choices: {}, size: "regular", alignment: "vertical", allowMultiple: true, disabled: true, name: "ChoiceList", value: "ChoiceList", onChange: "[Function]"
 (5ms)
    ✓ 
  title: "ChoiceList", choices: {}, size: "regular", alignment: "vertical", allowMultiple: true, disabled: false, name: "ChoiceList", value: "ChoiceList", onChange: "[Function]"
 (5ms)
    ✓ 
  title: "ChoiceList", choices: {}, size: "regular", alignment: "vertical", allowMultiple: false, disabled: true, name: "ChoiceList", value: "ChoiceList", onChange: "[Function]"
 (1ms)
    ✓ 
  title: "ChoiceList", choices: {}, size: "regular", alignment: "vertical", allowMultiple: false, disabled: false, name: "ChoiceList", value: "ChoiceList", onChange: "[Function]"
 (1ms)
    ✓ renders choiceList component (2ms)
    ✓ renders choiceList component when allowMultiple is true and alignment is horizontal (2ms)
    ✓ renders choiceList component when allowMultiple is false and alignment is horizontal (4ms)
    ✓ renders choiceList component when allowMultiple is true and alignment is vertical (2ms)
    ✓ renders choiceList component when allowMultiple is false and alignment is vertical (1ms)
    ✓ renders choiceList component when allowMultiple is true and alignment is vertical (2ms)
    ✓ renders choiceList component when allowMultiple is false and alignment is vertical (2ms)
    ✓ Overwrite choiceList class (2ms)

PASS core/components/atoms/selectionCard/__tests__/SelectionCard.test.tsx
  selection card item component snapshot
    ✓ 
  children: "Selection Card", onClick: [null]
 (3ms)
    ✓ 
  children: "Selection Card", selected: true, onClick: [null]

    ✓ 
  children: "Selection Card", selected: false, onClick: [null]
 (1ms)
    ✓ 
  children: "Selection Card", disabled: true, onClick: [null]

    ✓ 
  children: "Selection Card", disabled: true, selected: true, onClick: [null]
 (1ms)
    ✓ 
  children: "Selection Card", disabled: true, selected: false, onClick: [null]

    ✓ 
  children: "Selection Card", disabled: false, onClick: [null]
 (1ms)
    ✓ 
  children: "Selection Card", disabled: false, selected: true, onClick: [null]

    ✓ 
  children: "Selection Card", disabled: false, selected: false, onClick: [null]
 (1ms)
  selection card component tests
    ✓ check for render item (2ms)
  selection card item overlay component tests
    ✓ check for overlay item (1ms)
    ✓ check for overlay item z-index (12ms)
  selection card disabled item component tests
    ✓ check for disabled class for unselected item (1ms)
    ✓ check for disabled class for selected item
    ✓ check for onClick event for disabled item (1ms)
  selection card component classes
    ✓ check for selection classes
    ✓ check for custom class in selection card component (1ms)
  selection card component event handlers
    ✓ check for click event handler
  selection card component hooks test
    ✓ test for single select hook (6ms)
    ✓ test for multi select hook (4ms)
  SelectionCard keyboard interactions
    ✓ should toggle on Space key (4ms)
    ✓ should NOT toggle on Enter key (WAI-ARIA checkbox pattern) (1ms)
    ✓ should NOT toggle on Space when disabled (1ms)
    ✓ should prevent default on Space to avoid page scroll
    ✓ should pass cardValue to onClick handler (2ms)

PASS core/components/atoms/dropdown/__tests__/Dropdown.test.tsx (13.485s)
  Dropdown component
    ✓ 
  triggerSize: "tiny", options: [{"label":"Option 1","value":"Option 1","icon":"events","subInfo":"subInfo"},{"label":"Option 2","value":"Option 2","icon":"events","subInfo":"subInfo"},{"label":"Option 3","value":"Option 3","icon":"events","subInfo":"subInfo"},{"label":"Option 4","value":"Option 4","icon":"events","subInfo":"subInfo"},{"label":"Option 5","value":"Option 5","icon":"events","subInfo":"subInfo"},{"label":"Option 6","value":"Option 6","icon":"events","subInfo":"subInfo"},{"label":"Option 7","value":"Option 7","icon":"events","subInfo":"subInfo"},{"label":"Option 8","value":"Option 8","icon":"events","subInfo":"subInfo"},{"label":"Option 9","value":"Option 9","icon":"events","subInfo":"subInfo"},{"label":"Option 10","value":"Option 10","icon":"events","subInfo":"subInfo"}], onChange: "[Function]"
 (36ms)
    ✓ 
  triggerSize: "regular", options: [{"label":"Option 1","value":"Option 1","icon":"events","subInfo":"subInfo"},{"label":"Option 2","value":"Option 2","icon":"events","subInfo":"subInfo"},{"label":"Option 3","value":"Option 3","icon":"events","subInfo":"subInfo"},{"label":"Option 4","value":"Option 4","icon":"events","subInfo":"subInfo"},{"label":"Option 5","value":"Option 5","icon":"events","subInfo":"subInfo"},{"label":"Option 6","value":"Option 6","icon":"events","subInfo":"subInfo"},{"label":"Option 7","value":"Option 7","icon":"events","subInfo":"subInfo"},{"label":"Option 8","value":"Option 8","icon":"events","subInfo":"subInfo"},{"label":"Option 9","value":"Option 9","icon":"events","subInfo":"subInfo"},{"label":"Option 10","value":"Option 10","icon":"events","subInfo":"subInfo"}], onChange: "[Function]"
 (14ms)
    ✓ 
  align: "left", options: [{"label":"Option 1","value":"Option 1","icon":"events","subInfo":"subInfo"},{"label":"Option 2","value":"Option 2","icon":"events","subInfo":"subInfo"},{"label":"Option 3","value":"Option 3","icon":"events","subInfo":"subInfo"},{"label":"Option 4","value":"Option 4","icon":"events","subInfo":"subInfo"},{"label":"Option 5","value":"Option 5","icon":"events","subInfo":"subInfo"},{"label":"Option 6","value":"Option 6","icon":"events","subInfo":"subInfo"},{"label":"Option 7","value":"Option 7","icon":"events","subInfo":"subInfo"},{"label":"Option 8","value":"Option 8","icon":"events","subInfo":"subInfo"},{"label":"Option 9","value":"Option 9","icon":"events","subInfo":"subInfo"},{"label":"Option 10","value":"Option 10","icon":"events","subInfo":"subInfo"}], onChange: "[Function]"
 (7ms)
    ✓ 
  align: "right", options: [{"label":"Option 1","value":"Option 1","icon":"events","subInfo":"subInfo"},{"label":"Option 2","value":"Option 2","icon":"events","subInfo":"subInfo"},{"label":"Option 3","value":"Option 3","icon":"events","subInfo":"subInfo"},{"label":"Option 4","value":"Option 4","icon":"events","subInfo":"subInfo"},{"label":"Option 5","value":"Option 5","icon":"events","subInfo":"subInfo"},{"label":"Option 6","value":"Option 6","icon":"events","subInfo":"subInfo"},{"label":"Option 7","value":"Option 7","icon":"events","subInfo":"subInfo"},{"label":"Option 8","value":"Option 8","icon":"events","subInfo":"subInfo"},{"label":"Option 9","value":"Option 9","icon":"events","subInfo":"subInfo"},{"label":"Option 10","value":"Option 10","icon":"events","subInfo":"subInfo"}], onChange: "[Function]"
 (6ms)
    ✓ 
  disabled: true, options: [{"label":"Option 1","value":"Option 1","icon":"events","subInfo":"subInfo"},{"label":"Option 2","value":"Option 2","icon":"events","subInfo":"subInfo"},{"label":"Option 3","value":"Option 3","icon":"events","subInfo":"subInfo"},{"label":"Option 4","value":"Option 4","icon":"events","subInfo":"subInfo"},{"label":"Option 5","value":"Option 5","icon":"events","subInfo":"subInfo"},{"label":"Option 6","value":"Option 6","icon":"events","subInfo":"subInfo"},{"label":"Option 7","value":"Option 7","icon":"events","subInfo":"subInfo"},{"label":"Option 8","value":"Option 8","icon":"events","subInfo":"subInfo"},{"label":"Option 9","value":"Option 9","icon":"events","subInfo":"subInfo"},{"label":"Option 10","value":"Option 10","icon":"events","subInfo":"subInfo"}], onChange: "[Function]"
 (6ms)
    ✓ 
  disabled: false, options: [{"label":"Option 1","value":"Option 1","icon":"events","subInfo":"subInfo"},{"label":"Option 2","value":"Option 2","icon":"events","subInfo":"subInfo"},{"label":"Option 3","value":"Option 3","icon":"events","subInfo":"subInfo"},{"label":"Option 4","value":"Option 4","icon":"events","subInfo":"subInfo"},{"label":"Option 5","value":"Option 5","icon":"events","subInfo":"subInfo"},{"label":"Option 6","value":"Option 6","icon":"events","subInfo":"subInfo"},{"label":"Option 7","value":"Option 7","icon":"events","subInfo":"subInfo"},{"label":"Option 8","value":"Option 8","icon":"events","subInfo":"subInfo"},{"label":"Option 9","value":"Option 9","icon":"events","subInfo":"subInfo"},{"label":"Option 10","value":"Option 10","icon":"events","subInfo":"subInfo"}], onChange: "[Function]"
 (4ms)
    ✓ 
  options: [{"label":"Option 1","value":"Option 1","icon":"events","subInfo":"subInfo"},{"label":"Option 2","value":"Option 2","icon":"events","subInfo":"subInfo"},{"label":"Option 3","value":"Option 3","icon":"events","subInfo":"subInfo"},{"label":"Option 4","value":"Option 4","icon":"events","subInfo":"subInfo"},{"label":"Option 5","value":"Option 5","icon":"events","subInfo":"subInfo"},{"label":"Option 6","value":"Option 6","icon":"events","subInfo":"subInfo"},{"label":"Option 7","value":"Option 7","icon":"events","subInfo":"subInfo"},{"label":"Option 8","value":"Option 8","icon":"events","subInfo":"subInfo"},{"label":"Option 9","value":"Option 9","icon":"events","subInfo":"subInfo"},{"label":"Option 10","value":"Option 10","icon":"events","subInfo":"subInfo"}], onChange: "[Function]"
 (2ms)
    ✓ 
  options: [{"label":"Option 1","value":"Option 1","icon":"events","subInfo":"subInfo","optionType":"WITH_ICON"},{"label":"Option 2","value":"Option 2","icon":"events","subInfo":"subInfo","optionType":"WITH_ICON"},{"label":"Option 3","value":"Option 3","icon":"events","subInfo":"subInfo","optionType":"WITH_ICON"},{"label":"Option 4","value":"Option 4","icon":"events","subInfo":"subInfo","optionType":"WITH_ICON"},{"label":"Option 5","value":"Option 5","icon":"events","subInfo":"subInfo","optionType":"WITH_ICON"},{"label":"Option 6","value":"Option 6","icon":"events","subInfo":"subInfo","optionType":"WITH_ICON"},{"label":"Option 7","value":"Option 7","icon":"events","subInfo":"subInfo","optionType":"WITH_ICON"},{"label":"Option 8","value":"Option 8","icon":"events","subInfo":"subInfo","optionType":"WITH_ICON"},{"label":"Option 9","value":"Option 9","icon":"events","subInfo":"subInfo","optionType":"WITH_ICON"},{"label":"Option 10","value":"Option 10","icon":"events","subInfo":"subInfo","optionType":"WITH_ICON"}], onChange: "[Function]"
 (6ms)
    ✓ 
  options: [{"label":"Option 1","value":"Option 1","icon":"events","subInfo":"subInfo","optionType":"WITH_META"},{"label":"Option 2","value":"Option 2","icon":"events","subInfo":"subInfo","optionType":"WITH_META"},{"label":"Option 3","value":"Option 3","icon":"events","subInfo":"subInfo","optionType":"WITH_META"},{"label":"Option 4","value":"Option 4","icon":"events","subInfo":"subInfo","optionType":"WITH_META"},{"label":"Option 5","value":"Option 5","icon":"events","subInfo":"subInfo","optionType":"WITH_META"},{"label":"Option 6","value":"Option 6","icon":"events","subInfo":"subInfo","optionType":"WITH_META"},{"label":"Option 7","value":"Option 7","icon":"events","subInfo":"subInfo","optionType":"WITH_META"},{"label":"Option 8","value":"Option 8","icon":"events","subInfo":"subInfo","optionType":"WITH_META"},{"label":"Option 9","value":"Option 9","icon":"events","subInfo":"subInfo","optionType":"WITH_META"},{"label":"Option 10","value":"Option 10","icon":"events","subInfo":"subInfo","optionType":"WITH_META"}], onChange: "[Function]"
 (11ms)
    ✓ 
  options: [{"label":"Option 1","value":"Option 1","icon":"events","subInfo":"subInfo","optionType":"ICON_WITH_META"},{"label":"Option 2","value":"Option 2","icon":"events","subInfo":"subInfo","optionType":"ICON_WITH_META"},{"label":"Option 3","value":"Option 3","icon":"events","subInfo":"subInfo","optionType":"ICON_WITH_META"},{"label":"Option 4","value":"Option 4","icon":"events","subInfo":"subInfo","optionType":"ICON_WITH_META"},{"label":"Option 5","value":"Option 5","icon":"events","subInfo":"subInfo","optionType":"ICON_WITH_META"},{"label":"Option 6","value":"Option 6","icon":"events","subInfo":"subInfo","optionType":"ICON_WITH_META"},{"label":"Option 7","value":"Option 7","icon":"events","subInfo":"subInfo","optionType":"ICON_WITH_META"},{"label":"Option 8","value":"Option 8","icon":"events","subInfo":"subInfo","optionType":"ICON_WITH_META"},{"label":"Option 9","value":"Option 9","icon":"events","subInfo":"subInfo","optionType":"ICON_WITH_META"},{"label":"Option 10","value":"Option 10","icon":"events","subInfo":"subInfo","optionType":"ICON_WITH_META"}], onChange: "[Function]"
 (5ms)
    ✓ 
  checkboxes: true, showApplyButton: true, options: [{"label":"Option 1","value":"Option 1","icon":"events","subInfo":"subInfo"},{"label":"Option 2","value":"Option 2","icon":"events","subInfo":"subInfo"},{"label":"Option 3","value":"Option 3","icon":"events","subInfo":"subInfo"},{"label":"Option 4","value":"Option 4","icon":"events","subInfo":"subInfo"},{"label":"Option 5","value":"Option 5","icon":"events","subInfo":"subInfo"},{"label":"Option 6","value":"Option 6","icon":"events","subInfo":"subInfo"},{"label":"Option 7","value":"Option 7","icon":"events","subInfo":"subInfo"},{"label":"Option 8","value":"Option 8","icon":"events","subInfo":"subInfo"},{"label":"Option 9","value":"Option 9","icon":"events","subInfo":"subInfo"},{"label":"Option 10","value":"Option 10","icon":"events","subInfo":"subInfo"}], onChange: "[Function]"
 (6ms)
    ✓ 
  checkboxes: true, showApplyButton: false, options: [{"label":"Option 1","value":"Option 1","icon":"events","subInfo":"subInfo"},{"label":"Option 2","value":"Option 2","icon":"events","subInfo":"subInfo"},{"label":"Option 3","value":"Option 3","icon":"events","subInfo":"subInfo"},{"label":"Option 4","value":"Option 4","icon":"events","subInfo":"subInfo"},{"label":"Option 5","value":"Option 5","icon":"events","subInfo":"subInfo"},{"label":"Option 6","value":"Option 6","icon":"events","subInfo":"subInfo"},{"label":"Option 7","value":"Option 7","icon":"events","subInfo":"subInfo"},{"label":"Option 8","value":"Option 8","icon":"events","subInfo":"subInfo"},{"label":"Option 9","value":"Option 9","icon":"events","subInfo":"subInfo"},{"label":"Option 10","value":"Option 10","icon":"events","subInfo":"subInfo"}], onChange: "[Function]"
 (5ms)
    ✓ 
  options: [{"label":"Option 1","value":"Option 1","group":"Group"},{"label":"Option 2","value":"Option 2","group":"Group"},{"label":"Option 3","value":"Option 3","group":"Group"},{"label":"Option 4","value":"Option 4","group":"Group"},{"label":"Option 5","value":"Option 5","group":"Group"},{"label":"Option 6","value":"Option 6","group":"Group"},{"label":"Option 7","value":"Option 7","group":"Group"},{"label":"Option 8","value":"Option 8","group":"Group"},{"label":"Option 9","value":"Option 9","group":"Group"},{"label":"Option 10","value":"Option 10","group":"Group"}], onChange: "[Function]"
 (4ms)
    ✓ 
  search: true, loading: true, options: [{"label":"Option 1","value":"Option 1","icon":"events","subInfo":"subInfo"},{"label":"Option 2","value":"Option 2","icon":"events","subInfo":"subInfo"},{"label":"Option 3","value":"Option 3","icon":"events","subInfo":"subInfo"},{"label":"Option 4","value":"Option 4","icon":"events","subInfo":"subInfo"},{"label":"Option 5","value":"Option 5","icon":"events","subInfo":"subInfo"},{"label":"Option 6","value":"Option 6","icon":"events","subInfo":"subInfo"},{"label":"Option 7","value":"Option 7","icon":"events","subInfo":"subInfo"},{"label":"Option 8","value":"Option 8","icon":"events","subInfo":"subInfo"},{"label":"Option 9","value":"Option 9","icon":"events","subInfo":"subInfo"},{"label":"Option 10","value":"Option 10","icon":"events","subInfo":"subInfo"}], onChange: "[Function]"
 (4ms)
    ✓ 
  search: true, loading: false, options: [{"label":"Option 1","value":"Option 1","icon":"events","subInfo":"subInfo"},{"label":"Option 2","value":"Option 2","icon":"events","subInfo":"subInfo"},{"label":"Option 3","value":"Option 3","icon":"events","subInfo":"subInfo"},{"label":"Option 4","value":"Option 4","icon":"events","subInfo":"subInfo"},{"label":"Option 5","value":"Option 5","icon":"events","subInfo":"subInfo"},{"label":"Option 6","value":"Option 6","icon":"events","subInfo":"subInfo"},{"label":"Option 7","value":"Option 7","icon":"events","subInfo":"subInfo"},{"label":"Option 8","value":"Option 8","icon":"events","subInfo":"subInfo"},{"label":"Option 9","value":"Option 9","icon":"events","subInfo":"subInfo"},{"label":"Option 10","value":"Option 10","icon":"events","subInfo":"subInfo"}], onChange: "[Function]"
 (5ms)
    ✓ 
  options: [{"label":"Option 1","value":"Option 1","icon":"events","subInfo":"subInfo"},{"label":"Option 2","value":"Option 2","icon":"events","subInfo":"subInfo"},{"label":"Option 3","value":"Option 3","icon":"events","subInfo":"subInfo"},{"label":"Option 4","value":"Option 4","icon":"events","subInfo":"subInfo"},{"label":"Option 5","value":"Option 5","icon":"events","subInfo":"subInfo"},{"label":"Option 6","value":"Option 6","icon":"events","subInfo":"subInfo"},{"label":"Option 7","value":"Option 7","icon":"events","subInfo":"subInfo"},{"label":"Option 8","value":"Option 8","icon":"events","subInfo":"subInfo"},{"label":"Option 9","value":"Option 9","icon":"events","subInfo":"subInfo"},{"label":"Option 10","value":"Option 10","icon":"events","subInfo":"subInfo"}], menu: true, onChange: "[Function]"
 (4ms)
    ✓ 
  options: [{"label":"Option 1","value":"Option 1","icon":"events","subInfo":"subInfo"},{"label":"Option 2","value":"Option 2","icon":"events","subInfo":"subInfo"},{"label":"Option 3","value":"Option 3","icon":"events","subInfo":"subInfo"},{"label":"Option 4","value":"Option 4","icon":"events","subInfo":"subInfo"},{"label":"Option 5","value":"Option 5","icon":"events","subInfo":"subInfo"},{"label":"Option 6","value":"Option 6","icon":"events","subInfo":"subInfo"},{"label":"Option 7","value":"Option 7","icon":"events","subInfo":"subInfo"},{"label":"Option 8","value":"Option 8","icon":"events","subInfo":"subInfo"},{"label":"Option 9","value":"Option 9","icon":"events","subInfo":"subInfo"},{"label":"Option 10","value":"Option 10","icon":"events","subInfo":"subInfo"}], menu: false, onChange: "[Function]"
 (6ms)
    ✓ 
  disabled: true, icon: "events", options: [{"label":"Option 1","value":"Option 1","icon":"events","subInfo":"subInfo"},{"label":"Option 2","value":"Option 2","icon":"events","subInfo":"subInfo"},{"label":"Option 3","value":"Option 3","icon":"events","subInfo":"subInfo"},{"label":"Option 4","value":"Option 4","icon":"events","subInfo":"subInfo"},{"label":"Option 5","value":"Option 5","icon":"events","subInfo":"subInfo"},{"label":"Option 6","value":"Option 6","icon":"events","subInfo":"subInfo"},{"label":"Option 7","value":"Option 7","icon":"events","subInfo":"subInfo"},{"label":"Option 8","value":"Option 8","icon":"events","subInfo":"subInfo"},{"label":"Option 9","value":"Option 9","icon":"events","subInfo":"subInfo"},{"label":"Option 10","value":"Option 10","icon":"events","subInfo":"subInfo"}], onChange: "[Function]"
 (6ms)
    ✓ 
  disabled: false, icon: "events", options: [{"label":"Option 1","value":"Option 1","icon":"events","subInfo":"subInfo"},{"label":"Option 2","value":"Option 2","icon":"events","subInfo":"subInfo"},{"label":"Option 3","value":"Option 3","icon":"events","subInfo":"subInfo"},{"label":"Option 4","value":"Option 4","icon":"events","subInfo":"subInfo"},{"label":"Option 5","value":"Option 5","icon":"events","subInfo":"subInfo"},{"label":"Option 6","value":"Option 6","icon":"events","subInfo":"subInfo"},{"label":"Option 7","value":"Option 7","icon":"events","subInfo":"subInfo"},{"label":"Option 8","value":"Option 8","icon":"events","subInfo":"subInfo"},{"label":"Option 9","value":"Option 9","icon":"events","subInfo":"subInfo"},{"label":"Option 10","value":"Option 10","icon":"events","subInfo":"subInfo"}], onChange: "[Function]"
 (4ms)
    ✓ 
  disabled: true, inlineLabel: "Label", options: [{"label":"Option 1","value":"Option 1","icon":"events","subInfo":"subInfo"},{"label":"Option 2","value":"Option 2","icon":"events","subInfo":"subInfo"},{"label":"Option 3","value":"Option 3","icon":"events","subInfo":"subInfo"},{"label":"Option 4","value":"Option 4","icon":"events","subInfo":"subInfo"},{"label":"Option 5","value":"Option 5","icon":"events","subInfo":"subInfo"},{"label":"Option 6","value":"Option 6","icon":"events","subInfo":"subInfo"},{"label":"Option 7","value":"Option 7","icon":"events","subInfo":"subInfo"},{"label":"Option 8","value":"Option 8","icon":"events","subInfo":"subInfo"},{"label":"Option 9","value":"Option 9","icon":"events","subInfo":"subInfo"},{"label":"Option 10","value":"Option 10","icon":"events","subInfo":"subInfo"}], onChange: "[Function]"
 (8ms)
    ✓ 
  disabled: false, inlineLabel: "Label", options: [{"label":"Option 1","value":"Option 1","icon":"events","subInfo":"subInfo"},{"label":"Option 2","value":"Option 2","icon":"events","subInfo":"subInfo"},{"label":"Option 3","value":"Option 3","icon":"events","subInfo":"subInfo"},{"label":"Option 4","value":"Option 4","icon":"events","subInfo":"subInfo"},{"label":"Option 5","value":"Option 5","icon":"events","subInfo":"subInfo"},{"label":"Option 6","value":"Option 6","icon":"events","subInfo":"subInfo"},{"label":"Option 7","value":"Option 7","icon":"events","subInfo":"subInfo"},{"label":"Option 8","value":"Option 8","icon":"events","subInfo":"subInfo"},{"label":"Option 9","value":"Option 9","icon":"events","subInfo":"subInfo"},{"label":"Option 10","value":"Option 10","icon":"events","subInfo":"subInfo"}], onChange: "[Function]"
 (5ms)
    ✓ 
  truncateOptions: true, options: [{"label":"Design System Dropdown","value":"Design System Dropdown"},{"label":"UI Kit Dropdown","value":"UI Kit Dropdown"},{"label":"Innovaccer Analytics","value":"Innovaccer Analytics"}], onChange: "[Function]"
 (5ms)
    ✓ 
  truncateOptions: false, options: [{"label":"Design System Dropdown","value":"Design System Dropdown"},{"label":"UI Kit Dropdown","value":"UI Kit Dropdown"},{"label":"Innovaccer Analytics","value":"Innovaccer Analytics"}], onChange: "[Function]"
 (5ms)
    ✓ 
  options: [{"label":"Option 1","value":"Option 1","icon":"events","subInfo":"subInfo"},{"label":"Option 2","value":"Option 2","icon":"events","subInfo":"subInfo"},{"label":"Option 3","value":"Option 3","icon":"events","subInfo":"subInfo"},{"label":"Option 4","value":"Option 4","icon":"events","subInfo":"subInfo"},{"label":"Option 5","value":"Option 5","icon":"events","subInfo":"subInfo"},{"label":"Option 6","value":"Option 6","icon":"events","subInfo":"subInfo"},{"label":"Option 7","value":"Option 7","icon":"events","subInfo":"subInfo"},{"label":"Option 8","value":"Option 8","icon":"events","subInfo":"subInfo"},{"label":"Option 9","value":"Option 9","icon":"events","subInfo":"subInfo"},{"label":"Option 10","value":"Option 10","icon":"events","subInfo":"subInfo"}], optionType: "DEFAULT", loading: true, onChange: "[Function]"
 (6ms)
    ✓ 
  options: [{"label":"Option 1","value":"Option 1","icon":"events","subInfo":"subInfo"},{"label":"Option 2","value":"Option 2","icon":"events","subInfo":"subInfo"},{"label":"Option 3","value":"Option 3","icon":"events","subInfo":"subInfo"},{"label":"Option 4","value":"Option 4","icon":"events","subInfo":"subInfo"},{"label":"Option 5","value":"Option 5","icon":"events","subInfo":"subInfo"},{"label":"Option 6","value":"Option 6","icon":"events","subInfo":"subInfo"},{"label":"Option 7","value":"Option 7","icon":"events","subInfo":"subInfo"},{"label":"Option 8","value":"Option 8","icon":"events","subInfo":"subInfo"},{"label":"Option 9","value":"Option 9","icon":"events","subInfo":"subInfo"},{"label":"Option 10","value":"Option 10","icon":"events","subInfo":"subInfo"}], optionType: "WITH_ICON", loading: true, onChange: "[Function]"
 (3ms)
    ✓ 
  options: [{"label":"Option 1","value":"Option 1","icon":"events","subInfo":"subInfo"},{"label":"Option 2","value":"Option 2","icon":"events","subInfo":"subInfo"},{"label":"Option 3","value":"Option 3","icon":"events","subInfo":"subInfo"},{"label":"Option 4","value":"Option 4","icon":"events","subInfo":"subInfo"},{"label":"Option 5","value":"Option 5","icon":"events","subInfo":"subInfo"},{"label":"Option 6","value":"Option 6","icon":"events","subInfo":"subInfo"},{"label":"Option 7","value":"Option 7","icon":"events","subInfo":"subInfo"},{"label":"Option 8","value":"Option 8","icon":"events","subInfo":"subInfo"},{"label":"Option 9","value":"Option 9","icon":"events","subInfo":"subInfo"},{"label":"Option 10","value":"Option 10","icon":"events","subInfo":"subInfo"}], optionType: "WITH_META", loading: true, onChange: "[Function]"
 (4ms)
    ✓ 
  options: [{"label":"Option 1","value":"Option 1","icon":"events","subInfo":"subInfo"},{"label":"Option 2","value":"Option 2","icon":"events","subInfo":"subInfo"},{"label":"Option 3","value":"Option 3","icon":"events","subInfo":"subInfo"},{"label":"Option 4","value":"Option 4","icon":"events","subInfo":"subInfo"},{"label":"Option 5","value":"Option 5","icon":"events","subInfo":"subInfo"},{"label":"Option 6","value":"Option 6","icon":"events","subInfo":"subInfo"},{"label":"Option 7","value":"Option 7","icon":"events","subInfo":"subInfo"},{"label":"Option 8","value":"Option 8","icon":"events","subInfo":"subInfo"},{"label":"Option 9","value":"Option 9","icon":"events","subInfo":"subInfo"},{"label":"Option 10","value":"Option 10","icon":"events","subInfo":"subInfo"}], optionType: "ICON_WITH_META", loading: true, onChange: "[Function]"
 (5ms)
    ✓ check prop:showApplyButton (52ms)
    ✓ check checkbox classes with onClick event (33ms)
    ✓ check checkbox classes with mouseEnter event (32ms)
    ✓ check for selecting already selected value in menu dropdown (82ms)
    ✓ check for selecting already selected value in dropdown (50ms)
    ✓ check for selecting already selected value in controlled menu dropdown (32ms)
    ✓ check for selecting already selected value in controlled dropdown (36ms)
  renders dropdown
    ✓ renders popover (52ms)
  renders async dropdown
    ✓ check prop:fetchOptions (19ms)
    ✓ renders async search (1039ms)
    ✓ renders async search with default fetchOptions (22ms)
  renders dropdown component onKeyDown Handler
    ✓ checks for keyDown ArrowUp event with dropdownOpen set as true  (24ms)
    ✓ checks for keyDown ArrowUp event with dropdownOpen set as false  (19ms)
    ✓ checks for keyDown ArrowDown event with dropdownOpen set as true  (29ms)
    ✓ checks for keyDown ArrowDown event with dropdownOpen set as false  (17ms)
    ✓ checks for keyDown Enter event with dropdownOpen set as true  (27ms)
    ✓ checks for keyDown Enter event with dropdownOpen set as false  (15ms)
    ✓ checks for keyDown Tab event with dropdownOpen set as true  (25ms)
    ✓ checks for keyDown Tab event with dropdownOpen set as false  (3ms)
    ✓ checks for keyDown Default event with dropdownOpen set as true  (17ms)
    ✓ checks for keyDown Default event with dropdownOpen set as false  (5ms)
    ✓ checks for keyDown Tab event with showApplyButton as false (30ms)
    ✓ checks for keyDown Tab event with showApplyButton as false (19ms)
  Dropdown component utility function
    ✓ checks isEqual utility function
    ✓ checks isEqual utility function with same label & different values (1ms)
    ✓ checks isEqual utility function with same value & different label
  Dropdown component action buttons
    ✓ check cancelButton click handler (116ms)
  Dropdown component with search
    ✓ check:prop searchPlaceholder (19ms)
    ✓ is rendered when search returns no result (320ms)
  Dropdown component with actions buttons
    ✓ check for apply button state when options are loading (2120ms)
    ✓ check for apply button state when same options are selected (2176ms)
    ✓ check for apply button state when options with same label are selected (33ms)
  Dropdown component with all options selected
    ✓ check for rendering of all options selected in fetch function (1117ms)
    ✓ check for rendering of all options selected (136ms)
  Dropdown errorTemplate
    ✓ renders default template when no record is available (20ms)
    ✓ renders default template when promise fetches no result (1022ms)
    ✓ renders default template when search returns no result (337ms)
    ✓ check: prop errorTemplate (317ms)
    ✓ renders default template when promise fetches fails (23ms)
    ✓ renders default template when promise fetches fails with searchTerm (317ms)

  console.error node_modules/react-dom/cjs/react-dom.development.js:88
    Warning: An update to Select inside a test was not wrapped in act(...).
    
    When testing, code that causes React state updates should be wrapped into act(...):
    
    act(() => {
      /* fire events that update state */
    });
    /* assert on the output */
    
    This ensures that you're testing the behavior the user would see in the browser. Learn more at https://fb.me/react-wrap-tests-with-act
        in Select
        in div
        in Unknown
        in div
        in div
        in div
        in div
        in div
        in Unknown (created by Table)
        in div (created by Table)
        in div (created by Table)
        in Table

  console.error node_modules/react-dom/cjs/react-dom.development.js:88
    Warning: Can't perform a React state update on an unmounted component. This is a no-op, but it indicates a memory leak in your application. To fix, cancel all subscriptions and asynchronous tasks in a useEffect cleanup function.
        in Select
        in div
        in Unknown
        in div
        in div
        in div
        in div
        in div
        in Unknown (created by Table)
        in div (created by Table)
        in div (created by Table)
        in Table

  console.error node_modules/react-dom/cjs/react-dom.development.js:88
    Warning: React does not recognize the `parentProps` prop on a DOM element. If you intentionally want it to appear in the DOM as a custom attribute, spell it as lowercase `parentprops` instead. If you accidentally passed it from a parent component, remove it from the DOM element.
        in li (created by Listbox.Item)
        in Listbox.Item
        in div (created by Draggable)
        in ul (created by Draggable)
        in Draggable
        in Unknown (created by Listbox)
        in Listbox

  console.error node_modules/react-dom/cjs/react-dom.development.js:88
    Warning: Function components cannot be given refs. Attempts to access this ref will fail. Did you mean to use React.forwardRef()?
        in MenuItem
        in div (created by OutsideClick)
        in OutsideClick (created by InnerReference)
        in InnerReference (created by Context.Consumer)
        in Reference (created by PopperWrapper)
        in Manager (created by PopperWrapper)
        in PopperWrapper (created by Popover)
        in Popover
        in Unknown
        in Unknown
        in nav (created by Listbox)
        in Listbox
        in Unknown
        in div
        in div (created by InnerPopper)
        in InnerPopper (created by Context.Consumer)
        in Popper (created by PopperWrapper)
        in Manager (created by PopperWrapper)
        in PopperWrapper (created by Popover)
        in Popover
        in Unknown

  console.error node_modules/react-dom/cjs/react-dom.development.js:88
    Warning: Function components cannot be given refs. Attempts to access this ref will fail. Did you mean to use React.forwardRef()?
        in MenuItem
        in div (created by OutsideClick)
        in OutsideClick (created by InnerReference)
        in InnerReference (created by Context.Consumer)
        in Reference (created by PopperWrapper)
        in Manager (created by PopperWrapper)
        in PopperWrapper (created by Popover)
        in Popover
        in Unknown
        in Unknown
        in nav (created by Listbox)
        in Listbox
        in Unknown
        in div
        in Unknown
        in div
        in div (created by InnerPopper)
        in InnerPopper (created by Context.Consumer)
        in Popper (created by PopperWrapper)
        in Manager (created by PopperWrapper)
        in PopperWrapper (created by Popover)
        in Popover
        in Unknown

  console.error node_modules/react-dom/cjs/react-dom.development.js:88
    Warning: Function components cannot be given refs. Attempts to access this ref will fail. Did you mean to use React.forwardRef()?
        in MenuItem
        in div (created by OutsideClick)
        in OutsideClick (created by InnerReference)
        in InnerReference (created by Context.Consumer)
        in Reference (created by PopperWrapper)
        in Manager (created by PopperWrapper)
        in PopperWrapper (created by Popover)
        in Popover
        in Unknown
        in Unknown
        in nav (created by Listbox)
        in Listbox
        in Unknown
        in div
        in div (created by InnerPopper)
        in InnerPopper (created by Context.Consumer)
        in Popper (created by PopperWrapper)
        in Manager (created by PopperWrapper)
        in PopperWrapper (created by Popover)
        in Popover
        in Unknown

  console.error node_modules/react-dom/cjs/react-dom.development.js:88
    Warning: Function components cannot be given refs. Attempts to access this ref will fail. Did you mean to use React.forwardRef()?
        in MenuItem
        in div (created by OutsideClick)
        in OutsideClick (created by InnerReference)
        in InnerReference (created by Context.Consumer)
        in Reference (created by PopperWrapper)
        in Manager (created by PopperWrapper)
        in PopperWrapper (created by Popover)
        in Popover
        in Unknown
        in Unknown
        in nav (created by Listbox)
        in Listbox
        in Unknown
        in div
        in div (created by InnerPopper)
        in InnerPopper (created by Context.Consumer)
        in Popper (created by PopperWrapper)
        in Manager (created by PopperWrapper)
        in PopperWrapper (created by Popover)
        in Popover
        in Unknown

  console.error node_modules/react-dom/cjs/react-dom.development.js:88
    Warning: Function components cannot be given refs. Attempts to access this ref will fail. Did you mean to use React.forwardRef()?
        in MenuItem
        in div (created by OutsideClick)
        in OutsideClick (created by InnerReference)
        in InnerReference (created by Context.Consumer)
        in Reference (created by PopperWrapper)
        in Manager (created by PopperWrapper)
        in PopperWrapper (created by Popover)
        in Popover
        in Unknown
        in Unknown
        in nav (created by Listbox)
        in Listbox
        in Unknown
        in div
        in div (created by InnerPopper)
        in InnerPopper (created by Context.Consumer)
        in Popper (created by PopperWrapper)
        in Manager (created by PopperWrapper)
        in PopperWrapper (created by Popover)
        in Popover
        in Unknown

  console.error node_modules/react-dom/cjs/react-dom.development.js:88
    Warning: Received `true` for a non-boolean attribute `activated`.
    
    If you want to write it to the DOM, pass a string instead: activated="true" or activated={value.toString()}.
        in li (created by Listbox.Item)
        in Listbox.Item
        in ul (created by Listbox)
        in Listbox

  console.error node_modules/react-dom/cjs/react-dom.development.js:88
    Warning: `NaN` is an invalid value for the `top` css style property.
        in div (created by Draggable)
        in Draggable
        in Unknown (created by Listbox)
        in Listbox

PASS core/components/atoms/helpText/__tests__/HelpText.test.tsx
  HelpText component snapshot
    ✓ 
  error: true, message: "Help Text Component"
 (16ms)
    ✓ 
  error: false, message: "Help Text Component"
 (6ms)
  HelpText component prop:error
    ✓ check for message when error=true (4ms)
    ✓ check for css class when error=true (1ms)
    ✓ check for message when error=false (1ms)
    ✓ check for css class when error=false (1ms)

PASS core/components/organisms/menu/__tests__/Menu.test.tsx
  Menu component snapshot
    ✓ 
  open: true
 (36ms)
    ✓ 
  open: false
 (3ms)
  Menu component with Nesting snapshot
    ✓ 
  open: true
 (17ms)
    ✓ 
  open: false
 (3ms)
  Menu component with Trigger snapshot
    ✓ 
  open: true
 (16ms)
    ✓ 
  open: false
 (5ms)
  Menu component with Grouping
    ✓ check for group label (20ms)
    ✓ check for group divider (20ms)
  Menu component with callback
    ✓ check for onClick callback (17ms)
    ✓ check for onToggle callback (12ms)
  Menu component with Nesting
    ✓ check if it renders submenu (38ms)
  Menu component keyboard interactions
    ✓ check for ArrowDown keyboard navigation with trigger (15ms)
    ✓ check for ArrowUp keyboard navigation with trigger (12ms)
  Menu component with prop:disabled
    ✓ check for disabled menu (4ms)
    ✓ check for popover when disabled:false (10ms)
  Menu Component - MenuItem functionality and interaction handling
    ✓ should handle MenuItem focus events (18ms)
    ✓ should not trigger onClick when MenuItem is disabled (18ms)
    ✓ should apply correct className for tight size MenuList (14ms)
    ✓ should handle MenuItem keyboard navigation (17ms)
  Menu Component - SubMenu nested menu functionality and accessibility
    ✓ should render SubMenu with proper accessibility attributes (14ms)
    ✓ should open SubMenu on hover (17ms)
    ✓ should handle SubMenu keyboard navigation (15ms)
  Menu Component - Context provider and state management for menu interactions
    ✓ should manage focus state correctly (12ms)
    ✓ should handle open state changes (9ms)
    ✓ should provide correct context values to children (14ms)
  Menu Component - MenuList size variants and styling behavior
    ✓ should apply compressed size by default (8ms)
    ✓ should apply tight size when specified (8ms)
  Menu Component - Event listener lifecycle management and cleanup
    ✓ should handle MenuItem event listeners properly (5ms)
    ✓ should handle focus and blur events on menu items (12ms)

PASS core/components/organisms/listbox/__tests__/Listbox.test.tsx
  Listbox component snapshot
    ✓ 
  draggable: true, size: "standard", type: "option", tagName: "ol", showDivider: true
 (8ms)
    ✓ 
  draggable: true, size: "standard", type: "option", tagName: "ol", showDivider: false
 (5ms)
    ✓ 
  draggable: true, size: "standard", type: "option", tagName: "ul", showDivider: true
 (5ms)
    ✓ 
  draggable: true, size: "standard", type: "option", tagName: "ul", showDivider: false
 (4ms)
    ✓ 
  draggable: true, size: "standard", type: "option", tagName: "div", showDivider: true
 (2ms)
    ✓ 
  draggable: true, size: "standard", type: "option", tagName: "div", showDivider: false
 (8ms)
    ✓ 
  draggable: true, size: "standard", type: "option", tagName: "nav", showDivider: true
 (4ms)
    ✓ 
  draggable: true, size: "standard", type: "option", tagName: "nav", showDivider: false
 (5ms)
    ✓ 
  draggable: true, size: "standard", type: "description", tagName: "ol", showDivider: true
 (5ms)
    ✓ 
  draggable: true, size: "standard", type: "description", tagName: "ol", showDivider: false
 (5ms)
    ✓ 
  draggable: true, size: "standard", type: "description", tagName: "ul", showDivider: true
 (6ms)
    ✓ 
  draggable: true, size: "standard", type: "description", tagName: "ul", showDivider: false
 (4ms)
    ✓ 
  draggable: true, size: "standard", type: "description", tagName: "div", showDivider: true
 (3ms)
    ✓ 
  draggable: true, size: "standard", type: "description", tagName: "div", showDivider: false
 (3ms)
    ✓ 
  draggable: true, size: "standard", type: "description", tagName: "nav", showDivider: true
 (4ms)
    ✓ 
  draggable: true, size: "standard", type: "description", tagName: "nav", showDivider: false
 (5ms)
    ✓ 
  draggable: true, size: "standard", type: "resource", tagName: "ol", showDivider: true
 (13ms)
    ✓ 
  draggable: true, size: "standard", type: "resource", tagName: "ol", showDivider: false
 (3ms)
    ✓ 
  draggable: true, size: "standard", type: "resource", tagName: "ul", showDivider: true
 (5ms)
    ✓ 
  draggable: true, size: "standard", type: "resource", tagName: "ul", showDivider: false
 (5ms)
    ✓ 
  draggable: true, size: "standard", type: "resource", tagName: "div", showDivider: true
 (3ms)
    ✓ 
  draggable: true, size: "standard", type: "resource", tagName: "div", showDivider: false
 (2ms)
    ✓ 
  draggable: true, size: "standard", type: "resource", tagName: "nav", showDivider: true
 (3ms)
    ✓ 
  draggable: true, size: "standard", type: "resource", tagName: "nav", showDivider: false
 (3ms)
    ✓ 
  draggable: true, size: "compressed", type: "option", tagName: "ol", showDivider: true
 (3ms)
    ✓ 
  draggable: true, size: "compressed", type: "option", tagName: "ol", showDivider: false
 (4ms)
    ✓ 
  draggable: true, size: "compressed", type: "option", tagName: "ul", showDivider: true
 (3ms)
    ✓ 
  draggable: true, size: "compressed", type: "option", tagName: "ul", showDivider: false
 (4ms)
    ✓ 
  draggable: true, size: "compressed", type: "option", tagName: "div", showDivider: true
 (4ms)
    ✓ 
  draggable: true, size: "compressed", type: "option", tagName: "div", showDivider: false
 (3ms)
    ✓ 
  draggable: true, size: "compressed", type: "option", tagName: "nav", showDivider: true
 (3ms)
    ✓ 
  draggable: true, size: "compressed", type: "option", tagName: "nav", showDivider: false
 (3ms)
    ✓ 
  draggable: true, size: "compressed", type: "description", tagName: "ol", showDivider: true
 (4ms)
    ✓ 
  draggable: true, size: "compressed", type: "description", tagName: "ol", showDivider: false
 (6ms)
    ✓ 
  draggable: true, size: "compressed", type: "description", tagName: "ul", showDivider: true
 (3ms)
    ✓ 
  draggable: true, size: "compressed", type: "description", tagName: "ul", showDivider: false
 (2ms)
    ✓ 
  draggable: true, size: "compressed", type: "description", tagName: "div", showDivider: true
 (3ms)
    ✓ 
  draggable: true, size: "compressed", type: "description", tagName: "div", showDivider: false
 (5ms)
    ✓ 
  draggable: true, size: "compressed", type: "description", tagName: "nav", showDivider: true
 (4ms)
    ✓ 
  draggable: true, size: "compressed", type: "description", tagName: "nav", showDivider: false
 (3ms)
    ✓ 
  draggable: true, size: "compressed", type: "resource", tagName: "ol", showDivider: true
 (7ms)
    ✓ 
  draggable: true, size: "compressed", type: "resource", tagName: "ol", showDivider: false
 (7ms)
    ✓ 
  draggable: true, size: "compressed", type: "resource", tagName: "ul", showDivider: true
 (4ms)
    ✓ 
  draggable: true, size: "compressed", type: "resource", tagName: "ul", showDivider: false
 (2ms)
    ✓ 
  draggable: true, size: "compressed", type: "resource", tagName: "div", showDivider: true
 (3ms)
    ✓ 
  draggable: true, size: "compressed", type: "resource", tagName: "div", showDivider: false
 (4ms)
    ✓ 
  draggable: true, size: "compressed", type: "resource", tagName: "nav", showDivider: true
 (4ms)
    ✓ 
  draggable: true, size: "compressed", type: "resource", tagName: "nav", showDivider: false
 (4ms)
    ✓ 
  draggable: true, size: "tight", type: "option", tagName: "ol", showDivider: true
 (5ms)
    ✓ 
  draggable: true, size: "tight", type: "option", tagName: "ol", showDivider: false
 (4ms)
    ✓ 
  draggable: true, size: "tight", type: "option", tagName: "ul", showDivider: true
 (2ms)
    ✓ 
  draggable: true, size: "tight", type: "option", tagName: "ul", showDivider: false
 (5ms)
    ✓ 
  draggable: true, size: "tight", type: "option", tagName: "div", showDivider: true
 (7ms)
    ✓ 
  draggable: true, size: "tight", type: "option", tagName: "div", showDivider: false
 (4ms)
    ✓ 
  draggable: true, size: "tight", type: "option", tagName: "nav", showDivider: true
 (6ms)
    ✓ 
  draggable: true, size: "tight", type: "option", tagName: "nav", showDivider: false
 (2ms)
    ✓ 
  draggable: true, size: "tight", type: "description", tagName: "ol", showDivider: true
 (3ms)
    ✓ 
  draggable: true, size: "tight", type: "description", tagName: "ol", showDivider: false
 (5ms)
    ✓ 
  draggable: true, size: "tight", type: "description", tagName: "ul", showDivider: true
 (5ms)
    ✓ 
  draggable: true, size: "tight", type: "description", tagName: "ul", showDivider: false
 (6ms)
    ✓ 
  draggable: true, size: "tight", type: "description", tagName: "div", showDivider: true
 (5ms)
    ✓ 
  draggable: true, size: "tight", type: "description", tagName: "div", showDivider: false
 (6ms)
    ✓ 
  draggable: true, size: "tight", type: "description", tagName: "nav", showDivider: true
 (3ms)
    ✓ 
  draggable: true, size: "tight", type: "description", tagName: "nav", showDivider: false
 (5ms)
    ✓ 
  draggable: true, size: "tight", type: "resource", tagName: "ol", showDivider: true
 (4ms)
    ✓ 
  draggable: true, size: "tight", type: "resource", tagName: "ol", showDivider: false
 (3ms)
    ✓ 
  draggable: true, size: "tight", type: "resource", tagName: "ul", showDivider: true
 (3ms)
    ✓ 
  draggable: true, size: "tight", type: "resource", tagName: "ul", showDivider: false
 (3ms)
    ✓ 
  draggable: true, size: "tight", type: "resource", tagName: "div", showDivider: true
 (4ms)
    ✓ 
  draggable: true, size: "tight", type: "resource", tagName: "div", showDivider: false
 (2ms)
    ✓ 
  draggable: true, size: "tight", type: "resource", tagName: "nav", showDivider: true
 (3ms)
    ✓ 
  draggable: true, size: "tight", type: "resource", tagName: "nav", showDivider: false
 (3ms)
    ✓ 
  draggable: false, size: "standard", type: "option", tagName: "ol", showDivider: true
 (2ms)
    ✓ 
  draggable: false, size: "standard", type: "option", tagName: "ol", showDivider: false
 (1ms)
    ✓ 
  draggable: false, size: "standard", type: "option", tagName: "ul", showDivider: true
 (1ms)
    ✓ 
  draggable: false, size: "standard", type: "option", tagName: "ul", showDivider: false
 (2ms)
    ✓ 
  draggable: false, size: "standard", type: "option", tagName: "div", showDivider: true
 (2ms)
    ✓ 
  draggable: false, size: "standard", type: "option", tagName: "div", showDivider: false
 (1ms)
    ✓ 
  draggable: false, size: "standard", type: "option", tagName: "nav", showDivider: true

    ✓ 
  draggable: false, size: "standard", type: "option", tagName: "nav", showDivider: false
 (1ms)
    ✓ 
  draggable: false, size: "standard", type: "description", tagName: "ol", showDivider: true
 (1ms)
    ✓ 
  draggable: false, size: "standard", type: "description", tagName: "ol", showDivider: false
 (1ms)
    ✓ 
  draggable: false, size: "standard", type: "description", tagName: "ul", showDivider: true
 (3ms)
    ✓ 
  draggable: false, size: "standard", type: "description", tagName: "ul", showDivider: false
 (1ms)
    ✓ 
  draggable: false, size: "standard", type: "description", tagName: "div", showDivider: true
 (1ms)
    ✓ 
  draggable: false, size: "standard", type: "description", tagName: "div", showDivider: false
 (1ms)
    ✓ 
  draggable: false, size: "standard", type: "description", tagName: "nav", showDivider: true
 (1ms)
    ✓ 
  draggable: false, size: "standard", type: "description", tagName: "nav", showDivider: false
 (1ms)
    ✓ 
  draggable: false, size: "standard", type: "resource", tagName: "ol", showDivider: true
 (2ms)
    ✓ 
  draggable: false, size: "standard", type: "resource", tagName: "ol", showDivider: false
 (1ms)
    ✓ 
  draggable: false, size: "standard", type: "resource", tagName: "ul", showDivider: true
 (2ms)
    ✓ 
  draggable: false, size: "standard", type: "resource", tagName: "ul", showDivider: false
 (2ms)
    ✓ 
  draggable: false, size: "standard", type: "resource", tagName: "div", showDivider: true
 (1ms)
    ✓ 
  draggable: false, size: "standard", type: "resource", tagName: "div", showDivider: false
 (1ms)
    ✓ 
  draggable: false, size: "standard", type: "resource", tagName: "nav", showDivider: true
 (1ms)
    ✓ 
  draggable: false, size: "standard", type: "resource", tagName: "nav", showDivider: false
 (1ms)
    ✓ 
  draggable: false, size: "compressed", type: "option", tagName: "ol", showDivider: true
 (2ms)
    ✓ 
  draggable: false, size: "compressed", type: "option", tagName: "ol", showDivider: false
 (2ms)
    ✓ 
  draggable: false, size: "compressed", type: "option", tagName: "ul", showDivider: true
 (2ms)
    ✓ 
  draggable: false, size: "compressed", type: "option", tagName: "ul", showDivider: false
 (2ms)
    ✓ 
  draggable: false, size: "compressed", type: "option", tagName: "div", showDivider: true
 (2ms)
    ✓ 
  draggable: false, size: "compressed", type: "option", tagName: "div", showDivider: false

    ✓ 
  draggable: false, size: "compressed", type: "option", tagName: "nav", showDivider: true
 (1ms)
    ✓ 
  draggable: false, size: "compressed", type: "option", tagName: "nav", showDivider: false
 (1ms)
    ✓ 
  draggable: false, size: "compressed", type: "description", tagName: "ol", showDivider: true
 (1ms)
    ✓ 
  draggable: false, size: "compressed", type: "description", tagName: "ol", showDivider: false

    ✓ 
  draggable: false, size: "compressed", type: "description", tagName: "ul", showDivider: true
 (1ms)
    ✓ 
  draggable: false, size: "compressed", type: "description", tagName: "ul", showDivider: false
 (1ms)
    ✓ 
  draggable: false, size: "compressed", type: "description", tagName: "div", showDivider: true
 (2ms)
    ✓ 
  draggable: false, size: "compressed", type: "description", tagName: "div", showDivider: false

    ✓ 
  draggable: false, size: "compressed", type: "description", tagName: "nav", showDivider: true
 (1ms)
    ✓ 
  draggable: false, size: "compressed", type: "description", tagName: "nav", showDivider: false
 (1ms)
    ✓ 
  draggable: false, size: "compressed", type: "resource", tagName: "ol", showDivider: true
 (1ms)
    ✓ 
  draggable: false, size: "compressed", type: "resource", tagName: "ol", showDivider: false

    ✓ 
  draggable: false, size: "compressed", type: "resource", tagName: "ul", showDivider: true
 (2ms)
    ✓ 
  draggable: false, size: "compressed", type: "resource", tagName: "ul", showDivider: false
 (1ms)
    ✓ 
  draggable: false, size: "compressed", type: "resource", tagName: "div", showDivider: true

    ✓ 
  draggable: false, size: "compressed", type: "resource", tagName: "div", showDivider: false
 (1ms)
    ✓ 
  draggable: false, size: "compressed", type: "resource", tagName: "nav", showDivider: true
 (1ms)
    ✓ 
  draggable: false, size: "compressed", type: "resource", tagName: "nav", showDivider: false

    ✓ 
  draggable: false, size: "tight", type: "option", tagName: "ol", showDivider: true
 (1ms)
    ✓ 
  draggable: false, size: "tight", type: "option", tagName: "ol", showDivider: false
 (3ms)
    ✓ 
  draggable: false, size: "tight", type: "option", tagName: "ul", showDivider: true
 (1ms)
    ✓ 
  draggable: false, size: "tight", type: "option", tagName: "ul", showDivider: false

    ✓ 
  draggable: false, size: "tight", type: "option", tagName: "div", showDivider: true
 (1ms)
    ✓ 
  draggable: false, size: "tight", type: "option", tagName: "div", showDivider: false
 (1ms)
    ✓ 
  draggable: false, size: "tight", type: "option", tagName: "nav", showDivider: true
 (1ms)
    ✓ 
  draggable: false, size: "tight", type: "option", tagName: "nav", showDivider: false
 (2ms)
    ✓ 
  draggable: false, size: "tight", type: "description", tagName: "ol", showDivider: true
 (2ms)
    ✓ 
  draggable: false, size: "tight", type: "description", tagName: "ol", showDivider: false
 (2ms)
    ✓ 
  draggable: false, size: "tight", type: "description", tagName: "ul", showDivider: true
 (1ms)
    ✓ 
  draggable: false, size: "tight", type: "description", tagName: "ul", showDivider: false
 (1ms)
    ✓ 
  draggable: false, size: "tight", type: "description", tagName: "div", showDivider: true
 (1ms)
    ✓ 
  draggable: false, size: "tight", type: "description", tagName: "div", showDivider: false

    ✓ 
  draggable: false, size: "tight", type: "description", tagName: "nav", showDivider: true
 (1ms)
    ✓ 
  draggable: false, size: "tight", type: "description", tagName: "nav", showDivider: false
 (1ms)
    ✓ 
  draggable: false, size: "tight", type: "resource", tagName: "ol", showDivider: true
 (1ms)
    ✓ 
  draggable: false, size: "tight", type: "resource", tagName: "ol", showDivider: false
 (1ms)
    ✓ 
  draggable: false, size: "tight", type: "resource", tagName: "ul", showDivider: true
 (1ms)
    ✓ 
  draggable: false, size: "tight", type: "resource", tagName: "ul", showDivider: false
 (1ms)
    ✓ 
  draggable: false, size: "tight", type: "resource", tagName: "div", showDivider: true
 (1ms)
    ✓ 
  draggable: false, size: "tight", type: "resource", tagName: "div", showDivider: false

    ✓ 
  draggable: false, size: "tight", type: "resource", tagName: "nav", showDivider: true
 (1ms)
    ✓ 
  draggable: false, size: "tight", type: "resource", tagName: "nav", showDivider: false

  Listbox item component snapshot
    ✓ 
  disabled: true, tagName: "li", onClick: "[Function]"
 (1ms)
    ✓ 
  disabled: true, tagName: "div", onClick: "[Function]"
 (1ms)
    ✓ 
  disabled: false, tagName: "li", onClick: "[Function]"
 (2ms)
    ✓ 
  disabled: false, tagName: "div", onClick: "[Function]"
 (2ms)
  Listbox component snapshot for states
    ✓ 
  selected: true, activated: true, type: "option"
 (2ms)
    ✓ 
  selected: true, activated: true, type: "description"
 (1ms)
    ✓ 
  selected: true, activated: true, type: "resource"
 (1ms)
    ✓ 
  selected: true, activated: false, type: "option"
 (1ms)
    ✓ 
  selected: true, activated: false, type: "description"
 (1ms)
    ✓ 
  selected: true, activated: false, type: "resource"
 (2ms)
    ✓ 
  selected: false, activated: true, type: "option"
 (2ms)
    ✓ 
  selected: false, activated: true, type: "description"
 (1ms)
    ✓ 
  selected: false, activated: true, type: "resource"
 (2ms)
    ✓ 
  selected: false, activated: false, type: "option"
 (2ms)
    ✓ 
  selected: false, activated: false, type: "description"
 (1ms)
    ✓ 
  selected: false, activated: false, type: "resource"
 (2ms)
  Listbox Item component test for list size: standard
    ✓ check for padding classes for size:standard (3ms)
  Listbox Item component test for list size: tight
    ✓ check for padding classes for size:tight (1ms)
  Listbox Item component test for list size: compressed
    ✓ check for padding classes for size:compressed (1ms)
  Listbox Item component test for list type: option
    ✓ check for classes for type:option (2ms)
  Listbox Item component test for list type: resource
    ✓ check for classes for type:resource (1ms)
  Listbox Item component test for list type: description
    ✓ check for classes for type:description (2ms)
  Listbox Item component test for custom classes
    ✓ check for custom class
    ✓ check to override default padding classes (2ms)
  Listbox Item component test for divider
    ✓ check for divider present below list item (4ms)
    ✓ check for divider not present below list item (2ms)
  Listbox component test for custom class
    ✓ check for custom class in listbox (1ms)
    ✓ check for custom class in listbox item component (1ms)
  Listbox component test for TagName
    ✓ check for listbox component with ol tagName (2ms)
    ✓ check for listbox component with ul tagName (1ms)
    ✓ check for listbox component with div tagName (1ms)
    ✓ check for listbox component with nav tagName (1ms)
  Listbox Item component test for TagName
    ✓ check for listbox component with li tagName (1ms)
    ✓ check for listbox component with div tagName (3ms)
  Listbox component test for reorder list
    ✓ test for reorder list keydown event (15ms)
    ✓ test for reorder list mouse move event (291ms)
  Listbox component test for keyboard events
    ✓ test for keyboard arrow down event (6ms)
    ✓ test for keyboard arrow up event (4ms)
    ✓ test for keyboard arrow down event with disabled item (4ms)
    ✓ test for keyboard arrow up event with disabled item (3ms)
  Listbox component test for Nested Row
    ✓ check for nested list when expanded is true (3ms)
    ✓ check for nested list when expanded is false (1ms)

PASS core/components/atoms/avatarGroup/__tests__/AvatarGroup.test.tsx
  AvatarGroup component snapshot
    ✓ 
  list: [{"firstName":"John","lastName":"Doe","icon":"[ReactNode]"},{"firstName":"Steven","lastName":"Packton","icon":"[ReactNode]"}], size: "tiny", withSearch: "true"
 (19ms)
    ✓ 
  list: [{"firstName":"John","lastName":"Doe","icon":"[ReactNode]"},{"firstName":"Steven","lastName":"Packton","icon":"[ReactNode]"}], size: "tiny", withSearch: "false"
 (14ms)
    ✓ 
  list: [{"firstName":"John","lastName":"Doe","icon":"[ReactNode]"},{"firstName":"Steven","lastName":"Packton","icon":"[ReactNode]"}], size: "regular", withSearch: "true"
 (6ms)
    ✓ 
  list: [{"firstName":"John","lastName":"Doe","icon":"[ReactNode]"},{"firstName":"Steven","lastName":"Packton","icon":"[ReactNode]"}], size: "regular", withSearch: "false"
 (4ms)
  AvatarGroup component
    ✓ renders all avatars without +x avatar (10ms)
    ✓ renders three avatars without +x avatar on list length three (7ms)
    ✓ renders avatars initials (9ms)
    ✓ renders popover having the list of full names (34ms)
    ✓ renders popover list item with disabled state (14ms)
    ✓ renders avatars with status (14ms)
    ✓ renders avatars with presence (11ms)
  AvatarGroup Component with overwrite class
    ✓ overwrite Avatar class (5ms)
  AvatarGroup Component with prop: max
    ✓ renders avatars with prop: max (7ms)
    ✓ renders avatars with default max (4ms)
  AvatarGroup Component with prop: borderColor
    ✓ renders avatars with prop: borderColor (7ms)
    ✓ renders avatars with default borderColor (6ms)
  AvatarGroup Component with prop: popoverOptions
    ✓ renders avatars with prop: popperRenderer (16ms)
  AvatarGroup Component with prop: image
    ✓ renders avatars with image (4ms)
  AvatarGroup Component with prop: icon
    ✓ renders avatars with icon (4ms)
  AvatarGroup Component with prop: tooltipSuffix
    ✓ renders disabled avatar with tooltip suffix (15ms)
  AvatarGroup component with prop:withSearch
    ✓ render search input for withSearch:true (31ms)
    ✓ render search input for searchComparator:true (22ms)
    ✓ check for search input when withSearch:false (19ms)
  AvatarGroup component with shape in data
    ✓ should render avatars with square shape when shape is square in data (8ms)
    ✓ should render avatars with round shape by default when shape is not provided (14ms)
    ✓ should render count avatar as round always (11ms)
    ✓ should pass shape from data to popover avatars (22ms)

PASS core/components/atoms/radio/__tests__/Radio.test.tsx
  Radio component
    ✓ 
  size: "tiny", selected: true, label: "Radio", helpText: "Radio", onChange: "[Function]", name: "Options", value: "Options"
 (3ms)
    ✓ 
  size: "regular", selected: true, label: "Radio", helpText: "Radio", onChange: "[Function]", name: "Options", value: "Options"
 (1ms)
    ✓ 
  disabled: true, selected: true, label: "Radio", helpText: "Radio", onChange: "[Function]", name: "Options", value: "Options"
 (2ms)
    ✓ 
  disabled: false, selected: true, label: "Radio", helpText: "Radio", onChange: "[Function]", name: "Options", value: "Options"
 (1ms)
    ✓ renders children (1ms)
    ✓ renders children : input (1ms)
    ✓ renders radio input with error state as alert (8ms)
    ✓ renders radio input with error state as alert-dark on hover (8ms)
    ✓ renders radio input with error state as alert-darker on active (7ms)
    ✓ renders radio input with error state as alert when checked (3ms)
    ✓ renders radio input with error state as alert-dark on hover when checked (1ms)
    ✓ renders radio input with error state as alert-darker on active when checked (4ms)
    ✓ renders children with label prop (2ms)
    ✓ renders children with helpText prop (1ms)
    ✓ calls onchange handler (1ms)
    ✓ calls onchange handler when box is checked  (4ms)
    ✓ checks for data-test attribute (1ms)

PASS core/components/atoms/column/__tests__/Column.test.tsx
  Column component
    ✓ 
  size: "1"
 (10ms)
    ✓ 
  size: "2"
 (3ms)
    ✓ 
  size: "3"
 (1ms)
    ✓ 
  size: "4"
 (2ms)
    ✓ 
  size: "5"
 (1ms)
    ✓ 
  size: "6"

    ✓ 
  size: "7"
 (1ms)
    ✓ 
  size: "8"
 (1ms)
    ✓ 
  size: "9"
 (2ms)
    ✓ 
  size: "10"
 (4ms)
    ✓ 
  size: "11"
 (1ms)
    ✓ 
  size: "12"
 (1ms)
    ✓ 
  size: "auto"
 (1ms)
    ✓ 
  size: 1
 (1ms)
    ✓ 
  size: 2

    ✓ 
  size: 3
 (1ms)
    ✓ 
  size: 4

    ✓ 
  size: 5
 (1ms)
    ✓ 
  size: 6
 (1ms)
    ✓ 
  size: 7
 (1ms)
    ✓ 
  size: 8
 (1ms)
    ✓ 
  size: 9

    ✓ 
  size: 10
 (1ms)
    ✓ 
  size: 11
 (1ms)
    ✓ 
  size: 12
 (1ms)
    ✓ 
  sizeXS: "1"
 (1ms)
    ✓ 
  sizeXS: "2"
 (1ms)
    ✓ 
  sizeXS: "3"

    ✓ 
  sizeXS: "4"
 (2ms)
    ✓ 
  sizeXS: "5"
 (4ms)
    ✓ 
  sizeXS: "6"
 (1ms)
    ✓ 
  sizeXS: "7"
 (1ms)
    ✓ 
  sizeXS: "8"
 (1ms)
    ✓ 
  sizeXS: "9"

    ✓ 
  sizeXS: "10"

    ✓ 
  sizeXS: "11"
 (1ms)
    ✓ 
  sizeXS: "12"
 (1ms)
    ✓ 
  sizeXS: "auto"
 (1ms)
    ✓ 
  sizeXS: 1
 (1ms)
    ✓ 
  sizeXS: 2
 (1ms)
    ✓ 
  sizeXS: 3
 (1ms)
    ✓ 
  sizeXS: 4
 (1ms)
    ✓ 
  sizeXS: 5

    ✓ 
  sizeXS: 6
 (1ms)
    ✓ 
  sizeXS: 7
 (1ms)
    ✓ 
  sizeXS: 8

    ✓ 
  sizeXS: 9
 (2ms)
    ✓ 
  sizeXS: 10
 (1ms)
    ✓ 
  sizeXS: 11
 (1ms)
    ✓ 
  sizeXS: 12
 (1ms)
    ✓ 
  sizeS: "1"
 (1ms)
    ✓ 
  sizeS: "2"
 (1ms)
    ✓ 
  sizeS: "3"
 (1ms)
    ✓ 
  sizeS: "4"
 (1ms)
    ✓ 
  sizeS: "5"

    ✓ 
  sizeS: "6"
 (1ms)
    ✓ 
  sizeS: "7"

    ✓ 
  sizeS: "8"
 (1ms)
    ✓ 
  sizeS: "9"

    ✓ 
  sizeS: "10"

    ✓ 
  sizeS: "11"
 (1ms)
    ✓ 
  sizeS: "12"
 (2ms)
    ✓ 
  sizeS: "auto"
 (1ms)
    ✓ 
  sizeS: 1
 (1ms)
    ✓ 
  sizeS: 2
 (1ms)
    ✓ 
  sizeS: 3
 (2ms)
    ✓ 
  sizeS: 4
 (1ms)
    ✓ 
  sizeS: 5

    ✓ 
  sizeS: 6
 (1ms)
    ✓ 
  sizeS: 7
 (1ms)
    ✓ 
  sizeS: 8

    ✓ 
  sizeS: 9
 (1ms)
    ✓ 
  sizeS: 10

    ✓ 
  sizeS: 11
 (1ms)
    ✓ 
  sizeS: 12

    ✓ 
  sizeM: "1"
 (1ms)
    ✓ 
  sizeM: "2"
 (1ms)
    ✓ 
  sizeM: "3"
 (1ms)
    ✓ 
  sizeM: "4"

    ✓ 
  sizeM: "5"
 (4ms)
    ✓ 
  sizeM: "6"
 (2ms)
    ✓ 
  sizeM: "7"
 (1ms)
    ✓ 
  sizeM: "8"

    ✓ 
  sizeM: "9"
 (2ms)
    ✓ 
  sizeM: "10"
 (1ms)
    ✓ 
  sizeM: "11"
 (1ms)
    ✓ 
  sizeM: "12"
 (2ms)
    ✓ 
  sizeM: "auto"
 (1ms)
    ✓ 
  sizeM: 1
 (1ms)
    ✓ 
  sizeM: 2
 (1ms)
    ✓ 
  sizeM: 3
 (1ms)
    ✓ 
  sizeM: 4
 (1ms)
    ✓ 
  sizeM: 5
 (1ms)
    ✓ 
  sizeM: 6
 (1ms)
    ✓ 
  sizeM: 7
 (1ms)
    ✓ 
  sizeM: 8
 (1ms)
    ✓ 
  sizeM: 9
 (1ms)
    ✓ 
  sizeM: 10

    ✓ 
  sizeM: 11
 (2ms)
    ✓ 
  sizeM: 12
 (1ms)
    ✓ 
  sizeL: "1"
 (1ms)
    ✓ 
  sizeL: "2"
 (1ms)
    ✓ 
  sizeL: "3"

    ✓ 
  sizeL: "4"
 (1ms)
    ✓ 
  sizeL: "5"

    ✓ 
  sizeL: "6"
 (1ms)
    ✓ 
  sizeL: "7"
 (1ms)
    ✓ 
  sizeL: "8"

    ✓ 
  sizeL: "9"
 (1ms)
    ✓ 
  sizeL: "10"

    ✓ 
  sizeL: "11"
 (2ms)
    ✓ 
  sizeL: "12"
 (1ms)
    ✓ 
  sizeL: "auto"
 (1ms)
    ✓ 
  sizeL: 1

    ✓ 
  sizeL: 2
 (1ms)
    ✓ 
  sizeL: 3
 (1ms)
    ✓ 
  sizeL: 4

    ✓ 
  sizeL: 5

    ✓ 
  sizeL: 6
 (1ms)
    ✓ 
  sizeL: 7

    ✓ 
  sizeL: 8
 (1ms)
    ✓ 
  sizeL: 9

    ✓ 
  sizeL: 10

    ✓ 
  sizeL: 11
 (1ms)
    ✓ 
  sizeL: 12

    ✓ 
  sizeXL: "1"

    ✓ 
  sizeXL: "2"
 (1ms)
    ✓ 
  sizeXL: "3"

    ✓ 
  sizeXL: "4"
 (1ms)
    ✓ 
  sizeXL: "5"
 (4ms)
    ✓ 
  sizeXL: "6"
 (2ms)
    ✓ 
  sizeXL: "7"
 (1ms)
    ✓ 
  sizeXL: "8"
 (1ms)
    ✓ 
  sizeXL: "9"
 (1ms)
    ✓ 
  sizeXL: "10"

    ✓ 
  sizeXL: "11"
 (1ms)
    ✓ 
  sizeXL: "12"
 (2ms)
    ✓ 
  sizeXL: "auto"

    ✓ 
  sizeXL: 1
 (1ms)
    ✓ 
  sizeXL: 2
 (2ms)
    ✓ 
  sizeXL: 3
 (1ms)
    ✓ 
  sizeXL: 4
 (2ms)
    ✓ 
  sizeXL: 5
 (1ms)
    ✓ 
  sizeXL: 6

    ✓ 
  sizeXL: 7
 (1ms)
    ✓ 
  sizeXL: 8
 (2ms)
    ✓ 
  sizeXL: 9
 (1ms)
    ✓ 
  sizeXL: 10
 (1ms)
    ✓ 
  sizeXL: 11
 (1ms)
    ✓ 
  sizeXL: 12

    ✓ renders children (5ms)
    ✓ with className (1ms)
    ✓ accepts other attributes (2ms)

PASS core/components/atoms/button/__tests__/Button.test.tsx
  Button component
    ✓ 
  type: "button"
 (4ms)
    ✓ 
  type: "submit"
 (1ms)
    ✓ 
  type: "reset"
 (1ms)
    ✓ 
  appearance: "basic", expanded: true
 (1ms)
    ✓ 
  appearance: "basic", expanded: false
 (1ms)
    ✓ 
  appearance: "primary", expanded: true
 (1ms)
    ✓ 
  appearance: "primary", expanded: false

    ✓ 
  appearance: "alert", expanded: true
 (2ms)
    ✓ 
  appearance: "alert", expanded: false
 (6ms)
    ✓ 
  appearance: "transparent", expanded: true
 (1ms)
    ✓ 
  appearance: "transparent", expanded: false
 (1ms)
    ✓ 
  size: "tiny"

    ✓ 
  size: "regular"
 (1ms)
    ✓ 
  size: "large"
 (1ms)
    ✓ 
  size: "tiny", icon: "events", iconAlign: "left"
 (2ms)
    ✓ 
  size: "tiny", icon: "events", iconAlign: "right"
 (2ms)
    ✓ 
  size: "regular", icon: "events", iconAlign: "left"
 (1ms)
    ✓ 
  size: "regular", icon: "events", iconAlign: "right"
 (1ms)
    ✓ 
  size: "large", icon: "events", iconAlign: "left"
 (1ms)
    ✓ 
  size: "large", icon: "events", iconAlign: "right"
 (1ms)
    ✓ 
  size: "tiny", icon: "events", largeIcon: true
 (3ms)
    ✓ 
  size: "regular", icon: "events", largeIcon: true
 (2ms)
    ✓ 
  size: "large", icon: "events", largeIcon: true
 (2ms)
    ✓ 
  appearance: "basic", disabled: true
 (1ms)
    ✓ 
  appearance: "primary", disabled: true
 (1ms)
    ✓ 
  appearance: "alert", disabled: true
 (2ms)
    ✓ 
  appearance: "transparent", disabled: true
 (1ms)
    ✓ 
  appearance: "basic", selected: true
 (2ms)
    ✓ 
  appearance: "primary", selected: true
 (1ms)
    ✓ 
  appearance: "alert", selected: true
 (1ms)
    ✓ 
  appearance: "transparent", selected: true
 (2ms)
    ✓ 
  appearance: "basic", loading: true
 (6ms)
    ✓ 
  appearance: "primary", loading: true
 (2ms)
    ✓ 
  appearance: "alert", loading: true
 (1ms)
    ✓ 
  appearance: "transparent", loading: true
 (1ms)
  Button component with no children
    ✓ 
  appearance: "basic", loading: true
 (2ms)
    ✓ 
  appearance: "primary", loading: true
 (1ms)
    ✓ 
  appearance: "alert", loading: true
 (1ms)
    ✓ 
  appearance: "transparent", loading: true
 (2ms)
  Button component with icon
    ✓ renders icon and label inside button (4ms)
    ✓ renders icon of fontSize = 16 for button size = regular (10ms)
    ✓ renders large icon inside button size = regular (4ms)
    ✓ does not render large icon when button has label (3ms)
    ✓ renders icon of fontSize = 20 for button size = large (3ms)
    ✓ renders large icon inside button size = large (2ms)
    ✓ does not render large icon when button has label (3ms)
    ✓ renders icon of fontSize = 14px for button size = tiny (custom size) (1ms)
    ✓ renders icon of fontSize = 14px for tiny icon-only button (overrides sizeMapping) (3ms)
    ✓ renders icon of fontSize = 14px for tiny button with largeIcon=true and no children (overrides largeIcon logic) (3ms)
    ✓ renders icon of fontSize = 14px for tiny button with largeIcon=true and children (overrides both largeIcon and sizeMapping) (2ms)
    Button with spinner
      ✓ Should have Button-spinner and Button--regularSquare class when loading state and no children (2ms)
      ✓ Should have Button-spinner class when loading state (3ms)
      ✓ Should have Spinner--xsmall class when loading state for button size=tiny (3ms)
      ✓ Should have Spinner--xsmall class when loading state for button size=regular (2ms)
      ✓ Should have Spinner--small class when loading state for button size=large (2ms)
      ✓ Should have Spinner--xsmall class when loading state for icon button (2ms)
      ✓ Should have Spinner--xsmall class when loading state for large icon button (1ms)
      ✓ Should have no Button-spinner class when no loading state (2ms)
      ✓ Should have Button-text--hidden class when loading (3ms)
  Button component with Tooltip
    ✓ check for tooltip attribute (19ms)
    ✓ check for tooltip when children is given (2ms)
    ✓ check for tooltip when icon is not given (2ms)
  Button component with Icon
    ✓ check for icon classes with align:left
    ✓ check for icon classes with align:right (3ms)
    ✓ check for icon classes with align:left without children (4ms)
    ✓ check for icon classes with align:right without children (2ms)
  Button component with styleType prop
    Outlined buttons - CSS class generation
      ✓ should apply outlined class for basic appearance (1ms)
      ✓ should apply outlined class for primary appearance
      ✓ should apply outlined class for alert appearance (1ms)
      ✓ should NOT apply outlined class for transparent appearance (restriction)
    Filled buttons - backward compatibility
      ✓ should apply filled class when styleType is not provided (default) (1ms)
      ✓ should apply filled class when styleType is explicitly filled (1ms)
    Selected state with styleType
      ✓ should apply outlined selected class for basic outlined button (1ms)
      ✓ should apply filled selected class for basic filled button
      ✓ should apply filled selected class for transparent button (cannot be outlined) (1ms)
      ✓ should NOT apply selected class for non-basic/transparent appearances
    Spinner appearance with styleType
      ✓ should use secondary spinner for outlined basic button (1ms)
      ✓ should use alert spinner for outlined alert button (3ms)
      ✓ should use primary spinner for outlined primary button (1ms)
      ✓ should use white spinner for filled primary button (backward compatibility) (1ms)

PASS core/components/organisms/datePicker/__tests__/DatePicker.test.tsx
  DatePicker component snapshots
    renders snapshot for prop:view
      ✓ 
  view: "year"
 (11ms)
      ✓ 
  view: "month"
 (3ms)
      ✓ 
  view: "date"
 (14ms)
    renders snapshot for prop:withInput
      ✓ 
  withInput: true
 (5ms)
      ✓ 
  withInput: false
 (10ms)
    renders snapshot for prop:open
      ✓ 
  open: true
 (12ms)
      ✓ 
  open: false
 (13ms)
    renders snapshot for prop:disabledBefore, prop:disabledAfter
      ✓ 
  disabledBefore: "10/10/2020", disabledAfter: "10/10/2021"
 (11ms)
    renders snapshot for prop:disabledBefore
      ✓ 
  disabledBefore: "10/10/2020"
 (8ms)
    renders snapshot for prop:disabledAfter
      ✓ 
  disabledAfter: "10/10/2021"
 (22ms)
  DatePicker component today date chip
    ✓ renders component with today date chip (10ms)
    ✓ calls click handler (30ms)
    ✓ disable today chip in case of disabledAfter prop (10ms)
    ✓ keeps today chip enabled when disabledBefore is today (6ms)
    ✓ keeps today chip enabled when disabledAfter is today (9ms)
    ✓ disables today chip when disabledBefore is tomorrow (6ms)
    ✓ disables today chip when disabledAfter is yesterday (12ms)
    ✓ disables today chip for inverted disabled range (6ms)
  renders DatePicker component Event Handlers 
    ✓ checks for trigger popover on input field click (31ms)
    ✓ checks for input field onChange event (4ms)
    ✓ checks onCancel Event (14ms)
    ✓ checks for custom placeholderChar option onClose Event (18ms)
    ✓ checks for input field onChange event with empty date (4ms)
    ✓ checks onBlur Event (2ms)
    ✓ checks onFocus Event (1ms)
    ✓ checks for input field onError event (5ms)

PASS core/components/molecules/fileUploader/__tests__/FileUploader.test.tsx
  FileUploader component
    ✓ 
  title: "File Uploader Title", sizeLabel: "Maximum size: 30 MB", uploadButtonLabel: "Upload documents", formatLabel: "Accepted formats: PDF, jpg, png", onChange: "[Function]"
 (10ms)
  FileUploader component prop:accept snapshot
    ✓ 
  accept: ["jpg","pdf","png"]
 (3ms)
  FileUploader component prop:multiple snapshot
    ✓ 
  multiple: true
 (2ms)
    ✓ 
  multiple: false
 (4ms)
  FileUploader component prop:disabled snapshot
    ✓ 
  disabled: true
 (3ms)
    ✓ 
  disabled: false
 (3ms)
  FileUploader component prop:title
    ✓ renders title element (3ms)
    ✓ check for default title (5ms)
  FileUploader component prop:sizeLabel
    ✓ renders sizeLabel element (4ms)
    ✓ check for default sizeLabel (5ms)
  FileUploader component prop:formatLabel
    ✓ renders formatLabel element (3ms)
  FileUploader component with overwrite class
    ✓ overwrite DesignSystem-FileUploader class (3ms)
  FileUploader component prop:uploadButtonLabel
    ✓ renders uploadButtonLabel element (3ms)
    ✓ checks for uploadButtonLabel element default values (2ms)
  FileUploader component prop:onChange
    ✓ check for onChange callback when file input is changed (10ms)
    ✓ check for onChange callback when file input is not changed (2ms)
  FileUploader component prop:disabled
    ✓ check for fileUploaderButton if disabled is true (2ms)
    ✓ check for fileUploaderButton if disabled is false (2ms)
  FileUploader component prop:sampleFileLink
    ✓ check for sampleFileLink element (4ms)

  console.error node_modules/react-dom/cjs/react-dom.development.js:88
    Warning: MetricInput contains an input of type number with both value and defaultValue props. Input elements must be either controlled or uncontrolled (specify either the value prop, or the defaultValue prop, but not both). Decide between using a controlled or uncontrolled input element and remove one of these props. More info: https://fb.me/react-controlled-components
        in input (created by MetricInput)
        in div (created by MetricInput)
        in MetricInput

  console.error node_modules/react-dom/cjs/react-dom.development.js:88
    Warning: A component is changing an uncontrolled input of type number to be controlled. Input elements should not switch from uncontrolled to controlled (or vice versa). Decide between using a controlled or uncontrolled input element for the lifetime of the component. More info: https://fb.me/react-controlled-components
        in input (created by MetricInput)
        in div (created by MetricInput)
        in MetricInput

PASS core/components/organisms/table/__tests__/Table.test.tsx (17.201s)
  Table component sync
    ✓ 
  data: [{"name":"Zara"},{"name":"Sara"}], schema: [{"name":"name","displayName":"Name","filters":[{"label":"A-G","value":"a-g"},{"label":"H-R","value":"h-r"},{"label":"S-Z","value":"s-z"}]}], loading: true, error: true, errorType: "errorType", onSearch: "[Function]", showHead: true, type: "resource", size: "standard", draggable: true, withHeader: true, nestedRows: true, withCheckbox: true, showMenu: true, headCellTooltip: true, separator: true
 (38ms)
    ✓ 
  data: [{"name":"Zara"},{"name":"Sara"}], schema: [{"name":"name","displayName":"Name","filters":[{"label":"A-G","value":"a-g"},{"label":"H-R","value":"h-r"},{"label":"S-Z","value":"s-z"}]}], loading: true, error: true, errorType: "errorType", onSearch: "[Function]", showHead: true, type: "resource", size: "standard", draggable: true, withHeader: true, nestedRows: true, withCheckbox: true, showMenu: true, headCellTooltip: true, separator: false
 (28ms)
    ✓ 
  data: [{"name":"Zara"},{"name":"Sara"}], schema: [{"name":"name","displayName":"Name","filters":[{"label":"A-G","value":"a-g"},{"label":"H-R","value":"h-r"},{"label":"S-Z","value":"s-z"}]}], loading: true, error: true, errorType: "errorType", onSearch: "[Function]", showHead: true, type: "resource", size: "standard", draggable: true, withHeader: true, nestedRows: true, withCheckbox: true, showMenu: true, headCellTooltip: false, separator: true
 (21ms)
    ✓ 
  data: [{"name":"Zara"},{"name":"Sara"}], schema: [{"name":"name","displayName":"Name","filters":[{"label":"A-G","value":"a-g"},{"label":"H-R","value":"h-r"},{"label":"S-Z","value":"s-z"}]}], loading: true, error: true, errorType: "errorType", onSearch: "[Function]", showHead: true, type: "resource", size: "standard", draggable: true, withHeader: true, nestedRows: true, withCheckbox: true, showMenu: true, headCellTooltip: false, separator: false
 (13ms)
    ✓ 
  data: [{"name":"Zara"},{"name":"Sara"}], schema: [{"name":"name","displayName":"Name","filters":[{"label":"A-G","value":"a-g"},{"label":"H-R","value":"h-r"},{"label":"S-Z","value":"s-z"}]}], loading: true, error: true, errorType: "errorType", onSearch: "[Function]", showHead: true, type: "resource", size: "standard", draggable: true, withHeader: true, nestedRows: true, withCheckbox: true, showMenu: false, headCellTooltip: true, separator: true
 (16ms)
    ✓ 
  data: [{"name":"Zara"},{"name":"Sara"}], schema: [{"name":"name","displayName":"Name","filters":[{"label":"A-G","value":"a-g"},{"label":"H-R","value":"h-r"},{"label":"S-Z","value":"s-z"}]}], loading: true, error: true, errorType: "errorType", onSearch: "[Function]", showHead: true, type: "resource", size: "standard", draggable: true, withHeader: true, nestedRows: true, withCheckbox: true, showMenu: false, headCellTooltip: true, separator: false
 (43ms)
    ✓ 
  data: [{"name":"Zara"},{"name":"Sara"}], schema: [{"name":"name","displayName":"Name","filters":[{"label":"A-G","value":"a-g"},{"label":"H-R","value":"h-r"},{"label":"S-Z","value":"s-z"}]}], loading: true, error: true, errorType: "errorType", onSearch: "[Function]", showHead: true, type: "resource", size: "standard", draggable: true, withHeader: true, nestedRows: true, withCheckbox: true, showMenu: false, headCellTooltip: false, separator: true
 (17ms)
    ✓ 
  data: [{"name":"Zara"},{"name":"Sara"}], schema: [{"name":"name","displayName":"Name","filters":[{"label":"A-G","value":"a-g"},{"label":"H-R","value":"h-r"},{"label":"S-Z","value":"s-z"}]}], loading: true, error: true, errorType: "errorType", onSearch: "[Function]", showHead: true, type: "resource", size: "standard", draggable: true, withHeader: true, nestedRows: true, withCheckbox: true, showMenu: false, headCellTooltip: false, separator: false
 (16ms)
    ✓ 
  data: [{"name":"Zara"},{"name":"Sara"}], schema: [{"name":"name","displayName":"Name","filters":[{"label":"A-G","value":"a-g"},{"label":"H-R","value":"h-r"},{"label":"S-Z","value":"s-z"}]}], loading: true, error: true, errorType: "errorType", onSearch: "[Function]", showHead: true, type: "resource", size: "standard", draggable: true, withHeader: true, nestedRows: true, withCheckbox: false, showMenu: true, headCellTooltip: true, separator: true
 (18ms)
    ✓ 
  data: [{"name":"Zara"},{"name":"Sara"}], schema: [{"name":"name","displayName":"Name","filters":[{"label":"A-G","value":"a-g"},{"label":"H-R","value":"h-r"},{"label":"S-Z","value":"s-z"}]}], loading: true, error: true, errorType: "errorType", onSearch: "[Function]", showHead: true, type: "resource", size: "standard", draggable: true, withHeader: true, nestedRows: true, withCheckbox: false, showMenu: true, headCellTooltip: true, separator: false
 (28ms)
    ✓ 
  data: [{"name":"Zara"},{"name":"Sara"}], schema: [{"name":"name","displayName":"Name","filters":[{"label":"A-G","value":"a-g"},{"label":"H-R","value":"h-r"},{"label":"S-Z","value":"s-z"}]}], loading: true, error: true, errorType: "errorType", onSearch: "[Function]", showHead: true, type: "resource", size: "standard", draggable: true, withHeader: true, nestedRows: true, withCheckbox: false, showMenu: true, headCellTooltip: false, separator: true
 (33ms)
    ✓ 
  data: [{"name":"Zara"},{"name":"Sara"}], schema: [{"name":"name","displayName":"Name","filters":[{"label":"A-G","value":"a-g"},{"label":"H-R","value":"h-r"},{"label":"S-Z","value":"s-z"}]}], loading: true, error: true, errorType: "errorType", onSearch: "[Function]", showHead: true, type: "resource", size: "standard", draggable: true, withHeader: true, nestedRows: true, withCheckbox: false, showMenu: true, headCellTooltip: false, separator: false
 (18ms)
    ✓ 
  data: [{"name":"Zara"},{"name":"Sara"}], schema: [{"name":"name","displayName":"Name","filters":[{"label":"A-G","value":"a-g"},{"label":"H-R","value":"h-r"},{"label":"S-Z","value":"s-z"}]}], loading: true, error: true, errorType: "errorType", onSearch: "[Function]", showHead: true, type: "resource", size: "standard", draggable: true, withHeader: true, nestedRows: true, withCheckbox: false, showMenu: false, headCellTooltip: true, separator: true
 (22ms)
    ✓ 
  data: [{"name":"Zara"},{"name":"Sara"}], schema: [{"name":"name","displayName":"Name","filters":[{"label":"A-G","value":"a-g"},{"label":"H-R","value":"h-r"},{"label":"S-Z","value":"s-z"}]}], loading: true, error: true, errorType: "errorType", onSearch: "[Function]", showHead: true, type: "resource", size: "standard", draggable: true, withHeader: true, nestedRows: true, withCheckbox: false, showMenu: false, headCellTooltip: true, separator: false
 (17ms)
    ✓ 
  data: [{"name":"Zara"},{"name":"Sara"}], schema: [{"name":"name","displayName":"Name","filters":[{"label":"A-G","value":"a-g"},{"label":"H-R","value":"h-r"},{"label":"S-Z","value":"s-z"}]}], loading: true, error: true, errorType: "errorType", onSearch: "[Function]", showHead: true, type: "resource", size: "standard", draggable: true, withHeader: true, nestedRows: true, withCheckbox: false, showMenu: false, headCellTooltip: false, separator: true
 (11ms)
    ✓ 
  data: [{"name":"Zara"},{"name":"Sara"}], schema: [{"name":"name","displayName":"Name","filters":[{"label":"A-G","value":"a-g"},{"label":"H-R","value":"h-r"},{"label":"S-Z","value":"s-z"}]}], loading: true, error: true, errorType: "errorType", onSearch: "[Function]", showHead: true, type: "resource", size: "standard", draggable: true, withHeader: true, nestedRows: true, withCheckbox: false, showMenu: false, headCellTooltip: false, separator: false
 (12ms)
    ✓ 
  data: [{"name":"Zara"},{"name":"Sara"}], schema: [{"name":"name","displayName":"Name","filters":[{"label":"A-G","value":"a-g"},{"label":"H-R","value":"h-r"},{"label":"S-Z","value":"s-z"}]}], loading: true, error: true, errorType: "errorType", onSearch: "[Function]", showHead: true, type: "resource", size: "standard", draggable: true, withHeader: true, nestedRows: false, withCheckbox: true, showMenu: true, headCellTooltip: true, separator: true
 (22ms)
    ✓ 
  data: [{"name":"Zara"},{"name":"Sara"}], schema: [{"name":"name","displayName":"Name","filters":[{"label":"A-G","value":"a-g"},{"label":"H-R","value":"h-r"},{"label":"S-Z","value":"s-z"}]}], loading: true, error: true, errorType: "errorType", onSearch: "[Function]", showHead: true, type: "resource", size: "standard", draggable: true, withHeader: true, nestedRows: false, withCheckbox: true, showMenu: true, headCellTooltip: true, separator: false
 (10ms)
    ✓ 
  data: [{"name":"Zara"},{"name":"Sara"}], schema: [{"name":"name","displayName":"Name","filters":[{"label":"A-G","value":"a-g"},{"label":"H-R","value":"h-r"},{"label":"S-Z","value":"s-z"}]}], loading: true, error: true, errorType: "errorType", onSearch: "[Function]", showHead: true, type: "resource", size: "standard", draggable: true, withHeader: true, nestedRows: false, withCheckbox: true, showMenu: true, headCellTooltip: false, separator: true
 (8ms)
    ✓ 
  data: [{"name":"Zara"},{"name":"Sara"}], schema: [{"name":"name","displayName":"Name","filters":[{"label":"A-G","value":"a-g"},{"label":"H-R","value":"h-r"},{"label":"S-Z","value":"s-z"}]}], loading: true, error: true, errorType: "errorType", onSearch: "[Function]", showHead: true, type: "resource", size: "standard", draggable: true, withHeader: true, nestedRows: false, withCheckbox: true, showMenu: true, headCellTooltip: false, separator: false
 (13ms)
    ✓ 
  data: [{"name":"Zara"},{"name":"Sara"}], schema: [{"name":"name","displayName":"Name","filters":[{"label":"A-G","value":"a-g"},{"label":"H-R","value":"h-r"},{"label":"S-Z","value":"s-z"}]}], loading: true, error: true, errorType: "errorType", onSearch: "[Function]", showHead: true, type: "resource", size: "standard", draggable: true, withHeader: true, nestedRows: false, withCheckbox: true, showMenu: false, headCellTooltip: true, separator: true
 (13ms)
    ✓ 
  data: [{"name":"Zara"},{"name":"Sara"}], schema: [{"name":"name","displayName":"Name","filters":[{"label":"A-G","value":"a-g"},{"label":"H-R","value":"h-r"},{"label":"S-Z","value":"s-z"}]}], loading: true, error: true, errorType: "errorType", onSearch: "[Function]", showHead: true, type: "resource", size: "standard", draggable: true, withHeader: true, nestedRows: false, withCheckbox: true, showMenu: false, headCellTooltip: true, separator: false
 (12ms)
    ✓ 
  data: [{"name":"Zara"},{"name":"Sara"}], schema: [{"name":"name","displayName":"Name","filters":[{"label":"A-G","value":"a-g"},{"label":"H-R","value":"h-r"},{"label":"S-Z","value":"s-z"}]}], loading: true, error: true, errorType: "errorType", onSearch: "[Function]", showHead: true, type: "resource", size: "standard", draggable: true, withHeader: true, nestedRows: false, withCheckbox: true, showMenu: false, headCellTooltip: false, separator: true
 (13ms)
    ✓ 
  data: [{"name":"Zara"},{"name":"Sara"}], schema: [{"name":"name","displayName":"Name","filters":[{"label":"A-G","value":"a-g"},{"label":"H-R","value":"h-r"},{"label":"S-Z","value":"s-z"}]}], loading: true, error: true, errorType: "errorType", onSearch: "[Function]", showHead: true, type: "resource", size: "standard", draggable: true, withHeader: true, nestedRows: false, withCheckbox: true, showMenu: false, headCellTooltip: false, separator: false
 (8ms)
    ✓ 
  data: [{"name":"Zara"},{"name":"Sara"}], schema: [{"name":"name","displayName":"Name","filters":[{"label":"A-G","value":"a-g"},{"label":"H-R","value":"h-r"},{"label":"S-Z","value":"s-z"}]}], loading: true, error: true, errorType: "errorType", onSearch: "[Function]", showHead: true, type: "resource", size: "standard", draggable: true, withHeader: true, nestedRows: false, withCheckbox: false, showMenu: true, headCellTooltip: true, separator: true
 (18ms)
    ✓ 
  data: [{"name":"Zara"},{"name":"Sara"}], schema: [{"name":"name","displayName":"Name","filters":[{"label":"A-G","value":"a-g"},{"label":"H-R","value":"h-r"},{"label":"S-Z","value":"s-z"}]}], loading: true, error: true, errorType: "errorType", onSearch: "[Function]", showHead: true, type: "resource", size: "standard", draggable: true, withHeader: true, nestedRows: false, withCheckbox: false, showMenu: true, headCellTooltip: true, separator: false
 (12ms)
    ✓ 
  data: [{"name":"Zara"},{"name":"Sara"}], schema: [{"name":"name","displayName":"Name","filters":[{"label":"A-G","value":"a-g"},{"label":"H-R","value":"h-r"},{"label":"S-Z","value":"s-z"}]}], loading: true, error: true, errorType: "errorType", onSearch: "[Function]", showHead: true, type: "resource", size: "standard", draggable: true, withHeader: true, nestedRows: false, withCheckbox: false, showMenu: true, headCellTooltip: false, separator: true
 (9ms)
    ✓ 
  data: [{"name":"Zara"},{"name":"Sara"}], schema: [{"name":"name","displayName":"Name","filters":[{"label":"A-G","value":"a-g"},{"label":"H-R","value":"h-r"},{"label":"S-Z","value":"s-z"}]}], loading: true, error: true, errorType: "errorType", onSearch: "[Function]", showHead: true, type: "resource", size: "standard", draggable: true, withHeader: true, nestedRows: false, withCheckbox: false, showMenu: true, headCellTooltip: false, separator: false
 (10ms)
    ✓ 
  data: [{"name":"Zara"},{"name":"Sara"}], schema: [{"name":"name","displayName":"Name","filters":[{"label":"A-G","value":"a-g"},{"label":"H-R","value":"h-r"},{"label":"S-Z","value":"s-z"}]}], loading: true, error: true, errorType: "errorType", onSearch: "[Function]", showHead: true, type: "resource", size: "standard", draggable: true, withHeader: true, nestedRows: false, withCheckbox: false, showMenu: false, headCellTooltip: true, separator: true
 (9ms)
    ✓ 
  data: [{"name":"Zara"},{"name":"Sara"}], schema: [{"name":"name","displayName":"Name","filters":[{"label":"A-G","value":"a-g"},{"label":"H-R","value":"h-r"},{"label":"S-Z","value":"s-z"}]}], loading: true, error: true, errorType: "errorType", onSearch: "[Function]", showHead: true, type: "resource", size: "standard", draggable: true, withHeader: true, nestedRows: false, withCheckbox: false, showMenu: false, headCellTooltip: true, separator: false
 (11ms)
    ✓ 
  data: [{"name":"Zara"},{"name":"Sara"}], schema: [{"name":"name","displayName":"Name","filters":[{"label":"A-G","value":"a-g"},{"label":"H-R","value":"h-r"},{"label":"S-Z","value":"s-z"}]}], loading: true, error: true, errorType: "errorType", onSearch: "[Function]", showHead: true, type: "resource", size: "standard", draggable: true, withHeader: true, nestedRows: false, withCheckbox: false, showMenu: false, headCellTooltip: false, separator: true
 (5ms)
    ✓ 
  data: [{"name":"Zara"},{"name":"Sara"}], schema: [{"name":"name","displayName":"Name","filters":[{"label":"A-G","value":"a-g"},{"label":"H-R","value":"h-r"},{"label":"S-Z","value":"s-z"}]}], loading: true, error: true, errorType: "errorType", onSearch: "[Function]", showHead: true, type: "resource", size: "standard", draggable: true, withHeader: true, nestedRows: false, withCheckbox: false, showMenu: false, headCellTooltip: false, separator: false
 (11ms)
    ✓ 
  data: [{"name":"Zara"},{"name":"Sara"}], schema: [{"name":"name","displayName":"Name","filters":[{"label":"A-G","value":"a-g"},{"label":"H-R","value":"h-r"},{"label":"S-Z","value":"s-z"}]}], loading: true, error: true, errorType: "errorType", onSearch: "[Function]", showHead: true, type: "resource", size: "standard", draggable: true, withHeader: false, nestedRows: true, withCheckbox: true, showMenu: true, headCellTooltip: true, separator: true
 (9ms)
    ✓ 
  data: [{"name":"Zara"},{"name":"Sara"}], schema: [{"name":"name","displayName":"Name","filters":[{"label":"A-G","value":"a-g"},{"label":"H-R","value":"h-r"},{"label":"S-Z","value":"s-z"}]}], loading: true, error: true, errorType: "errorType", onSearch: "[Function]", showHead: true, type: "resource", size: "standard", draggable: true, withHeader: false, nestedRows: true, withCheckbox: true, showMenu: true, headCellTooltip: true, separator: false
 (13ms)
    ✓ 
  data: [{"name":"Zara"},{"name":"Sara"}], schema: [{"name":"name","displayName":"Name","filters":[{"label":"A-G","value":"a-g"},{"label":"H-R","value":"h-r"},{"label":"S-Z","value":"s-z"}]}], loading: true, error: true, errorType: "errorType", onSearch: "[Function]", showHead: true, type: "resource", size: "standard", draggable: true, withHeader: false, nestedRows: true, withCheckbox: true, showMenu: true, headCellTooltip: false, separator: true
 (11ms)
    ✓ 
  data: [{"name":"Zara"},{"name":"Sara"}], schema: [{"name":"name","displayName":"Name","filters":[{"label":"A-G","value":"a-g"},{"label":"H-R","value":"h-r"},{"label":"S-Z","value":"s-z"}]}], loading: true, error: true, errorType: "errorType", onSearch: "[Function]", showHead: true, type: "resource", size: "standard", draggable: true, withHeader: false, nestedRows: true, withCheckbox: true, showMenu: true, headCellTooltip: false, separator: false
 (8ms)
    ✓ 
  data: [{"name":"Zara"},{"name":"Sara"}], schema: [{"name":"name","displayName":"Name","filters":[{"label":"A-G","value":"a-g"},{"label":"H-R","value":"h-r"},{"label":"S-Z","value":"s-z"}]}], loading: true, error: true, errorType: "errorType", onSearch: "[Function]", showHead: true, type: "resource", size: "standard", draggable: true, withHeader: false, nestedRows: true, withCheckbox: true, showMenu: false, headCellTooltip: true, separator: true
 (10ms)
    ✓ 
  data: [{"name":"Zara"},{"name":"Sara"}], schema: [{"name":"name","displayName":"Name","filters":[{"label":"A-G","value":"a-g"},{"label":"H-R","value":"h-r"},{"label":"S-Z","value":"s-z"}]}], loading: true, error: true, errorType: "errorType", onSearch: "[Function]", showHead: true, type: "resource", size: "standard", draggable: true, withHeader: false, nestedRows: true, withCheckbox: true, showMenu: false, headCellTooltip: true, separator: false
 (11ms)
    ✓ 
  data: [{"name":"Zara"},{"name":"Sara"}], schema: [{"name":"name","displayName":"Name","filters":[{"label":"A-G","value":"a-g"},{"label":"H-R","value":"h-r"},{"label":"S-Z","value":"s-z"}]}], loading: true, error: true, errorType: "errorType", onSearch: "[Function]", showHead: true, type: "resource", size: "standard", draggable: true, withHeader: false, nestedRows: true, withCheckbox: true, showMenu: false, headCellTooltip: false, separator: true
 (9ms)
    ✓ 
  data: [{"name":"Zara"},{"name":"Sara"}], schema: [{"name":"name","displayName":"Name","filters":[{"label":"A-G","value":"a-g"},{"label":"H-R","value":"h-r"},{"label":"S-Z","value":"s-z"}]}], loading: true, error: true, errorType: "errorType", onSearch: "[Function]", showHead: true, type: "resource", size: "standard", draggable: true, withHeader: false, nestedRows: true, withCheckbox: true, showMenu: false, headCellTooltip: false, separator: false
 (10ms)
    ✓ 
  data: [{"name":"Zara"},{"name":"Sara"}], schema: [{"name":"name","displayName":"Name","filters":[{"label":"A-G","value":"a-g"},{"label":"H-R","value":"h-r"},{"label":"S-Z","value":"s-z"}]}], loading: true, error: true, errorType: "errorType", onSearch: "[Function]", showHead: true, type: "resource", size: "standard", draggable: true, withHeader: false, nestedRows: true, withCheckbox: false, showMenu: true, headCellTooltip: true, separator: true
 (8ms)
    ✓ 
  data: [{"name":"Zara"},{"name":"Sara"}], schema: [{"name":"name","displayName":"Name","filters":[{"label":"A-G","value":"a-g"},{"label":"H-R","value":"h-r"},{"label":"S-Z","value":"s-z"}]}], loading: true, error: true, errorType: "errorType", onSearch: "[Function]", showHead: true, type: "resource", size: "standard", draggable: true, withHeader: false, nestedRows: true, withCheckbox: false, showMenu: true, headCellTooltip: true, separator: false
 (7ms)
    ✓ 
  data: [{"name":"Zara"},{"name":"Sara"}], schema: [{"name":"name","displayName":"Name","filters":[{"label":"A-G","value":"a-g"},{"label":"H-R","value":"h-r"},{"label":"S-Z","value":"s-z"}]}], loading: true, error: true, errorType: "errorType", onSearch: "[Function]", showHead: true, type: "resource", size: "standard", draggable: true, withHeader: false, nestedRows: true, withCheckbox: false, showMenu: true, headCellTooltip: false, separator: true
 (9ms)
    ✓ 
  data: [{"name":"Zara"},{"name":"Sara"}], schema: [{"name":"name","displayName":"Name","filters":[{"label":"A-G","value":"a-g"},{"label":"H-R","value":"h-r"},{"label":"S-Z","value":"s-z"}]}], loading: true, error: true, errorType: "errorType", onSearch: "[Function]", showHead: true, type: "resource", size: "standard", draggable: true, withHeader: false, nestedRows: true, withCheckbox: false, showMenu: true, headCellTooltip: false, separator: false
 (12ms)
    ✓ 
  data: [{"name":"Zara"},{"name":"Sara"}], schema: [{"name":"name","displayName":"Name","filters":[{"label":"A-G","value":"a-g"},{"label":"H-R","value":"h-r"},{"label":"S-Z","value":"s-z"}]}], loading: true, error: true, errorType: "errorType", onSearch: "[Function]", showHead: true, type: "resource", size: "standard", draggable: true, withHeader: false, nestedRows: true, withCheckbox: false, showMenu: false, headCellTooltip: true, separator: true
 (9ms)
    ✓ 
  data: [{"name":"Zara"},{"name":"Sara"}], schema: [{"name":"name","displayName":"Name","filters":[{"label":"A-G","value":"a-g"},{"label":"H-R","value":"h-r"},{"label":"S-Z","value":"s-z"}]}], loading: true, error: true, errorType: "errorType", onSearch: "[Function]", showHead: true, type: "resource", size: "standard", draggable: true, withHeader: false, nestedRows: true, withCheckbox: false, showMenu: false, headCellTooltip: true, separator: false
 (8ms)
    ✓ 
  data: [{"name":"Zara"},{"name":"Sara"}], schema: [{"name":"name","displayName":"Name","filters":[{"label":"A-G","value":"a-g"},{"label":"H-R","value":"h-r"},{"label":"S-Z","value":"s-z"}]}], loading: true, error: true, errorType: "errorType", onSearch: "[Function]", showHead: true, type: "resource", size: "standard", draggable: true, withHeader: false, nestedRows: true, withCheckbox: false, showMenu: false, headCellTooltip: false, separator: true
 (7ms)
    ✓ 
  data: [{"name":"Zara"},{"name":"Sara"}], schema: [{"name":"name","displayName":"Name","filters":[{"label":"A-G","value":"a-g"},{"label":"H-R","value":"h-r"},{"label":"S-Z","value":"s-z"}]}], loading: true, error: true, errorType: "errorType", onSearch: "[Function]", showHead: true, type: "resource", size: "standard", draggable: true, withHeader: false, nestedRows: true, withCheckbox: false, showMenu: false, headCellTooltip: false, separator: false
 (9ms)
    ✓ 
  data: [{"name":"Zara"},{"name":"Sara"}], schema: [{"name":"name","displayName":"Name","filters":[{"label":"A-G","value":"a-g"},{"label":"H-R","value":"h-r"},{"label":"S-Z","value":"s-z"}]}], loading: true, error: true, errorType: "errorType", onSearch: "[Function]", showHead: true, type: "resource", size: "standard", draggable: true, withHeader: false, nestedRows: false, withCheckbox: true, showMenu: true, headCellTooltip: true, separator: true
 (10ms)
    ✓ 
  data: [{"name":"Zara"},{"name":"Sara"}], schema: [{"name":"name","displayName":"Name","filters":[{"label":"A-G","value":"a-g"},{"label":"H-R","value":"h-r"},{"label":"S-Z","value":"s-z"}]}], loading: true, error: true, errorType: "errorType", onSearch: "[Function]", showHead: true, type: "resource", size: "standard", draggable: true, withHeader: false, nestedRows: false, withCheckbox: true, showMenu: true, headCellTooltip: true, separator: false
 (16ms)
    ✓ 
  data: [{"name":"Zara"},{"name":"Sara"}], schema: [{"name":"name","displayName":"Name","filters":[{"label":"A-G","value":"a-g"},{"label":"H-R","value":"h-r"},{"label":"S-Z","value":"s-z"}]}], loading: true, error: true, errorType: "errorType", onSearch: "[Function]", showHead: true, type: "resource", size: "standard", draggable: true, withHeader: false, nestedRows: false, withCheckbox: true, showMenu: true, headCellTooltip: false, separator: true
 (11ms)
    ✓ 
  data: [{"name":"Zara"},{"name":"Sara"}], schema: [{"name":"name","displayName":"Name","filters":[{"label":"A-G","value":"a-g"},{"label":"H-R","value":"h-r"},{"label":"S-Z","value":"s-z"}]}], loading: true, error: true, errorType: "errorType", onSearch: "[Function]", showHead: true, type: "resource", size: "standard", draggable: true, withHeader: false, nestedRows: false, withCheckbox: true, showMenu: true, headCellTooltip: false, separator: false
 (8ms)
    ✓ 
  data: [{"name":"Zara"},{"name":"Sara"}], schema: [{"name":"name","displayName":"Name","filters":[{"label":"A-G","value":"a-g"},{"label":"H-R","value":"h-r"},{"label":"S-Z","value":"s-z"}]}], loading: true, error: true, errorType: "errorType", onSearch: "[Function]", showHead: true, type: "resource", size: "standard", draggable: true, withHeader: false, nestedRows: false, withCheckbox: true, showMenu: false, headCellTooltip: true, separator: true
 (8ms)
    ✓ 
  data: [{"name":"Zara"},{"name":"Sara"}], schema: [{"name":"name","displayName":"Name","filters":[{"label":"A-G","value":"a-g"},{"label":"H-R","value":"h-r"},{"label":"S-Z","value":"s-z"}]}], loading: true, error: true, errorType: "errorType", onSearch: "[Function]", showHead: true, type: "resource", size: "standard", draggable: true, withHeader: false, nestedRows: false, withCheckbox: true, showMenu: false, headCellTooltip: true, separator: false
 (8ms)
    ✓ 
  data: [{"name":"Zara"},{"name":"Sara"}], schema: [{"name":"name","displayName":"Name","filters":[{"label":"A-G","value":"a-g"},{"label":"H-R","value":"h-r"},{"label":"S-Z","value":"s-z"}]}], loading: true, error: true, errorType: "errorType", onSearch: "[Function]", showHead: true, type: "resource", size: "standard", draggable: true, withHeader: false, nestedRows: false, withCheckbox: true, showMenu: false, headCellTooltip: false, separator: true
 (6ms)
    ✓ 
  data: [{"name":"Zara"},{"name":"Sara"}], schema: [{"name":"name","displayName":"Name","filters":[{"label":"A-G","value":"a-g"},{"label":"H-R","value":"h-r"},{"label":"S-Z","value":"s-z"}]}], loading: true, error: true, errorType: "errorType", onSearch: "[Function]", showHead: true, type: "resource", size: "standard", draggable: true, withHeader: false, nestedRows: false, withCheckbox: true, showMenu: false, headCellTooltip: false, separator: false
 (10ms)
    ✓ 
  data: [{"name":"Zara"},{"name":"Sara"}], schema: [{"name":"name","displayName":"Name","filters":[{"label":"A-G","value":"a-g"},{"label":"H-R","value":"h-r"},{"label":"S-Z","value":"s-z"}]}], loading: true, error: true, errorType: "errorType", onSearch: "[Function]", showHead: true, type: "resource", size: "standard", draggable: true, withHeader: false, nestedRows: false, withCheckbox: false, showMenu: true, headCellTooltip: true, separator: true
 (10ms)
    ✓ 
  data: [{"name":"Zara"},{"name":"Sara"}], schema: [{"name":"name","displayName":"Name","filters":[{"label":"A-G","value":"a-g"},{"label":"H-R","value":"h-r"},{"label":"S-Z","value":"s-z"}]}], loading: true, error: true, errorType: "errorType", onSearch: "[Function]", showHead: true, type: "resource", size: "standard", draggable: true, withHeader: false, nestedRows: false, withCheckbox: false, showMenu: true, headCellTooltip: true, separator: false
 (9ms)
    ✓ 
  data: [{"name":"Zara"},{"name":"Sara"}], schema: [{"name":"name","displayName":"Name","filters":[{"label":"A-G","value":"a-g"},{"label":"H-R","value":"h-r"},{"label":"S-Z","value":"s-z"}]}], loading: true, error: true, errorType: "errorType", onSearch: "[Function]", showHead: true, type: "resource", size: "standard", draggable: true, withHeader: false, nestedRows: false, withCheckbox: false, showMenu: true, headCellTooltip: false, separator: true
 (4ms)
    ✓ 
  data: [{"name":"Zara"},{"name":"Sara"}], schema: [{"name":"name","displayName":"Name","filters":[{"label":"A-G","value":"a-g"},{"label":"H-R","value":"h-r"},{"label":"S-Z","value":"s-z"}]}], loading: true, error: true, errorType: "errorType", onSearch: "[Function]", showHead: true, type: "resource", size: "standard", draggable: true, withHeader: false, nestedRows: false, withCheckbox: false, showMenu: true, headCellTooltip: false, separator: false
 (9ms)
    ✓ 
  data: [{"name":"Zara"},{"name":"Sara"}], schema: [{"name":"name","displayName":"Name","filters":[{"label":"A-G","value":"a-g"},{"label":"H-R","value":"h-r"},{"label":"S-Z","value":"s-z"}]}], loading: true, error: true, errorType: "errorType", onSearch: "[Function]", showHead: true, type: "resource", size: "standard", draggable: true, withHeader: false, nestedRows: false, withCheckbox: false, showMenu: false, headCellTooltip: true, separator: true
 (6ms)
    ✓ 
  data: [{"name":"Zara"},{"name":"Sara"}], schema: [{"name":"name","displayName":"Name","filters":[{"label":"A-G","value":"a-g"},{"label":"H-R","value":"h-r"},{"label":"S-Z","value":"s-z"}]}], loading: true, error: true, errorType: "errorType", onSearch: "[Function]", showHead: true, type: "resource", size: "standard", draggable: true, withHeader: false, nestedRows: false, withCheckbox: false, showMenu: false, headCellTooltip: true, separator: false
 (10ms)
    ✓ 
  data: [{"name":"Zara"},{"name":"Sara"}], schema: [{"name":"name","displayName":"Name","filters":[{"label":"A-G","value":"a-g"},{"label":"H-R","value":"h-r"},{"label":"S-Z","value":"s-z"}]}], loading: true, error: true, errorType: "errorType", onSearch: "[Function]", showHead: true, type: "resource", size: "standard", draggable: true, withHeader: false, nestedRows: false, withCheckbox: false, showMenu: false, headCellTooltip: false, separator: true
 (8ms)
    ✓ 
  data: [{"name":"Zara"},{"name":"Sara"}], schema: [{"name":"name","displayName":"Name","filters":[{"label":"A-G","value":"a-g"},{"label":"H-R","value":"h-r"},{"label":"S-Z","value":"s-z"}]}], loading: true, error: true, errorType: "errorType", onSearch: "[Function]", showHead: true, type: "resource", size: "standard", draggable: true, withHeader: false, nestedRows: false, withCheckbox: false, showMenu: false, headCellTooltip: false, separator: false
 (4ms)
    ✓ 
  data: [{"name":"Zara"},{"name":"Sara"}], schema: [{"name":"name","displayName":"Name","filters":[{"label":"A-G","value":"a-g"},{"label":"H-R","value":"h-r"},{"label":"S-Z","value":"s-z"}]}], loading: true, error: true, errorType: "errorType", onSearch: "[Function]", showHead: true, type: "resource", size: "standard", draggable: false, withHeader: true, nestedRows: true, withCheckbox: true, showMenu: true, headCellTooltip: true, separator: true
 (11ms)
    ✓ 
  data: [{"name":"Zara"},{"name":"Sara"}], schema: [{"name":"name","displayName":"Name","filters":[{"label":"A-G","value":"a-g"},{"label":"H-R","value":"h-r"},{"label":"S-Z","value":"s-z"}]}], loading: true, error: true, errorType: "errorType", onSearch: "[Function]", showHead: true, type: "resource", size: "standard", draggable: false, withHeader: true, nestedRows: true, withCheckbox: true, showMenu: true, headCellTooltip: true, separator: false
 (13ms)
    ✓ 
  data: [{"name":"Zara"},{"name":"Sara"}], schema: [{"name":"name","displayName":"Name","filters":[{"label":"A-G","value":"a-g"},{"label":"H-R","value":"h-r"},{"label":"S-Z","value":"s-z"}]}], loading: true, error: true, errorType: "errorType", onSearch: "[Function]", showHead: true, type: "resource", size: "standard", draggable: false, withHeader: true, nestedRows: true, withCheckbox: true, showMenu: true, headCellTooltip: false, separator: true
 (19ms)
    ✓ 
  data: [{"name":"Zara"},{"name":"Sara"}], schema: [{"name":"name","displayName":"Name","filters":[{"label":"A-G","value":"a-g"},{"label":"H-R","value":"h-r"},{"label":"S-Z","value":"s-z"}]}], loading: true, error: true, errorType: "errorType", onSearch: "[Function]", showHead: true, type: "resource", size: "standard", draggable: false, withHeader: true, nestedRows: true, withCheckbox: true, showMenu: true, headCellTooltip: false, separator: false
 (19ms)
    ✓ 
  data: [{"name":"Zara"},{"name":"Sara"}], schema: [{"name":"name","displayName":"Name","filters":[{"label":"A-G","value":"a-g"},{"label":"H-R","value":"h-r"},{"label":"S-Z","value":"s-z"}]}], loading: true, error: true, errorType: "errorType", onSearch: "[Function]", showHead: true, type: "resource", size: "standard", draggable: false, withHeader: true, nestedRows: true, withCheckbox: true, showMenu: false, headCellTooltip: true, separator: true
 (10ms)
    ✓ 
  data: [{"name":"Zara"},{"name":"Sara"}], schema: [{"name":"name","displayName":"Name","filters":[{"label":"A-G","value":"a-g"},{"label":"H-R","value":"h-r"},{"label":"S-Z","value":"s-z"}]}], loading: true, error: true, errorType: "errorType", onSearch: "[Function]", showHead: true, type: "resource", size: "standard", draggable: false, withHeader: true, nestedRows: true, withCheckbox: true, showMenu: false, headCellTooltip: true, separator: false
 (11ms)
    ✓ 
  data: [{"name":"Zara"},{"name":"Sara"}], schema: [{"name":"name","displayName":"Name","filters":[{"label":"A-G","value":"a-g"},{"label":"H-R","value":"h-r"},{"label":"S-Z","value":"s-z"}]}], loading: true, error: true, errorType: "errorType", onSearch: "[Function]", showHead: true, type: "resource", size: "standard", draggable: false, withHeader: true, nestedRows: true, withCheckbox: true, showMenu: false, headCellTooltip: false, separator: true
 (9ms)
    ✓ 
  data: [{"name":"Zara"},{"name":"Sara"}], schema: [{"name":"name","displayName":"Name","filters":[{"label":"A-G","value":"a-g"},{"label":"H-R","value":"h-r"},{"label":"S-Z","value":"s-z"}]}], loading: true, error: true, errorType: "errorType", onSearch: "[Function]", showHead: true, type: "resource", size: "standard", draggable: false, withHeader: true, nestedRows: true, withCheckbox: true, showMenu: false, headCellTooltip: false, separator: false
 (14ms)
    ✓ 
  data: [{"name":"Zara"},{"name":"Sara"}], schema: [{"name":"name","displayName":"Name","filters":[{"label":"A-G","value":"a-g"},{"label":"H-R","value":"h-r"},{"label":"S-Z","value":"s-z"}]}], loading: true, error: true, errorType: "errorType", onSearch: "[Function]", showHead: true, type: "resource", size: "standard", draggable: false, withHeader: true, nestedRows: true, withCheckbox: false, showMenu: true, headCellTooltip: true, separator: true
 (14ms)
    ✓ 
  data: [{"name":"Zara"},{"name":"Sara"}], schema: [{"name":"name","displayName":"Name","filters":[{"label":"A-G","value":"a-g"},{"label":"H-R","value":"h-r"},{"label":"S-Z","value":"s-z"}]}], loading: true, error: true, errorType: "errorType", onSearch: "[Function]", showHead: true, type: "resource", size: "standard", draggable: false, withHeader: true, nestedRows: true, withCheckbox: false, showMenu: true, headCellTooltip: true, separator: false
 (10ms)
    ✓ 
  data: [{"name":"Zara"},{"name":"Sara"}], schema: [{"name":"name","displayName":"Name","filters":[{"label":"A-G","value":"a-g"},{"label":"H-R","value":"h-r"},{"label":"S-Z","value":"s-z"}]}], loading: true, error: true, errorType: "errorType", onSearch: "[Function]", showHead: true, type: "resource", size: "standard", draggable: false, withHeader: true, nestedRows: true, withCheckbox: false, showMenu: true, headCellTooltip: false, separator: true
 (10ms)
    ✓ 
  data: [{"name":"Zara"},{"name":"Sara"}], schema: [{"name":"name","displayName":"Name","filters":[{"label":"A-G","value":"a-g"},{"label":"H-R","value":"h-r"},{"label":"S-Z","value":"s-z"}]}], loading: true, error: true, errorType: "errorType", onSearch: "[Function]", showHead: true, type: "resource", size: "standard", draggable: false, withHeader: true, nestedRows: true, withCheckbox: false, showMenu: true, headCellTooltip: false, separator: false
 (6ms)
    ✓ 
  data: [{"name":"Zara"},{"name":"Sara"}], schema: [{"name":"name","displayName":"Name","filters":[{"label":"A-G","value":"a-g"},{"label":"H-R","value":"h-r"},{"label":"S-Z","value":"s-z"}]}], loading: true, error: true, errorType: "errorType", onSearch: "[Function]", showHead: true, type: "resource", size: "standard", draggable: false, withHeader: true, nestedRows: true, withCheckbox: false, showMenu: false, headCellTooltip: true, separator: true
 (9ms)
    ✓ 
  data: [{"name":"Zara"},{"name":"Sara"}], schema: [{"name":"name","displayName":"Name","filters":[{"label":"A-G","value":"a-g"},{"label":"H-R","value":"h-r"},{"label":"S-Z","value":"s-z"}]}], loading: true, error: true, errorType: "errorType", onSearch: "[Function]", showHead: true, type: "resource", size: "standard", draggable: false, withHeader: true, nestedRows: true, withCheckbox: false, showMenu: false, headCellTooltip: true, separator: false
 (7ms)
    ✓ 
  data: [{"name":"Zara"},{"name":"Sara"}], schema: [{"name":"name","displayName":"Name","filters":[{"label":"A-G","value":"a-g"},{"label":"H-R","value":"h-r"},{"label":"S-Z","value":"s-z"}]}], loading: true, error: true, errorType: "errorType", onSearch: "[Function]", showHead: true, type: "resource", size: "standard", draggable: false, withHeader: true, nestedRows: true, withCheckbox: false, showMenu: false, headCellTooltip: false, separator: true
 (6ms)
    ✓ 
  data: [{"name":"Zara"},{"name":"Sara"}], schema: [{"name":"name","displayName":"Name","filters":[{"label":"A-G","value":"a-g"},{"label":"H-R","value":"h-r"},{"label":"S-Z","value":"s-z"}]}], loading: true, error: true, errorType: "errorType", onSearch: "[Function]", showHead: true, type: "resource", size: "standard", draggable: false, withHeader: true, nestedRows: true, withCheckbox: false, showMenu: false, headCellTooltip: false, separator: false
 (7ms)
    ✓ 
  data: [{"name":"Zara"},{"name":"Sara"}], schema: [{"name":"name","displayName":"Name","filters":[{"label":"A-G","value":"a-g"},{"label":"H-R","value":"h-r"},{"label":"S-Z","value":"s-z"}]}], loading: true, error: true, errorType: "errorType", onSearch: "[Function]", showHead: true, type: "resource", size: "standard", draggable: false, withHeader: true, nestedRows: false, withCheckbox: true, showMenu: true, headCellTooltip: true, separator: true
 (5ms)
    ✓ 
  data: [{"name":"Zara"},{"name":"Sara"}], schema: [{"name":"name","displayName":"Name","filters":[{"label":"A-G","value":"a-g"},{"label":"H-R","value":"h-r"},{"label":"S-Z","value":"s-z"}]}], loading: true, error: true, errorType: "errorType", onSearch: "[Function]", showHead: true, type: "resource", size: "standard", draggable: false, withHeader: true, nestedRows: false, withCheckbox: true, showMenu: true, headCellTooltip: true, separator: false
 (11ms)
    ✓ 
  data: [{"name":"Zara"},{"name":"Sara"}], schema: [{"name":"name","displayName":"Name","filters":[{"label":"A-G","value":"a-g"},{"label":"H-R","value":"h-r"},{"label":"S-Z","value":"s-z"}]}], loading: true, error: true, errorType: "errorType", onSearch: "[Function]", showHead: true, type: "resource", size: "standard", draggable: false, withHeader: true, nestedRows: false, withCheckbox: true, showMenu: true, headCellTooltip: false, separator: true
 (15ms)
    ✓ 
  data: [{"name":"Zara"},{"name":"Sara"}], schema: [{"name":"name","displayName":"Name","filters":[{"label":"A-G","value":"a-g"},{"label":"H-R","value":"h-r"},{"label":"S-Z","value":"s-z"}]}], loading: true, error: true, errorType: "errorType", onSearch: "[Function]", showHead: true, type: "resource", size: "standard", draggable: false, withHeader: true, nestedRows: false, withCheckbox: true, showMenu: true, headCellTooltip: false, separator: false
 (13ms)
    ✓ 
  data: [{"name":"Zara"},{"name":"Sara"}], schema: [{"name":"name","displayName":"Name","filters":[{"label":"A-G","value":"a-g"},{"label":"H-R","value":"h-r"},{"label":"S-Z","value":"s-z"}]}], loading: true, error: true, errorType: "errorType", onSearch: "[Function]", showHead: true, type: "resource", size: "standard", draggable: false, withHeader: true, nestedRows: false, withCheckbox: true, showMenu: false, headCellTooltip: true, separator: true
 (9ms)
    ✓ 
  data: [{"name":"Zara"},{"name":"Sara"}], schema: [{"name":"name","displayName":"Name","filters":[{"label":"A-G","value":"a-g"},{"label":"H-R","value":"h-r"},{"label":"S-Z","value":"s-z"}]}], loading: true, error: true, errorType: "errorType", onSearch: "[Function]", showHead: true, type: "resource", size: "standard", draggable: false, withHeader: true, nestedRows: false, withCheckbox: true, showMenu: false, headCellTooltip: true, separator: false
 (11ms)
    ✓ 
  data: [{"name":"Zara"},{"name":"Sara"}], schema: [{"name":"name","displayName":"Name","filters":[{"label":"A-G","value":"a-g"},{"label":"H-R","value":"h-r"},{"label":"S-Z","value":"s-z"}]}], loading: true, error: true, errorType: "errorType", onSearch: "[Function]", showHead: true, type: "resource", size: "standard", draggable: false, withHeader: true, nestedRows: false, withCheckbox: true, showMenu: false, headCellTooltip: false, separator: true
 (16ms)
    ✓ 
  data: [{"name":"Zara"},{"name":"Sara"}], schema: [{"name":"name","displayName":"Name","filters":[{"label":"A-G","value":"a-g"},{"label":"H-R","value":"h-r"},{"label":"S-Z","value":"s-z"}]}], loading: true, error: true, errorType: "errorType", onSearch: "[Function]", showHead: true, type: "resource", size: "standard", draggable: false, withHeader: true, nestedRows: false, withCheckbox: true, showMenu: false, headCellTooltip: false, separator: false
 (11ms)
    ✓ 
  data: [{"name":"Zara"},{"name":"Sara"}], schema: [{"name":"name","displayName":"Name","filters":[{"label":"A-G","value":"a-g"},{"label":"H-R","value":"h-r"},{"label":"S-Z","value":"s-z"}]}], loading: true, error: true, errorType: "errorType", onSearch: "[Function]", showHead: true, type: "resource", size: "standard", draggable: false, withHeader: true, nestedRows: false, withCheckbox: false, showMenu: true, headCellTooltip: true, separator: true
 (8ms)
    ✓ 
  data: [{"name":"Zara"},{"name":"Sara"}], schema: [{"name":"name","displayName":"Name","filters":[{"label":"A-G","value":"a-g"},{"label":"H-R","value":"h-r"},{"label":"S-Z","value":"s-z"}]}], loading: true, error: true, errorType: "errorType", onSearch: "[Function]", showHead: true, type: "resource", size: "standard", draggable: false, withHeader: true, nestedRows: false, withCheckbox: false, showMenu: true, headCellTooltip: true, separator: false
 (11ms)
    ✓ 
  data: [{"name":"Zara"},{"name":"Sara"}], schema: [{"name":"name","displayName":"Name","filters":[{"label":"A-G","value":"a-g"},{"label":"H-R","value":"h-r"},{"label":"S-Z","value":"s-z"}]}], loading: true, error: true, errorType: "errorType", onSearch: "[Function]", showHead: true, type: "resource", size: "standard", draggable: false, withHeader: true, nestedRows: false, withCheckbox: false, showMenu: true, headCellTooltip: false, separator: true
 (4ms)
    ✓ 
  data: [{"name":"Zara"},{"name":"Sara"}], schema: [{"name":"name","displayName":"Name","filters":[{"label":"A-G","value":"a-g"},{"label":"H-R","value":"h-r"},{"label":"S-Z","value":"s-z"}]}], loading: true, error: true, errorType: "errorType", onSearch: "[Function]", showHead: true, type: "resource", size: "standard", draggable: false, withHeader: true, nestedRows: false, withCheckbox: false, showMenu: true, headCellTooltip: false, separator: false
 (10ms)
    ✓ 
  data: [{"name":"Zara"},{"name":"Sara"}], schema: [{"name":"name","displayName":"Name","filters":[{"label":"A-G","value":"a-g"},{"label":"H-R","value":"h-r"},{"label":"S-Z","value":"s-z"}]}], loading: true, error: true, errorType: "errorType", onSearch: "[Function]", showHead: true, type: "resource", size: "standard", draggable: false, withHeader: true, nestedRows: false, withCheckbox: false, showMenu: false, headCellTooltip: true, separator: true
 (5ms)
    ✓ 
  data: [{"name":"Zara"},{"name":"Sara"}], schema: [{"name":"name","displayName":"Name","filters":[{"label":"A-G","value":"a-g"},{"label":"H-R","value":"h-r"},{"label":"S-Z","value":"s-z"}]}], loading: true, error: true, errorType: "errorType", onSearch: "[Function]", showHead: true, type: "resource", size: "standard", draggable: false, withHeader: true, nestedRows: false, withCheckbox: false, showMenu: false, headCellTooltip: true, separator: false
 (7ms)
    ✓ 
  data: [{"name":"Zara"},{"name":"Sara"}], schema: [{"name":"name","displayName":"Name","filters":[{"label":"A-G","value":"a-g"},{"label":"H-R","value":"h-r"},{"label":"S-Z","value":"s-z"}]}], loading: true, error: true, errorType: "errorType", onSearch: "[Function]", showHead: true, type: "resource", size: "standard", draggable: false, withHeader: true, nestedRows: false, withCheckbox: false, showMenu: false, headCellTooltip: false, separator: true
 (9ms)
    ✓ 
  data: [{"name":"Zara"},{"name":"Sara"}], schema: [{"name":"name","displayName":"Name","filters":[{"label":"A-G","value":"a-g"},{"label":"H-R","value":"h-r"},{"label":"S-Z","value":"s-z"}]}], loading: true, error: true, errorType: "errorType", onSearch: "[Function]", showHead: true, type: "resource", size: "standard", draggable: false, withHeader: true, nestedRows: false, withCheckbox: false, showMenu: false, headCellTooltip: false, separator: false
 (6ms)
    ✓ 
  data: [{"name":"Zara"},{"name":"Sara"}], schema: [{"name":"name","displayName":"Name","filters":[{"label":"A-G","value":"a-g"},{"label":"H-R","value":"h-r"},{"label":"S-Z","value":"s-z"}]}], loading: true, error: true, errorType: "errorType", onSearch: "[Function]", showHead: true, type: "resource", size: "standard", draggable: false, withHeader: false, nestedRows: true, withCheckbox: true, showMenu: true, headCellTooltip: true, separator: true
 (11ms)
    ✓ 
  data: [{"name":"Zara"},{"name":"Sara"}], schema: [{"name":"name","displayName":"Name","filters":[{"label":"A-G","value":"a-g"},{"label":"H-R","value":"h-r"},{"label":"S-Z","value":"s-z"}]}], loading: true, error: true, errorType: "errorType", onSearch: "[Function]", showHead: true, type: "resource", size: "standard", draggable: false, withHeader: false, nestedRows: true, withCheckbox: true, showMenu: true, headCellTooltip: true, separator: false
 (4ms)
    ✓ 
  data: [{"name":"Zara"},{"name":"Sara"}], schema: [{"name":"name","displayName":"Name","filters":[{"label":"A-G","value":"a-g"},{"label":"H-R","value":"h-r"},{"label":"S-Z","value":"s-z"}]}], loading: true, error: true, errorType: "errorType", onSearch: "[Function]", showHead: true, type: "resource", size: "standard", draggable: false, withHeader: false, nestedRows: true, withCheckbox: true, showMenu: true, headCellTooltip: false, separator: true
 (5ms)
    ✓ 
  data: [{"name":"Zara"},{"name":"Sara"}], schema: [{"name":"name","displayName":"Name","filters":[{"label":"A-G","value":"a-g"},{"label":"H-R","value":"h-r"},{"label":"S-Z","value":"s-z"}]}], loading: true, error: true, errorType: "errorType", onSearch: "[Function]", showHead: true, type: "resource", size: "standard", draggable: false, withHeader: false, nestedRows: true, withCheckbox: true, showMenu: true, headCellTooltip: false, separator: false
 (13ms)
    ✓ 
  data: [{"name":"Zara"},{"name":"Sara"}], schema: [{"name":"name","displayName":"Name","filters":[{"label":"A-G","value":"a-g"},{"label":"H-R","value":"h-r"},{"label":"S-Z","value":"s-z"}]}], loading: true, error: true, errorType: "errorType", onSearch: "[Function]", showHead: true, type: "resource", size: "standard", draggable: false, withHeader: false, nestedRows: true, withCheckbox: true, showMenu: false, headCellTooltip: true, separator: true
 (4ms)
    ✓ 
  data: [{"name":"Zara"},{"name":"Sara"}], schema: [{"name":"name","displayName":"Name","filters":[{"label":"A-G","value":"a-g"},{"label":"H-R","value":"h-r"},{"label":"S-Z","value":"s-z"}]}], loading: true, error: true, errorType: "errorType", onSearch: "[Function]", showHead: true, type: "resource", size: "standard", draggable: false, withHeader: false, nestedRows: true, withCheckbox: true, showMenu: false, headCellTooltip: true, separator: false
 (12ms)
    ✓ 
  data: [{"name":"Zara"},{"name":"Sara"}], schema: [{"name":"name","displayName":"Name","filters":[{"label":"A-G","value":"a-g"},{"label":"H-R","value":"h-r"},{"label":"S-Z","value":"s-z"}]}], loading: true, error: true, errorType: "errorType", onSearch: "[Function]", showHead: true, type: "resource", size: "standard", draggable: false, withHeader: false, nestedRows: true, withCheckbox: true, showMenu: false, headCellTooltip: false, separator: true
 (6ms)
    ✓ 
  data: [{"name":"Zara"},{"name":"Sara"}], schema: [{"name":"name","displayName":"Name","filters":[{"label":"A-G","value":"a-g"},{"label":"H-R","value":"h-r"},{"label":"S-Z","value":"s-z"}]}], loading: true, error: true, errorType: "errorType", onSearch: "[Function]", showHead: true, type: "resource", size: "standard", draggable: false, withHeader: false, nestedRows: true, withCheckbox: true, showMenu: false, headCellTooltip: false, separator: false
 (12ms)
    ✓ 
  data: [{"name":"Zara"},{"name":"Sara"}], schema: [{"name":"name","displayName":"Name","filters":[{"label":"A-G","value":"a-g"},{"label":"H-R","value":"h-r"},{"label":"S-Z","value":"s-z"}]}], loading: true, error: true, errorType: "errorType", onSearch: "[Function]", showHead: true, type: "resource", size: "standard", draggable: false, withHeader: false, nestedRows: true, withCheckbox: false, showMenu: true, headCellTooltip: true, separator: true
 (6ms)
    ✓ 
  data: [{"name":"Zara"},{"name":"Sara"}], schema: [{"name":"name","displayName":"Name","filters":[{"label":"A-G","value":"a-g"},{"label":"H-R","value":"h-r"},{"label":"S-Z","value":"s-z"}]}], loading: true, error: true, errorType: "errorType", onSearch: "[Function]", showHead: true, type: "resource", size: "standard", draggable: false, withHeader: false, nestedRows: true, withCheckbox: false, showMenu: true, headCellTooltip: true, separator: false
 (7ms)
    ✓ 
  data: [{"name":"Zara"},{"name":"Sara"}], schema: [{"name":"name","displayName":"Name","filters":[{"label":"A-G","value":"a-g"},{"label":"H-R","value":"h-r"},{"label":"S-Z","value":"s-z"}]}], loading: true, error: true, errorType: "errorType", onSearch: "[Function]", showHead: true, type: "resource", size: "standard", draggable: false, withHeader: false, nestedRows: true, withCheckbox: false, showMenu: true, headCellTooltip: false, separator: true
 (9ms)
    ✓ 
  data: [{"name":"Zara"},{"name":"Sara"}], schema: [{"name":"name","displayName":"Name","filters":[{"label":"A-G","value":"a-g"},{"label":"H-R","value":"h-r"},{"label":"S-Z","value":"s-z"}]}], loading: true, error: true, errorType: "errorType", onSearch: "[Function]", showHead: true, type: "resource", size: "standard", draggable: false, withHeader: false, nestedRows: true, withCheckbox: false, showMenu: true, headCellTooltip: false, separator: false
 (4ms)
    ✓ 
  data: [{"name":"Zara"},{"name":"Sara"}], schema: [{"name":"name","displayName":"Name","filters":[{"label":"A-G","value":"a-g"},{"label":"H-R","value":"h-r"},{"label":"S-Z","value":"s-z"}]}], loading: true, error: true, errorType: "errorType", onSearch: "[Function]", showHead: true, type: "resource", size: "standard", draggable: false, withHeader: false, nestedRows: true, withCheckbox: false, showMenu: false, headCellTooltip: true, separator: true
 (5ms)
    ✓ 
  data: [{"name":"Zara"},{"name":"Sara"}], schema: [{"name":"name","displayName":"Name","filters":[{"label":"A-G","value":"a-g"},{"label":"H-R","value":"h-r"},{"label":"S-Z","value":"s-z"}]}], loading: true, error: true, errorType: "errorType", onSearch: "[Function]", showHead: true, type: "resource", size: "standard", draggable: false, withHeader: false, nestedRows: true, withCheckbox: false, showMenu: false, headCellTooltip: true, separator: false
 (8ms)
    ✓ 
  data: [{"name":"Zara"},{"name":"Sara"}], schema: [{"name":"name","displayName":"Name","filters":[{"label":"A-G","value":"a-g"},{"label":"H-R","value":"h-r"},{"label":"S-Z","value":"s-z"}]}], loading: true, error: true, errorType: "errorType", onSearch: "[Function]", showHead: true, type: "resource", size: "standard", draggable: false, withHeader: false, nestedRows: true, withCheckbox: false, showMenu: false, headCellTooltip: false, separator: true
 (4ms)
    ✓ 
  data: [{"name":"Zara"},{"name":"Sara"}], schema: [{"name":"name","displayName":"Name","filters":[{"label":"A-G","value":"a-g"},{"label":"H-R","value":"h-r"},{"label":"S-Z","value":"s-z"}]}], loading: true, error: true, errorType: "errorType", onSearch: "[Function]", showHead: true, type: "resource", size: "standard", draggable: false, withHeader: false, nestedRows: true, withCheckbox: false, showMenu: false, headCellTooltip: false, separator: false
 (2ms)
    ✓ 
  data: [{"name":"Zara"},{"name":"Sara"}], schema: [{"name":"name","displayName":"Name","filters":[{"label":"A-G","value":"a-g"},{"label":"H-R","value":"h-r"},{"label":"S-Z","value":"s-z"}]}], loading: true, error: true, errorType: "errorType", onSearch: "[Function]", showHead: true, type: "resource", size: "standard", draggable: false, withHeader: false, nestedRows: false, withCheckbox: true, showMenu: true, headCellTooltip: true, separator: true
 (8ms)
    ✓ 
  data: [{"name":"Zara"},{"name":"Sara"}], schema: [{"name":"name","displayName":"Name","filters":[{"label":"A-G","value":"a-g"},{"label":"H-R","value":"h-r"},{"label":"S-Z","value":"s-z"}]}], loading: true, error: true, errorType: "errorType", onSearch: "[Function]", showHead: true, type: "resource", size: "standard", draggable: false, withHeader: false, nestedRows: false, withCheckbox: true, showMenu: true, headCellTooltip: true, separator: false
 (5ms)
    ✓ 
  data: [{"name":"Zara"},{"name":"Sara"}], schema: [{"name":"name","displayName":"Name","filters":[{"label":"A-G","value":"a-g"},{"label":"H-R","value":"h-r"},{"label":"S-Z","value":"s-z"}]}], loading: true, error: true, errorType: "errorType", onSearch: "[Function]", showHead: true, type: "resource", size: "standard", draggable: false, withHeader: false, nestedRows: false, withCheckbox: true, showMenu: true, headCellTooltip: false, separator: true
 (12ms)
    ✓ 
  data: [{"name":"Zara"},{"name":"Sara"}], schema: [{"name":"name","displayName":"Name","filters":[{"label":"A-G","value":"a-g"},{"label":"H-R","value":"h-r"},{"label":"S-Z","value":"s-z"}]}], loading: true, error: true, errorType: "errorType", onSearch: "[Function]", showHead: true, type: "resource", size: "standard", draggable: false, withHeader: false, nestedRows: false, withCheckbox: true, showMenu: true, headCellTooltip: false, separator: false
 (5ms)
    ✓ 
  data: [{"name":"Zara"},{"name":"Sara"}], schema: [{"name":"name","displayName":"Name","filters":[{"label":"A-G","value":"a-g"},{"label":"H-R","value":"h-r"},{"label":"S-Z","value":"s-z"}]}], loading: true, error: true, errorType: "errorType", onSearch: "[Function]", showHead: true, type: "resource", size: "standard", draggable: false, withHeader: false, nestedRows: false, withCheckbox: true, showMenu: false, headCellTooltip: true, separator: true
 (3ms)
    ✓ 
  data: [{"name":"Zara"},{"name":"Sara"}], schema: [{"name":"name","displayName":"Name","filters":[{"label":"A-G","value":"a-g"},{"label":"H-R","value":"h-r"},{"label":"S-Z","value":"s-z"}]}], loading: true, error: true, errorType: "errorType", onSearch: "[Function]", showHead: true, type: "resource", size: "standard", draggable: false, withHeader: false, nestedRows: false, withCheckbox: true, showMenu: false, headCellTooltip: true, separator: false
 (4ms)
    ✓ 
  data: [{"name":"Zara"},{"name":"Sara"}], schema: [{"name":"name","displayName":"Name","filters":[{"label":"A-G","value":"a-g"},{"label":"H-R","value":"h-r"},{"label":"S-Z","value":"s-z"}]}], loading: true, error: true, errorType: "errorType", onSearch: "[Function]", showHead: true, type: "resource", size: "standard", draggable: false, withHeader: false, nestedRows: false, withCheckbox: true, showMenu: false, headCellTooltip: false, separator: true
 (4ms)
    ✓ 
  data: [{"name":"Zara"},{"name":"Sara"}], schema: [{"name":"name","displayName":"Name","filters":[{"label":"A-G","value":"a-g"},{"label":"H-R","value":"h-r"},{"label":"S-Z","value":"s-z"}]}], loading: true, error: true, errorType: "errorType", onSearch: "[Function]", showHead: true, type: "resource", size: "standard", draggable: false, withHeader: false, nestedRows: false, withCheckbox: true, showMenu: false, headCellTooltip: false, separator: false
 (4ms)
    ✓ 
  data: [{"name":"Zara"},{"name":"Sara"}], schema: [{"name":"name","displayName":"Name","filters":[{"label":"A-G","value":"a-g"},{"label":"H-R","value":"h-r"},{"label":"S-Z","value":"s-z"}]}], loading: true, error: true, errorType: "errorType", onSearch: "[Function]", showHead: true, type: "resource", size: "standard", draggable: false, withHeader: false, nestedRows: false, withCheckbox: false, showMenu: true, headCellTooltip: true, separator: true
 (6ms)
    ✓ 
  data: [{"name":"Zara"},{"name":"Sara"}], schema: [{"name":"name","displayName":"Name","filters":[{"label":"A-G","value":"a-g"},{"label":"H-R","value":"h-r"},{"label":"S-Z","value":"s-z"}]}], loading: true, error: true, errorType: "errorType", onSearch: "[Function]", showHead: true, type: "resource", size: "standard", draggable: false, withHeader: false, nestedRows: false, withCheckbox: false, showMenu: true, headCellTooltip: true, separator: false
 (5ms)
    ✓ 
  data: [{"name":"Zara"},{"name":"Sara"}], schema: [{"name":"name","displayName":"Name","filters":[{"label":"A-G","value":"a-g"},{"label":"H-R","value":"h-r"},{"label":"S-Z","value":"s-z"}]}], loading: true, error: true, errorType: "errorType", onSearch: "[Function]", showHead: true, type: "resource", size: "standard", draggable: false, withHeader: false, nestedRows: false, withCheckbox: false, showMenu: true, headCellTooltip: false, separator: true
 (5ms)
    ✓ 
  data: [{"name":"Zara"},{"name":"Sara"}], schema: [{"name":"name","displayName":"Name","filters":[{"label":"A-G","value":"a-g"},{"label":"H-R","value":"h-r"},{"label":"S-Z","value":"s-z"}]}], loading: true, error: true, errorType: "errorType", onSearch: "[Function]", showHead: true, type: "resource", size: "standard", draggable: false, withHeader: false, nestedRows: false, withCheckbox: false, showMenu: true, headCellTooltip: false, separator: false
 (4ms)
    ✓ 
  data: [{"name":"Zara"},{"name":"Sara"}], schema: [{"name":"name","displayName":"Name","filters":[{"label":"A-G","value":"a-g"},{"label":"H-R","value":"h-r"},{"label":"S-Z","value":"s-z"}]}], loading: true, error: true, errorType: "errorType", onSearch: "[Function]", showHead: true, type: "resource", size: "standard", draggable: false, withHeader: false, nestedRows: false, withCheckbox: false, showMenu: false, headCellTooltip: true, separator: true
 (3ms)
    ✓ 
  data: [{"name":"Zara"},{"name":"Sara"}], schema: [{"name":"name","displayName":"Name","filters":[{"label":"A-G","value":"a-g"},{"label":"H-R","value":"h-r"},{"label":"S-Z","value":"s-z"}]}], loading: true, error: true, errorType: "errorType", onSearch: "[Function]", showHead: true, type: "resource", size: "standard", draggable: false, withHeader: false, nestedRows: false, withCheckbox: false, showMenu: false, headCellTooltip: true, separator: false
 (5ms)
    ✓ 
  data: [{"name":"Zara"},{"name":"Sara"}], schema: [{"name":"name","displayName":"Name","filters":[{"label":"A-G","value":"a-g"},{"label":"H-R","value":"h-r"},{"label":"S-Z","value":"s-z"}]}], loading: true, error: true, errorType: "errorType", onSearch: "[Function]", showHead: true, type: "resource", size: "standard", draggable: false, withHeader: false, nestedRows: false, withCheckbox: false, showMenu: false, headCellTooltip: false, separator: true
 (6ms)
    ✓ 
  data: [{"name":"Zara"},{"name":"Sara"}], schema: [{"name":"name","displayName":"Name","filters":[{"label":"A-G","value":"a-g"},{"label":"H-R","value":"h-r"},{"label":"S-Z","value":"s-z"}]}], loading: true, error: true, errorType: "errorType", onSearch: "[Function]", showHead: true, type: "resource", size: "standard", draggable: false, withHeader: false, nestedRows: false, withCheckbox: false, showMenu: false, headCellTooltip: false, separator: false
 (6ms)
    ✓ 
  data: [{"name":"Zara"},{"name":"Sara"}], schema: [{"name":"name","displayName":"Name","filters":[{"label":"A-G","value":"a-g"},{"label":"H-R","value":"h-r"},{"label":"S-Z","value":"s-z"}]}], loading: true, error: true, errorType: "errorType", onSearch: "[Function]", showHead: false, type: "resource", size: "standard", draggable: true, withHeader: true, nestedRows: true, withCheckbox: true, showMenu: true, headCellTooltip: true, separator: true
 (5ms)
    ✓ 
  data: [{"name":"Zara"},{"name":"Sara"}], schema: [{"name":"name","displayName":"Name","filters":[{"label":"A-G","value":"a-g"},{"label":"H-R","value":"h-r"},{"label":"S-Z","value":"s-z"}]}], loading: true, error: true, errorType: "errorType", onSearch: "[Function]", showHead: false, type: "resource", size: "standard", draggable: true, withHeader: true, nestedRows: true, withCheckbox: true, showMenu: true, headCellTooltip: true, separator: false
 (3ms)
    ✓ 
  data: [{"name":"Zara"},{"name":"Sara"}], schema: [{"name":"name","displayName":"Name","filters":[{"label":"A-G","value":"a-g"},{"label":"H-R","value":"h-r"},{"label":"S-Z","value":"s-z"}]}], loading: true, error: true, errorType: "errorType", onSearch: "[Function]", showHead: false, type: "resource", size: "standard", draggable: true, withHeader: true, nestedRows: true, withCheckbox: true, showMenu: true, headCellTooltip: false, separator: true
 (3ms)
    ✓ 
  data: [{"name":"Zara"},{"name":"Sara"}], schema: [{"name":"name","displayName":"Name","filters":[{"label":"A-G","value":"a-g"},{"label":"H-R","value":"h-r"},{"label":"S-Z","value":"s-z"}]}], loading: true, error: true, errorType: "errorType", onSearch: "[Function]", showHead: false, type: "resource", size: "standard", draggable: true, withHeader: true, nestedRows: true, withCheckbox: true, showMenu: true, headCellTooltip: false, separator: false
 (3ms)
    ✓ 
  data: [{"name":"Zara"},{"name":"Sara"}], schema: [{"name":"name","displayName":"Name","filters":[{"label":"A-G","value":"a-g"},{"label":"H-R","value":"h-r"},{"label":"S-Z","value":"s-z"}]}], loading: true, error: true, errorType: "errorType", onSearch: "[Function]", showHead: false, type: "resource", size: "standard", draggable: true, withHeader: true, nestedRows: true, withCheckbox: true, showMenu: false, headCellTooltip: true, separator: true
 (2ms)
    ✓ 
  data: [{"name":"Zara"},{"name":"Sara"}], schema: [{"name":"name","displayName":"Name","filters":[{"label":"A-G","value":"a-g"},{"label":"H-R","value":"h-r"},{"label":"S-Z","value":"s-z"}]}], loading: true, error: true, errorType: "errorType", onSearch: "[Function]", showHead: false, type: "resource", size: "standard", draggable: true, withHeader: true, nestedRows: true, withCheckbox: true, showMenu: false, headCellTooltip: true, separator: false
 (8ms)
    ✓ 
  data: [{"name":"Zara"},{"name":"Sara"}], schema: [{"name":"name","displayName":"Name","filters":[{"label":"A-G","value":"a-g"},{"label":"H-R","value":"h-r"},{"label":"S-Z","value":"s-z"}]}], loading: true, error: true, errorType: "errorType", onSearch: "[Function]", showHead: false, type: "resource", size: "standard", draggable: true, withHeader: true, nestedRows: true, withCheckbox: true, showMenu: false, headCellTooltip: false, separator: true
 (5ms)
    ✓ 
  data: [{"name":"Zara"},{"name":"Sara"}], schema: [{"name":"name","displayName":"Name","filters":[{"label":"A-G","value":"a-g"},{"label":"H-R","value":"h-r"},{"label":"S-Z","value":"s-z"}]}], loading: true, error: true, errorType: "errorType", onSearch: "[Function]", showHead: false, type: "resource", size: "standard", draggable: true, withHeader: true, nestedRows: true, withCheckbox: true, showMenu: false, headCellTooltip: false, separator: false
 (11ms)
    ✓ 
  data: [{"name":"Zara"},{"name":"Sara"}], schema: [{"name":"name","displayName":"Name","filters":[{"label":"A-G","value":"a-g"},{"label":"H-R","value":"h-r"},{"label":"S-Z","value":"s-z"}]}], loading: true, error: true, errorType: "errorType", onSearch: "[Function]", showHead: false, type: "resource", size: "standard", draggable: true, withHeader: true, nestedRows: true, withCheckbox: false, showMenu: true, headCellTooltip: true, separator: true
 (4ms)
    ✓ 
  data: [{"name":"Zara"},{"name":"Sara"}], schema: [{"name":"name","displayName":"Name","filters":[{"label":"A-G","value":"a-g"},{"label":"H-R","value":"h-r"},{"label":"S-Z","value":"s-z"}]}], loading: true, error: true, errorType: "errorType", onSearch: "[Function]", showHead: false, type: "resource", size: "standard", draggable: true, withHeader: true, nestedRows: true, withCheckbox: false, showMenu: true, headCellTooltip: true, separator: false
 (10ms)
    ✓ 
  data: [{"name":"Zara"},{"name":"Sara"}], schema: [{"name":"name","displayName":"Name","filters":[{"label":"A-G","value":"a-g"},{"label":"H-R","value":"h-r"},{"label":"S-Z","value":"s-z"}]}], loading: true, error: true, errorType: "errorType", onSearch: "[Function]", showHead: false, type: "resource", size: "standard", draggable: true, withHeader: true, nestedRows: true, withCheckbox: false, showMenu: true, headCellTooltip: false, separator: true
 (6ms)
    ✓ 
  data: [{"name":"Zara"},{"name":"Sara"}], schema: [{"name":"name","displayName":"Name","filters":[{"label":"A-G","value":"a-g"},{"label":"H-R","value":"h-r"},{"label":"S-Z","value":"s-z"}]}], loading: true, error: true, errorType: "errorType", onSearch: "[Function]", showHead: false, type: "resource", size: "standard", draggable: true, withHeader: true, nestedRows: true, withCheckbox: false, showMenu: true, headCellTooltip: false, separator: false
 (3ms)
    ✓ 
  data: [{"name":"Zara"},{"name":"Sara"}], schema: [{"name":"name","displayName":"Name","filters":[{"label":"A-G","value":"a-g"},{"label":"H-R","value":"h-r"},{"label":"S-Z","value":"s-z"}]}], loading: true, error: true, errorType: "errorType", onSearch: "[Function]", showHead: false, type: "resource", size: "standard", draggable: true, withHeader: true, nestedRows: true, withCheckbox: false, showMenu: false, headCellTooltip: true, separator: true
 (6ms)
    ✓ 
  data: [{"name":"Zara"},{"name":"Sara"}], schema: [{"name":"name","displayName":"Name","filters":[{"label":"A-G","value":"a-g"},{"label":"H-R","value":"h-r"},{"label":"S-Z","value":"s-z"}]}], loading: true, error: true, errorType: "errorType", onSearch: "[Function]", showHead: false, type: "resource", size: "standard", draggable: true, withHeader: true, nestedRows: true, withCheckbox: false, showMenu: false, headCellTooltip: true, separator: false
 (13ms)
    ✓ 
  data: [{"name":"Zara"},{"name":"Sara"}], schema: [{"name":"name","displayName":"Name","filters":[{"label":"A-G","value":"a-g"},{"label":"H-R","value":"h-r"},{"label":"S-Z","value":"s-z"}]}], loading: true, error: true, errorType: "errorType", onSearch: "[Function]", showHead: false, type: "resource", size: "standard", draggable: true, withHeader: true, nestedRows: true, withCheckbox: false, showMenu: false, headCellTooltip: false, separator: true
 (7ms)
    ✓ 
  data: [{"name":"Zara"},{"name":"Sara"}], schema: [{"name":"name","displayName":"Name","filters":[{"label":"A-G","value":"a-g"},{"label":"H-R","value":"h-r"},{"label":"S-Z","value":"s-z"}]}], loading: true, error: true, errorType: "errorType", onSearch: "[Function]", showHead: false, type: "resource", size: "standard", draggable: true, withHeader: true, nestedRows: true, withCheckbox: false, showMenu: false, headCellTooltip: false, separator: false
 (3ms)
    ✓ 
  data: [{"name":"Zara"},{"name":"Sara"}], schema: [{"name":"name","displayName":"Name","filters":[{"label":"A-G","value":"a-g"},{"label":"H-R","value":"h-r"},{"label":"S-Z","value":"s-z"}]}], loading: true, error: true, errorType: "errorType", onSearch: "[Function]", showHead: false, type: "resource", size: "standard", draggable: true, withHeader: true, nestedRows: false, withCheckbox: true, showMenu: true, headCellTooltip: true, separator: true
 (4ms)
    ✓ 
  data: [{"name":"Zara"},{"name":"Sara"}], schema: [{"name":"name","displayName":"Name","filters":[{"label":"A-G","value":"a-g"},{"label":"H-R","value":"h-r"},{"label":"S-Z","value":"s-z"}]}], loading: true, error: true, errorType: "errorType", onSearch: "[Function]", showHead: false, type: "resource", size: "standard", draggable: true, withHeader: true, nestedRows: false, withCheckbox: true, showMenu: true, headCellTooltip: true, separator: false
 (3ms)
    ✓ 
  data: [{"name":"Zara"},{"name":"Sara"}], schema: [{"name":"name","displayName":"Name","filters":[{"label":"A-G","value":"a-g"},{"label":"H-R","value":"h-r"},{"label":"S-Z","value":"s-z"}]}], loading: true, error: true, errorType: "errorType", onSearch: "[Function]", showHead: false, type: "resource", size: "standard", draggable: true, withHeader: true, nestedRows: false, withCheckbox: true, showMenu: true, headCellTooltip: false, separator: true
 (5ms)
    ✓ 
  data: [{"name":"Zara"},{"name":"Sara"}], schema: [{"name":"name","displayName":"Name","filters":[{"label":"A-G","value":"a-g"},{"label":"H-R","value":"h-r"},{"label":"S-Z","value":"s-z"}]}], loading: true, error: true, errorType: "errorType", onSearch: "[Function]", showHead: false, type: "resource", size: "standard", draggable: true, withHeader: true, nestedRows: false, withCheckbox: true, showMenu: true, headCellTooltip: false, separator: false
 (12ms)
    ✓ 
  data: [{"name":"Zara"},{"name":"Sara"}], schema: [{"name":"name","displayName":"Name","filters":[{"label":"A-G","value":"a-g"},{"label":"H-R","value":"h-r"},{"label":"S-Z","value":"s-z"}]}], loading: true, error: true, errorType: "errorType", onSearch: "[Function]", showHead: false, type: "resource", size: "standard", draggable: true, withHeader: true, nestedRows: false, withCheckbox: true, showMenu: false, headCellTooltip: true, separator: true
 (5ms)
    ✓ 
  data: [{"name":"Zara"},{"name":"Sara"}], schema: [{"name":"name","displayName":"Name","filters":[{"label":"A-G","value":"a-g"},{"label":"H-R","value":"h-r"},{"label":"S-Z","value":"s-z"}]}], loading: true, error: true, errorType: "errorType", onSearch: "[Function]", showHead: false, type: "resource", size: "standard", draggable: true, withHeader: true, nestedRows: false, withCheckbox: true, showMenu: false, headCellTooltip: true, separator: false
 (5ms)
    ✓ 
  data: [{"name":"Zara"},{"name":"Sara"}], schema: [{"name":"name","displayName":"Name","filters":[{"label":"A-G","value":"a-g"},{"label":"H-R","value":"h-r"},{"label":"S-Z","value":"s-z"}]}], loading: true, error: true, errorType: "errorType", onSearch: "[Function]", showHead: false, type: "resource", size: "standard", draggable: true, withHeader: true, nestedRows: false, withCheckbox: true, showMenu: false, headCellTooltip: false, separator: true
 (5ms)
    ✓ 
  data: [{"name":"Zara"},{"name":"Sara"}], schema: [{"name":"name","displayName":"Name","filters":[{"label":"A-G","value":"a-g"},{"label":"H-R","value":"h-r"},{"label":"S-Z","value":"s-z"}]}], loading: true, error: true, errorType: "errorType", onSearch: "[Function]", showHead: false, type: "resource", size: "standard", draggable: true, withHeader: true, nestedRows: false, withCheckbox: true, showMenu: false, headCellTooltip: false, separator: false
 (6ms)
    ✓ 
  data: [{"name":"Zara"},{"name":"Sara"}], schema: [{"name":"name","displayName":"Name","filters":[{"label":"A-G","value":"a-g"},{"label":"H-R","value":"h-r"},{"label":"S-Z","value":"s-z"}]}], loading: true, error: true, errorType: "errorType", onSearch: "[Function]", showHead: false, type: "resource", size: "standard", draggable: true, withHeader: true, nestedRows: false, withCheckbox: false, showMenu: true, headCellTooltip: true, separator: true
 (7ms)
    ✓ 
  data: [{"name":"Zara"},{"name":"Sara"}], schema: [{"name":"name","displayName":"Name","filters":[{"label":"A-G","value":"a-g"},{"label":"H-R","value":"h-r"},{"label":"S-Z","value":"s-z"}]}], loading: true, error: true, errorType: "errorType", onSearch: "[Function]", showHead: false, type: "resource", size: "standard", draggable: true, withHeader: true, nestedRows: false, withCheckbox: false, showMenu: true, headCellTooltip: true, separator: false
 (8ms)
    ✓ 
  data: [{"name":"Zara"},{"name":"Sara"}], schema: [{"name":"name","displayName":"Name","filters":[{"label":"A-G","value":"a-g"},{"label":"H-R","value":"h-r"},{"label":"S-Z","value":"s-z"}]}], loading: true, error: true, errorType: "errorType", onSearch: "[Function]", showHead: false, type: "resource", size: "standard", draggable: true, withHeader: true, nestedRows: false, withCheckbox: false, showMenu: true, headCellTooltip: false, separator: true
 (3ms)
    ✓ 
  data: [{"name":"Zara"},{"name":"Sara"}], schema: [{"name":"name","displayName":"Name","filters":[{"label":"A-G","value":"a-g"},{"label":"H-R","value":"h-r"},{"label":"S-Z","value":"s-z"}]}], loading: true, error: true, errorType: "errorType", onSearch: "[Function]", showHead: false, type: "resource", size: "standard", draggable: true, withHeader: true, nestedRows: false, withCheckbox: false, showMenu: true, headCellTooltip: false, separator: false
 (7ms)
    ✓ 
  data: [{"name":"Zara"},{"name":"Sara"}], schema: [{"name":"name","displayName":"Name","filters":[{"label":"A-G","value":"a-g"},{"label":"H-R","value":"h-r"},{"label":"S-Z","value":"s-z"}]}], loading: true, error: true, errorType: "errorType", onSearch: "[Function]", showHead: false, type: "resource", size: "standard", draggable: true, withHeader: true, nestedRows: false, withCheckbox: false, showMenu: false, headCellTooltip: true, separator: true
 (6ms)
    ✓ 
  data: [{"name":"Zara"},{"name":"Sara"}], schema: [{"name":"name","displayName":"Name","filters":[{"label":"A-G","value":"a-g"},{"label":"H-R","value":"h-r"},{"label":"S-Z","value":"s-z"}]}], loading: true, error: true, errorType: "errorType", onSearch: "[Function]", showHead: false, type: "resource", size: "standard", draggable: true, withHeader: true, nestedRows: false, withCheckbox: false, showMenu: false, headCellTooltip: true, separator: false
 (6ms)
    ✓ 
  data: [{"name":"Zara"},{"name":"Sara"}], schema: [{"name":"name","displayName":"Name","filters":[{"label":"A-G","value":"a-g"},{"label":"H-R","value":"h-r"},{"label":"S-Z","value":"s-z"}]}], loading: true, error: true, errorType: "errorType", onSearch: "[Function]", showHead: false, type: "resource", size: "standard", draggable: true, withHeader: true, nestedRows: false, withCheckbox: false, showMenu: false, headCellTooltip: false, separator: true
 (11ms)
    ✓ 
  data: [{"name":"Zara"},{"name":"Sara"}], schema: [{"name":"name","displayName":"Name","filters":[{"label":"A-G","value":"a-g"},{"label":"H-R","value":"h-r"},{"label":"S-Z","value":"s-z"}]}], loading: true, error: true, errorType: "errorType", onSearch: "[Function]", showHead: false, type: "resource", size: "standard", draggable: true, withHeader: true, nestedRows: false, withCheckbox: false, showMenu: false, headCellTooltip: false, separator: false
 (6ms)
    ✓ 
  data: [{"name":"Zara"},{"name":"Sara"}], schema: [{"name":"name","displayName":"Name","filters":[{"label":"A-G","value":"a-g"},{"label":"H-R","value":"h-r"},{"label":"S-Z","value":"s-z"}]}], loading: true, error: true, errorType: "errorType", onSearch: "[Function]", showHead: false, type: "resource", size: "standard", draggable: true, withHeader: false, nestedRows: true, withCheckbox: true, showMenu: true, headCellTooltip: true, separator: true
 (11ms)
    ✓ 
  data: [{"name":"Zara"},{"name":"Sara"}], schema: [{"name":"name","displayName":"Name","filters":[{"label":"A-G","value":"a-g"},{"label":"H-R","value":"h-r"},{"label":"S-Z","value":"s-z"}]}], loading: true, error: true, errorType: "errorType", onSearch: "[Function]", showHead: false, type: "resource", size: "standard", draggable: true, withHeader: false, nestedRows: true, withCheckbox: true, showMenu: true, headCellTooltip: true, separator: false
 (8ms)
    ✓ 
  data: [{"name":"Zara"},{"name":"Sara"}], schema: [{"name":"name","displayName":"Name","filters":[{"label":"A-G","value":"a-g"},{"label":"H-R","value":"h-r"},{"label":"S-Z","value":"s-z"}]}], loading: true, error: true, errorType: "errorType", onSearch: "[Function]", showHead: false, type: "resource", size: "standard", draggable: true, withHeader: false, nestedRows: true, withCheckbox: true, showMenu: true, headCellTooltip: false, separator: true
 (4ms)
    ✓ 
  data: [{"name":"Zara"},{"name":"Sara"}], schema: [{"name":"name","displayName":"Name","filters":[{"label":"A-G","value":"a-g"},{"label":"H-R","value":"h-r"},{"label":"S-Z","value":"s-z"}]}], loading: true, error: true, errorType: "errorType", onSearch: "[Function]", showHead: false, type: "resource", size: "standard", draggable: true, withHeader: false, nestedRows: true, withCheckbox: true, showMenu: true, headCellTooltip: false, separator: false
 (3ms)
    ✓ 
  data: [{"name":"Zara"},{"name":"Sara"}], schema: [{"name":"name","displayName":"Name","filters":[{"label":"A-G","value":"a-g"},{"label":"H-R","value":"h-r"},{"label":"S-Z","value":"s-z"}]}], loading: true, error: true, errorType: "errorType", onSearch: "[Function]", showHead: false, type: "resource", size: "standard", draggable: true, withHeader: false, nestedRows: true, withCheckbox: true, showMenu: false, headCellTooltip: true, separator: true
 (6ms)
    ✓ 
  data: [{"name":"Zara"},{"name":"Sara"}], schema: [{"name":"name","displayName":"Name","filters":[{"label":"A-G","value":"a-g"},{"label":"H-R","value":"h-r"},{"label":"S-Z","value":"s-z"}]}], loading: true, error: true, errorType: "errorType", onSearch: "[Function]", showHead: false, type: "resource", size: "standard", draggable: true, withHeader: false, nestedRows: true, withCheckbox: true, showMenu: false, headCellTooltip: true, separator: false
 (11ms)
    ✓ 
  data: [{"name":"Zara"},{"name":"Sara"}], schema: [{"name":"name","displayName":"Name","filters":[{"label":"A-G","value":"a-g"},{"label":"H-R","value":"h-r"},{"label":"S-Z","value":"s-z"}]}], loading: true, error: true, errorType: "errorType", onSearch: "[Function]", showHead: false, type: "resource", size: "standard", draggable: true, withHeader: false, nestedRows: true, withCheckbox: true, showMenu: false, headCellTooltip: false, separator: true
 (27ms)
    ✓ 
  data: [{"name":"Zara"},{"name":"Sara"}], schema: [{"name":"name","displayName":"Name","filters":[{"label":"A-G","value":"a-g"},{"label":"H-R","value":"h-r"},{"label":"S-Z","value":"s-z"}]}], loading: true, error: true, errorType: "errorType", onSearch: "[Function]", showHead: false, type: "resource", size: "standard", draggable: true, withHeader: false, nestedRows: true, withCheckbox: true, showMenu: false, headCellTooltip: false, separator: false
 (13ms)
    ✓ 
  data: [{"name":"Zara"},{"name":"Sara"}], schema: [{"name":"name","displayName":"Name","filters":[{"label":"A-G","value":"a-g"},{"label":"H-R","value":"h-r"},{"label":"S-Z","value":"s-z"}]}], loading: true, error: true, errorType: "errorType", onSearch: "[Function]", showHead: false, type: "resource", size: "standard", draggable: true, withHeader: false, nestedRows: true, withCheckbox: false, showMenu: true, headCellTooltip: true, separator: true
 (9ms)
    ✓ 
  data: [{"name":"Zara"},{"name":"Sara"}], schema: [{"name":"name","displayName":"Name","filters":[{"label":"A-G","value":"a-g"},{"label":"H-R","value":"h-r"},{"label":"S-Z","value":"s-z"}]}], loading: true, error: true, errorType: "errorType", onSearch: "[Function]", showHead: false, type: "resource", size: "standard", draggable: true, withHeader: false, nestedRows: true, withCheckbox: false, showMenu: true, headCellTooltip: true, separator: false
 (6ms)
    ✓ 
  data: [{"name":"Zara"},{"name":"Sara"}], schema: [{"name":"name","displayName":"Name","filters":[{"label":"A-G","value":"a-g"},{"label":"H-R","value":"h-r"},{"label":"S-Z","value":"s-z"}]}], loading: true, error: true, errorType: "errorType", onSearch: "[Function]", showHead: false, type: "resource", size: "standard", draggable: true, withHeader: false, nestedRows: true, withCheckbox: false, showMenu: true, headCellTooltip: false, separator: true
 (8ms)
    ✓ 
  data: [{"name":"Zara"},{"name":"Sara"}], schema: [{"name":"name","displayName":"Name","filters":[{"label":"A-G","value":"a-g"},{"label":"H-R","value":"h-r"},{"label":"S-Z","value":"s-z"}]}], loading: true, error: true, errorType: "errorType", onSearch: "[Function]", showHead: false, type: "resource", size: "standard", draggable: true, withHeader: false, nestedRows: true, withCheckbox: false, showMenu: true, headCellTooltip: false, separator: false
 (5ms)
    ✓ 
  data: [{"name":"Zara"},{"name":"Sara"}], schema: [{"name":"name","displayName":"Name","filters":[{"label":"A-G","value":"a-g"},{"label":"H-R","value":"h-r"},{"label":"S-Z","value":"s-z"}]}], loading: true, error: true, errorType: "errorType", onSearch: "[Function]", showHead: false, type: "resource", size: "standard", draggable: true, withHeader: false, nestedRows: true, withCheckbox: false, showMenu: false, headCellTooltip: true, separator: true
 (9ms)
    ✓ 
  data: [{"name":"Zara"},{"name":"Sara"}], schema: [{"name":"name","displayName":"Name","filters":[{"label":"A-G","value":"a-g"},{"label":"H-R","value":"h-r"},{"label":"S-Z","value":"s-z"}]}], loading: true, error: true, errorType: "errorType", onSearch: "[Function]", showHead: false, type: "resource", size: "standard", draggable: true, withHeader: false, nestedRows: true, withCheckbox: false, showMenu: false, headCellTooltip: true, separator: false
 (6ms)
    ✓ 
  data: [{"name":"Zara"},{"name":"Sara"}], schema: [{"name":"name","displayName":"Name","filters":[{"label":"A-G","value":"a-g"},{"label":"H-R","value":"h-r"},{"label":"S-Z","value":"s-z"}]}], loading: true, error: true, errorType: "errorType", onSearch: "[Function]", showHead: false, type: "resource", size: "standard", draggable: true, withHeader: false, nestedRows: true, withCheckbox: false, showMenu: false, headCellTooltip: false, separator: true
 (3ms)
    ✓ 
  data: [{"name":"Zara"},{"name":"Sara"}], schema: [{"name":"name","displayName":"Name","filters":[{"label":"A-G","value":"a-g"},{"label":"H-R","value":"h-r"},{"label":"S-Z","value":"s-z"}]}], loading: true, error: true, errorType: "errorType", onSearch: "[Function]", showHead: false, type: "resource", size: "standard", draggable: true, withHeader: false, nestedRows: true, withCheckbox: false, showMenu: false, headCellTooltip: false, separator: false
 (4ms)
    ✓ 
  data: [{"name":"Zara"},{"name":"Sara"}], schema: [{"name":"name","displayName":"Name","filters":[{"label":"A-G","value":"a-g"},{"label":"H-R","value":"h-r"},{"label":"S-Z","value":"s-z"}]}], loading: true, error: true, errorType: "errorType", onSearch: "[Function]", showHead: false, type: "resource", size: "standard", draggable: true, withHeader: false, nestedRows: false, withCheckbox: true, showMenu: true, headCellTooltip: true, separator: true
 (5ms)
    ✓ 
  data: [{"name":"Zara"},{"name":"Sara"}], schema: [{"name":"name","displayName":"Name","filters":[{"label":"A-G","value":"a-g"},{"label":"H-R","value":"h-r"},{"label":"S-Z","value":"s-z"}]}], loading: true, error: true, errorType: "errorType", onSearch: "[Function]", showHead: false, type: "resource", size: "standard", draggable: true, withHeader: false, nestedRows: false, withCheckbox: true, showMenu: true, headCellTooltip: true, separator: false
 (8ms)
    ✓ 
  data: [{"name":"Zara"},{"name":"Sara"}], schema: [{"name":"name","displayName":"Name","filters":[{"label":"A-G","value":"a-g"},{"label":"H-R","value":"h-r"},{"label":"S-Z","value":"s-z"}]}], loading: true, error: true, errorType: "errorType", onSearch: "[Function]", showHead: false, type: "resource", size: "standard", draggable: true, withHeader: false, nestedRows: false, withCheckbox: true, showMenu: true, headCellTooltip: false, separator: true
 (3ms)
    ✓ 
  data: [{"name":"Zara"},{"name":"Sara"}], schema: [{"name":"name","displayName":"Name","filters":[{"label":"A-G","value":"a-g"},{"label":"H-R","value":"h-r"},{"label":"S-Z","value":"s-z"}]}], loading: true, error: true, errorType: "errorType", onSearch: "[Function]", showHead: false, type: "resource", size: "standard", draggable: true, withHeader: false, nestedRows: false, withCheckbox: true, showMenu: true, headCellTooltip: false, separator: false
 (7ms)
    ✓ 
  data: [{"name":"Zara"},{"name":"Sara"}], schema: [{"name":"name","displayName":"Name","filters":[{"label":"A-G","value":"a-g"},{"label":"H-R","value":"h-r"},{"label":"S-Z","value":"s-z"}]}], loading: true, error: true, errorType: "errorType", onSearch: "[Function]", showHead: false, type: "resource", size: "standard", draggable: true, withHeader: false, nestedRows: false, withCheckbox: true, showMenu: false, headCellTooltip: true, separator: true
 (4ms)
    ✓ 
  data: [{"name":"Zara"},{"name":"Sara"}], schema: [{"name":"name","displayName":"Name","filters":[{"label":"A-G","value":"a-g"},{"label":"H-R","value":"h-r"},{"label":"S-Z","value":"s-z"}]}], loading: true, error: true, errorType: "errorType", onSearch: "[Function]", showHead: false, type: "resource", size: "standard", draggable: true, withHeader: false, nestedRows: false, withCheckbox: true, showMenu: false, headCellTooltip: true, separator: false
 (6ms)
    ✓ 
  data: [{"name":"Zara"},{"name":"Sara"}], schema: [{"name":"name","displayName":"Name","filters":[{"label":"A-G","value":"a-g"},{"label":"H-R","value":"h-r"},{"label":"S-Z","value":"s-z"}]}], loading: true, error: true, errorType: "errorType", onSearch: "[Function]", showHead: false, type: "resource", size: "standard", draggable: true, withHeader: false, nestedRows: false, withCheckbox: true, showMenu: false, headCellTooltip: false, separator: true
 (5ms)
    ✓ 
  data: [{"name":"Zara"},{"name":"Sara"}], schema: [{"name":"name","displayName":"Name","filters":[{"label":"A-G","value":"a-g"},{"label":"H-R","value":"h-r"},{"label":"S-Z","value":"s-z"}]}], loading: true, error: true, errorType: "errorType", onSearch: "[Function]", showHead: false, type: "resource", size: "standard", draggable: true, withHeader: false, nestedRows: false, withCheckbox: true, showMenu: false, headCellTooltip: false, separator: false
 (4ms)
    ✓ 
  data: [{"name":"Zara"},{"name":"Sara"}], schema: [{"name":"name","displayName":"Name","filters":[{"label":"A-G","value":"a-g"},{"label":"H-R","value":"h-r"},{"label":"S-Z","value":"s-z"}]}], loading: true, error: true, errorType: "errorType", onSearch: "[Function]", showHead: false, type: "resource", size: "standard", draggable: true, withHeader: false, nestedRows: false, withCheckbox: false, showMenu: true, headCellTooltip: true, separator: true
 (6ms)
    ✓ 
  data: [{"name":"Zara"},{"name":"Sara"}], schema: [{"name":"name","displayName":"Name","filters":[{"label":"A-G","value":"a-g"},{"label":"H-R","value":"h-r"},{"label":"S-Z","value":"s-z"}]}], loading: true, error: true, errorType: "errorType", onSearch: "[Function]", showHead: false, type: "resource", size: "standard", draggable: true, withHeader: false, nestedRows: false, withCheckbox: false, showMenu: true, headCellTooltip: true, separator: false
 (4ms)
    ✓ 
  data: [{"name":"Zara"},{"name":"Sara"}], schema: [{"name":"name","displayName":"Name","filters":[{"label":"A-G","value":"a-g"},{"label":"H-R","value":"h-r"},{"label":"S-Z","value":"s-z"}]}], loading: true, error: true, errorType: "errorType", onSearch: "[Function]", showHead: false, type: "resource", size: "standard", draggable: true, withHeader: false, nestedRows: false, withCheckbox: false, showMenu: true, headCellTooltip: false, separator: true
 (2ms)
    ✓ 
  data: [{"name":"Zara"},{"name":"Sara"}], schema: [{"name":"name","displayName":"Name","filters":[{"label":"A-G","value":"a-g"},{"label":"H-R","value":"h-r"},{"label":"S-Z","value":"s-z"}]}], loading: true, error: true, errorType: "errorType", onSearch: "[Function]", showHead: false, type: "resource", size: "standard", draggable: true, withHeader: false, nestedRows: false, withCheckbox: false, showMenu: true, headCellTooltip: false, separator: false
 (4ms)
    ✓ 
  data: [{"name":"Zara"},{"name":"Sara"}], schema: [{"name":"name","displayName":"Name","filters":[{"label":"A-G","value":"a-g"},{"label":"H-R","value":"h-r"},{"label":"S-Z","value":"s-z"}]}], loading: true, error: true, errorType: "errorType", onSearch: "[Function]", showHead: false, type: "resource", size: "standard", draggable: true, withHeader: false, nestedRows: false, withCheckbox: false, showMenu: false, headCellTooltip: true, separator: true
 (6ms)
    ✓ 
  data: [{"name":"Zara"},{"name":"Sara"}], schema: [{"name":"name","displayName":"Name","filters":[{"label":"A-G","value":"a-g"},{"label":"H-R","value":"h-r"},{"label":"S-Z","value":"s-z"}]}], loading: true, error: true, errorType: "errorType", onSearch: "[Function]", showHead: false, type: "resource", size: "standard", draggable: true, withHeader: false, nestedRows: false, withCheckbox: false, showMenu: false, headCellTooltip: true, separator: false
 (6ms)
    ✓ 
  data: [{"name":"Zara"},{"name":"Sara"}], schema: [{"name":"name","displayName":"Name","filters":[{"label":"A-G","value":"a-g"},{"label":"H-R","value":"h-r"},{"label":"S-Z","value":"s-z"}]}], loading: true, error: true, errorType: "errorType", onSearch: "[Function]", showHead: false, type: "resource", size: "standard", draggable: true, withHeader: false, nestedRows: false, withCheckbox: false, showMenu: false, headCellTooltip: false, separator: true
 (3ms)
    ✓ 
  data: [{"name":"Zara"},{"name":"Sara"}], schema: [{"name":"name","displayName":"Name","filters":[{"label":"A-G","value":"a-g"},{"label":"H-R","value":"h-r"},{"label":"S-Z","value":"s-z"}]}], loading: true, error: true, errorType: "errorType", onSearch: "[Function]", showHead: false, type: "resource", size: "standard", draggable: true, withHeader: false, nestedRows: false, withCheckbox: false, showMenu: false, headCellTooltip: false, separator: false
 (3ms)
    ✓ 
  data: [{"name":"Zara"},{"name":"Sara"}], schema: [{"name":"name","displayName":"Name","filters":[{"label":"A-G","value":"a-g"},{"label":"H-R","value":"h-r"},{"label":"S-Z","value":"s-z"}]}], loading: true, error: true, errorType: "errorType", onSearch: "[Function]", showHead: false, type: "resource", size: "standard", draggable: false, withHeader: true, nestedRows: true, withCheckbox: true, showMenu: true, headCellTooltip: true, separator: true
 (4ms)
    ✓ 
  data: [{"name":"Zara"},{"name":"Sara"}], schema: [{"name":"name","displayName":"Name","filters":[{"label":"A-G","value":"a-g"},{"label":"H-R","value":"h-r"},{"label":"S-Z","value":"s-z"}]}], loading: true, error: true, errorType: "errorType", onSearch: "[Function]", showHead: false, type: "resource", size: "standard", draggable: false, withHeader: true, nestedRows: true, withCheckbox: true, showMenu: true, headCellTooltip: true, separator: false
 (8ms)
    ✓ 
  data: [{"name":"Zara"},{"name":"Sara"}], schema: [{"name":"name","displayName":"Name","filters":[{"label":"A-G","value":"a-g"},{"label":"H-R","value":"h-r"},{"label":"S-Z","value":"s-z"}]}], loading: true, error: true, errorType: "errorType", onSearch: "[Function]", showHead: false, type: "resource", size: "standard", draggable: false, withHeader: true, nestedRows: true, withCheckbox: true, showMenu: true, headCellTooltip: false, separator: true
 (7ms)
    ✓ 
  data: [{"name":"Zara"},{"name":"Sara"}], schema: [{"name":"name","displayName":"Name","filters":[{"label":"A-G","value":"a-g"},{"label":"H-R","value":"h-r"},{"label":"S-Z","value":"s-z"}]}], loading: true, error: true, errorType: "errorType", onSearch: "[Function]", showHead: false, type: "resource", size: "standard", draggable: false, withHeader: true, nestedRows: true, withCheckbox: true, showMenu: true, headCellTooltip: false, separator: false
 (6ms)
    ✓ 
  data: [{"name":"Zara"},{"name":"Sara"}], schema: [{"name":"name","displayName":"Name","filters":[{"label":"A-G","value":"a-g"},{"label":"H-R","value":"h-r"},{"label":"S-Z","value":"s-z"}]}], loading: true, error: true, errorType: "errorType", onSearch: "[Function]", showHead: false, type: "resource", size: "standard", draggable: false, withHeader: true, nestedRows: true, withCheckbox: true, showMenu: false, headCellTooltip: true, separator: true
 (5ms)
    ✓ 
  data: [{"name":"Zara"},{"name":"Sara"}], schema: [{"name":"name","displayName":"Name","filters":[{"label":"A-G","value":"a-g"},{"label":"H-R","value":"h-r"},{"label":"S-Z","value":"s-z"}]}], loading: true, error: true, errorType: "errorType", onSearch: "[Function]", showHead: false, type: "resource", size: "standard", draggable: false, withHeader: true, nestedRows: true, withCheckbox: true, showMenu: false, headCellTooltip: true, separator: false
 (5ms)
    ✓ 
  data: [{"name":"Zara"},{"name":"Sara"}], schema: [{"name":"name","displayName":"Name","filters":[{"label":"A-G","value":"a-g"},{"label":"H-R","value":"h-r"},{"label":"S-Z","value":"s-z"}]}], loading: true, error: true, errorType: "errorType", onSearch: "[Function]", showHead: false, type: "resource", size: "standard", draggable: false, withHeader: true, nestedRows: true, withCheckbox: true, showMenu: false, headCellTooltip: false, separator: true
 (6ms)
    ✓ 
  data: [{"name":"Zara"},{"name":"Sara"}], schema: [{"name":"name","displayName":"Name","filters":[{"label":"A-G","value":"a-g"},{"label":"H-R","value":"h-r"},{"label":"S-Z","value":"s-z"}]}], loading: true, error: true, errorType: "errorType", onSearch: "[Function]", showHead: false, type: "resource", size: "standard", draggable: false, withHeader: true, nestedRows: true, withCheckbox: true, showMenu: false, headCellTooltip: false, separator: false
 (4ms)
    ✓ 
  data: [{"name":"Zara"},{"name":"Sara"}], schema: [{"name":"name","displayName":"Name","filters":[{"label":"A-G","value":"a-g"},{"label":"H-R","value":"h-r"},{"label":"S-Z","value":"s-z"}]}], loading: true, error: true, errorType: "errorType", onSearch: "[Function]", showHead: false, type: "resource", size: "standard", draggable: false, withHeader: true, nestedRows: true, withCheckbox: false, showMenu: true, headCellTooltip: true, separator: true
 (8ms)
    ✓ 
  data: [{"name":"Zara"},{"name":"Sara"}], schema: [{"name":"name","displayName":"Name","filters":[{"label":"A-G","value":"a-g"},{"label":"H-R","value":"h-r"},{"label":"S-Z","value":"s-z"}]}], loading: true, error: true, errorType: "errorType", onSearch: "[Function]", showHead: false, type: "resource", size: "standard", draggable: false, withHeader: true, nestedRows: true, withCheckbox: false, showMenu: true, headCellTooltip: true, separator: false
 (6ms)
    ✓ 
  data: [{"name":"Zara"},{"name":"Sara"}], schema: [{"name":"name","displayName":"Name","filters":[{"label":"A-G","value":"a-g"},{"label":"H-R","value":"h-r"},{"label":"S-Z","value":"s-z"}]}], loading: true, error: true, errorType: "errorType", onSearch: "[Function]", showHead: false, type: "resource", size: "standard", draggable: false, withHeader: true, nestedRows: true, withCheckbox: false, showMenu: true, headCellTooltip: false, separator: true
 (9ms)
    ✓ 
  data: [{"name":"Zara"},{"name":"Sara"}], schema: [{"name":"name","displayName":"Name","filters":[{"label":"A-G","value":"a-g"},{"label":"H-R","value":"h-r"},{"label":"S-Z","value":"s-z"}]}], loading: true, error: true, errorType: "errorType", onSearch: "[Function]", showHead: false, type: "resource", size: "standard", draggable: false, withHeader: true, nestedRows: true, withCheckbox: false, showMenu: true, headCellTooltip: false, separator: false
 (5ms)
    ✓ 
  data: [{"name":"Zara"},{"name":"Sara"}], schema: [{"name":"name","displayName":"Name","filters":[{"label":"A-G","value":"a-g"},{"label":"H-R","value":"h-r"},{"label":"S-Z","value":"s-z"}]}], loading: true, error: true, errorType: "errorType", onSearch: "[Function]", showHead: false, type: "resource", size: "standard", draggable: false, withHeader: true, nestedRows: true, withCheckbox: false, showMenu: false, headCellTooltip: true, separator: true
 (4ms)
    ✓ 
  data: [{"name":"Zara"},{"name":"Sara"}], schema: [{"name":"name","displayName":"Name","filters":[{"label":"A-G","value":"a-g"},{"label":"H-R","value":"h-r"},{"label":"S-Z","value":"s-z"}]}], loading: true, error: true, errorType: "errorType", onSearch: "[Function]", showHead: false, type: "resource", size: "standard", draggable: false, withHeader: true, nestedRows: true, withCheckbox: false, showMenu: false, headCellTooltip: true, separator: false
 (5ms)
    ✓ 
  data: [{"name":"Zara"},{"name":"Sara"}], schema: [{"name":"name","displayName":"Name","filters":[{"label":"A-G","value":"a-g"},{"label":"H-R","value":"h-r"},{"label":"S-Z","value":"s-z"}]}], loading: true, error: true, errorType: "errorType", onSearch: "[Function]", showHead: false, type: "resource", size: "standard", draggable: false, withHeader: true, nestedRows: true, withCheckbox: false, showMenu: false, headCellTooltip: false, separator: true
 (6ms)
    ✓ 
  data: [{"name":"Zara"},{"name":"Sara"}], schema: [{"name":"name","displayName":"Name","filters":[{"label":"A-G","value":"a-g"},{"label":"H-R","value":"h-r"},{"label":"S-Z","value":"s-z"}]}], loading: true, error: true, errorType: "errorType", onSearch: "[Function]", showHead: false, type: "resource", size: "standard", draggable: false, withHeader: true, nestedRows: true, withCheckbox: false, showMenu: false, headCellTooltip: false, separator: false
 (3ms)
    ✓ 
  data: [{"name":"Zara"},{"name":"Sara"}], schema: [{"name":"name","displayName":"Name","filters":[{"label":"A-G","value":"a-g"},{"label":"H-R","value":"h-r"},{"label":"S-Z","value":"s-z"}]}], loading: true, error: true, errorType: "errorType", onSearch: "[Function]", showHead: false, type: "resource", size: "standard", draggable: false, withHeader: true, nestedRows: false, withCheckbox: true, showMenu: true, headCellTooltip: true, separator: true
 (5ms)
    ✓ 
  data: [{"name":"Zara"},{"name":"Sara"}], schema: [{"name":"name","displayName":"Name","filters":[{"label":"A-G","value":"a-g"},{"label":"H-R","value":"h-r"},{"label":"S-Z","value":"s-z"}]}], loading: true, error: true, errorType: "errorType", onSearch: "[Function]", showHead: false, type: "resource", size: "standard", draggable: false, withHeader: true, nestedRows: false, withCheckbox: true, showMenu: true, headCellTooltip: true, separator: false
 (6ms)
    ✓ 
  data: [{"name":"Zara"},{"name":"Sara"}], schema: [{"name":"name","displayName":"Name","filters":[{"label":"A-G","value":"a-g"},{"label":"H-R","value":"h-r"},{"label":"S-Z","value":"s-z"}]}], loading: true, error: true, errorType: "errorType", onSearch: "[Function]", showHead: false, type: "resource", size: "standard", draggable: false, withHeader: true, nestedRows: false, withCheckbox: true, showMenu: true, headCellTooltip: false, separator: true
 (5ms)
    ✓ 
  data: [{"name":"Zara"},{"name":"Sara"}], schema: [{"name":"name","displayName":"Name","filters":[{"label":"A-G","value":"a-g"},{"label":"H-R","value":"h-r"},{"label":"S-Z","value":"s-z"}]}], loading: true, error: true, errorType: "errorType", onSearch: "[Function]", showHead: false, type: "resource", size: "standard", draggable: false, withHeader: true, nestedRows: false, withCheckbox: true, showMenu: true, headCellTooltip: false, separator: false
 (6ms)
    ✓ 
  data: [{"name":"Zara"},{"name":"Sara"}], schema: [{"name":"name","displayName":"Name","filters":[{"label":"A-G","value":"a-g"},{"label":"H-R","value":"h-r"},{"label":"S-Z","value":"s-z"}]}], loading: true, error: true, errorType: "errorType", onSearch: "[Function]", showHead: false, type: "resource", size: "standard", draggable: false, withHeader: true, nestedRows: false, withCheckbox: true, showMenu: false, headCellTooltip: true, separator: true
 (8ms)
    ✓ 
  data: [{"name":"Zara"},{"name":"Sara"}], schema: [{"name":"name","displayName":"Name","filters":[{"label":"A-G","value":"a-g"},{"label":"H-R","value":"h-r"},{"label":"S-Z","value":"s-z"}]}], loading: true, error: true, errorType: "errorType", onSearch: "[Function]", showHead: false, type: "resource", size: "standard", draggable: false, withHeader: true, nestedRows: false, withCheckbox: true, showMenu: false, headCellTooltip: true, separator: false
 (5ms)
    ✓ 
  data: [{"name":"Zara"},{"name":"Sara"}], schema: [{"name":"name","displayName":"Name","filters":[{"label":"A-G","value":"a-g"},{"label":"H-R","value":"h-r"},{"label":"S-Z","value":"s-z"}]}], loading: true, error: true, errorType: "errorType", onSearch: "[Function]", showHead: false, type: "resource", size: "standard", draggable: false, withHeader: true, nestedRows: false, withCheckbox: true, showMenu: false, headCellTooltip: false, separator: true
 (2ms)
    ✓ 
  data: [{"name":"Zara"},{"name":"Sara"}], schema: [{"name":"name","displayName":"Name","filters":[{"label":"A-G","value":"a-g"},{"label":"H-R","value":"h-r"},{"label":"S-Z","value":"s-z"}]}], loading: true, error: true, errorType: "errorType", onSearch: "[Function]", showHead: false, type: "resource", size: "standard", draggable: false, withHeader: true, nestedRows: false, withCheckbox: true, showMenu: false, headCellTooltip: false, separator: false
 (8ms)
    ✓ 
  data: [{"name":"Zara"},{"name":"Sara"}], schema: [{"name":"name","displayName":"Name","filters":[{"label":"A-G","value":"a-g"},{"label":"H-R","value":"h-r"},{"label":"S-Z","value":"s-z"}]}], loading: true, error: true, errorType: "errorType", onSearch: "[Function]", showHead: false, type: "resource", size: "standard", draggable: false, withHeader: true, nestedRows: false, withCheckbox: false, showMenu: true, headCellTooltip: true, separator: true
 (5ms)
    ✓ 
  data: [{"name":"Zara"},{"name":"Sara"}], schema: [{"name":"name","displayName":"Name","filters":[{"label":"A-G","value":"a-g"},{"label":"H-R","value":"h-r"},{"label":"S-Z","value":"s-z"}]}], loading: true, error: true, errorType: "errorType", onSearch: "[Function]", showHead: false, type: "resource", size: "standard", draggable: false, withHeader: true, nestedRows: false, withCheckbox: false, showMenu: true, headCellTooltip: true, separator: false
 (4ms)
    ✓ 
  data: [{"name":"Zara"},{"name":"Sara"}], schema: [{"name":"name","displayName":"Name","filters":[{"label":"A-G","value":"a-g"},{"label":"H-R","value":"h-r"},{"label":"S-Z","value":"s-z"}]}], loading: true, error: true, errorType: "errorType", onSearch: "[Function]", showHead: false, type: "resource", size: "standard", draggable: false, withHeader: true, nestedRows: false, withCheckbox: false, showMenu: true, headCellTooltip: false, separator: true
 (4ms)
    ✓ 
  data: [{"name":"Zara"},{"name":"Sara"}], schema: [{"name":"name","displayName":"Name","filters":[{"label":"A-G","value":"a-g"},{"label":"H-R","value":"h-r"},{"label":"S-Z","value":"s-z"}]}], loading: true, error: true, errorType: "errorType", onSearch: "[Function]", showHead: false, type: "resource", size: "standard", draggable: false, withHeader: true, nestedRows: false, withCheckbox: false, showMenu: true, headCellTooltip: false, separator: false
 (6ms)
    ✓ 
  data: [{"name":"Zara"},{"name":"Sara"}], schema: [{"name":"name","displayName":"Name","filters":[{"label":"A-G","value":"a-g"},{"label":"H-R","value":"h-r"},{"label":"S-Z","value":"s-z"}]}], loading: true, error: true, errorType: "errorType", onSearch: "[Function]", showHead: false, type: "resource", size: "standard", draggable: false, withHeader: true, nestedRows: false, withCheckbox: false, showMenu: false, headCellTooltip: true, separator: true
 (8ms)
    ✓ 
  data: [{"name":"Zara"},{"name":"Sara"}], schema: [{"name":"name","displayName":"Name","filters":[{"label":"A-G","value":"a-g"},{"label":"H-R","value":"h-r"},{"label":"S-Z","value":"s-z"}]}], loading: true, error: true, errorType: "errorType", onSearch: "[Function]", showHead: false, type: "resource", size: "standard", draggable: false, withHeader: true, nestedRows: false, withCheckbox: false, showMenu: false, headCellTooltip: true, separator: false
 (6ms)
    ✓ 
  data: [{"name":"Zara"},{"name":"Sara"}], schema: [{"name":"name","displayName":"Name","filters":[{"label":"A-G","value":"a-g"},{"label":"H-R","value":"h-r"},{"label":"S-Z","value":"s-z"}]}], loading: true, error: true, errorType: "errorType", onSearch: "[Function]", showHead: false, type: "resource", size: "standard", draggable: false, withHeader: true, nestedRows: false, withCheckbox: false, showMenu: false, headCellTooltip: false, separator: true
 (7ms)
    ✓ 
  data: [{"name":"Zara"},{"name":"Sara"}], schema: [{"name":"name","displayName":"Name","filters":[{"label":"A-G","value":"a-g"},{"label":"H-R","value":"h-r"},{"label":"S-Z","value":"s-z"}]}], loading: true, error: true, errorType: "errorType", onSearch: "[Function]", showHead: false, type: "resource", size: "standard", draggable: false, withHeader: true, nestedRows: false, withCheckbox: false, showMenu: false, headCellTooltip: false, separator: false
 (5ms)
    ✓ 
  data: [{"name":"Zara"},{"name":"Sara"}], schema: [{"name":"name","displayName":"Name","filters":[{"label":"A-G","value":"a-g"},{"label":"H-R","value":"h-r"},{"label":"S-Z","value":"s-z"}]}], loading: true, error: true, errorType: "errorType", onSearch: "[Function]", showHead: false, type: "resource", size: "standard", draggable: false, withHeader: false, nestedRows: true, withCheckbox: true, showMenu: true, headCellTooltip: true, separator: true
 (3ms)
    ✓ 
  data: [{"name":"Zara"},{"name":"Sara"}], schema: [{"name":"name","displayName":"Name","filters":[{"label":"A-G","value":"a-g"},{"label":"H-R","value":"h-r"},{"label":"S-Z","value":"s-z"}]}], loading: true, error: true, errorType: "errorType", onSearch: "[Function]", showHead: false, type: "resource", size: "standard", draggable: false, withHeader: false, nestedRows: true, withCheckbox: true, showMenu: true, headCellTooltip: true, separator: false
 (3ms)
    ✓ 
  data: [{"name":"Zara"},{"name":"Sara"}], schema: [{"name":"name","displayName":"Name","filters":[{"label":"A-G","value":"a-g"},{"label":"H-R","value":"h-r"},{"label":"S-Z","value":"s-z"}]}], loading: true, error: true, errorType: "errorType", onSearch: "[Function]", showHead: false, type: "resource", size: "standard", draggable: false, withHeader: false, nestedRows: true, withCheckbox: true, showMenu: true, headCellTooltip: false, separator: true
 (2ms)
    ✓ 
  data: [{"name":"Zara"},{"name":"Sara"}], schema: [{"name":"name","displayName":"Name","filters":[{"label":"A-G","value":"a-g"},{"label":"H-R","value":"h-r"},{"label":"S-Z","value":"s-z"}]}], loading: true, error: true, errorType: "errorType", onSearch: "[Function]", showHead: false, type: "resource", size: "standard", draggable: false, withHeader: false, nestedRows: true, withCheckbox: true, showMenu: true, headCellTooltip: false, separator: false
 (2ms)
    ✓ 
  data: [{"name":"Zara"},{"name":"Sara"}], schema: [{"name":"name","displayName":"Name","filters":[{"label":"A-G","value":"a-g"},{"label":"H-R","value":"h-r"},{"label":"S-Z","value":"s-z"}]}], loading: true, error: true, errorType: "errorType", onSearch: "[Function]", showHead: false, type: "resource", size: "standard", draggable: false, withHeader: false, nestedRows: true, withCheckbox: true, showMenu: false, headCellTooltip: true, separator: true
 (3ms)
    ✓ 
  data: [{"name":"Zara"},{"name":"Sara"}], schema: [{"name":"name","displayName":"Name","filters":[{"label":"A-G","value":"a-g"},{"label":"H-R","value":"h-r"},{"label":"S-Z","value":"s-z"}]}], loading: true, error: true, errorType: "errorType", onSearch: "[Function]", showHead: false, type: "resource", size: "standard", draggable: false, withHeader: false, nestedRows: true, withCheckbox: true, showMenu: false, headCellTooltip: true, separator: false
 (4ms)
    ✓ 
  data: [{"name":"Zara"},{"name":"Sara"}], schema: [{"name":"name","displayName":"Name","filters":[{"label":"A-G","value":"a-g"},{"label":"H-R","value":"h-r"},{"label":"S-Z","value":"s-z"}]}], loading: true, error: true, errorType: "errorType", onSearch: "[Function]", showHead: false, type: "resource", size: "standard", draggable: false, withHeader: false, nestedRows: true, withCheckbox: true, showMenu: false, headCellTooltip: false, separator: true
 (7ms)
    ✓ 
  data: [{"name":"Zara"},{"name":"Sara"}], schema: [{"name":"name","displayName":"Name","filters":[{"label":"A-G","value":"a-g"},{"label":"H-R","value":"h-r"},{"label":"S-Z","value":"s-z"}]}], loading: true, error: true, errorType: "errorType", onSearch: "[Function]", showHead: false, type: "resource", size: "standard", draggable: false, withHeader: false, nestedRows: true, withCheckbox: true, showMenu: false, headCellTooltip: false, separator: false
 (4ms)
    ✓ 
  data: [{"name":"Zara"},{"name":"Sara"}], schema: [{"name":"name","displayName":"Name","filters":[{"label":"A-G","value":"a-g"},{"label":"H-R","value":"h-r"},{"label":"S-Z","value":"s-z"}]}], loading: true, error: true, errorType: "errorType", onSearch: "[Function]", showHead: false, type: "resource", size: "standard", draggable: false, withHeader: false, nestedRows: true, withCheckbox: false, showMenu: true, headCellTooltip: true, separator: true
 (1ms)
    ✓ 
  data: [{"name":"Zara"},{"name":"Sara"}], schema: [{"name":"name","displayName":"Name","filters":[{"label":"A-G","value":"a-g"},{"label":"H-R","value":"h-r"},{"label":"S-Z","value":"s-z"}]}], loading: true, error: true, errorType: "errorType", onSearch: "[Function]", showHead: false, type: "resource", size: "standard", draggable: false, withHeader: false, nestedRows: true, withCheckbox: false, showMenu: true, headCellTooltip: true, separator: false
 (2ms)
    ✓ 
  data: [{"name":"Zara"},{"name":"Sara"}], schema: [{"name":"name","displayName":"Name","filters":[{"label":"A-G","value":"a-g"},{"label":"H-R","value":"h-r"},{"label":"S-Z","value":"s-z"}]}], loading: true, error: true, errorType: "errorType", onSearch: "[Function]", showHead: false, type: "resource", size: "standard", draggable: false, withHeader: false, nestedRows: true, withCheckbox: false, showMenu: true, headCellTooltip: false, separator: true
 (2ms)
    ✓ 
  data: [{"name":"Zara"},{"name":"Sara"}], schema: [{"name":"name","displayName":"Name","filters":[{"label":"A-G","value":"a-g"},{"label":"H-R","value":"h-r"},{"label":"S-Z","value":"s-z"}]}], loading: true, error: true, errorType: "errorType", onSearch: "[Function]", showHead: false, type: "resource", size: "standard", draggable: false, withHeader: false, nestedRows: true, withCheckbox: false, showMenu: true, headCellTooltip: false, separator: false
 (3ms)
    ✓ 
  data: [{"name":"Zara"},{"name":"Sara"}], schema: [{"name":"name","displayName":"Name","filters":[{"label":"A-G","value":"a-g"},{"label":"H-R","value":"h-r"},{"label":"S-Z","value":"s-z"}]}], loading: true, error: true, errorType: "errorType", onSearch: "[Function]", showHead: false, type: "resource", size: "standard", draggable: false, withHeader: false, nestedRows: true, withCheckbox: false, showMenu: false, headCellTooltip: true, separator: true
 (3ms)
    ✓ 
  data: [{"name":"Zara"},{"name":"Sara"}], schema: [{"name":"name","displayName":"Name","filters":[{"label":"A-G","value":"a-g"},{"label":"H-R","value":"h-r"},{"label":"S-Z","value":"s-z"}]}], loading: true, error: true, errorType: "errorType", onSearch: "[Function]", showHead: false, type: "resource", size: "standard", draggable: false, withHeader: false, nestedRows: true, withCheckbox: false, showMenu: false, headCellTooltip: true, separator: false
 (4ms)
    ✓ 
  data: [{"name":"Zara"},{"name":"Sara"}], schema: [{"name":"name","displayName":"Name","filters":[{"label":"A-G","value":"a-g"},{"label":"H-R","value":"h-r"},{"label":"S-Z","value":"s-z"}]}], loading: true, error: true, errorType: "errorType", onSearch: "[Function]", showHead: false, type: "resource", size: "standard", draggable: false, withHeader: false, nestedRows: true, withCheckbox: false, showMenu: false, headCellTooltip: false, separator: true
 (2ms)
    ✓ 
  data: [{"name":"Zara"},{"name":"Sara"}], schema: [{"name":"name","displayName":"Name","filters":[{"label":"A-G","value":"a-g"},{"label":"H-R","value":"h-r"},{"label":"S-Z","value":"s-z"}]}], loading: true, error: true, errorType: "errorType", onSearch: "[Function]", showHead: false, type: "resource", size: "standard", draggable: false, withHeader: false, nestedRows: true, withCheckbox: false, showMenu: false, headCellTooltip: false, separator: false
 (3ms)
    ✓ 
  data: [{"name":"Zara"},{"name":"Sara"}], schema: [{"name":"name","displayName":"Name","filters":[{"label":"A-G","value":"a-g"},{"label":"H-R","value":"h-r"},{"label":"S-Z","value":"s-z"}]}], loading: true, error: true, errorType: "errorType", onSearch: "[Function]", showHead: false, type: "resource", size: "standard", draggable: false, withHeader: false, nestedRows: false, withCheckbox: true, showMenu: true, headCellTooltip: true, separator: true
 (1ms)
    ✓ 
  data: [{"name":"Zara"},{"name":"Sara"}], schema: [{"name":"name","displayName":"Name","filters":[{"label":"A-G","value":"a-g"},{"label":"H-R","value":"h-r"},{"label":"S-Z","value":"s-z"}]}], loading: true, error: true, errorType: "errorType", onSearch: "[Function]", showHead: false, type: "resource", size: "standard", draggable: false, withHeader: false, nestedRows: false, withCheckbox: true, showMenu: true, headCellTooltip: true, separator: false
 (3ms)
    ✓ 
  data: [{"name":"Zara"},{"name":"Sara"}], schema: [{"name":"name","displayName":"Name","filters":[{"label":"A-G","value":"a-g"},{"label":"H-R","value":"h-r"},{"label":"S-Z","value":"s-z"}]}], loading: true, error: true, errorType: "errorType", onSearch: "[Function]", showHead: false, type: "resource", size: "standard", draggable: false, withHeader: false, nestedRows: false, withCheckbox: true, showMenu: true, headCellTooltip: false, separator: true
 (4ms)
    ✓ 
  data: [{"name":"Zara"},{"name":"Sara"}], schema: [{"name":"name","displayName":"Name","filters":[{"label":"A-G","value":"a-g"},{"label":"H-R","value":"h-r"},{"label":"S-Z","value":"s-z"}]}], loading: true, error: true, errorType: "errorType", onSearch: "[Function]", showHead: false, type: "resource", size: "standard", draggable: false, withHeader: false, nestedRows: false, withCheckbox: true, showMenu: true, headCellTooltip: false, separator: false
 (2ms)
    ✓ 
  data: [{"name":"Zara"},{"name":"Sara"}], schema: [{"name":"name","displayName":"Name","filters":[{"label":"A-G","value":"a-g"},{"label":"H-R","value":"h-r"},{"label":"S-Z","value":"s-z"}]}], loading: true, error: true, errorType: "errorType", onSearch: "[Function]", showHead: false, type: "resource", size: "standard", draggable: false, withHeader: false, nestedRows: false, withCheckbox: true, showMenu: false, headCellTooltip: true, separator: true
 (2ms)
    ✓ 
  data: [{"name":"Zara"},{"name":"Sara"}], schema: [{"name":"name","displayName":"Name","filters":[{"label":"A-G","value":"a-g"},{"label":"H-R","value":"h-r"},{"label":"S-Z","value":"s-z"}]}], loading: true, error: true, errorType: "errorType", onSearch: "[Function]", showHead: false, type: "resource", size: "standard", draggable: false, withHeader: false, nestedRows: false, withCheckbox: true, showMenu: false, headCellTooltip: true, separator: false
 (4ms)
    ✓ 
  data: [{"name":"Zara"},{"name":"Sara"}], schema: [{"name":"name","displayName":"Name","filters":[{"label":"A-G","value":"a-g"},{"label":"H-R","value":"h-r"},{"label":"S-Z","value":"s-z"}]}], loading: true, error: true, errorType: "errorType", onSearch: "[Function]", showHead: false, type: "resource", size: "standard", draggable: false, withHeader: false, nestedRows: false, withCheckbox: true, showMenu: false, headCellTooltip: false, separator: true
 (3ms)
    ✓ 
  data: [{"name":"Zara"},{"name":"Sara"}], schema: [{"name":"name","displayName":"Name","filters":[{"label":"A-G","value":"a-g"},{"label":"H-R","value":"h-r"},{"label":"S-Z","value":"s-z"}]}], loading: true, error: true, errorType: "errorType", onSearch: "[Function]", showHead: false, type: "resource", size: "standard", draggable: false, withHeader: false, nestedRows: false, withCheckbox: true, showMenu: false, headCellTooltip: false, separator: false
 (5ms)
    ✓ 
  data: [{"name":"Zara"},{"name":"Sara"}], schema: [{"name":"name","displayName":"Name","filters":[{"label":"A-G","value":"a-g"},{"label":"H-R","value":"h-r"},{"label":"S-Z","value":"s-z"}]}], loading: true, error: true, errorType: "errorType", onSearch: "[Function]", showHead: false, type: "resource", size: "standard", draggable: false, withHeader: false, nestedRows: false, withCheckbox: false, showMenu: true, headCellTooltip: true, separator: true
 (2ms)
    ✓ 
  data: [{"name":"Zara"},{"name":"Sara"}], schema: [{"name":"name","displayName":"Name","filters":[{"label":"A-G","value":"a-g"},{"label":"H-R","value":"h-r"},{"label":"S-Z","value":"s-z"}]}], loading: true, error: true, errorType: "errorType", onSearch: "[Function]", showHead: false, type: "resource", size: "standard", draggable: false, withHeader: false, nestedRows: false, withCheckbox: false, showMenu: true, headCellTooltip: true, separator: false
 (2ms)
    ✓ 
  data: [{"name":"Zara"},{"name":"Sara"}], schema: [{"name":"name","displayName":"Name","filters":[{"label":"A-G","value":"a-g"},{"label":"H-R","value":"h-r"},{"label":"S-Z","value":"s-z"}]}], loading: true, error: true, errorType: "errorType", onSearch: "[Function]", showHead: false, type: "resource", size: "standard", draggable: false, withHeader: false, nestedRows: false, withCheckbox: false, showMenu: true, headCellTooltip: false, separator: true
 (2ms)
    ✓ 
  data: [{"name":"Zara"},{"name":"Sara"}], schema: [{"name":"name","displayName":"Name","filters":[{"label":"A-G","value":"a-g"},{"label":"H-R","value":"h-r"},{"label":"S-Z","value":"s-z"}]}], loading: true, error: true, errorType: "errorType", onSearch: "[Function]", showHead: false, type: "resource", size: "standard", draggable: false, withHeader: false, nestedRows: false, withCheckbox: false, showMenu: true, headCellTooltip: false, separator: false
 (2ms)
    ✓ 
  data: [{"name":"Zara"},{"name":"Sara"}], schema: [{"name":"name","displayName":"Name","filters":[{"label":"A-G","value":"a-g"},{"label":"H-R","value":"h-r"},{"label":"S-Z","value":"s-z"}]}], loading: true, error: true, errorType: "errorType", onSearch: "[Function]", showHead: false, type: "resource", size: "standard", draggable: false, withHeader: false, nestedRows: false, withCheckbox: false, showMenu: false, headCellTooltip: true, separator: true
 (1ms)
    ✓ 
  data: [{"name":"Zara"},{"name":"Sara"}], schema: [{"name":"name","displayName":"Name","filters":[{"label":"A-G","value":"a-g"},{"label":"H-R","value":"h-r"},{"label":"S-Z","value":"s-z"}]}], loading: true, error: true, errorType: "errorType", onSearch: "[Function]", showHead: false, type: "resource", size: "standard", draggable: false, withHeader: false, nestedRows: false, withCheckbox: false, showMenu: false, headCellTooltip: true, separator: false
 (4ms)
    ✓ 
  data: [{"name":"Zara"},{"name":"Sara"}], schema: [{"name":"name","displayName":"Name","filters":[{"label":"A-G","value":"a-g"},{"label":"H-R","value":"h-r"},{"label":"S-Z","value":"s-z"}]}], loading: true, error: true, errorType: "errorType", onSearch: "[Function]", showHead: false, type: "resource", size: "standard", draggable: false, withHeader: false, nestedRows: false, withCheckbox: false, showMenu: false, headCellTooltip: false, separator: true
 (4ms)
    ✓ 
  data: [{"name":"Zara"},{"name":"Sara"}], schema: [{"name":"name","displayName":"Name","filters":[{"label":"A-G","value":"a-g"},{"label":"H-R","value":"h-r"},{"label":"S-Z","value":"s-z"}]}], loading: true, error: true, errorType: "errorType", onSearch: "[Function]", showHead: false, type: "resource", size: "standard", draggable: false, withHeader: false, nestedRows: false, withCheckbox: false, showMenu: false, headCellTooltip: false, separator: false
 (4ms)
    ✓ 
  data: [{"name":"Zara"},{"name":"Sara"}], schema: [{"name":"name","displayName":"Name","filters":[{"label":"A-G","value":"a-g"},{"label":"H-R","value":"h-r"},{"label":"S-Z","value":"s-z"}]}], loading: true, error: false, errorType: "errorType", onSearch: "[Function]", showHead: true, type: "resource", size: "standard", draggable: true, withHeader: true, nestedRows: true, withCheckbox: true, showMenu: true, headCellTooltip: true, separator: true
 (11ms)
    ✓ 
  data: [{"name":"Zara"},{"name":"Sara"}], schema: [{"name":"name","displayName":"Name","filters":[{"label":"A-G","value":"a-g"},{"label":"H-R","value":"h-r"},{"label":"S-Z","value":"s-z"}]}], loading: true, error: false, errorType: "errorType", onSearch: "[Function]", showHead: true, type: "resource", size: "standard", draggable: true, withHeader: true, nestedRows: true, withCheckbox: true, showMenu: true, headCellTooltip: true, separator: false
 (8ms)
    ✓ 
  data: [{"name":"Zara"},{"name":"Sara"}], schema: [{"name":"name","displayName":"Name","filters":[{"label":"A-G","value":"a-g"},{"label":"H-R","value":"h-r"},{"label":"S-Z","value":"s-z"}]}], loading: true, error: false, errorType: "errorType", onSearch: "[Function]", showHead: true, type: "resource", size: "standard", draggable: true, withHeader: true, nestedRows: true, withCheckbox: true, showMenu: true, headCellTooltip: false, separator: true
 (9ms)
    ✓ 
  data: [{"name":"Zara"},{"name":"Sara"}], schema: [{"name":"name","displayName":"Name","filters":[{"label":"A-G","value":"a-g"},{"label":"H-R","value":"h-r"},{"label":"S-Z","value":"s-z"}]}], loading: true, error: false, errorType: "errorType", onSearch: "[Function]", showHead: true, type: "resource", size: "standard", draggable: true, withHeader: true, nestedRows: true, withCheckbox: true, showMenu: true, headCellTooltip: false, separator: false
 (10ms)
    ✓ 
  data: [{"name":"Zara"},{"name":"Sara"}], schema: [{"name":"name","displayName":"Name","filters":[{"label":"A-G","value":"a-g"},{"label":"H-R","value":"h-r"},{"label":"S-Z","value":"s-z"}]}], loading: true, error: false, errorType: "errorType", onSearch: "[Function]", showHead: true, type: "resource", size: "standard", draggable: true, withHeader: true, nestedRows: true, withCheckbox: true, showMenu: false, headCellTooltip: true, separator: true
 (8ms)
    ✓ 
  data: [{"name":"Zara"},{"name":"Sara"}], schema: [{"name":"name","displayName":"Name","filters":[{"label":"A-G","value":"a-g"},{"label":"H-R","value":"h-r"},{"label":"S-Z","value":"s-z"}]}], loading: true, error: false, errorType: "errorType", onSearch: "[Function]", showHead: true, type: "resource", size: "standard", draggable: true, withHeader: true, nestedRows: true, withCheckbox: true, showMenu: false, headCellTooltip: true, separator: false
 (7ms)
    ✓ 
  data: [{"name":"Zara"},{"name":"Sara"}], schema: [{"name":"name","displayName":"Name","filters":[{"label":"A-G","value":"a-g"},{"label":"H-R","value":"h-r"},{"label":"S-Z","value":"s-z"}]}], loading: true, error: false, errorType: "errorType", onSearch: "[Function]", showHead: true, type: "resource", size: "standard", draggable: true, withHeader: true, nestedRows: true, withCheckbox: true, showMenu: false, headCellTooltip: false, separator: true
 (7ms)
    ✓ 
  data: [{"name":"Zara"},{"name":"Sara"}], schema: [{"name":"name","displayName":"Name","filters":[{"label":"A-G","value":"a-g"},{"label":"H-R","value":"h-r"},{"label":"S-Z","value":"s-z"}]}], loading: true, error: false, errorType: "errorType", onSearch: "[Function]", showHead: true, type: "resource", size: "standard", draggable: true, withHeader: true, nestedRows: true, withCheckbox: true, showMenu: false, headCellTooltip: false, separator: false
 (5ms)
    ✓ 
  data: [{"name":"Zara"},{"name":"Sara"}], schema: [{"name":"name","displayName":"Name","filters":[{"label":"A-G","value":"a-g"},{"label":"H-R","value":"h-r"},{"label":"S-Z","value":"s-z"}]}], loading: true, error: false, errorType: "errorType", onSearch: "[Function]", showHead: true, type: "resource", size: "standard", draggable: true, withHeader: true, nestedRows: true, withCheckbox: false, showMenu: true, headCellTooltip: true, separator: true
 (11ms)
    ✓ 
  data: [{"name":"Zara"},{"name":"Sara"}], schema: [{"name":"name","displayName":"Name","filters":[{"label":"A-G","value":"a-g"},{"label":"H-R","value":"h-r"},{"label":"S-Z","value":"s-z"}]}], loading: true, error: false, errorType: "errorType", onSearch: "[Function]", showHead: true, type: "resource", size: "standard", draggable: true, withHeader: true, nestedRows: true, withCheckbox: false, showMenu: true, headCellTooltip: true, separator: false
 (10ms)
    ✓ 
  data: [{"name":"Zara"},{"name":"Sara"}], schema: [{"name":"name","displayName":"Name","filters":[{"label":"A-G","value":"a-g"},{"label":"H-R","value":"h-r"},{"label":"S-Z","value":"s-z"}]}], loading: true, error: false, errorType: "errorType", onSearch: "[Function]", showHead: true, type: "resource", size: "standard", draggable: true, withHeader: true, nestedRows: true, withCheckbox: false, showMenu: true, headCellTooltip: false, separator: true
 (8ms)
    ✓ 
  data: [{"name":"Zara"},{"name":"Sara"}], schema: [{"name":"name","displayName":"Name","filters":[{"label":"A-G","value":"a-g"},{"label":"H-R","value":"h-r"},{"label":"S-Z","value":"s-z"}]}], loading: true, error: false, errorType: "errorType", onSearch: "[Function]", showHead: true, type: "resource", size: "standard", draggable: true, withHeader: true, nestedRows: true, withCheckbox: false, showMenu: true, headCellTooltip: false, separator: false
 (6ms)
    ✓ 
  data: [{"name":"Zara"},{"name":"Sara"}], schema: [{"name":"name","displayName":"Name","filters":[{"label":"A-G","value":"a-g"},{"label":"H-R","value":"h-r"},{"label":"S-Z","value":"s-z"}]}], loading: true, error: false, errorType: "errorType", onSearch: "[Function]", showHead: true, type: "resource", size: "standard", draggable: true, withHeader: true, nestedRows: true, withCheckbox: false, showMenu: false, headCellTooltip: true, separator: true
 (4ms)
    ✓ 
  data: [{"name":"Zara"},{"name":"Sara"}], schema: [{"name":"name","displayName":"Name","filters":[{"label":"A-G","value":"a-g"},{"label":"H-R","value":"h-r"},{"label":"S-Z","value":"s-z"}]}], loading: true, error: false, errorType: "errorType", onSearch: "[Function]", showHead: true, type: "resource", size: "standard", draggable: true, withHeader: true, nestedRows: true, withCheckbox: false, showMenu: false, headCellTooltip: true, separator: false
 (10ms)
    ✓ 
  data: [{"name":"Zara"},{"name":"Sara"}], schema: [{"name":"name","displayName":"Name","filters":[{"label":"A-G","value":"a-g"},{"label":"H-R","value":"h-r"},{"label":"S-Z","value":"s-z"}]}], loading: true, error: false, errorType: "errorType", onSearch: "[Function]", showHead: true, type: "resource", size: "standard", draggable: true, withHeader: true, nestedRows: true, withCheckbox: false, showMenu: false, headCellTooltip: false, separator: true
 (5ms)
    ✓ 
  data: [{"name":"Zara"},{"name":"Sara"}], schema: [{"name":"name","displayName":"Name","filters":[{"label":"A-G","value":"a-g"},{"label":"H-R","value":"h-r"},{"label":"S-Z","value":"s-z"}]}], loading: true, error: false, errorType: "errorType", onSearch: "[Function]", showHead: true, type: "resource", size: "standard", draggable: true, withHeader: true, nestedRows: true, withCheckbox: false, showMenu: false, headCellTooltip: false, separator: false
 (8ms)
    ✓ 
  data: [{"name":"Zara"},{"name":"Sara"}], schema: [{"name":"name","displayName":"Name","filters":[{"label":"A-G","value":"a-g"},{"label":"H-R","value":"h-r"},{"label":"S-Z","value":"s-z"}]}], loading: true, error: false, errorType: "errorType", onSearch: "[Function]", showHead: true, type: "resource", size: "standard", draggable: true, withHeader: true, nestedRows: false, withCheckbox: true, showMenu: true, headCellTooltip: true, separator: true
 (7ms)
    ✓ 
  data: [{"name":"Zara"},{"name":"Sara"}], schema: [{"name":"name","displayName":"Name","filters":[{"label":"A-G","value":"a-g"},{"label":"H-R","value":"h-r"},{"label":"S-Z","value":"s-z"}]}], loading: true, error: false, errorType: "errorType", onSearch: "[Function]", showHead: true, type: "resource", size: "standard", draggable: true, withHeader: true, nestedRows: false, withCheckbox: true, showMenu: true, headCellTooltip: true, separator: false
 (10ms)
    ✓ 
  data: [{"name":"Zara"},{"name":"Sara"}], schema: [{"name":"name","displayName":"Name","filters":[{"label":"A-G","value":"a-g"},{"label":"H-R","value":"h-r"},{"label":"S-Z","value":"s-z"}]}], loading: true, error: false, errorType: "errorType", onSearch: "[Function]", showHead: true, type: "resource", size: "standard", draggable: true, withHeader: true, nestedRows: false, withCheckbox: true, showMenu: true, headCellTooltip: false, separator: true
 (11ms)
    ✓ 
  data: [{"name":"Zara"},{"name":"Sara"}], schema: [{"name":"name","displayName":"Name","filters":[{"label":"A-G","value":"a-g"},{"label":"H-R","value":"h-r"},{"label":"S-Z","value":"s-z"}]}], loading: true, error: false, errorType: "errorType", onSearch: "[Function]", showHead: true, type: "resource", size: "standard", draggable: true, withHeader: true, nestedRows: false, withCheckbox: true, showMenu: true, headCellTooltip: false, separator: false
 (7ms)
    ✓ 
  data: [{"name":"Zara"},{"name":"Sara"}], schema: [{"name":"name","displayName":"Name","filters":[{"label":"A-G","value":"a-g"},{"label":"H-R","value":"h-r"},{"label":"S-Z","value":"s-z"}]}], loading: true, error: false, errorType: "errorType", onSearch: "[Function]", showHead: true, type: "resource", size: "standard", draggable: true, withHeader: true, nestedRows: false, withCheckbox: true, showMenu: false, headCellTooltip: true, separator: true
 (8ms)
    ✓ 
  data: [{"name":"Zara"},{"name":"Sara"}], schema: [{"name":"name","displayName":"Name","filters":[{"label":"A-G","value":"a-g"},{"label":"H-R","value":"h-r"},{"label":"S-Z","value":"s-z"}]}], loading: true, error: false, errorType: "errorType", onSearch: "[Function]", showHead: true, type: "resource", size: "standard", draggable: true, withHeader: true, nestedRows: false, withCheckbox: true, showMenu: false, headCellTooltip: true, separator: false
 (10ms)
    ✓ 
  data: [{"name":"Zara"},{"name":"Sara"}], schema: [{"name":"name","displayName":"Name","filters":[{"label":"A-G","value":"a-g"},{"label":"H-R","value":"h-r"},{"label":"S-Z","value":"s-z"}]}], loading: true, error: false, errorType: "errorType", onSearch: "[Function]", showHead: true, type: "resource", size: "standard", draggable: true, withHeader: true, nestedRows: false, withCheckbox: true, showMenu: false, headCellTooltip: false, separator: true
 (5ms)
    ✓ 
  data: [{"name":"Zara"},{"name":"Sara"}], schema: [{"name":"name","displayName":"Name","filters":[{"label":"A-G","value":"a-g"},{"label":"H-R","value":"h-r"},{"label":"S-Z","value":"s-z"}]}], loading: true, error: false, errorType: "errorType", onSearch: "[Function]", showHead: true, type: "resource", size: "standard", draggable: true, withHeader: true, nestedRows: false, withCheckbox: true, showMenu: false, headCellTooltip: false, separator: false
 (7ms)
    ✓ 
  data: [{"name":"Zara"},{"name":"Sara"}], schema: [{"name":"name","displayName":"Name","filters":[{"label":"A-G","value":"a-g"},{"label":"H-R","value":"h-r"},{"label":"S-Z","value":"s-z"}]}], loading: true, error: false, errorType: "errorType", onSearch: "[Function]", showHead: true, type: "resource", size: "standard", draggable: true, withHeader: true, nestedRows: false, withCheckbox: false, showMenu: true, headCellTooltip: true, separator: true
 (5ms)
    ✓ 
  data: [{"name":"Zara"},{"name":"Sara"}], schema: [{"name":"name","displayName":"Name","filters":[{"label":"A-G","value":"a-g"},{"label":"H-R","value":"h-r"},{"label":"S-Z","value":"s-z"}]}], loading: true, error: false, errorType: "errorType", onSearch: "[Function]", showHead: true, type: "resource", size: "standard", draggable: true, withHeader: true, nestedRows: false, withCheckbox: false, showMenu: true, headCellTooltip: true, separator: false
 (10ms)
    ✓ 
  data: [{"name":"Zara"},{"name":"Sara"}], schema: [{"name":"name","displayName":"Name","filters":[{"label":"A-G","value":"a-g"},{"label":"H-R","value":"h-r"},{"label":"S-Z","value":"s-z"}]}], loading: true, error: false, errorType: "errorType", onSearch: "[Function]", showHead: true, type: "resource", size: "standard", draggable: true, withHeader: true, nestedRows: false, withCheckbox: false, showMenu: true, headCellTooltip: false, separator: true
 (9ms)
    ✓ 
  data: [{"name":"Zara"},{"name":"Sara"}], schema: [{"name":"name","displayName":"Name","filters":[{"label":"A-G","value":"a-g"},{"label":"H-R","value":"h-r"},{"label":"S-Z","value":"s-z"}]}], loading: true, error: false, errorType: "errorType", onSearch: "[Function]", showHead: true, type: "resource", size: "standard", draggable: true, withHeader: true, nestedRows: false, withCheckbox: false, showMenu: true, headCellTooltip: false, separator: false
 (6ms)
    ✓ 
  data: [{"name":"Zara"},{"name":"Sara"}], schema: [{"name":"name","displayName":"Name","filters":[{"label":"A-G","value":"a-g"},{"label":"H-R","value":"h-r"},{"label":"S-Z","value":"s-z"}]}], loading: true, error: false, errorType: "errorType", onSearch: "[Function]", showHead: true, type: "resource", size: "standard", draggable: true, withHeader: true, nestedRows: false, withCheckbox: false, showMenu: false, headCellTooltip: true, separator: true
 (11ms)
    ✓ 
  data: [{"name":"Zara"},{"name":"Sara"}], schema: [{"name":"name","displayName":"Name","filters":[{"label":"A-G","value":"a-g"},{"label":"H-R","value":"h-r"},{"label":"S-Z","value":"s-z"}]}], loading: true, error: false, errorType: "errorType", onSearch: "[Function]", showHead: true, type: "resource", size: "standard", draggable: true, withHeader: true, nestedRows: false, withCheckbox: false, showMenu: false, headCellTooltip: true, separator: false
 (8ms)
    ✓ 
  data: [{"name":"Zara"},{"name":"Sara"}], schema: [{"name":"name","displayName":"Name","filters":[{"label":"A-G","value":"a-g"},{"label":"H-R","value":"h-r"},{"label":"S-Z","value":"s-z"}]}], loading: true, error: false, errorType: "errorType", onSearch: "[Function]", showHead: true, type: "resource", size: "standard", draggable: true, withHeader: true, nestedRows: false, withCheckbox: false, showMenu: false, headCellTooltip: false, separator: true
 (7ms)
    ✓ 
  data: [{"name":"Zara"},{"name":"Sara"}], schema: [{"name":"name","displayName":"Name","filters":[{"label":"A-G","value":"a-g"},{"label":"H-R","value":"h-r"},{"label":"S-Z","value":"s-z"}]}], loading: true, error: false, errorType: "errorType", onSearch: "[Function]", showHead: true, type: "resource", size: "standard", draggable: true, withHeader: true, nestedRows: false, withCheckbox: false, showMenu: false, headCellTooltip: false, separator: false
 (5ms)
    ✓ 
  data: [{"name":"Zara"},{"name":"Sara"}], schema: [{"name":"name","displayName":"Name","filters":[{"label":"A-G","value":"a-g"},{"label":"H-R","value":"h-r"},{"label":"S-Z","value":"s-z"}]}], loading: true, error: false, errorType: "errorType", onSearch: "[Function]", showHead: true, type: "resource", size: "standard", draggable: true, withHeader: false, nestedRows: true, withCheckbox: true, showMenu: true, headCellTooltip: true, separator: true
 (6ms)
    ✓ 
  data: [{"name":"Zara"},{"name":"Sara"}], schema: [{"name":"name","displayName":"Name","filters":[{"label":"A-G","value":"a-g"},{"label":"H-R","value":"h-r"},{"label":"S-Z","value":"s-z"}]}], loading: true, error: false, errorType: "errorType", onSearch: "[Function]", showHead: true, type: "resource", size: "standard", draggable: true, withHeader: false, nestedRows: true, withCheckbox: true, showMenu: true, headCellTooltip: true, separator: false
 (9ms)
    ✓ 
  data: [{"name":"Zara"},{"name":"Sara"}], schema: [{"name":"name","displayName":"Name","filters":[{"label":"A-G","value":"a-g"},{"label":"H-R","value":"h-r"},{"label":"S-Z","value":"s-z"}]}], loading: true, error: false, errorType: "errorType", onSearch: "[Function]", showHead: true, type: "resource", size: "standard", draggable: true, withHeader: false, nestedRows: true, withCheckbox: true, showMenu: true, headCellTooltip: false, separator: true
 (8ms)
    ✓ 
  data: [{"name":"Zara"},{"name":"Sara"}], schema: [{"name":"name","displayName":"Name","filters":[{"label":"A-G","value":"a-g"},{"label":"H-R","value":"h-r"},{"label":"S-Z","value":"s-z"}]}], loading: true, error: false, errorType: "errorType", onSearch: "[Function]", showHead: true, type: "resource", size: "standard", draggable: true, withHeader: false, nestedRows: true, withCheckbox: true, showMenu: true, headCellTooltip: false, separator: false
 (4ms)
    ✓ 
  data: [{"name":"Zara"},{"name":"Sara"}], schema: [{"name":"name","displayName":"Name","filters":[{"label":"A-G","value":"a-g"},{"label":"H-R","value":"h-r"},{"label":"S-Z","value":"s-z"}]}], loading: true, error: false, errorType: "errorType", onSearch: "[Function]", showHead: true, type: "resource", size: "standard", draggable: true, withHeader: false, nestedRows: true, withCheckbox: true, showMenu: false, headCellTooltip: true, separator: true
 (6ms)
    ✓ 
  data: [{"name":"Zara"},{"name":"Sara"}], schema: [{"name":"name","displayName":"Name","filters":[{"label":"A-G","value":"a-g"},{"label":"H-R","value":"h-r"},{"label":"S-Z","value":"s-z"}]}], loading: true, error: false, errorType: "errorType", onSearch: "[Function]", showHead: true, type: "resource", size: "standard", draggable: true, withHeader: false, nestedRows: true, withCheckbox: true, showMenu: false, headCellTooltip: true, separator: false
 (6ms)
    ✓ 
  data: [{"name":"Zara"},{"name":"Sara"}], schema: [{"name":"name","displayName":"Name","filters":[{"label":"A-G","value":"a-g"},{"label":"H-R","value":"h-r"},{"label":"S-Z","value":"s-z"}]}], loading: true, error: false, errorType: "errorType", onSearch: "[Function]", showHead: true, type: "resource", size: "standard", draggable: true, withHeader: false, nestedRows: true, withCheckbox: true, showMenu: false, headCellTooltip: false, separator: true
 (5ms)
    ✓ 
  data: [{"name":"Zara"},{"name":"Sara"}], schema: [{"name":"name","displayName":"Name","filters":[{"label":"A-G","value":"a-g"},{"label":"H-R","value":"h-r"},{"label":"S-Z","value":"s-z"}]}], loading: true, error: false, errorType: "errorType", onSearch: "[Function]", showHead: true, type: "resource", size: "standard", draggable: true, withHeader: false, nestedRows: true, withCheckbox: true, showMenu: false, headCellTooltip: false, separator: false
 (7ms)
    ✓ 
  data: [{"name":"Zara"},{"name":"Sara"}], schema: [{"name":"name","displayName":"Name","filters":[{"label":"A-G","value":"a-g"},{"label":"H-R","value":"h-r"},{"label":"S-Z","value":"s-z"}]}], loading: true, error: false, errorType: "errorType", onSearch: "[Function]", showHead: true, type: "resource", size: "standard", draggable: true, withHeader: false, nestedRows: true, withCheckbox: false, showMenu: true, headCellTooltip: true, separator: true
 (7ms)
    ✓ 
  data: [{"name":"Zara"},{"name":"Sara"}], schema: [{"name":"name","displayName":"Name","filters":[{"label":"A-G","value":"a-g"},{"label":"H-R","value":"h-r"},{"label":"S-Z","value":"s-z"}]}], loading: true, error: false, errorType: "errorType", onSearch: "[Function]", showHead: true, type: "resource", size: "standard", draggable: true, withHeader: false, nestedRows: true, withCheckbox: false, showMenu: true, headCellTooltip: true, separator: false
 (5ms)
    ✓ 
  data: [{"name":"Zara"},{"name":"Sara"}], schema: [{"name":"name","displayName":"Name","filters":[{"label":"A-G","value":"a-g"},{"label":"H-R","value":"h-r"},{"label":"S-Z","value":"s-z"}]}], loading: true, error: false, errorType: "errorType", onSearch: "[Function]", showHead: true, type: "resource", size: "standard", draggable: true, withHeader: false, nestedRows: true, withCheckbox: false, showMenu: true, headCellTooltip: false, separator: true
 (5ms)
    ✓ 
  data: [{"name":"Zara"},{"name":"Sara"}], schema: [{"name":"name","displayName":"Name","filters":[{"label":"A-G","value":"a-g"},{"label":"H-R","value":"h-r"},{"label":"S-Z","value":"s-z"}]}], loading: true, error: false, errorType: "errorType", onSearch: "[Function]", showHead: true, type: "resource", size: "standard", draggable: true, withHeader: false, nestedRows: true, withCheckbox: false, showMenu: true, headCellTooltip: false, separator: false
 (4ms)
    ✓ 
  data: [{"name":"Zara"},{"name":"Sara"}], schema: [{"name":"name","displayName":"Name","filters":[{"label":"A-G","value":"a-g"},{"label":"H-R","value":"h-r"},{"label":"S-Z","value":"s-z"}]}], loading: true, error: false, errorType: "errorType", onSearch: "[Function]", showHead: true, type: "resource", size: "standard", draggable: true, withHeader: false, nestedRows: true, withCheckbox: false, showMenu: false, headCellTooltip: true, separator: true
 (4ms)
    ✓ 
  data: [{"name":"Zara"},{"name":"Sara"}], schema: [{"name":"name","displayName":"Name","filters":[{"label":"A-G","value":"a-g"},{"label":"H-R","value":"h-r"},{"label":"S-Z","value":"s-z"}]}], loading: true, error: false, errorType: "errorType", onSearch: "[Function]", showHead: true, type: "resource", size: "standard", draggable: true, withHeader: false, nestedRows: true, withCheckbox: false, showMenu: false, headCellTooltip: true, separator: false
 (5ms)
    ✓ 
  data: [{"name":"Zara"},{"name":"Sara"}], schema: [{"name":"name","displayName":"Name","filters":[{"label":"A-G","value":"a-g"},{"label":"H-R","value":"h-r"},{"label":"S-Z","value":"s-z"}]}], loading: true, error: false, errorType: "errorType", onSearch: "[Function]", showHead: true, type: "resource", size: "standard", draggable: true, withHeader: false, nestedRows: true, withCheckbox: false, showMenu: false, headCellTooltip: false, separator: true
 (8ms)
    ✓ 
  data: [{"name":"Zara"},{"name":"Sara"}], schema: [{"name":"name","displayName":"Name","filters":[{"label":"A-G","value":"a-g"},{"label":"H-R","value":"h-r"},{"label":"S-Z","value":"s-z"}]}], loading: true, error: false, errorType: "errorType", onSearch: "[Function]", showHead: true, type: "resource", size: "standard", draggable: true, withHeader: false, nestedRows: true, withCheckbox: false, showMenu: false, headCellTooltip: false, separator: false
 (3ms)
    ✓ 
  data: [{"name":"Zara"},{"name":"Sara"}], schema: [{"name":"name","displayName":"Name","filters":[{"label":"A-G","value":"a-g"},{"label":"H-R","value":"h-r"},{"label":"S-Z","value":"s-z"}]}], loading: true, error: false, errorType: "errorType", onSearch: "[Function]", showHead: true, type: "resource", size: "standard", draggable: true, withHeader: false, nestedRows: false, withCheckbox: true, showMenu: true, headCellTooltip: true, separator: true
 (4ms)
    ✓ 
  data: [{"name":"Zara"},{"name":"Sara"}], schema: [{"name":"name","displayName":"Name","filters":[{"label":"A-G","value":"a-g"},{"label":"H-R","value":"h-r"},{"label":"S-Z","value":"s-z"}]}], loading: true, error: false, errorType: "errorType", onSearch: "[Function]", showHead: true, type: "resource", size: "standard", draggable: true, withHeader: false, nestedRows: false, withCheckbox: true, showMenu: true, headCellTooltip: true, separator: false
 (7ms)
    ✓ 
  data: [{"name":"Zara"},{"name":"Sara"}], schema: [{"name":"name","displayName":"Name","filters":[{"label":"A-G","value":"a-g"},{"label":"H-R","value":"h-r"},{"label":"S-Z","value":"s-z"}]}], loading: true, error: false, errorType: "errorType", onSearch: "[Function]", showHead: true, type: "resource", size: "standard", draggable: true, withHeader: false, nestedRows: false, withCheckbox: true, showMenu: true, headCellTooltip: false, separator: true
 (5ms)
    ✓ 
  data: [{"name":"Zara"},{"name":"Sara"}], schema: [{"name":"name","displayName":"Name","filters":[{"label":"A-G","value":"a-g"},{"label":"H-R","value":"h-r"},{"label":"S-Z","value":"s-z"}]}], loading: true, error: false, errorType: "errorType", onSearch: "[Function]", showHead: true, type: "resource", size: "standard", draggable: true, withHeader: false, nestedRows: false, withCheckbox: true, showMenu: true, headCellTooltip: false, separator: false
 (15ms)
    ✓ 
  data: [{"name":"Zara"},{"name":"Sara"}], schema: [{"name":"name","displayName":"Name","filters":[{"label":"A-G","value":"a-g"},{"label":"H-R","value":"h-r"},{"label":"S-Z","value":"s-z"}]}], loading: true, error: false, errorType: "errorType", onSearch: "[Function]", showHead: true, type: "resource", size: "standard", draggable: true, withHeader: false, nestedRows: false, withCheckbox: true, showMenu: false, headCellTooltip: true, separator: true
 (7ms)
    ✓ 
  data: [{"name":"Zara"},{"name":"Sara"}], schema: [{"name":"name","displayName":"Name","filters":[{"label":"A-G","value":"a-g"},{"label":"H-R","value":"h-r"},{"label":"S-Z","value":"s-z"}]}], loading: true, error: false, errorType: "errorType", onSearch: "[Function]", showHead: true, type: "resource", size: "standard", draggable: true, withHeader: false, nestedRows: false, withCheckbox: true, showMenu: false, headCellTooltip: true, separator: false
 (12ms)
    ✓ 
  data: [{"name":"Zara"},{"name":"Sara"}], schema: [{"name":"name","displayName":"Name","filters":[{"label":"A-G","value":"a-g"},{"label":"H-R","value":"h-r"},{"label":"S-Z","value":"s-z"}]}], loading: true, error: false, errorType: "errorType", onSearch: "[Function]", showHead: true, type: "resource", size: "standard", draggable: true, withHeader: false, nestedRows: false, withCheckbox: true, showMenu: false, headCellTooltip: false, separator: true
 (8ms)
    ✓ 
  data: [{"name":"Zara"},{"name":"Sara"}], schema: [{"name":"name","displayName":"Name","filters":[{"label":"A-G","value":"a-g"},{"label":"H-R","value":"h-r"},{"label":"S-Z","value":"s-z"}]}], loading: true, error: false, errorType: "errorType", onSearch: "[Function]", showHead: true, type: "resource", size: "standard", draggable: true, withHeader: false, nestedRows: false, withCheckbox: true, showMenu: false, headCellTooltip: false, separator: false
 (7ms)
    ✓ 
  data: [{"name":"Zara"},{"name":"Sara"}], schema: [{"name":"name","displayName":"Name","filters":[{"label":"A-G","value":"a-g"},{"label":"H-R","value":"h-r"},{"label":"S-Z","value":"s-z"}]}], loading: true, error: false, errorType: "errorType", onSearch: "[Function]", showHead: true, type: "resource", size: "standard", draggable: true, withHeader: false, nestedRows: false, withCheckbox: false, showMenu: true, headCellTooltip: true, separator: true
 (10ms)
    ✓ 
  data: [{"name":"Zara"},{"name":"Sara"}], schema: [{"name":"name","displayName":"Name","filters":[{"label":"A-G","value":"a-g"},{"label":"H-R","value":"h-r"},{"label":"S-Z","value":"s-z"}]}], loading: true, error: false, errorType: "errorType", onSearch: "[Function]", showHead: true, type: "resource", size: "standard", draggable: true, withHeader: false, nestedRows: false, withCheckbox: false, showMenu: true, headCellTooltip: true, separator: false
 (13ms)
    ✓ 
  data: [{"name":"Zara"},{"name":"Sara"}], schema: [{"name":"name","displayName":"Name","filters":[{"label":"A-G","value":"a-g"},{"label":"H-R","value":"h-r"},{"label":"S-Z","value":"s-z"}]}], loading: true, error: false, errorType: "errorType", onSearch: "[Function]", showHead: true, type: "resource", size: "standard", draggable: true, withHeader: false, nestedRows: false, withCheckbox: false, showMenu: true, headCellTooltip: false, separator: true
 (6ms)
    ✓ 
  data: [{"name":"Zara"},{"name":"Sara"}], schema: [{"name":"name","displayName":"Name","filters":[{"label":"A-G","value":"a-g"},{"label":"H-R","value":"h-r"},{"label":"S-Z","value":"s-z"}]}], loading: true, error: false, errorType: "errorType", onSearch: "[Function]", showHead: true, type: "resource", size: "standard", draggable: true, withHeader: false, nestedRows: false, withCheckbox: false, showMenu: true, headCellTooltip: false, separator: false
 (4ms)
    ✓ 
  data: [{"name":"Zara"},{"name":"Sara"}], schema: [{"name":"name","displayName":"Name","filters":[{"label":"A-G","value":"a-g"},{"label":"H-R","value":"h-r"},{"label":"S-Z","value":"s-z"}]}], loading: true, error: false, errorType: "errorType", onSearch: "[Function]", showHead: true, type: "resource", size: "standard", draggable: true, withHeader: false, nestedRows: false, withCheckbox: false, showMenu: false, headCellTooltip: true, separator: true
 (4ms)
    ✓ 
  data: [{"name":"Zara"},{"name":"Sara"}], schema: [{"name":"name","displayName":"Name","filters":[{"label":"A-G","value":"a-g"},{"label":"H-R","value":"h-r"},{"label":"S-Z","value":"s-z"}]}], loading: true, error: false, errorType: "errorType", onSearch: "[Function]", showHead: true, type: "resource", size: "standard", draggable: true, withHeader: false, nestedRows: false, withCheckbox: false, showMenu: false, headCellTooltip: true, separator: false
 (8ms)
    ✓ 
  data: [{"name":"Zara"},{"name":"Sara"}], schema: [{"name":"name","displayName":"Name","filters":[{"label":"A-G","value":"a-g"},{"label":"H-R","value":"h-r"},{"label":"S-Z","value":"s-z"}]}], loading: true, error: false, errorType: "errorType", onSearch: "[Function]", showHead: true, type: "resource", size: "standard", draggable: true, withHeader: false, nestedRows: false, withCheckbox: false, showMenu: false, headCellTooltip: false, separator: true
 (4ms)
    ✓ 
  data: [{"name":"Zara"},{"name":"Sara"}], schema: [{"name":"name","displayName":"Name","filters":[{"label":"A-G","value":"a-g"},{"label":"H-R","value":"h-r"},{"label":"S-Z","value":"s-z"}]}], loading: true, error: false, errorType: "errorType", onSearch: "[Function]", showHead: true, type: "resource", size: "standard", draggable: true, withHeader: false, nestedRows: false, withCheckbox: false, showMenu: false, headCellTooltip: false, separator: false
 (8ms)
    ✓ 
  data: [{"name":"Zara"},{"name":"Sara"}], schema: [{"name":"name","displayName":"Name","filters":[{"label":"A-G","value":"a-g"},{"label":"H-R","value":"h-r"},{"label":"S-Z","value":"s-z"}]}], loading: true, error: false, errorType: "errorType", onSearch: "[Function]", showHead: true, type: "resource", size: "standard", draggable: false, withHeader: true, nestedRows: true, withCheckbox: true, showMenu: true, headCellTooltip: true, separator: true
 (11ms)
    ✓ 
  data: [{"name":"Zara"},{"name":"Sara"}], schema: [{"name":"name","displayName":"Name","filters":[{"label":"A-G","value":"a-g"},{"label":"H-R","value":"h-r"},{"label":"S-Z","value":"s-z"}]}], loading: true, error: false, errorType: "errorType", onSearch: "[Function]", showHead: true, type: "resource", size: "standard", draggable: false, withHeader: true, nestedRows: true, withCheckbox: true, showMenu: true, headCellTooltip: true, separator: false
 (8ms)
    ✓ 
  data: [{"name":"Zara"},{"name":"Sara"}], schema: [{"name":"name","displayName":"Name","filters":[{"label":"A-G","value":"a-g"},{"label":"H-R","value":"h-r"},{"label":"S-Z","value":"s-z"}]}], loading: true, error: false, errorType: "errorType", onSearch: "[Function]", showHead: true, type: "resource", size: "standard", draggable: false, withHeader: true, nestedRows: true, withCheckbox: true, showMenu: true, headCellTooltip: false, separator: true
 (7ms)
    ✓ 
  data: [{"name":"Zara"},{"name":"Sara"}], schema: [{"name":"name","displayName":"Name","filters":[{"label":"A-G","value":"a-g"},{"label":"H-R","value":"h-r"},{"label":"S-Z","value":"s-z"}]}], loading: true, error: false, errorType: "errorType", onSearch: "[Function]", showHead: true, type: "resource", size: "standard", draggable: false, withHeader: true, nestedRows: true, withCheckbox: true, showMenu: true, headCellTooltip: false, separator: false
 (10ms)
    ✓ 
  data: [{"name":"Zara"},{"name":"Sara"}], schema: [{"name":"name","displayName":"Name","filters":[{"label":"A-G","value":"a-g"},{"label":"H-R","value":"h-r"},{"label":"S-Z","value":"s-z"}]}], loading: true, error: false, errorType: "errorType", onSearch: "[Function]", showHead: true, type: "resource", size: "standard", draggable: false, withHeader: true, nestedRows: true, withCheckbox: true, showMenu: false, headCellTooltip: true, separator: true
 (9ms)
    ✓ 
  data: [{"name":"Zara"},{"name":"Sara"}], schema: [{"name":"name","displayName":"Name","filters":[{"label":"A-G","value":"a-g"},{"label":"H-R","value":"h-r"},{"label":"S-Z","value":"s-z"}]}], loading: true, error: false, errorType: "errorType", onSearch: "[Function]", showHead: true, type: "resource", size: "standard", draggable: false, withHeader: true, nestedRows: true, withCheckbox: true, showMenu: false, headCellTooltip: true, separator: false
 (6ms)
    ✓ 
  data: [{"name":"Zara"},{"name":"Sara"}], schema: [{"name":"name","displayName":"Name","filters":[{"label":"A-G","value":"a-g"},{"label":"H-R","value":"h-r"},{"label":"S-Z","value":"s-z"}]}], loading: true, error: false, errorType: "errorType", onSearch: "[Function]", showHead: true, type: "resource", size: "standard", draggable: false, withHeader: true, nestedRows: true, withCheckbox: true, showMenu: false, headCellTooltip: false, separator: true
 (12ms)
    ✓ 
  data: [{"name":"Zara"},{"name":"Sara"}], schema: [{"name":"name","displayName":"Name","filters":[{"label":"A-G","value":"a-g"},{"label":"H-R","value":"h-r"},{"label":"S-Z","value":"s-z"}]}], loading: true, error: false, errorType: "errorType", onSearch: "[Function]", showHead: true, type: "resource", size: "standard", draggable: false, withHeader: true, nestedRows: true, withCheckbox: true, showMenu: false, headCellTooltip: false, separator: false
 (6ms)
    ✓ 
  data: [{"name":"Zara"},{"name":"Sara"}], schema: [{"name":"name","displayName":"Name","filters":[{"label":"A-G","value":"a-g"},{"label":"H-R","value":"h-r"},{"label":"S-Z","value":"s-z"}]}], loading: true, error: false, errorType: "errorType", onSearch: "[Function]", showHead: true, type: "resource", size: "standard", draggable: false, withHeader: true, nestedRows: true, withCheckbox: false, showMenu: true, headCellTooltip: true, separator: true
 (7ms)
    ✓ 
  data: [{"name":"Zara"},{"name":"Sara"}], schema: [{"name":"name","displayName":"Name","filters":[{"label":"A-G","value":"a-g"},{"label":"H-R","value":"h-r"},{"label":"S-Z","value":"s-z"}]}], loading: true, error: false, errorType: "errorType", onSearch: "[Function]", showHead: true, type: "resource", size: "standard", draggable: false, withHeader: true, nestedRows: true, withCheckbox: false, showMenu: true, headCellTooltip: true, separator: false
 (13ms)
    ✓ 
  data: [{"name":"Zara"},{"name":"Sara"}], schema: [{"name":"name","displayName":"Name","filters":[{"label":"A-G","value":"a-g"},{"label":"H-R","value":"h-r"},{"label":"S-Z","value":"s-z"}]}], loading: true, error: false, errorType: "errorType", onSearch: "[Function]", showHead: true, type: "resource", size: "standard", draggable: false, withHeader: true, nestedRows: true, withCheckbox: false, showMenu: true, headCellTooltip: false, separator: true
 (5ms)
    ✓ 
  data: [{"name":"Zara"},{"name":"Sara"}], schema: [{"name":"name","displayName":"Name","filters":[{"label":"A-G","value":"a-g"},{"label":"H-R","value":"h-r"},{"label":"S-Z","value":"s-z"}]}], loading: true, error: false, errorType: "errorType", onSearch: "[Function]", showHead: true, type: "resource", size: "standard", draggable: false, withHeader: true, nestedRows: true, withCheckbox: false, showMenu: true, headCellTooltip: false, separator: false
 (9ms)
    ✓ 
  data: [{"name":"Zara"},{"name":"Sara"}], schema: [{"name":"name","displayName":"Name","filters":[{"label":"A-G","value":"a-g"},{"label":"H-R","value":"h-r"},{"label":"S-Z","value":"s-z"}]}], loading: true, error: false, errorType: "errorType", onSearch: "[Function]", showHead: true, type: "resource", size: "standard", draggable: false, withHeader: true, nestedRows: true, withCheckbox: false, showMenu: false, headCellTooltip: true, separator: true
 (6ms)
    ✓ 
  data: [{"name":"Zara"},{"name":"Sara"}], schema: [{"name":"name","displayName":"Name","filters":[{"label":"A-G","value":"a-g"},{"label":"H-R","value":"h-r"},{"label":"S-Z","value":"s-z"}]}], loading: true, error: false, errorType: "errorType", onSearch: "[Function]", showHead: true, type: "resource", size: "standard", draggable: false, withHeader: true, nestedRows: true, withCheckbox: false, showMenu: false, headCellTooltip: true, separator: false
 (8ms)
    ✓ 
  data: [{"name":"Zara"},{"name":"Sara"}], schema: [{"name":"name","displayName":"Name","filters":[{"label":"A-G","value":"a-g"},{"label":"H-R","value":"h-r"},{"label":"S-Z","value":"s-z"}]}], loading: true, error: false, errorType: "errorType", onSearch: "[Function]", showHead: true, type: "resource", size: "standard", draggable: false, withHeader: true, nestedRows: true, withCheckbox: false, showMenu: false, headCellTooltip: false, separator: true
 (10ms)
    ✓ 
  data: [{"name":"Zara"},{"name":"Sara"}], schema: [{"name":"name","displayName":"Name","filters":[{"label":"A-G","value":"a-g"},{"label":"H-R","value":"h-r"},{"label":"S-Z","value":"s-z"}]}], loading: true, error: false, errorType: "errorType", onSearch: "[Function]", showHead: true, type: "resource", size: "standard", draggable: false, withHeader: true, nestedRows: true, withCheckbox: false, showMenu: false, headCellTooltip: false, separator: false
 (7ms)
    ✓ 
  data: [{"name":"Zara"},{"name":"Sara"}], schema: [{"name":"name","displayName":"Name","filters":[{"label":"A-G","value":"a-g"},{"label":"H-R","value":"h-r"},{"label":"S-Z","value":"s-z"}]}], loading: true, error: false, errorType: "errorType", onSearch: "[Function]", showHead: true, type: "resource", size: "standard", draggable: false, withHeader: true, nestedRows: false, withCheckbox: true, showMenu: true, headCellTooltip: true, separator: true
 (8ms)
    ✓ 
  data: [{"name":"Zara"},{"name":"Sara"}], schema: [{"name":"name","displayName":"Name","filters":[{"label":"A-G","value":"a-g"},{"label":"H-R","value":"h-r"},{"label":"S-Z","value":"s-z"}]}], loading: true, error: false, errorType: "errorType", onSearch: "[Function]", showHead: true, type: "resource", size: "standard", draggable: false, withHeader: true, nestedRows: false, withCheckbox: true, showMenu: true, headCellTooltip: true, separator: false
 (9ms)
    ✓ 
  data: [{"name":"Zara"},{"name":"Sara"}], schema: [{"name":"name","displayName":"Name","filters":[{"label":"A-G","value":"a-g"},{"label":"H-R","value":"h-r"},{"label":"S-Z","value":"s-z"}]}], loading: true, error: false, errorType: "errorType", onSearch: "[Function]", showHead: true, type: "resource", size: "standard", draggable: false, withHeader: true, nestedRows: false, withCheckbox: true, showMenu: true, headCellTooltip: false, separator: true
 (8ms)
    ✓ 
  data: [{"name":"Zara"},{"name":"Sara"}], schema: [{"name":"name","displayName":"Name","filters":[{"label":"A-G","value":"a-g"},{"label":"H-R","value":"h-r"},{"label":"S-Z","value":"s-z"}]}], loading: true, error: false, errorType: "errorType", onSearch: "[Function]", showHead: true, type: "resource", size: "standard", draggable: false, withHeader: true, nestedRows: false, withCheckbox: true, showMenu: true, headCellTooltip: false, separator: false
 (10ms)
    ✓ 
  data: [{"name":"Zara"},{"name":"Sara"}], schema: [{"name":"name","displayName":"Name","filters":[{"label":"A-G","value":"a-g"},{"label":"H-R","value":"h-r"},{"label":"S-Z","value":"s-z"}]}], loading: true, error: false, errorType: "errorType", onSearch: "[Function]", showHead: true, type: "resource", size: "standard", draggable: false, withHeader: true, nestedRows: false, withCheckbox: true, showMenu: false, headCellTooltip: true, separator: true
 (7ms)
    ✓ 
  data: [{"name":"Zara"},{"name":"Sara"}], schema: [{"name":"name","displayName":"Name","filters":[{"label":"A-G","value":"a-g"},{"label":"H-R","value":"h-r"},{"label":"S-Z","value":"s-z"}]}], loading: true, error: false, errorType: "errorType", onSearch: "[Function]", showHead: true, type: "resource", size: "standard", draggable: false, withHeader: true, nestedRows: false, withCheckbox: true, showMenu: false, headCellTooltip: true, separator: false
 (6ms)
    ✓ 
  data: [{"name":"Zara"},{"name":"Sara"}], schema: [{"name":"name","displayName":"Name","filters":[{"label":"A-G","value":"a-g"},{"label":"H-R","value":"h-r"},{"label":"S-Z","value":"s-z"}]}], loading: true, error: false, errorType: "errorType", onSearch: "[Function]", showHead: true, type: "resource", size: "standard", draggable: false, withHeader: true, nestedRows: false, withCheckbox: true, showMenu: false, headCellTooltip: false, separator: true
 (7ms)
    ✓ 
  data: [{"name":"Zara"},{"name":"Sara"}], schema: [{"name":"name","displayName":"Name","filters":[{"label":"A-G","value":"a-g"},{"label":"H-R","value":"h-r"},{"label":"S-Z","value":"s-z"}]}], loading: true, error: false, errorType: "errorType", onSearch: "[Function]", showHead: true, type: "resource", size: "standard", draggable: false, withHeader: true, nestedRows: false, withCheckbox: true, showMenu: false, headCellTooltip: false, separator: false
 (5ms)
    ✓ 
  data: [{"name":"Zara"},{"name":"Sara"}], schema: [{"name":"name","displayName":"Name","filters":[{"label":"A-G","value":"a-g"},{"label":"H-R","value":"h-r"},{"label":"S-Z","value":"s-z"}]}], loading: true, error: false, errorType: "errorType", onSearch: "[Function]", showHead: true, type: "resource", size: "standard", draggable: false, withHeader: true, nestedRows: false, withCheckbox: false, showMenu: true, headCellTooltip: true, separator: true
 (14ms)
    ✓ 
  data: [{"name":"Zara"},{"name":"Sara"}], schema: [{"name":"name","displayName":"Name","filters":[{"label":"A-G","value":"a-g"},{"label":"H-R","value":"h-r"},{"label":"S-Z","value":"s-z"}]}], loading: true, error: false, errorType: "errorType", onSearch: "[Function]", showHead: true, type: "resource", size: "standard", draggable: false, withHeader: true, nestedRows: false, withCheckbox: false, showMenu: true, headCellTooltip: true, separator: false
 (5ms)
    ✓ 
  data: [{"name":"Zara"},{"name":"Sara"}], schema: [{"name":"name","displayName":"Name","filters":[{"label":"A-G","value":"a-g"},{"label":"H-R","value":"h-r"},{"label":"S-Z","value":"s-z"}]}], loading: true, error: false, errorType: "errorType", onSearch: "[Function]", showHead: true, type: "resource", size: "standard", draggable: false, withHeader: true, nestedRows: false, withCheckbox: false, showMenu: true, headCellTooltip: false, separator: true
 (29ms)
    ✓ 
  data: [{"name":"Zara"},{"name":"Sara"}], schema: [{"name":"name","displayName":"Name","filters":[{"label":"A-G","value":"a-g"},{"label":"H-R","value":"h-r"},{"label":"S-Z","value":"s-z"}]}], loading: true, error: false, errorType: "errorType", onSearch: "[Function]", showHead: true, type: "resource", size: "standard", draggable: false, withHeader: true, nestedRows: false, withCheckbox: false, showMenu: true, headCellTooltip: false, separator: false
 (15ms)
    ✓ 
  data: [{"name":"Zara"},{"name":"Sara"}], schema: [{"name":"name","displayName":"Name","filters":[{"label":"A-G","value":"a-g"},{"label":"H-R","value":"h-r"},{"label":"S-Z","value":"s-z"}]}], loading: true, error: false, errorType: "errorType", onSearch: "[Function]", showHead: true, type: "resource", size: "standard", draggable: false, withHeader: true, nestedRows: false, withCheckbox: false, showMenu: false, headCellTooltip: true, separator: true
 (18ms)
    ✓ 
  data: [{"name":"Zara"},{"name":"Sara"}], schema: [{"name":"name","displayName":"Name","filters":[{"label":"A-G","value":"a-g"},{"label":"H-R","value":"h-r"},{"label":"S-Z","value":"s-z"}]}], loading: true, error: false, errorType: "errorType", onSearch: "[Function]", showHead: true, type: "resource", size: "standard", draggable: false, withHeader: true, nestedRows: false, withCheckbox: false, showMenu: false, headCellTooltip: true, separator: false
 (8ms)
    ✓ 
  data: [{"name":"Zara"},{"name":"Sara"}], schema: [{"name":"name","displayName":"Name","filters":[{"label":"A-G","value":"a-g"},{"label":"H-R","value":"h-r"},{"label":"S-Z","value":"s-z"}]}], loading: true, error: false, errorType: "errorType", onSearch: "[Function]", showHead: true, type: "resource", size: "standard", draggable: false, withHeader: true, nestedRows: false, withCheckbox: false, showMenu: false, headCellTooltip: false, separator: true
 (6ms)
    ✓ 
  data: [{"name":"Zara"},{"name":"Sara"}], schema: [{"name":"name","displayName":"Name","filters":[{"label":"A-G","value":"a-g"},{"label":"H-R","value":"h-r"},{"label":"S-Z","value":"s-z"}]}], loading: true, error: false, errorType: "errorType", onSearch: "[Function]", showHead: true, type: "resource", size: "standard", draggable: false, withHeader: true, nestedRows: false, withCheckbox: false, showMenu: false, headCellTooltip: false, separator: false
 (6ms)
    ✓ 
  data: [{"name":"Zara"},{"name":"Sara"}], schema: [{"name":"name","displayName":"Name","filters":[{"label":"A-G","value":"a-g"},{"label":"H-R","value":"h-r"},{"label":"S-Z","value":"s-z"}]}], loading: true, error: false, errorType: "errorType", onSearch: "[Function]", showHead: true, type: "resource", size: "standard", draggable: false, withHeader: false, nestedRows: true, withCheckbox: true, showMenu: true, headCellTooltip: true, separator: true
 (15ms)
    ✓ 
  data: [{"name":"Zara"},{"name":"Sara"}], schema: [{"name":"name","displayName":"Name","filters":[{"label":"A-G","value":"a-g"},{"label":"H-R","value":"h-r"},{"label":"S-Z","value":"s-z"}]}], loading: true, error: false, errorType: "errorType", onSearch: "[Function]", showHead: true, type: "resource", size: "standard", draggable: false, withHeader: false, nestedRows: true, withCheckbox: true, showMenu: true, headCellTooltip: true, separator: false
 (15ms)
    ✓ 
  data: [{"name":"Zara"},{"name":"Sara"}], schema: [{"name":"name","displayName":"Name","filters":[{"label":"A-G","value":"a-g"},{"label":"H-R","value":"h-r"},{"label":"S-Z","value":"s-z"}]}], loading: true, error: false, errorType: "errorType", onSearch: "[Function]", showHead: true, type: "resource", size: "standard", draggable: false, withHeader: false, nestedRows: true, withCheckbox: true, showMenu: true, headCellTooltip: false, separator: true
 (19ms)
    ✓ 
  data: [{"name":"Zara"},{"name":"Sara"}], schema: [{"name":"name","displayName":"Name","filters":[{"label":"A-G","value":"a-g"},{"label":"H-R","value":"h-r"},{"label":"S-Z","value":"s-z"}]}], loading: true, error: false, errorType: "errorType", onSearch: "[Function]", showHead: true, type: "resource", size: "standard", draggable: false, withHeader: false, nestedRows: true, withCheckbox: true, showMenu: true, headCellTooltip: false, separator: false
 (9ms)
    ✓ 
  data: [{"name":"Zara"},{"name":"Sara"}], schema: [{"name":"name","displayName":"Name","filters":[{"label":"A-G","value":"a-g"},{"label":"H-R","value":"h-r"},{"label":"S-Z","value":"s-z"}]}], loading: true, error: false, errorType: "errorType", onSearch: "[Function]", showHead: true, type: "resource", size: "standard", draggable: false, withHeader: false, nestedRows: true, withCheckbox: true, showMenu: false, headCellTooltip: true, separator: true
 (5ms)
    ✓ 
  data: [{"name":"Zara"},{"name":"Sara"}], schema: [{"name":"name","displayName":"Name","filters":[{"label":"A-G","value":"a-g"},{"label":"H-R","value":"h-r"},{"label":"S-Z","value":"s-z"}]}], loading: true, error: false, errorType: "errorType", onSearch: "[Function]", showHead: true, type: "resource", size: "standard", draggable: false, withHeader: false, nestedRows: true, withCheckbox: true, showMenu: false, headCellTooltip: true, separator: false
 (8ms)
    ✓ 
  data: [{"name":"Zara"},{"name":"Sara"}], schema: [{"name":"name","displayName":"Name","filters":[{"label":"A-G","value":"a-g"},{"label":"H-R","value":"h-r"},{"label":"S-Z","value":"s-z"}]}], loading: true, error: false, errorType: "errorType", onSearch: "[Function]", showHead: true, type: "resource", size: "standard", draggable: false, withHeader: false, nestedRows: true, withCheckbox: true, showMenu: false, headCellTooltip: false, separator: true
 (7ms)
    ✓ 
  data: [{"name":"Zara"},{"name":"Sara"}], schema: [{"name":"name","displayName":"Name","filters":[{"label":"A-G","value":"a-g"},{"label":"H-R","value":"h-r"},{"label":"S-Z","value":"s-z"}]}], loading: true, error: false, errorType: "errorType", onSearch: "[Function]", showHead: true, type: "resource", size: "standard", draggable: false, withHeader: false, nestedRows: true, withCheckbox: true, showMenu: false, headCellTooltip: false, separator: false
 (6ms)
    ✓ 
  data: [{"name":"Zara"},{"name":"Sara"}], schema: [{"name":"name","displayName":"Name","filters":[{"label":"A-G","value":"a-g"},{"label":"H-R","value":"h-r"},{"label":"S-Z","value":"s-z"}]}], loading: true, error: false, errorType: "errorType", onSearch: "[Function]", showHead: true, type: "resource", size: "standard", draggable: false, withHeader: false, nestedRows: true, withCheckbox: false, showMenu: true, headCellTooltip: true, separator: true
 (14ms)
    ✓ 
  data: [{"name":"Zara"},{"name":"Sara"}], schema: [{"name":"name","displayName":"Name","filters":[{"label":"A-G","value":"a-g"},{"label":"H-R","value":"h-r"},{"label":"S-Z","value":"s-z"}]}], loading: true, error: false, errorType: "errorType", onSearch: "[Function]", showHead: true, type: "resource", size: "standard", draggable: false, withHeader: false, nestedRows: true, withCheckbox: false, showMenu: true, headCellTooltip: true, separator: false
 (9ms)
    ✓ 
  data: [{"name":"Zara"},{"name":"Sara"}], schema: [{"name":"name","displayName":"Name","filters":[{"label":"A-G","value":"a-g"},{"label":"H-R","value":"h-r"},{"label":"S-Z","value":"s-z"}]}], loading: true, error: false, errorType: "errorType", onSearch: "[Function]", showHead: true, type: "resource", size: "standard", draggable: false, withHeader: false, nestedRows: true, withCheckbox: false, showMenu: true, headCellTooltip: false, separator: true
 (5ms)
    ✓ 
  data: [{"name":"Zara"},{"name":"Sara"}], schema: [{"name":"name","displayName":"Name","filters":[{"label":"A-G","value":"a-g"},{"label":"H-R","value":"h-r"},{"label":"S-Z","value":"s-z"}]}], loading: true, error: false, errorType: "errorType", onSearch: "[Function]", showHead: true, type: "resource", size: "standard", draggable: false, withHeader: false, nestedRows: true, withCheckbox: false, showMenu: true, headCellTooltip: false, separator: false
 (5ms)
    ✓ 
  data: [{"name":"Zara"},{"name":"Sara"}], schema: [{"name":"name","displayName":"Name","filters":[{"label":"A-G","value":"a-g"},{"label":"H-R","value":"h-r"},{"label":"S-Z","value":"s-z"}]}], loading: true, error: false, errorType: "errorType", onSearch: "[Function]", showHead: true, type: "resource", size: "standard", draggable: false, withHeader: false, nestedRows: true, withCheckbox: false, showMenu: false, headCellTooltip: true, separator: true
 (4ms)
    ✓ 
  data: [{"name":"Zara"},{"name":"Sara"}], schema: [{"name":"name","displayName":"Name","filters":[{"label":"A-G","value":"a-g"},{"label":"H-R","value":"h-r"},{"label":"S-Z","value":"s-z"}]}], loading: true, error: false, errorType: "errorType", onSearch: "[Function]", showHead: true, type: "resource", size: "standard", draggable: false, withHeader: false, nestedRows: true, withCheckbox: false, showMenu: false, headCellTooltip: true, separator: false
 (4ms)
    ✓ 
  data: [{"name":"Zara"},{"name":"Sara"}], schema: [{"name":"name","displayName":"Name","filters":[{"label":"A-G","value":"a-g"},{"label":"H-R","value":"h-r"},{"label":"S-Z","value":"s-z"}]}], loading: true, error: false, errorType: "errorType", onSearch: "[Function]", showHead: true, type: "resource", size: "standard", draggable: false, withHeader: false, nestedRows: true, withCheckbox: false, showMenu: false, headCellTooltip: false, separator: true
 (8ms)
    ✓ 
  data: [{"name":"Zara"},{"name":"Sara"}], schema: [{"name":"name","displayName":"Name","filters":[{"label":"A-G","value":"a-g"},{"label":"H-R","value":"h-r"},{"label":"S-Z","value":"s-z"}]}], loading: true, error: false, errorType: "errorType", onSearch: "[Function]", showHead: true, type: "resource", size: "standard", draggable: false, withHeader: false, nestedRows: true, withCheckbox: false, showMenu: false, headCellTooltip: false, separator: false
 (3ms)
    ✓ 
  data: [{"name":"Zara"},{"name":"Sara"}], schema: [{"name":"name","displayName":"Name","filters":[{"label":"A-G","value":"a-g"},{"label":"H-R","value":"h-r"},{"label":"S-Z","value":"s-z"}]}], loading: true, error: false, errorType: "errorType", onSearch: "[Function]", showHead: true, type: "resource", size: "standard", draggable: false, withHeader: false, nestedRows: false, withCheckbox: true, showMenu: true, headCellTooltip: true, separator: true
 (8ms)
    ✓ 
  data: [{"name":"Zara"},{"name":"Sara"}], schema: [{"name":"name","displayName":"Name","filters":[{"label":"A-G","value":"a-g"},{"label":"H-R","value":"h-r"},{"label":"S-Z","value":"s-z"}]}], loading: true, error: false, errorType: "errorType", onSearch: "[Function]", showHead: true, type: "resource", size: "standard", draggable: false, withHeader: false, nestedRows: false, withCheckbox: true, showMenu: true, headCellTooltip: true, separator: false
 (5ms)
    ✓ 
  data: [{"name":"Zara"},{"name":"Sara"}], schema: [{"name":"name","displayName":"Name","filters":[{"label":"A-G","value":"a-g"},{"label":"H-R","value":"h-r"},{"label":"S-Z","value":"s-z"}]}], loading: true, error: false, errorType: "errorType", onSearch: "[Function]", showHead: true, type: "resource", size: "standard", draggable: false, withHeader: false, nestedRows: false, withCheckbox: true, showMenu: true, headCellTooltip: false, separator: true
 (5ms)
    ✓ 
  data: [{"name":"Zara"},{"name":"Sara"}], schema: [{"name":"name","displayName":"Name","filters":[{"label":"A-G","value":"a-g"},{"label":"H-R","value":"h-r"},{"label":"S-Z","value":"s-z"}]}], loading: true, error: false, errorType: "errorType", onSearch: "[Function]", showHead: true, type: "resource", size: "standard", draggable: false, withHeader: false, nestedRows: false, withCheckbox: true, showMenu: true, headCellTooltip: false, separator: false
 (8ms)
    ✓ 
  data: [{"name":"Zara"},{"name":"Sara"}], schema: [{"name":"name","displayName":"Name","filters":[{"label":"A-G","value":"a-g"},{"label":"H-R","value":"h-r"},{"label":"S-Z","value":"s-z"}]}], loading: true, error: false, errorType: "errorType", onSearch: "[Function]", showHead: true, type: "resource", size: "standard", draggable: false, withHeader: false, nestedRows: false, withCheckbox: true, showMenu: false, headCellTooltip: true, separator: true
 (7ms)
    ✓ 
  data: [{"name":"Zara"},{"name":"Sara"}], schema: [{"name":"name","displayName":"Name","filters":[{"label":"A-G","value":"a-g"},{"label":"H-R","value":"h-r"},{"label":"S-Z","value":"s-z"}]}], loading: true, error: false, errorType: "errorType", onSearch: "[Function]", showHead: true, type: "resource", size: "standard", draggable: false, withHeader: false, nestedRows: false, withCheckbox: true, showMenu: false, headCellTooltip: true, separator: false
 (5ms)
    ✓ 
  data: [{"name":"Zara"},{"name":"Sara"}], schema: [{"name":"name","displayName":"Name","filters":[{"label":"A-G","value":"a-g"},{"label":"H-R","value":"h-r"},{"label":"S-Z","value":"s-z"}]}], loading: true, error: false, errorType: "errorType", onSearch: "[Function]", showHead: true, type: "resource", size: "standard", draggable: false, withHeader: false, nestedRows: false, withCheckbox: true, showMenu: false, headCellTooltip: false, separator: true
 (6ms)
    ✓ 
  data: [{"name":"Zara"},{"name":"Sara"}], schema: [{"name":"name","displayName":"Name","filters":[{"label":"A-G","value":"a-g"},{"label":"H-R","value":"h-r"},{"label":"S-Z","value":"s-z"}]}], loading: true, error: false, errorType: "errorType", onSearch: "[Function]", showHead: true, type: "resource", size: "standard", draggable: false, withHeader: false, nestedRows: false, withCheckbox: true, showMenu: false, headCellTooltip: false, separator: false
 (4ms)
    ✓ 
  data: [{"name":"Zara"},{"name":"Sara"}], schema: [{"name":"name","displayName":"Name","filters":[{"label":"A-G","value":"a-g"},{"label":"H-R","value":"h-r"},{"label":"S-Z","value":"s-z"}]}], loading: true, error: false, errorType: "errorType", onSearch: "[Function]", showHead: true, type: "resource", size: "standard", draggable: false, withHeader: false, nestedRows: false, withCheckbox: false, showMenu: true, headCellTooltip: true, separator: true
 (5ms)
    ✓ 
  data: [{"name":"Zara"},{"name":"Sara"}], schema: [{"name":"name","displayName":"Name","filters":[{"label":"A-G","value":"a-g"},{"label":"H-R","value":"h-r"},{"label":"S-Z","value":"s-z"}]}], loading: true, error: false, errorType: "errorType", onSearch: "[Function]", showHead: true, type: "resource", size: "standard", draggable: false, withHeader: false, nestedRows: false, withCheckbox: false, showMenu: true, headCellTooltip: true, separator: false
 (6ms)
    ✓ 
  data: [{"name":"Zara"},{"name":"Sara"}], schema: [{"name":"name","displayName":"Name","filters":[{"label":"A-G","value":"a-g"},{"label":"H-R","value":"h-r"},{"label":"S-Z","value":"s-z"}]}], loading: true, error: false, errorType: "errorType", onSearch: "[Function]", showHead: true, type: "resource", size: "standard", draggable: false, withHeader: false, nestedRows: false, withCheckbox: false, showMenu: true, headCellTooltip: false, separator: true
 (7ms)
    ✓ 
  data: [{"name":"Zara"},{"name":"Sara"}], schema: [{"name":"name","displayName":"Name","filters":[{"label":"A-G","value":"a-g"},{"label":"H-R","value":"h-r"},{"label":"S-Z","value":"s-z"}]}], loading: true, error: false, errorType: "errorType", onSearch: "[Function]", showHead: true, type: "resource", size: "standard", draggable: false, withHeader: false, nestedRows: false, withCheckbox: false, showMenu: true, headCellTooltip: false, separator: false
 (8ms)
    ✓ 
  data: [{"name":"Zara"},{"name":"Sara"}], schema: [{"name":"name","displayName":"Name","filters":[{"label":"A-G","value":"a-g"},{"label":"H-R","value":"h-r"},{"label":"S-Z","value":"s-z"}]}], loading: true, error: false, errorType: "errorType", onSearch: "[Function]", showHead: true, type: "resource", size: "standard", draggable: false, withHeader: false, nestedRows: false, withCheckbox: false, showMenu: false, headCellTooltip: true, separator: true
 (5ms)
    ✓ 
  data: [{"name":"Zara"},{"name":"Sara"}], schema: [{"name":"name","displayName":"Name","filters":[{"label":"A-G","value":"a-g"},{"label":"H-R","value":"h-r"},{"label":"S-Z","value":"s-z"}]}], loading: true, error: false, errorType: "errorType", onSearch: "[Function]", showHead: true, type: "resource", size: "standard", draggable: false, withHeader: false, nestedRows: false, withCheckbox: false, showMenu: false, headCellTooltip: true, separator: false
 (4ms)
    ✓ 
  data: [{"name":"Zara"},{"name":"Sara"}], schema: [{"name":"name","displayName":"Name","filters":[{"label":"A-G","value":"a-g"},{"label":"H-R","value":"h-r"},{"label":"S-Z","value":"s-z"}]}], loading: true, error: false, errorType: "errorType", onSearch: "[Function]", showHead: true, type: "resource", size: "standard", draggable: false, withHeader: false, nestedRows: false, withCheckbox: false, showMenu: false, headCellTooltip: false, separator: true
 (6ms)
    ✓ 
  data: [{"name":"Zara"},{"name":"Sara"}], schema: [{"name":"name","displayName":"Name","filters":[{"label":"A-G","value":"a-g"},{"label":"H-R","value":"h-r"},{"label":"S-Z","value":"s-z"}]}], loading: true, error: false, errorType: "errorType", onSearch: "[Function]", showHead: true, type: "resource", size: "standard", draggable: false, withHeader: false, nestedRows: false, withCheckbox: false, showMenu: false, headCellTooltip: false, separator: false
 (4ms)
    ✓ 
  data: [{"name":"Zara"},{"name":"Sara"}], schema: [{"name":"name","displayName":"Name","filters":[{"label":"A-G","value":"a-g"},{"label":"H-R","value":"h-r"},{"label":"S-Z","value":"s-z"}]}], loading: true, error: false, errorType: "errorType", onSearch: "[Function]", showHead: false, type: "resource", size: "standard", draggable: true, withHeader: true, nestedRows: true, withCheckbox: true, showMenu: true, headCellTooltip: true, separator: true
 (3ms)
    ✓ 
  data: [{"name":"Zara"},{"name":"Sara"}], schema: [{"name":"name","displayName":"Name","filters":[{"label":"A-G","value":"a-g"},{"label":"H-R","value":"h-r"},{"label":"S-Z","value":"s-z"}]}], loading: true, error: false, errorType: "errorType", onSearch: "[Function]", showHead: false, type: "resource", size: "standard", draggable: true, withHeader: true, nestedRows: true, withCheckbox: true, showMenu: true, headCellTooltip: true, separator: false
 (12ms)
    ✓ 
  data: [{"name":"Zara"},{"name":"Sara"}], schema: [{"name":"name","displayName":"Name","filters":[{"label":"A-G","value":"a-g"},{"label":"H-R","value":"h-r"},{"label":"S-Z","value":"s-z"}]}], loading: true, error: false, errorType: "errorType", onSearch: "[Function]", showHead: false, type: "resource", size: "standard", draggable: true, withHeader: true, nestedRows: true, withCheckbox: true, showMenu: true, headCellTooltip: false, separator: true
 (5ms)
    ✓ 
  data: [{"name":"Zara"},{"name":"Sara"}], schema: [{"name":"name","displayName":"Name","filters":[{"label":"A-G","value":"a-g"},{"label":"H-R","value":"h-r"},{"label":"S-Z","value":"s-z"}]}], loading: true, error: false, errorType: "errorType", onSearch: "[Function]", showHead: false, type: "resource", size: "standard", draggable: true, withHeader: true, nestedRows: true, withCheckbox: true, showMenu: true, headCellTooltip: false, separator: false
 (7ms)
    ✓ 
  data: [{"name":"Zara"},{"name":"Sara"}], schema: [{"name":"name","displayName":"Name","filters":[{"label":"A-G","value":"a-g"},{"label":"H-R","value":"h-r"},{"label":"S-Z","value":"s-z"}]}], loading: true, error: false, errorType: "errorType", onSearch: "[Function]", showHead: false, type: "resource", size: "standard", draggable: true, withHeader: true, nestedRows: true, withCheckbox: true, showMenu: false, headCellTooltip: true, separator: true
 (5ms)
    ✓ 
  data: [{"name":"Zara"},{"name":"Sara"}], schema: [{"name":"name","displayName":"Name","filters":[{"label":"A-G","value":"a-g"},{"label":"H-R","value":"h-r"},{"label":"S-Z","value":"s-z"}]}], loading: true, error: false, errorType: "errorType", onSearch: "[Function]", showHead: false, type: "resource", size: "standard", draggable: true, withHeader: true, nestedRows: true, withCheckbox: true, showMenu: false, headCellTooltip: true, separator: false
 (8ms)
    ✓ 
  data: [{"name":"Zara"},{"name":"Sara"}], schema: [{"name":"name","displayName":"Name","filters":[{"label":"A-G","value":"a-g"},{"label":"H-R","value":"h-r"},{"label":"S-Z","value":"s-z"}]}], loading: true, error: false, errorType: "errorType", onSearch: "[Function]", showHead: false, type: "resource", size: "standard", draggable: true, withHeader: true, nestedRows: true, withCheckbox: true, showMenu: false, headCellTooltip: false, separator: true
 (4ms)
    ✓ 
  data: [{"name":"Zara"},{"name":"Sara"}], schema: [{"name":"name","displayName":"Name","filters":[{"label":"A-G","value":"a-g"},{"label":"H-R","value":"h-r"},{"label":"S-Z","value":"s-z"}]}], loading: true, error: false, errorType: "errorType", onSearch: "[Function]", showHead: false, type: "resource", size: "standard", draggable: true, withHeader: true, nestedRows: true, withCheckbox: true, showMenu: false, headCellTooltip: false, separator: false
 (5ms)
    ✓ 
  data: [{"name":"Zara"},{"name":"Sara"}], schema: [{"name":"name","displayName":"Name","filters":[{"label":"A-G","value":"a-g"},{"label":"H-R","value":"h-r"},{"label":"S-Z","value":"s-z"}]}], loading: true, error: false, errorType: "errorType", onSearch: "[Function]", showHead: false, type: "resource", size: "standard", draggable: true, withHeader: true, nestedRows: true, withCheckbox: false, showMenu: true, headCellTooltip: true, separator: true
 (5ms)
    ✓ 
  data: [{"name":"Zara"},{"name":"Sara"}], schema: [{"name":"name","displayName":"Name","filters":[{"label":"A-G","value":"a-g"},{"label":"H-R","value":"h-r"},{"label":"S-Z","value":"s-z"}]}], loading: true, error: false, errorType: "errorType", onSearch: "[Function]", showHead: false, type: "resource", size: "standard", draggable: true, withHeader: true, nestedRows: true, withCheckbox: false, showMenu: true, headCellTooltip: true, separator: false
 (6ms)
    ✓ 
  data: [{"name":"Zara"},{"name":"Sara"}], schema: [{"name":"name","displayName":"Name","filters":[{"label":"A-G","value":"a-g"},{"label":"H-R","value":"h-r"},{"label":"S-Z","value":"s-z"}]}], loading: true, error: false, errorType: "errorType", onSearch: "[Function]", showHead: false, type: "resource", size: "standard", draggable: true, withHeader: true, nestedRows: true, withCheckbox: false, showMenu: true, headCellTooltip: false, separator: true
 (6ms)
    ✓ 
  data: [{"name":"Zara"},{"name":"Sara"}], schema: [{"name":"name","displayName":"Name","filters":[{"label":"A-G","value":"a-g"},{"label":"H-R","value":"h-r"},{"label":"S-Z","value":"s-z"}]}], loading: true, error: false, errorType: "errorType", onSearch: "[Function]", showHead: false, type: "resource", size: "standard", draggable: true, withHeader: true, nestedRows: true, withCheckbox: false, showMenu: true, headCellTooltip: false, separator: false
 (4ms)
    ✓ 
  data: [{"name":"Zara"},{"name":"Sara"}], schema: [{"name":"name","displayName":"Name","filters":[{"label":"A-G","value":"a-g"},{"label":"H-R","value":"h-r"},{"label":"S-Z","value":"s-z"}]}], loading: true, error: false, errorType: "errorType", onSearch: "[Function]", showHead: false, type: "resource", size: "standard", draggable: true, withHeader: true, nestedRows: true, withCheckbox: false, showMenu: false, headCellTooltip: true, separator: true
 (3ms)
    ✓ 
  data: [{"name":"Zara"},{"name":"Sara"}], schema: [{"name":"name","displayName":"Name","filters":[{"label":"A-G","value":"a-g"},{"label":"H-R","value":"h-r"},{"label":"S-Z","value":"s-z"}]}], loading: true, error: false, errorType: "errorType", onSearch: "[Function]", showHead: false, type: "resource", size: "standard", draggable: true, withHeader: true, nestedRows: true, withCheckbox: false, showMenu: false, headCellTooltip: true, separator: false
 (8ms)
    ✓ 
  data: [{"name":"Zara"},{"name":"Sara"}], schema: [{"name":"name","displayName":"Name","filters":[{"label":"A-G","value":"a-g"},{"label":"H-R","value":"h-r"},{"label":"S-Z","value":"s-z"}]}], loading: true, error: false, errorType: "errorType", onSearch: "[Function]", showHead: false, type: "resource", size: "standard", draggable: true, withHeader: true, nestedRows: true, withCheckbox: false, showMenu: false, headCellTooltip: false, separator: true
 (3ms)
    ✓ 
  data: [{"name":"Zara"},{"name":"Sara"}], schema: [{"name":"name","displayName":"Name","filters":[{"label":"A-G","value":"a-g"},{"label":"H-R","value":"h-r"},{"label":"S-Z","value":"s-z"}]}], loading: true, error: false, errorType: "errorType", onSearch: "[Function]", showHead: false, type: "resource", size: "standard", draggable: true, withHeader: true, nestedRows: true, withCheckbox: false, showMenu: false, headCellTooltip: false, separator: false
 (5ms)
    ✓ 
  data: [{"name":"Zara"},{"name":"Sara"}], schema: [{"name":"name","displayName":"Name","filters":[{"label":"A-G","value":"a-g"},{"label":"H-R","value":"h-r"},{"label":"S-Z","value":"s-z"}]}], loading: true, error: false, errorType: "errorType", onSearch: "[Function]", showHead: false, type: "resource", size: "standard", draggable: true, withHeader: true, nestedRows: false, withCheckbox: true, showMenu: true, headCellTooltip: true, separator: true
 (6ms)
    ✓ 
  data: [{"name":"Zara"},{"name":"Sara"}], schema: [{"name":"name","displayName":"Name","filters":[{"label":"A-G","value":"a-g"},{"label":"H-R","value":"h-r"},{"label":"S-Z","value":"s-z"}]}], loading: true, error: false, errorType: "errorType", onSearch: "[Function]", showHead: false, type: "resource", size: "standard", draggable: true, withHeader: true, nestedRows: false, withCheckbox: true, showMenu: true, headCellTooltip: true, separator: false
 (4ms)
    ✓ 
  data: [{"name":"Zara"},{"name":"Sara"}], schema: [{"name":"name","displayName":"Name","filters":[{"label":"A-G","value":"a-g"},{"label":"H-R","value":"h-r"},{"label":"S-Z","value":"s-z"}]}], loading: true, error: false, errorType: "errorType", onSearch: "[Function]", showHead: false, type: "resource", size: "standard", draggable: true, withHeader: true, nestedRows: false, withCheckbox: true, showMenu: true, headCellTooltip: false, separator: true
 (3ms)
    ✓ 
  data: [{"name":"Zara"},{"name":"Sara"}], schema: [{"name":"name","displayName":"Name","filters":[{"label":"A-G","value":"a-g"},{"label":"H-R","value":"h-r"},{"label":"S-Z","value":"s-z"}]}], loading: true, error: false, errorType: "errorType", onSearch: "[Function]", showHead: false, type: "resource", size: "standard", draggable: true, withHeader: true, nestedRows: false, withCheckbox: true, showMenu: true, headCellTooltip: false, separator: false
 (3ms)
    ✓ 
  data: [{"name":"Zara"},{"name":"Sara"}], schema: [{"name":"name","displayName":"Name","filters":[{"label":"A-G","value":"a-g"},{"label":"H-R","value":"h-r"},{"label":"S-Z","value":"s-z"}]}], loading: true, error: false, errorType: "errorType", onSearch: "[Function]", showHead: false, type: "resource", size: "standard", draggable: true, withHeader: true, nestedRows: false, withCheckbox: true, showMenu: false, headCellTooltip: true, separator: true
 (6ms)
    ✓ 
  data: [{"name":"Zara"},{"name":"Sara"}], schema: [{"name":"name","displayName":"Name","filters":[{"label":"A-G","value":"a-g"},{"label":"H-R","value":"h-r"},{"label":"S-Z","value":"s-z"}]}], loading: true, error: false, errorType: "errorType", onSearch: "[Function]", showHead: false, type: "resource", size: "standard", draggable: true, withHeader: true, nestedRows: false, withCheckbox: true, showMenu: false, headCellTooltip: true, separator: false
 (3ms)
    ✓ 
  data: [{"name":"Zara"},{"name":"Sara"}], schema: [{"name":"name","displayName":"Name","filters":[{"label":"A-G","value":"a-g"},{"label":"H-R","value":"h-r"},{"label":"S-Z","value":"s-z"}]}], loading: true, error: false, errorType: "errorType", onSearch: "[Function]", showHead: false, type: "resource", size: "standard", draggable: true, withHeader: true, nestedRows: false, withCheckbox: true, showMenu: false, headCellTooltip: false, separator: true
 (4ms)
    ✓ 
  data: [{"name":"Zara"},{"name":"Sara"}], schema: [{"name":"name","displayName":"Name","filters":[{"label":"A-G","value":"a-g"},{"label":"H-R","value":"h-r"},{"label":"S-Z","value":"s-z"}]}], loading: true, error: false, errorType: "errorType", onSearch: "[Function]", showHead: false, type: "resource", size: "standard", draggable: true, withHeader: true, nestedRows: false, withCheckbox: true, showMenu: false, headCellTooltip: false, separator: false
 (5ms)
    ✓ 
  data: [{"name":"Zara"},{"name":"Sara"}], schema: [{"name":"name","displayName":"Name","filters":[{"label":"A-G","value":"a-g"},{"label":"H-R","value":"h-r"},{"label":"S-Z","value":"s-z"}]}], loading: true, error: false, errorType: "errorType", onSearch: "[Function]", showHead: false, type: "resource", size: "standard", draggable: true, withHeader: true, nestedRows: false, withCheckbox: false, showMenu: true, headCellTooltip: true, separator: true
 (4ms)
    ✓ 
  data: [{"name":"Zara"},{"name":"Sara"}], schema: [{"name":"name","displayName":"Name","filters":[{"label":"A-G","value":"a-g"},{"label":"H-R","value":"h-r"},{"label":"S-Z","value":"s-z"}]}], loading: true, error: false, errorType: "errorType", onSearch: "[Function]", showHead: false, type: "resource", size: "standard", draggable: true, withHeader: true, nestedRows: false, withCheckbox: false, showMenu: true, headCellTooltip: true, separator: false
 (3ms)
    ✓ 
  data: [{"name":"Zara"},{"name":"Sara"}], schema: [{"name":"name","displayName":"Name","filters":[{"label":"A-G","value":"a-g"},{"label":"H-R","value":"h-r"},{"label":"S-Z","value":"s-z"}]}], loading: true, error: false, errorType: "errorType", onSearch: "[Function]", showHead: false, type: "resource", size: "standard", draggable: true, withHeader: true, nestedRows: false, withCheckbox: false, showMenu: true, headCellTooltip: false, separator: true
 (3ms)
    ✓ 
  data: [{"name":"Zara"},{"name":"Sara"}], schema: [{"name":"name","displayName":"Name","filters":[{"label":"A-G","value":"a-g"},{"label":"H-R","value":"h-r"},{"label":"S-Z","value":"s-z"}]}], loading: true, error: false, errorType: "errorType", onSearch: "[Function]", showHead: false, type: "resource", size: "standard", draggable: true, withHeader: true, nestedRows: false, withCheckbox: false, showMenu: true, headCellTooltip: false, separator: false
 (3ms)
    ✓ 
  data: [{"name":"Zara"},{"name":"Sara"}], schema: [{"name":"name","displayName":"Name","filters":[{"label":"A-G","value":"a-g"},{"label":"H-R","value":"h-r"},{"label":"S-Z","value":"s-z"}]}], loading: true, error: false, errorType: "errorType", onSearch: "[Function]", showHead: false, type: "resource", size: "standard", draggable: true, withHeader: true, nestedRows: false, withCheckbox: false, showMenu: false, headCellTooltip: true, separator: true
 (2ms)
    ✓ 
  data: [{"name":"Zara"},{"name":"Sara"}], schema: [{"name":"name","displayName":"Name","filters":[{"label":"A-G","value":"a-g"},{"label":"H-R","value":"h-r"},{"label":"S-Z","value":"s-z"}]}], loading: true, error: false, errorType: "errorType", onSearch: "[Function]", showHead: false, type: "resource", size: "standard", draggable: true, withHeader: true, nestedRows: false, withCheckbox: false, showMenu: false, headCellTooltip: true, separator: false
 (4ms)
    ✓ 
  data: [{"name":"Zara"},{"name":"Sara"}], schema: [{"name":"name","displayName":"Name","filters":[{"label":"A-G","value":"a-g"},{"label":"H-R","value":"h-r"},{"label":"S-Z","value":"s-z"}]}], loading: true, error: false, errorType: "errorType", onSearch: "[Function]", showHead: false, type: "resource", size: "standard", draggable: true, withHeader: true, nestedRows: false, withCheckbox: false, showMenu: false, headCellTooltip: false, separator: true
 (3ms)
    ✓ 
  data: [{"name":"Zara"},{"name":"Sara"}], schema: [{"name":"name","displayName":"Name","filters":[{"label":"A-G","value":"a-g"},{"label":"H-R","value":"h-r"},{"label":"S-Z","value":"s-z"}]}], loading: true, error: false, errorType: "errorType", onSearch: "[Function]", showHead: false, type: "resource", size: "standard", draggable: true, withHeader: true, nestedRows: false, withCheckbox: false, showMenu: false, headCellTooltip: false, separator: false
 (5ms)
    ✓ 
  data: [{"name":"Zara"},{"name":"Sara"}], schema: [{"name":"name","displayName":"Name","filters":[{"label":"A-G","value":"a-g"},{"label":"H-R","value":"h-r"},{"label":"S-Z","value":"s-z"}]}], loading: true, error: false, errorType: "errorType", onSearch: "[Function]", showHead: false, type: "resource", size: "standard", draggable: true, withHeader: false, nestedRows: true, withCheckbox: true, showMenu: true, headCellTooltip: true, separator: true
 (1ms)
    ✓ 
  data: [{"name":"Zara"},{"name":"Sara"}], schema: [{"name":"name","displayName":"Name","filters":[{"label":"A-G","value":"a-g"},{"label":"H-R","value":"h-r"},{"label":"S-Z","value":"s-z"}]}], loading: true, error: false, errorType: "errorType", onSearch: "[Function]", showHead: false, type: "resource", size: "standard", draggable: true, withHeader: false, nestedRows: true, withCheckbox: true, showMenu: true, headCellTooltip: true, separator: false
 (2ms)
    ✓ 
  data: [{"name":"Zara"},{"name":"Sara"}], schema: [{"name":"name","displayName":"Name","filters":[{"label":"A-G","value":"a-g"},{"label":"H-R","value":"h-r"},{"label":"S-Z","value":"s-z"}]}], loading: true, error: false, errorType: "errorType", onSearch: "[Function]", showHead: false, type: "resource", size: "standard", draggable: true, withHeader: false, nestedRows: true, withCheckbox: true, showMenu: true, headCellTooltip: false, separator: true
 (2ms)
    ✓ 
  data: [{"name":"Zara"},{"name":"Sara"}], schema: [{"name":"name","displayName":"Name","filters":[{"label":"A-G","value":"a-g"},{"label":"H-R","value":"h-r"},{"label":"S-Z","value":"s-z"}]}], loading: true, error: false, errorType: "errorType", onSearch: "[Function]", showHead: false, type: "resource", size: "standard", draggable: true, withHeader: false, nestedRows: true, withCheckbox: true, showMenu: true, headCellTooltip: false, separator: false
 (2ms)
    ✓ 
  data: [{"name":"Zara"},{"name":"Sara"}], schema: [{"name":"name","displayName":"Name","filters":[{"label":"A-G","value":"a-g"},{"label":"H-R","value":"h-r"},{"label":"S-Z","value":"s-z"}]}], loading: true, error: false, errorType: "errorType", onSearch: "[Function]", showHead: false, type: "resource", size: "standard", draggable: true, withHeader: false, nestedRows: true, withCheckbox: true, showMenu: false, headCellTooltip: true, separator: true
 (3ms)
    ✓ 
  data: [{"name":"Zara"},{"name":"Sara"}], schema: [{"name":"name","displayName":"Name","filters":[{"label":"A-G","value":"a-g"},{"label":"H-R","value":"h-r"},{"label":"S-Z","value":"s-z"}]}], loading: true, error: false, errorType: "errorType", onSearch: "[Function]", showHead: false, type: "resource", size: "standard", draggable: true, withHeader: false, nestedRows: true, withCheckbox: true, showMenu: false, headCellTooltip: true, separator: false
 (2ms)
    ✓ 
  data: [{"name":"Zara"},{"name":"Sara"}], schema: [{"name":"name","displayName":"Name","filters":[{"label":"A-G","value":"a-g"},{"label":"H-R","value":"h-r"},{"label":"S-Z","value":"s-z"}]}], loading: true, error: false, errorType: "errorType", onSearch: "[Function]", showHead: false, type: "resource", size: "standard", draggable: true, withHeader: false, nestedRows: true, withCheckbox: true, showMenu: false, headCellTooltip: false, separator: true
 (1ms)
    ✓ 
  data: [{"name":"Zara"},{"name":"Sara"}], schema: [{"name":"name","displayName":"Name","filters":[{"label":"A-G","value":"a-g"},{"label":"H-R","value":"h-r"},{"label":"S-Z","value":"s-z"}]}], loading: true, error: false, errorType: "errorType", onSearch: "[Function]", showHead: false, type: "resource", size: "standard", draggable: true, withHeader: false, nestedRows: true, withCheckbox: true, showMenu: false, headCellTooltip: false, separator: false
 (1ms)
    ✓ 
  data: [{"name":"Zara"},{"name":"Sara"}], schema: [{"name":"name","displayName":"Name","filters":[{"label":"A-G","value":"a-g"},{"label":"H-R","value":"h-r"},{"label":"S-Z","value":"s-z"}]}], loading: true, error: false, errorType: "errorType", onSearch: "[Function]", showHead: false, type: "resource", size: "standard", draggable: true, withHeader: false, nestedRows: true, withCheckbox: false, showMenu: true, headCellTooltip: true, separator: true
 (2ms)
    ✓ 
  data: [{"name":"Zara"},{"name":"Sara"}], schema: [{"name":"name","displayName":"Name","filters":[{"label":"A-G","value":"a-g"},{"label":"H-R","value":"h-r"},{"label":"S-Z","value":"s-z"}]}], loading: true, error: false, errorType: "errorType", onSearch: "[Function]", showHead: false, type: "resource", size: "standard", draggable: true, withHeader: false, nestedRows: true, withCheckbox: false, showMenu: true, headCellTooltip: true, separator: false
 (2ms)
    ✓ 
  data: [{"name":"Zara"},{"name":"Sara"}], schema: [{"name":"name","displayName":"Name","filters":[{"label":"A-G","value":"a-g"},{"label":"H-R","value":"h-r"},{"label":"S-Z","value":"s-z"}]}], loading: true, error: false, errorType: "errorType", onSearch: "[Function]", showHead: false, type: "resource", size: "standard", draggable: true, withHeader: false, nestedRows: true, withCheckbox: false, showMenu: true, headCellTooltip: false, separator: true
 (4ms)
    ✓ 
  data: [{"name":"Zara"},{"name":"Sara"}], schema: [{"name":"name","displayName":"Name","filters":[{"label":"A-G","value":"a-g"},{"label":"H-R","value":"h-r"},{"label":"S-Z","value":"s-z"}]}], loading: true, error: false, errorType: "errorType", onSearch: "[Function]", showHead: false, type: "resource", size: "standard", draggable: true, withHeader: false, nestedRows: true, withCheckbox: false, showMenu: true, headCellTooltip: false, separator: false
 (4ms)
    ✓ 
  data: [{"name":"Zara"},{"name":"Sara"}], schema: [{"name":"name","displayName":"Name","filters":[{"label":"A-G","value":"a-g"},{"label":"H-R","value":"h-r"},{"label":"S-Z","value":"s-z"}]}], loading: true, error: false, errorType: "errorType", onSearch: "[Function]", showHead: false, type: "resource", size: "standard", draggable: true, withHeader: false, nestedRows: true, withCheckbox: false, showMenu: false, headCellTooltip: true, separator: true
 (3ms)
    ✓ 
  data: [{"name":"Zara"},{"name":"Sara"}], schema: [{"name":"name","displayName":"Name","filters":[{"label":"A-G","value":"a-g"},{"label":"H-R","value":"h-r"},{"label":"S-Z","value":"s-z"}]}], loading: true, error: false, errorType: "errorType", onSearch: "[Function]", showHead: false, type: "resource", size: "standard", draggable: true, withHeader: false, nestedRows: true, withCheckbox: false, showMenu: false, headCellTooltip: true, separator: false
 (1ms)
    ✓ 
  data: [{"name":"Zara"},{"name":"Sara"}], schema: [{"name":"name","displayName":"Name","filters":[{"label":"A-G","value":"a-g"},{"label":"H-R","value":"h-r"},{"label":"S-Z","value":"s-z"}]}], loading: true, error: false, errorType: "errorType", onSearch: "[Function]", showHead: false, type: "resource", size: "standard", draggable: true, withHeader: false, nestedRows: true, withCheckbox: false, showMenu: false, headCellTooltip: false, separator: true
 (2ms)
    ✓ 
  data: [{"name":"Zara"},{"name":"Sara"}], schema: [{"name":"name","displayName":"Name","filters":[{"label":"A-G","value":"a-g"},{"label":"H-R","value":"h-r"},{"label":"S-Z","value":"s-z"}]}], loading: true, error: false, errorType: "errorType", onSearch: "[Function]", showHead: false, type: "resource", size: "standard", draggable: true, withHeader: false, nestedRows: true, withCheckbox: false, showMenu: false, headCellTooltip: false, separator: false
 (1ms)
    ✓ 
  data: [{"name":"Zara"},{"name":"Sara"}], schema: [{"name":"name","displayName":"Name","filters":[{"label":"A-G","value":"a-g"},{"label":"H-R","value":"h-r"},{"label":"S-Z","value":"s-z"}]}], loading: true, error: false, errorType: "errorType", onSearch: "[Function]", showHead: false, type: "resource", size: "standard", draggable: true, withHeader: false, nestedRows: false, withCheckbox: true, showMenu: true, headCellTooltip: true, separator: true
 (2ms)
    ✓ 
  data: [{"name":"Zara"},{"name":"Sara"}], schema: [{"name":"name","displayName":"Name","filters":[{"label":"A-G","value":"a-g"},{"label":"H-R","value":"h-r"},{"label":"S-Z","value":"s-z"}]}], loading: true, error: false, errorType: "errorType", onSearch: "[Function]", showHead: false, type: "resource", size: "standard", draggable: true, withHeader: false, nestedRows: false, withCheckbox: true, showMenu: true, headCellTooltip: true, separator: false
 (2ms)
    ✓ 
  data: [{"name":"Zara"},{"name":"Sara"}], schema: [{"name":"name","displayName":"Name","filters":[{"label":"A-G","value":"a-g"},{"label":"H-R","value":"h-r"},{"label":"S-Z","value":"s-z"}]}], loading: true, error: false, errorType: "errorType", onSearch: "[Function]", showHead: false, type: "resource", size: "standard", draggable: true, withHeader: false, nestedRows: false, withCheckbox: true, showMenu: true, headCellTooltip: false, separator: true
 (1ms)
    ✓ 
  data: [{"name":"Zara"},{"name":"Sara"}], schema: [{"name":"name","displayName":"Name","filters":[{"label":"A-G","value":"a-g"},{"label":"H-R","value":"h-r"},{"label":"S-Z","value":"s-z"}]}], loading: true, error: false, errorType: "errorType", onSearch: "[Function]", showHead: false, type: "resource", size: "standard", draggable: true, withHeader: false, nestedRows: false, withCheckbox: true, showMenu: true, headCellTooltip: false, separator: false
 (3ms)
    ✓ 
  data: [{"name":"Zara"},{"name":"Sara"}], schema: [{"name":"name","displayName":"Name","filters":[{"label":"A-G","value":"a-g"},{"label":"H-R","value":"h-r"},{"label":"S-Z","value":"s-z"}]}], loading: true, error: false, errorType: "errorType", onSearch: "[Function]", showHead: false, type: "resource", size: "standard", draggable: true, withHeader: false, nestedRows: false, withCheckbox: true, showMenu: false, headCellTooltip: true, separator: true
 (2ms)
    ✓ 
  data: [{"name":"Zara"},{"name":"Sara"}], schema: [{"name":"name","displayName":"Name","filters":[{"label":"A-G","value":"a-g"},{"label":"H-R","value":"h-r"},{"label":"S-Z","value":"s-z"}]}], loading: true, error: false, errorType: "errorType", onSearch: "[Function]", showHead: false, type: "resource", size: "standard", draggable: true, withHeader: false, nestedRows: false, withCheckbox: true, showMenu: false, headCellTooltip: true, separator: false
 (2ms)
    ✓ 
  data: [{"name":"Zara"},{"name":"Sara"}], schema: [{"name":"name","displayName":"Name","filters":[{"label":"A-G","value":"a-g"},{"label":"H-R","value":"h-r"},{"label":"S-Z","value":"s-z"}]}], loading: true, error: false, errorType: "errorType", onSearch: "[Function]", showHead: false, type: "resource", size: "standard", draggable: true, withHeader: false, nestedRows: false, withCheckbox: true, showMenu: false, headCellTooltip: false, separator: true
 (5ms)
    ✓ 
  data: [{"name":"Zara"},{"name":"Sara"}], schema: [{"name":"name","displayName":"Name","filters":[{"label":"A-G","value":"a-g"},{"label":"H-R","value":"h-r"},{"label":"S-Z","value":"s-z"}]}], loading: true, error: false, errorType: "errorType", onSearch: "[Function]", showHead: false, type: "resource", size: "standard", draggable: true, withHeader: false, nestedRows: false, withCheckbox: true, showMenu: false, headCellTooltip: false, separator: false
 (2ms)
    ✓ 
  data: [{"name":"Zara"},{"name":"Sara"}], schema: [{"name":"name","displayName":"Name","filters":[{"label":"A-G","value":"a-g"},{"label":"H-R","value":"h-r"},{"label":"S-Z","value":"s-z"}]}], loading: true, error: false, errorType: "errorType", onSearch: "[Function]", showHead: false, type: "resource", size: "standard", draggable: true, withHeader: false, nestedRows: false, withCheckbox: false, showMenu: true, headCellTooltip: true, separator: true
 (1ms)
    ✓ 
  data: [{"name":"Zara"},{"name":"Sara"}], schema: [{"name":"name","displayName":"Name","filters":[{"label":"A-G","value":"a-g"},{"label":"H-R","value":"h-r"},{"label":"S-Z","value":"s-z"}]}], loading: true, error: false, errorType: "errorType", onSearch: "[Function]", showHead: false, type: "resource", size: "standard", draggable: true, withHeader: false, nestedRows: false, withCheckbox: false, showMenu: true, headCellTooltip: true, separator: false
 (1ms)
    ✓ 
  data: [{"name":"Zara"},{"name":"Sara"}], schema: [{"name":"name","displayName":"Name","filters":[{"label":"A-G","value":"a-g"},{"label":"H-R","value":"h-r"},{"label":"S-Z","value":"s-z"}]}], loading: true, error: false, errorType: "errorType", onSearch: "[Function]", showHead: false, type: "resource", size: "standard", draggable: true, withHeader: false, nestedRows: false, withCheckbox: false, showMenu: true, headCellTooltip: false, separator: true
 (1ms)
    ✓ 
  data: [{"name":"Zara"},{"name":"Sara"}], schema: [{"name":"name","displayName":"Name","filters":[{"label":"A-G","value":"a-g"},{"label":"H-R","value":"h-r"},{"label":"S-Z","value":"s-z"}]}], loading: true, error: false, errorType: "errorType", onSearch: "[Function]", showHead: false, type: "resource", size: "standard", draggable: true, withHeader: false, nestedRows: false, withCheckbox: false, showMenu: true, headCellTooltip: false, separator: false
 (2ms)
    ✓ 
  data: [{"name":"Zara"},{"name":"Sara"}], schema: [{"name":"name","displayName":"Name","filters":[{"label":"A-G","value":"a-g"},{"label":"H-R","value":"h-r"},{"label":"S-Z","value":"s-z"}]}], loading: true, error: false, errorType: "errorType", onSearch: "[Function]", showHead: false, type: "resource", size: "standard", draggable: true, withHeader: false, nestedRows: false, withCheckbox: false, showMenu: false, headCellTooltip: true, separator: true
 (2ms)
    ✓ 
  data: [{"name":"Zara"},{"name":"Sara"}], schema: [{"name":"name","displayName":"Name","filters":[{"label":"A-G","value":"a-g"},{"label":"H-R","value":"h-r"},{"label":"S-Z","value":"s-z"}]}], loading: true, error: false, errorType: "errorType", onSearch: "[Function]", showHead: false, type: "resource", size: "standard", draggable: true, withHeader: false, nestedRows: false, withCheckbox: false, showMenu: false, headCellTooltip: true, separator: false
 (2ms)
    ✓ 
  data: [{"name":"Zara"},{"name":"Sara"}], schema: [{"name":"name","displayName":"Name","filters":[{"label":"A-G","value":"a-g"},{"label":"H-R","value":"h-r"},{"label":"S-Z","value":"s-z"}]}], loading: true, error: false, errorType: "errorType", onSearch: "[Function]", showHead: false, type: "resource", size: "standard", draggable: true, withHeader: false, nestedRows: false, withCheckbox: false, showMenu: false, headCellTooltip: false, separator: true
 (2ms)
    ✓ 
  data: [{"name":"Zara"},{"name":"Sara"}], schema: [{"name":"name","displayName":"Name","filters":[{"label":"A-G","value":"a-g"},{"label":"H-R","value":"h-r"},{"label":"S-Z","value":"s-z"}]}], loading: true, error: false, errorType: "errorType", onSearch: "[Function]", showHead: false, type: "resource", size: "standard", draggable: true, withHeader: false, nestedRows: false, withCheckbox: false, showMenu: false, headCellTooltip: false, separator: false
 (2ms)
    ✓ 
  data: [{"name":"Zara"},{"name":"Sara"}], schema: [{"name":"name","displayName":"Name","filters":[{"label":"A-G","value":"a-g"},{"label":"H-R","value":"h-r"},{"label":"S-Z","value":"s-z"}]}], loading: true, error: false, errorType: "errorType", onSearch: "[Function]", showHead: false, type: "resource", size: "standard", draggable: false, withHeader: true, nestedRows: true, withCheckbox: true, showMenu: true, headCellTooltip: true, separator: true
 (4ms)
    ✓ 
  data: [{"name":"Zara"},{"name":"Sara"}], schema: [{"name":"name","displayName":"Name","filters":[{"label":"A-G","value":"a-g"},{"label":"H-R","value":"h-r"},{"label":"S-Z","value":"s-z"}]}], loading: true, error: false, errorType: "errorType", onSearch: "[Function]", showHead: false, type: "resource", size: "standard", draggable: false, withHeader: true, nestedRows: true, withCheckbox: true, showMenu: true, headCellTooltip: true, separator: false
 (7ms)
    ✓ 
  data: [{"name":"Zara"},{"name":"Sara"}], schema: [{"name":"name","displayName":"Name","filters":[{"label":"A-G","value":"a-g"},{"label":"H-R","value":"h-r"},{"label":"S-Z","value":"s-z"}]}], loading: true, error: false, errorType: "errorType", onSearch: "[Function]", showHead: false, type: "resource", size: "standard", draggable: false, withHeader: true, nestedRows: true, withCheckbox: true, showMenu: true, headCellTooltip: false, separator: true
 (2ms)
    ✓ 
  data: [{"name":"Zara"},{"name":"Sara"}], schema: [{"name":"name","displayName":"Name","filters":[{"label":"A-G","value":"a-g"},{"label":"H-R","value":"h-r"},{"label":"S-Z","value":"s-z"}]}], loading: true, error: false, errorType: "errorType", onSearch: "[Function]", showHead: false, type: "resource", size: "standard", draggable: false, withHeader: true, nestedRows: true, withCheckbox: true, showMenu: true, headCellTooltip: false, separator: false
 (3ms)
    ✓ 
  data: [{"name":"Zara"},{"name":"Sara"}], schema: [{"name":"name","displayName":"Name","filters":[{"label":"A-G","value":"a-g"},{"label":"H-R","value":"h-r"},{"label":"S-Z","value":"s-z"}]}], loading: true, error: false, errorType: "errorType", onSearch: "[Function]", showHead: false, type: "resource", size: "standard", draggable: false, withHeader: true, nestedRows: true, withCheckbox: true, showMenu: false, headCellTooltip: true, separator: true
 (3ms)
    ✓ 
  data: [{"name":"Zara"},{"name":"Sara"}], schema: [{"name":"name","displayName":"Name","filters":[{"label":"A-G","value":"a-g"},{"label":"H-R","value":"h-r"},{"label":"S-Z","value":"s-z"}]}], loading: true, error: false, errorType: "errorType", onSearch: "[Function]", showHead: false, type: "resource", size: "standard", draggable: false, withHeader: true, nestedRows: true, withCheckbox: true, showMenu: false, headCellTooltip: true, separator: false
 (3ms)
    ✓ 
  data: [{"name":"Zara"},{"name":"Sara"}], schema: [{"name":"name","displayName":"Name","filters":[{"label":"A-G","value":"a-g"},{"label":"H-R","value":"h-r"},{"label":"S-Z","value":"s-z"}]}], loading: true, error: false, errorType: "errorType", onSearch: "[Function]", showHead: false, type: "resource", size: "standard", draggable: false, withHeader: true, nestedRows: true, withCheckbox: true, showMenu: false, headCellTooltip: false, separator: true
 (3ms)
    ✓ 
  data: [{"name":"Zara"},{"name":"Sara"}], schema: [{"name":"name","displayName":"Name","filters":[{"label":"A-G","value":"a-g"},{"label":"H-R","value":"h-r"},{"label":"S-Z","value":"s-z"}]}], loading: true, error: false, errorType: "errorType", onSearch: "[Function]", showHead: false, type: "resource", size: "standard", draggable: false, withHeader: true, nestedRows: true, withCheckbox: true, showMenu: false, headCellTooltip: false, separator: false
 (5ms)
    ✓ 
  data: [{"name":"Zara"},{"name":"Sara"}], schema: [{"name":"name","displayName":"Name","filters":[{"label":"A-G","value":"a-g"},{"label":"H-R","value":"h-r"},{"label":"S-Z","value":"s-z"}]}], loading: true, error: false, errorType: "errorType", onSearch: "[Function]", showHead: false, type: "resource", size: "standard", draggable: false, withHeader: true, nestedRows: true, withCheckbox: false, showMenu: true, headCellTooltip: true, separator: true
 (4ms)
    ✓ 
  data: [{"name":"Zara"},{"name":"Sara"}], schema: [{"name":"name","displayName":"Name","filters":[{"label":"A-G","value":"a-g"},{"label":"H-R","value":"h-r"},{"label":"S-Z","value":"s-z"}]}], loading: true, error: false, errorType: "errorType", onSearch: "[Function]", showHead: false, type: "resource", size: "standard", draggable: false, withHeader: true, nestedRows: true, withCheckbox: false, showMenu: true, headCellTooltip: true, separator: false
 (3ms)
    ✓ 
  data: [{"name":"Zara"},{"name":"Sara"}], schema: [{"name":"name","displayName":"Name","filters":[{"label":"A-G","value":"a-g"},{"label":"H-R","value":"h-r"},{"label":"S-Z","value":"s-z"}]}], loading: true, error: false, errorType: "errorType", onSearch: "[Function]", showHead: false, type: "resource", size: "standard", draggable: false, withHeader: true, nestedRows: true, withCheckbox: false, showMenu: true, headCellTooltip: false, separator: true
 (3ms)
    ✓ 
  data: [{"name":"Zara"},{"name":"Sara"}], schema: [{"name":"name","displayName":"Name","filters":[{"label":"A-G","value":"a-g"},{"label":"H-R","value":"h-r"},{"label":"S-Z","value":"s-z"}]}], loading: true, error: false, errorType: "errorType", onSearch: "[Function]", showHead: false, type: "resource", size: "standard", draggable: false, withHeader: true, nestedRows: true, withCheckbox: false, showMenu: true, headCellTooltip: false, separator: false
 (4ms)
    ✓ 
  data: [{"name":"Zara"},{"name":"Sara"}], schema: [{"name":"name","displayName":"Name","filters":[{"label":"A-G","value":"a-g"},{"label":"H-R","value":"h-r"},{"label":"S-Z","value":"s-z"}]}], loading: true, error: false, errorType: "errorType", onSearch: "[Function]", showHead: false, type: "resource", size: "standard", draggable: false, withHeader: true, nestedRows: true, withCheckbox: false, showMenu: false, headCellTooltip: true, separator: true
 (5ms)
    ✓ 
  data: [{"name":"Zara"},{"name":"Sara"}], schema: [{"name":"name","displayName":"Name","filters":[{"label":"A-G","value":"a-g"},{"label":"H-R","value":"h-r"},{"label":"S-Z","value":"s-z"}]}], loading: true, error: false, errorType: "errorType", onSearch: "[Function]", showHead: false, type: "resource", size: "standard", draggable: false, withHeader: true, nestedRows: true, withCheckbox: false, showMenu: false, headCellTooltip: true, separator: false
 (3ms)
    ✓ 
  data: [{"name":"Zara"},{"name":"Sara"}], schema: [{"name":"name","displayName":"Name","filters":[{"label":"A-G","value":"a-g"},{"label":"H-R","value":"h-r"},{"label":"S-Z","value":"s-z"}]}], loading: true, error: false, errorType: "errorType", onSearch: "[Function]", showHead: false, type: "resource", size: "standard", draggable: false, withHeader: true, nestedRows: true, withCheckbox: false, showMenu: false, headCellTooltip: false, separator: true
 (2ms)
    ✓ 
  data: [{"name":"Zara"},{"name":"Sara"}], schema: [{"name":"name","displayName":"Name","filters":[{"label":"A-G","value":"a-g"},{"label":"H-R","value":"h-r"},{"label":"S-Z","value":"s-z"}]}], loading: true, error: false, errorType: "errorType", onSearch: "[Function]", showHead: false, type: "resource", size: "standard", draggable: false, withHeader: true, nestedRows: true, withCheckbox: false, showMenu: false, headCellTooltip: false, separator: false
 (4ms)
    ✓ 
  data: [{"name":"Zara"},{"name":"Sara"}], schema: [{"name":"name","displayName":"Name","filters":[{"label":"A-G","value":"a-g"},{"label":"H-R","value":"h-r"},{"label":"S-Z","value":"s-z"}]}], loading: true, error: false, errorType: "errorType", onSearch: "[Function]", showHead: false, type: "resource", size: "standard", draggable: false, withHeader: true, nestedRows: false, withCheckbox: true, showMenu: true, headCellTooltip: true, separator: true
 (5ms)
    ✓ 
  data: [{"name":"Zara"},{"name":"Sara"}], schema: [{"name":"name","displayName":"Name","filters":[{"label":"A-G","value":"a-g"},{"label":"H-R","value":"h-r"},{"label":"S-Z","value":"s-z"}]}], loading: true, error: false, errorType: "errorType", onSearch: "[Function]", showHead: false, type: "resource", size: "standard", draggable: false, withHeader: true, nestedRows: false, withCheckbox: true, showMenu: true, headCellTooltip: true, separator: false
 (4ms)
    ✓ 
  data: [{"name":"Zara"},{"name":"Sara"}], schema: [{"name":"name","displayName":"Name","filters":[{"label":"A-G","value":"a-g"},{"label":"H-R","value":"h-r"},{"label":"S-Z","value":"s-z"}]}], loading: true, error: false, errorType: "errorType", onSearch: "[Function]", showHead: false, type: "resource", size: "standard", draggable: false, withHeader: true, nestedRows: false, withCheckbox: true, showMenu: true, headCellTooltip: false, separator: true
 (4ms)
    ✓ 
  data: [{"name":"Zara"},{"name":"Sara"}], schema: [{"name":"name","displayName":"Name","filters":[{"label":"A-G","value":"a-g"},{"label":"H-R","value":"h-r"},{"label":"S-Z","value":"s-z"}]}], loading: true, error: false, errorType: "errorType", onSearch: "[Function]", showHead: false, type: "resource", size: "standard", draggable: false, withHeader: true, nestedRows: false, withCheckbox: true, showMenu: true, headCellTooltip: false, separator: false
 (4ms)
    ✓ 
  data: [{"name":"Zara"},{"name":"Sara"}], schema: [{"name":"name","displayName":"Name","filters":[{"label":"A-G","value":"a-g"},{"label":"H-R","value":"h-r"},{"label":"S-Z","value":"s-z"}]}], loading: true, error: false, errorType: "errorType", onSearch: "[Function]", showHead: false, type: "resource", size: "standard", draggable: false, withHeader: true, nestedRows: false, withCheckbox: true, showMenu: false, headCellTooltip: true, separator: true
 (5ms)
    ✓ 
  data: [{"name":"Zara"},{"name":"Sara"}], schema: [{"name":"name","displayName":"Name","filters":[{"label":"A-G","value":"a-g"},{"label":"H-R","value":"h-r"},{"label":"S-Z","value":"s-z"}]}], loading: true, error: false, errorType: "errorType", onSearch: "[Function]", showHead: false, type: "resource", size: "standard", draggable: false, withHeader: true, nestedRows: false, withCheckbox: true, showMenu: false, headCellTooltip: true, separator: false
 (3ms)
    ✓ 
  data: [{"name":"Zara"},{"name":"Sara"}], schema: [{"name":"name","displayName":"Name","filters":[{"label":"A-G","value":"a-g"},{"label":"H-R","value":"h-r"},{"label":"S-Z","value":"s-z"}]}], loading: true, error: false, errorType: "errorType", onSearch: "[Function]", showHead: false, type: "resource", size: "standard", draggable: false, withHeader: true, nestedRows: false, withCheckbox: true, showMenu: false, headCellTooltip: false, separator: true
 (3ms)
    ✓ 
  data: [{"name":"Zara"},{"name":"Sara"}], schema: [{"name":"name","displayName":"Name","filters":[{"label":"A-G","value":"a-g"},{"label":"H-R","value":"h-r"},{"label":"S-Z","value":"s-z"}]}], loading: true, error: false, errorType: "errorType", onSearch: "[Function]", showHead: false, type: "resource", size: "standard", draggable: false, withHeader: true, nestedRows: false, withCheckbox: true, showMenu: false, headCellTooltip: false, separator: false
 (5ms)
    ✓ 
  data: [{"name":"Zara"},{"name":"Sara"}], schema: [{"name":"name","displayName":"Name","filters":[{"label":"A-G","value":"a-g"},{"label":"H-R","value":"h-r"},{"label":"S-Z","value":"s-z"}]}], loading: true, error: false, errorType: "errorType", onSearch: "[Function]", showHead: false, type: "resource", size: "standard", draggable: false, withHeader: true, nestedRows: false, withCheckbox: false, showMenu: true, headCellTooltip: true, separator: true
 (4ms)
    ✓ 
  data: [{"name":"Zara"},{"name":"Sara"}], schema: [{"name":"name","displayName":"Name","filters":[{"label":"A-G","value":"a-g"},{"label":"H-R","value":"h-r"},{"label":"S-Z","value":"s-z"}]}], loading: true, error: false, errorType: "errorType", onSearch: "[Function]", showHead: false, type: "resource", size: "standard", draggable: false, withHeader: true, nestedRows: false, withCheckbox: false, showMenu: true, headCellTooltip: true, separator: false
 (3ms)
    ✓ 
  data: [{"name":"Zara"},{"name":"Sara"}], schema: [{"name":"name","displayName":"Name","filters":[{"label":"A-G","value":"a-g"},{"label":"H-R","value":"h-r"},{"label":"S-Z","value":"s-z"}]}], loading: true, error: false, errorType: "errorType", onSearch: "[Function]", showHead: false, type: "resource", size: "standard", draggable: false, withHeader: true, nestedRows: false, withCheckbox: false, showMenu: true, headCellTooltip: false, separator: true
 (4ms)
    ✓ 
  data: [{"name":"Zara"},{"name":"Sara"}], schema: [{"name":"name","displayName":"Name","filters":[{"label":"A-G","value":"a-g"},{"label":"H-R","value":"h-r"},{"label":"S-Z","value":"s-z"}]}], loading: true, error: false, errorType: "errorType", onSearch: "[Function]", showHead: false, type: "resource", size: "standard", draggable: false, withHeader: true, nestedRows: false, withCheckbox: false, showMenu: true, headCellTooltip: false, separator: false
 (3ms)
    ✓ 
  data: [{"name":"Zara"},{"name":"Sara"}], schema: [{"name":"name","displayName":"Name","filters":[{"label":"A-G","value":"a-g"},{"label":"H-R","value":"h-r"},{"label":"S-Z","value":"s-z"}]}], loading: true, error: false, errorType: "errorType", onSearch: "[Function]", showHead: false, type: "resource", size: "standard", draggable: false, withHeader: true, nestedRows: false, withCheckbox: false, showMenu: false, headCellTooltip: true, separator: true
 (2ms)
    ✓ 
  data: [{"name":"Zara"},{"name":"Sara"}], schema: [{"name":"name","displayName":"Name","filters":[{"label":"A-G","value":"a-g"},{"label":"H-R","value":"h-r"},{"label":"S-Z","value":"s-z"}]}], loading: true, error: false, errorType: "errorType", onSearch: "[Function]", showHead: false, type: "resource", size: "standard", draggable: false, withHeader: true, nestedRows: false, withCheckbox: false, showMenu: false, headCellTooltip: true, separator: false
 (5ms)
    ✓ 
  data: [{"name":"Zara"},{"name":"Sara"}], schema: [{"name":"name","displayName":"Name","filters":[{"label":"A-G","value":"a-g"},{"label":"H-R","value":"h-r"},{"label":"S-Z","value":"s-z"}]}], loading: true, error: false, errorType: "errorType", onSearch: "[Function]", showHead: false, type: "resource", size: "standard", draggable: false, withHeader: true, nestedRows: false, withCheckbox: false, showMenu: false, headCellTooltip: false, separator: true
 (4ms)
    ✓ 
  data: [{"name":"Zara"},{"name":"Sara"}], schema: [{"name":"name","displayName":"Name","filters":[{"label":"A-G","value":"a-g"},{"label":"H-R","value":"h-r"},{"label":"S-Z","value":"s-z"}]}], loading: true, error: false, errorType: "errorType", onSearch: "[Function]", showHead: false, type: "resource", size: "standard", draggable: false, withHeader: true, nestedRows: false, withCheckbox: false, showMenu: false, headCellTooltip: false, separator: false
 (6ms)
    ✓ 
  data: [{"name":"Zara"},{"name":"Sara"}], schema: [{"name":"name","displayName":"Name","filters":[{"label":"A-G","value":"a-g"},{"label":"H-R","value":"h-r"},{"label":"S-Z","value":"s-z"}]}], loading: true, error: false, errorType: "errorType", onSearch: "[Function]", showHead: false, type: "resource", size: "standard", draggable: false, withHeader: false, nestedRows: true, withCheckbox: true, showMenu: true, headCellTooltip: true, separator: true
 (5ms)
    ✓ 
  data: [{"name":"Zara"},{"name":"Sara"}], schema: [{"name":"name","displayName":"Name","filters":[{"label":"A-G","value":"a-g"},{"label":"H-R","value":"h-r"},{"label":"S-Z","value":"s-z"}]}], loading: true, error: false, errorType: "errorType", onSearch: "[Function]", showHead: false, type: "resource", size: "standard", draggable: false, withHeader: false, nestedRows: true, withCheckbox: true, showMenu: true, headCellTooltip: true, separator: false
 (2ms)
    ✓ 
  data: [{"name":"Zara"},{"name":"Sara"}], schema: [{"name":"name","displayName":"Name","filters":[{"label":"A-G","value":"a-g"},{"label":"H-R","value":"h-r"},{"label":"S-Z","value":"s-z"}]}], loading: true, error: false, errorType: "errorType", onSearch: "[Function]", showHead: false, type: "resource", size: "standard", draggable: false, withHeader: false, nestedRows: true, withCheckbox: true, showMenu: true, headCellTooltip: false, separator: true
 (3ms)
    ✓ 
  data: [{"name":"Zara"},{"name":"Sara"}], schema: [{"name":"name","displayName":"Name","filters":[{"label":"A-G","value":"a-g"},{"label":"H-R","value":"h-r"},{"label":"S-Z","value":"s-z"}]}], loading: true, error: false, errorType: "errorType", onSearch: "[Function]", showHead: false, type: "resource", size: "standard", draggable: false, withHeader: false, nestedRows: true, withCheckbox: true, showMenu: true, headCellTooltip: false, separator: false
 (2ms)
    ✓ 
  data: [{"name":"Zara"},{"name":"Sara"}], schema: [{"name":"name","displayName":"Name","filters":[{"label":"A-G","value":"a-g"},{"label":"H-R","value":"h-r"},{"label":"S-Z","value":"s-z"}]}], loading: true, error: false, errorType: "errorType", onSearch: "[Function]", showHead: false, type: "resource", size: "standard", draggable: false, withHeader: false, nestedRows: true, withCheckbox: true, showMenu: false, headCellTooltip: true, separator: true
 (2ms)
    ✓ 
  data: [{"name":"Zara"},{"name":"Sara"}], schema: [{"name":"name","displayName":"Name","filters":[{"label":"A-G","value":"a-g"},{"label":"H-R","value":"h-r"},{"label":"S-Z","value":"s-z"}]}], loading: true, error: false, errorType: "errorType", onSearch: "[Function]", showHead: false, type: "resource", size: "standard", draggable: false, withHeader: false, nestedRows: true, withCheckbox: true, showMenu: false, headCellTooltip: true, separator: false
 (2ms)
    ✓ 
  data: [{"name":"Zara"},{"name":"Sara"}], schema: [{"name":"name","displayName":"Name","filters":[{"label":"A-G","value":"a-g"},{"label":"H-R","value":"h-r"},{"label":"S-Z","value":"s-z"}]}], loading: true, error: false, errorType: "errorType", onSearch: "[Function]", showHead: false, type: "resource", size: "standard", draggable: false, withHeader: false, nestedRows: true, withCheckbox: true, showMenu: false, headCellTooltip: false, separator: true
 (1ms)
    ✓ 
  data: [{"name":"Zara"},{"name":"Sara"}], schema: [{"name":"name","displayName":"Name","filters":[{"label":"A-G","value":"a-g"},{"label":"H-R","value":"h-r"},{"label":"S-Z","value":"s-z"}]}], loading: true, error: false, errorType: "errorType", onSearch: "[Function]", showHead: false, type: "resource", size: "standard", draggable: false, withHeader: false, nestedRows: true, withCheckbox: true, showMenu: false, headCellTooltip: false, separator: false
 (4ms)
    ✓ 
  data: [{"name":"Zara"},{"name":"Sara"}], schema: [{"name":"name","displayName":"Name","filters":[{"label":"A-G","value":"a-g"},{"label":"H-R","value":"h-r"},{"label":"S-Z","value":"s-z"}]}], loading: true, error: false, errorType: "errorType", onSearch: "[Function]", showHead: false, type: "resource", size: "standard", draggable: false, withHeader: false, nestedRows: true, withCheckbox: false, showMenu: true, headCellTooltip: true, separator: true
 (2ms)
    ✓ 
  data: [{"name":"Zara"},{"name":"Sara"}], schema: [{"name":"name","displayName":"Name","filters":[{"label":"A-G","value":"a-g"},{"label":"H-R","value":"h-r"},{"label":"S-Z","value":"s-z"}]}], loading: true, error: false, errorType: "errorType", onSearch: "[Function]", showHead: false, type: "resource", size: "standard", draggable: false, withHeader: false, nestedRows: true, withCheckbox: false, showMenu: true, headCellTooltip: true, separator: false
 (3ms)
    ✓ 
  data: [{"name":"Zara"},{"name":"Sara"}], schema: [{"name":"name","displayName":"Name","filters":[{"label":"A-G","value":"a-g"},{"label":"H-R","value":"h-r"},{"label":"S-Z","value":"s-z"}]}], loading: true, error: false, errorType: "errorType", onSearch: "[Function]", showHead: false, type: "resource", size: "standard", draggable: false, withHeader: false, nestedRows: true, withCheckbox: false, showMenu: true, headCellTooltip: false, separator: true
 (3ms)
    ✓ 
  data: [{"name":"Zara"},{"name":"Sara"}], schema: [{"name":"name","displayName":"Name","filters":[{"label":"A-G","value":"a-g"},{"label":"H-R","value":"h-r"},{"label":"S-Z","value":"s-z"}]}], loading: true, error: false, errorType: "errorType", onSearch: "[Function]", showHead: false, type: "resource", size: "standard", draggable: false, withHeader: false, nestedRows: true, withCheckbox: false, showMenu: true, headCellTooltip: false, separator: false
 (2ms)
    ✓ 
  data: [{"name":"Zara"},{"name":"Sara"}], schema: [{"name":"name","displayName":"Name","filters":[{"label":"A-G","value":"a-g"},{"label":"H-R","value":"h-r"},{"label":"S-Z","value":"s-z"}]}], loading: true, error: false, errorType: "errorType", onSearch: "[Function]", showHead: false, type: "resource", size: "standard", draggable: false, withHeader: false, nestedRows: true, withCheckbox: false, showMenu: false, headCellTooltip: true, separator: true
 (1ms)
    ✓ 
  data: [{"name":"Zara"},{"name":"Sara"}], schema: [{"name":"name","displayName":"Name","filters":[{"label":"A-G","value":"a-g"},{"label":"H-R","value":"h-r"},{"label":"S-Z","value":"s-z"}]}], loading: true, error: false, errorType: "errorType", onSearch: "[Function]", showHead: false, type: "resource", size: "standard", draggable: false, withHeader: false, nestedRows: true, withCheckbox: false, showMenu: false, headCellTooltip: true, separator: false
 (4ms)
    ✓ 
  data: [{"name":"Zara"},{"name":"Sara"}], schema: [{"name":"name","displayName":"Name","filters":[{"label":"A-G","value":"a-g"},{"label":"H-R","value":"h-r"},{"label":"S-Z","value":"s-z"}]}], loading: true, error: false, errorType: "errorType", onSearch: "[Function]", showHead: false, type: "resource", size: "standard", draggable: false, withHeader: false, nestedRows: true, withCheckbox: false, showMenu: false, headCellTooltip: false, separator: true
 (2ms)
    ✓ 
  data: [{"name":"Zara"},{"name":"Sara"}], schema: [{"name":"name","displayName":"Name","filters":[{"label":"A-G","value":"a-g"},{"label":"H-R","value":"h-r"},{"label":"S-Z","value":"s-z"}]}], loading: true, error: false, errorType: "errorType", onSearch: "[Function]", showHead: false, type: "resource", size: "standard", draggable: false, withHeader: false, nestedRows: true, withCheckbox: false, showMenu: false, headCellTooltip: false, separator: false
 (3ms)
    ✓ 
  data: [{"name":"Zara"},{"name":"Sara"}], schema: [{"name":"name","displayName":"Name","filters":[{"label":"A-G","value":"a-g"},{"label":"H-R","value":"h-r"},{"label":"S-Z","value":"s-z"}]}], loading: true, error: false, errorType: "errorType", onSearch: "[Function]", showHead: false, type: "resource", size: "standard", draggable: false, withHeader: false, nestedRows: false, withCheckbox: true, showMenu: true, headCellTooltip: true, separator: true
 (3ms)
    ✓ 
  data: [{"name":"Zara"},{"name":"Sara"}], schema: [{"name":"name","displayName":"Name","filters":[{"label":"A-G","value":"a-g"},{"label":"H-R","value":"h-r"},{"label":"S-Z","value":"s-z"}]}], loading: true, error: false, errorType: "errorType", onSearch: "[Function]", showHead: false, type: "resource", size: "standard", draggable: false, withHeader: false, nestedRows: false, withCheckbox: true, showMenu: true, headCellTooltip: true, separator: false
 (2ms)
    ✓ 
  data: [{"name":"Zara"},{"name":"Sara"}], schema: [{"name":"name","displayName":"Name","filters":[{"label":"A-G","value":"a-g"},{"label":"H-R","value":"h-r"},{"label":"S-Z","value":"s-z"}]}], loading: true, error: false, errorType: "errorType", onSearch: "[Function]", showHead: false, type: "resource", size: "standard", draggable: false, withHeader: false, nestedRows: false, withCheckbox: true, showMenu: true, headCellTooltip: false, separator: true
 (1ms)
    ✓ 
  data: [{"name":"Zara"},{"name":"Sara"}], schema: [{"name":"name","displayName":"Name","filters":[{"label":"A-G","value":"a-g"},{"label":"H-R","value":"h-r"},{"label":"S-Z","value":"s-z"}]}], loading: true, error: false, errorType: "errorType", onSearch: "[Function]", showHead: false, type: "resource", size: "standard", draggable: false, withHeader: false, nestedRows: false, withCheckbox: true, showMenu: true, headCellTooltip: false, separator: false
 (3ms)
    ✓ 
  data: [{"name":"Zara"},{"name":"Sara"}], schema: [{"name":"name","displayName":"Name","filters":[{"label":"A-G","value":"a-g"},{"label":"H-R","value":"h-r"},{"label":"S-Z","value":"s-z"}]}], loading: true, error: false, errorType: "errorType", onSearch: "[Function]", showHead: false, type: "resource", size: "standard", draggable: false, withHeader: false, nestedRows: false, withCheckbox: true, showMenu: false, headCellTooltip: true, separator: true
 (2ms)
    ✓ 
  data: [{"name":"Zara"},{"name":"Sara"}], schema: [{"name":"name","displayName":"Name","filters":[{"label":"A-G","value":"a-g"},{"label":"H-R","value":"h-r"},{"label":"S-Z","value":"s-z"}]}], loading: true, error: false, errorType: "errorType", onSearch: "[Function]", showHead: false, type: "resource", size: "standard", draggable: false, withHeader: false, nestedRows: false, withCheckbox: true, showMenu: false, headCellTooltip: true, separator: false
 (3ms)
    ✓ 
  data: [{"name":"Zara"},{"name":"Sara"}], schema: [{"name":"name","displayName":"Name","filters":[{"label":"A-G","value":"a-g"},{"label":"H-R","value":"h-r"},{"label":"S-Z","value":"s-z"}]}], loading: true, error: false, errorType: "errorType", onSearch: "[Function]", showHead: false, type: "resource", size: "standard", draggable: false, withHeader: false, nestedRows: false, withCheckbox: true, showMenu: false, headCellTooltip: false, separator: true
 (3ms)
    ✓ 
  data: [{"name":"Zara"},{"name":"Sara"}], schema: [{"name":"name","displayName":"Name","filters":[{"label":"A-G","value":"a-g"},{"label":"H-R","value":"h-r"},{"label":"S-Z","value":"s-z"}]}], loading: true, error: false, errorType: "errorType", onSearch: "[Function]", showHead: false, type: "resource", size: "standard", draggable: false, withHeader: false, nestedRows: false, withCheckbox: true, showMenu: false, headCellTooltip: false, separator: false
 (3ms)
    ✓ 
  data: [{"name":"Zara"},{"name":"Sara"}], schema: [{"name":"name","displayName":"Name","filters":[{"label":"A-G","value":"a-g"},{"label":"H-R","value":"h-r"},{"label":"S-Z","value":"s-z"}]}], loading: true, error: false, errorType: "errorType", onSearch: "[Function]", showHead: false, type: "resource", size: "standard", draggable: false, withHeader: false, nestedRows: false, withCheckbox: false, showMenu: true, headCellTooltip: true, separator: true
 (2ms)
    ✓ 
  data: [{"name":"Zara"},{"name":"Sara"}], schema: [{"name":"name","displayName":"Name","filters":[{"label":"A-G","value":"a-g"},{"label":"H-R","value":"h-r"},{"label":"S-Z","value":"s-z"}]}], loading: true, error: false, errorType: "errorType", onSearch: "[Function]", showHead: false, type: "resource", size: "standard", draggable: false, withHeader: false, nestedRows: false, withCheckbox: false, showMenu: true, headCellTooltip: true, separator: false
 (1ms)
    ✓ 
  data: [{"name":"Zara"},{"name":"Sara"}], schema: [{"name":"name","displayName":"Name","filters":[{"label":"A-G","value":"a-g"},{"label":"H-R","value":"h-r"},{"label":"S-Z","value":"s-z"}]}], loading: true, error: false, errorType: "errorType", onSearch: "[Function]", showHead: false, type: "resource", size: "standard", draggable: false, withHeader: false, nestedRows: false, withCheckbox: false, showMenu: true, headCellTooltip: false, separator: true
 (1ms)
    ✓ 
  data: [{"name":"Zara"},{"name":"Sara"}], schema: [{"name":"name","displayName":"Name","filters":[{"label":"A-G","value":"a-g"},{"label":"H-R","value":"h-r"},{"label":"S-Z","value":"s-z"}]}], loading: true, error: false, errorType: "errorType", onSearch: "[Function]", showHead: false, type: "resource", size: "standard", draggable: false, withHeader: false, nestedRows: false, withCheckbox: false, showMenu: true, headCellTooltip: false, separator: false
 (1ms)
    ✓ 
  data: [{"name":"Zara"},{"name":"Sara"}], schema: [{"name":"name","displayName":"Name","filters":[{"label":"A-G","value":"a-g"},{"label":"H-R","value":"h-r"},{"label":"S-Z","value":"s-z"}]}], loading: true, error: false, errorType: "errorType", onSearch: "[Function]", showHead: false, type: "resource", size: "standard", draggable: false, withHeader: false, nestedRows: false, withCheckbox: false, showMenu: false, headCellTooltip: true, separator: true
 (1ms)
    ✓ 
  data: [{"name":"Zara"},{"name":"Sara"}], schema: [{"name":"name","displayName":"Name","filters":[{"label":"A-G","value":"a-g"},{"label":"H-R","value":"h-r"},{"label":"S-Z","value":"s-z"}]}], loading: true, error: false, errorType: "errorType", onSearch: "[Function]", showHead: false, type: "resource", size: "standard", draggable: false, withHeader: false, nestedRows: false, withCheckbox: false, showMenu: false, headCellTooltip: true, separator: false
 (1ms)
    ✓ 
  data: [{"name":"Zara"},{"name":"Sara"}], schema: [{"name":"name","displayName":"Name","filters":[{"label":"A-G","value":"a-g"},{"label":"H-R","value":"h-r"},{"label":"S-Z","value":"s-z"}]}], loading: true, error: false, errorType: "errorType", onSearch: "[Function]", showHead: false, type: "resource", size: "standard", draggable: false, withHeader: false, nestedRows: false, withCheckbox: false, showMenu: false, headCellTooltip: false, separator: true
 (3ms)
    ✓ 
  data: [{"name":"Zara"},{"name":"Sara"}], schema: [{"name":"name","displayName":"Name","filters":[{"label":"A-G","value":"a-g"},{"label":"H-R","value":"h-r"},{"label":"S-Z","value":"s-z"}]}], loading: true, error: false, errorType: "errorType", onSearch: "[Function]", showHead: false, type: "resource", size: "standard", draggable: false, withHeader: false, nestedRows: false, withCheckbox: false, showMenu: false, headCellTooltip: false, separator: false
 (2ms)
    ✓ 
  data: [{"name":"Zara"},{"name":"Sara"}], schema: [{"name":"name","displayName":"Name","filters":[{"label":"A-G","value":"a-g"},{"label":"H-R","value":"h-r"},{"label":"S-Z","value":"s-z"}]}], loading: false, error: true, errorType: "errorType", onSearch: "[Function]", showHead: true, type: "resource", size: "standard", draggable: true, withHeader: true, nestedRows: true, withCheckbox: true, showMenu: true, headCellTooltip: true, separator: true
 (15ms)
    ✓ 
  data: [{"name":"Zara"},{"name":"Sara"}], schema: [{"name":"name","displayName":"Name","filters":[{"label":"A-G","value":"a-g"},{"label":"H-R","value":"h-r"},{"label":"S-Z","value":"s-z"}]}], loading: false, error: true, errorType: "errorType", onSearch: "[Function]", showHead: true, type: "resource", size: "standard", draggable: true, withHeader: true, nestedRows: true, withCheckbox: true, showMenu: true, headCellTooltip: true, separator: false
 (7ms)
    ✓ 
  data: [{"name":"Zara"},{"name":"Sara"}], schema: [{"name":"name","displayName":"Name","filters":[{"label":"A-G","value":"a-g"},{"label":"H-R","value":"h-r"},{"label":"S-Z","value":"s-z"}]}], loading: false, error: true, errorType: "errorType", onSearch: "[Function]", showHead: true, type: "resource", size: "standard", draggable: true, withHeader: true, nestedRows: true, withCheckbox: true, showMenu: true, headCellTooltip: false, separator: true
 (10ms)
    ✓ 
  data: [{"name":"Zara"},{"name":"Sara"}], schema: [{"name":"name","displayName":"Name","filters":[{"label":"A-G","value":"a-g"},{"label":"H-R","value":"h-r"},{"label":"S-Z","value":"s-z"}]}], loading: false, error: true, errorType: "errorType", onSearch: "[Function]", showHead: true, type: "resource", size: "standard", draggable: true, withHeader: true, nestedRows: true, withCheckbox: true, showMenu: true, headCellTooltip: false, separator: false
 (7ms)
    ✓ 
  data: [{"name":"Zara"},{"name":"Sara"}], schema: [{"name":"name","displayName":"Name","filters":[{"label":"A-G","value":"a-g"},{"label":"H-R","value":"h-r"},{"label":"S-Z","value":"s-z"}]}], loading: false, error: true, errorType: "errorType", onSearch: "[Function]", showHead: true, type: "resource", size: "standard", draggable: true, withHeader: true, nestedRows: true, withCheckbox: true, showMenu: false, headCellTooltip: true, separator: true
 (13ms)
    ✓ 
  data: [{"name":"Zara"},{"name":"Sara"}], schema: [{"name":"name","displayName":"Name","filters":[{"label":"A-G","value":"a-g"},{"label":"H-R","value":"h-r"},{"label":"S-Z","value":"s-z"}]}], loading: false, error: true, errorType: "errorType", onSearch: "[Function]", showHead: true, type: "resource", size: "standard", draggable: true, withHeader: true, nestedRows: true, withCheckbox: true, showMenu: false, headCellTooltip: true, separator: false
 (9ms)
    ✓ 
  data: [{"name":"Zara"},{"name":"Sara"}], schema: [{"name":"name","displayName":"Name","filters":[{"label":"A-G","value":"a-g"},{"label":"H-R","value":"h-r"},{"label":"S-Z","value":"s-z"}]}], loading: false, error: true, errorType: "errorType", onSearch: "[Function]", showHead: true, type: "resource", size: "standard", draggable: true, withHeader: true, nestedRows: true, withCheckbox: true, showMenu: false, headCellTooltip: false, separator: true
 (7ms)
    ✓ 
  data: [{"name":"Zara"},{"name":"Sara"}], schema: [{"name":"name","displayName":"Name","filters":[{"label":"A-G","value":"a-g"},{"label":"H-R","value":"h-r"},{"label":"S-Z","value":"s-z"}]}], loading: false, error: true, errorType: "errorType", onSearch: "[Function]", showHead: true, type: "resource", size: "standard", draggable: true, withHeader: true, nestedRows: true, withCheckbox: true, showMenu: false, headCellTooltip: false, separator: false
 (4ms)
    ✓ 
  data: [{"name":"Zara"},{"name":"Sara"}], schema: [{"name":"name","displayName":"Name","filters":[{"label":"A-G","value":"a-g"},{"label":"H-R","value":"h-r"},{"label":"S-Z","value":"s-z"}]}], loading: false, error: true, errorType: "errorType", onSearch: "[Function]", showHead: true, type: "resource", size: "standard", draggable: true, withHeader: true, nestedRows: true, withCheckbox: false, showMenu: true, headCellTooltip: true, separator: true
 (9ms)
    ✓ 
  data: [{"name":"Zara"},{"name":"Sara"}], schema: [{"name":"name","displayName":"Name","filters":[{"label":"A-G","value":"a-g"},{"label":"H-R","value":"h-r"},{"label":"S-Z","value":"s-z"}]}], loading: false, error: true, errorType: "errorType", onSearch: "[Function]", showHead: true, type: "resource", size: "standard", draggable: true, withHeader: true, nestedRows: true, withCheckbox: false, showMenu: true, headCellTooltip: true, separator: false
 (6ms)
    ✓ 
  data: [{"name":"Zara"},{"name":"Sara"}], schema: [{"name":"name","displayName":"Name","filters":[{"label":"A-G","value":"a-g"},{"label":"H-R","value":"h-r"},{"label":"S-Z","value":"s-z"}]}], loading: false, error: true, errorType: "errorType", onSearch: "[Function]", showHead: true, type: "resource", size: "standard", draggable: true, withHeader: true, nestedRows: true, withCheckbox: false, showMenu: true, headCellTooltip: false, separator: true
 (7ms)
    ✓ 
  data: [{"name":"Zara"},{"name":"Sara"}], schema: [{"name":"name","displayName":"Name","filters":[{"label":"A-G","value":"a-g"},{"label":"H-R","value":"h-r"},{"label":"S-Z","value":"s-z"}]}], loading: false, error: true, errorType: "errorType", onSearch: "[Function]", showHead: true, type: "resource", size: "standard", draggable: true, withHeader: true, nestedRows: true, withCheckbox: false, showMenu: true, headCellTooltip: false, separator: false
 (7ms)
    ✓ 
  data: [{"name":"Zara"},{"name":"Sara"}], schema: [{"name":"name","displayName":"Name","filters":[{"label":"A-G","value":"a-g"},{"label":"H-R","value":"h-r"},{"label":"S-Z","value":"s-z"}]}], loading: false, error: true, errorType: "errorType", onSearch: "[Function]", showHead: true, type: "resource", size: "standard", draggable: true, withHeader: true, nestedRows: true, withCheckbox: false, showMenu: false, headCellTooltip: true, separator: true
 (8ms)
    ✓ 
  data: [{"name":"Zara"},{"name":"Sara"}], schema: [{"name":"name","displayName":"Name","filters":[{"label":"A-G","value":"a-g"},{"label":"H-R","value":"h-r"},{"label":"S-Z","value":"s-z"}]}], loading: false, error: true, errorType: "errorType", onSearch: "[Function]", showHead: true, type: "resource", size: "standard", draggable: true, withHeader: true, nestedRows: true, withCheckbox: false, showMenu: false, headCellTooltip: true, separator: false
 (8ms)
    ✓ 
  data: [{"name":"Zara"},{"name":"Sara"}], schema: [{"name":"name","displayName":"Name","filters":[{"label":"A-G","value":"a-g"},{"label":"H-R","value":"h-r"},{"label":"S-Z","value":"s-z"}]}], loading: false, error: true, errorType: "errorType", onSearch: "[Function]", showHead: true, type: "resource", size: "standard", draggable: true, withHeader: true, nestedRows: true, withCheckbox: false, showMenu: false, headCellTooltip: false, separator: true
 (5ms)
    ✓ 
  data: [{"name":"Zara"},{"name":"Sara"}], schema: [{"name":"name","displayName":"Name","filters":[{"label":"A-G","value":"a-g"},{"label":"H-R","value":"h-r"},{"label":"S-Z","value":"s-z"}]}], loading: false, error: true, errorType: "errorType", onSearch: "[Function]", showHead: true, type: "resource", size: "standard", draggable: true, withHeader: true, nestedRows: true, withCheckbox: false, showMenu: false, headCellTooltip: false, separator: false
 (4ms)
    ✓ 
  data: [{"name":"Zara"},{"name":"Sara"}], schema: [{"name":"name","displayName":"Name","filters":[{"label":"A-G","value":"a-g"},{"label":"H-R","value":"h-r"},{"label":"S-Z","value":"s-z"}]}], loading: false, error: true, errorType: "errorType", onSearch: "[Function]", showHead: true, type: "resource", size: "standard", draggable: true, withHeader: true, nestedRows: false, withCheckbox: true, showMenu: true, headCellTooltip: true, separator: true
 (10ms)
    ✓ 
  data: [{"name":"Zara"},{"name":"Sara"}], schema: [{"name":"name","displayName":"Name","filters":[{"label":"A-G","value":"a-g"},{"label":"H-R","value":"h-r"},{"label":"S-Z","value":"s-z"}]}], loading: false, error: true, errorType: "errorType", onSearch: "[Function]", showHead: true, type: "resource", size: "standard", draggable: true, withHeader: true, nestedRows: false, withCheckbox: true, showMenu: true, headCellTooltip: true, separator: false
 (12ms)
    ✓ 
  data: [{"name":"Zara"},{"name":"Sara"}], schema: [{"name":"name","displayName":"Name","filters":[{"label":"A-G","value":"a-g"},{"label":"H-R","value":"h-r"},{"label":"S-Z","value":"s-z"}]}], loading: false, error: true, errorType: "errorType", onSearch: "[Function]", showHead: true, type: "resource", size: "standard", draggable: true, withHeader: true, nestedRows: false, withCheckbox: true, showMenu: true, headCellTooltip: false, separator: true
 (8ms)
    ✓ 
  data: [{"name":"Zara"},{"name":"Sara"}], schema: [{"name":"name","displayName":"Name","filters":[{"label":"A-G","value":"a-g"},{"label":"H-R","value":"h-r"},{"label":"S-Z","value":"s-z"}]}], loading: false, error: true, errorType: "errorType", onSearch: "[Function]", showHead: true, type: "resource", size: "standard", draggable: true, withHeader: true, nestedRows: false, withCheckbox: true, showMenu: true, headCellTooltip: false, separator: false
 (10ms)
    ✓ 
  data: [{"name":"Zara"},{"name":"Sara"}], schema: [{"name":"name","displayName":"Name","filters":[{"label":"A-G","value":"a-g"},{"label":"H-R","value":"h-r"},{"label":"S-Z","value":"s-z"}]}], loading: false, error: true, errorType: "errorType", onSearch: "[Function]", showHead: true, type: "resource", size: "standard", draggable: true, withHeader: true, nestedRows: false, withCheckbox: true, showMenu: false, headCellTooltip: true, separator: true
 (6ms)
    ✓ 
  data: [{"name":"Zara"},{"name":"Sara"}], schema: [{"name":"name","displayName":"Name","filters":[{"label":"A-G","value":"a-g"},{"label":"H-R","value":"h-r"},{"label":"S-Z","value":"s-z"}]}], loading: false, error: true, errorType: "errorType", onSearch: "[Function]", showHead: true, type: "resource", size: "standard", draggable: true, withHeader: true, nestedRows: false, withCheckbox: true, showMenu: false, headCellTooltip: true, separator: false
 (10ms)
    ✓ 
  data: [{"name":"Zara"},{"name":"Sara"}], schema: [{"name":"name","displayName":"Name","filters":[{"label":"A-G","value":"a-g"},{"label":"H-R","value":"h-r"},{"label":"S-Z","value":"s-z"}]}], loading: false, error: true, errorType: "errorType", onSearch: "[Function]", showHead: true, type: "resource", size: "standard", draggable: true, withHeader: true, nestedRows: false, withCheckbox: true, showMenu: false, headCellTooltip: false, separator: true
 (6ms)
    ✓ 
  data: [{"name":"Zara"},{"name":"Sara"}], schema: [{"name":"name","displayName":"Name","filters":[{"label":"A-G","value":"a-g"},{"label":"H-R","value":"h-r"},{"label":"S-Z","value":"s-z"}]}], loading: false, error: true, errorType: "errorType", onSearch: "[Function]", showHead: true, type: "resource", size: "standard", draggable: true, withHeader: true, nestedRows: false, withCheckbox: true, showMenu: false, headCellTooltip: false, separator: false
 (7ms)
    ✓ 
  data: [{"name":"Zara"},{"name":"Sara"}], schema: [{"name":"name","displayName":"Name","filters":[{"label":"A-G","value":"a-g"},{"label":"H-R","value":"h-r"},{"label":"S-Z","value":"s-z"}]}], loading: false, error: true, errorType: "errorType", onSearch: "[Function]", showHead: true, type: "resource", size: "standard", draggable: true, withHeader: true, nestedRows: false, withCheckbox: false, showMenu: true, headCellTooltip: true, separator: true
 (10ms)
    ✓ 
  data: [{"name":"Zara"},{"name":"Sara"}], schema: [{"name":"name","displayName":"Name","filters":[{"label":"A-G","value":"a-g"},{"label":"H-R","value":"h-r"},{"label":"S-Z","value":"s-z"}]}], loading: false, error: true, errorType: "errorType", onSearch: "[Function]", showHead: true, type: "resource", size: "standard", draggable: true, withHeader: true, nestedRows: false, withCheckbox: false, showMenu: true, headCellTooltip: true, separator: false
 (10ms)
    ✓ 
  data: [{"name":"Zara"},{"name":"Sara"}], schema: [{"name":"name","displayName":"Name","filters":[{"label":"A-G","value":"a-g"},{"label":"H-R","value":"h-r"},{"label":"S-Z","value":"s-z"}]}], loading: false, error: true, errorType: "errorType", onSearch: "[Function]", showHead: true, type: "resource", size: "standard", draggable: true, withHeader: true, nestedRows: false, withCheckbox: false, showMenu: true, headCellTooltip: false, separator: true
 (14ms)
    ✓ 
  data: [{"name":"Zara"},{"name":"Sara"}], schema: [{"name":"name","displayName":"Name","filters":[{"label":"A-G","value":"a-g"},{"label":"H-R","value":"h-r"},{"label":"S-Z","value":"s-z"}]}], loading: false, error: true, errorType: "errorType", onSearch: "[Function]", showHead: true, type: "resource", size: "standard", draggable: true, withHeader: true, nestedRows: false, withCheckbox: false, showMenu: true, headCellTooltip: false, separator: false
 (8ms)
    ✓ 
  data: [{"name":"Zara"},{"name":"Sara"}], schema: [{"name":"name","displayName":"Name","filters":[{"label":"A-G","value":"a-g"},{"label":"H-R","value":"h-r"},{"label":"S-Z","value":"s-z"}]}], loading: false, error: true, errorType: "errorType", onSearch: "[Function]", showHead: true, type: "resource", size: "standard", draggable: true, withHeader: true, nestedRows: false, withCheckbox: false, showMenu: false, headCellTooltip: true, separator: true
 (4ms)
    ✓ 
  data: [{"name":"Zara"},{"name":"Sara"}], schema: [{"name":"name","displayName":"Name","filters":[{"label":"A-G","value":"a-g"},{"label":"H-R","value":"h-r"},{"label":"S-Z","value":"s-z"}]}], loading: false, error: true, errorType: "errorType", onSearch: "[Function]", showHead: true, type: "resource", size: "standard", draggable: true, withHeader: true, nestedRows: false, withCheckbox: false, showMenu: false, headCellTooltip: true, separator: false
 (7ms)
    ✓ 
  data: [{"name":"Zara"},{"name":"Sara"}], schema: [{"name":"name","displayName":"Name","filters":[{"label":"A-G","value":"a-g"},{"label":"H-R","value":"h-r"},{"label":"S-Z","value":"s-z"}]}], loading: false, error: true, errorType: "errorType", onSearch: "[Function]", showHead: true, type: "resource", size: "standard", draggable: true, withHeader: true, nestedRows: false, withCheckbox: false, showMenu: false, headCellTooltip: false, separator: true
 (5ms)
    ✓ 
  data: [{"name":"Zara"},{"name":"Sara"}], schema: [{"name":"name","displayName":"Name","filters":[{"label":"A-G","value":"a-g"},{"label":"H-R","value":"h-r"},{"label":"S-Z","value":"s-z"}]}], loading: false, error: true, errorType: "errorType", onSearch: "[Function]", showHead: true, type: "resource", size: "standard", draggable: true, withHeader: true, nestedRows: false, withCheckbox: false, showMenu: false, headCellTooltip: false, separator: false
 (11ms)
    ✓ 
  data: [{"name":"Zara"},{"name":"Sara"}], schema: [{"name":"name","displayName":"Name","filters":[{"label":"A-G","value":"a-g"},{"label":"H-R","value":"h-r"},{"label":"S-Z","value":"s-z"}]}], loading: false, error: true, errorType: "errorType", onSearch: "[Function]", showHead: true, type: "resource", size: "standard", draggable: true, withHeader: false, nestedRows: true, withCheckbox: true, showMenu: true, headCellTooltip: true, separator: true
 (8ms)
    ✓ 
  data: [{"name":"Zara"},{"name":"Sara"}], schema: [{"name":"name","displayName":"Name","filters":[{"label":"A-G","value":"a-g"},{"label":"H-R","value":"h-r"},{"label":"S-Z","value":"s-z"}]}], loading: false, error: true, errorType: "errorType", onSearch: "[Function]", showHead: true, type: "resource", size: "standard", draggable: true, withHeader: false, nestedRows: true, withCheckbox: true, showMenu: true, headCellTooltip: true, separator: false
 (9ms)
    ✓ 
  data: [{"name":"Zara"},{"name":"Sara"}], schema: [{"name":"name","displayName":"Name","filters":[{"label":"A-G","value":"a-g"},{"label":"H-R","value":"h-r"},{"label":"S-Z","value":"s-z"}]}], loading: false, error: true, errorType: "errorType", onSearch: "[Function]", showHead: true, type: "resource", size: "standard", draggable: true, withHeader: false, nestedRows: true, withCheckbox: true, showMenu: true, headCellTooltip: false, separator: true
 (5ms)
    ✓ 
  data: [{"name":"Zara"},{"name":"Sara"}], schema: [{"name":"name","displayName":"Name","filters":[{"label":"A-G","value":"a-g"},{"label":"H-R","value":"h-r"},{"label":"S-Z","value":"s-z"}]}], loading: false, error: true, errorType: "errorType", onSearch: "[Function]", showHead: true, type: "resource", size: "standard", draggable: true, withHeader: false, nestedRows: true, withCheckbox: true, showMenu: true, headCellTooltip: false, separator: false
 (7ms)
    ✓ 
  data: [{"name":"Zara"},{"name":"Sara"}], schema: [{"name":"name","displayName":"Name","filters":[{"label":"A-G","value":"a-g"},{"label":"H-R","value":"h-r"},{"label":"S-Z","value":"s-z"}]}], loading: false, error: true, errorType: "errorType", onSearch: "[Function]", showHead: true, type: "resource", size: "standard", draggable: true, withHeader: false, nestedRows: true, withCheckbox: true, showMenu: false, headCellTooltip: true, separator: true
 (11ms)
    ✓ 
  data: [{"name":"Zara"},{"name":"Sara"}], schema: [{"name":"name","displayName":"Name","filters":[{"label":"A-G","value":"a-g"},{"label":"H-R","value":"h-r"},{"label":"S-Z","value":"s-z"}]}], loading: false, error: true, errorType: "errorType", onSearch: "[Function]", showHead: true, type: "resource", size: "standard", draggable: true, withHeader: false, nestedRows: true, withCheckbox: true, showMenu: false, headCellTooltip: true, separator: false
 (9ms)
    ✓ 
  data: [{"name":"Zara"},{"name":"Sara"}], schema: [{"name":"name","displayName":"Name","filters":[{"label":"A-G","value":"a-g"},{"label":"H-R","value":"h-r"},{"label":"S-Z","value":"s-z"}]}], loading: false, error: true, errorType: "errorType", onSearch: "[Function]", showHead: true, type: "resource", size: "standard", draggable: true, withHeader: false, nestedRows: true, withCheckbox: true, showMenu: false, headCellTooltip: false, separator: true
 (8ms)
    ✓ 
  data: [{"name":"Zara"},{"name":"Sara"}], schema: [{"name":"name","displayName":"Name","filters":[{"label":"A-G","value":"a-g"},{"label":"H-R","value":"h-r"},{"label":"S-Z","value":"s-z"}]}], loading: false, error: true, errorType: "errorType", onSearch: "[Function]", showHead: true, type: "resource", size: "standard", draggable: true, withHeader: false, nestedRows: true, withCheckbox: true, showMenu: false, headCellTooltip: false, separator: false
 (8ms)
    ✓ 
  data: [{"name":"Zara"},{"name":"Sara"}], schema: [{"name":"name","displayName":"Name","filters":[{"label":"A-G","value":"a-g"},{"label":"H-R","value":"h-r"},{"label":"S-Z","value":"s-z"}]}], loading: false, error: true, errorType: "errorType", onSearch: "[Function]", showHead: true, type: "resource", size: "standard", draggable: true, withHeader: false, nestedRows: true, withCheckbox: false, showMenu: true, headCellTooltip: true, separator: true
 (4ms)
    ✓ 
  data: [{"name":"Zara"},{"name":"Sara"}], schema: [{"name":"name","displayName":"Name","filters":[{"label":"A-G","value":"a-g"},{"label":"H-R","value":"h-r"},{"label":"S-Z","value":"s-z"}]}], loading: false, error: true, errorType: "errorType", onSearch: "[Function]", showHead: true, type: "resource", size: "standard", draggable: true, withHeader: false, nestedRows: true, withCheckbox: false, showMenu: true, headCellTooltip: true, separator: false
 (4ms)
    ✓ 
  data: [{"name":"Zara"},{"name":"Sara"}], schema: [{"name":"name","displayName":"Name","filters":[{"label":"A-G","value":"a-g"},{"label":"H-R","value":"h-r"},{"label":"S-Z","value":"s-z"}]}], loading: false, error: true, errorType: "errorType", onSearch: "[Function]", showHead: true, type: "resource", size: "standard", draggable: true, withHeader: false, nestedRows: true, withCheckbox: false, showMenu: true, headCellTooltip: false, separator: true
 (6ms)
    ✓ 
  data: [{"name":"Zara"},{"name":"Sara"}], schema: [{"name":"name","displayName":"Name","filters":[{"label":"A-G","value":"a-g"},{"label":"H-R","value":"h-r"},{"label":"S-Z","value":"s-z"}]}], loading: false, error: true, errorType: "errorType", onSearch: "[Function]", showHead: true, type: "resource", size: "standard", draggable: true, withHeader: false, nestedRows: true, withCheckbox: false, showMenu: true, headCellTooltip: false, separator: false
 (10ms)
    ✓ 
  data: [{"name":"Zara"},{"name":"Sara"}], schema: [{"name":"name","displayName":"Name","filters":[{"label":"A-G","value":"a-g"},{"label":"H-R","value":"h-r"},{"label":"S-Z","value":"s-z"}]}], loading: false, error: true, errorType: "errorType", onSearch: "[Function]", showHead: true, type: "resource", size: "standard", draggable: true, withHeader: false, nestedRows: true, withCheckbox: false, showMenu: false, headCellTooltip: true, separator: true
 (12ms)
    ✓ 
  data: [{"name":"Zara"},{"name":"Sara"}], schema: [{"name":"name","displayName":"Name","filters":[{"label":"A-G","value":"a-g"},{"label":"H-R","value":"h-r"},{"label":"S-Z","value":"s-z"}]}], loading: false, error: true, errorType: "errorType", onSearch: "[Function]", showHead: true, type: "resource", size: "standard", draggable: true, withHeader: false, nestedRows: true, withCheckbox: false, showMenu: false, headCellTooltip: true, separator: false
 (6ms)
    ✓ 
  data: [{"name":"Zara"},{"name":"Sara"}], schema: [{"name":"name","displayName":"Name","filters":[{"label":"A-G","value":"a-g"},{"label":"H-R","value":"h-r"},{"label":"S-Z","value":"s-z"}]}], loading: false, error: true, errorType: "errorType", onSearch: "[Function]", showHead: true, type: "resource", size: "standard", draggable: true, withHeader: false, nestedRows: true, withCheckbox: false, showMenu: false, headCellTooltip: false, separator: true
 (4ms)
    ✓ 
  data: [{"name":"Zara"},{"name":"Sara"}], schema: [{"name":"name","displayName":"Name","filters":[{"label":"A-G","value":"a-g"},{"label":"H-R","value":"h-r"},{"label":"S-Z","value":"s-z"}]}], loading: false, error: true, errorType: "errorType", onSearch: "[Function]", showHead: true, type: "resource", size: "standard", draggable: true, withHeader: false, nestedRows: true, withCheckbox: false, showMenu: false, headCellTooltip: false, separator: false
 (6ms)
    ✓ 
  data: [{"name":"Zara"},{"name":"Sara"}], schema: [{"name":"name","displayName":"Name","filters":[{"label":"A-G","value":"a-g"},{"label":"H-R","value":"h-r"},{"label":"S-Z","value":"s-z"}]}], loading: false, error: true, errorType: "errorType", onSearch: "[Function]", showHead: true, type: "resource", size: "standard", draggable: true, withHeader: false, nestedRows: false, withCheckbox: true, showMenu: true, headCellTooltip: true, separator: true
 (8ms)
    ✓ 
  data: [{"name":"Zara"},{"name":"Sara"}], schema: [{"name":"name","displayName":"Name","filters":[{"label":"A-G","value":"a-g"},{"label":"H-R","value":"h-r"},{"label":"S-Z","value":"s-z"}]}], loading: false, error: true, errorType: "errorType", onSearch: "[Function]", showHead: true, type: "resource", size: "standard", draggable: true, withHeader: false, nestedRows: false, withCheckbox: true, showMenu: true, headCellTooltip: true, separator: false
 (7ms)
    ✓ 
  data: [{"name":"Zara"},{"name":"Sara"}], schema: [{"name":"name","displayName":"Name","filters":[{"label":"A-G","value":"a-g"},{"label":"H-R","value":"h-r"},{"label":"S-Z","value":"s-z"}]}], loading: false, error: true, errorType: "errorType", onSearch: "[Function]", showHead: true, type: "resource", size: "standard", draggable: true, withHeader: false, nestedRows: false, withCheckbox: true, showMenu: true, headCellTooltip: false, separator: true
 (6ms)
    ✓ 
  data: [{"name":"Zara"},{"name":"Sara"}], schema: [{"name":"name","displayName":"Name","filters":[{"label":"A-G","value":"a-g"},{"label":"H-R","value":"h-r"},{"label":"S-Z","value":"s-z"}]}], loading: false, error: true, errorType: "errorType", onSearch: "[Function]", showHead: true, type: "resource", size: "standard", draggable: true, withHeader: false, nestedRows: false, withCheckbox: true, showMenu: true, headCellTooltip: false, separator: false
 (4ms)
    ✓ 
  data: [{"name":"Zara"},{"name":"Sara"}], schema: [{"name":"name","displayName":"Name","filters":[{"label":"A-G","value":"a-g"},{"label":"H-R","value":"h-r"},{"label":"S-Z","value":"s-z"}]}], loading: false, error: true, errorType: "errorType", onSearch: "[Function]", showHead: true, type: "resource", size: "standard", draggable: true, withHeader: false, nestedRows: false, withCheckbox: true, showMenu: false, headCellTooltip: true, separator: true
 (6ms)
    ✓ 
  data: [{"name":"Zara"},{"name":"Sara"}], schema: [{"name":"name","displayName":"Name","filters":[{"label":"A-G","value":"a-g"},{"label":"H-R","value":"h-r"},{"label":"S-Z","value":"s-z"}]}], loading: false, error: true, errorType: "errorType", onSearch: "[Function]", showHead: true, type: "resource", size: "standard", draggable: true, withHeader: false, nestedRows: false, withCheckbox: true, showMenu: false, headCellTooltip: true, separator: false
 (10ms)
    ✓ 
  data: [{"name":"Zara"},{"name":"Sara"}], schema: [{"name":"name","displayName":"Name","filters":[{"label":"A-G","value":"a-g"},{"label":"H-R","value":"h-r"},{"label":"S-Z","value":"s-z"}]}], loading: false, error: true, errorType: "errorType", onSearch: "[Function]", showHead: true, type: "resource", size: "standard", draggable: true, withHeader: false, nestedRows: false, withCheckbox: true, showMenu: false, headCellTooltip: false, separator: true
 (6ms)
    ✓ 
  data: [{"name":"Zara"},{"name":"Sara"}], schema: [{"name":"name","displayName":"Name","filters":[{"label":"A-G","value":"a-g"},{"label":"H-R","value":"h-r"},{"label":"S-Z","value":"s-z"}]}], loading: false, error: true, errorType: "errorType", onSearch: "[Function]", showHead: true, type: "resource", size: "standard", draggable: true, withHeader: false, nestedRows: false, withCheckbox: true, showMenu: false, headCellTooltip: false, separator: false
 (4ms)
    ✓ 
  data: [{"name":"Zara"},{"name":"Sara"}], schema: [{"name":"name","displayName":"Name","filters":[{"label":"A-G","value":"a-g"},{"label":"H-R","value":"h-r"},{"label":"S-Z","value":"s-z"}]}], loading: false, error: true, errorType: "errorType", onSearch: "[Function]", showHead: true, type: "resource", size: "standard", draggable: true, withHeader: false, nestedRows: false, withCheckbox: false, showMenu: true, headCellTooltip: true, separator: true
 (5ms)
    ✓ 
  data: [{"name":"Zara"},{"name":"Sara"}], schema: [{"name":"name","displayName":"Name","filters":[{"label":"A-G","value":"a-g"},{"label":"H-R","value":"h-r"},{"label":"S-Z","value":"s-z"}]}], loading: false, error: true, errorType: "errorType", onSearch: "[Function]", showHead: true, type: "resource", size: "standard", draggable: true, withHeader: false, nestedRows: false, withCheckbox: false, showMenu: true, headCellTooltip: true, separator: false
 (7ms)
    ✓ 
  data: [{"name":"Zara"},{"name":"Sara"}], schema: [{"name":"name","displayName":"Name","filters":[{"label":"A-G","value":"a-g"},{"label":"H-R","value":"h-r"},{"label":"S-Z","value":"s-z"}]}], loading: false, error: true, errorType: "errorType", onSearch: "[Function]", showHead: true, type: "resource", size: "standard", draggable: true, withHeader: false, nestedRows: false, withCheckbox: false, showMenu: true, headCellTooltip: false, separator: true
 (4ms)
    ✓ 
  data: [{"name":"Zara"},{"name":"Sara"}], schema: [{"name":"name","displayName":"Name","filters":[{"label":"A-G","value":"a-g"},{"label":"H-R","value":"h-r"},{"label":"S-Z","value":"s-z"}]}], loading: false, error: true, errorType: "errorType", onSearch: "[Function]", showHead: true, type: "resource", size: "standard", draggable: true, withHeader: false, nestedRows: false, withCheckbox: false, showMenu: true, headCellTooltip: false, separator: false
 (6ms)
    ✓ 
  data: [{"name":"Zara"},{"name":"Sara"}], schema: [{"name":"name","displayName":"Name","filters":[{"label":"A-G","value":"a-g"},{"label":"H-R","value":"h-r"},{"label":"S-Z","value":"s-z"}]}], loading: false, error: true, errorType: "errorType", onSearch: "[Function]", showHead: true, type: "resource", size: "standard", draggable: true, withHeader: false, nestedRows: false, withCheckbox: false, showMenu: false, headCellTooltip: true, separator: true
 (6ms)
    ✓ 
  data: [{"name":"Zara"},{"name":"Sara"}], schema: [{"name":"name","displayName":"Name","filters":[{"label":"A-G","value":"a-g"},{"label":"H-R","value":"h-r"},{"label":"S-Z","value":"s-z"}]}], loading: false, error: true, errorType: "errorType", onSearch: "[Function]", showHead: true, type: "resource", size: "standard", draggable: true, withHeader: false, nestedRows: false, withCheckbox: false, showMenu: false, headCellTooltip: true, separator: false
 (4ms)
    ✓ 
  data: [{"name":"Zara"},{"name":"Sara"}], schema: [{"name":"name","displayName":"Name","filters":[{"label":"A-G","value":"a-g"},{"label":"H-R","value":"h-r"},{"label":"S-Z","value":"s-z"}]}], loading: false, error: true, errorType: "errorType", onSearch: "[Function]", showHead: true, type: "resource", size: "standard", draggable: true, withHeader: false, nestedRows: false, withCheckbox: false, showMenu: false, headCellTooltip: false, separator: true
 (5ms)
    ✓ 
  data: [{"name":"Zara"},{"name":"Sara"}], schema: [{"name":"name","displayName":"Name","filters":[{"label":"A-G","value":"a-g"},{"label":"H-R","value":"h-r"},{"label":"S-Z","value":"s-z"}]}], loading: false, error: true, errorType: "errorType", onSearch: "[Function]", showHead: true, type: "resource", size: "standard", draggable: true, withHeader: false, nestedRows: false, withCheckbox: false, showMenu: false, headCellTooltip: false, separator: false
 (4ms)
    ✓ 
  data: [{"name":"Zara"},{"name":"Sara"}], schema: [{"name":"name","displayName":"Name","filters":[{"label":"A-G","value":"a-g"},{"label":"H-R","value":"h-r"},{"label":"S-Z","value":"s-z"}]}], loading: false, error: true, errorType: "errorType", onSearch: "[Function]", showHead: true, type: "resource", size: "standard", draggable: false, withHeader: true, nestedRows: true, withCheckbox: true, showMenu: true, headCellTooltip: true, separator: true
 (8ms)
    ✓ 
  data: [{"name":"Zara"},{"name":"Sara"}], schema: [{"name":"name","displayName":"Name","filters":[{"label":"A-G","value":"a-g"},{"label":"H-R","value":"h-r"},{"label":"S-Z","value":"s-z"}]}], loading: false, error: true, errorType: "errorType", onSearch: "[Function]", showHead: true, type: "resource", size: "standard", draggable: false, withHeader: true, nestedRows: true, withCheckbox: true, showMenu: true, headCellTooltip: true, separator: false
 (13ms)
    ✓ 
  data: [{"name":"Zara"},{"name":"Sara"}], schema: [{"name":"name","displayName":"Name","filters":[{"label":"A-G","value":"a-g"},{"label":"H-R","value":"h-r"},{"label":"S-Z","value":"s-z"}]}], loading: false, error: true, errorType: "errorType", onSearch: "[Function]", showHead: true, type: "resource", size: "standard", draggable: false, withHeader: true, nestedRows: true, withCheckbox: true, showMenu: true, headCellTooltip: false, separator: true
 (6ms)
    ✓ 
  data: [{"name":"Zara"},{"name":"Sara"}], schema: [{"name":"name","displayName":"Name","filters":[{"label":"A-G","value":"a-g"},{"label":"H-R","value":"h-r"},{"label":"S-Z","value":"s-z"}]}], loading: false, error: true, errorType: "errorType", onSearch: "[Function]", showHead: true, type: "resource", size: "standard", draggable: false, withHeader: true, nestedRows: true, withCheckbox: true, showMenu: true, headCellTooltip: false, separator: false
 (13ms)
    ✓ 
  data: [{"name":"Zara"},{"name":"Sara"}], schema: [{"name":"name","displayName":"Name","filters":[{"label":"A-G","value":"a-g"},{"label":"H-R","value":"h-r"},{"label":"S-Z","value":"s-z"}]}], loading: false, error: true, errorType: "errorType", onSearch: "[Function]", showHead: true, type: "resource", size: "standard", draggable: false, withHeader: true, nestedRows: true, withCheckbox: true, showMenu: false, headCellTooltip: true, separator: true
 (6ms)
    ✓ 
  data: [{"name":"Zara"},{"name":"Sara"}], schema: [{"name":"name","displayName":"Name","filters":[{"label":"A-G","value":"a-g"},{"label":"H-R","value":"h-r"},{"label":"S-Z","value":"s-z"}]}], loading: false, error: true, errorType: "errorType", onSearch: "[Function]", showHead: true, type: "resource", size: "standard", draggable: false, withHeader: true, nestedRows: true, withCheckbox: true, showMenu: false, headCellTooltip: true, separator: false
 (11ms)
    ✓ 
  data: [{"name":"Zara"},{"name":"Sara"}], schema: [{"name":"name","displayName":"Name","filters":[{"label":"A-G","value":"a-g"},{"label":"H-R","value":"h-r"},{"label":"S-Z","value":"s-z"}]}], loading: false, error: true, errorType: "errorType", onSearch: "[Function]", showHead: true, type: "resource", size: "standard", draggable: false, withHeader: true, nestedRows: true, withCheckbox: true, showMenu: false, headCellTooltip: false, separator: true
 (7ms)
    ✓ 
  data: [{"name":"Zara"},{"name":"Sara"}], schema: [{"name":"name","displayName":"Name","filters":[{"label":"A-G","value":"a-g"},{"label":"H-R","value":"h-r"},{"label":"S-Z","value":"s-z"}]}], loading: false, error: true, errorType: "errorType", onSearch: "[Function]", showHead: true, type: "resource", size: "standard", draggable: false, withHeader: true, nestedRows: true, withCheckbox: true, showMenu: false, headCellTooltip: false, separator: false
 (7ms)
    ✓ 
  data: [{"name":"Zara"},{"name":"Sara"}], schema: [{"name":"name","displayName":"Name","filters":[{"label":"A-G","value":"a-g"},{"label":"H-R","value":"h-r"},{"label":"S-Z","value":"s-z"}]}], loading: false, error: true, errorType: "errorType", onSearch: "[Function]", showHead: true, type: "resource", size: "standard", draggable: false, withHeader: true, nestedRows: true, withCheckbox: false, showMenu: true, headCellTooltip: true, separator: true
 (5ms)
    ✓ 
  data: [{"name":"Zara"},{"name":"Sara"}], schema: [{"name":"name","displayName":"Name","filters":[{"label":"A-G","value":"a-g"},{"label":"H-R","value":"h-r"},{"label":"S-Z","value":"s-z"}]}], loading: false, error: true, errorType: "errorType", onSearch: "[Function]", showHead: true, type: "resource", size: "standard", draggable: false, withHeader: true, nestedRows: true, withCheckbox: false, showMenu: true, headCellTooltip: true, separator: false
 (5ms)
    ✓ 
  data: [{"name":"Zara"},{"name":"Sara"}], schema: [{"name":"name","displayName":"Name","filters":[{"label":"A-G","value":"a-g"},{"label":"H-R","value":"h-r"},{"label":"S-Z","value":"s-z"}]}], loading: false, error: true, errorType: "errorType", onSearch: "[Function]", showHead: true, type: "resource", size: "standard", draggable: false, withHeader: true, nestedRows: true, withCheckbox: false, showMenu: true, headCellTooltip: false, separator: true
 (10ms)
    ✓ 
  data: [{"name":"Zara"},{"name":"Sara"}], schema: [{"name":"name","displayName":"Name","filters":[{"label":"A-G","value":"a-g"},{"label":"H-R","value":"h-r"},{"label":"S-Z","value":"s-z"}]}], loading: false, error: true, errorType: "errorType", onSearch: "[Function]", showHead: true, type: "resource", size: "standard", draggable: false, withHeader: true, nestedRows: true, withCheckbox: false, showMenu: true, headCellTooltip: false, separator: false
 (7ms)
    ✓ 
  data: [{"name":"Zara"},{"name":"Sara"}], schema: [{"name":"name","displayName":"Name","filters":[{"label":"A-G","value":"a-g"},{"label":"H-R","value":"h-r"},{"label":"S-Z","value":"s-z"}]}], loading: false, error: true, errorType: "errorType", onSearch: "[Function]", showHead: true, type: "resource", size: "standard", draggable: false, withHeader: true, nestedRows: true, withCheckbox: false, showMenu: false, headCellTooltip: true, separator: true
 (7ms)
    ✓ 
  data: [{"name":"Zara"},{"name":"Sara"}], schema: [{"name":"name","displayName":"Name","filters":[{"label":"A-G","value":"a-g"},{"label":"H-R","value":"h-r"},{"label":"S-Z","value":"s-z"}]}], loading: false, error: true, errorType: "errorType", onSearch: "[Function]", showHead: true, type: "resource", size: "standard", draggable: false, withHeader: true, nestedRows: true, withCheckbox: false, showMenu: false, headCellTooltip: true, separator: false
 (5ms)
    ✓ 
  data: [{"name":"Zara"},{"name":"Sara"}], schema: [{"name":"name","displayName":"Name","filters":[{"label":"A-G","value":"a-g"},{"label":"H-R","value":"h-r"},{"label":"S-Z","value":"s-z"}]}], loading: false, error: true, errorType: "errorType", onSearch: "[Function]", showHead: true, type: "resource", size: "standard", draggable: false, withHeader: true, nestedRows: true, withCheckbox: false, showMenu: false, headCellTooltip: false, separator: true
 (4ms)
    ✓ 
  data: [{"name":"Zara"},{"name":"Sara"}], schema: [{"name":"name","displayName":"Name","filters":[{"label":"A-G","value":"a-g"},{"label":"H-R","value":"h-r"},{"label":"S-Z","value":"s-z"}]}], loading: false, error: true, errorType: "errorType", onSearch: "[Function]", showHead: true, type: "resource", size: "standard", draggable: false, withHeader: true, nestedRows: true, withCheckbox: false, showMenu: false, headCellTooltip: false, separator: false
 (9ms)
    ✓ 
  data: [{"name":"Zara"},{"name":"Sara"}], schema: [{"name":"name","displayName":"Name","filters":[{"label":"A-G","value":"a-g"},{"label":"H-R","value":"h-r"},{"label":"S-Z","value":"s-z"}]}], loading: false, error: true, errorType: "errorType", onSearch: "[Function]", showHead: true, type: "resource", size: "standard", draggable: false, withHeader: true, nestedRows: false, withCheckbox: true, showMenu: true, headCellTooltip: true, separator: true
 (8ms)
    ✓ 
  data: [{"name":"Zara"},{"name":"Sara"}], schema: [{"name":"name","displayName":"Name","filters":[{"label":"A-G","value":"a-g"},{"label":"H-R","value":"h-r"},{"label":"S-Z","value":"s-z"}]}], loading: false, error: true, errorType: "errorType", onSearch: "[Function]", showHead: true, type: "resource", size: "standard", draggable: false, withHeader: true, nestedRows: false, withCheckbox: true, showMenu: true, headCellTooltip: true, separator: false
 (7ms)
    ✓ 
  data: [{"name":"Zara"},{"name":"Sara"}], schema: [{"name":"name","displayName":"Name","filters":[{"label":"A-G","value":"a-g"},{"label":"H-R","value":"h-r"},{"label":"S-Z","value":"s-z"}]}], loading: false, error: true, errorType: "errorType", onSearch: "[Function]", showHead: true, type: "resource", size: "standard", draggable: false, withHeader: true, nestedRows: false, withCheckbox: true, showMenu: true, headCellTooltip: false, separator: true
 (6ms)
    ✓ 
  data: [{"name":"Zara"},{"name":"Sara"}], schema: [{"name":"name","displayName":"Name","filters":[{"label":"A-G","value":"a-g"},{"label":"H-R","value":"h-r"},{"label":"S-Z","value":"s-z"}]}], loading: false, error: true, errorType: "errorType", onSearch: "[Function]", showHead: true, type: "resource", size: "standard", draggable: false, withHeader: true, nestedRows: false, withCheckbox: true, showMenu: true, headCellTooltip: false, separator: false
 (11ms)
    ✓ 
  data: [{"name":"Zara"},{"name":"Sara"}], schema: [{"name":"name","displayName":"Name","filters":[{"label":"A-G","value":"a-g"},{"label":"H-R","value":"h-r"},{"label":"S-Z","value":"s-z"}]}], loading: false, error: true, errorType: "errorType", onSearch: "[Function]", showHead: true, type: "resource", size: "standard", draggable: false, withHeader: true, nestedRows: false, withCheckbox: true, showMenu: false, headCellTooltip: true, separator: true
 (8ms)
    ✓ 
  data: [{"name":"Zara"},{"name":"Sara"}], schema: [{"name":"name","displayName":"Name","filters":[{"label":"A-G","value":"a-g"},{"label":"H-R","value":"h-r"},{"label":"S-Z","value":"s-z"}]}], loading: false, error: true, errorType: "errorType", onSearch: "[Function]", showHead: true, type: "resource", size: "standard", draggable: false, withHeader: true, nestedRows: false, withCheckbox: true, showMenu: false, headCellTooltip: true, separator: false
 (10ms)
    ✓ 
  data: [{"name":"Zara"},{"name":"Sara"}], schema: [{"name":"name","displayName":"Name","filters":[{"label":"A-G","value":"a-g"},{"label":"H-R","value":"h-r"},{"label":"S-Z","value":"s-z"}]}], loading: false, error: true, errorType: "errorType", onSearch: "[Function]", showHead: true, type: "resource", size: "standard", draggable: false, withHeader: true, nestedRows: false, withCheckbox: true, showMenu: false, headCellTooltip: false, separator: true
 (6ms)
    ✓ 
  data: [{"name":"Zara"},{"name":"Sara"}], schema: [{"name":"name","displayName":"Name","filters":[{"label":"A-G","value":"a-g"},{"label":"H-R","value":"h-r"},{"label":"S-Z","value":"s-z"}]}], loading: false, error: true, errorType: "errorType", onSearch: "[Function]", showHead: true, type: "resource", size: "standard", draggable: false, withHeader: true, nestedRows: false, withCheckbox: true, showMenu: false, headCellTooltip: false, separator: false
 (8ms)
    ✓ 
  data: [{"name":"Zara"},{"name":"Sara"}], schema: [{"name":"name","displayName":"Name","filters":[{"label":"A-G","value":"a-g"},{"label":"H-R","value":"h-r"},{"label":"S-Z","value":"s-z"}]}], loading: false, error: true, errorType: "errorType", onSearch: "[Function]", showHead: true, type: "resource", size: "standard", draggable: false, withHeader: true, nestedRows: false, withCheckbox: false, showMenu: true, headCellTooltip: true, separator: true
 (7ms)
    ✓ 
  data: [{"name":"Zara"},{"name":"Sara"}], schema: [{"name":"name","displayName":"Name","filters":[{"label":"A-G","value":"a-g"},{"label":"H-R","value":"h-r"},{"label":"S-Z","value":"s-z"}]}], loading: false, error: true, errorType: "errorType", onSearch: "[Function]", showHead: true, type: "resource", size: "standard", draggable: false, withHeader: true, nestedRows: false, withCheckbox: false, showMenu: true, headCellTooltip: true, separator: false
 (8ms)
    ✓ 
  data: [{"name":"Zara"},{"name":"Sara"}], schema: [{"name":"name","displayName":"Name","filters":[{"label":"A-G","value":"a-g"},{"label":"H-R","value":"h-r"},{"label":"S-Z","value":"s-z"}]}], loading: false, error: true, errorType: "errorType", onSearch: "[Function]", showHead: true, type: "resource", size: "standard", draggable: false, withHeader: true, nestedRows: false, withCheckbox: false, showMenu: true, headCellTooltip: false, separator: true
 (8ms)
    ✓ 
  data: [{"name":"Zara"},{"name":"Sara"}], schema: [{"name":"name","displayName":"Name","filters":[{"label":"A-G","value":"a-g"},{"label":"H-R","value":"h-r"},{"label":"S-Z","value":"s-z"}]}], loading: false, error: true, errorType: "errorType", onSearch: "[Function]", showHead: true, type: "resource", size: "standard", draggable: false, withHeader: true, nestedRows: false, withCheckbox: false, showMenu: true, headCellTooltip: false, separator: false
 (5ms)
    ✓ 
  data: [{"name":"Zara"},{"name":"Sara"}], schema: [{"name":"name","displayName":"Name","filters":[{"label":"A-G","value":"a-g"},{"label":"H-R","value":"h-r"},{"label":"S-Z","value":"s-z"}]}], loading: false, error: true, errorType: "errorType", onSearch: "[Function]", showHead: true, type: "resource", size: "standard", draggable: false, withHeader: true, nestedRows: false, withCheckbox: false, showMenu: false, headCellTooltip: true, separator: true
 (8ms)
    ✓ 
  data: [{"name":"Zara"},{"name":"Sara"}], schema: [{"name":"name","displayName":"Name","filters":[{"label":"A-G","value":"a-g"},{"label":"H-R","value":"h-r"},{"label":"S-Z","value":"s-z"}]}], loading: false, error: true, errorType: "errorType", onSearch: "[Function]", showHead: true, type: "resource", size: "standard", draggable: false, withHeader: true, nestedRows: false, withCheckbox: false, showMenu: false, headCellTooltip: true, separator: false
 (7ms)
    ✓ 
  data: [{"name":"Zara"},{"name":"Sara"}], schema: [{"name":"name","displayName":"Name","filters":[{"label":"A-G","value":"a-g"},{"label":"H-R","value":"h-r"},{"label":"S-Z","value":"s-z"}]}], loading: false, error: true, errorType: "errorType", onSearch: "[Function]", showHead: true, type: "resource", size: "standard", draggable: false, withHeader: true, nestedRows: false, withCheckbox: false, showMenu: false, headCellTooltip: false, separator: true
 (7ms)
    ✓ 
  data: [{"name":"Zara"},{"name":"Sara"}], schema: [{"name":"name","displayName":"Name","filters":[{"label":"A-G","value":"a-g"},{"label":"H-R","value":"h-r"},{"label":"S-Z","value":"s-z"}]}], loading: false, error: true, errorType: "errorType", onSearch: "[Function]", showHead: true, type: "resource", size: "standard", draggable: false, withHeader: true, nestedRows: false, withCheckbox: false, showMenu: false, headCellTooltip: false, separator: false
 (5ms)
    ✓ 
  data: [{"name":"Zara"},{"name":"Sara"}], schema: [{"name":"name","displayName":"Name","filters":[{"label":"A-G","value":"a-g"},{"label":"H-R","value":"h-r"},{"label":"S-Z","value":"s-z"}]}], loading: false, error: true, errorType: "errorType", onSearch: "[Function]", showHead: true, type: "resource", size: "standard", draggable: false, withHeader: false, nestedRows: true, withCheckbox: true, showMenu: true, headCellTooltip: true, separator: true
 (5ms)
    ✓ 
  data: [{"name":"Zara"},{"name":"Sara"}], schema: [{"name":"name","displayName":"Name","filters":[{"label":"A-G","value":"a-g"},{"label":"H-R","value":"h-r"},{"label":"S-Z","value":"s-z"}]}], loading: false, error: true, errorType: "errorType", onSearch: "[Function]", showHead: true, type: "resource", size: "standard", draggable: false, withHeader: false, nestedRows: true, withCheckbox: true, showMenu: true, headCellTooltip: true, separator: false
 (8ms)
    ✓ 
  data: [{"name":"Zara"},{"name":"Sara"}], schema: [{"name":"name","displayName":"Name","filters":[{"label":"A-G","value":"a-g"},{"label":"H-R","value":"h-r"},{"label":"S-Z","value":"s-z"}]}], loading: false, error: true, errorType: "errorType", onSearch: "[Function]", showHead: true, type: "resource", size: "standard", draggable: false, withHeader: false, nestedRows: true, withCheckbox: true, showMenu: true, headCellTooltip: false, separator: true
 (8ms)
    ✓ 
  data: [{"name":"Zara"},{"name":"Sara"}], schema: [{"name":"name","displayName":"Name","filters":[{"label":"A-G","value":"a-g"},{"label":"H-R","value":"h-r"},{"label":"S-Z","value":"s-z"}]}], loading: false, error: true, errorType: "errorType", onSearch: "[Function]", showHead: true, type: "resource", size: "standard", draggable: false, withHeader: false, nestedRows: true, withCheckbox: true, showMenu: true, headCellTooltip: false, separator: false
 (8ms)
    ✓ 
  data: [{"name":"Zara"},{"name":"Sara"}], schema: [{"name":"name","displayName":"Name","filters":[{"label":"A-G","value":"a-g"},{"label":"H-R","value":"h-r"},{"label":"S-Z","value":"s-z"}]}], loading: false, error: true, errorType: "errorType", onSearch: "[Function]", showHead: true, type: "resource", size: "standard", draggable: false, withHeader: false, nestedRows: true, withCheckbox: true, showMenu: false, headCellTooltip: true, separator: true
 (6ms)
    ✓ 
  data: [{"name":"Zara"},{"name":"Sara"}], schema: [{"name":"name","displayName":"Name","filters":[{"label":"A-G","value":"a-g"},{"label":"H-R","value":"h-r"},{"label":"S-Z","value":"s-z"}]}], loading: false, error: true, errorType: "errorType", onSearch: "[Function]", showHead: true, type: "resource", size: "standard", draggable: false, withHeader: false, nestedRows: true, withCheckbox: true, showMenu: false, headCellTooltip: true, separator: false
 (4ms)
    ✓ 
  data: [{"name":"Zara"},{"name":"Sara"}], schema: [{"name":"name","displayName":"Name","filters":[{"label":"A-G","value":"a-g"},{"label":"H-R","value":"h-r"},{"label":"S-Z","value":"s-z"}]}], loading: false, error: true, errorType: "errorType", onSearch: "[Function]", showHead: true, type: "resource", size: "standard", draggable: false, withHeader: false, nestedRows: true, withCheckbox: true, showMenu: false, headCellTooltip: false, separator: true
 (9ms)
    ✓ 
  data: [{"name":"Zara"},{"name":"Sara"}], schema: [{"name":"name","displayName":"Name","filters":[{"label":"A-G","value":"a-g"},{"label":"H-R","value":"h-r"},{"label":"S-Z","value":"s-z"}]}], loading: false, error: true, errorType: "errorType", onSearch: "[Function]", showHead: true, type: "resource", size: "standard", draggable: false, withHeader: false, nestedRows: true, withCheckbox: true, showMenu: false, headCellTooltip: false, separator: false
 (6ms)
    ✓ 
  data: [{"name":"Zara"},{"name":"Sara"}], schema: [{"name":"name","displayName":"Name","filters":[{"label":"A-G","value":"a-g"},{"label":"H-R","value":"h-r"},{"label":"S-Z","value":"s-z"}]}], loading: false, error: true, errorType: "errorType", onSearch: "[Function]", showHead: true, type: "resource", size: "standard", draggable: false, withHeader: false, nestedRows: true, withCheckbox: false, showMenu: true, headCellTooltip: true, separator: true
 (10ms)
    ✓ 
  data: [{"name":"Zara"},{"name":"Sara"}], schema: [{"name":"name","displayName":"Name","filters":[{"label":"A-G","value":"a-g"},{"label":"H-R","value":"h-r"},{"label":"S-Z","value":"s-z"}]}], loading: false, error: true, errorType: "errorType", onSearch: "[Function]", showHead: true, type: "resource", size: "standard", draggable: false, withHeader: false, nestedRows: true, withCheckbox: false, showMenu: true, headCellTooltip: true, separator: false
 (5ms)
    ✓ 
  data: [{"name":"Zara"},{"name":"Sara"}], schema: [{"name":"name","displayName":"Name","filters":[{"label":"A-G","value":"a-g"},{"label":"H-R","value":"h-r"},{"label":"S-Z","value":"s-z"}]}], loading: false, error: true, errorType: "errorType", onSearch: "[Function]", showHead: true, type: "resource", size: "standard", draggable: false, withHeader: false, nestedRows: true, withCheckbox: false, showMenu: true, headCellTooltip: false, separator: true
 (5ms)
    ✓ 
  data: [{"name":"Zara"},{"name":"Sara"}], schema: [{"name":"name","displayName":"Name","filters":[{"label":"A-G","value":"a-g"},{"label":"H-R","value":"h-r"},{"label":"S-Z","value":"s-z"}]}], loading: false, error: true, errorType: "errorType", onSearch: "[Function]", showHead: true, type: "resource", size: "standard", draggable: false, withHeader: false, nestedRows: true, withCheckbox: false, showMenu: true, headCellTooltip: false, separator: false
 (5ms)
    ✓ 
  data: [{"name":"Zara"},{"name":"Sara"}], schema: [{"name":"name","displayName":"Name","filters":[{"label":"A-G","value":"a-g"},{"label":"H-R","value":"h-r"},{"label":"S-Z","value":"s-z"}]}], loading: false, error: true, errorType: "errorType", onSearch: "[Function]", showHead: true, type: "resource", size: "standard", draggable: false, withHeader: false, nestedRows: true, withCheckbox: false, showMenu: false, headCellTooltip: true, separator: true
 (4ms)
    ✓ 
  data: [{"name":"Zara"},{"name":"Sara"}], schema: [{"name":"name","displayName":"Name","filters":[{"label":"A-G","value":"a-g"},{"label":"H-R","value":"h-r"},{"label":"S-Z","value":"s-z"}]}], loading: false, error: true, errorType: "errorType", onSearch: "[Function]", showHead: true, type: "resource", size: "standard", draggable: false, withHeader: false, nestedRows: true, withCheckbox: false, showMenu: false, headCellTooltip: true, separator: false
 (10ms)
    ✓ 
  data: [{"name":"Zara"},{"name":"Sara"}], schema: [{"name":"name","displayName":"Name","filters":[{"label":"A-G","value":"a-g"},{"label":"H-R","value":"h-r"},{"label":"S-Z","value":"s-z"}]}], loading: false, error: true, errorType: "errorType", onSearch: "[Function]", showHead: true, type: "resource", size: "standard", draggable: false, withHeader: false, nestedRows: true, withCheckbox: false, showMenu: false, headCellTooltip: false, separator: true
 (6ms)
    ✓ 
  data: [{"name":"Zara"},{"name":"Sara"}], schema: [{"name":"name","displayName":"Name","filters":[{"label":"A-G","value":"a-g"},{"label":"H-R","value":"h-r"},{"label":"S-Z","value":"s-z"}]}], loading: false, error: true, errorType: "errorType", onSearch: "[Function]", showHead: true, type: "resource", size: "standard", draggable: false, withHeader: false, nestedRows: true, withCheckbox: false, showMenu: false, headCellTooltip: false, separator: false
 (6ms)
    ✓ 
  data: [{"name":"Zara"},{"name":"Sara"}], schema: [{"name":"name","displayName":"Name","filters":[{"label":"A-G","value":"a-g"},{"label":"H-R","value":"h-r"},{"label":"S-Z","value":"s-z"}]}], loading: false, error: true, errorType: "errorType", onSearch: "[Function]", showHead: true, type: "resource", size: "standard", draggable: false, withHeader: false, nestedRows: false, withCheckbox: true, showMenu: true, headCellTooltip: true, separator: true
 (8ms)
    ✓ 
  data: [{"name":"Zara"},{"name":"Sara"}], schema: [{"name":"name","displayName":"Name","filters":[{"label":"A-G","value":"a-g"},{"label":"H-R","value":"h-r"},{"label":"S-Z","value":"s-z"}]}], loading: false, error: true, errorType: "errorType", onSearch: "[Function]", showHead: true, type: "resource", size: "standard", draggable: false, withHeader: false, nestedRows: false, withCheckbox: true, showMenu: true, headCellTooltip: true, separator: false
 (7ms)
    ✓ 
  data: [{"name":"Zara"},{"name":"Sara"}], schema: [{"name":"name","displayName":"Name","filters":[{"label":"A-G","value":"a-g"},{"label":"H-R","value":"h-r"},{"label":"S-Z","value":"s-z"}]}], loading: false, error: true, errorType: "errorType", onSearch: "[Function]", showHead: true, type: "resource", size: "standard", draggable: false, withHeader: false, nestedRows: false, withCheckbox: true, showMenu: true, headCellTooltip: false, separator: true
 (6ms)
    ✓ 
  data: [{"name":"Zara"},{"name":"Sara"}], schema: [{"name":"name","displayName":"Name","filters":[{"label":"A-G","value":"a-g"},{"label":"H-R","value":"h-r"},{"label":"S-Z","value":"s-z"}]}], loading: false, error: true, errorType: "errorType", onSearch: "[Function]", showHead: true, type: "resource", size: "standard", draggable: false, withHeader: false, nestedRows: false, withCheckbox: true, showMenu: true, headCellTooltip: false, separator: false
 (7ms)
    ✓ 
  data: [{"name":"Zara"},{"name":"Sara"}], schema: [{"name":"name","displayName":"Name","filters":[{"label":"A-G","value":"a-g"},{"label":"H-R","value":"h-r"},{"label":"S-Z","value":"s-z"}]}], loading: false, error: true, errorType: "errorType", onSearch: "[Function]", showHead: true, type: "resource", size: "standard", draggable: false, withHeader: false, nestedRows: false, withCheckbox: true, showMenu: false, headCellTooltip: true, separator: true
 (9ms)
    ✓ 
  data: [{"name":"Zara"},{"name":"Sara"}], schema: [{"name":"name","displayName":"Name","filters":[{"label":"A-G","value":"a-g"},{"label":"H-R","value":"h-r"},{"label":"S-Z","value":"s-z"}]}], loading: false, error: true, errorType: "errorType", onSearch: "[Function]", showHead: true, type: "resource", size: "standard", draggable: false, withHeader: false, nestedRows: false, withCheckbox: true, showMenu: false, headCellTooltip: true, separator: false
 (6ms)
    ✓ 
  data: [{"name":"Zara"},{"name":"Sara"}], schema: [{"name":"name","displayName":"Name","filters":[{"label":"A-G","value":"a-g"},{"label":"H-R","value":"h-r"},{"label":"S-Z","value":"s-z"}]}], loading: false, error: true, errorType: "errorType", onSearch: "[Function]", showHead: true, type: "resource", size: "standard", draggable: false, withHeader: false, nestedRows: false, withCheckbox: true, showMenu: false, headCellTooltip: false, separator: true
 (6ms)
    ✓ 
  data: [{"name":"Zara"},{"name":"Sara"}], schema: [{"name":"name","displayName":"Name","filters":[{"label":"A-G","value":"a-g"},{"label":"H-R","value":"h-r"},{"label":"S-Z","value":"s-z"}]}], loading: false, error: true, errorType: "errorType", onSearch: "[Function]", showHead: true, type: "resource", size: "standard", draggable: false, withHeader: false, nestedRows: false, withCheckbox: true, showMenu: false, headCellTooltip: false, separator: false
 (5ms)
    ✓ 
  data: [{"name":"Zara"},{"name":"Sara"}], schema: [{"name":"name","displayName":"Name","filters":[{"label":"A-G","value":"a-g"},{"label":"H-R","value":"h-r"},{"label":"S-Z","value":"s-z"}]}], loading: false, error: true, errorType: "errorType", onSearch: "[Function]", showHead: true, type: "resource", size: "standard", draggable: false, withHeader: false, nestedRows: false, withCheckbox: false, showMenu: true, headCellTooltip: true, separator: true
 (6ms)
    ✓ 
  data: [{"name":"Zara"},{"name":"Sara"}], schema: [{"name":"name","displayName":"Name","filters":[{"label":"A-G","value":"a-g"},{"label":"H-R","value":"h-r"},{"label":"S-Z","value":"s-z"}]}], loading: false, error: true, errorType: "errorType", onSearch: "[Function]", showHead: true, type: "resource", size: "standard", draggable: false, withHeader: false, nestedRows: false, withCheckbox: false, showMenu: true, headCellTooltip: true, separator: false
 (10ms)
    ✓ 
  data: [{"name":"Zara"},{"name":"Sara"}], schema: [{"name":"name","displayName":"Name","filters":[{"label":"A-G","value":"a-g"},{"label":"H-R","value":"h-r"},{"label":"S-Z","value":"s-z"}]}], loading: false, error: true, errorType: "errorType", onSearch: "[Function]", showHead: true, type: "resource", size: "standard", draggable: false, withHeader: false, nestedRows: false, withCheckbox: false, showMenu: true, headCellTooltip: false, separator: true
 (5ms)
    ✓ 
  data: [{"name":"Zara"},{"name":"Sara"}], schema: [{"name":"name","displayName":"Name","filters":[{"label":"A-G","value":"a-g"},{"label":"H-R","value":"h-r"},{"label":"S-Z","value":"s-z"}]}], loading: false, error: true, errorType: "errorType", onSearch: "[Function]", showHead: true, type: "resource", size: "standard", draggable: false, withHeader: false, nestedRows: false, withCheckbox: false, showMenu: true, headCellTooltip: false, separator: false
 (10ms)
    ✓ 
  data: [{"name":"Zara"},{"name":"Sara"}], schema: [{"name":"name","displayName":"Name","filters":[{"label":"A-G","value":"a-g"},{"label":"H-R","value":"h-r"},{"label":"S-Z","value":"s-z"}]}], loading: false, error: true, errorType: "errorType", onSearch: "[Function]", showHead: true, type: "resource", size: "standard", draggable: false, withHeader: false, nestedRows: false, withCheckbox: false, showMenu: false, headCellTooltip: true, separator: true
 (7ms)
    ✓ 
  data: [{"name":"Zara"},{"name":"Sara"}], schema: [{"name":"name","displayName":"Name","filters":[{"label":"A-G","value":"a-g"},{"label":"H-R","value":"h-r"},{"label":"S-Z","value":"s-z"}]}], loading: false, error: true, errorType: "errorType", onSearch: "[Function]", showHead: true, type: "resource", size: "standard", draggable: false, withHeader: false, nestedRows: false, withCheckbox: false, showMenu: false, headCellTooltip: true, separator: false
 (7ms)
    ✓ 
  data: [{"name":"Zara"},{"name":"Sara"}], schema: [{"name":"name","displayName":"Name","filters":[{"label":"A-G","value":"a-g"},{"label":"H-R","value":"h-r"},{"label":"S-Z","value":"s-z"}]}], loading: false, error: true, errorType: "errorType", onSearch: "[Function]", showHead: true, type: "resource", size: "standard", draggable: false, withHeader: false, nestedRows: false, withCheckbox: false, showMenu: false, headCellTooltip: false, separator: true
 (9ms)
    ✓ 
  data: [{"name":"Zara"},{"name":"Sara"}], schema: [{"name":"name","displayName":"Name","filters":[{"label":"A-G","value":"a-g"},{"label":"H-R","value":"h-r"},{"label":"S-Z","value":"s-z"}]}], loading: false, error: true, errorType: "errorType", onSearch: "[Function]", showHead: true, type: "resource", size: "standard", draggable: false, withHeader: false, nestedRows: false, withCheckbox: false, showMenu: false, headCellTooltip: false, separator: false
 (7ms)
    ✓ 
  data: [{"name":"Zara"},{"name":"Sara"}], schema: [{"name":"name","displayName":"Name","filters":[{"label":"A-G","value":"a-g"},{"label":"H-R","value":"h-r"},{"label":"S-Z","value":"s-z"}]}], loading: false, error: true, errorType: "errorType", onSearch: "[Function]", showHead: false, type: "resource", size: "standard", draggable: true, withHeader: true, nestedRows: true, withCheckbox: true, showMenu: true, headCellTooltip: true, separator: true
 (11ms)
    ✓ 
  data: [{"name":"Zara"},{"name":"Sara"}], schema: [{"name":"name","displayName":"Name","filters":[{"label":"A-G","value":"a-g"},{"label":"H-R","value":"h-r"},{"label":"S-Z","value":"s-z"}]}], loading: false, error: true, errorType: "errorType", onSearch: "[Function]", showHead: false, type: "resource", size: "standard", draggable: true, withHeader: true, nestedRows: true, withCheckbox: true, showMenu: true, headCellTooltip: true, separator: false
 (7ms)
    ✓ 
  data: [{"name":"Zara"},{"name":"Sara"}], schema: [{"name":"name","displayName":"Name","filters":[{"label":"A-G","value":"a-g"},{"label":"H-R","value":"h-r"},{"label":"S-Z","value":"s-z"}]}], loading: false, error: true, errorType: "errorType", onSearch: "[Function]", showHead: false, type: "resource", size: "standard", draggable: true, withHeader: true, nestedRows: true, withCheckbox: true, showMenu: true, headCellTooltip: false, separator: true
 (7ms)
    ✓ 
  data: [{"name":"Zara"},{"name":"Sara"}], schema: [{"name":"name","displayName":"Name","filters":[{"label":"A-G","value":"a-g"},{"label":"H-R","value":"h-r"},{"label":"S-Z","value":"s-z"}]}], loading: false, error: true, errorType: "errorType", onSearch: "[Function]", showHead: false, type: "resource", size: "standard", draggable: true, withHeader: true, nestedRows: true, withCheckbox: true, showMenu: true, headCellTooltip: false, separator: false
 (9ms)
    ✓ 
  data: [{"name":"Zara"},{"name":"Sara"}], schema: [{"name":"name","displayName":"Name","filters":[{"label":"A-G","value":"a-g"},{"label":"H-R","value":"h-r"},{"label":"S-Z","value":"s-z"}]}], loading: false, error: true, errorType: "errorType", onSearch: "[Function]", showHead: false, type: "resource", size: "standard", draggable: true, withHeader: true, nestedRows: true, withCheckbox: true, showMenu: false, headCellTooltip: true, separator: true
 (7ms)
    ✓ 
  data: [{"name":"Zara"},{"name":"Sara"}], schema: [{"name":"name","displayName":"Name","filters":[{"label":"A-G","value":"a-g"},{"label":"H-R","value":"h-r"},{"label":"S-Z","value":"s-z"}]}], loading: false, error: true, errorType: "errorType", onSearch: "[Function]", showHead: false, type: "resource", size: "standard", draggable: true, withHeader: true, nestedRows: true, withCheckbox: true, showMenu: false, headCellTooltip: true, separator: false
 (8ms)
    ✓ 
  data: [{"name":"Zara"},{"name":"Sara"}], schema: [{"name":"name","displayName":"Name","filters":[{"label":"A-G","value":"a-g"},{"label":"H-R","value":"h-r"},{"label":"S-Z","value":"s-z"}]}], loading: false, error: true, errorType: "errorType", onSearch: "[Function]", showHead: false, type: "resource", size: "standard", draggable: true, withHeader: true, nestedRows: true, withCheckbox: true, showMenu: false, headCellTooltip: false, separator: true
 (11ms)
    ✓ 
  data: [{"name":"Zara"},{"name":"Sara"}], schema: [{"name":"name","displayName":"Name","filters":[{"label":"A-G","value":"a-g"},{"label":"H-R","value":"h-r"},{"label":"S-Z","value":"s-z"}]}], loading: false, error: true, errorType: "errorType", onSearch: "[Function]", showHead: false, type: "resource", size: "standard", draggable: true, withHeader: true, nestedRows: true, withCheckbox: true, showMenu: false, headCellTooltip: false, separator: false
 (9ms)
    ✓ 
  data: [{"name":"Zara"},{"name":"Sara"}], schema: [{"name":"name","displayName":"Name","filters":[{"label":"A-G","value":"a-g"},{"label":"H-R","value":"h-r"},{"label":"S-Z","value":"s-z"}]}], loading: false, error: true, errorType: "errorType", onSearch: "[Function]", showHead: false, type: "resource", size: "standard", draggable: true, withHeader: true, nestedRows: true, withCheckbox: false, showMenu: true, headCellTooltip: true, separator: true
 (5ms)
    ✓ 
  data: [{"name":"Zara"},{"name":"Sara"}], schema: [{"name":"name","displayName":"Name","filters":[{"label":"A-G","value":"a-g"},{"label":"H-R","value":"h-r"},{"label":"S-Z","value":"s-z"}]}], loading: false, error: true, errorType: "errorType", onSearch: "[Function]", showHead: false, type: "resource", size: "standard", draggable: true, withHeader: true, nestedRows: true, withCheckbox: false, showMenu: true, headCellTooltip: true, separator: false
 (6ms)
    ✓ 
  data: [{"name":"Zara"},{"name":"Sara"}], schema: [{"name":"name","displayName":"Name","filters":[{"label":"A-G","value":"a-g"},{"label":"H-R","value":"h-r"},{"label":"S-Z","value":"s-z"}]}], loading: false, error: true, errorType: "errorType", onSearch: "[Function]", showHead: false, type: "resource", size: "standard", draggable: true, withHeader: true, nestedRows: true, withCheckbox: false, showMenu: true, headCellTooltip: false, separator: true
 (7ms)
    ✓ 
  data: [{"name":"Zara"},{"name":"Sara"}], schema: [{"name":"name","displayName":"Name","filters":[{"label":"A-G","value":"a-g"},{"label":"H-R","value":"h-r"},{"label":"S-Z","value":"s-z"}]}], loading: false, error: true, errorType: "errorType", onSearch: "[Function]", showHead: false, type: "resource", size: "standard", draggable: true, withHeader: true, nestedRows: true, withCheckbox: false, showMenu: true, headCellTooltip: false, separator: false
 (7ms)
    ✓ 
  data: [{"name":"Zara"},{"name":"Sara"}], schema: [{"name":"name","displayName":"Name","filters":[{"label":"A-G","value":"a-g"},{"label":"H-R","value":"h-r"},{"label":"S-Z","value":"s-z"}]}], loading: false, error: true, errorType: "errorType", onSearch: "[Function]", showHead: false, type: "resource", size: "standard", draggable: true, withHeader: true, nestedRows: true, withCheckbox: false, showMenu: false, headCellTooltip: true, separator: true
 (9ms)
    ✓ 
  data: [{"name":"Zara"},{"name":"Sara"}], schema: [{"name":"name","displayName":"Name","filters":[{"label":"A-G","value":"a-g"},{"label":"H-R","value":"h-r"},{"label":"S-Z","value":"s-z"}]}], loading: false, error: true, errorType: "errorType", onSearch: "[Function]", showHead: false, type: "resource", size: "standard", draggable: true, withHeader: true, nestedRows: true, withCheckbox: false, showMenu: false, headCellTooltip: true, separator: false
 (8ms)
    ✓ 
  data: [{"name":"Zara"},{"name":"Sara"}], schema: [{"name":"name","displayName":"Name","filters":[{"label":"A-G","value":"a-g"},{"label":"H-R","value":"h-r"},{"label":"S-Z","value":"s-z"}]}], loading: false, error: true, errorType: "errorType", onSearch: "[Function]", showHead: false, type: "resource", size: "standard", draggable: true, withHeader: true, nestedRows: true, withCheckbox: false, showMenu: false, headCellTooltip: false, separator: true
 (15ms)
    ✓ 
  data: [{"name":"Zara"},{"name":"Sara"}], schema: [{"name":"name","displayName":"Name","filters":[{"label":"A-G","value":"a-g"},{"label":"H-R","value":"h-r"},{"label":"S-Z","value":"s-z"}]}], loading: false, error: true, errorType: "errorType", onSearch: "[Function]", showHead: false, type: "resource", size: "standard", draggable: true, withHeader: true, nestedRows: true, withCheckbox: false, showMenu: false, headCellTooltip: false, separator: false
 (4ms)
    ✓ 
  data: [{"name":"Zara"},{"name":"Sara"}], schema: [{"name":"name","displayName":"Name","filters":[{"label":"A-G","value":"a-g"},{"label":"H-R","value":"h-r"},{"label":"S-Z","value":"s-z"}]}], loading: false, error: true, errorType: "errorType", onSearch: "[Function]", showHead: false, type: "resource", size: "standard", draggable: true, withHeader: true, nestedRows: false, withCheckbox: true, showMenu: true, headCellTooltip: true, separator: true
 (13ms)
    ✓ 
  data: [{"name":"Zara"},{"name":"Sara"}], schema: [{"name":"name","displayName":"Name","filters":[{"label":"A-G","value":"a-g"},{"label":"H-R","value":"h-r"},{"label":"S-Z","value":"s-z"}]}], loading: false, error: true, errorType: "errorType", onSearch: "[Function]", showHead: false, type: "resource", size: "standard", draggable: true, withHeader: true, nestedRows: false, withCheckbox: true, showMenu: true, headCellTooltip: true, separator: false
 (6ms)
    ✓ 
  data: [{"name":"Zara"},{"name":"Sara"}], schema: [{"name":"name","displayName":"Name","filters":[{"label":"A-G","value":"a-g"},{"label":"H-R","value":"h-r"},{"label":"S-Z","value":"s-z"}]}], loading: false, error: true, errorType: "errorType", onSearch: "[Function]", showHead: false, type: "resource", size: "standard", draggable: true, withHeader: true, nestedRows: false, withCheckbox: true, showMenu: true, headCellTooltip: false, separator: true
 (8ms)
    ✓ 
  data: [{"name":"Zara"},{"name":"Sara"}], schema: [{"name":"name","displayName":"Name","filters":[{"label":"A-G","value":"a-g"},{"label":"H-R","value":"h-r"},{"label":"S-Z","value":"s-z"}]}], loading: false, error: true, errorType: "errorType", onSearch: "[Function]", showHead: false, type: "resource", size: "standard", draggable: true, withHeader: true, nestedRows: false, withCheckbox: true, showMenu: true, headCellTooltip: false, separator: false
 (7ms)
    ✓ 
  data: [{"name":"Zara"},{"name":"Sara"}], schema: [{"name":"name","displayName":"Name","filters":[{"label":"A-G","value":"a-g"},{"label":"H-R","value":"h-r"},{"label":"S-Z","value":"s-z"}]}], loading: false, error: true, errorType: "errorType", onSearch: "[Function]", showHead: false, type: "resource", size: "standard", draggable: true, withHeader: true, nestedRows: false, withCheckbox: true, showMenu: false, headCellTooltip: true, separator: true
 (12ms)
    ✓ 
  data: [{"name":"Zara"},{"name":"Sara"}], schema: [{"name":"name","displayName":"Name","filters":[{"label":"A-G","value":"a-g"},{"label":"H-R","value":"h-r"},{"label":"S-Z","value":"s-z"}]}], loading: false, error: true, errorType: "errorType", onSearch: "[Function]", showHead: false, type: "resource", size: "standard", draggable: true, withHeader: true, nestedRows: false, withCheckbox: true, showMenu: false, headCellTooltip: true, separator: false
 (7ms)
    ✓ 
  data: [{"name":"Zara"},{"name":"Sara"}], schema: [{"name":"name","displayName":"Name","filters":[{"label":"A-G","value":"a-g"},{"label":"H-R","value":"h-r"},{"label":"S-Z","value":"s-z"}]}], loading: false, error: true, errorType: "errorType", onSearch: "[Function]", showHead: false, type: "resource", size: "standard", draggable: true, withHeader: true, nestedRows: false, withCheckbox: true, showMenu: false, headCellTooltip: false, separator: true
 (9ms)
    ✓ 
  data: [{"name":"Zara"},{"name":"Sara"}], schema: [{"name":"name","displayName":"Name","filters":[{"label":"A-G","value":"a-g"},{"label":"H-R","value":"h-r"},{"label":"S-Z","value":"s-z"}]}], loading: false, error: true, errorType: "errorType", onSearch: "[Function]", showHead: false, type: "resource", size: "standard", draggable: true, withHeader: true, nestedRows: false, withCheckbox: true, showMenu: false, headCellTooltip: false, separator: false
 (7ms)
    ✓ 
  data: [{"name":"Zara"},{"name":"Sara"}], schema: [{"name":"name","displayName":"Name","filters":[{"label":"A-G","value":"a-g"},{"label":"H-R","value":"h-r"},{"label":"S-Z","value":"s-z"}]}], loading: false, error: true, errorType: "errorType", onSearch: "[Function]", showHead: false, type: "resource", size: "standard", draggable: true, withHeader: true, nestedRows: false, withCheckbox: false, showMenu: true, headCellTooltip: true, separator: true
 (4ms)
    ✓ 
  data: [{"name":"Zara"},{"name":"Sara"}], schema: [{"name":"name","displayName":"Name","filters":[{"label":"A-G","value":"a-g"},{"label":"H-R","value":"h-r"},{"label":"S-Z","value":"s-z"}]}], loading: false, error: true, errorType: "errorType", onSearch: "[Function]", showHead: false, type: "resource", size: "standard", draggable: true, withHeader: true, nestedRows: false, withCheckbox: false, showMenu: true, headCellTooltip: true, separator: false
 (5ms)
    ✓ 
  data: [{"name":"Zara"},{"name":"Sara"}], schema: [{"name":"name","displayName":"Name","filters":[{"label":"A-G","value":"a-g"},{"label":"H-R","value":"h-r"},{"label":"S-Z","value":"s-z"}]}], loading: false, error: true, errorType: "errorType", onSearch: "[Function]", showHead: false, type: "resource", size: "standard", draggable: true, withHeader: true, nestedRows: false, withCheckbox: false, showMenu: true, headCellTooltip: false, separator: true
 (6ms)
    ✓ 
  data: [{"name":"Zara"},{"name":"Sara"}], schema: [{"name":"name","displayName":"Name","filters":[{"label":"A-G","value":"a-g"},{"label":"H-R","value":"h-r"},{"label":"S-Z","value":"s-z"}]}], loading: false, error: true, errorType: "errorType", onSearch: "[Function]", showHead: false, type: "resource", size: "standard", draggable: true, withHeader: true, nestedRows: false, withCheckbox: false, showMenu: true, headCellTooltip: false, separator: false
 (10ms)
    ✓ 
  data: [{"name":"Zara"},{"name":"Sara"}], schema: [{"name":"name","displayName":"Name","filters":[{"label":"A-G","value":"a-g"},{"label":"H-R","value":"h-r"},{"label":"S-Z","value":"s-z"}]}], loading: false, error: true, errorType: "errorType", onSearch: "[Function]", showHead: false, type: "resource", size: "standard", draggable: true, withHeader: true, nestedRows: false, withCheckbox: false, showMenu: false, headCellTooltip: true, separator: true
 (3ms)
    ✓ 
  data: [{"name":"Zara"},{"name":"Sara"}], schema: [{"name":"name","displayName":"Name","filters":[{"label":"A-G","value":"a-g"},{"label":"H-R","value":"h-r"},{"label":"S-Z","value":"s-z"}]}], loading: false, error: true, errorType: "errorType", onSearch: "[Function]", showHead: false, type: "resource", size: "standard", draggable: true, withHeader: true, nestedRows: false, withCheckbox: false, showMenu: false, headCellTooltip: true, separator: false
 (5ms)
    ✓ 
  data: [{"name":"Zara"},{"name":"Sara"}], schema: [{"name":"name","displayName":"Name","filters":[{"label":"A-G","value":"a-g"},{"label":"H-R","value":"h-r"},{"label":"S-Z","value":"s-z"}]}], loading: false, error: true, errorType: "errorType", onSearch: "[Function]", showHead: false, type: "resource", size: "standard", draggable: true, withHeader: true, nestedRows: false, withCheckbox: false, showMenu: false, headCellTooltip: false, separator: true
 (3ms)
    ✓ 
  data: [{"name":"Zara"},{"name":"Sara"}], schema: [{"name":"name","displayName":"Name","filters":[{"label":"A-G","value":"a-g"},{"label":"H-R","value":"h-r"},{"label":"S-Z","value":"s-z"}]}], loading: false, error: true, errorType: "errorType", onSearch: "[Function]", showHead: false, type: "resource", size: "standard", draggable: true, withHeader: true, nestedRows: false, withCheckbox: false, showMenu: false, headCellTooltip: false, separator: false
 (6ms)
    ✓ 
  data: [{"name":"Zara"},{"name":"Sara"}], schema: [{"name":"name","displayName":"Name","filters":[{"label":"A-G","value":"a-g"},{"label":"H-R","value":"h-r"},{"label":"S-Z","value":"s-z"}]}], loading: false, error: true, errorType: "errorType", onSearch: "[Function]", showHead: false, type: "resource", size: "standard", draggable: true, withHeader: false, nestedRows: true, withCheckbox: true, showMenu: true, headCellTooltip: true, separator: true
 (2ms)
    ✓ 
  data: [{"name":"Zara"},{"name":"Sara"}], schema: [{"name":"name","displayName":"Name","filters":[{"label":"A-G","value":"a-g"},{"label":"H-R","value":"h-r"},{"label":"S-Z","value":"s-z"}]}], loading: false, error: true, errorType: "errorType", onSearch: "[Function]", showHead: false, type: "resource", size: "standard", draggable: true, withHeader: false, nestedRows: true, withCheckbox: true, showMenu: true, headCellTooltip: true, separator: false
 (4ms)
    ✓ 
  data: [{"name":"Zara"},{"name":"Sara"}], schema: [{"name":"name","displayName":"Name","filters":[{"label":"A-G","value":"a-g"},{"label":"H-R","value":"h-r"},{"label":"S-Z","value":"s-z"}]}], loading: false, error: true, errorType: "errorType", onSearch: "[Function]", showHead: false, type: "resource", size: "standard", draggable: true, withHeader: false, nestedRows: true, withCheckbox: true, showMenu: true, headCellTooltip: false, separator: true
 (4ms)
    ✓ 
  data: [{"name":"Zara"},{"name":"Sara"}], schema: [{"name":"name","displayName":"Name","filters":[{"label":"A-G","value":"a-g"},{"label":"H-R","value":"h-r"},{"label":"S-Z","value":"s-z"}]}], loading: false, error: true, errorType: "errorType", onSearch: "[Function]", showHead: false, type: "resource", size: "standard", draggable: true, withHeader: false, nestedRows: true, withCheckbox: true, showMenu: true, headCellTooltip: false, separator: false
 (3ms)
    ✓ 
  data: [{"name":"Zara"},{"name":"Sara"}], schema: [{"name":"name","displayName":"Name","filters":[{"label":"A-G","value":"a-g"},{"label":"H-R","value":"h-r"},{"label":"S-Z","value":"s-z"}]}], loading: false, error: true, errorType: "errorType", onSearch: "[Function]", showHead: false, type: "resource", size: "standard", draggable: true, withHeader: false, nestedRows: true, withCheckbox: true, showMenu: false, headCellTooltip: true, separator: true
 (6ms)
    ✓ 
  data: [{"name":"Zara"},{"name":"Sara"}], schema: [{"name":"name","displayName":"Name","filters":[{"label":"A-G","value":"a-g"},{"label":"H-R","value":"h-r"},{"label":"S-Z","value":"s-z"}]}], loading: false, error: true, errorType: "errorType", onSearch: "[Function]", showHead: false, type: "resource", size: "standard", draggable: true, withHeader: false, nestedRows: true, withCheckbox: true, showMenu: false, headCellTooltip: true, separator: false
 (2ms)
    ✓ 
  data: [{"name":"Zara"},{"name":"Sara"}], schema: [{"name":"name","displayName":"Name","filters":[{"label":"A-G","value":"a-g"},{"label":"H-R","value":"h-r"},{"label":"S-Z","value":"s-z"}]}], loading: false, error: true, errorType: "errorType", onSearch: "[Function]", showHead: false, type: "resource", size: "standard", draggable: true, withHeader: false, nestedRows: true, withCheckbox: true, showMenu: false, headCellTooltip: false, separator: true
 (3ms)
    ✓ 
  data: [{"name":"Zara"},{"name":"Sara"}], schema: [{"name":"name","displayName":"Name","filters":[{"label":"A-G","value":"a-g"},{"label":"H-R","value":"h-r"},{"label":"S-Z","value":"s-z"}]}], loading: false, error: true, errorType: "errorType", onSearch: "[Function]", showHead: false, type: "resource", size: "standard", draggable: true, withHeader: false, nestedRows: true, withCheckbox: true, showMenu: false, headCellTooltip: false, separator: false
 (2ms)
    ✓ 
  data: [{"name":"Zara"},{"name":"Sara"}], schema: [{"name":"name","displayName":"Name","filters":[{"label":"A-G","value":"a-g"},{"label":"H-R","value":"h-r"},{"label":"S-Z","value":"s-z"}]}], loading: false, error: true, errorType: "errorType", onSearch: "[Function]", showHead: false, type: "resource", size: "standard", draggable: true, withHeader: false, nestedRows: true, withCheckbox: false, showMenu: true, headCellTooltip: true, separator: true
 (3ms)
    ✓ 
  data: [{"name":"Zara"},{"name":"Sara"}], schema: [{"name":"name","displayName":"Name","filters":[{"label":"A-G","value":"a-g"},{"label":"H-R","value":"h-r"},{"label":"S-Z","value":"s-z"}]}], loading: false, error: true, errorType: "errorType", onSearch: "[Function]", showHead: false, type: "resource", size: "standard", draggable: true, withHeader: false, nestedRows: true, withCheckbox: false, showMenu: true, headCellTooltip: true, separator: false
 (4ms)
    ✓ 
  data: [{"name":"Zara"},{"name":"Sara"}], schema: [{"name":"name","displayName":"Name","filters":[{"label":"A-G","value":"a-g"},{"label":"H-R","value":"h-r"},{"label":"S-Z","value":"s-z"}]}], loading: false, error: true, errorType: "errorType", onSearch: "[Function]", showHead: false, type: "resource", size: "standard", draggable: true, withHeader: false, nestedRows: true, withCheckbox: false, showMenu: true, headCellTooltip: false, separator: true
 (1ms)
    ✓ 
  data: [{"name":"Zara"},{"name":"Sara"}], schema: [{"name":"name","displayName":"Name","filters":[{"label":"A-G","value":"a-g"},{"label":"H-R","value":"h-r"},{"label":"S-Z","value":"s-z"}]}], loading: false, error: true, errorType: "errorType", onSearch: "[Function]", showHead: false, type: "resource", size: "standard", draggable: true, withHeader: false, nestedRows: true, withCheckbox: false, showMenu: true, headCellTooltip: false, separator: false
 (4ms)
    ✓ 
  data: [{"name":"Zara"},{"name":"Sara"}], schema: [{"name":"name","displayName":"Name","filters":[{"label":"A-G","value":"a-g"},{"label":"H-R","value":"h-r"},{"label":"S-Z","value":"s-z"}]}], loading: false, error: true, errorType: "errorType", onSearch: "[Function]", showHead: false, type: "resource", size: "standard", draggable: true, withHeader: false, nestedRows: true, withCheckbox: false, showMenu: false, headCellTooltip: true, separator: true
 (5ms)
    ✓ 
  data: [{"name":"Zara"},{"name":"Sara"}], schema: [{"name":"name","displayName":"Name","filters":[{"label":"A-G","value":"a-g"},{"label":"H-R","value":"h-r"},{"label":"S-Z","value":"s-z"}]}], loading: false, error: true, errorType: "errorType", onSearch: "[Function]", showHead: false, type: "resource", size: "standard", draggable: true, withHeader: false, nestedRows: true, withCheckbox: false, showMenu: false, headCellTooltip: true, separator: false
 (4ms)
    ✓ 
  data: [{"name":"Zara"},{"name":"Sara"}], schema: [{"name":"name","displayName":"Name","filters":[{"label":"A-G","value":"a-g"},{"label":"H-R","value":"h-r"},{"label":"S-Z","value":"s-z"}]}], loading: false, error: true, errorType: "errorType", onSearch: "[Function]", showHead: false, type: "resource", size: "standard", draggable: true, withHeader: false, nestedRows: true, withCheckbox: false, showMenu: false, headCellTooltip: false, separator: true
 (3ms)
    ✓ 
  data: [{"name":"Zara"},{"name":"Sara"}], schema: [{"name":"name","displayName":"Name","filters":[{"label":"A-G","value":"a-g"},{"label":"H-R","value":"h-r"},{"label":"S-Z","value":"s-z"}]}], loading: false, error: true, errorType: "errorType", onSearch: "[Function]", showHead: false, type: "resource", size: "standard", draggable: true, withHeader: false, nestedRows: true, withCheckbox: false, showMenu: false, headCellTooltip: false, separator: false
 (3ms)
    ✓ 
  data: [{"name":"Zara"},{"name":"Sara"}], schema: [{"name":"name","displayName":"Name","filters":[{"label":"A-G","value":"a-g"},{"label":"H-R","value":"h-r"},{"label":"S-Z","value":"s-z"}]}], loading: false, error: true, errorType: "errorType", onSearch: "[Function]", showHead: false, type: "resource", size: "standard", draggable: true, withHeader: false, nestedRows: false, withCheckbox: true, showMenu: true, headCellTooltip: true, separator: true
 (7ms)
    ✓ 
  data: [{"name":"Zara"},{"name":"Sara"}], schema: [{"name":"name","displayName":"Name","filters":[{"label":"A-G","value":"a-g"},{"label":"H-R","value":"h-r"},{"label":"S-Z","value":"s-z"}]}], loading: false, error: true, errorType: "errorType", onSearch: "[Function]", showHead: false, type: "resource", size: "standard", draggable: true, withHeader: false, nestedRows: false, withCheckbox: true, showMenu: true, headCellTooltip: true, separator: false
 (2ms)
    ✓ 
  data: [{"name":"Zara"},{"name":"Sara"}], schema: [{"name":"name","displayName":"Name","filters":[{"label":"A-G","value":"a-g"},{"label":"H-R","value":"h-r"},{"label":"S-Z","value":"s-z"}]}], loading: false, error: true, errorType: "errorType", onSearch: "[Function]", showHead: false, type: "resource", size: "standard", draggable: true, withHeader: false, nestedRows: false, withCheckbox: true, showMenu: true, headCellTooltip: false, separator: true
 (3ms)
    ✓ 
  data: [{"name":"Zara"},{"name":"Sara"}], schema: [{"name":"name","displayName":"Name","filters":[{"label":"A-G","value":"a-g"},{"label":"H-R","value":"h-r"},{"label":"S-Z","value":"s-z"}]}], loading: false, error: true, errorType: "errorType", onSearch: "[Function]", showHead: false, type: "resource", size: "standard", draggable: true, withHeader: false, nestedRows: false, withCheckbox: true, showMenu: true, headCellTooltip: false, separator: false
 (2ms)
    ✓ 
  data: [{"name":"Zara"},{"name":"Sara"}], schema: [{"name":"name","displayName":"Name","filters":[{"label":"A-G","value":"a-g"},{"label":"H-R","value":"h-r"},{"label":"S-Z","value":"s-z"}]}], loading: false, error: true, errorType: "errorType", onSearch: "[Function]", showHead: false, type: "resource", size: "standard", draggable: true, withHeader: false, nestedRows: false, withCheckbox: true, showMenu: false, headCellTooltip: true, separator: true
 (2ms)
    ✓ 
  data: [{"name":"Zara"},{"name":"Sara"}], schema: [{"name":"name","displayName":"Name","filters":[{"label":"A-G","value":"a-g"},{"label":"H-R","value":"h-r"},{"label":"S-Z","value":"s-z"}]}], loading: false, error: true, errorType: "errorType", onSearch: "[Function]", showHead: false, type: "resource", size: "standard", draggable: true, withHeader: false, nestedRows: false, withCheckbox: true, showMenu: false, headCellTooltip: true, separator: false
 (5ms)
    ✓ 
  data: [{"name":"Zara"},{"name":"Sara"}], schema: [{"name":"name","displayName":"Name","filters":[{"label":"A-G","value":"a-g"},{"label":"H-R","value":"h-r"},{"label":"S-Z","value":"s-z"}]}], loading: false, error: true, errorType: "errorType", onSearch: "[Function]", showHead: false, type: "resource", size: "standard", draggable: true, withHeader: false, nestedRows: false, withCheckbox: true, showMenu: false, headCellTooltip: false, separator: true
 (2ms)
    ✓ 
  data: [{"name":"Zara"},{"name":"Sara"}], schema: [{"name":"name","displayName":"Name","filters":[{"label":"A-G","value":"a-g"},{"label":"H-R","value":"h-r"},{"label":"S-Z","value":"s-z"}]}], loading: false, error: true, errorType: "errorType", onSearch: "[Function]", showHead: false, type: "resource", size: "standard", draggable: true, withHeader: false, nestedRows: false, withCheckbox: true, showMenu: false, headCellTooltip: false, separator: false
 (5ms)
    ✓ 
  data: [{"name":"Zara"},{"name":"Sara"}], schema: [{"name":"name","displayName":"Name","filters":[{"label":"A-G","value":"a-g"},{"label":"H-R","value":"h-r"},{"label":"S-Z","value":"s-z"}]}], loading: false, error: true, errorType: "errorType", onSearch: "[Function]", showHead: false, type: "resource", size: "standard", draggable: true, withHeader: false, nestedRows: false, withCheckbox: false, showMenu: true, headCellTooltip: true, separator: true
 (4ms)
    ✓ 
  data: [{"name":"Zara"},{"name":"Sara"}], schema: [{"name":"name","displayName":"Name","filters":[{"label":"A-G","value":"a-g"},{"label":"H-R","value":"h-r"},{"label":"S-Z","value":"s-z"}]}], loading: false, error: true, errorType: "errorType", onSearch: "[Function]", showHead: false, type: "resource", size: "standard", draggable: true, withHeader: false, nestedRows: false, withCheckbox: false, showMenu: true, headCellTooltip: true, separator: false
 (4ms)
    ✓ 
  data: [{"name":"Zara"},{"name":"Sara"}], schema: [{"name":"name","displayName":"Name","filters":[{"label":"A-G","value":"a-g"},{"label":"H-R","value":"h-r"},{"label":"S-Z","value":"s-z"}]}], loading: false, error: true, errorType: "errorType", onSearch: "[Function]", showHead: false, type: "resource", size: "standard", draggable: true, withHeader: false, nestedRows: false, withCheckbox: false, showMenu: true, headCellTooltip: false, separator: true
 (4ms)
    ✓ 
  data: [{"name":"Zara"},{"name":"Sara"}], schema: [{"name":"name","displayName":"Name","filters":[{"label":"A-G","value":"a-g"},{"label":"H-R","value":"h-r"},{"label":"S-Z","value":"s-z"}]}], loading: false, error: true, errorType: "errorType", onSearch: "[Function]", showHead: false, type: "resource", size: "standard", draggable: true, withHeader: false, nestedRows: false, withCheckbox: false, showMenu: true, headCellTooltip: false, separator: false
 (6ms)
    ✓ 
  data: [{"name":"Zara"},{"name":"Sara"}], schema: [{"name":"name","displayName":"Name","filters":[{"label":"A-G","value":"a-g"},{"label":"H-R","value":"h-r"},{"label":"S-Z","value":"s-z"}]}], loading: false, error: true, errorType: "errorType", onSearch: "[Function]", showHead: false, type: "resource", size: "standard", draggable: true, withHeader: false, nestedRows: false, withCheckbox: false, showMenu: false, headCellTooltip: true, separator: true
 (2ms)
    ✓ 
  data: [{"name":"Zara"},{"name":"Sara"}], schema: [{"name":"name","displayName":"Name","filters":[{"label":"A-G","value":"a-g"},{"label":"H-R","value":"h-r"},{"label":"S-Z","value":"s-z"}]}], loading: false, error: true, errorType: "errorType", onSearch: "[Function]", showHead: false, type: "resource", size: "standard", draggable: true, withHeader: false, nestedRows: false, withCheckbox: false, showMenu: false, headCellTooltip: true, separator: false
 (2ms)
    ✓ 
  data: [{"name":"Zara"},{"name":"Sara"}], schema: [{"name":"name","displayName":"Name","filters":[{"label":"A-G","value":"a-g"},{"label":"H-R","value":"h-r"},{"label":"S-Z","value":"s-z"}]}], loading: false, error: true, errorType: "errorType", onSearch: "[Function]", showHead: false, type: "resource", size: "standard", draggable: true, withHeader: false, nestedRows: false, withCheckbox: false, showMenu: false, headCellTooltip: false, separator: true
 (2ms)
    ✓ 
  data: [{"name":"Zara"},{"name":"Sara"}], schema: [{"name":"name","displayName":"Name","filters":[{"label":"A-G","value":"a-g"},{"label":"H-R","value":"h-r"},{"label":"S-Z","value":"s-z"}]}], loading: false, error: true, errorType: "errorType", onSearch: "[Function]", showHead: false, type: "resource", size: "standard", draggable: true, withHeader: false, nestedRows: false, withCheckbox: false, showMenu: false, headCellTooltip: false, separator: false
 (3ms)
    ✓ 
  data: [{"name":"Zara"},{"name":"Sara"}], schema: [{"name":"name","displayName":"Name","filters":[{"label":"A-G","value":"a-g"},{"label":"H-R","value":"h-r"},{"label":"S-Z","value":"s-z"}]}], loading: false, error: true, errorType: "errorType", onSearch: "[Function]", showHead: false, type: "resource", size: "standard", draggable: false, withHeader: true, nestedRows: true, withCheckbox: true, showMenu: true, headCellTooltip: true, separator: true
 (6ms)
    ✓ 
  data: [{"name":"Zara"},{"name":"Sara"}], schema: [{"name":"name","displayName":"Name","filters":[{"label":"A-G","value":"a-g"},{"label":"H-R","value":"h-r"},{"label":"S-Z","value":"s-z"}]}], loading: false, error: true, errorType: "errorType", onSearch: "[Function]", showHead: false, type: "resource", size: "standard", draggable: false, withHeader: true, nestedRows: true, withCheckbox: true, showMenu: true, headCellTooltip: true, separator: false
 (5ms)
    ✓ 
  data: [{"name":"Zara"},{"name":"Sara"}], schema: [{"name":"name","displayName":"Name","filters":[{"label":"A-G","value":"a-g"},{"label":"H-R","value":"h-r"},{"label":"S-Z","value":"s-z"}]}], loading: false, error: true, errorType: "errorType", onSearch: "[Function]", showHead: false, type: "resource", size: "standard", draggable: false, withHeader: true, nestedRows: true, withCheckbox: true, showMenu: true, headCellTooltip: false, separator: true
 (5ms)
    ✓ 
  data: [{"name":"Zara"},{"name":"Sara"}], schema: [{"name":"name","displayName":"Name","filters":[{"label":"A-G","value":"a-g"},{"label":"H-R","value":"h-r"},{"label":"S-Z","value":"s-z"}]}], loading: false, error: true, errorType: "errorType", onSearch: "[Function]", showHead: false, type: "resource", size: "standard", draggable: false, withHeader: true, nestedRows: true, withCheckbox: true, showMenu: true, headCellTooltip: false, separator: false
 (8ms)
    ✓ 
  data: [{"name":"Zara"},{"name":"Sara"}], schema: [{"name":"name","displayName":"Name","filters":[{"label":"A-G","value":"a-g"},{"label":"H-R","value":"h-r"},{"label":"S-Z","value":"s-z"}]}], loading: false, error: true, errorType: "errorType", onSearch: "[Function]", showHead: false, type: "resource", size: "standard", draggable: false, withHeader: true, nestedRows: true, withCheckbox: true, showMenu: false, headCellTooltip: true, separator: true
 (4ms)
    ✓ 
  data: [{"name":"Zara"},{"name":"Sara"}], schema: [{"name":"name","displayName":"Name","filters":[{"label":"A-G","value":"a-g"},{"label":"H-R","value":"h-r"},{"label":"S-Z","value":"s-z"}]}], loading: false, error: true, errorType: "errorType", onSearch: "[Function]", showHead: false, type: "resource", size: "standard", draggable: false, withHeader: true, nestedRows: true, withCheckbox: true, showMenu: false, headCellTooltip: true, separator: false
 (4ms)
    ✓ 
  data: [{"name":"Zara"},{"name":"Sara"}], schema: [{"name":"name","displayName":"Name","filters":[{"label":"A-G","value":"a-g"},{"label":"H-R","value":"h-r"},{"label":"S-Z","value":"s-z"}]}], loading: false, error: true, errorType: "errorType", onSearch: "[Function]", showHead: false, type: "resource", size: "standard", draggable: false, withHeader: true, nestedRows: true, withCheckbox: true, showMenu: false, headCellTooltip: false, separator: true
 (3ms)
    ✓ 
  data: [{"name":"Zara"},{"name":"Sara"}], schema: [{"name":"name","displayName":"Name","filters":[{"label":"A-G","value":"a-g"},{"label":"H-R","value":"h-r"},{"label":"S-Z","value":"s-z"}]}], loading: false, error: true, errorType: "errorType", onSearch: "[Function]", showHead: false, type: "resource", size: "standard", draggable: false, withHeader: true, nestedRows: true, withCheckbox: true, showMenu: false, headCellTooltip: false, separator: false
 (5ms)
    ✓ 
  data: [{"name":"Zara"},{"name":"Sara"}], schema: [{"name":"name","displayName":"Name","filters":[{"label":"A-G","value":"a-g"},{"label":"H-R","value":"h-r"},{"label":"S-Z","value":"s-z"}]}], loading: false, error: true, errorType: "errorType", onSearch: "[Function]", showHead: false, type: "resource", size: "standard", draggable: false, withHeader: true, nestedRows: true, withCheckbox: false, showMenu: true, headCellTooltip: true, separator: true
 (3ms)
    ✓ 
  data: [{"name":"Zara"},{"name":"Sara"}], schema: [{"name":"name","displayName":"Name","filters":[{"label":"A-G","value":"a-g"},{"label":"H-R","value":"h-r"},{"label":"S-Z","value":"s-z"}]}], loading: false, error: true, errorType: "errorType", onSearch: "[Function]", showHead: false, type: "resource", size: "standard", draggable: false, withHeader: true, nestedRows: true, withCheckbox: false, showMenu: true, headCellTooltip: true, separator: false
 (3ms)
    ✓ 
  data: [{"name":"Zara"},{"name":"Sara"}], schema: [{"name":"name","displayName":"Name","filters":[{"label":"A-G","value":"a-g"},{"label":"H-R","value":"h-r"},{"label":"S-Z","value":"s-z"}]}], loading: false, error: true, errorType: "errorType", onSearch: "[Function]", showHead: false, type: "resource", size: "standard", draggable: false, withHeader: true, nestedRows: true, withCheckbox: false, showMenu: true, headCellTooltip: false, separator: true
 (6ms)
    ✓ 
  data: [{"name":"Zara"},{"name":"Sara"}], schema: [{"name":"name","displayName":"Name","filters":[{"label":"A-G","value":"a-g"},{"label":"H-R","value":"h-r"},{"label":"S-Z","value":"s-z"}]}], loading: false, error: true, errorType: "errorType", onSearch: "[Function]", showHead: false, type: "resource", size: "standard", draggable: false, withHeader: true, nestedRows: true, withCheckbox: false, showMenu: true, headCellTooltip: false, separator: false
 (5ms)
    ✓ 
  data: [{"name":"Zara"},{"name":"Sara"}], schema: [{"name":"name","displayName":"Name","filters":[{"label":"A-G","value":"a-g"},{"label":"H-R","value":"h-r"},{"label":"S-Z","value":"s-z"}]}], loading: false, error: true, errorType: "errorType", onSearch: "[Function]", showHead: false, type: "resource", size: "standard", draggable: false, withHeader: true, nestedRows: true, withCheckbox: false, showMenu: false, headCellTooltip: true, separator: true
 (3ms)
    ✓ 
  data: [{"name":"Zara"},{"name":"Sara"}], schema: [{"name":"name","displayName":"Name","filters":[{"label":"A-G","value":"a-g"},{"label":"H-R","value":"h-r"},{"label":"S-Z","value":"s-z"}]}], loading: false, error: true, errorType: "errorType", onSearch: "[Function]", showHead: false, type: "resource", size: "standard", draggable: false, withHeader: true, nestedRows: true, withCheckbox: false, showMenu: false, headCellTooltip: true, separator: false
 (7ms)
    ✓ 
  data: [{"name":"Zara"},{"name":"Sara"}], schema: [{"name":"name","displayName":"Name","filters":[{"label":"A-G","value":"a-g"},{"label":"H-R","value":"h-r"},{"label":"S-Z","value":"s-z"}]}], loading: false, error: true, errorType: "errorType", onSearch: "[Function]", showHead: false, type: "resource", size: "standard", draggable: false, withHeader: true, nestedRows: true, withCheckbox: false, showMenu: false, headCellTooltip: false, separator: true
 (3ms)
    ✓ 
  data: [{"name":"Zara"},{"name":"Sara"}], schema: [{"name":"name","displayName":"Name","filters":[{"label":"A-G","value":"a-g"},{"label":"H-R","value":"h-r"},{"label":"S-Z","value":"s-z"}]}], loading: false, error: true, errorType: "errorType", onSearch: "[Function]", showHead: false, type: "resource", size: "standard", draggable: false, withHeader: true, nestedRows: true, withCheckbox: false, showMenu: false, headCellTooltip: false, separator: false
 (6ms)
    ✓ 
  data: [{"name":"Zara"},{"name":"Sara"}], schema: [{"name":"name","displayName":"Name","filters":[{"label":"A-G","value":"a-g"},{"label":"H-R","value":"h-r"},{"label":"S-Z","value":"s-z"}]}], loading: false, error: true, errorType: "errorType", onSearch: "[Function]", showHead: false, type: "resource", size: "standard", draggable: false, withHeader: true, nestedRows: false, withCheckbox: true, showMenu: true, headCellTooltip: true, separator: true
 (6ms)
    ✓ 
  data: [{"name":"Zara"},{"name":"Sara"}], schema: [{"name":"name","displayName":"Name","filters":[{"label":"A-G","value":"a-g"},{"label":"H-R","value":"h-r"},{"label":"S-Z","value":"s-z"}]}], loading: false, error: true, errorType: "errorType", onSearch: "[Function]", showHead: false, type: "resource", size: "standard", draggable: false, withHeader: true, nestedRows: false, withCheckbox: true, showMenu: true, headCellTooltip: true, separator: false
 (5ms)
    ✓ 
  data: [{"name":"Zara"},{"name":"Sara"}], schema: [{"name":"name","displayName":"Name","filters":[{"label":"A-G","value":"a-g"},{"label":"H-R","value":"h-r"},{"label":"S-Z","value":"s-z"}]}], loading: false, error: true, errorType: "errorType", onSearch: "[Function]", showHead: false, type: "resource", size: "standard", draggable: false, withHeader: true, nestedRows: false, withCheckbox: true, showMenu: true, headCellTooltip: false, separator: true
 (5ms)
    ✓ 
  data: [{"name":"Zara"},{"name":"Sara"}], schema: [{"name":"name","displayName":"Name","filters":[{"label":"A-G","value":"a-g"},{"label":"H-R","value":"h-r"},{"label":"S-Z","value":"s-z"}]}], loading: false, error: true, errorType: "errorType", onSearch: "[Function]", showHead: false, type: "resource", size: "standard", draggable: false, withHeader: true, nestedRows: false, withCheckbox: true, showMenu: true, headCellTooltip: false, separator: false
 (4ms)
    ✓ 
  data: [{"name":"Zara"},{"name":"Sara"}], schema: [{"name":"name","displayName":"Name","filters":[{"label":"A-G","value":"a-g"},{"label":"H-R","value":"h-r"},{"label":"S-Z","value":"s-z"}]}], loading: false, error: true, errorType: "errorType", onSearch: "[Function]", showHead: false, type: "resource", size: "standard", draggable: false, withHeader: true, nestedRows: false, withCheckbox: true, showMenu: false, headCellTooltip: true, separator: true
 (5ms)
    ✓ 
  data: [{"name":"Zara"},{"name":"Sara"}], schema: [{"name":"name","displayName":"Name","filters":[{"label":"A-G","value":"a-g"},{"label":"H-R","value":"h-r"},{"label":"S-Z","value":"s-z"}]}], loading: false, error: true, errorType: "errorType", onSearch: "[Function]", showHead: false, type: "resource", size: "standard", draggable: false, withHeader: true, nestedRows: false, withCheckbox: true, showMenu: false, headCellTooltip: true, separator: false
 (6ms)
    ✓ 
  data: [{"name":"Zara"},{"name":"Sara"}], schema: [{"name":"name","displayName":"Name","filters":[{"label":"A-G","value":"a-g"},{"label":"H-R","value":"h-r"},{"label":"S-Z","value":"s-z"}]}], loading: false, error: true, errorType: "errorType", onSearch: "[Function]", showHead: false, type: "resource", size: "standard", draggable: false, withHeader: true, nestedRows: false, withCheckbox: true, showMenu: false, headCellTooltip: false, separator: true
 (5ms)
    ✓ 
  data: [{"name":"Zara"},{"name":"Sara"}], schema: [{"name":"name","displayName":"Name","filters":[{"label":"A-G","value":"a-g"},{"label":"H-R","value":"h-r"},{"label":"S-Z","value":"s-z"}]}], loading: false, error: true, errorType: "errorType", onSearch: "[Function]", showHead: false, type: "resource", size: "standard", draggable: false, withHeader: true, nestedRows: false, withCheckbox: true, showMenu: false, headCellTooltip: false, separator: false
 (6ms)
    ✓ 
  data: [{"name":"Zara"},{"name":"Sara"}], schema: [{"name":"name","displayName":"Name","filters":[{"label":"A-G","value":"a-g"},{"label":"H-R","value":"h-r"},{"label":"S-Z","value":"s-z"}]}], loading: false, error: true, errorType: "errorType", onSearch: "[Function]", showHead: false, type: "resource", size: "standard", draggable: false, withHeader: true, nestedRows: false, withCheckbox: false, showMenu: true, headCellTooltip: true, separator: true
 (5ms)
    ✓ 
  data: [{"name":"Zara"},{"name":"Sara"}], schema: [{"name":"name","displayName":"Name","filters":[{"label":"A-G","value":"a-g"},{"label":"H-R","value":"h-r"},{"label":"S-Z","value":"s-z"}]}], loading: false, error: true, errorType: "errorType", onSearch: "[Function]", showHead: false, type: "resource", size: "standard", draggable: false, withHeader: true, nestedRows: false, withCheckbox: false, showMenu: true, headCellTooltip: true, separator: false
 (4ms)
    ✓ 
  data: [{"name":"Zara"},{"name":"Sara"}], schema: [{"name":"name","displayName":"Name","filters":[{"label":"A-G","value":"a-g"},{"label":"H-R","value":"h-r"},{"label":"S-Z","value":"s-z"}]}], loading: false, error: true, errorType: "errorType", onSearch: "[Function]", showHead: false, type: "resource", size: "standard", draggable: false, withHeader: true, nestedRows: false, withCheckbox: false, showMenu: true, headCellTooltip: false, separator: true
 (3ms)
    ✓ 
  data: [{"name":"Zara"},{"name":"Sara"}], schema: [{"name":"name","displayName":"Name","filters":[{"label":"A-G","value":"a-g"},{"label":"H-R","value":"h-r"},{"label":"S-Z","value":"s-z"}]}], loading: false, error: true, errorType: "errorType", onSearch: "[Function]", showHead: false, type: "resource", size: "standard", draggable: false, withHeader: true, nestedRows: false, withCheckbox: false, showMenu: true, headCellTooltip: false, separator: false
 (3ms)
    ✓ 
  data: [{"name":"Zara"},{"name":"Sara"}], schema: [{"name":"name","displayName":"Name","filters":[{"label":"A-G","value":"a-g"},{"label":"H-R","value":"h-r"},{"label":"S-Z","value":"s-z"}]}], loading: false, error: true, errorType: "errorType", onSearch: "[Function]", showHead: false, type: "resource", size: "standard", draggable: false, withHeader: true, nestedRows: false, withCheckbox: false, showMenu: false, headCellTooltip: true, separator: true
 (3ms)
    ✓ 
  data: [{"name":"Zara"},{"name":"Sara"}], schema: [{"name":"name","displayName":"Name","filters":[{"label":"A-G","value":"a-g"},{"label":"H-R","value":"h-r"},{"label":"S-Z","value":"s-z"}]}], loading: false, error: true, errorType: "errorType", onSearch: "[Function]", showHead: false, type: "resource", size: "standard", draggable: false, withHeader: true, nestedRows: false, withCheckbox: false, showMenu: false, headCellTooltip: true, separator: false
 (5ms)
    ✓ 
  data: [{"name":"Zara"},{"name":"Sara"}], schema: [{"name":"name","displayName":"Name","filters":[{"label":"A-G","value":"a-g"},{"label":"H-R","value":"h-r"},{"label":"S-Z","value":"s-z"}]}], loading: false, error: true, errorType: "errorType", onSearch: "[Function]", showHead: false, type: "resource", size: "standard", draggable: false, withHeader: true, nestedRows: false, withCheckbox: false, showMenu: false, headCellTooltip: false, separator: true
 (3ms)
    ✓ 
  data: [{"name":"Zara"},{"name":"Sara"}], schema: [{"name":"name","displayName":"Name","filters":[{"label":"A-G","value":"a-g"},{"label":"H-R","value":"h-r"},{"label":"S-Z","value":"s-z"}]}], loading: false, error: true, errorType: "errorType", onSearch: "[Function]", showHead: false, type: "resource", size: "standard", draggable: false, withHeader: true, nestedRows: false, withCheckbox: false, showMenu: false, headCellTooltip: false, separator: false
 (4ms)
    ✓ 
  data: [{"name":"Zara"},{"name":"Sara"}], schema: [{"name":"name","displayName":"Name","filters":[{"label":"A-G","value":"a-g"},{"label":"H-R","value":"h-r"},{"label":"S-Z","value":"s-z"}]}], loading: false, error: true, errorType: "errorType", onSearch: "[Function]", showHead: false, type: "resource", size: "standard", draggable: false, withHeader: false, nestedRows: true, withCheckbox: true, showMenu: true, headCellTooltip: true, separator: true
 (2ms)
    ✓ 
  data: [{"name":"Zara"},{"name":"Sara"}], schema: [{"name":"name","displayName":"Name","filters":[{"label":"A-G","value":"a-g"},{"label":"H-R","value":"h-r"},{"label":"S-Z","value":"s-z"}]}], loading: false, error: true, errorType: "errorType", onSearch: "[Function]", showHead: false, type: "resource", size: "standard", draggable: false, withHeader: false, nestedRows: true, withCheckbox: true, showMenu: true, headCellTooltip: true, separator: false
 (2ms)
    ✓ 
  data: [{"name":"Zara"},{"name":"Sara"}], schema: [{"name":"name","displayName":"Name","filters":[{"label":"A-G","value":"a-g"},{"label":"H-R","value":"h-r"},{"label":"S-Z","value":"s-z"}]}], loading: false, error: true, errorType: "errorType", onSearch: "[Function]", showHead: false, type: "resource", size: "standard", draggable: false, withHeader: false, nestedRows: true, withCheckbox: true, showMenu: true, headCellTooltip: false, separator: true
 (4ms)
    ✓ 
  data: [{"name":"Zara"},{"name":"Sara"}], schema: [{"name":"name","displayName":"Name","filters":[{"label":"A-G","value":"a-g"},{"label":"H-R","value":"h-r"},{"label":"S-Z","value":"s-z"}]}], loading: false, error: true, errorType: "errorType", onSearch: "[Function]", showHead: false, type: "resource", size: "standard", draggable: false, withHeader: false, nestedRows: true, withCheckbox: true, showMenu: true, headCellTooltip: false, separator: false
 (2ms)
    ✓ 
  data: [{"name":"Zara"},{"name":"Sara"}], schema: [{"name":"name","displayName":"Name","filters":[{"label":"A-G","value":"a-g"},{"label":"H-R","value":"h-r"},{"label":"S-Z","value":"s-z"}]}], loading: false, error: true, errorType: "errorType", onSearch: "[Function]", showHead: false, type: "resource", size: "standard", draggable: false, withHeader: false, nestedRows: true, withCheckbox: true, showMenu: false, headCellTooltip: true, separator: true
 (2ms)
    ✓ 
  data: [{"name":"Zara"},{"name":"Sara"}], schema: [{"name":"name","displayName":"Name","filters":[{"label":"A-G","value":"a-g"},{"label":"H-R","value":"h-r"},{"label":"S-Z","value":"s-z"}]}], loading: false, error: true, errorType: "errorType", onSearch: "[Function]", showHead: false, type: "resource", size: "standard", draggable: false, withHeader: false, nestedRows: true, withCheckbox: true, showMenu: false, headCellTooltip: true, separator: false
 (2ms)
    ✓ 
  data: [{"name":"Zara"},{"name":"Sara"}], schema: [{"name":"name","displayName":"Name","filters":[{"label":"A-G","value":"a-g"},{"label":"H-R","value":"h-r"},{"label":"S-Z","value":"s-z"}]}], loading: false, error: true, errorType: "errorType", onSearch: "[Function]", showHead: false, type: "resource", size: "standard", draggable: false, withHeader: false, nestedRows: true, withCheckbox: true, showMenu: false, headCellTooltip: false, separator: true
 (2ms)
    ✓ 
  data: [{"name":"Zara"},{"name":"Sara"}], schema: [{"name":"name","displayName":"Name","filters":[{"label":"A-G","value":"a-g"},{"label":"H-R","value":"h-r"},{"label":"S-Z","value":"s-z"}]}], loading: false, error: true, errorType: "errorType", onSearch: "[Function]", showHead: false, type: "resource", size: "standard", draggable: false, withHeader: false, nestedRows: true, withCheckbox: true, showMenu: false, headCellTooltip: false, separator: false
 (3ms)
    ✓ 
  data: [{"name":"Zara"},{"name":"Sara"}], schema: [{"name":"name","displayName":"Name","filters":[{"label":"A-G","value":"a-g"},{"label":"H-R","value":"h-r"},{"label":"S-Z","value":"s-z"}]}], loading: false, error: true, errorType: "errorType", onSearch: "[Function]", showHead: false, type: "resource", size: "standard", draggable: false, withHeader: false, nestedRows: true, withCheckbox: false, showMenu: true, headCellTooltip: true, separator: true
 (4ms)
    ✓ 
  data: [{"name":"Zara"},{"name":"Sara"}], schema: [{"name":"name","displayName":"Name","filters":[{"label":"A-G","value":"a-g"},{"label":"H-R","value":"h-r"},{"label":"S-Z","value":"s-z"}]}], loading: false, error: true, errorType: "errorType", onSearch: "[Function]", showHead: false, type: "resource", size: "standard", draggable: false, withHeader: false, nestedRows: true, withCheckbox: false, showMenu: true, headCellTooltip: true, separator: false
 (13ms)
    ✓ 
  data: [{"name":"Zara"},{"name":"Sara"}], schema: [{"name":"name","displayName":"Name","filters":[{"label":"A-G","value":"a-g"},{"label":"H-R","value":"h-r"},{"label":"S-Z","value":"s-z"}]}], loading: false, error: true, errorType: "errorType", onSearch: "[Function]", showHead: false, type: "resource", size: "standard", draggable: false, withHeader: false, nestedRows: true, withCheckbox: false, showMenu: true, headCellTooltip: false, separator: true
 (5ms)
    ✓ 
  data: [{"name":"Zara"},{"name":"Sara"}], schema: [{"name":"name","displayName":"Name","filters":[{"label":"A-G","value":"a-g"},{"label":"H-R","value":"h-r"},{"label":"S-Z","value":"s-z"}]}], loading: false, error: true, errorType: "errorType", onSearch: "[Function]", showHead: false, type: "resource", size: "standard", draggable: false, withHeader: false, nestedRows: true, withCheckbox: false, showMenu: true, headCellTooltip: false, separator: false
 (4ms)
    ✓ 
  data: [{"name":"Zara"},{"name":"Sara"}], schema: [{"name":"name","displayName":"Name","filters":[{"label":"A-G","value":"a-g"},{"label":"H-R","value":"h-r"},{"label":"S-Z","value":"s-z"}]}], loading: false, error: true, errorType: "errorType", onSearch: "[Function]", showHead: false, type: "resource", size: "standard", draggable: false, withHeader: false, nestedRows: true, withCheckbox: false, showMenu: false, headCellTooltip: true, separator: true
 (3ms)
    ✓ 
  data: [{"name":"Zara"},{"name":"Sara"}], schema: [{"name":"name","displayName":"Name","filters":[{"label":"A-G","value":"a-g"},{"label":"H-R","value":"h-r"},{"label":"S-Z","value":"s-z"}]}], loading: false, error: true, errorType: "errorType", onSearch: "[Function]", showHead: false, type: "resource", size: "standard", draggable: false, withHeader: false, nestedRows: true, withCheckbox: false, showMenu: false, headCellTooltip: true, separator: false
 (1ms)
    ✓ 
  data: [{"name":"Zara"},{"name":"Sara"}], schema: [{"name":"name","displayName":"Name","filters":[{"label":"A-G","value":"a-g"},{"label":"H-R","value":"h-r"},{"label":"S-Z","value":"s-z"}]}], loading: false, error: true, errorType: "errorType", onSearch: "[Function]", showHead: false, type: "resource", size: "standard", draggable: false, withHeader: false, nestedRows: true, withCheckbox: false, showMenu: false, headCellTooltip: false, separator: true
 (4ms)
    ✓ 
  data: [{"name":"Zara"},{"name":"Sara"}], schema: [{"name":"name","displayName":"Name","filters":[{"label":"A-G","value":"a-g"},{"label":"H-R","value":"h-r"},{"label":"S-Z","value":"s-z"}]}], loading: false, error: true, errorType: "errorType", onSearch: "[Function]", showHead: false, type: "resource", size: "standard", draggable: false, withHeader: false, nestedRows: true, withCheckbox: false, showMenu: false, headCellTooltip: false, separator: false
 (3ms)
    ✓ 
  data: [{"name":"Zara"},{"name":"Sara"}], schema: [{"name":"name","displayName":"Name","filters":[{"label":"A-G","value":"a-g"},{"label":"H-R","value":"h-r"},{"label":"S-Z","value":"s-z"}]}], loading: false, error: true, errorType: "errorType", onSearch: "[Function]", showHead: false, type: "resource", size: "standard", draggable: false, withHeader: false, nestedRows: false, withCheckbox: true, showMenu: true, headCellTooltip: true, separator: true
 (2ms)
    ✓ 
  data: [{"name":"Zara"},{"name":"Sara"}], schema: [{"name":"name","displayName":"Name","filters":[{"label":"A-G","value":"a-g"},{"label":"H-R","value":"h-r"},{"label":"S-Z","value":"s-z"}]}], loading: false, error: true, errorType: "errorType", onSearch: "[Function]", showHead: false, type: "resource", size: "standard", draggable: false, withHeader: false, nestedRows: false, withCheckbox: true, showMenu: true, headCellTooltip: true, separator: false
 (3ms)
    ✓ 
  data: [{"name":"Zara"},{"name":"Sara"}], schema: [{"name":"name","displayName":"Name","filters":[{"label":"A-G","value":"a-g"},{"label":"H-R","value":"h-r"},{"label":"S-Z","value":"s-z"}]}], loading: false, error: true, errorType: "errorType", onSearch: "[Function]", showHead: false, type: "resource", size: "standard", draggable: false, withHeader: false, nestedRows: false, withCheckbox: true, showMenu: true, headCellTooltip: false, separator: true
 (2ms)
    ✓ 
  data: [{"name":"Zara"},{"name":"Sara"}], schema: [{"name":"name","displayName":"Name","filters":[{"label":"A-G","value":"a-g"},{"label":"H-R","value":"h-r"},{"label":"S-Z","value":"s-z"}]}], loading: false, error: true, errorType: "errorType", onSearch: "[Function]", showHead: false, type: "resource", size: "standard", draggable: false, withHeader: false, nestedRows: false, withCheckbox: true, showMenu: true, headCellTooltip: false, separator: false
 (2ms)
    ✓ 
  data: [{"name":"Zara"},{"name":"Sara"}], schema: [{"name":"name","displayName":"Name","filters":[{"label":"A-G","value":"a-g"},{"label":"H-R","value":"h-r"},{"label":"S-Z","value":"s-z"}]}], loading: false, error: true, errorType: "errorType", onSearch: "[Function]", showHead: false, type: "resource", size: "standard", draggable: false, withHeader: false, nestedRows: false, withCheckbox: true, showMenu: false, headCellTooltip: true, separator: true
 (2ms)
    ✓ 
  data: [{"name":"Zara"},{"name":"Sara"}], schema: [{"name":"name","displayName":"Name","filters":[{"label":"A-G","value":"a-g"},{"label":"H-R","value":"h-r"},{"label":"S-Z","value":"s-z"}]}], loading: false, error: true, errorType: "errorType", onSearch: "[Function]", showHead: false, type: "resource", size: "standard", draggable: false, withHeader: false, nestedRows: false, withCheckbox: true, showMenu: false, headCellTooltip: true, separator: false
 (5ms)
    ✓ 
  data: [{"name":"Zara"},{"name":"Sara"}], schema: [{"name":"name","displayName":"Name","filters":[{"label":"A-G","value":"a-g"},{"label":"H-R","value":"h-r"},{"label":"S-Z","value":"s-z"}]}], loading: false, error: true, errorType: "errorType", onSearch: "[Function]", showHead: false, type: "resource", size: "standard", draggable: false, withHeader: false, nestedRows: false, withCheckbox: true, showMenu: false, headCellTooltip: false, separator: true
 (2ms)
    ✓ 
  data: [{"name":"Zara"},{"name":"Sara"}], schema: [{"name":"name","displayName":"Name","filters":[{"label":"A-G","value":"a-g"},{"label":"H-R","value":"h-r"},{"label":"S-Z","value":"s-z"}]}], loading: false, error: true, errorType: "errorType", onSearch: "[Function]", showHead: false, type: "resource", size: "standard", draggable: false, withHeader: false, nestedRows: false, withCheckbox: true, showMenu: false, headCellTooltip: false, separator: false
 (2ms)
    ✓ 
  data: [{"name":"Zara"},{"name":"Sara"}], schema: [{"name":"name","displayName":"Name","filters":[{"label":"A-G","value":"a-g"},{"label":"H-R","value":"h-r"},{"label":"S-Z","value":"s-z"}]}], loading: false, error: true, errorType: "errorType", onSearch: "[Function]", showHead: false, type: "resource", size: "standard", draggable: false, withHeader: false, nestedRows: false, withCheckbox: false, showMenu: true, headCellTooltip: true, separator: true
 (1ms)
    ✓ 
  data: [{"name":"Zara"},{"name":"Sara"}], schema: [{"name":"name","displayName":"Name","filters":[{"label":"A-G","value":"a-g"},{"label":"H-R","value":"h-r"},{"label":"S-Z","value":"s-z"}]}], loading: false, error: true, errorType: "errorType", onSearch: "[Function]", showHead: false, type: "resource", size: "standard", draggable: false, withHeader: false, nestedRows: false, withCheckbox: false, showMenu: true, headCellTooltip: true, separator: false
 (2ms)
    ✓ 
  data: [{"name":"Zara"},{"name":"Sara"}], schema: [{"name":"name","displayName":"Name","filters":[{"label":"A-G","value":"a-g"},{"label":"H-R","value":"h-r"},{"label":"S-Z","value":"s-z"}]}], loading: false, error: true, errorType: "errorType", onSearch: "[Function]", showHead: false, type: "resource", size: "standard", draggable: false, withHeader: false, nestedRows: false, withCheckbox: false, showMenu: true, headCellTooltip: false, separator: true
 (2ms)
    ✓ 
  data: [{"name":"Zara"},{"name":"Sara"}], schema: [{"name":"name","displayName":"Name","filters":[{"label":"A-G","value":"a-g"},{"label":"H-R","value":"h-r"},{"label":"S-Z","value":"s-z"}]}], loading: false, error: true, errorType: "errorType", onSearch: "[Function]", showHead: false, type: "resource", size: "standard", draggable: false, withHeader: false, nestedRows: false, withCheckbox: false, showMenu: true, headCellTooltip: false, separator: false
 (1ms)
    ✓ 
  data: [{"name":"Zara"},{"name":"Sara"}], schema: [{"name":"name","displayName":"Name","filters":[{"label":"A-G","value":"a-g"},{"label":"H-R","value":"h-r"},{"label":"S-Z","value":"s-z"}]}], loading: false, error: true, errorType: "errorType", onSearch: "[Function]", showHead: false, type: "resource", size: "standard", draggable: false, withHeader: false, nestedRows: false, withCheckbox: false, showMenu: false, headCellTooltip: true, separator: true
 (1ms)
    ✓ 
  data: [{"name":"Zara"},{"name":"Sara"}], schema: [{"name":"name","displayName":"Name","filters":[{"label":"A-G","value":"a-g"},{"label":"H-R","value":"h-r"},{"label":"S-Z","value":"s-z"}]}], loading: false, error: true, errorType: "errorType", onSearch: "[Function]", showHead: false, type: "resource", size: "standard", draggable: false, withHeader: false, nestedRows: false, withCheckbox: false, showMenu: false, headCellTooltip: true, separator: false
 (2ms)
    ✓ 
  data: [{"name":"Zara"},{"name":"Sara"}], schema: [{"name":"name","displayName":"Name","filters":[{"label":"A-G","value":"a-g"},{"label":"H-R","value":"h-r"},{"label":"S-Z","value":"s-z"}]}], loading: false, error: true, errorType: "errorType", onSearch: "[Function]", showHead: false, type: "resource", size: "standard", draggable: false, withHeader: false, nestedRows: false, withCheckbox: false, showMenu: false, headCellTooltip: false, separator: true
 (1ms)
    ✓ 
  data: [{"name":"Zara"},{"name":"Sara"}], schema: [{"name":"name","displayName":"Name","filters":[{"label":"A-G","value":"a-g"},{"label":"H-R","value":"h-r"},{"label":"S-Z","value":"s-z"}]}], loading: false, error: true, errorType: "errorType", onSearch: "[Function]", showHead: false, type: "resource", size: "standard", draggable: false, withHeader: false, nestedRows: false, withCheckbox: false, showMenu: false, headCellTooltip: false, separator: false
 (1ms)
    ✓ 
  data: [{"name":"Zara"},{"name":"Sara"}], schema: [{"name":"name","displayName":"Name","filters":[{"label":"A-G","value":"a-g"},{"label":"H-R","value":"h-r"},{"label":"S-Z","value":"s-z"}]}], loading: false, error: false, errorType: "errorType", onSearch: "[Function]", showHead: true, type: "resource", size: "standard", draggable: true, withHeader: true, nestedRows: true, withCheckbox: true, showMenu: true, headCellTooltip: true, separator: true
 (11ms)
    ✓ 
  data: [{"name":"Zara"},{"name":"Sara"}], schema: [{"name":"name","displayName":"Name","filters":[{"label":"A-G","value":"a-g"},{"label":"H-R","value":"h-r"},{"label":"S-Z","value":"s-z"}]}], loading: false, error: false, errorType: "errorType", onSearch: "[Function]", showHead: true, type: "resource", size: "standard", draggable: true, withHeader: true, nestedRows: true, withCheckbox: true, showMenu: true, headCellTooltip: true, separator: false
 (10ms)
    ✓ 
  data: [{"name":"Zara"},{"name":"Sara"}], schema: [{"name":"name","displayName":"Name","filters":[{"label":"A-G","value":"a-g"},{"label":"H-R","value":"h-r"},{"label":"S-Z","value":"s-z"}]}], loading: false, error: false, errorType: "errorType", onSearch: "[Function]", showHead: true, type: "resource", size: "standard", draggable: true, withHeader: true, nestedRows: true, withCheckbox: true, showMenu: true, headCellTooltip: false, separator: true
 (6ms)
    ✓ 
  data: [{"name":"Zara"},{"name":"Sara"}], schema: [{"name":"name","displayName":"Name","filters":[{"label":"A-G","value":"a-g"},{"label":"H-R","value":"h-r"},{"label":"S-Z","value":"s-z"}]}], loading: false, error: false, errorType: "errorType", onSearch: "[Function]", showHead: true, type: "resource", size: "standard", draggable: true, withHeader: true, nestedRows: true, withCheckbox: true, showMenu: true, headCellTooltip: false, separator: false
 (6ms)
    ✓ 
  data: [{"name":"Zara"},{"name":"Sara"}], schema: [{"name":"name","displayName":"Name","filters":[{"label":"A-G","value":"a-g"},{"label":"H-R","value":"h-r"},{"label":"S-Z","value":"s-z"}]}], loading: false, error: false, errorType: "errorType", onSearch: "[Function]", showHead: true, type: "resource", size: "standard", draggable: true, withHeader: true, nestedRows: true, withCheckbox: true, showMenu: false, headCellTooltip: true, separator: true
 (10ms)
    ✓ 
  data: [{"name":"Zara"},{"name":"Sara"}], schema: [{"name":"name","displayName":"Name","filters":[{"label":"A-G","value":"a-g"},{"label":"H-R","value":"h-r"},{"label":"S-Z","value":"s-z"}]}], loading: false, error: false, errorType: "errorType", onSearch: "[Function]", showHead: true, type: "resource", size: "standard", draggable: true, withHeader: true, nestedRows: true, withCheckbox: true, showMenu: false, headCellTooltip: true, separator: false
 (7ms)
    ✓ 
  data: [{"name":"Zara"},{"name":"Sara"}], schema: [{"name":"name","displayName":"Name","filters":[{"label":"A-G","value":"a-g"},{"label":"H-R","value":"h-r"},{"label":"S-Z","value":"s-z"}]}], loading: false, error: false, errorType: "errorType", onSearch: "[Function]", showHead: true, type: "resource", size: "standard", draggable: true, withHeader: true, nestedRows: true, withCheckbox: true, showMenu: false, headCellTooltip: false, separator: true
 (7ms)
    ✓ 
  data: [{"name":"Zara"},{"name":"Sara"}], schema: [{"name":"name","displayName":"Name","filters":[{"label":"A-G","value":"a-g"},{"label":"H-R","value":"h-r"},{"label":"S-Z","value":"s-z"}]}], loading: false, error: false, errorType: "errorType", onSearch: "[Function]", showHead: true, type: "resource", size: "standard", draggable: true, withHeader: true, nestedRows: true, withCheckbox: true, showMenu: false, headCellTooltip: false, separator: false
 (5ms)
    ✓ 
  data: [{"name":"Zara"},{"name":"Sara"}], schema: [{"name":"name","displayName":"Name","filters":[{"label":"A-G","value":"a-g"},{"label":"H-R","value":"h-r"},{"label":"S-Z","value":"s-z"}]}], loading: false, error: false, errorType: "errorType", onSearch: "[Function]", showHead: true, type: "resource", size: "standard", draggable: true, withHeader: true, nestedRows: true, withCheckbox: false, showMenu: true, headCellTooltip: true, separator: true
 (7ms)
    ✓ 
  data: [{"name":"Zara"},{"name":"Sara"}], schema: [{"name":"name","displayName":"Name","filters":[{"label":"A-G","value":"a-g"},{"label":"H-R","value":"h-r"},{"label":"S-Z","value":"s-z"}]}], loading: false, error: false, errorType: "errorType", onSearch: "[Function]", showHead: true, type: "resource", size: "standard", draggable: true, withHeader: true, nestedRows: true, withCheckbox: false, showMenu: true, headCellTooltip: true, separator: false
 (10ms)
    ✓ 
  data: [{"name":"Zara"},{"name":"Sara"}], schema: [{"name":"name","displayName":"Name","filters":[{"label":"A-G","value":"a-g"},{"label":"H-R","value":"h-r"},{"label":"S-Z","value":"s-z"}]}], loading: false, error: false, errorType: "errorType", onSearch: "[Function]", showHead: true, type: "resource", size: "standard", draggable: true, withHeader: true, nestedRows: true, withCheckbox: false, showMenu: true, headCellTooltip: false, separator: true
 (8ms)
    ✓ 
  data: [{"name":"Zara"},{"name":"Sara"}], schema: [{"name":"name","displayName":"Name","filters":[{"label":"A-G","value":"a-g"},{"label":"H-R","value":"h-r"},{"label":"S-Z","value":"s-z"}]}], loading: false, error: false, errorType: "errorType", onSearch: "[Function]", showHead: true, type: "resource", size: "standard", draggable: true, withHeader: true, nestedRows: true, withCheckbox: false, showMenu: true, headCellTooltip: false, separator: false
 (5ms)
    ✓ 
  data: [{"name":"Zara"},{"name":"Sara"}], schema: [{"name":"name","displayName":"Name","filters":[{"label":"A-G","value":"a-g"},{"label":"H-R","value":"h-r"},{"label":"S-Z","value":"s-z"}]}], loading: false, error: false, errorType: "errorType", onSearch: "[Function]", showHead: true, type: "resource", size: "standard", draggable: true, withHeader: true, nestedRows: true, withCheckbox: false, showMenu: false, headCellTooltip: true, separator: true
 (9ms)
    ✓ 
  data: [{"name":"Zara"},{"name":"Sara"}], schema: [{"name":"name","displayName":"Name","filters":[{"label":"A-G","value":"a-g"},{"label":"H-R","value":"h-r"},{"label":"S-Z","value":"s-z"}]}], loading: false, error: false, errorType: "errorType", onSearch: "[Function]", showHead: true, type: "resource", size: "standard", draggable: true, withHeader: true, nestedRows: true, withCheckbox: false, showMenu: false, headCellTooltip: true, separator: false
 (7ms)
    ✓ 
  data: [{"name":"Zara"},{"name":"Sara"}], schema: [{"name":"name","displayName":"Name","filters":[{"label":"A-G","value":"a-g"},{"label":"H-R","value":"h-r"},{"label":"S-Z","value":"s-z"}]}], loading: false, error: false, errorType: "errorType", onSearch: "[Function]", showHead: true, type: "resource", size: "standard", draggable: true, withHeader: true, nestedRows: true, withCheckbox: false, showMenu: false, headCellTooltip: false, separator: true
 (11ms)
    ✓ 
  data: [{"name":"Zara"},{"name":"Sara"}], schema: [{"name":"name","displayName":"Name","filters":[{"label":"A-G","value":"a-g"},{"label":"H-R","value":"h-r"},{"label":"S-Z","value":"s-z"}]}], loading: false, error: false, errorType: "errorType", onSearch: "[Function]", showHead: true, type: "resource", size: "standard", draggable: true, withHeader: true, nestedRows: true, withCheckbox: false, showMenu: false, headCellTooltip: false, separator: false
 (7ms)
    ✓ 
  data: [{"name":"Zara"},{"name":"Sara"}], schema: [{"name":"name","displayName":"Name","filters":[{"label":"A-G","value":"a-g"},{"label":"H-R","value":"h-r"},{"label":"S-Z","value":"s-z"}]}], loading: false, error: false, errorType: "errorType", onSearch: "[Function]", showHead: true, type: "resource", size: "standard", draggable: true, withHeader: true, nestedRows: false, withCheckbox: true, showMenu: true, headCellTooltip: true, separator: true
 (13ms)
    ✓ 
  data: [{"name":"Zara"},{"name":"Sara"}], schema: [{"name":"name","displayName":"Name","filters":[{"label":"A-G","value":"a-g"},{"label":"H-R","value":"h-r"},{"label":"S-Z","value":"s-z"}]}], loading: false, error: false, errorType: "errorType", onSearch: "[Function]", showHead: true, type: "resource", size: "standard", draggable: true, withHeader: true, nestedRows: false, withCheckbox: true, showMenu: true, headCellTooltip: true, separator: false
 (14ms)
    ✓ 
  data: [{"name":"Zara"},{"name":"Sara"}], schema: [{"name":"name","displayName":"Name","filters":[{"label":"A-G","value":"a-g"},{"label":"H-R","value":"h-r"},{"label":"S-Z","value":"s-z"}]}], loading: false, error: false, errorType: "errorType", onSearch: "[Function]", showHead: true, type: "resource", size: "standard", draggable: true, withHeader: true, nestedRows: false, withCheckbox: true, showMenu: true, headCellTooltip: false, separator: true
 (12ms)
    ✓ 
  data: [{"name":"Zara"},{"name":"Sara"}], schema: [{"name":"name","displayName":"Name","filters":[{"label":"A-G","value":"a-g"},{"label":"H-R","value":"h-r"},{"label":"S-Z","value":"s-z"}]}], loading: false, error: false, errorType: "errorType", onSearch: "[Function]", showHead: true, type: "resource", size: "standard", draggable: true, withHeader: true, nestedRows: false, withCheckbox: true, showMenu: true, headCellTooltip: false, separator: false
 (13ms)
    ✓ 
  data: [{"name":"Zara"},{"name":"Sara"}], schema: [{"name":"name","displayName":"Name","filters":[{"label":"A-G","value":"a-g"},{"label":"H-R","value":"h-r"},{"label":"S-Z","value":"s-z"}]}], loading: false, error: false, errorType: "errorType", onSearch: "[Function]", showHead: true, type: "resource", size: "standard", draggable: true, withHeader: true, nestedRows: false, withCheckbox: true, showMenu: false, headCellTooltip: true, separator: true
 (13ms)
    ✓ 
  data: [{"name":"Zara"},{"name":"Sara"}], schema: [{"name":"name","displayName":"Name","filters":[{"label":"A-G","value":"a-g"},{"label":"H-R","value":"h-r"},{"label":"S-Z","value":"s-z"}]}], loading: false, error: false, errorType: "errorType", onSearch: "[Function]", showHead: true, type: "resource", size: "standard", draggable: true, withHeader: true, nestedRows: false, withCheckbox: true, showMenu: false, headCellTooltip: true, separator: false
 (12ms)
    ✓ 
  data: [{"name":"Zara"},{"name":"Sara"}], schema: [{"name":"name","displayName":"Name","filters":[{"label":"A-G","value":"a-g"},{"label":"H-R","value":"h-r"},{"label":"S-Z","value":"s-z"}]}], loading: false, error: false, errorType: "errorType", onSearch: "[Function]", showHead: true, type: "resource", size: "standard", draggable: true, withHeader: true, nestedRows: false, withCheckbox: true, showMenu: false, headCellTooltip: false, separator: true
 (13ms)
    ✓ 
  data: [{"name":"Zara"},{"name":"Sara"}], schema: [{"name":"name","displayName":"Name","filters":[{"label":"A-G","value":"a-g"},{"label":"H-R","value":"h-r"},{"label":"S-Z","value":"s-z"}]}], loading: false, error: false, errorType: "errorType", onSearch: "[Function]", showHead: true, type: "resource", size: "standard", draggable: true, withHeader: true, nestedRows: false, withCheckbox: true, showMenu: false, headCellTooltip: false, separator: false
 (14ms)
    ✓ 
  data: [{"name":"Zara"},{"name":"Sara"}], schema: [{"name":"name","displayName":"Name","filters":[{"label":"A-G","value":"a-g"},{"label":"H-R","value":"h-r"},{"label":"S-Z","value":"s-z"}]}], loading: false, error: false, errorType: "errorType", onSearch: "[Function]", showHead: true, type: "resource", size: "standard", draggable: true, withHeader: true, nestedRows: false, withCheckbox: false, showMenu: true, headCellTooltip: true, separator: true
 (12ms)
    ✓ 
  data: [{"name":"Zara"},{"name":"Sara"}], schema: [{"name":"name","displayName":"Name","filters":[{"label":"A-G","value":"a-g"},{"label":"H-R","value":"h-r"},{"label":"S-Z","value":"s-z"}]}], loading: false, error: false, errorType: "errorType", onSearch: "[Function]", showHead: true, type: "resource", size: "standard", draggable: true, withHeader: true, nestedRows: false, withCheckbox: false, showMenu: true, headCellTooltip: true, separator: false
 (12ms)
    ✓ 
  data: [{"name":"Zara"},{"name":"Sara"}], schema: [{"name":"name","displayName":"Name","filters":[{"label":"A-G","value":"a-g"},{"label":"H-R","value":"h-r"},{"label":"S-Z","value":"s-z"}]}], loading: false, error: false, errorType: "errorType", onSearch: "[Function]", showHead: true, type: "resource", size: "standard", draggable: true, withHeader: true, nestedRows: false, withCheckbox: false, showMenu: true, headCellTooltip: false, separator: true
 (9ms)
    ✓ 
  data: [{"name":"Zara"},{"name":"Sara"}], schema: [{"name":"name","displayName":"Name","filters":[{"label":"A-G","value":"a-g"},{"label":"H-R","value":"h-r"},{"label":"S-Z","value":"s-z"}]}], loading: false, error: false, errorType: "errorType", onSearch: "[Function]", showHead: true, type: "resource", size: "standard", draggable: true, withHeader: true, nestedRows: false, withCheckbox: false, showMenu: true, headCellTooltip: false, separator: false
 (13ms)
    ✓ 
  data: [{"name":"Zara"},{"name":"Sara"}], schema: [{"name":"name","displayName":"Name","filters":[{"label":"A-G","value":"a-g"},{"label":"H-R","value":"h-r"},{"label":"S-Z","value":"s-z"}]}], loading: false, error: false, errorType: "errorType", onSearch: "[Function]", showHead: true, type: "resource", size: "standard", draggable: true, withHeader: true, nestedRows: false, withCheckbox: false, showMenu: false, headCellTooltip: true, separator: true
 (11ms)
    ✓ 
  data: [{"name":"Zara"},{"name":"Sara"}], schema: [{"name":"name","displayName":"Name","filters":[{"label":"A-G","value":"a-g"},{"label":"H-R","value":"h-r"},{"label":"S-Z","value":"s-z"}]}], loading: false, error: false, errorType: "errorType", onSearch: "[Function]", showHead: true, type: "resource", size: "standard", draggable: true, withHeader: true, nestedRows: false, withCheckbox: false, showMenu: false, headCellTooltip: true, separator: false
 (9ms)
    ✓ 
  data: [{"name":"Zara"},{"name":"Sara"}], schema: [{"name":"name","displayName":"Name","filters":[{"label":"A-G","value":"a-g"},{"label":"H-R","value":"h-r"},{"label":"S-Z","value":"s-z"}]}], loading: false, error: false, errorType: "errorType", onSearch: "[Function]", showHead: true, type: "resource", size: "standard", draggable: true, withHeader: true, nestedRows: false, withCheckbox: false, showMenu: false, headCellTooltip: false, separator: true
 (11ms)
    ✓ 
  data: [{"name":"Zara"},{"name":"Sara"}], schema: [{"name":"name","displayName":"Name","filters":[{"label":"A-G","value":"a-g"},{"label":"H-R","value":"h-r"},{"label":"S-Z","value":"s-z"}]}], loading: false, error: false, errorType: "errorType", onSearch: "[Function]", showHead: true, type: "resource", size: "standard", draggable: true, withHeader: true, nestedRows: false, withCheckbox: false, showMenu: false, headCellTooltip: false, separator: false
 (8ms)
    ✓ 
  data: [{"name":"Zara"},{"name":"Sara"}], schema: [{"name":"name","displayName":"Name","filters":[{"label":"A-G","value":"a-g"},{"label":"H-R","value":"h-r"},{"label":"S-Z","value":"s-z"}]}], loading: false, error: false, errorType: "errorType", onSearch: "[Function]", showHead: true, type: "resource", size: "standard", draggable: true, withHeader: false, nestedRows: true, withCheckbox: true, showMenu: true, headCellTooltip: true, separator: true
 (13ms)
    ✓ 
  data: [{"name":"Zara"},{"name":"Sara"}], schema: [{"name":"name","displayName":"Name","filters":[{"label":"A-G","value":"a-g"},{"label":"H-R","value":"h-r"},{"label":"S-Z","value":"s-z"}]}], loading: false, error: false, errorType: "errorType", onSearch: "[Function]", showHead: true, type: "resource", size: "standard", draggable: true, withHeader: false, nestedRows: true, withCheckbox: true, showMenu: true, headCellTooltip: true, separator: false
 (11ms)
    ✓ 
  data: [{"name":"Zara"},{"name":"Sara"}], schema: [{"name":"name","displayName":"Name","filters":[{"label":"A-G","value":"a-g"},{"label":"H-R","value":"h-r"},{"label":"S-Z","value":"s-z"}]}], loading: false, error: false, errorType: "errorType", onSearch: "[Function]", showHead: true, type: "resource", size: "standard", draggable: true, withHeader: false, nestedRows: true, withCheckbox: true, showMenu: true, headCellTooltip: false, separator: true
 (11ms)
    ✓ 
  data: [{"name":"Zara"},{"name":"Sara"}], schema: [{"name":"name","displayName":"Name","filters":[{"label":"A-G","value":"a-g"},{"label":"H-R","value":"h-r"},{"label":"S-Z","value":"s-z"}]}], loading: false, error: false, errorType: "errorType", onSearch: "[Function]", showHead: true, type: "resource", size: "standard", draggable: true, withHeader: false, nestedRows: true, withCheckbox: true, showMenu: true, headCellTooltip: false, separator: false
 (10ms)
    ✓ 
  data: [{"name":"Zara"},{"name":"Sara"}], schema: [{"name":"name","displayName":"Name","filters":[{"label":"A-G","value":"a-g"},{"label":"H-R","value":"h-r"},{"label":"S-Z","value":"s-z"}]}], loading: false, error: false, errorType: "errorType", onSearch: "[Function]", showHead: true, type: "resource", size: "standard", draggable: true, withHeader: false, nestedRows: true, withCheckbox: true, showMenu: false, headCellTooltip: true, separator: true
 (9ms)
    ✓ 
  data: [{"name":"Zara"},{"name":"Sara"}], schema: [{"name":"name","displayName":"Name","filters":[{"label":"A-G","value":"a-g"},{"label":"H-R","value":"h-r"},{"label":"S-Z","value":"s-z"}]}], loading: false, error: false, errorType: "errorType", onSearch: "[Function]", showHead: true, type: "resource", size: "standard", draggable: true, withHeader: false, nestedRows: true, withCheckbox: true, showMenu: false, headCellTooltip: true, separator: false
 (12ms)
    ✓ 
  data: [{"name":"Zara"},{"name":"Sara"}], schema: [{"name":"name","displayName":"Name","filters":[{"label":"A-G","value":"a-g"},{"label":"H-R","value":"h-r"},{"label":"S-Z","value":"s-z"}]}], loading: false, error: false, errorType: "errorType", onSearch: "[Function]", showHead: true, type: "resource", size: "standard", draggable: true, withHeader: false, nestedRows: true, withCheckbox: true, showMenu: false, headCellTooltip: false, separator: true
 (10ms)
    ✓ 
  data: [{"name":"Zara"},{"name":"Sara"}], schema: [{"name":"name","displayName":"Name","filters":[{"label":"A-G","value":"a-g"},{"label":"H-R","value":"h-r"},{"label":"S-Z","value":"s-z"}]}], loading: false, error: false, errorType: "errorType", onSearch: "[Function]", showHead: true, type: "resource", size: "standard", draggable: true, withHeader: false, nestedRows: true, withCheckbox: true, showMenu: false, headCellTooltip: false, separator: false
 (8ms)
    ✓ 
  data: [{"name":"Zara"},{"name":"Sara"}], schema: [{"name":"name","displayName":"Name","filters":[{"label":"A-G","value":"a-g"},{"label":"H-R","value":"h-r"},{"label":"S-Z","value":"s-z"}]}], loading: false, error: false, errorType: "errorType", onSearch: "[Function]", showHead: true, type: "resource", size: "standard", draggable: true, withHeader: false, nestedRows: true, withCheckbox: false, showMenu: true, headCellTooltip: true, separator: true
 (10ms)
    ✓ 
  data: [{"name":"Zara"},{"name":"Sara"}], schema: [{"name":"name","displayName":"Name","filters":[{"label":"A-G","value":"a-g"},{"label":"H-R","value":"h-r"},{"label":"S-Z","value":"s-z"}]}], loading: false, error: false, errorType: "errorType", onSearch: "[Function]", showHead: true, type: "resource", size: "standard", draggable: true, withHeader: false, nestedRows: true, withCheckbox: false, showMenu: true, headCellTooltip: true, separator: false
 (12ms)
    ✓ 
  data: [{"name":"Zara"},{"name":"Sara"}], schema: [{"name":"name","displayName":"Name","filters":[{"label":"A-G","value":"a-g"},{"label":"H-R","value":"h-r"},{"label":"S-Z","value":"s-z"}]}], loading: false, error: false, errorType: "errorType", onSearch: "[Function]", showHead: true, type: "resource", size: "standard", draggable: true, withHeader: false, nestedRows: true, withCheckbox: false, showMenu: true, headCellTooltip: false, separator: true
 (9ms)
    ✓ 
  data: [{"name":"Zara"},{"name":"Sara"}], schema: [{"name":"name","displayName":"Name","filters":[{"label":"A-G","value":"a-g"},{"label":"H-R","value":"h-r"},{"label":"S-Z","value":"s-z"}]}], loading: false, error: false, errorType: "errorType", onSearch: "[Function]", showHead: true, type: "resource", size: "standard", draggable: true, withHeader: false, nestedRows: true, withCheckbox: false, showMenu: true, headCellTooltip: false, separator: false
 (12ms)
    ✓ 
  data: [{"name":"Zara"},{"name":"Sara"}], schema: [{"name":"name","displayName":"Name","filters":[{"label":"A-G","value":"a-g"},{"label":"H-R","value":"h-r"},{"label":"S-Z","value":"s-z"}]}], loading: false, error: false, errorType: "errorType", onSearch: "[Function]", showHead: true, type: "resource", size: "standard", draggable: true, withHeader: false, nestedRows: true, withCheckbox: false, showMenu: false, headCellTooltip: true, separator: true
 (10ms)
    ✓ 
  data: [{"name":"Zara"},{"name":"Sara"}], schema: [{"name":"name","displayName":"Name","filters":[{"label":"A-G","value":"a-g"},{"label":"H-R","value":"h-r"},{"label":"S-Z","value":"s-z"}]}], loading: false, error: false, errorType: "errorType", onSearch: "[Function]", showHead: true, type: "resource", size: "standard", draggable: true, withHeader: false, nestedRows: true, withCheckbox: false, showMenu: false, headCellTooltip: true, separator: false
 (8ms)
    ✓ 
  data: [{"name":"Zara"},{"name":"Sara"}], schema: [{"name":"name","displayName":"Name","filters":[{"label":"A-G","value":"a-g"},{"label":"H-R","value":"h-r"},{"label":"S-Z","value":"s-z"}]}], loading: false, error: false, errorType: "errorType", onSearch: "[Function]", showHead: true, type: "resource", size: "standard", draggable: true, withHeader: false, nestedRows: true, withCheckbox: false, showMenu: false, headCellTooltip: false, separator: true
 (9ms)
    ✓ 
  data: [{"name":"Zara"},{"name":"Sara"}], schema: [{"name":"name","displayName":"Name","filters":[{"label":"A-G","value":"a-g"},{"label":"H-R","value":"h-r"},{"label":"S-Z","value":"s-z"}]}], loading: false, error: false, errorType: "errorType", onSearch: "[Function]", showHead: true, type: "resource", size: "standard", draggable: true, withHeader: false, nestedRows: true, withCheckbox: false, showMenu: false, headCellTooltip: false, separator: false
 (5ms)
    ✓ 
  data: [{"name":"Zara"},{"name":"Sara"}], schema: [{"name":"name","displayName":"Name","filters":[{"label":"A-G","value":"a-g"},{"label":"H-R","value":"h-r"},{"label":"S-Z","value":"s-z"}]}], loading: false, error: false, errorType: "errorType", onSearch: "[Function]", showHead: true, type: "resource", size: "standard", draggable: true, withHeader: false, nestedRows: false, withCheckbox: true, showMenu: true, headCellTooltip: true, separator: true
 (9ms)
    ✓ 
  data: [{"name":"Zara"},{"name":"Sara"}], schema: [{"name":"name","displayName":"Name","filters":[{"label":"A-G","value":"a-g"},{"label":"H-R","value":"h-r"},{"label":"S-Z","value":"s-z"}]}], loading: false, error: false, errorType: "errorType", onSearch: "[Function]", showHead: true, type: "resource", size: "standard", draggable: true, withHeader: false, nestedRows: false, withCheckbox: true, showMenu: true, headCellTooltip: true, separator: false
 (16ms)
    ✓ 
  data: [{"name":"Zara"},{"name":"Sara"}], schema: [{"name":"name","displayName":"Name","filters":[{"label":"A-G","value":"a-g"},{"label":"H-R","value":"h-r"},{"label":"S-Z","value":"s-z"}]}], loading: false, error: false, errorType: "errorType", onSearch: "[Function]", showHead: true, type: "resource", size: "standard", draggable: true, withHeader: false, nestedRows: false, withCheckbox: true, showMenu: true, headCellTooltip: false, separator: true
 (12ms)
    ✓ 
  data: [{"name":"Zara"},{"name":"Sara"}], schema: [{"name":"name","displayName":"Name","filters":[{"label":"A-G","value":"a-g"},{"label":"H-R","value":"h-r"},{"label":"S-Z","value":"s-z"}]}], loading: false, error: false, errorType: "errorType", onSearch: "[Function]", showHead: true, type: "resource", size: "standard", draggable: true, withHeader: false, nestedRows: false, withCheckbox: true, showMenu: true, headCellTooltip: false, separator: false
 (9ms)
    ✓ 
  data: [{"name":"Zara"},{"name":"Sara"}], schema: [{"name":"name","displayName":"Name","filters":[{"label":"A-G","value":"a-g"},{"label":"H-R","value":"h-r"},{"label":"S-Z","value":"s-z"}]}], loading: false, error: false, errorType: "errorType", onSearch: "[Function]", showHead: true, type: "resource", size: "standard", draggable: true, withHeader: false, nestedRows: false, withCheckbox: true, showMenu: false, headCellTooltip: true, separator: true
 (8ms)
    ✓ 
  data: [{"name":"Zara"},{"name":"Sara"}], schema: [{"name":"name","displayName":"Name","filters":[{"label":"A-G","value":"a-g"},{"label":"H-R","value":"h-r"},{"label":"S-Z","value":"s-z"}]}], loading: false, error: false, errorType: "errorType", onSearch: "[Function]", showHead: true, type: "resource", size: "standard", draggable: true, withHeader: false, nestedRows: false, withCheckbox: true, showMenu: false, headCellTooltip: true, separator: false
 (9ms)
    ✓ 
  data: [{"name":"Zara"},{"name":"Sara"}], schema: [{"name":"name","displayName":"Name","filters":[{"label":"A-G","value":"a-g"},{"label":"H-R","value":"h-r"},{"label":"S-Z","value":"s-z"}]}], loading: false, error: false, errorType: "errorType", onSearch: "[Function]", showHead: true, type: "resource", size: "standard", draggable: true, withHeader: false, nestedRows: false, withCheckbox: true, showMenu: false, headCellTooltip: false, separator: true
 (8ms)
    ✓ 
  data: [{"name":"Zara"},{"name":"Sara"}], schema: [{"name":"name","displayName":"Name","filters":[{"label":"A-G","value":"a-g"},{"label":"H-R","value":"h-r"},{"label":"S-Z","value":"s-z"}]}], loading: false, error: false, errorType: "errorType", onSearch: "[Function]", showHead: true, type: "resource", size: "standard", draggable: true, withHeader: false, nestedRows: false, withCheckbox: true, showMenu: false, headCellTooltip: false, separator: false
 (12ms)
    ✓ 
  data: [{"name":"Zara"},{"name":"Sara"}], schema: [{"name":"name","displayName":"Name","filters":[{"label":"A-G","value":"a-g"},{"label":"H-R","value":"h-r"},{"label":"S-Z","value":"s-z"}]}], loading: false, error: false, errorType: "errorType", onSearch: "[Function]", showHead: true, type: "resource", size: "standard", draggable: true, withHeader: false, nestedRows: false, withCheckbox: false, showMenu: true, headCellTooltip: true, separator: true
 (10ms)
    ✓ 
  data: [{"name":"Zara"},{"name":"Sara"}], schema: [{"name":"name","displayName":"Name","filters":[{"label":"A-G","value":"a-g"},{"label":"H-R","value":"h-r"},{"label":"S-Z","value":"s-z"}]}], loading: false, error: false, errorType: "errorType", onSearch: "[Function]", showHead: true, type: "resource", size: "standard", draggable: true, withHeader: false, nestedRows: false, withCheckbox: false, showMenu: true, headCellTooltip: true, separator: false
 (8ms)
    ✓ 
  data: [{"name":"Zara"},{"name":"Sara"}], schema: [{"name":"name","displayName":"Name","filters":[{"label":"A-G","value":"a-g"},{"label":"H-R","value":"h-r"},{"label":"S-Z","value":"s-z"}]}], loading: false, error: false, errorType: "errorType", onSearch: "[Function]", showHead: true, type: "resource", size: "standard", draggable: true, withHeader: false, nestedRows: false, withCheckbox: false, showMenu: true, headCellTooltip: false, separator: true
 (8ms)
    ✓ 
  data: [{"name":"Zara"},{"name":"Sara"}], schema: [{"name":"name","displayName":"Name","filters":[{"label":"A-G","value":"a-g"},{"label":"H-R","value":"h-r"},{"label":"S-Z","value":"s-z"}]}], loading: false, error: false, errorType: "errorType", onSearch: "[Function]", showHead: true, type: "resource", size: "standard", draggable: true, withHeader: false, nestedRows: false, withCheckbox: false, showMenu: true, headCellTooltip: false, separator: false
 (8ms)
    ✓ 
  data: [{"name":"Zara"},{"name":"Sara"}], schema: [{"name":"name","displayName":"Name","filters":[{"label":"A-G","value":"a-g"},{"label":"H-R","value":"h-r"},{"label":"S-Z","value":"s-z"}]}], loading: false, error: false, errorType: "errorType", onSearch: "[Function]", showHead: true, type: "resource", size: "standard", draggable: true, withHeader: false, nestedRows: false, withCheckbox: false, showMenu: false, headCellTooltip: true, separator: true
 (7ms)
    ✓ 
  data: [{"name":"Zara"},{"name":"Sara"}], schema: [{"name":"name","displayName":"Name","filters":[{"label":"A-G","value":"a-g"},{"label":"H-R","value":"h-r"},{"label":"S-Z","value":"s-z"}]}], loading: false, error: false, errorType: "errorType", onSearch: "[Function]", showHead: true, type: "resource", size: "standard", draggable: true, withHeader: false, nestedRows: false, withCheckbox: false, showMenu: false, headCellTooltip: true, separator: false
 (12ms)
    ✓ 
  data: [{"name":"Zara"},{"name":"Sara"}], schema: [{"name":"name","displayName":"Name","filters":[{"label":"A-G","value":"a-g"},{"label":"H-R","value":"h-r"},{"label":"S-Z","value":"s-z"}]}], loading: false, error: false, errorType: "errorType", onSearch: "[Function]", showHead: true, type: "resource", size: "standard", draggable: true, withHeader: false, nestedRows: false, withCheckbox: false, showMenu: false, headCellTooltip: false, separator: true
 (6ms)
    ✓ 
  data: [{"name":"Zara"},{"name":"Sara"}], schema: [{"name":"name","displayName":"Name","filters":[{"label":"A-G","value":"a-g"},{"label":"H-R","value":"h-r"},{"label":"S-Z","value":"s-z"}]}], loading: false, error: false, errorType: "errorType", onSearch: "[Function]", showHead: true, type: "resource", size: "standard", draggable: true, withHeader: false, nestedRows: false, withCheckbox: false, showMenu: false, headCellTooltip: false, separator: false
 (6ms)
    ✓ 
  data: [{"name":"Zara"},{"name":"Sara"}], schema: [{"name":"name","displayName":"Name","filters":[{"label":"A-G","value":"a-g"},{"label":"H-R","value":"h-r"},{"label":"S-Z","value":"s-z"}]}], loading: false, error: false, errorType: "errorType", onSearch: "[Function]", showHead: true, type: "resource", size: "standard", draggable: false, withHeader: true, nestedRows: true, withCheckbox: true, showMenu: true, headCellTooltip: true, separator: true
 (12ms)
    ✓ 
  data: [{"name":"Zara"},{"name":"Sara"}], schema: [{"name":"name","displayName":"Name","filters":[{"label":"A-G","value":"a-g"},{"label":"H-R","value":"h-r"},{"label":"S-Z","value":"s-z"}]}], loading: false, error: false, errorType: "errorType", onSearch: "[Function]", showHead: true, type: "resource", size: "standard", draggable: false, withHeader: true, nestedRows: true, withCheckbox: true, showMenu: true, headCellTooltip: true, separator: false
 (12ms)
    ✓ 
  data: [{"name":"Zara"},{"name":"Sara"}], schema: [{"name":"name","displayName":"Name","filters":[{"label":"A-G","value":"a-g"},{"label":"H-R","value":"h-r"},{"label":"S-Z","value":"s-z"}]}], loading: false, error: false, errorType: "errorType", onSearch: "[Function]", showHead: true, type: "resource", size: "standard", draggable: false, withHeader: true, nestedRows: true, withCheckbox: true, showMenu: true, headCellTooltip: false, separator: true
 (18ms)
    ✓ 
  data: [{"name":"Zara"},{"name":"Sara"}], schema: [{"name":"name","displayName":"Name","filters":[{"label":"A-G","value":"a-g"},{"label":"H-R","value":"h-r"},{"label":"S-Z","value":"s-z"}]}], loading: false, error: false, errorType: "errorType", onSearch: "[Function]", showHead: true, type: "resource", size: "standard", draggable: false, withHeader: true, nestedRows: true, withCheckbox: true, showMenu: true, headCellTooltip: false, separator: false
 (11ms)
    ✓ 
  data: [{"name":"Zara"},{"name":"Sara"}], schema: [{"name":"name","displayName":"Name","filters":[{"label":"A-G","value":"a-g"},{"label":"H-R","value":"h-r"},{"label":"S-Z","value":"s-z"}]}], loading: false, error: false, errorType: "errorType", onSearch: "[Function]", showHead: true, type: "resource", size: "standard", draggable: false, withHeader: true, nestedRows: true, withCheckbox: true, showMenu: false, headCellTooltip: true, separator: true
 (12ms)
    ✓ 
  data: [{"name":"Zara"},{"name":"Sara"}], schema: [{"name":"name","displayName":"Name","filters":[{"label":"A-G","value":"a-g"},{"label":"H-R","value":"h-r"},{"label":"S-Z","value":"s-z"}]}], loading: false, error: false, errorType: "errorType", onSearch: "[Function]", showHead: true, type: "resource", size: "standard", draggable: false, withHeader: true, nestedRows: true, withCheckbox: true, showMenu: false, headCellTooltip: true, separator: false
 (14ms)
    ✓ 
  data: [{"name":"Zara"},{"name":"Sara"}], schema: [{"name":"name","displayName":"Name","filters":[{"label":"A-G","value":"a-g"},{"label":"H-R","value":"h-r"},{"label":"S-Z","value":"s-z"}]}], loading: false, error: false, errorType: "errorType", onSearch: "[Function]", showHead: true, type: "resource", size: "standard", draggable: false, withHeader: true, nestedRows: true, withCheckbox: true, showMenu: false, headCellTooltip: false, separator: true
 (11ms)
    ✓ 
  data: [{"name":"Zara"},{"name":"Sara"}], schema: [{"name":"name","displayName":"Name","filters":[{"label":"A-G","value":"a-g"},{"label":"H-R","value":"h-r"},{"label":"S-Z","value":"s-z"}]}], loading: false, error: false, errorType: "errorType", onSearch: "[Function]", showHead: true, type: "resource", size: "standard", draggable: false, withHeader: true, nestedRows: true, withCheckbox: true, showMenu: false, headCellTooltip: false, separator: false
 (11ms)
    ✓ 
  data: [{"name":"Zara"},{"name":"Sara"}], schema: [{"name":"name","displayName":"Name","filters":[{"label":"A-G","value":"a-g"},{"label":"H-R","value":"h-r"},{"label":"S-Z","value":"s-z"}]}], loading: false, error: false, errorType: "errorType", onSearch: "[Function]", showHead: true, type: "resource", size: "standard", draggable: false, withHeader: true, nestedRows: true, withCheckbox: false, showMenu: true, headCellTooltip: true, separator: true
 (9ms)
    ✓ 
  data: [{"name":"Zara"},{"name":"Sara"}], schema: [{"name":"name","displayName":"Name","filters":[{"label":"A-G","value":"a-g"},{"label":"H-R","value":"h-r"},{"label":"S-Z","value":"s-z"}]}], loading: false, error: false, errorType: "errorType", onSearch: "[Function]", showHead: true, type: "resource", size: "standard", draggable: false, withHeader: true, nestedRows: true, withCheckbox: false, showMenu: true, headCellTooltip: true, separator: false
 (12ms)
    ✓ 
  data: [{"name":"Zara"},{"name":"Sara"}], schema: [{"name":"name","displayName":"Name","filters":[{"label":"A-G","value":"a-g"},{"label":"H-R","value":"h-r"},{"label":"S-Z","value":"s-z"}]}], loading: false, error: false, errorType: "errorType", onSearch: "[Function]", showHead: true, type: "resource", size: "standard", draggable: false, withHeader: true, nestedRows: true, withCheckbox: false, showMenu: true, headCellTooltip: false, separator: true
 (11ms)
    ✓ 
  data: [{"name":"Zara"},{"name":"Sara"}], schema: [{"name":"name","displayName":"Name","filters":[{"label":"A-G","value":"a-g"},{"label":"H-R","value":"h-r"},{"label":"S-Z","value":"s-z"}]}], loading: false, error: false, errorType: "errorType", onSearch: "[Function]", showHead: true, type: "resource", size: "standard", draggable: false, withHeader: true, nestedRows: true, withCheckbox: false, showMenu: true, headCellTooltip: false, separator: false
 (17ms)
    ✓ 
  data: [{"name":"Zara"},{"name":"Sara"}], schema: [{"name":"name","displayName":"Name","filters":[{"label":"A-G","value":"a-g"},{"label":"H-R","value":"h-r"},{"label":"S-Z","value":"s-z"}]}], loading: false, error: false, errorType: "errorType", onSearch: "[Function]", showHead: true, type: "resource", size: "standard", draggable: false, withHeader: true, nestedRows: true, withCheckbox: false, showMenu: false, headCellTooltip: true, separator: true
 (10ms)
    ✓ 
  data: [{"name":"Zara"},{"name":"Sara"}], schema: [{"name":"name","displayName":"Name","filters":[{"label":"A-G","value":"a-g"},{"label":"H-R","value":"h-r"},{"label":"S-Z","value":"s-z"}]}], loading: false, error: false, errorType: "errorType", onSearch: "[Function]", showHead: true, type: "resource", size: "standard", draggable: false, withHeader: true, nestedRows: true, withCheckbox: false, showMenu: false, headCellTooltip: true, separator: false
 (12ms)
    ✓ 
  data: [{"name":"Zara"},{"name":"Sara"}], schema: [{"name":"name","displayName":"Name","filters":[{"label":"A-G","value":"a-g"},{"label":"H-R","value":"h-r"},{"label":"S-Z","value":"s-z"}]}], loading: false, error: false, errorType: "errorType", onSearch: "[Function]", showHead: true, type: "resource", size: "standard", draggable: false, withHeader: true, nestedRows: true, withCheckbox: false, showMenu: false, headCellTooltip: false, separator: true
 (10ms)
    ✓ 
  data: [{"name":"Zara"},{"name":"Sara"}], schema: [{"name":"name","displayName":"Name","filters":[{"label":"A-G","value":"a-g"},{"label":"H-R","value":"h-r"},{"label":"S-Z","value":"s-z"}]}], loading: false, error: false, errorType: "errorType", onSearch: "[Function]", showHead: true, type: "resource", size: "standard", draggable: false, withHeader: true, nestedRows: true, withCheckbox: false, showMenu: false, headCellTooltip: false, separator: false
 (11ms)
    ✓ 
  data: [{"name":"Zara"},{"name":"Sara"}], schema: [{"name":"name","displayName":"Name","filters":[{"label":"A-G","value":"a-g"},{"label":"H-R","value":"h-r"},{"label":"S-Z","value":"s-z"}]}], loading: false, error: false, errorType: "errorType", onSearch: "[Function]", showHead: true, type: "resource", size: "standard", draggable: false, withHeader: true, nestedRows: false, withCheckbox: true, showMenu: true, headCellTooltip: true, separator: true
 (17ms)
    ✓ 
  data: [{"name":"Zara"},{"name":"Sara"}], schema: [{"name":"name","displayName":"Name","filters":[{"label":"A-G","value":"a-g"},{"label":"H-R","value":"h-r"},{"label":"S-Z","value":"s-z"}]}], loading: false, error: false, errorType: "errorType", onSearch: "[Function]", showHead: true, type: "resource", size: "standard", draggable: false, withHeader: true, nestedRows: false, withCheckbox: true, showMenu: true, headCellTooltip: true, separator: false
 (14ms)
    ✓ 
  data: [{"name":"Zara"},{"name":"Sara"}], schema: [{"name":"name","displayName":"Name","filters":[{"label":"A-G","value":"a-g"},{"label":"H-R","value":"h-r"},{"label":"S-Z","value":"s-z"}]}], loading: false, error: false, errorType: "errorType", onSearch: "[Function]", showHead: true, type: "resource", size: "standard", draggable: false, withHeader: true, nestedRows: false, withCheckbox: true, showMenu: true, headCellTooltip: false, separator: true
 (13ms)
    ✓ 
  data: [{"name":"Zara"},{"name":"Sara"}], schema: [{"name":"name","displayName":"Name","filters":[{"label":"A-G","value":"a-g"},{"label":"H-R","value":"h-r"},{"label":"S-Z","value":"s-z"}]}], loading: false, error: false, errorType: "errorType", onSearch: "[Function]", showHead: true, type: "resource", size: "standard", draggable: false, withHeader: true, nestedRows: false, withCheckbox: true, showMenu: true, headCellTooltip: false, separator: false
 (13ms)
    ✓ 
  data: [{"name":"Zara"},{"name":"Sara"}], schema: [{"name":"name","displayName":"Name","filters":[{"label":"A-G","value":"a-g"},{"label":"H-R","value":"h-r"},{"label":"S-Z","value":"s-z"}]}], loading: false, error: false, errorType: "errorType", onSearch: "[Function]", showHead: true, type: "resource", size: "standard", draggable: false, withHeader: true, nestedRows: false, withCheckbox: true, showMenu: false, headCellTooltip: true, separator: true
 (16ms)
    ✓ 
  data: [{"name":"Zara"},{"name":"Sara"}], schema: [{"name":"name","displayName":"Name","filters":[{"label":"A-G","value":"a-g"},{"label":"H-R","value":"h-r"},{"label":"S-Z","value":"s-z"}]}], loading: false, error: false, errorType: "errorType", onSearch: "[Function]", showHead: true, type: "resource", size: "standard", draggable: false, withHeader: true, nestedRows: false, withCheckbox: true, showMenu: false, headCellTooltip: true, separator: false
 (8ms)
    ✓ 
  data: [{"name":"Zara"},{"name":"Sara"}], schema: [{"name":"name","displayName":"Name","filters":[{"label":"A-G","value":"a-g"},{"label":"H-R","value":"h-r"},{"label":"S-Z","value":"s-z"}]}], loading: false, error: false, errorType: "errorType", onSearch: "[Function]", showHead: true, type: "resource", size: "standard", draggable: false, withHeader: true, nestedRows: false, withCheckbox: true, showMenu: false, headCellTooltip: false, separator: true
 (9ms)
    ✓ 
  data: [{"name":"Zara"},{"name":"Sara"}], schema: [{"name":"name","displayName":"Name","filters":[{"label":"A-G","value":"a-g"},{"label":"H-R","value":"h-r"},{"label":"S-Z","value":"s-z"}]}], loading: false, error: false, errorType: "errorType", onSearch: "[Function]", showHead: true, type: "resource", size: "standard", draggable: false, withHeader: true, nestedRows: false, withCheckbox: true, showMenu: false, headCellTooltip: false, separator: false
 (9ms)
    ✓ 
  data: [{"name":"Zara"},{"name":"Sara"}], schema: [{"name":"name","displayName":"Name","filters":[{"label":"A-G","value":"a-g"},{"label":"H-R","value":"h-r"},{"label":"S-Z","value":"s-z"}]}], loading: false, error: false, errorType: "errorType", onSearch: "[Function]", showHead: true, type: "resource", size: "standard", draggable: false, withHeader: true, nestedRows: false, withCheckbox: false, showMenu: true, headCellTooltip: true, separator: true
 (8ms)
    ✓ 
  data: [{"name":"Zara"},{"name":"Sara"}], schema: [{"name":"name","displayName":"Name","filters":[{"label":"A-G","value":"a-g"},{"label":"H-R","value":"h-r"},{"label":"S-Z","value":"s-z"}]}], loading: false, error: false, errorType: "errorType", onSearch: "[Function]", showHead: true, type: "resource", size: "standard", draggable: false, withHeader: true, nestedRows: false, withCheckbox: false, showMenu: true, headCellTooltip: true, separator: false
 (13ms)
    ✓ 
  data: [{"name":"Zara"},{"name":"Sara"}], schema: [{"name":"name","displayName":"Name","filters":[{"label":"A-G","value":"a-g"},{"label":"H-R","value":"h-r"},{"label":"S-Z","value":"s-z"}]}], loading: false, error: false, errorType: "errorType", onSearch: "[Function]", showHead: true, type: "resource", size: "standard", draggable: false, withHeader: true, nestedRows: false, withCheckbox: false, showMenu: true, headCellTooltip: false, separator: true
 (9ms)
    ✓ 
  data: [{"name":"Zara"},{"name":"Sara"}], schema: [{"name":"name","displayName":"Name","filters":[{"label":"A-G","value":"a-g"},{"label":"H-R","value":"h-r"},{"label":"S-Z","value":"s-z"}]}], loading: false, error: false, errorType: "errorType", onSearch: "[Function]", showHead: true, type: "resource", size: "standard", draggable: false, withHeader: true, nestedRows: false, withCheckbox: false, showMenu: true, headCellTooltip: false, separator: false
 (13ms)
    ✓ 
  data: [{"name":"Zara"},{"name":"Sara"}], schema: [{"name":"name","displayName":"Name","filters":[{"label":"A-G","value":"a-g"},{"label":"H-R","value":"h-r"},{"label":"S-Z","value":"s-z"}]}], loading: false, error: false, errorType: "errorType", onSearch: "[Function]", showHead: true, type: "resource", size: "standard", draggable: false, withHeader: true, nestedRows: false, withCheckbox: false, showMenu: false, headCellTooltip: true, separator: true
 (15ms)
    ✓ 
  data: [{"name":"Zara"},{"name":"Sara"}], schema: [{"name":"name","displayName":"Name","filters":[{"label":"A-G","value":"a-g"},{"label":"H-R","value":"h-r"},{"label":"S-Z","value":"s-z"}]}], loading: false, error: false, errorType: "errorType", onSearch: "[Function]", showHead: true, type: "resource", size: "standard", draggable: false, withHeader: true, nestedRows: false, withCheckbox: false, showMenu: false, headCellTooltip: true, separator: false
 (12ms)
    ✓ 
  data: [{"name":"Zara"},{"name":"Sara"}], schema: [{"name":"name","displayName":"Name","filters":[{"label":"A-G","value":"a-g"},{"label":"H-R","value":"h-r"},{"label":"S-Z","value":"s-z"}]}], loading: false, error: false, errorType: "errorType", onSearch: "[Function]", showHead: true, type: "resource", size: "standard", draggable: false, withHeader: true, nestedRows: false, withCheckbox: false, showMenu: false, headCellTooltip: false, separator: true
 (10ms)
    ✓ 
  data: [{"name":"Zara"},{"name":"Sara"}], schema: [{"name":"name","displayName":"Name","filters":[{"label":"A-G","value":"a-g"},{"label":"H-R","value":"h-r"},{"label":"S-Z","value":"s-z"}]}], loading: false, error: false, errorType: "errorType", onSearch: "[Function]", showHead: true, type: "resource", size: "standard", draggable: false, withHeader: true, nestedRows: false, withCheckbox: false, showMenu: false, headCellTooltip: false, separator: false
 (8ms)
    ✓ 
  data: [{"name":"Zara"},{"name":"Sara"}], schema: [{"name":"name","displayName":"Name","filters":[{"label":"A-G","value":"a-g"},{"label":"H-R","value":"h-r"},{"label":"S-Z","value":"s-z"}]}], loading: false, error: false, errorType: "errorType", onSearch: "[Function]", showHead: true, type: "resource", size: "standard", draggable: false, withHeader: false, nestedRows: true, withCheckbox: true, showMenu: true, headCellTooltip: true, separator: true
 (7ms)
    ✓ 
  data: [{"name":"Zara"},{"name":"Sara"}], schema: [{"name":"name","displayName":"Name","filters":[{"label":"A-G","value":"a-g"},{"label":"H-R","value":"h-r"},{"label":"S-Z","value":"s-z"}]}], loading: false, error: false, errorType: "errorType", onSearch: "[Function]", showHead: true, type: "resource", size: "standard", draggable: false, withHeader: false, nestedRows: true, withCheckbox: true, showMenu: true, headCellTooltip: true, separator: false
 (12ms)
    ✓ 
  data: [{"name":"Zara"},{"name":"Sara"}], schema: [{"name":"name","displayName":"Name","filters":[{"label":"A-G","value":"a-g"},{"label":"H-R","value":"h-r"},{"label":"S-Z","value":"s-z"}]}], loading: false, error: false, errorType: "errorType", onSearch: "[Function]", showHead: true, type: "resource", size: "standard", draggable: false, withHeader: false, nestedRows: true, withCheckbox: true, showMenu: true, headCellTooltip: false, separator: true
 (9ms)
    ✓ 
  data: [{"name":"Zara"},{"name":"Sara"}], schema: [{"name":"name","displayName":"Name","filters":[{"label":"A-G","value":"a-g"},{"label":"H-R","value":"h-r"},{"label":"S-Z","value":"s-z"}]}], loading: false, error: false, errorType: "errorType", onSearch: "[Function]", showHead: true, type: "resource", size: "standard", draggable: false, withHeader: false, nestedRows: true, withCheckbox: true, showMenu: true, headCellTooltip: false, separator: false
 (27ms)
    ✓ 
  data: [{"name":"Zara"},{"name":"Sara"}], schema: [{"name":"name","displayName":"Name","filters":[{"label":"A-G","value":"a-g"},{"label":"H-R","value":"h-r"},{"label":"S-Z","value":"s-z"}]}], loading: false, error: false, errorType: "errorType", onSearch: "[Function]", showHead: true, type: "resource", size: "standard", draggable: false, withHeader: false, nestedRows: true, withCheckbox: true, showMenu: false, headCellTooltip: true, separator: true
 (16ms)
    ✓ 
  data: [{"name":"Zara"},{"name":"Sara"}], schema: [{"name":"name","displayName":"Name","filters":[{"label":"A-G","value":"a-g"},{"label":"H-R","value":"h-r"},{"label":"S-Z","value":"s-z"}]}], loading: false, error: false, errorType: "errorType", onSearch: "[Function]", showHead: true, type: "resource", size: "standard", draggable: false, withHeader: false, nestedRows: true, withCheckbox: true, showMenu: false, headCellTooltip: true, separator: false
 (11ms)
    ✓ 
  data: [{"name":"Zara"},{"name":"Sara"}], schema: [{"name":"name","displayName":"Name","filters":[{"label":"A-G","value":"a-g"},{"label":"H-R","value":"h-r"},{"label":"S-Z","value":"s-z"}]}], loading: false, error: false, errorType: "errorType", onSearch: "[Function]", showHead: true, type: "resource", size: "standard", draggable: false, withHeader: false, nestedRows: true, withCheckbox: true, showMenu: false, headCellTooltip: false, separator: true
 (7ms)
    ✓ 
  data: [{"name":"Zara"},{"name":"Sara"}], schema: [{"name":"name","displayName":"Name","filters":[{"label":"A-G","value":"a-g"},{"label":"H-R","value":"h-r"},{"label":"S-Z","value":"s-z"}]}], loading: false, error: false, errorType: "errorType", onSearch: "[Function]", showHead: true, type: "resource", size: "standard", draggable: false, withHeader: false, nestedRows: true, withCheckbox: true, showMenu: false, headCellTooltip: false, separator: false
 (9ms)
    ✓ 
  data: [{"name":"Zara"},{"name":"Sara"}], schema: [{"name":"name","displayName":"Name","filters":[{"label":"A-G","value":"a-g"},{"label":"H-R","value":"h-r"},{"label":"S-Z","value":"s-z"}]}], loading: false, error: false, errorType: "errorType", onSearch: "[Function]", showHead: true, type: "resource", size: "standard", draggable: false, withHeader: false, nestedRows: true, withCheckbox: false, showMenu: true, headCellTooltip: true, separator: true
 (4ms)
    ✓ 
  data: [{"name":"Zara"},{"name":"Sara"}], schema: [{"name":"name","displayName":"Name","filters":[{"label":"A-G","value":"a-g"},{"label":"H-R","value":"h-r"},{"label":"S-Z","value":"s-z"}]}], loading: false, error: false, errorType: "errorType", onSearch: "[Function]", showHead: true, type: "resource", size: "standard", draggable: false, withHeader: false, nestedRows: true, withCheckbox: false, showMenu: true, headCellTooltip: true, separator: false
 (17ms)
    ✓ 
  data: [{"name":"Zara"},{"name":"Sara"}], schema: [{"name":"name","displayName":"Name","filters":[{"label":"A-G","value":"a-g"},{"label":"H-R","value":"h-r"},{"label":"S-Z","value":"s-z"}]}], loading: false, error: false, errorType: "errorType", onSearch: "[Function]", showHead: true, type: "resource", size: "standard", draggable: false, withHeader: false, nestedRows: true, withCheckbox: false, showMenu: true, headCellTooltip: false, separator: true
 (7ms)
    ✓ 
  data: [{"name":"Zara"},{"name":"Sara"}], schema: [{"name":"name","displayName":"Name","filters":[{"label":"A-G","value":"a-g"},{"label":"H-R","value":"h-r"},{"label":"S-Z","value":"s-z"}]}], loading: false, error: false, errorType: "errorType", onSearch: "[Function]", showHead: true, type: "resource", size: "standard", draggable: false, withHeader: false, nestedRows: true, withCheckbox: false, showMenu: true, headCellTooltip: false, separator: false
 (5ms)
    ✓ 
  data: [{"name":"Zara"},{"name":"Sara"}], schema: [{"name":"name","displayName":"Name","filters":[{"label":"A-G","value":"a-g"},{"label":"H-R","value":"h-r"},{"label":"S-Z","value":"s-z"}]}], loading: false, error: false, errorType: "errorType", onSearch: "[Function]", showHead: true, type: "resource", size: "standard", draggable: false, withHeader: false, nestedRows: true, withCheckbox: false, showMenu: false, headCellTooltip: true, separator: true
 (7ms)
    ✓ 
  data: [{"name":"Zara"},{"name":"Sara"}], schema: [{"name":"name","displayName":"Name","filters":[{"label":"A-G","value":"a-g"},{"label":"H-R","value":"h-r"},{"label":"S-Z","value":"s-z"}]}], loading: false, error: false, errorType: "errorType", onSearch: "[Function]", showHead: true, type: "resource", size: "standard", draggable: false, withHeader: false, nestedRows: true, withCheckbox: false, showMenu: false, headCellTooltip: true, separator: false
 (9ms)
    ✓ 
  data: [{"name":"Zara"},{"name":"Sara"}], schema: [{"name":"name","displayName":"Name","filters":[{"label":"A-G","value":"a-g"},{"label":"H-R","value":"h-r"},{"label":"S-Z","value":"s-z"}]}], loading: false, error: false, errorType: "errorType", onSearch: "[Function]", showHead: true, type: "resource", size: "standard", draggable: false, withHeader: false, nestedRows: true, withCheckbox: false, showMenu: false, headCellTooltip: false, separator: true
 (5ms)
    ✓ 
  data: [{"name":"Zara"},{"name":"Sara"}], schema: [{"name":"name","displayName":"Name","filters":[{"label":"A-G","value":"a-g"},{"label":"H-R","value":"h-r"},{"label":"S-Z","value":"s-z"}]}], loading: false, error: false, errorType: "errorType", onSearch: "[Function]", showHead: true, type: "resource", size: "standard", draggable: false, withHeader: false, nestedRows: true, withCheckbox: false, showMenu: false, headCellTooltip: false, separator: false
 (8ms)
    ✓ 
  data: [{"name":"Zara"},{"name":"Sara"}], schema: [{"name":"name","displayName":"Name","filters":[{"label":"A-G","value":"a-g"},{"label":"H-R","value":"h-r"},{"label":"S-Z","value":"s-z"}]}], loading: false, error: false, errorType: "errorType", onSearch: "[Function]", showHead: true, type: "resource", size: "standard", draggable: false, withHeader: false, nestedRows: false, withCheckbox: true, showMenu: true, headCellTooltip: true, separator: true
 (9ms)
    ✓ 
  data: [{"name":"Zara"},{"name":"Sara"}], schema: [{"name":"name","displayName":"Name","filters":[{"label":"A-G","value":"a-g"},{"label":"H-R","value":"h-r"},{"label":"S-Z","value":"s-z"}]}], loading: false, error: false, errorType: "errorType", onSearch: "[Function]", showHead: true, type: "resource", size: "standard", draggable: false, withHeader: false, nestedRows: false, withCheckbox: true, showMenu: true, headCellTooltip: true, separator: false
 (6ms)
    ✓ 
  data: [{"name":"Zara"},{"name":"Sara"}], schema: [{"name":"name","displayName":"Name","filters":[{"label":"A-G","value":"a-g"},{"label":"H-R","value":"h-r"},{"label":"S-Z","value":"s-z"}]}], loading: false, error: false, errorType: "errorType", onSearch: "[Function]", showHead: true, type: "resource", size: "standard", draggable: false, withHeader: false, nestedRows: false, withCheckbox: true, showMenu: true, headCellTooltip: false, separator: true
 (7ms)
    ✓ 
  data: [{"name":"Zara"},{"name":"Sara"}], schema: [{"name":"name","displayName":"Name","filters":[{"label":"A-G","value":"a-g"},{"label":"H-R","value":"h-r"},{"label":"S-Z","value":"s-z"}]}], loading: false, error: false, errorType: "errorType", onSearch: "[Function]", showHead: true, type: "resource", size: "standard", draggable: false, withHeader: false, nestedRows: false, withCheckbox: true, showMenu: true, headCellTooltip: false, separator: false
 (15ms)
    ✓ 
  data: [{"name":"Zara"},{"name":"Sara"}], schema: [{"name":"name","displayName":"Name","filters":[{"label":"A-G","value":"a-g"},{"label":"H-R","value":"h-r"},{"label":"S-Z","value":"s-z"}]}], loading: false, error: false, errorType: "errorType", onSearch: "[Function]", showHead: true, type: "resource", size: "standard", draggable: false, withHeader: false, nestedRows: false, withCheckbox: true, showMenu: false, headCellTooltip: true, separator: true
 (9ms)
    ✓ 
  data: [{"name":"Zara"},{"name":"Sara"}], schema: [{"name":"name","displayName":"Name","filters":[{"label":"A-G","value":"a-g"},{"label":"H-R","value":"h-r"},{"label":"S-Z","value":"s-z"}]}], loading: false, error: false, errorType: "errorType", onSearch: "[Function]", showHead: true, type: "resource", size: "standard", draggable: false, withHeader: false, nestedRows: false, withCheckbox: true, showMenu: false, headCellTooltip: true, separator: false
 (14ms)
    ✓ 
  data: [{"name":"Zara"},{"name":"Sara"}], schema: [{"name":"name","displayName":"Name","filters":[{"label":"A-G","value":"a-g"},{"label":"H-R","value":"h-r"},{"label":"S-Z","value":"s-z"}]}], loading: false, error: false, errorType: "errorType", onSearch: "[Function]", showHead: true, type: "resource", size: "standard", draggable: false, withHeader: false, nestedRows: false, withCheckbox: true, showMenu: false, headCellTooltip: false, separator: true
 (5ms)
    ✓ 
  data: [{"name":"Zara"},{"name":"Sara"}], schema: [{"name":"name","displayName":"Name","filters":[{"label":"A-G","value":"a-g"},{"label":"H-R","value":"h-r"},{"label":"S-Z","value":"s-z"}]}], loading: false, error: false, errorType: "errorType", onSearch: "[Function]", showHead: true, type: "resource", size: "standard", draggable: false, withHeader: false, nestedRows: false, withCheckbox: true, showMenu: false, headCellTooltip: false, separator: false
 (7ms)
    ✓ 
  data: [{"name":"Zara"},{"name":"Sara"}], schema: [{"name":"name","displayName":"Name","filters":[{"label":"A-G","value":"a-g"},{"label":"H-R","value":"h-r"},{"label":"S-Z","value":"s-z"}]}], loading: false, error: false, errorType: "errorType", onSearch: "[Function]", showHead: true, type: "resource", size: "standard", draggable: false, withHeader: false, nestedRows: false, withCheckbox: false, showMenu: true, headCellTooltip: true, separator: true
 (5ms)
    ✓ 
  data: [{"name":"Zara"},{"name":"Sara"}], schema: [{"name":"name","displayName":"Name","filters":[{"label":"A-G","value":"a-g"},{"label":"H-R","value":"h-r"},{"label":"S-Z","value":"s-z"}]}], loading: false, error: false, errorType: "errorType", onSearch: "[Function]", showHead: true, type: "resource", size: "standard", draggable: false, withHeader: false, nestedRows: false, withCheckbox: false, showMenu: true, headCellTooltip: true, separator: false
 (10ms)
    ✓ 
  data: [{"name":"Zara"},{"name":"Sara"}], schema: [{"name":"name","displayName":"Name","filters":[{"label":"A-G","value":"a-g"},{"label":"H-R","value":"h-r"},{"label":"S-Z","value":"s-z"}]}], loading: false, error: false, errorType: "errorType", onSearch: "[Function]", showHead: true, type: "resource", size: "standard", draggable: false, withHeader: false, nestedRows: false, withCheckbox: false, showMenu: true, headCellTooltip: false, separator: true
 (5ms)
    ✓ 
  data: [{"name":"Zara"},{"name":"Sara"}], schema: [{"name":"name","displayName":"Name","filters":[{"label":"A-G","value":"a-g"},{"label":"H-R","value":"h-r"},{"label":"S-Z","value":"s-z"}]}], loading: false, error: false, errorType: "errorType", onSearch: "[Function]", showHead: true, type: "resource", size: "standard", draggable: false, withHeader: false, nestedRows: false, withCheckbox: false, showMenu: true, headCellTooltip: false, separator: false
 (13ms)
    ✓ 
  data: [{"name":"Zara"},{"name":"Sara"}], schema: [{"name":"name","displayName":"Name","filters":[{"label":"A-G","value":"a-g"},{"label":"H-R","value":"h-r"},{"label":"S-Z","value":"s-z"}]}], loading: false, error: false, errorType: "errorType", onSearch: "[Function]", showHead: true, type: "resource", size: "standard", draggable: false, withHeader: false, nestedRows: false, withCheckbox: false, showMenu: false, headCellTooltip: true, separator: true
 (7ms)
    ✓ 
  data: [{"name":"Zara"},{"name":"Sara"}], schema: [{"name":"name","displayName":"Name","filters":[{"label":"A-G","value":"a-g"},{"label":"H-R","value":"h-r"},{"label":"S-Z","value":"s-z"}]}], loading: false, error: false, errorType: "errorType", onSearch: "[Function]", showHead: true, type: "resource", size: "standard", draggable: false, withHeader: false, nestedRows: false, withCheckbox: false, showMenu: false, headCellTooltip: true, separator: false
 (13ms)
    ✓ 
  data: [{"name":"Zara"},{"name":"Sara"}], schema: [{"name":"name","displayName":"Name","filters":[{"label":"A-G","value":"a-g"},{"label":"H-R","value":"h-r"},{"label":"S-Z","value":"s-z"}]}], loading: false, error: false, errorType: "errorType", onSearch: "[Function]", showHead: true, type: "resource", size: "standard", draggable: false, withHeader: false, nestedRows: false, withCheckbox: false, showMenu: false, headCellTooltip: false, separator: true
 (8ms)
    ✓ 
  data: [{"name":"Zara"},{"name":"Sara"}], schema: [{"name":"name","displayName":"Name","filters":[{"label":"A-G","value":"a-g"},{"label":"H-R","value":"h-r"},{"label":"S-Z","value":"s-z"}]}], loading: false, error: false, errorType: "errorType", onSearch: "[Function]", showHead: true, type: "resource", size: "standard", draggable: false, withHeader: false, nestedRows: false, withCheckbox: false, showMenu: false, headCellTooltip: false, separator: false
 (6ms)
    ✓ 
  data: [{"name":"Zara"},{"name":"Sara"}], schema: [{"name":"name","displayName":"Name","filters":[{"label":"A-G","value":"a-g"},{"label":"H-R","value":"h-r"},{"label":"S-Z","value":"s-z"}]}], loading: false, error: false, errorType: "errorType", onSearch: "[Function]", showHead: false, type: "resource", size: "standard", draggable: true, withHeader: true, nestedRows: true, withCheckbox: true, showMenu: true, headCellTooltip: true, separator: true
 (8ms)
    ✓ 
  data: [{"name":"Zara"},{"name":"Sara"}], schema: [{"name":"name","displayName":"Name","filters":[{"label":"A-G","value":"a-g"},{"label":"H-R","value":"h-r"},{"label":"S-Z","value":"s-z"}]}], loading: false, error: false, errorType: "errorType", onSearch: "[Function]", showHead: false, type: "resource", size: "standard", draggable: true, withHeader: true, nestedRows: true, withCheckbox: true, showMenu: true, headCellTooltip: true, separator: false
 (8ms)
    ✓ 
  data: [{"name":"Zara"},{"name":"Sara"}], schema: [{"name":"name","displayName":"Name","filters":[{"label":"A-G","value":"a-g"},{"label":"H-R","value":"h-r"},{"label":"S-Z","value":"s-z"}]}], loading: false, error: false, errorType: "errorType", onSearch: "[Function]", showHead: false, type: "resource", size: "standard", draggable: true, withHeader: true, nestedRows: true, withCheckbox: true, showMenu: true, headCellTooltip: false, separator: true
 (7ms)
    ✓ 
  data: [{"name":"Zara"},{"name":"Sara"}], schema: [{"name":"name","displayName":"Name","filters":[{"label":"A-G","value":"a-g"},{"label":"H-R","value":"h-r"},{"label":"S-Z","value":"s-z"}]}], loading: false, error: false, errorType: "errorType", onSearch: "[Function]", showHead: false, type: "resource", size: "standard", draggable: true, withHeader: true, nestedRows: true, withCheckbox: true, showMenu: true, headCellTooltip: false, separator: false
 (8ms)
    ✓ 
  data: [{"name":"Zara"},{"name":"Sara"}], schema: [{"name":"name","displayName":"Name","filters":[{"label":"A-G","value":"a-g"},{"label":"H-R","value":"h-r"},{"label":"S-Z","value":"s-z"}]}], loading: false, error: false, errorType: "errorType", onSearch: "[Function]", showHead: false, type: "resource", size: "standard", draggable: true, withHeader: true, nestedRows: true, withCheckbox: true, showMenu: false, headCellTooltip: true, separator: true
 (11ms)
    ✓ 
  data: [{"name":"Zara"},{"name":"Sara"}], schema: [{"name":"name","displayName":"Name","filters":[{"label":"A-G","value":"a-g"},{"label":"H-R","value":"h-r"},{"label":"S-Z","value":"s-z"}]}], loading: false, error: false, errorType: "errorType", onSearch: "[Function]", showHead: false, type: "resource", size: "standard", draggable: true, withHeader: true, nestedRows: true, withCheckbox: true, showMenu: false, headCellTooltip: true, separator: false
 (8ms)
    ✓ 
  data: [{"name":"Zara"},{"name":"Sara"}], schema: [{"name":"name","displayName":"Name","filters":[{"label":"A-G","value":"a-g"},{"label":"H-R","value":"h-r"},{"label":"S-Z","value":"s-z"}]}], loading: false, error: false, errorType: "errorType", onSearch: "[Function]", showHead: false, type: "resource", size: "standard", draggable: true, withHeader: true, nestedRows: true, withCheckbox: true, showMenu: false, headCellTooltip: false, separator: true
 (5ms)
    ✓ 
  data: [{"name":"Zara"},{"name":"Sara"}], schema: [{"name":"name","displayName":"Name","filters":[{"label":"A-G","value":"a-g"},{"label":"H-R","value":"h-r"},{"label":"S-Z","value":"s-z"}]}], loading: false, error: false, errorType: "errorType", onSearch: "[Function]", showHead: false, type: "resource", size: "standard", draggable: true, withHeader: true, nestedRows: true, withCheckbox: true, showMenu: false, headCellTooltip: false, separator: false
 (13ms)
    ✓ 
  data: [{"name":"Zara"},{"name":"Sara"}], schema: [{"name":"name","displayName":"Name","filters":[{"label":"A-G","value":"a-g"},{"label":"H-R","value":"h-r"},{"label":"S-Z","value":"s-z"}]}], loading: false, error: false, errorType: "errorType", onSearch: "[Function]", showHead: false, type: "resource", size: "standard", draggable: true, withHeader: true, nestedRows: true, withCheckbox: false, showMenu: true, headCellTooltip: true, separator: true
 (13ms)
    ✓ 
  data: [{"name":"Zara"},{"name":"Sara"}], schema: [{"name":"name","displayName":"Name","filters":[{"label":"A-G","value":"a-g"},{"label":"H-R","value":"h-r"},{"label":"S-Z","value":"s-z"}]}], loading: false, error: false, errorType: "errorType", onSearch: "[Function]", showHead: false, type: "resource", size: "standard", draggable: true, withHeader: true, nestedRows: true, withCheckbox: false, showMenu: true, headCellTooltip: true, separator: false
 (7ms)
    ✓ 
  data: [{"name":"Zara"},{"name":"Sara"}], schema: [{"name":"name","displayName":"Name","filters":[{"label":"A-G","value":"a-g"},{"label":"H-R","value":"h-r"},{"label":"S-Z","value":"s-z"}]}], loading: false, error: false, errorType: "errorType", onSearch: "[Function]", showHead: false, type: "resource", size: "standard", draggable: true, withHeader: true, nestedRows: true, withCheckbox: false, showMenu: true, headCellTooltip: false, separator: true
 (10ms)
    ✓ 
  data: [{"name":"Zara"},{"name":"Sara"}], schema: [{"name":"name","displayName":"Name","filters":[{"label":"A-G","value":"a-g"},{"label":"H-R","value":"h-r"},{"label":"S-Z","value":"s-z"}]}], loading: false, error: false, errorType: "errorType", onSearch: "[Function]", showHead: false, type: "resource", size: "standard", draggable: true, withHeader: true, nestedRows: true, withCheckbox: false, showMenu: true, headCellTooltip: false, separator: false
 (6ms)
    ✓ 
  data: [{"name":"Zara"},{"name":"Sara"}], schema: [{"name":"name","displayName":"Name","filters":[{"label":"A-G","value":"a-g"},{"label":"H-R","value":"h-r"},{"label":"S-Z","value":"s-z"}]}], loading: false, error: false, errorType: "errorType", onSearch: "[Function]", showHead: false, type: "resource", size: "standard", draggable: true, withHeader: true, nestedRows: true, withCheckbox: false, showMenu: false, headCellTooltip: true, separator: true
 (8ms)
    ✓ 
  data: [{"name":"Zara"},{"name":"Sara"}], schema: [{"name":"name","displayName":"Name","filters":[{"label":"A-G","value":"a-g"},{"label":"H-R","value":"h-r"},{"label":"S-Z","value":"s-z"}]}], loading: false, error: false, errorType: "errorType", onSearch: "[Function]", showHead: false, type: "resource", size: "standard", draggable: true, withHeader: true, nestedRows: true, withCheckbox: false, showMenu: false, headCellTooltip: true, separator: false
 (5ms)
    ✓ 
  data: [{"name":"Zara"},{"name":"Sara"}], schema: [{"name":"name","displayName":"Name","filters":[{"label":"A-G","value":"a-g"},{"label":"H-R","value":"h-r"},{"label":"S-Z","value":"s-z"}]}], loading: false, error: false, errorType: "errorType", onSearch: "[Function]", showHead: false, type: "resource", size: "standard", draggable: true, withHeader: true, nestedRows: true, withCheckbox: false, showMenu: false, headCellTooltip: false, separator: true
 (3ms)
    ✓ 
  data: [{"name":"Zara"},{"name":"Sara"}], schema: [{"name":"name","displayName":"Name","filters":[{"label":"A-G","value":"a-g"},{"label":"H-R","value":"h-r"},{"label":"S-Z","value":"s-z"}]}], loading: false, error: false, errorType: "errorType", onSearch: "[Function]", showHead: false, type: "resource", size: "standard", draggable: true, withHeader: true, nestedRows: true, withCheckbox: false, showMenu: false, headCellTooltip: false, separator: false
 (7ms)
    ✓ 
  data: [{"name":"Zara"},{"name":"Sara"}], schema: [{"name":"name","displayName":"Name","filters":[{"label":"A-G","value":"a-g"},{"label":"H-R","value":"h-r"},{"label":"S-Z","value":"s-z"}]}], loading: false, error: false, errorType: "errorType", onSearch: "[Function]", showHead: false, type: "resource", size: "standard", draggable: true, withHeader: true, nestedRows: false, withCheckbox: true, showMenu: true, headCellTooltip: true, separator: true
 (9ms)
    ✓ 
  data: [{"name":"Zara"},{"name":"Sara"}], schema: [{"name":"name","displayName":"Name","filters":[{"label":"A-G","value":"a-g"},{"label":"H-R","value":"h-r"},{"label":"S-Z","value":"s-z"}]}], loading: false, error: false, errorType: "errorType", onSearch: "[Function]", showHead: false, type: "resource", size: "standard", draggable: true, withHeader: true, nestedRows: false, withCheckbox: true, showMenu: true, headCellTooltip: true, separator: false
 (4ms)
    ✓ 
  data: [{"name":"Zara"},{"name":"Sara"}], schema: [{"name":"name","displayName":"Name","filters":[{"label":"A-G","value":"a-g"},{"label":"H-R","value":"h-r"},{"label":"S-Z","value":"s-z"}]}], loading: false, error: false, errorType: "errorType", onSearch: "[Function]", showHead: false, type: "resource", size: "standard", draggable: true, withHeader: true, nestedRows: false, withCheckbox: true, showMenu: true, headCellTooltip: false, separator: true
 (8ms)
    ✓ 
  data: [{"name":"Zara"},{"name":"Sara"}], schema: [{"name":"name","displayName":"Name","filters":[{"label":"A-G","value":"a-g"},{"label":"H-R","value":"h-r"},{"label":"S-Z","value":"s-z"}]}], loading: false, error: false, errorType: "errorType", onSearch: "[Function]", showHead: false, type: "resource", size: "standard", draggable: true, withHeader: true, nestedRows: false, withCheckbox: true, showMenu: true, headCellTooltip: false, separator: false
 (7ms)
    ✓ 
  data: [{"name":"Zara"},{"name":"Sara"}], schema: [{"name":"name","displayName":"Name","filters":[{"label":"A-G","value":"a-g"},{"label":"H-R","value":"h-r"},{"label":"S-Z","value":"s-z"}]}], loading: false, error: false, errorType: "errorType", onSearch: "[Function]", showHead: false, type: "resource", size: "standard", draggable: true, withHeader: true, nestedRows: false, withCheckbox: true, showMenu: false, headCellTooltip: true, separator: true
 (7ms)
    ✓ 
  data: [{"name":"Zara"},{"name":"Sara"}], schema: [{"name":"name","displayName":"Name","filters":[{"label":"A-G","value":"a-g"},{"label":"H-R","value":"h-r"},{"label":"S-Z","value":"s-z"}]}], loading: false, error: false, errorType: "errorType", onSearch: "[Function]", showHead: false, type: "resource", size: "standard", draggable: true, withHeader: true, nestedRows: false, withCheckbox: true, showMenu: false, headCellTooltip: true, separator: false
 (4ms)
    ✓ 
  data: [{"name":"Zara"},{"name":"Sara"}], schema: [{"name":"name","displayName":"Name","filters":[{"label":"A-G","value":"a-g"},{"label":"H-R","value":"h-r"},{"label":"S-Z","value":"s-z"}]}], loading: false, error: false, errorType: "errorType", onSearch: "[Function]", showHead: false, type: "resource", size: "standard", draggable: true, withHeader: true, nestedRows: false, withCheckbox: true, showMenu: false, headCellTooltip: false, separator: true
 (14ms)
    ✓ 
  data: [{"name":"Zara"},{"name":"Sara"}], schema: [{"name":"name","displayName":"Name","filters":[{"label":"A-G","value":"a-g"},{"label":"H-R","value":"h-r"},{"label":"S-Z","value":"s-z"}]}], loading: false, error: false, errorType: "errorType", onSearch: "[Function]", showHead: false, type: "resource", size: "standard", draggable: true, withHeader: true, nestedRows: false, withCheckbox: true, showMenu: false, headCellTooltip: false, separator: false
 (4ms)
    ✓ 
  data: [{"name":"Zara"},{"name":"Sara"}], schema: [{"name":"name","displayName":"Name","filters":[{"label":"A-G","value":"a-g"},{"label":"H-R","value":"h-r"},{"label":"S-Z","value":"s-z"}]}], loading: false, error: false, errorType: "errorType", onSearch: "[Function]", showHead: false, type: "resource", size: "standard", draggable: true, withHeader: true, nestedRows: false, withCheckbox: false, showMenu: true, headCellTooltip: true, separator: true
 (3ms)
    ✓ 
  data: [{"name":"Zara"},{"name":"Sara"}], schema: [{"name":"name","displayName":"Name","filters":[{"label":"A-G","value":"a-g"},{"label":"H-R","value":"h-r"},{"label":"S-Z","value":"s-z"}]}], loading: false, error: false, errorType: "errorType", onSearch: "[Function]", showHead: false, type: "resource", size: "standard", draggable: true, withHeader: true, nestedRows: false, withCheckbox: false, showMenu: true, headCellTooltip: true, separator: false
 (7ms)
    ✓ 
  data: [{"name":"Zara"},{"name":"Sara"}], schema: [{"name":"name","displayName":"Name","filters":[{"label":"A-G","value":"a-g"},{"label":"H-R","value":"h-r"},{"label":"S-Z","value":"s-z"}]}], loading: false, error: false, errorType: "errorType", onSearch: "[Function]", showHead: false, type: "resource", size: "standard", draggable: true, withHeader: true, nestedRows: false, withCheckbox: false, showMenu: true, headCellTooltip: false, separator: true
 (5ms)
    ✓ 
  data: [{"name":"Zara"},{"name":"Sara"}], schema: [{"name":"name","displayName":"Name","filters":[{"label":"A-G","value":"a-g"},{"label":"H-R","value":"h-r"},{"label":"S-Z","value":"s-z"}]}], loading: false, error: false, errorType: "errorType", onSearch: "[Function]", showHead: false, type: "resource", size: "standard", draggable: true, withHeader: true, nestedRows: false, withCheckbox: false, showMenu: true, headCellTooltip: false, separator: false
 (2ms)
    ✓ 
  data: [{"name":"Zara"},{"name":"Sara"}], schema: [{"name":"name","displayName":"Name","filters":[{"label":"A-G","value":"a-g"},{"label":"H-R","value":"h-r"},{"label":"S-Z","value":"s-z"}]}], loading: false, error: false, errorType: "errorType", onSearch: "[Function]", showHead: false, type: "resource", size: "standard", draggable: true, withHeader: true, nestedRows: false, withCheckbox: false, showMenu: false, headCellTooltip: true, separator: true
 (9ms)
    ✓ 
  data: [{"name":"Zara"},{"name":"Sara"}], schema: [{"name":"name","displayName":"Name","filters":[{"label":"A-G","value":"a-g"},{"label":"H-R","value":"h-r"},{"label":"S-Z","value":"s-z"}]}], loading: false, error: false, errorType: "errorType", onSearch: "[Function]", showHead: false, type: "resource", size: "standard", draggable: true, withHeader: true, nestedRows: false, withCheckbox: false, showMenu: false, headCellTooltip: true, separator: false
 (6ms)
    ✓ 
  data: [{"name":"Zara"},{"name":"Sara"}], schema: [{"name":"name","displayName":"Name","filters":[{"label":"A-G","value":"a-g"},{"label":"H-R","value":"h-r"},{"label":"S-Z","value":"s-z"}]}], loading: false, error: false, errorType: "errorType", onSearch: "[Function]", showHead: false, type: "resource", size: "standard", draggable: true, withHeader: true, nestedRows: false, withCheckbox: false, showMenu: false, headCellTooltip: false, separator: true
 (12ms)
    ✓ 
  data: [{"name":"Zara"},{"name":"Sara"}], schema: [{"name":"name","displayName":"Name","filters":[{"label":"A-G","value":"a-g"},{"label":"H-R","value":"h-r"},{"label":"S-Z","value":"s-z"}]}], loading: false, error: false, errorType: "errorType", onSearch: "[Function]", showHead: false, type: "resource", size: "standard", draggable: true, withHeader: true, nestedRows: false, withCheckbox: false, showMenu: false, headCellTooltip: false, separator: false
 (7ms)
    ✓ 
  data: [{"name":"Zara"},{"name":"Sara"}], schema: [{"name":"name","displayName":"Name","filters":[{"label":"A-G","value":"a-g"},{"label":"H-R","value":"h-r"},{"label":"S-Z","value":"s-z"}]}], loading: false, error: false, errorType: "errorType", onSearch: "[Function]", showHead: false, type: "resource", size: "standard", draggable: true, withHeader: false, nestedRows: true, withCheckbox: true, showMenu: true, headCellTooltip: true, separator: true
 (2ms)
    ✓ 
  data: [{"name":"Zara"},{"name":"Sara"}], schema: [{"name":"name","displayName":"Name","filters":[{"label":"A-G","value":"a-g"},{"label":"H-R","value":"h-r"},{"label":"S-Z","value":"s-z"}]}], loading: false, error: false, errorType: "errorType", onSearch: "[Function]", showHead: false, type: "resource", size: "standard", draggable: true, withHeader: false, nestedRows: true, withCheckbox: true, showMenu: true, headCellTooltip: true, separator: false
 (2ms)
    ✓ 
  data: [{"name":"Zara"},{"name":"Sara"}], schema: [{"name":"name","displayName":"Name","filters":[{"label":"A-G","value":"a-g"},{"label":"H-R","value":"h-r"},{"label":"S-Z","value":"s-z"}]}], loading: false, error: false, errorType: "errorType", onSearch: "[Function]", showHead: false, type: "resource", size: "standard", draggable: true, withHeader: false, nestedRows: true, withCheckbox: true, showMenu: true, headCellTooltip: false, separator: true
 (2ms)
    ✓ 
  data: [{"name":"Zara"},{"name":"Sara"}], schema: [{"name":"name","displayName":"Name","filters":[{"label":"A-G","value":"a-g"},{"label":"H-R","value":"h-r"},{"label":"S-Z","value":"s-z"}]}], loading: false, error: false, errorType: "errorType", onSearch: "[Function]", showHead: false, type: "resource", size: "standard", draggable: true, withHeader: false, nestedRows: true, withCheckbox: true, showMenu: true, headCellTooltip: false, separator: false
 (4ms)
    ✓ 
  data: [{"name":"Zara"},{"name":"Sara"}], schema: [{"name":"name","displayName":"Name","filters":[{"label":"A-G","value":"a-g"},{"label":"H-R","value":"h-r"},{"label":"S-Z","value":"s-z"}]}], loading: false, error: false, errorType: "errorType", onSearch: "[Function]", showHead: false, type: "resource", size: "standard", draggable: true, withHeader: false, nestedRows: true, withCheckbox: true, showMenu: false, headCellTooltip: true, separator: true
 (2ms)
    ✓ 
  data: [{"name":"Zara"},{"name":"Sara"}], schema: [{"name":"name","displayName":"Name","filters":[{"label":"A-G","value":"a-g"},{"label":"H-R","value":"h-r"},{"label":"S-Z","value":"s-z"}]}], loading: false, error: false, errorType: "errorType", onSearch: "[Function]", showHead: false, type: "resource", size: "standard", draggable: true, withHeader: false, nestedRows: true, withCheckbox: true, showMenu: false, headCellTooltip: true, separator: false
 (1ms)
    ✓ 
  data: [{"name":"Zara"},{"name":"Sara"}], schema: [{"name":"name","displayName":"Name","filters":[{"label":"A-G","value":"a-g"},{"label":"H-R","value":"h-r"},{"label":"S-Z","value":"s-z"}]}], loading: false, error: false, errorType: "errorType", onSearch: "[Function]", showHead: false, type: "resource", size: "standard", draggable: true, withHeader: false, nestedRows: true, withCheckbox: true, showMenu: false, headCellTooltip: false, separator: true
 (2ms)
    ✓ 
  data: [{"name":"Zara"},{"name":"Sara"}], schema: [{"name":"name","displayName":"Name","filters":[{"label":"A-G","value":"a-g"},{"label":"H-R","value":"h-r"},{"label":"S-Z","value":"s-z"}]}], loading: false, error: false, errorType: "errorType", onSearch: "[Function]", showHead: false, type: "resource", size: "standard", draggable: true, withHeader: false, nestedRows: true, withCheckbox: true, showMenu: false, headCellTooltip: false, separator: false
 (2ms)
    ✓ 
  data: [{"name":"Zara"},{"name":"Sara"}], schema: [{"name":"name","displayName":"Name","filters":[{"label":"A-G","value":"a-g"},{"label":"H-R","value":"h-r"},{"label":"S-Z","value":"s-z"}]}], loading: false, error: false, errorType: "errorType", onSearch: "[Function]", showHead: false, type: "resource", size: "standard", draggable: true, withHeader: false, nestedRows: true, withCheckbox: false, showMenu: true, headCellTooltip: true, separator: true
 (6ms)
    ✓ 
  data: [{"name":"Zara"},{"name":"Sara"}], schema: [{"name":"name","displayName":"Name","filters":[{"label":"A-G","value":"a-g"},{"label":"H-R","value":"h-r"},{"label":"S-Z","value":"s-z"}]}], loading: false, error: false, errorType: "errorType", onSearch: "[Function]", showHead: false, type: "resource", size: "standard", draggable: true, withHeader: false, nestedRows: true, withCheckbox: false, showMenu: true, headCellTooltip: true, separator: false
 (3ms)
    ✓ 
  data: [{"name":"Zara"},{"name":"Sara"}], schema: [{"name":"name","displayName":"Name","filters":[{"label":"A-G","value":"a-g"},{"label":"H-R","value":"h-r"},{"label":"S-Z","value":"s-z"}]}], loading: false, error: false, errorType: "errorType", onSearch: "[Function]", showHead: false, type: "resource", size: "standard", draggable: true, withHeader: false, nestedRows: true, withCheckbox: false, showMenu: true, headCellTooltip: false, separator: true
 (1ms)
    ✓ 
  data: [{"name":"Zara"},{"name":"Sara"}], schema: [{"name":"name","displayName":"Name","filters":[{"label":"A-G","value":"a-g"},{"label":"H-R","value":"h-r"},{"label":"S-Z","value":"s-z"}]}], loading: false, error: false, errorType: "errorType", onSearch: "[Function]", showHead: false, type: "resource", size: "standard", draggable: true, withHeader: false, nestedRows: true, withCheckbox: false, showMenu: true, headCellTooltip: false, separator: false
 (1ms)
    ✓ 
  data: [{"name":"Zara"},{"name":"Sara"}], schema: [{"name":"name","displayName":"Name","filters":[{"label":"A-G","value":"a-g"},{"label":"H-R","value":"h-r"},{"label":"S-Z","value":"s-z"}]}], loading: false, error: false, errorType: "errorType", onSearch: "[Function]", showHead: false, type: "resource", size: "standard", draggable: true, withHeader: false, nestedRows: true, withCheckbox: false, showMenu: false, headCellTooltip: true, separator: true
 (1ms)
    ✓ 
  data: [{"name":"Zara"},{"name":"Sara"}], schema: [{"name":"name","displayName":"Name","filters":[{"label":"A-G","value":"a-g"},{"label":"H-R","value":"h-r"},{"label":"S-Z","value":"s-z"}]}], loading: false, error: false, errorType: "errorType", onSearch: "[Function]", showHead: false, type: "resource", size: "standard", draggable: true, withHeader: false, nestedRows: true, withCheckbox: false, showMenu: false, headCellTooltip: true, separator: false
 (1ms)
    ✓ 
  data: [{"name":"Zara"},{"name":"Sara"}], schema: [{"name":"name","displayName":"Name","filters":[{"label":"A-G","value":"a-g"},{"label":"H-R","value":"h-r"},{"label":"S-Z","value":"s-z"}]}], loading: false, error: false, errorType: "errorType", onSearch: "[Function]", showHead: false, type: "resource", size: "standard", draggable: true, withHeader: false, nestedRows: true, withCheckbox: false, showMenu: false, headCellTooltip: false, separator: true
 (2ms)
    ✓ 
  data: [{"name":"Zara"},{"name":"Sara"}], schema: [{"name":"name","displayName":"Name","filters":[{"label":"A-G","value":"a-g"},{"label":"H-R","value":"h-r"},{"label":"S-Z","value":"s-z"}]}], loading: false, error: false, errorType: "errorType", onSearch: "[Function]", showHead: false, type: "resource", size: "standard", draggable: true, withHeader: false, nestedRows: true, withCheckbox: false, showMenu: false, headCellTooltip: false, separator: false
 (2ms)
    ✓ 
  data: [{"name":"Zara"},{"name":"Sara"}], schema: [{"name":"name","displayName":"Name","filters":[{"label":"A-G","value":"a-g"},{"label":"H-R","value":"h-r"},{"label":"S-Z","value":"s-z"}]}], loading: false, error: false, errorType: "errorType", onSearch: "[Function]", showHead: false, type: "resource", size: "standard", draggable: true, withHeader: false, nestedRows: false, withCheckbox: true, showMenu: true, headCellTooltip: true, separator: true
 (2ms)
    ✓ 
  data: [{"name":"Zara"},{"name":"Sara"}], schema: [{"name":"name","displayName":"Name","filters":[{"label":"A-G","value":"a-g"},{"label":"H-R","value":"h-r"},{"label":"S-Z","value":"s-z"}]}], loading: false, error: false, errorType: "errorType", onSearch: "[Function]", showHead: false, type: "resource", size: "standard", draggable: true, withHeader: false, nestedRows: false, withCheckbox: true, showMenu: true, headCellTooltip: true, separator: false
 (2ms)
    ✓ 
  data: [{"name":"Zara"},{"name":"Sara"}], schema: [{"name":"name","displayName":"Name","filters":[{"label":"A-G","value":"a-g"},{"label":"H-R","value":"h-r"},{"label":"S-Z","value":"s-z"}]}], loading: false, error: false, errorType: "errorType", onSearch: "[Function]", showHead: false, type: "resource", size: "standard", draggable: true, withHeader: false, nestedRows: false, withCheckbox: true, showMenu: true, headCellTooltip: false, separator: true
 (3ms)
    ✓ 
  data: [{"name":"Zara"},{"name":"Sara"}], schema: [{"name":"name","displayName":"Name","filters":[{"label":"A-G","value":"a-g"},{"label":"H-R","value":"h-r"},{"label":"S-Z","value":"s-z"}]}], loading: false, error: false, errorType: "errorType", onSearch: "[Function]", showHead: false, type: "resource", size: "standard", draggable: true, withHeader: false, nestedRows: false, withCheckbox: true, showMenu: true, headCellTooltip: false, separator: false
 (2ms)
    ✓ 
  data: [{"name":"Zara"},{"name":"Sara"}], schema: [{"name":"name","displayName":"Name","filters":[{"label":"A-G","value":"a-g"},{"label":"H-R","value":"h-r"},{"label":"S-Z","value":"s-z"}]}], loading: false, error: false, errorType: "errorType", onSearch: "[Function]", showHead: false, type: "resource", size: "standard", draggable: true, withHeader: false, nestedRows: false, withCheckbox: true, showMenu: false, headCellTooltip: true, separator: true
 (4ms)
    ✓ 
  data: [{"name":"Zara"},{"name":"Sara"}], schema: [{"name":"name","displayName":"Name","filters":[{"label":"A-G","value":"a-g"},{"label":"H-R","value":"h-r"},{"label":"S-Z","value":"s-z"}]}], loading: false, error: false, errorType: "errorType", onSearch: "[Function]", showHead: false, type: "resource", size: "standard", draggable: true, withHeader: false, nestedRows: false, withCheckbox: true, showMenu: false, headCellTooltip: true, separator: false
 (2ms)
    ✓ 
  data: [{"name":"Zara"},{"name":"Sara"}], schema: [{"name":"name","displayName":"Name","filters":[{"label":"A-G","value":"a-g"},{"label":"H-R","value":"h-r"},{"label":"S-Z","value":"s-z"}]}], loading: false, error: false, errorType: "errorType", onSearch: "[Function]", showHead: false, type: "resource", size: "standard", draggable: true, withHeader: false, nestedRows: false, withCheckbox: true, showMenu: false, headCellTooltip: false, separator: true
 (2ms)
    ✓ 
  data: [{"name":"Zara"},{"name":"Sara"}], schema: [{"name":"name","displayName":"Name","filters":[{"label":"A-G","value":"a-g"},{"label":"H-R","value":"h-r"},{"label":"S-Z","value":"s-z"}]}], loading: false, error: false, errorType: "errorType", onSearch: "[Function]", showHead: false, type: "resource", size: "standard", draggable: true, withHeader: false, nestedRows: false, withCheckbox: true, showMenu: false, headCellTooltip: false, separator: false
 (2ms)
    ✓ 
  data: [{"name":"Zara"},{"name":"Sara"}], schema: [{"name":"name","displayName":"Name","filters":[{"label":"A-G","value":"a-g"},{"label":"H-R","value":"h-r"},{"label":"S-Z","value":"s-z"}]}], loading: false, error: false, errorType: "errorType", onSearch: "[Function]", showHead: false, type: "resource", size: "standard", draggable: true, withHeader: false, nestedRows: false, withCheckbox: false, showMenu: true, headCellTooltip: true, separator: true
 (1ms)
    ✓ 
  data: [{"name":"Zara"},{"name":"Sara"}], schema: [{"name":"name","displayName":"Name","filters":[{"label":"A-G","value":"a-g"},{"label":"H-R","value":"h-r"},{"label":"S-Z","value":"s-z"}]}], loading: false, error: false, errorType: "errorType", onSearch: "[Function]", showHead: false, type: "resource", size: "standard", draggable: true, withHeader: false, nestedRows: false, withCheckbox: false, showMenu: true, headCellTooltip: true, separator: false
 (2ms)
    ✓ 
  data: [{"name":"Zara"},{"name":"Sara"}], schema: [{"name":"name","displayName":"Name","filters":[{"label":"A-G","value":"a-g"},{"label":"H-R","value":"h-r"},{"label":"S-Z","value":"s-z"}]}], loading: false, error: false, errorType: "errorType", onSearch: "[Function]", showHead: false, type: "resource", size: "standard", draggable: true, withHeader: false, nestedRows: false, withCheckbox: false, showMenu: true, headCellTooltip: false, separator: true
 (3ms)
    ✓ 
  data: [{"name":"Zara"},{"name":"Sara"}], schema: [{"name":"name","displayName":"Name","filters":[{"label":"A-G","value":"a-g"},{"label":"H-R","value":"h-r"},{"label":"S-Z","value":"s-z"}]}], loading: false, error: false, errorType: "errorType", onSearch: "[Function]", showHead: false, type: "resource", size: "standard", draggable: true, withHeader: false, nestedRows: false, withCheckbox: false, showMenu: true, headCellTooltip: false, separator: false
 (3ms)
    ✓ 
  data: [{"name":"Zara"},{"name":"Sara"}], schema: [{"name":"name","displayName":"Name","filters":[{"label":"A-G","value":"a-g"},{"label":"H-R","value":"h-r"},{"label":"S-Z","value":"s-z"}]}], loading: false, error: false, errorType: "errorType", onSearch: "[Function]", showHead: false, type: "resource", size: "standard", draggable: true, withHeader: false, nestedRows: false, withCheckbox: false, showMenu: false, headCellTooltip: true, separator: true
 (5ms)
    ✓ 
  data: [{"name":"Zara"},{"name":"Sara"}], schema: [{"name":"name","displayName":"Name","filters":[{"label":"A-G","value":"a-g"},{"label":"H-R","value":"h-r"},{"label":"S-Z","value":"s-z"}]}], loading: false, error: false, errorType: "errorType", onSearch: "[Function]", showHead: false, type: "resource", size: "standard", draggable: true, withHeader: false, nestedRows: false, withCheckbox: false, showMenu: false, headCellTooltip: true, separator: false
 (4ms)
    ✓ 
  data: [{"name":"Zara"},{"name":"Sara"}], schema: [{"name":"name","displayName":"Name","filters":[{"label":"A-G","value":"a-g"},{"label":"H-R","value":"h-r"},{"label":"S-Z","value":"s-z"}]}], loading: false, error: false, errorType: "errorType", onSearch: "[Function]", showHead: false, type: "resource", size: "standard", draggable: true, withHeader: false, nestedRows: false, withCheckbox: false, showMenu: false, headCellTooltip: false, separator: true
 (2ms)
    ✓ 
  data: [{"name":"Zara"},{"name":"Sara"}], schema: [{"name":"name","displayName":"Name","filters":[{"label":"A-G","value":"a-g"},{"label":"H-R","value":"h-r"},{"label":"S-Z","value":"s-z"}]}], loading: false, error: false, errorType: "errorType", onSearch: "[Function]", showHead: false, type: "resource", size: "standard", draggable: true, withHeader: false, nestedRows: false, withCheckbox: false, showMenu: false, headCellTooltip: false, separator: false
 (2ms)
    ✓ 
  data: [{"name":"Zara"},{"name":"Sara"}], schema: [{"name":"name","displayName":"Name","filters":[{"label":"A-G","value":"a-g"},{"label":"H-R","value":"h-r"},{"label":"S-Z","value":"s-z"}]}], loading: false, error: false, errorType: "errorType", onSearch: "[Function]", showHead: false, type: "resource", size: "standard", draggable: false, withHeader: true, nestedRows: true, withCheckbox: true, showMenu: true, headCellTooltip: true, separator: true
 (8ms)
    ✓ 
  data: [{"name":"Zara"},{"name":"Sara"}], schema: [{"name":"name","displayName":"Name","filters":[{"label":"A-G","value":"a-g"},{"label":"H-R","value":"h-r"},{"label":"S-Z","value":"s-z"}]}], loading: false, error: false, errorType: "errorType", onSearch: "[Function]", showHead: false, type: "resource", size: "standard", draggable: false, withHeader: true, nestedRows: true, withCheckbox: true, showMenu: true, headCellTooltip: true, separator: false
 (4ms)
    ✓ 
  data: [{"name":"Zara"},{"name":"Sara"}], schema: [{"name":"name","displayName":"Name","filters":[{"label":"A-G","value":"a-g"},{"label":"H-R","value":"h-r"},{"label":"S-Z","value":"s-z"}]}], loading: false, error: false, errorType: "errorType", onSearch: "[Function]", showHead: false, type: "resource", size: "standard", draggable: false, withHeader: true, nestedRows: true, withCheckbox: true, showMenu: true, headCellTooltip: false, separator: true
 (4ms)
    ✓ 
  data: [{"name":"Zara"},{"name":"Sara"}], schema: [{"name":"name","displayName":"Name","filters":[{"label":"A-G","value":"a-g"},{"label":"H-R","value":"h-r"},{"label":"S-Z","value":"s-z"}]}], loading: false, error: false, errorType: "errorType", onSearch: "[Function]", showHead: false, type: "resource", size: "standard", draggable: false, withHeader: true, nestedRows: true, withCheckbox: true, showMenu: true, headCellTooltip: false, separator: false
 (4ms)
    ✓ 
  data: [{"name":"Zara"},{"name":"Sara"}], schema: [{"name":"name","displayName":"Name","filters":[{"label":"A-G","value":"a-g"},{"label":"H-R","value":"h-r"},{"label":"S-Z","value":"s-z"}]}], loading: false, error: false, errorType: "errorType", onSearch: "[Function]", showHead: false, type: "resource", size: "standard", draggable: false, withHeader: true, nestedRows: true, withCheckbox: true, showMenu: false, headCellTooltip: true, separator: true
 (3ms)
    ✓ 
  data: [{"name":"Zara"},{"name":"Sara"}], schema: [{"name":"name","displayName":"Name","filters":[{"label":"A-G","value":"a-g"},{"label":"H-R","value":"h-r"},{"label":"S-Z","value":"s-z"}]}], loading: false, error: false, errorType: "errorType", onSearch: "[Function]", showHead: false, type: "resource", size: "standard", draggable: false, withHeader: true, nestedRows: true, withCheckbox: true, showMenu: false, headCellTooltip: true, separator: false
 (3ms)
    ✓ 
  data: [{"name":"Zara"},{"name":"Sara"}], schema: [{"name":"name","displayName":"Name","filters":[{"label":"A-G","value":"a-g"},{"label":"H-R","value":"h-r"},{"label":"S-Z","value":"s-z"}]}], loading: false, error: false, errorType: "errorType", onSearch: "[Function]", showHead: false, type: "resource", size: "standard", draggable: false, withHeader: true, nestedRows: true, withCheckbox: true, showMenu: false, headCellTooltip: false, separator: true
 (6ms)
    ✓ 
  data: [{"name":"Zara"},{"name":"Sara"}], schema: [{"name":"name","displayName":"Name","filters":[{"label":"A-G","value":"a-g"},{"label":"H-R","value":"h-r"},{"label":"S-Z","value":"s-z"}]}], loading: false, error: false, errorType: "errorType", onSearch: "[Function]", showHead: false, type: "resource", size: "standard", draggable: false, withHeader: true, nestedRows: true, withCheckbox: true, showMenu: false, headCellTooltip: false, separator: false
 (4ms)
    ✓ 
  data: [{"name":"Zara"},{"name":"Sara"}], schema: [{"name":"name","displayName":"Name","filters":[{"label":"A-G","value":"a-g"},{"label":"H-R","value":"h-r"},{"label":"S-Z","value":"s-z"}]}], loading: false, error: false, errorType: "errorType", onSearch: "[Function]", showHead: false, type: "resource", size: "standard", draggable: false, withHeader: true, nestedRows: true, withCheckbox: false, showMenu: true, headCellTooltip: true, separator: true
 (2ms)
    ✓ 
  data: [{"name":"Zara"},{"name":"Sara"}], schema: [{"name":"name","displayName":"Name","filters":[{"label":"A-G","value":"a-g"},{"label":"H-R","value":"h-r"},{"label":"S-Z","value":"s-z"}]}], loading: false, error: false, errorType: "errorType", onSearch: "[Function]", showHead: false, type: "resource", size: "standard", draggable: false, withHeader: true, nestedRows: true, withCheckbox: false, showMenu: true, headCellTooltip: true, separator: false
 (3ms)
    ✓ 
  data: [{"name":"Zara"},{"name":"Sara"}], schema: [{"name":"name","displayName":"Name","filters":[{"label":"A-G","value":"a-g"},{"label":"H-R","value":"h-r"},{"label":"S-Z","value":"s-z"}]}], loading: false, error: false, errorType: "errorType", onSearch: "[Function]", showHead: false, type: "resource", size: "standard", draggable: false, withHeader: true, nestedRows: true, withCheckbox: false, showMenu: true, headCellTooltip: false, separator: true
 (2ms)
    ✓ 
  data: [{"name":"Zara"},{"name":"Sara"}], schema: [{"name":"name","displayName":"Name","filters":[{"label":"A-G","value":"a-g"},{"label":"H-R","value":"h-r"},{"label":"S-Z","value":"s-z"}]}], loading: false, error: false, errorType: "errorType", onSearch: "[Function]", showHead: false, type: "resource", size: "standard", draggable: false, withHeader: true, nestedRows: true, withCheckbox: false, showMenu: true, headCellTooltip: false, separator: false
 (3ms)
    ✓ 
  data: [{"name":"Zara"},{"name":"Sara"}], schema: [{"name":"name","displayName":"Name","filters":[{"label":"A-G","value":"a-g"},{"label":"H-R","value":"h-r"},{"label":"S-Z","value":"s-z"}]}], loading: false, error: false, errorType: "errorType", onSearch: "[Function]", showHead: false, type: "resource", size: "standard", draggable: false, withHeader: true, nestedRows: true, withCheckbox: false, showMenu: false, headCellTooltip: true, separator: true
 (4ms)
    ✓ 
  data: [{"name":"Zara"},{"name":"Sara"}], schema: [{"name":"name","displayName":"Name","filters":[{"label":"A-G","value":"a-g"},{"label":"H-R","value":"h-r"},{"label":"S-Z","value":"s-z"}]}], loading: false, error: false, errorType: "errorType", onSearch: "[Function]", showHead: false, type: "resource", size: "standard", draggable: false, withHeader: true, nestedRows: true, withCheckbox: false, showMenu: false, headCellTooltip: true, separator: false
 (3ms)
    ✓ 
  data: [{"name":"Zara"},{"name":"Sara"}], schema: [{"name":"name","displayName":"Name","filters":[{"label":"A-G","value":"a-g"},{"label":"H-R","value":"h-r"},{"label":"S-Z","value":"s-z"}]}], loading: false, error: false, errorType: "errorType", onSearch: "[Function]", showHead: false, type: "resource", size: "standard", draggable: false, withHeader: true, nestedRows: true, withCheckbox: false, showMenu: false, headCellTooltip: false, separator: true
 (6ms)
    ✓ 
  data: [{"name":"Zara"},{"name":"Sara"}], schema: [{"name":"name","displayName":"Name","filters":[{"label":"A-G","value":"a-g"},{"label":"H-R","value":"h-r"},{"label":"S-Z","value":"s-z"}]}], loading: false, error: false, errorType: "errorType", onSearch: "[Function]", showHead: false, type: "resource", size: "standard", draggable: false, withHeader: true, nestedRows: true, withCheckbox: false, showMenu: false, headCellTooltip: false, separator: false
 (3ms)
    ✓ 
  data: [{"name":"Zara"},{"name":"Sara"}], schema: [{"name":"name","displayName":"Name","filters":[{"label":"A-G","value":"a-g"},{"label":"H-R","value":"h-r"},{"label":"S-Z","value":"s-z"}]}], loading: false, error: false, errorType: "errorType", onSearch: "[Function]", showHead: false, type: "resource", size: "standard", draggable: false, withHeader: true, nestedRows: false, withCheckbox: true, showMenu: true, headCellTooltip: true, separator: true
 (5ms)
    ✓ 
  data: [{"name":"Zara"},{"name":"Sara"}], schema: [{"name":"name","displayName":"Name","filters":[{"label":"A-G","value":"a-g"},{"label":"H-R","value":"h-r"},{"label":"S-Z","value":"s-z"}]}], loading: false, error: false, errorType: "errorType", onSearch: "[Function]", showHead: false, type: "resource", size: "standard", draggable: false, withHeader: true, nestedRows: false, withCheckbox: true, showMenu: true, headCellTooltip: true, separator: false
 (6ms)
    ✓ 
  data: [{"name":"Zara"},{"name":"Sara"}], schema: [{"name":"name","displayName":"Name","filters":[{"label":"A-G","value":"a-g"},{"label":"H-R","value":"h-r"},{"label":"S-Z","value":"s-z"}]}], loading: false, error: false, errorType: "errorType", onSearch: "[Function]", showHead: false, type: "resource", size: "standard", draggable: false, withHeader: true, nestedRows: false, withCheckbox: true, showMenu: true, headCellTooltip: false, separator: true
 (5ms)
    ✓ 
  data: [{"name":"Zara"},{"name":"Sara"}], schema: [{"name":"name","displayName":"Name","filters":[{"label":"A-G","value":"a-g"},{"label":"H-R","value":"h-r"},{"label":"S-Z","value":"s-z"}]}], loading: false, error: false, errorType: "errorType", onSearch: "[Function]", showHead: false, type: "resource", size: "standard", draggable: false, withHeader: true, nestedRows: false, withCheckbox: true, showMenu: true, headCellTooltip: false, separator: false
 (8ms)
    ✓ 
  data: [{"name":"Zara"},{"name":"Sara"}], schema: [{"name":"name","displayName":"Name","filters":[{"label":"A-G","value":"a-g"},{"label":"H-R","value":"h-r"},{"label":"S-Z","value":"s-z"}]}], loading: false, error: false, errorType: "errorType", onSearch: "[Function]", showHead: false, type: "resource", size: "standard", draggable: false, withHeader: true, nestedRows: false, withCheckbox: true, showMenu: false, headCellTooltip: true, separator: true
 (7ms)
    ✓ 
  data: [{"name":"Zara"},{"name":"Sara"}], schema: [{"name":"name","displayName":"Name","filters":[{"label":"A-G","value":"a-g"},{"label":"H-R","value":"h-r"},{"label":"S-Z","value":"s-z"}]}], loading: false, error: false, errorType: "errorType", onSearch: "[Function]", showHead: false, type: "resource", size: "standard", draggable: false, withHeader: true, nestedRows: false, withCheckbox: true, showMenu: false, headCellTooltip: true, separator: false
 (13ms)
    ✓ 
  data: [{"name":"Zara"},{"name":"Sara"}], schema: [{"name":"name","displayName":"Name","filters":[{"label":"A-G","value":"a-g"},{"label":"H-R","value":"h-r"},{"label":"S-Z","value":"s-z"}]}], loading: false, error: false, errorType: "errorType", onSearch: "[Function]", showHead: false, type: "resource", size: "standard", draggable: false, withHeader: true, nestedRows: false, withCheckbox: true, showMenu: false, headCellTooltip: false, separator: true
 (7ms)
    ✓ 
  data: [{"name":"Zara"},{"name":"Sara"}], schema: [{"name":"name","displayName":"Name","filters":[{"label":"A-G","value":"a-g"},{"label":"H-R","value":"h-r"},{"label":"S-Z","value":"s-z"}]}], loading: false, error: false, errorType: "errorType", onSearch: "[Function]", showHead: false, type: "resource", size: "standard", draggable: false, withHeader: true, nestedRows: false, withCheckbox: true, showMenu: false, headCellTooltip: false, separator: false
 (6ms)
    ✓ 
  data: [{"name":"Zara"},{"name":"Sara"}], schema: [{"name":"name","displayName":"Name","filters":[{"label":"A-G","value":"a-g"},{"label":"H-R","value":"h-r"},{"label":"S-Z","value":"s-z"}]}], loading: false, error: false, errorType: "errorType", onSearch: "[Function]", showHead: false, type: "resource", size: "standard", draggable: false, withHeader: true, nestedRows: false, withCheckbox: false, showMenu: true, headCellTooltip: true, separator: true
 (5ms)
    ✓ 
  data: [{"name":"Zara"},{"name":"Sara"}], schema: [{"name":"name","displayName":"Name","filters":[{"label":"A-G","value":"a-g"},{"label":"H-R","value":"h-r"},{"label":"S-Z","value":"s-z"}]}], loading: false, error: false, errorType: "errorType", onSearch: "[Function]", showHead: false, type: "resource", size: "standard", draggable: false, withHeader: true, nestedRows: false, withCheckbox: false, showMenu: true, headCellTooltip: true, separator: false
 (5ms)
    ✓ 
  data: [{"name":"Zara"},{"name":"Sara"}], schema: [{"name":"name","displayName":"Name","filters":[{"label":"A-G","value":"a-g"},{"label":"H-R","value":"h-r"},{"label":"S-Z","value":"s-z"}]}], loading: false, error: false, errorType: "errorType", onSearch: "[Function]", showHead: false, type: "resource", size: "standard", draggable: false, withHeader: true, nestedRows: false, withCheckbox: false, showMenu: true, headCellTooltip: false, separator: true
 (6ms)
    ✓ 
  data: [{"name":"Zara"},{"name":"Sara"}], schema: [{"name":"name","displayName":"Name","filters":[{"label":"A-G","value":"a-g"},{"label":"H-R","value":"h-r"},{"label":"S-Z","value":"s-z"}]}], loading: false, error: false, errorType: "errorType", onSearch: "[Function]", showHead: false, type: "resource", size: "standard", draggable: false, withHeader: true, nestedRows: false, withCheckbox: false, showMenu: true, headCellTooltip: false, separator: false
 (6ms)
    ✓ 
  data: [{"name":"Zara"},{"name":"Sara"}], schema: [{"name":"name","displayName":"Name","filters":[{"label":"A-G","value":"a-g"},{"label":"H-R","value":"h-r"},{"label":"S-Z","value":"s-z"}]}], loading: false, error: false, errorType: "errorType", onSearch: "[Function]", showHead: false, type: "resource", size: "standard", draggable: false, withHeader: true, nestedRows: false, withCheckbox: false, showMenu: false, headCellTooltip: true, separator: true
 (11ms)
    ✓ 
  data: [{"name":"Zara"},{"name":"Sara"}], schema: [{"name":"name","displayName":"Name","filters":[{"label":"A-G","value":"a-g"},{"label":"H-R","value":"h-r"},{"label":"S-Z","value":"s-z"}]}], loading: false, error: false, errorType: "errorType", onSearch: "[Function]", showHead: false, type: "resource", size: "standard", draggable: false, withHeader: true, nestedRows: false, withCheckbox: false, showMenu: false, headCellTooltip: true, separator: false
 (7ms)
    ✓ 
  data: [{"name":"Zara"},{"name":"Sara"}], schema: [{"name":"name","displayName":"Name","filters":[{"label":"A-G","value":"a-g"},{"label":"H-R","value":"h-r"},{"label":"S-Z","value":"s-z"}]}], loading: false, error: false, errorType: "errorType", onSearch: "[Function]", showHead: false, type: "resource", size: "standard", draggable: false, withHeader: true, nestedRows: false, withCheckbox: false, showMenu: false, headCellTooltip: false, separator: true
 (7ms)
    ✓ 
  data: [{"name":"Zara"},{"name":"Sara"}], schema: [{"name":"name","displayName":"Name","filters":[{"label":"A-G","value":"a-g"},{"label":"H-R","value":"h-r"},{"label":"S-Z","value":"s-z"}]}], loading: false, error: false, errorType: "errorType", onSearch: "[Function]", showHead: false, type: "resource", size: "standard", draggable: false, withHeader: true, nestedRows: false, withCheckbox: false, showMenu: false, headCellTooltip: false, separator: false
 (5ms)
    ✓ 
  data: [{"name":"Zara"},{"name":"Sara"}], schema: [{"name":"name","displayName":"Name","filters":[{"label":"A-G","value":"a-g"},{"label":"H-R","value":"h-r"},{"label":"S-Z","value":"s-z"}]}], loading: false, error: false, errorType: "errorType", onSearch: "[Function]", showHead: false, type: "resource", size: "standard", draggable: false, withHeader: false, nestedRows: true, withCheckbox: true, showMenu: true, headCellTooltip: true, separator: true
 (5ms)
    ✓ 
  data: [{"name":"Zara"},{"name":"Sara"}], schema: [{"name":"name","displayName":"Name","filters":[{"label":"A-G","value":"a-g"},{"label":"H-R","value":"h-r"},{"label":"S-Z","value":"s-z"}]}], loading: false, error: false, errorType: "errorType", onSearch: "[Function]", showHead: false, type: "resource", size: "standard", draggable: false, withHeader: false, nestedRows: true, withCheckbox: true, showMenu: true, headCellTooltip: true, separator: false
 (5ms)
    ✓ 
  data: [{"name":"Zara"},{"name":"Sara"}], schema: [{"name":"name","displayName":"Name","filters":[{"label":"A-G","value":"a-g"},{"label":"H-R","value":"h-r"},{"label":"S-Z","value":"s-z"}]}], loading: false, error: false, errorType: "errorType", onSearch: "[Function]", showHead: false, type: "resource", size: "standard", draggable: false, withHeader: false, nestedRows: true, withCheckbox: true, showMenu: true, headCellTooltip: false, separator: true
 (4ms)
    ✓ 
  data: [{"name":"Zara"},{"name":"Sara"}], schema: [{"name":"name","displayName":"Name","filters":[{"label":"A-G","value":"a-g"},{"label":"H-R","value":"h-r"},{"label":"S-Z","value":"s-z"}]}], loading: false, error: false, errorType: "errorType", onSearch: "[Function]", showHead: false, type: "resource", size: "standard", draggable: false, withHeader: false, nestedRows: true, withCheckbox: true, showMenu: true, headCellTooltip: false, separator: false
 (5ms)
    ✓ 
  data: [{"name":"Zara"},{"name":"Sara"}], schema: [{"name":"name","displayName":"Name","filters":[{"label":"A-G","value":"a-g"},{"label":"H-R","value":"h-r"},{"label":"S-Z","value":"s-z"}]}], loading: false, error: false, errorType: "errorType", onSearch: "[Function]", showHead: false, type: "resource", size: "standard", draggable: false, withHeader: false, nestedRows: true, withCheckbox: true, showMenu: false, headCellTooltip: true, separator: true
 (5ms)
    ✓ 
  data: [{"name":"Zara"},{"name":"Sara"}], schema: [{"name":"name","displayName":"Name","filters":[{"label":"A-G","value":"a-g"},{"label":"H-R","value":"h-r"},{"label":"S-Z","value":"s-z"}]}], loading: false, error: false, errorType: "errorType", onSearch: "[Function]", showHead: false, type: "resource", size: "standard", draggable: false, withHeader: false, nestedRows: true, withCheckbox: true, showMenu: false, headCellTooltip: true, separator: false
 (9ms)
    ✓ 
  data: [{"name":"Zara"},{"name":"Sara"}], schema: [{"name":"name","displayName":"Name","filters":[{"label":"A-G","value":"a-g"},{"label":"H-R","value":"h-r"},{"label":"S-Z","value":"s-z"}]}], loading: false, error: false, errorType: "errorType", onSearch: "[Function]", showHead: false, type: "resource", size: "standard", draggable: false, withHeader: false, nestedRows: true, withCheckbox: true, showMenu: false, headCellTooltip: false, separator: true
 (6ms)
    ✓ 
  data: [{"name":"Zara"},{"name":"Sara"}], schema: [{"name":"name","displayName":"Name","filters":[{"label":"A-G","value":"a-g"},{"label":"H-R","value":"h-r"},{"label":"S-Z","value":"s-z"}]}], loading: false, error: false, errorType: "errorType", onSearch: "[Function]", showHead: false, type: "resource", size: "standard", draggable: false, withHeader: false, nestedRows: true, withCheckbox: true, showMenu: false, headCellTooltip: false, separator: false
 (7ms)
    ✓ 
  data: [{"name":"Zara"},{"name":"Sara"}], schema: [{"name":"name","displayName":"Name","filters":[{"label":"A-G","value":"a-g"},{"label":"H-R","value":"h-r"},{"label":"S-Z","value":"s-z"}]}], loading: false, error: false, errorType: "errorType", onSearch: "[Function]", showHead: false, type: "resource", size: "standard", draggable: false, withHeader: false, nestedRows: true, withCheckbox: false, showMenu: true, headCellTooltip: true, separator: true
 (5ms)
    ✓ 
  data: [{"name":"Zara"},{"name":"Sara"}], schema: [{"name":"name","displayName":"Name","filters":[{"label":"A-G","value":"a-g"},{"label":"H-R","value":"h-r"},{"label":"S-Z","value":"s-z"}]}], loading: false, error: false, errorType: "errorType", onSearch: "[Function]", showHead: false, type: "resource", size: "standard", draggable: false, withHeader: false, nestedRows: true, withCheckbox: false, showMenu: true, headCellTooltip: true, separator: false
 (4ms)
    ✓ 
  data: [{"name":"Zara"},{"name":"Sara"}], schema: [{"name":"name","displayName":"Name","filters":[{"label":"A-G","value":"a-g"},{"label":"H-R","value":"h-r"},{"label":"S-Z","value":"s-z"}]}], loading: false, error: false, errorType: "errorType", onSearch: "[Function]", showHead: false, type: "resource", size: "standard", draggable: false, withHeader: false, nestedRows: true, withCheckbox: false, showMenu: true, headCellTooltip: false, separator: true
 (4ms)
    ✓ 
  data: [{"name":"Zara"},{"name":"Sara"}], schema: [{"name":"name","displayName":"Name","filters":[{"label":"A-G","value":"a-g"},{"label":"H-R","value":"h-r"},{"label":"S-Z","value":"s-z"}]}], loading: false, error: false, errorType: "errorType", onSearch: "[Function]", showHead: false, type: "resource", size: "standard", draggable: false, withHeader: false, nestedRows: true, withCheckbox: false, showMenu: true, headCellTooltip: false, separator: false
 (4ms)
    ✓ 
  data: [{"name":"Zara"},{"name":"Sara"}], schema: [{"name":"name","displayName":"Name","filters":[{"label":"A-G","value":"a-g"},{"label":"H-R","value":"h-r"},{"label":"S-Z","value":"s-z"}]}], loading: false, error: false, errorType: "errorType", onSearch: "[Function]", showHead: false, type: "resource", size: "standard", draggable: false, withHeader: false, nestedRows: true, withCheckbox: false, showMenu: false, headCellTooltip: true, separator: true
 (4ms)
    ✓ 
  data: [{"name":"Zara"},{"name":"Sara"}], schema: [{"name":"name","displayName":"Name","filters":[{"label":"A-G","value":"a-g"},{"label":"H-R","value":"h-r"},{"label":"S-Z","value":"s-z"}]}], loading: false, error: false, errorType: "errorType", onSearch: "[Function]", showHead: false, type: "resource", size: "standard", draggable: false, withHeader: false, nestedRows: true, withCheckbox: false, showMenu: false, headCellTooltip: true, separator: false
 (3ms)
    ✓ 
  data: [{"name":"Zara"},{"name":"Sara"}], schema: [{"name":"name","displayName":"Name","filters":[{"label":"A-G","value":"a-g"},{"label":"H-R","value":"h-r"},{"label":"S-Z","value":"s-z"}]}], loading: false, error: false, errorType: "errorType", onSearch: "[Function]", showHead: false, type: "resource", size: "standard", draggable: false, withHeader: false, nestedRows: true, withCheckbox: false, showMenu: false, headCellTooltip: false, separator: true
 (3ms)
    ✓ 
  data: [{"name":"Zara"},{"name":"Sara"}], schema: [{"name":"name","displayName":"Name","filters":[{"label":"A-G","value":"a-g"},{"label":"H-R","value":"h-r"},{"label":"S-Z","value":"s-z"}]}], loading: false, error: false, errorType: "errorType", onSearch: "[Function]", showHead: false, type: "resource", size: "standard", draggable: false, withHeader: false, nestedRows: true, withCheckbox: false, showMenu: false, headCellTooltip: false, separator: false
 (4ms)
    ✓ 
  data: [{"name":"Zara"},{"name":"Sara"}], schema: [{"name":"name","displayName":"Name","filters":[{"label":"A-G","value":"a-g"},{"label":"H-R","value":"h-r"},{"label":"S-Z","value":"s-z"}]}], loading: false, error: false, errorType: "errorType", onSearch: "[Function]", showHead: false, type: "resource", size: "standard", draggable: false, withHeader: false, nestedRows: false, withCheckbox: true, showMenu: true, headCellTooltip: true, separator: true
 (5ms)
    ✓ 
  data: [{"name":"Zara"},{"name":"Sara"}], schema: [{"name":"name","displayName":"Name","filters":[{"label":"A-G","value":"a-g"},{"label":"H-R","value":"h-r"},{"label":"S-Z","value":"s-z"}]}], loading: false, error: false, errorType: "errorType", onSearch: "[Function]", showHead: false, type: "resource", size: "standard", draggable: false, withHeader: false, nestedRows: false, withCheckbox: true, showMenu: true, headCellTooltip: true, separator: false
 (7ms)
    ✓ 
  data: [{"name":"Zara"},{"name":"Sara"}], schema: [{"name":"name","displayName":"Name","filters":[{"label":"A-G","value":"a-g"},{"label":"H-R","value":"h-r"},{"label":"S-Z","value":"s-z"}]}], loading: false, error: false, errorType: "errorType", onSearch: "[Function]", showHead: false, type: "resource", size: "standard", draggable: false, withHeader: false, nestedRows: false, withCheckbox: true, showMenu: true, headCellTooltip: false, separator: true
 (5ms)
    ✓ 
  data: [{"name":"Zara"},{"name":"Sara"}], schema: [{"name":"name","displayName":"Name","filters":[{"label":"A-G","value":"a-g"},{"label":"H-R","value":"h-r"},{"label":"S-Z","value":"s-z"}]}], loading: false, error: false, errorType: "errorType", onSearch: "[Function]", showHead: false, type: "resource", size: "standard", draggable: false, withHeader: false, nestedRows: false, withCheckbox: true, showMenu: true, headCellTooltip: false, separator: false
 (4ms)
    ✓ 
  data: [{"name":"Zara"},{"name":"Sara"}], schema: [{"name":"name","displayName":"Name","filters":[{"label":"A-G","value":"a-g"},{"label":"H-R","value":"h-r"},{"label":"S-Z","value":"s-z"}]}], loading: false, error: false, errorType: "errorType", onSearch: "[Function]", showHead: false, type: "resource", size: "standard", draggable: false, withHeader: false, nestedRows: false, withCheckbox: true, showMenu: false, headCellTooltip: true, separator: true
 (3ms)
    ✓ 
  data: [{"name":"Zara"},{"name":"Sara"}], schema: [{"name":"name","displayName":"Name","filters":[{"label":"A-G","value":"a-g"},{"label":"H-R","value":"h-r"},{"label":"S-Z","value":"s-z"}]}], loading: false, error: false, errorType: "errorType", onSearch: "[Function]", showHead: false, type: "resource", size: "standard", draggable: false, withHeader: false, nestedRows: false, withCheckbox: true, showMenu: false, headCellTooltip: true, separator: false
 (3ms)
    ✓ 
  data: [{"name":"Zara"},{"name":"Sara"}], schema: [{"name":"name","displayName":"Name","filters":[{"label":"A-G","value":"a-g"},{"label":"H-R","value":"h-r"},{"label":"S-Z","value":"s-z"}]}], loading: false, error: false, errorType: "errorType", onSearch: "[Function]", showHead: false, type: "resource", size: "standard", draggable: false, withHeader: false, nestedRows: false, withCheckbox: true, showMenu: false, headCellTooltip: false, separator: true
 (4ms)
    ✓ 
  data: [{"name":"Zara"},{"name":"Sara"}], schema: [{"name":"name","displayName":"Name","filters":[{"label":"A-G","value":"a-g"},{"label":"H-R","value":"h-r"},{"label":"S-Z","value":"s-z"}]}], loading: false, error: false, errorType: "errorType", onSearch: "[Function]", showHead: false, type: "resource", size: "standard", draggable: false, withHeader: false, nestedRows: false, withCheckbox: true, showMenu: false, headCellTooltip: false, separator: false
 (4ms)
    ✓ 
  data: [{"name":"Zara"},{"name":"Sara"}], schema: [{"name":"name","displayName":"Name","filters":[{"label":"A-G","value":"a-g"},{"label":"H-R","value":"h-r"},{"label":"S-Z","value":"s-z"}]}], loading: false, error: false, errorType: "errorType", onSearch: "[Function]", showHead: false, type: "resource", size: "standard", draggable: false, withHeader: false, nestedRows: false, withCheckbox: false, showMenu: true, headCellTooltip: true, separator: true
 (4ms)
    ✓ 
  data: [{"name":"Zara"},{"name":"Sara"}], schema: [{"name":"name","displayName":"Name","filters":[{"label":"A-G","value":"a-g"},{"label":"H-R","value":"h-r"},{"label":"S-Z","value":"s-z"}]}], loading: false, error: false, errorType: "errorType", onSearch: "[Function]", showHead: false, type: "resource", size: "standard", draggable: false, withHeader: false, nestedRows: false, withCheckbox: false, showMenu: true, headCellTooltip: true, separator: false
 (3ms)
    ✓ 
  data: [{"name":"Zara"},{"name":"Sara"}], schema: [{"name":"name","displayName":"Name","filters":[{"label":"A-G","value":"a-g"},{"label":"H-R","value":"h-r"},{"label":"S-Z","value":"s-z"}]}], loading: false, error: false, errorType: "errorType", onSearch: "[Function]", showHead: false, type: "resource", size: "standard", draggable: false, withHeader: false, nestedRows: false, withCheckbox: false, showMenu: true, headCellTooltip: false, separator: true
 (4ms)
    ✓ 
  data: [{"name":"Zara"},{"name":"Sara"}], schema: [{"name":"name","displayName":"Name","filters":[{"label":"A-G","value":"a-g"},{"label":"H-R","value":"h-r"},{"label":"S-Z","value":"s-z"}]}], loading: false, error: false, errorType: "errorType", onSearch: "[Function]", showHead: false, type: "resource", size: "standard", draggable: false, withHeader: false, nestedRows: false, withCheckbox: false, showMenu: true, headCellTooltip: false, separator: false
 (3ms)
    ✓ 
  data: [{"name":"Zara"},{"name":"Sara"}], schema: [{"name":"name","displayName":"Name","filters":[{"label":"A-G","value":"a-g"},{"label":"H-R","value":"h-r"},{"label":"S-Z","value":"s-z"}]}], loading: false, error: false, errorType: "errorType", onSearch: "[Function]", showHead: false, type: "resource", size: "standard", draggable: false, withHeader: false, nestedRows: false, withCheckbox: false, showMenu: false, headCellTooltip: true, separator: true
 (6ms)
    ✓ 
  data: [{"name":"Zara"},{"name":"Sara"}], schema: [{"name":"name","displayName":"Name","filters":[{"label":"A-G","value":"a-g"},{"label":"H-R","value":"h-r"},{"label":"S-Z","value":"s-z"}]}], loading: false, error: false, errorType: "errorType", onSearch: "[Function]", showHead: false, type: "resource", size: "standard", draggable: false, withHeader: false, nestedRows: false, withCheckbox: false, showMenu: false, headCellTooltip: true, separator: false
 (3ms)
    ✓ 
  data: [{"name":"Zara"},{"name":"Sara"}], schema: [{"name":"name","displayName":"Name","filters":[{"label":"A-G","value":"a-g"},{"label":"H-R","value":"h-r"},{"label":"S-Z","value":"s-z"}]}], loading: false, error: false, errorType: "errorType", onSearch: "[Function]", showHead: false, type: "resource", size: "standard", draggable: false, withHeader: false, nestedRows: false, withCheckbox: false, showMenu: false, headCellTooltip: false, separator: true
 (4ms)
    ✓ 
  data: [{"name":"Zara"},{"name":"Sara"}], schema: [{"name":"name","displayName":"Name","filters":[{"label":"A-G","value":"a-g"},{"label":"H-R","value":"h-r"},{"label":"S-Z","value":"s-z"}]}], loading: false, error: false, errorType: "errorType", onSearch: "[Function]", showHead: false, type: "resource", size: "standard", draggable: false, withHeader: false, nestedRows: false, withCheckbox: false, showMenu: false, headCellTooltip: false, separator: false
 (4ms)
  Table component async
    ✓ 
  fetchData: "[Function]", type: "data", size: "compressed", draggable: true, withHeader: true, withPagination: true, page: 1, paginationType: "basic", pageSize: 10, loaderSchema: [{"name":"name","displayName":"Name","filters":[{"label":"A-G","value":"a-g"},{"label":"H-R","value":"h-r"},{"label":"S-Z","value":"s-z"}]}], multipleSorting: true, sortingList: [], searchDebounceDuration: 100, onRowClick: "[Function]", onPageChange: "[Function]"
 (22ms)
    ✓ 
  fetchData: "[Function]", type: "data", size: "compressed", draggable: true, withHeader: true, withPagination: true, page: 1, paginationType: "basic", pageSize: 10, loaderSchema: [{"name":"name","displayName":"Name","filters":[{"label":"A-G","value":"a-g"},{"label":"H-R","value":"h-r"},{"label":"S-Z","value":"s-z"}]}], multipleSorting: false, sortingList: [], searchDebounceDuration: 100, onRowClick: "[Function]", onPageChange: "[Function]"
 (23ms)
    ✓ 
  fetchData: "[Function]", type: "data", size: "compressed", draggable: true, withHeader: true, withPagination: false, page: 1, paginationType: "basic", pageSize: 10, loaderSchema: [{"name":"name","displayName":"Name","filters":[{"label":"A-G","value":"a-g"},{"label":"H-R","value":"h-r"},{"label":"S-Z","value":"s-z"}]}], multipleSorting: true, sortingList: [], searchDebounceDuration: 100, onRowClick: "[Function]", onPageChange: "[Function]"
 (18ms)
    ✓ 
  fetchData: "[Function]", type: "data", size: "compressed", draggable: true, withHeader: true, withPagination: false, page: 1, paginationType: "basic", pageSize: 10, loaderSchema: [{"name":"name","displayName":"Name","filters":[{"label":"A-G","value":"a-g"},{"label":"H-R","value":"h-r"},{"label":"S-Z","value":"s-z"}]}], multipleSorting: false, sortingList: [], searchDebounceDuration: 100, onRowClick: "[Function]", onPageChange: "[Function]"
 (16ms)
    ✓ 
  fetchData: "[Function]", type: "data", size: "compressed", draggable: true, withHeader: false, withPagination: true, page: 1, paginationType: "basic", pageSize: 10, loaderSchema: [{"name":"name","displayName":"Name","filters":[{"label":"A-G","value":"a-g"},{"label":"H-R","value":"h-r"},{"label":"S-Z","value":"s-z"}]}], multipleSorting: true, sortingList: [], searchDebounceDuration: 100, onRowClick: "[Function]", onPageChange: "[Function]"
 (18ms)
    ✓ 
  fetchData: "[Function]", type: "data", size: "compressed", draggable: true, withHeader: false, withPagination: true, page: 1, paginationType: "basic", pageSize: 10, loaderSchema: [{"name":"name","displayName":"Name","filters":[{"label":"A-G","value":"a-g"},{"label":"H-R","value":"h-r"},{"label":"S-Z","value":"s-z"}]}], multipleSorting: false, sortingList: [], searchDebounceDuration: 100, onRowClick: "[Function]", onPageChange: "[Function]"
 (14ms)
    ✓ 
  fetchData: "[Function]", type: "data", size: "compressed", draggable: true, withHeader: false, withPagination: false, page: 1, paginationType: "basic", pageSize: 10, loaderSchema: [{"name":"name","displayName":"Name","filters":[{"label":"A-G","value":"a-g"},{"label":"H-R","value":"h-r"},{"label":"S-Z","value":"s-z"}]}], multipleSorting: true, sortingList: [], searchDebounceDuration: 100, onRowClick: "[Function]", onPageChange: "[Function]"
 (14ms)
    ✓ 
  fetchData: "[Function]", type: "data", size: "compressed", draggable: true, withHeader: false, withPagination: false, page: 1, paginationType: "basic", pageSize: 10, loaderSchema: [{"name":"name","displayName":"Name","filters":[{"label":"A-G","value":"a-g"},{"label":"H-R","value":"h-r"},{"label":"S-Z","value":"s-z"}]}], multipleSorting: false, sortingList: [], searchDebounceDuration: 100, onRowClick: "[Function]", onPageChange: "[Function]"
 (24ms)
    ✓ 
  fetchData: "[Function]", type: "data", size: "compressed", draggable: false, withHeader: true, withPagination: true, page: 1, paginationType: "basic", pageSize: 10, loaderSchema: [{"name":"name","displayName":"Name","filters":[{"label":"A-G","value":"a-g"},{"label":"H-R","value":"h-r"},{"label":"S-Z","value":"s-z"}]}], multipleSorting: true, sortingList: [], searchDebounceDuration: 100, onRowClick: "[Function]", onPageChange: "[Function]"
 (14ms)
    ✓ 
  fetchData: "[Function]", type: "data", size: "compressed", draggable: false, withHeader: true, withPagination: true, page: 1, paginationType: "basic", pageSize: 10, loaderSchema: [{"name":"name","displayName":"Name","filters":[{"label":"A-G","value":"a-g"},{"label":"H-R","value":"h-r"},{"label":"S-Z","value":"s-z"}]}], multipleSorting: false, sortingList: [], searchDebounceDuration: 100, onRowClick: "[Function]", onPageChange: "[Function]"
 (22ms)
    ✓ 
  fetchData: "[Function]", type: "data", size: "compressed", draggable: false, withHeader: true, withPagination: false, page: 1, paginationType: "basic", pageSize: 10, loaderSchema: [{"name":"name","displayName":"Name","filters":[{"label":"A-G","value":"a-g"},{"label":"H-R","value":"h-r"},{"label":"S-Z","value":"s-z"}]}], multipleSorting: true, sortingList: [], searchDebounceDuration: 100, onRowClick: "[Function]", onPageChange: "[Function]"
 (34ms)
    ✓ 
  fetchData: "[Function]", type: "data", size: "compressed", draggable: false, withHeader: true, withPagination: false, page: 1, paginationType: "basic", pageSize: 10, loaderSchema: [{"name":"name","displayName":"Name","filters":[{"label":"A-G","value":"a-g"},{"label":"H-R","value":"h-r"},{"label":"S-Z","value":"s-z"}]}], multipleSorting: false, sortingList: [], searchDebounceDuration: 100, onRowClick: "[Function]", onPageChange: "[Function]"
 (25ms)
    ✓ 
  fetchData: "[Function]", type: "data", size: "compressed", draggable: false, withHeader: false, withPagination: true, page: 1, paginationType: "basic", pageSize: 10, loaderSchema: [{"name":"name","displayName":"Name","filters":[{"label":"A-G","value":"a-g"},{"label":"H-R","value":"h-r"},{"label":"S-Z","value":"s-z"}]}], multipleSorting: true, sortingList: [], searchDebounceDuration: 100, onRowClick: "[Function]", onPageChange: "[Function]"
 (18ms)
    ✓ 
  fetchData: "[Function]", type: "data", size: "compressed", draggable: false, withHeader: false, withPagination: true, page: 1, paginationType: "basic", pageSize: 10, loaderSchema: [{"name":"name","displayName":"Name","filters":[{"label":"A-G","value":"a-g"},{"label":"H-R","value":"h-r"},{"label":"S-Z","value":"s-z"}]}], multipleSorting: false, sortingList: [], searchDebounceDuration: 100, onRowClick: "[Function]", onPageChange: "[Function]"
 (18ms)
    ✓ 
  fetchData: "[Function]", type: "data", size: "compressed", draggable: false, withHeader: false, withPagination: false, page: 1, paginationType: "basic", pageSize: 10, loaderSchema: [{"name":"name","displayName":"Name","filters":[{"label":"A-G","value":"a-g"},{"label":"H-R","value":"h-r"},{"label":"S-Z","value":"s-z"}]}], multipleSorting: true, sortingList: [], searchDebounceDuration: 100, onRowClick: "[Function]", onPageChange: "[Function]"
 (18ms)
    ✓ 
  fetchData: "[Function]", type: "data", size: "compressed", draggable: false, withHeader: false, withPagination: false, page: 1, paginationType: "basic", pageSize: 10, loaderSchema: [{"name":"name","displayName":"Name","filters":[{"label":"A-G","value":"a-g"},{"label":"H-R","value":"h-r"},{"label":"S-Z","value":"s-z"}]}], multipleSorting: false, sortingList: [], searchDebounceDuration: 100, onRowClick: "[Function]", onPageChange: "[Function]"
 (12ms)
  render Table component
    ✓ render table (5ms)
    ✓ render table with className prop (3ms)
  render Table component with header
    ✓ called headerOptions with withSearch as true  (22ms)
    ✓ called headerOptions with filterPosition and filters  (164ms)
    ✓ render table with globalActionRenderer (25ms)
    ✓ render table with globalActionRenderer and withPagination true, trigger selectAll Button (40ms)
    ✓ render table with withHeader and withCheckbox and showHead false,trigger onSelectAll (16ms)
    ✓ render table with withHeader and withCheckbox and withPagination true, trigger selectAll Button (36ms)
  render Table component with DraggableDropdown
    ✓ render table : draggableDropDown Apply button is triggered (47ms)
    ✓ render table : draggableDropDown checkbox is changed (47ms)
    ✓ render table : drag drop is performed (51ms)
  render Table without headerOptions
    ✓ render Table: updateSortingList  (24ms)
    ✓ render Table: updateSchema  (62ms)
    ✓ render Table: call onSelectAll  (14ms)
    ✓ render Table: prop onselect  (15ms)
  render Table with pagination
    ✓ render Table: trigger page change  (14ms)
  render Table with async true
    ✓ render Table: fetchData with promise resolve  (6ms)
    ✓ render Table: fetchData with promise reject  (3ms)
  render Table with drag
    ✓ render Table: drag column (1ms)
  render Table with disabled row
    ✓ check css for disabled row  (11ms)
    ✓ check onSelect callback arguments when selectDisabledRow is false (14ms)
    ✓ check onSelect callback arguments when selectDisabledRow is true (19ms)
  render Table with selectAll Row option
    ✓ check custom label in header on row selection (19ms)
    ✓ check default label of button on row selection (17ms)
  render table with selection persistence
    ✓ check for table selection persistence across pages when uniqueColumnName is provided (19ms)
  render table with clear selection button
    ✓ check for clear selection button on selection (30ms)
  render table with persistent selection across search
    ✓ check for selection persistence on searching (31ms)
  render table with selection action renderer
    ✓ check for selection action trigger (23ms)
  render table with checkboxAlignment
    ✓ check for checkboxAlignment top (10ms)
    ✓ check for checkboxAlignment bottom (5ms)
  render table with verticalAlign
    ✓ check for grid cell alignment verticalAlign:top (8ms)
    ✓ check for grid cell alignment verticalAlign:bottom (8ms)
    ✓ check for prop:enableRowVirtualization (13ms)
  render table with highlightCell feature
    ✓ should highlight matched text in cells when search term is entered (18ms)
    ✓ should highlight matched text in multiple cells when search term matches multiple values (16ms)
    ✓ should not highlight text when search term does not match (25ms)
    ✓ should highlight text case-insensitively (14ms)
    ✓ should highlight text in cells with different cell types (13ms)
    ✓ should use custom highlight regex when provided (21ms)
    ✓ should not highlight text in cells where highlightCell is false (19ms)
    ✓ should clear highlights when search term is cleared (20ms)
  render Table with filterType feature
    singleSelect filterType
      ✓ should render FilterSelect without apply button for singleSelect (59ms)
      ✓ should render FilterSelect without checkboxes for singleSelect (59ms)
      ✓ should apply filter immediately on option click for singleSelect (87ms)
      ✓ should allow switching between different singleSelect options (162ms)
      ✓ should handle empty selection in singleSelect (135ms)
      ✓ should clear single-select trigger when filterList becomes empty (5ms)
    multiSelect filterType
      ✓ should render FilterSelect with apply button for multiSelect (53ms)
      ✓ should render FilterSelect with checkboxes for multiSelect (62ms)
      ✓ should not apply filter immediately on option click for multiSelect (66ms)
      ✓ should apply filter only after clicking apply button for multiSelect (89ms)
      ✓ should allow selecting multiple options for multiSelect (151ms)
      ✓ should handle empty multiSelect filter correctly (64ms)
    default filterType behavior
      ✓ should default to multiSelect behavior when filterType is not specified (50ms)
    Table FilterSelect component features
      FilterSelect with filterOptions
        ✓ should render FilterSelect with filterOptions configuration (13ms)
        ✓ should show count when selections exceed maxVisibleSelection (130ms)
        ✓ should apply minWidth of 176px when filterOptions.minWidth is less than 176px (50ms)
        ✓ should use provided minWidth when filterOptions.minWidth is greater than or equal to 176px (61ms)
        ✓ should apply maxWidth from filterOptions.maxWidth (58ms)
        ✓ should handle minWidth as number format (52ms)
        ✓ should default to 176px minWidth when filterOptions.minWidth is not provided (55ms)
      FilterSelect Cancel button behavior
        ✓ should reset selections when Cancel button is clicked (109ms)
        ✓ should disable Apply button when no changes are made (81ms)
      FilterSelect Select All functionality
        ✓ should select all options when Select All is clicked (104ms)
    mixed filterType scenario
      ✓ should handle mixed filterType columns correctly (182ms)
  render table with custom selection/unselection label renderers
    ✓ uses selectedLabelRenderer when rows are selected (28ms)
    ✓ uses unSelectedLabelRenderer when no rows are selected (17ms)
  render table with pagination and search behavior
    ✓ should hide pagination when user starts searching (44ms)
    ✓ should show pagination after search completes with multiple pages (134ms)
    ✓ should keep pagination visible during page navigation (23ms)
    ✓ should hide pagination when search term is cleared (54ms)
  render table with race condition prevention
    ✓ should process only the latest page request when multiple pages are clicked rapidly (1618ms)
    ✓ should handle async table pagination without race conditions (910ms)
  render table with pagination during loading
    ✓ should keep pagination visible and clickable during page loading (72ms)
    ✓ should hide pagination only during search, not during page loading (96ms)

  console.error node_modules/react-dom/cjs/react-dom.development.js:88
    Warning: React does not recognize the `helpText` prop on a DOM element. If you intentionally want it to appear in the DOM as a custom attribute, spell it as lowercase `helptext` instead. If you accidentally passed it from a parent component, remove it from the DOM element.
        in textarea (created by Textarea)
        in Textarea
        in div
        in Unknown (created by TextField)
        in TextField

  console.error node_modules/react-dom/cjs/react-dom.development.js:88
    Warning: React does not recognize the `withTextarea` prop on a DOM element. If you intentionally want it to appear in the DOM as a custom attribute, spell it as lowercase `withtextarea` instead. If you accidentally passed it from a parent component, remove it from the DOM element.
        in textarea (created by Textarea)
        in Textarea
        in div
        in Unknown (created by TextField)
        in TextField

  console.error node_modules/react-dom/cjs/react-dom.development.js:88
    Warning: Input contains an input of type text with both value and defaultValue props. Input elements must be either controlled or uncontrolled (specify either the value prop, or the defaultValue prop, but not both). Decide between using a controlled or uncontrolled input element and remove one of these props. More info: https://fb.me/react-controlled-components
        in input (created by Input)
        in div (created by Input)
        in Input
        in div
        in Unknown (created by TextField)
        in TextField

  console.error node_modules/react-dom/cjs/react-dom.development.js:88
    Warning: Textarea contains a textarea with both value and defaultValue props. Textarea elements must be either controlled or uncontrolled (specify either the value prop, or the defaultValue prop, but not both). Decide between using a controlled or uncontrolled textarea and remove one of these props. More info: https://fb.me/react-controlled-components
        in textarea (created by Textarea)
        in Textarea
        in div
        in Unknown (created by TextField)
        in TextField

PASS core/components/organisms/timePicker/__tests__/TimePickerWithSearch.test.tsx (17.838s)
  TimePicker component snapshots
    renders snapshot for all props
      ✓ 
  startTime: "05:00 AM", endTime: "11:00 PM", showDuration: true, timeFormat: "12-Hour", error: true
 (58ms)
      ✓ 
  startTime: "05:00 AM", endTime: "11:00 PM", showDuration: true, timeFormat: "12-Hour", error: false
 (20ms)
      ✓ 
  startTime: "05:00 AM", endTime: "11:00 PM", showDuration: true, timeFormat: "24-Hour", error: true
 (13ms)
      ✓ 
  startTime: "05:00 AM", endTime: "11:00 PM", showDuration: true, timeFormat: "24-Hour", error: false
 (7ms)
      ✓ 
  startTime: "05:00 AM", endTime: "11:00 PM", showDuration: false, timeFormat: "12-Hour", error: true
 (13ms)
      ✓ 
  startTime: "05:00 AM", endTime: "11:00 PM", showDuration: false, timeFormat: "12-Hour", error: false
 (13ms)
      ✓ 
  startTime: "05:00 AM", endTime: "11:00 PM", showDuration: false, timeFormat: "24-Hour", error: true
 (6ms)
      ✓ 
  startTime: "05:00 AM", endTime: "11:00 PM", showDuration: false, timeFormat: "24-Hour", error: false
 (9ms)
  TimePicker option list in 12 hour format
    ✓ check list when no start time & end time is given (127ms)
    ✓ check list when only end time is given (68ms)
    ✓ check list when only start time is given (39ms)
    ✓ check list when both start & end time is given (60ms)
    ✓ check list when startTime is greater than endTime (32ms)
  TimePicker option list in 24 hour format
    ✓ check list when no start time & end time is given (28ms)
    ✓ check list when only end time is given (30ms)
    ✓ check list when only start time is given (71ms)
    ✓ check list when both start & end time is given (43ms)
    ✓ check list when startTime is greater than endTime (71ms)
  TimePicker with disabled option list 
    ✓ check disabled option list (49ms)
  TimePicker with time duration label
    ✓ check for time duration label in 12 hour format (36ms)
    ✓ check for time duration label in 24 hour format (38ms)
  TimePicker list for different interval
    ✓ check for 12 hour option list for different interval   (27ms)
    ✓ check for 24 hour option list for different interval   (33ms)
  TimePicker fetchOption list
    ✓ check for fetchTimeOptions prop (1007ms)
  TimePicker Event Handlers
    ✓ check for onChange prop (1014ms)
  TimePicker Search Error Handlers
    ✓ check for five digit search query in 12 hour format (340ms)
    ✓ check for invalid search (324ms)
    ✓ check for noResultFound prop on invalid search (329ms)
  TimePicker Search when start/end time is given
    ✓ check for two digit in 12 hour format (337ms)
    ✓ check for two digit in 24 hour format (326ms)
    ✓ check for time zone in 12 hour format (339ms)
    ✓ check for time zone in 24 hour format (328ms)
    ✓ check for one digit am/pm in 12 hour format (323ms)
    ✓ check for one digit am/pm in 24 hour format (330ms)
  TimePicker Search when start/end time is not given
    ✓ check for 00 query in 12 hour format (342ms)
    ✓ check for 00 query in 24 hour format (339ms)
    ✓ check for 24 hr query in 12 hour format (341ms)
    ✓ check for 24 hr query in 24 hour format (337ms)
    ✓ check for four digit in 12 hour format (346ms)
    ✓ check for four digit in 24 hour format (344ms)
    ✓ check for search query 24 in 12 hour format (347ms)
    ✓ check for search query 24 in 24 hour format (334ms)
    ✓ check for digit with AM/PM in 12 hour format (330ms)
    ✓ check for digit with AM/PM in 24 hour format (330ms)
    ✓ check for special character in 12 hour format (338ms)
    ✓ check for special character in 24 hour format (332ms)
    ✓ check for four digit with time zone in 12 hour format (332ms)
    ✓ check for four digit with time zone in 24 hour format (343ms)
    ✓ check for query with minute set as 60 in 12 hour format (352ms)
    ✓ check for query with minute set as 60 in 24 hour format (353ms)
    ✓ check for query number/special char in 12 hour format (353ms)
    ✓ check for query number/special char in 24 hour format (344ms)
    ✓ check for search query 12 with time zone in 12 hour format (333ms)
    ✓ check for search query 12 with time zone in 24 hour format (339ms)
    ✓ check for query number/timezone/special char in 12 hour format (353ms)
    ✓ check for query number/timezone/special char in 24 hour format (392ms)
    ✓ check for query with trailing zero in 12 hour format (386ms)
    ✓ check for query with trailing zero in 24 hour format (363ms)
  TimePicker Search when current time is in AM
    ✓ check for one digit search query (78ms)
  TimePicker Search with error state true
    ✓ renders with DropdownButton--error class (14ms)

PASS core/components/organisms/verticalNav/__tests__/VerticalNav.test.tsx
  Vertical Navigation component
    ✓ 
  expanded: true, rounded: [true,false], menus: [{"name":"patient_360","label":"Patient 360","icon":"assignment_ind","link":"/patient360","count":10,"group":"Section 1"},{"name":"care_management","label":"Care Management and Resources","icon":"forum","group":"Section 2","subMenu":[{"name":"care_management.timeline","label":"Timeline","icon":"assignment_ind"},{"name":"care_management.care_plans","label":"Care Plans","icon":"events"}]},{"name":"episodes","label":"Episodes","disabled":true,"icon":"airline_seat_flat_angled","group":"Section 2","count":100},{"name":"risk","label":"Risk","icon":"favorite","group":"Section 2","subMenu":[{"name":"risk.timeline","label":"Timeline"},{"name":"risk.care_plans","label":"Care Plans"}]}], active: {"name":"care_management.timeline"}, onClick: "[Function]", onToggle: "[Function]"
 (35ms)
    ✓ 
  expanded: false, menus: [{"name":"patient_360","label":"Patient 360","icon":"assignment_ind","link":"/patient360","count":10,"group":"Section 1"},{"name":"care_management","label":"Care Management and Resources","icon":"forum","group":"Section 2","subMenu":[{"name":"care_management.timeline","label":"Timeline","icon":"assignment_ind"},{"name":"care_management.care_plans","label":"Care Plans","icon":"events"}]},{"name":"episodes","label":"Episodes","disabled":true,"icon":"airline_seat_flat_angled","group":"Section 2","count":100},{"name":"risk","label":"Risk","icon":"favorite","group":"Section 2","subMenu":[{"name":"risk.timeline","label":"Timeline"},{"name":"risk.care_plans","label":"Care Plans"}]}], active: {"name":"care_management.timeline"}, onClick: "[Function]", onToggle: "[Function]"
 (24ms)
  Vertical Navigation component with prop: menus
    ✓ renders menus (26ms)
    ✓ renders icon of parent items in collapsed state  (15ms)
    ✓ renders icon of child items in collapsed state if the parent was initially expanded (17ms)
    ✓ renders menus with count (11ms)
    ✓ displays 99+ when count is greater than 99 (5ms)
    ✓ displays exact count when count is less than or equal to 99 (7ms)
    ✓ displays exact count when count is string (7ms)
    ✓ renders menus with sections (10ms)
    ✓ renders menus with disabled menu (31ms)
    ✓ renders child items if parent item is clicked and panel is expanded (16ms)
  Vertical Navigation component active menu
    ✓ renders menus with active menu (9ms)
    ✓ renders active menu with link (11ms)
    ✓ renders menu when parent item is active (10ms)
    ✓ renders menu when active prop is updated (21ms)
  Vertical Navigation component prop: onClick
    ✓ calls onClick callback (18ms)
    ✓ calls onClick callback if parent item is clicked and panel is collapsed (11ms)
  Vertical Navigation component prop: menus with expanded subMenu
    ✓ Menu item having expanded state subMenu should be expanded even if it's subMenu is not active (11ms)
    ✓ Menu item not having expanded state subMenu should be expanded when it's subMenu is active (9ms)
    ✓ When subMenu is not active and not in expanded state then it should not be expanded (30ms)
  Vertical Navigation component prop: customOptionRenderer
    ✓ should render custom option renderer (2ms)
  Vertical Navigation component keyboard accessibility
    ✓ implements roving tabindex (only one item has tabIndex 0) (10ms)
    ✓ handles Arrow Down to navigate to next item (31ms)
    ✓ handles Arrow Up to navigate to previous item (20ms)
    ✓ handles Arrow Right to expand collapsed submenu (11ms)
    ✓ handles Arrow Left to collapse expanded submenu when on parent (15ms)
    ✓ handles Arrow Left on submenu item to move focus to parent (22ms)
    ✓ handles Home to focus first item (28ms)
    ✓ handles End to focus last visible item (19ms)
    ✓ handles Space to activate focused item (101ms)
    ✓ prevents default on Space to avoid page scroll (20ms)
    ✓ skips disabled items during keyboard navigation (17ms)
  Vertical Navigation component WAI-ARIA tree semantics
    ✓ renders each menu item with role="treeitem" (57ms)
    ✓ sets aria-level 1 on top-level items and 2 on submenu items (24ms)
    ✓ sets aria-expanded on items with submenus and omits it on leaf items (17ms)
    ✓ sets aria-expanded to false when submenu is collapsed (9ms)

PASS core/components/atoms/label/__tests__/Label.test.tsx
  Label component
    ✓ 
  disabled: true
 (3ms)
    ✓ 
  disabled: false
 (107ms)
    ✓ 
  required: true
 (6ms)
    ✓ 
  required: false
 (3ms)
    ✓ renders children (2ms)
    ✓ renders label element (2ms)
  Label component - info prop tests
    ✓ 
  info: "sample info"
 (29ms)
    ✓ 
  info: "tooltip text"
 (19ms)
    ✓ 
  info: "long information text"
 (4ms)
  Label Component with overwrite class
    ✓ overwrite Label class (1ms)
  Label component with prop: withInput
    ✓ should have Label--withInput class when withInput={true}
  Label component with prop: disabled
    ✓ should be disabled (1ms)
  Label component with prop: required
    ✓ renders required indicator (1ms)
  Label component with prop: optional
    ✓ renders optional label
  Label component with prop: info
    ✓ renders info icon when info prop is provided (9ms)
    ✓ does not render info icon when info prop is not provided (5ms)
    ✓ does not render info icon when info prop is empty string (2ms)
    ✓ renders info tooltip with correct content (39ms)
    ✓ renders info tooltip with special characters (25ms)
    ✓ renders info tooltip with long text (25ms)
    ✓ renders info tooltip with HTML entities (21ms)
    ✓ info icon has correct attributes (5ms)
    ✓ tooltip appears on mouseEnter and disappears on mouseLeave (10ms)
  Label component with info prop combined with other props
    ✓ renders info icon with required prop (4ms)
    ✓ renders info icon with optional prop (7ms)
    ✓ renders info icon with disabled prop (5ms)
    ✓ renders info icon with small size (3ms)
    ✓ renders info icon with withInput prop (4ms)
    ✓ renders all elements in correct order when all props are provided (4ms)
  Label component with prop: size
    ✓ applies small size class when size="small" (2ms)
    ✓ does not apply small size class when size="regular" (1ms)
    ✓ uses regular size by default when no size prop provided (1ms)
    ✓ applies small size class to optional text when size="small" and optional=true (2ms)
    ✓ does not apply small size class to optional text when size="regular" and optional=true (2ms)
    ✓ applies correct size classes with required prop (1ms)
    ✓ applies correct size classes with disabled prop (2ms)
    ✓ applies correct size classes with withInput prop (1ms)
    ✓ applies all size classes correctly when multiple props are combined (2ms)
    ✓ applies size classes correctly with required prop (no optional text when required) (2ms)
  Label component - size prop snapshot tests
    ✓ renders correctly with size="small" (1ms)
    ✓ renders correctly with size="regular" (2ms)
    ✓ renders correctly with size="default" (2ms)
    ✓ renders correctly with size="small" and optional (1ms)
    ✓ renders correctly with size="small" and required
    ✓ renders correctly with size="small" and all props (4ms)

PASS core/components/atoms/metricInput/__tests__/MetricInput.test.tsx
  MetricInput component
    ✓ 
  name: "name", size: "small", value: 10, prefix: "USD", suffix: "kg", min: 0, max: 100, onChange: "[Function]", onBlur: "[Function]", onFocus: "[Function]", onClick: "[Function]"
 (13ms)
    ✓ 
  name: "name", size: "regular", value: 10, prefix: "USD", suffix: "kg", min: 0, max: 100, onChange: "[Function]", onBlur: "[Function]", onFocus: "[Function]", onClick: "[Function]"
 (5ms)
    ✓ 
  name: "name", size: "large", value: 10, prefix: "USD", suffix: "kg", min: 0, max: 100, onChange: "[Function]", onBlur: "[Function]", onFocus: "[Function]", onClick: "[Function]"
 (4ms)
    ✓ 
  defaultValue: 10, icon: "events", error: true
 (8ms)
    ✓ 
  defaultValue: 10, icon: "events", error: false
 (4ms)
    ✓ renders input and arrow icons (7ms)
  MetricInput component with prop: size
    ✓ renders regular metric input by default (3ms)
    ✓ renders small metric input (4ms)
    ✓ renders large metric input by default (3ms)
  MetricInput component with props prefix and suffix 
    ✓ renders prefix (4ms)
    ✓ renders suffix (3ms)
    ✓ renders icon (2ms)
  MetricInput component with props disabled and error 
    ✓ with prop: disabled (10ms)
    ✓ with prop: error (2ms)
  Uncontrolled MetricInput component
    ✓ with defaultValue (3ms)
    ✓ increases value if up arrow key is pressed (8ms)
    ✓ decreases value if down arrow key is pressed (5ms)
    ✓ decreases value to -1 if input is empty and down arrow key is pressed (5ms)
  Controlled MetricInput component
    ✓ with value (5ms)
    ✓ decreases value if down arrow key is pressed (8ms)
    ✓ decreases value to -1 if input is empty and down arrow key is pressed (5ms)
  MetricInput component with props min and max
    ✓ with prop: min (11ms)
    ✓ with prop: max (4ms)
  MetricInput component with props showActionButton
    ✓ with showActionButton (72ms)
    ✓ with showActionButton false (11ms)
    ✓ update value with showActionButton=false (12ms)
  MetricInput Keyboard Event Handling - Tests comprehensive keyboard interaction behavior including arrow keys and character prevention
    ✓ prevents "e" and "E" character input when showActionButton is true (5ms)
    ✓ allows "e" and "E" character input when showActionButton is false (9ms)
    ✓ handles ArrowUp and ArrowDown keys correctly with showActionButton enabled (22ms)
    ✓ ignores ArrowUp and ArrowDown keys when showActionButton is false (10ms)
    ✓ calls custom onKeyDown handler when provided (4ms)
  MetricInput Action Button Functionality - Tests increment/decrement button behavior with various constraints and edge cases
    ✓ increments value correctly with decimal precision preservation (4ms)
    ✓ decrements value correctly with decimal precision preservation (6ms)
    ✓ respects min constraint when decrementing (7ms)
    ✓ respects max constraint when incrementing (4ms)
    ✓ does not trigger action when disabled (6ms)
    ✓ does not trigger action when readOnly (5ms)
    ✓ handles empty value correctly when incrementing (8ms)
    ✓ handles empty value correctly when decrementing (5ms)
  MetricInput Value Capping and Validation - Tests min/max constraint enforcement and edge case handling
    ✓ caps value within min and max range during increment (4ms)
    ✓ caps value within min and max range during decrement (9ms)
    ✓ handles negative min values correctly (5ms)
    ✓ handles decimal min and max values (8ms)
    ✓ handles zero as valid min/max values (3ms)
  MetricInput Controlled vs Uncontrolled Behavior - Tests state management patterns and value synchronization
    ✓ behaves as controlled component when value prop is provided (6ms)
    ✓ behaves as uncontrolled component when only defaultValue is provided (2ms)
    ✓ updates internal state when value prop changes in controlled mode (8ms)
    ✓ handles controlled component with action buttons (6ms)
  MetricInput Accessibility Features - Tests ARIA labels, focus management, and keyboard navigation
    ✓ has proper ARIA labels for action buttons (8ms)
    ✓ supports autoFocus prop for programmatic focus (3ms)
    ✓ has proper button type for action buttons (3ms)
    ✓ has proper role for wrapper element (2ms)
    ✓ maintains proper input type (4ms)
  MetricInput CSS Classes and Styling - Tests proper CSS class application based on component state and props
    ✓ applies small size classes correctly (4ms)
    ✓ applies regular size classes correctly (4ms)
    ✓ applies large size classes correctly (5ms)
    ✓ applies disabled state classes (4ms)
    ✓ applies readOnly state classes (3ms)
    ✓ applies error state classes (6ms)
    ✓ applies custom className prop (3ms)
    ✓ applies proper spacing classes for prefix - small size (1ms)
    ✓ applies proper spacing classes for prefix - regular size (1ms)
    ✓ applies proper spacing classes for prefix - large size (1ms)
    ✓ applies proper spacing classes for suffix - small size (1ms)
    ✓ applies proper spacing classes for suffix - regular size (1ms)
    ✓ applies proper spacing classes for suffix - large size (3ms)
    ✓ applies margin class when action button is present and no suffix (2ms)
    ✓ applies mr-4 when no suffix, no action button, and size is small (1ms)
    ✓ applies mr-5 when no suffix, no action button, and size is regular (2ms)
    ✓ applies mr-6 when no suffix, no action button, and size is large (2ms)
    ✓ does not apply mr-4 when suffix is present - small size (2ms)
    ✓ does not apply mr-5 when suffix is present - regular size (2ms)
    ✓ does not apply mr-6 when suffix is present - large size (3ms)
    ✓ does not apply mr-4 when action button is present - small size (4ms)
    ✓ does not apply mr-5 when action button is present - regular size (6ms)
    ✓ does not apply mr-6 when action button is present - large size (3ms)
  MetricInput Pagination Styles Integration - Tests that pagination styles are properly applied alongside component styles
    ✓ applies pagination styles to input element (1ms)
    ✓ applies pagination styles alongside size-specific classes (1ms)
    ✓ maintains pagination styles with all size variants (5ms)
  MetricInput Action Button Styling - Tests action button border and styling classes
    ✓ applies border-bottom class to up arrow button (3ms)
    ✓ applies border-bottom-0 class to down arrow button (3ms)
    ✓ applies base arrow button class to both buttons (3ms)
    ✓ does not render action button classes when showActionButton is false (2ms)
  MetricInput Arrow Icons Container Styling - Tests arrow icons container and margin classes
    ✓ applies base arrow icons classes when action button is enabled (4ms)
    ✓ applies size-specific arrow icons classes - small (3ms)
    ✓ applies size-specific arrow icons classes - regular (1ms)
    ✓ applies size-specific arrow icons classes - large (2ms)
    ✓ applies ml-3 class when action button is present and no suffix (3ms)
    ✓ does not apply ml-3 class when suffix is present (2ms)
    ✓ does not apply ml-3 class when action button is disabled (1ms)
  MetricInput Complex Styling Combinations - Tests edge cases and complex prop combinations
    ✓ handles all props together with proper class combinations (11ms)
    ✓ applies correct classes when action button disabled with suffix (4ms)
    ✓ applies correct classes when action button enabled without suffix (4ms)
    ✓ handles disabled state with all styling elements (4ms)
    ✓ handles readOnly state with proper styling (2ms)
  MetricInput Event Handlers - Tests all event handler props and their proper invocation
    ✓ calls onChange handler when input value changes (4ms)
    ✓ calls onFocus handler when input gains focus (1ms)
    ✓ calls onBlur handler when input loses focus (8ms)
    ✓ calls onClick handler when input is clicked (11ms)
    ✓ calls onKeyDown handler from wrapper when key is pressed (4ms)
    ✓ calls onChange with synthetic event when action buttons are clicked (8ms)
  MetricInput Edge Cases and Error Handling - Tests component behavior with unusual inputs and error conditions
    ✓ handles very large numbers correctly (3ms)
    ✓ handles very small negative numbers correctly (7ms)
    ✓ handles decimal precision correctly (6ms)
    ✓ handles string defaultValue correctly (5ms)
    ✓ handles empty defaultValue gracefully (2ms)
    ✓ handles NaN min and max values (11ms)
    ✓ handles zero values in min/max constraints properly (5ms)
  MetricInput Icon and Text Elements - Tests proper rendering and behavior of icon, prefix, and suffix elements
    ✓ renders icon with correct properties (3ms)
    ✓ changes icon appearance based on input value (4ms)
    ✓ renders prefix and suffix with correct text content (3ms)
    ✓ applies correct size to prefix and suffix text elements (3ms)
    ✓ does not render icon, prefix, or suffix when not provided (3ms)
  MetricInput Forward Ref and Imperative Handle - Tests ref forwarding and imperative access to input element
    ✓ forwards ref to input element correctly (4ms)
    ✓ allows imperative focus through ref (3ms)
    ✓ allows imperative value access through ref (2ms)
  MetricInput CSS Integration and Cross-Module Dependencies - Tests integration with pagination styles and CSS modules
    ✓ integrates pagination styles with component-specific classes (3ms)
    ✓ maintains class priority when multiple modules are applied (13ms)
    ✓ applies correct styles when all optional elements are present (3ms)
    ✓ applies minimal styles when no optional elements are present (3ms)
  MetricInput Action Button Size Mapping - Tests action button icon size calculations
    ✓ uses correct icon size for small action buttons (1ms)
    ✓ uses correct icon size for regular action buttons (3ms)
    ✓ uses correct icon size for large action buttons (6ms)

PASS core/components/organisms/textField/__test__/Textarea.test.tsx
  textfield component
    ✓ 
  label: "description", name: "name", max: 50, helpText: "i am the helptext", withTextarea: true, onChange: "[Function]"
 (36ms)
    ✓ 
  label: "description", name: "name", max: 50, helpText: "i am the helptext", withTextarea: false, onChange: "[Function]"
 (24ms)
    ✓ 
  label: "description", name: "name", max: 50, row: 4, helpText: "i am the helptext", withTextarea: true, onChange: "[Function]"
 (9ms)
    ✓ 
  
 (3ms)
    ✓ 
  
 (1ms)
  TextField component
    ✓ matches snapshot when input exceeds maximum character count (12ms)
  TextField Component
    ✓ renders with basic props (22ms)
    ✓ renders with textarea (6ms)
    ✓ renders with help text and character count (3ms)
    ✓ input exceeds maximum character count (9ms)
    ✓ TextField has the "input" classNames (6ms)
    ✓ dafault value passed exceeds maximum character count with input textfield (6ms)
    ✓ dafault value passed exceeds maximum character count with textarea textfield (5ms)
  TextField Components - Size Functionality Tests
    TextField Component with Input - Size Props and Label Mapping
      ✓ should render input field with appropriate size styling (6ms)
      ✓ should verify label size mapping logic for input fields (4ms)
      ✓ should default to input when no withTextarea prop is provided (2ms)
    TextField Component with Textarea - Size Props and Direct Label Mapping
      ✓ should render textarea field with appropriate size styling (20ms)
      ✓ should verify direct size pass-through for textarea fields (6ms)
      ✓ should default to regular size when no size prop is provided for textarea (5ms)
    Size Props Integration - Interaction with Other Component States
      ✓ should maintain size behavior when TextField input has error state (4ms)
      ✓ should maintain size behavior when TextField input is disabled (4ms)
      ✓ should maintain size behavior when TextField input has character limit (7ms)
      ✓ should maintain size behavior when TextField textarea has character limit (5ms)
    TextField Component - Routing Logic Verification
      ✓ should route to TextFieldWithTextarea when withTextarea prop is true (4ms)
      ✓ should route to TextFieldWithInput when withTextarea prop is false/undefined (2ms)

PASS core/components/atoms/cardBody/__tests__/CardBody.test.tsx
  CardBody component
    ✓ 
  
 (12ms)
    ✓ renders children (3ms)
    ✓ renders className (1ms)

PASS core/components/atoms/row/__tests__/Row.test.tsx
  Row component
    ✓ renders children (14ms)
    ✓ with className (17ms)
    ✓ accepts other attributes (3ms)

PASS core/components/atoms/icon/__tests__/Icon.test.tsx
  Icon component snapshot
    ✓ 
  name: "events", size: 50, appearance: "destructive", onClick: "[Function]"
 (14ms)
    ✓ 
  name: "events", size: 50, appearance: "white", onClick: "[Function]"
 (3ms)
    ✓ 
  name: "events", size: 50, appearance: "subtle", onClick: "[Function]"
 (1ms)
    ✓ 
  name: "events", size: 50, appearance: "disabled", onClick: "[Function]"
 (1ms)
    ✓ 
  name: "events", size: 50, appearance: "alert", onClick: "[Function]"
 (1ms)
    ✓ 
  name: "events", size: 50, appearance: "info", onClick: "[Function]"
 (1ms)
    ✓ 
  name: "events", size: 50, appearance: "success", onClick: "[Function]"
 (3ms)
    ✓ 
  name: "events", size: 50, appearance: "warning", onClick: "[Function]"
 (2ms)
    ✓ 
  name: "events", size: 50, appearance: "primary", onClick: "[Function]"
 (3ms)
    ✓ 
  name: "events", size: 50, appearance: "primary_dark", onClick: "[Function]"
 (2ms)
    ✓ 
  name: "events", size: 50, appearance: "primary_darker", onClick: "[Function]"
 (2ms)
    ✓ 
  name: "events", size: 50, appearance: "primary_lighter", onClick: "[Function]"
 (2ms)
    ✓ 
  name: "events", size: 50, appearance: "alert_dark", onClick: "[Function]"
 (1ms)
    ✓ 
  name: "events", size: 50, appearance: "alert_darker", onClick: "[Function]"

    ✓ 
  name: "events", size: 50, appearance: "alert_lighter", onClick: "[Function]"
 (2ms)
    ✓ 
  name: "events", size: 50, appearance: "success_dark", onClick: "[Function]"
 (1ms)
    ✓ 
  name: "events", size: 50, appearance: "success_darker", onClick: "[Function]"
 (2ms)
    ✓ 
  name: "events", size: 50, appearance: "success_lighter", onClick: "[Function]"
 (2ms)
    ✓ 
  name: "events", size: 50, appearance: "warning_dark", onClick: "[Function]"
 (2ms)
    ✓ 
  name: "events", size: 50, appearance: "warning_darker", onClick: "[Function]"
 (2ms)
    ✓ 
  name: "events", size: 50, appearance: "warning_lighter", onClick: "[Function]"

    ✓ 
  name: "events", size: 50, appearance: "accent1", onClick: "[Function]"
 (1ms)
    ✓ 
  name: "events", size: 50, appearance: "accent1_dark", onClick: "[Function]"

    ✓ 
  name: "events", size: 50, appearance: "accent1_darker", onClick: "[Function]"

    ✓ 
  name: "events", size: 50, appearance: "accent1_lighter", onClick: "[Function]"
 (1ms)
    ✓ 
  name: "events", size: 50, appearance: "accent2", onClick: "[Function]"
 (1ms)
    ✓ 
  name: "events", size: 50, appearance: "accent2_dark", onClick: "[Function]"
 (3ms)
    ✓ 
  name: "events", size: 50, appearance: "accent2_darker", onClick: "[Function]"
 (2ms)
    ✓ 
  name: "events", size: 50, appearance: "accent2_lighter", onClick: "[Function]"
 (2ms)
    ✓ 
  name: "events", size: 50, appearance: "accent3", onClick: "[Function]"
 (2ms)
    ✓ 
  name: "events", size: 50, appearance: "accent3_dark", onClick: "[Function]"
 (7ms)
    ✓ 
  name: "events", size: 50, appearance: "accent3_darker", onClick: "[Function]"
 (2ms)
    ✓ 
  name: "events", size: 50, appearance: "accent3_lighter", onClick: "[Function]"
 (1ms)
    ✓ 
  name: "events", size: 50, appearance: "accent4", onClick: "[Function]"
 (1ms)
    ✓ 
  name: "events", size: 50, appearance: "accent4_dark", onClick: "[Function]"
 (1ms)
    ✓ 
  name: "events", size: 50, appearance: "accent4_darker", onClick: "[Function]"
 (1ms)
    ✓ 
  name: "events", size: 50, appearance: "accent4_lighter", onClick: "[Function]"
 (1ms)
    ✓ 
  name: "events", size: 50, appearance: "inverse", onClick: "[Function]"

    ✓ 
  name: "events", size: 50, type: "filled", onClick: "[Function]"
 (1ms)
    ✓ 
  name: "events", size: 50, type: "outline", onClick: "[Function]"
 (1ms)
    ✓ 
  name: "events", size: 50, type: "rounded", onClick: "[Function]"

    ✓ 
  name: "events", size: 50, type: "outlined", onClick: "[Function]"
 (2ms)
    ✓ 
  name: "events", size: 50, type: "round", onClick: "[Function]"
 (2ms)
    ✓ 
  name: "events", size: 50, type: "two-tone", onClick: "[Function]"
 (3ms)
    ✓ 
  name: "events", size: 50, type: "sharp", onClick: "[Function]"
 (1ms)

PASS core/components/molecules/emptyState/_tests_/EmptyState.test.tsx
  EmptyState component
    ✓ 
  size: "large", title: "Manage your outreach campaigns", description: "Campaigns let you reach out to patients with text messages, emails and voice calls", imageSrc: "noContent"
 (7ms)
    ✓ 
  size: "small", title: "Manage your outreach campaigns", description: "Campaigns let you reach out to patients with text messages, emails and voice calls", imageSrc: "noContent"
 (16ms)
    ✓ should render div and it's children  (9ms)
    ✓ should render title (2ms)
    ✓ should render description (2ms)
    ✓ should render image (2ms)
    ✓ should render Child (2ms)
    ✓ 
  size: "compressed"
 (5ms)
    ✓ 
  size: "standard"
 (1ms)
    ✓ 
  size: "tight"
 (1ms)
  EmptyState with prop: size
    ✓ Should render emptystate with size: large (4ms)
    ✓ Should render emptystate with size: small (3ms)
  EmptyState Component
    ✓ renders EmptyState with maxWidth (12ms)
    ✓ renders with an image source (5ms)
  renders with different sizes
    ✓ renders with size standard (74ms)
    ✓ renders with size compressed (15ms)
    ✓ renders with size tight (4ms)

  console.error node_modules/react-dom/cjs/react-dom.development.js:88
    Warning: React does not recognize the `metaData` prop on a DOM element. If you intentionally want it to appear in the DOM as a custom attribute, spell it as lowercase `metadata` instead. If you accidentally passed it from a parent component, remove it from the DOM element.
        in div
        in Unknown (created by AIResponseBubble)
        in AIResponseBubble
        in div
        in Unknown

PASS core/components/molecules/chat/newMessage/__tests__/NewMessage.test.tsx
  Chat New Message component snapshot
    ✓ 
  text: "2 New Messages"
 (15ms)
  Chat New Message component
    ✓ renders children (3ms)
    ✓ overwrite Chat New Message class (1ms)
    ✓ Chat New Message Component with overwrite data-test attribute (2ms)

PASS core/ai-components/AIResponse/__tests__/AIResponse.test.tsx
  AI Response Component
    ✓ ChatBox renders with custom className (21ms)
  AI Response Action Button Component
    ✓ Response Action Button renders with custom className (12ms)
    ✓ Response Action Button renders with selected state with className (2ms)
  AI Response ActionBar Component
    ✓ Response ActionBar renders with custom className (5ms)
  AI Response with showAvatar prop
    ✓ AI Response renders with showAvatar prop (4ms)
  AI Response with metaData prop
    ✓ AI Response renders with metaData prop (9ms)
  AI Response with showAvatar and metaData prop
    ✓ AI Response renders with showAvatar and metaData prop (4ms)
    ✓ AI Response renders with showAvatar, showGlow and metaData prop (5ms)
  AI Response with prop: showGlow
    ✓ AI Response renders with showGlow prop (1ms)
    ✓ AI Response renders default showGlow prop (1ms)
    ✓ AI Response renders with showGlow prop as false (2ms)

PASS core/components/atoms/avatar/avatarIcon/__tests__/AvatarIcon.test.tsx
  Avatar Icon component
    ✓ 
  size: "regular", appearance: "secondary"
 (16ms)
    ✓ 
  size: "regular", appearance: "primary"
 (5ms)
    ✓ 
  size: "regular", appearance: "alert"
 (3ms)
    ✓ 
  size: "regular", appearance: "warning"
 (4ms)
    ✓ 
  size: "regular", appearance: "success"
 (24ms)
    ✓ 
  size: "regular", appearance: "accent1"
 (2ms)
    ✓ 
  size: "regular", appearance: "accent2"
 (2ms)
    ✓ 
  size: "regular", appearance: "accent3"
 (3ms)
    ✓ 
  size: "regular", appearance: "accent4"
 (4ms)
    ✓ 
  size: "tiny", appearance: "secondary"
 (3ms)
    ✓ 
  size: "tiny", appearance: "primary"
 (2ms)
    ✓ 
  size: "tiny", appearance: "alert"
 (3ms)
    ✓ 
  size: "tiny", appearance: "warning"
 (3ms)
    ✓ 
  size: "tiny", appearance: "success"
 (3ms)
    ✓ 
  size: "tiny", appearance: "accent1"
 (3ms)
    ✓ 
  size: "tiny", appearance: "accent2"
 (2ms)
    ✓ 
  size: "tiny", appearance: "accent3"
 (4ms)
    ✓ 
  size: "tiny", appearance: "accent4"
 (3ms)
  Avatar Icon component with prop:size
    ✓ icon should have size:20 for regular size avatar (53ms)
    ✓ icon should have size:16 for tiny size avatar (35ms)
  Avatar Icon component with prop:appearance
    ✓ icon should have warning darker appearance for avatar with warning appearance (27ms)

PASS core/components/organisms/horizontalNav/__tests__/HorizontalNav.test.tsx
  Horizontal Navigation component
    ✓ 
  menus: [{"name":"tab1","label":"Tab #1","icon":"events","link":"/patient360"},{"name":"tab2","label":"Tab #2","count":10,"link":"/outreach"},{"name":"tab3","label":"Tab #3","disabled":true,"link":"/innote"}], active: {"name":"tab1"}, onClick: "[Function]"
 (9ms)
  Horizontal Navigation component with prop: menus
    ✓ renders menus (3ms)
    ✓ renders menus with icon (1ms)
    ✓ renders menus with count (5ms)
    ✓ renders menus with both icon and count (3ms)
    ✓ renders count when menu is given both icon and count (3ms)
    ✓ renders disabled menu (3ms)
    ✓ renders menus with disabled menu (24ms)
    ✓ renders iconMenus with disabled menu (10ms)
    ✓ renders countMenus with disabled menu (2ms)
    ✓ renders countMenus with a string count menu item (3ms)
  Horizontal Navigation component active menu
    ✓ renders active menu (3ms)
    ✓ renders menus with active menu (3ms)
    ✓ renders iconMenus with active menu (3ms)
    ✓ renders countMenus with active menu (2ms)
    ✓ renders active menu with link (2ms)
  Horizontal Navigation component prop: onClick
    ✓ calls onClick callback (3ms)
  Horizontal Navigation component css classes
    ✓ renders text with disabled state  (1ms)
    ✓ renders text with default state  (1ms)
    ✓ renders text with active state  (1ms)
  Horizontal Navigation component keydown event handler
    ✓ does not call onClick callback on repeated Space keydown events for button items (2ms)
    ✓ does not call onClick callback on Enter keydown event (2ms)
    ✓ does not call onClick callback on Space keydown event for link items (2ms)
  Horizontal Navigation component prop: aria-label
    ✓ applies a custom aria-label to nav landmark (26ms)

  console.error node_modules/react-dom/cjs/react-dom.development.js:88
    Warning: Unknown event handler property `onClear`. It will be ignored.
        in input (created by MultiSelectTrigger)
        in div (created by MultiSelectTrigger)
        in div (created by MultiSelectTrigger)
        in div (created by MultiSelectTrigger)
        in MultiSelectTrigger
        in Unknown
        in Unknown
        in div (created by OutsideClick)
        in OutsideClick (created by InnerReference)
        in InnerReference (created by Context.Consumer)
        in Reference (created by PopperWrapper)
        in Manager (created by PopperWrapper)
        in PopperWrapper (created by Popover)
        in Popover
        in div (created by OutsideClick)
        in OutsideClick
        in div
        in Unknown

  console.error node_modules/react-dom/cjs/react-dom.development.js:88
    Warning: React does not recognize the `iconType` prop on a DOM element. If you intentionally want it to appear in the DOM as a custom attribute, spell it as lowercase `icontype` instead. If you accidentally passed it from a parent component, remove it from the DOM element.
        in input (created by MultiSelectTrigger)
        in div (created by MultiSelectTrigger)
        in div (created by MultiSelectTrigger)
        in div (created by MultiSelectTrigger)
        in MultiSelectTrigger
        in Unknown
        in Unknown
        in div (created by OutsideClick)
        in OutsideClick (created by InnerReference)
        in InnerReference (created by Context.Consumer)
        in Reference (created by PopperWrapper)
        in Manager (created by PopperWrapper)
        in PopperWrapper (created by Popover)
        in Popover
        in div (created by OutsideClick)
        in OutsideClick
        in div
        in Unknown

  console.error node_modules/react-dom/cjs/react-dom.development.js:88
    Warning: React does not recognize the `clearButton` prop on a DOM element. If you intentionally want it to appear in the DOM as a custom attribute, spell it as lowercase `clearbutton` instead. If you accidentally passed it from a parent component, remove it from the DOM element.
        in input (created by MultiSelectTrigger)
        in div (created by MultiSelectTrigger)
        in div (created by MultiSelectTrigger)
        in div (created by MultiSelectTrigger)
        in MultiSelectTrigger
        in Unknown
        in Unknown
        in div (created by OutsideClick)
        in OutsideClick (created by InnerReference)
        in InnerReference (created by Context.Consumer)
        in Reference (created by PopperWrapper)
        in Manager (created by PopperWrapper)
        in PopperWrapper (created by Popover)
        in Popover
        in div (created by OutsideClick)
        in OutsideClick
        in div
        in Unknown

  console.error node_modules/react-dom/cjs/react-dom.development.js:88
    Warning: React does not recognize the `multiSelect` prop on a DOM element. If you intentionally want it to appear in the DOM as a custom attribute, spell it as lowercase `multiselect` instead. If you accidentally passed it from a parent component, remove it from the DOM element.
        in input (created by Input)
        in div (created by Input)
        in Input
        in Unknown
        in Unknown
        in div (created by OutsideClick)
        in OutsideClick (created by InnerReference)
        in InnerReference (created by Context.Consumer)
        in Reference (created by PopperWrapper)
        in Manager (created by PopperWrapper)
        in PopperWrapper (created by Popover)
        in Popover
        in div (created by OutsideClick)
        in OutsideClick
        in div
        in Unknown

  console.error node_modules/react-dom/cjs/react-dom.development.js:88
    Warning: React does not recognize the `chipValue` prop on a DOM element. If you intentionally want it to appear in the DOM as a custom attribute, spell it as lowercase `chipvalue` instead. If you accidentally passed it from a parent component, remove it from the DOM element.
        in input (created by Input)
        in div (created by Input)
        in Input
        in Unknown
        in Unknown
        in div (created by OutsideClick)
        in OutsideClick (created by InnerReference)
        in InnerReference (created by Context.Consumer)
        in Reference (created by PopperWrapper)
        in Manager (created by PopperWrapper)
        in PopperWrapper (created by Popover)
        in Popover
        in div (created by OutsideClick)
        in OutsideClick
        in div
        in Unknown

PASS core/components/molecules/chipInput/__tests__/ChipInput.test.tsx
  ChipInput component
    ✓ 
  disabled: true, allowDuplicates: true, value: ["1020","80"], chipOptions: {"clearButton":true,"maxWidth":"256px","onClick":"[Function]"}, placeholder: "Add value", onChange: "[Function]", onBlur: "[Function]", onFocus: "[Function]"
 (20ms)
    ✓ 
  disabled: false, allowDuplicates: true, value: ["1020","80"], chipOptions: {"clearButton":true,"maxWidth":"256px","onClick":"[Function]"}, placeholder: "Add value", onChange: "[Function]", onBlur: "[Function]", onFocus: "[Function]"
 (6ms)
    ✓ 
  error: true, allowDuplicates: true, value: ["1020","80"], chipOptions: {"clearButton":true,"maxWidth":"256px","onClick":"[Function]"}, placeholder: "Add value", onChange: "[Function]", onBlur: "[Function]", onFocus: "[Function]"
 (6ms)
    ✓ renders input and chips (11ms)
    ✓ initially renders input only (35ms)
    ✓ renders close icon only if length of chips > 0 (7ms)
    ✓ ChipInput with prop: disabled (8ms)
    ✓ ChipInput with prop: placeholder (32ms)
    ✓ ChipInput with prop allowDuplicate: false (34ms)
    ✓ ChipInput with prop allowDuplicate: true (51ms)
    ✓ ChipInput with prop error: true (3ms)
  Controlled ChipInput component
    ✓ Add chip if enter is pressed (13ms)
  Uncontrolled ChipInput component
    ✓ Add chip if enter is pressed (158ms)
    ✓ Delete chip if backspace is pressed (4ms)
    ✓ Delete all chips if close icon is clicked (6ms)
  ChipInput component text transform
    ✓ check for chip input text transform case (16ms)
  ChipInput component with chipOptions
    ✓ applies maxWidth style from chipOptions (12ms)
  ChipInput component validator function
    ✓ chip should not be added if chip validator function fails (6ms)
    ✓ chip should be added if chip validator function succeeds (10ms)
  ChipInput Component - Size Variants and Icon Alignment
    Small Size Variant - Height and Styling Tests
      ✓ should apply correct CSS classes for small size container (2ms)
      ✓ should apply correct CSS classes for small size input (3ms)
      ✓ should render chips with vertical margins for small size (5ms)
      ✓ should render clear icon with small size classes and proper dimensions for 24px container (4ms)
      ✓ should maintain consistent height behavior when transitioning from empty to filled state (4ms)
    Regular Size Variant - Height and Styling Tests
      ✓ should apply correct CSS classes for regular size container (2ms)
      ✓ should apply correct CSS classes for regular size input (3ms)
      ✓ should render chips with larger vertical margins for regular size to maintain proper spacing (3ms)
      ✓ should render clear icon with regular size classes and proper dimensions for 32px container (2ms)
    Default Size Behavior and Fallback Tests
      ✓ should default to regular size when no size prop is provided (1ms)
      ✓ should render chips with regular size margins when no size is specified (4ms)
      ✓ should render clear icon with regular size classes by default (2ms)
    Icon Size and Alignment - Cross-Size Consistency Tests
      ✓ should render appropriate icon container for small ChipInput (12px icon in centered container) (3ms)
      ✓ should render appropriate icon container for regular ChipInput (16px icon in centered container) (1ms)
      ✓ should maintain consistent icon positioning across size changes (4ms)
      ✓ should not render clear icon when no chips are present regardless of size (2ms)
    Height Consistency and Border Handling Tests
      ✓ should apply withChips class when chips are present regardless of size (2ms)
      ✓ should handle multiple chips without breaking size constraints for small variant (5ms)
      ✓ should handle multiple chips without breaking size constraints for regular variant (9ms)
    CSS Class Combinations and Specificity Tests
      ✓ should apply multiple size-related classes correctly for small variant with error state (7ms)
      ✓ should apply multiple size-related classes correctly for regular variant with disabled state (3ms)
      ✓ should ensure input classes are properly combined with size classes
      ✓ should ensure icon classes are properly combined with size classes (5ms)
    Dynamic Size Changes and Edge Cases
      ✓ should handle size changes dynamically without breaking functionality (8ms)
      ✓ should maintain size classes when transitioning between empty and filled states (12ms)
    Focus and Accessibility with Size Variants
      ✓ should maintain proper tabIndex for interactive elements across sizes (6ms)
      ✓ should set proper tabIndex when disabled regardless of size (7ms)
      ✓ should focus input when container is clicked regardless of size (4ms)

PASS core/components/organisms/combobox/__tests__/Combobox.test.tsx
  Combobox component snapshots
    ✓ 
  multiSelect: true, onChange: "[Function]", onSelect: "[Function]", size: "tiny", placeholder: [null,"s","e","l","e","c","t"," ","a","n"," ","o","p","t","i","o","n"]
 (15ms)
    ✓ 
  multiSelect: true, onChange: "[Function]", onSelect: "[Function]", size: "regular", placeholder: [null,"s","e","l","e","c","t"," ","a","n"," ","o","p","t","i","o","n"]
 (7ms)
    ✓ 
  multiSelect: true, onChange: "[Function]", onSelect: "[Function]", size: "large", placeholder: [null,"s","e","l","e","c","t"," ","a","n"," ","o","p","t","i","o","n"]
 (3ms)
    ✓ 
  multiSelect: false, onChange: "[Function]", onSelect: "[Function]", size: "tiny", placeholder: [null,"s","e","l","e","c","t"," ","a","n"," ","o","p","t","i","o","n"]
 (12ms)
    ✓ 
  multiSelect: false, onChange: "[Function]", onSelect: "[Function]", size: "regular", placeholder: [null,"s","e","l","e","c","t"," ","a","n"," ","o","p","t","i","o","n"]
 (7ms)
    ✓ 
  multiSelect: false, onChange: "[Function]", onSelect: "[Function]", size: "large", placeholder: [null,"s","e","l","e","c","t"," ","a","n"," ","o","p","t","i","o","n"]
 (5ms)
  Combobox component single input trigger tests
    ✓ check for placeholder in single input trigger (5ms)
    ✓ check for default value in single input trigger (7ms)
    ✓ check for onSelect event handler in single input trigger (73ms)
    ✓ check for onChange event handler in single input trigger (13ms)
    ✓ check for onClear event handler in single input trigger (12ms)
  Combobox component multiple select trigger tests
    ✓ check for placeholder in multiple select trigger (2ms)
    ✓ check for default value in multi select trigger (5ms)
    ✓ check for onChange event handler in multiselect input trigger (24ms)
    ✓ check for onChange event handler in multiselect input trigger (19ms)
    ✓ check for onSearch event handler in multiselect input trigger (11ms)
    ✓ check for onClear event handler in multiselect input trigger (11ms)

PASS core/components/molecules/editableInput/__tests__/EditableInput.test.tsx
  EditableInput component
    ✓ 
  placeholer: "String Value", disableSaveAction: true, size: "tiny", error: true, errorMessage: "String Value"
 (21ms)
    ✓ 
  placeholer: "String Value", disableSaveAction: true, size: "regular", error: true, errorMessage: "String Value"
 (3ms)
    ✓ renders children (3ms)
    ✓ renders default div initially (3ms)
    ✓ renders input on hover (10ms)
    ✓ renders default div on mouseLeave (6ms)
    ✓ renders input and button on click (9ms)
  EditableInput component with prop: size
    ✓ renders default size: regular (3ms)
    ✓ renders size: tiny (5ms)
  EditableInput component with action buttons and props: value and inputOptions
    ✓ discard changes (15ms)
    ✓ save changes (11ms)
    ✓ save changes and editable input is uncontrolled (5ms)
  EditableInput component with prop: error and errorMessage
    ✓ renders error popover on click (49ms)
  EditableInput Component with overwrite class
    ✓ overwrite EditableInput class (2ms)
  EditableInput Component CSS Styling Tests - Size-specific Padding and Styling Changes
    CSS class application for size-specific styling
      ✓ applies correct CSS classes for regular size variant (2ms)
      ✓ applies correct CSS classes for tiny size variant (2ms)
      ✓ ensures both size variants have the base EditableInput-default class (3ms)
    Input component styling consistency across component states
      ✓ maintains consistent size prop when transitioning from default to input state for regular size (4ms)
      ✓ maintains consistent size prop when transitioning from default to input state for tiny size (4ms)
      ✓ applies correct action button positioning classes for different sizes (6ms)
    Size-specific styling verification for CSS changes
      ✓ verifies that tiny size variant has all required CSS classes for the new styling (2ms)
      ✓ verifies that regular size variant maintains correct CSS classes after the changes (4ms)
      ✓ ensures size-specific padding changes are reflected in class structure (3ms)

PASS core/components/molecules/popover/__tests__/Popover.test.tsx
  Popover component
    ✓ 
  appendToBody: false, trigger: "[ReactNode]", customStyle: {"width":{"required":true,"value":"150px"},"height":{"required":true,"value":"150px"}}, open: true, verticalOffset: 10, onToggle: "[Function]", position: "top"
 (78ms)
    ✓ 
  appendToBody: false, trigger: "[ReactNode]", customStyle: {"width":{"required":true,"value":"150px"},"height":{"required":true,"value":"150px"}}, open: true, verticalOffset: 10, onToggle: "[Function]", position: "top-start"
 (18ms)
    ✓ 
  appendToBody: false, trigger: "[ReactNode]", customStyle: {"width":{"required":true,"value":"150px"},"height":{"required":true,"value":"150px"}}, open: true, verticalOffset: 10, onToggle: "[Function]", position: "top-end"
 (16ms)
    ✓ 
  appendToBody: false, trigger: "[ReactNode]", customStyle: {"width":{"required":true,"value":"150px"},"height":{"required":true,"value":"150px"}}, open: true, verticalOffset: 10, onToggle: "[Function]", position: "bottom"
 (12ms)
    ✓ 
  appendToBody: false, trigger: "[ReactNode]", customStyle: {"width":{"required":true,"value":"150px"},"height":{"required":true,"value":"150px"}}, open: true, verticalOffset: 10, onToggle: "[Function]", position: "bottom-start"
 (12ms)
    ✓ 
  appendToBody: false, trigger: "[ReactNode]", customStyle: {"width":{"required":true,"value":"150px"},"height":{"required":true,"value":"150px"}}, open: true, verticalOffset: 10, onToggle: "[Function]", position: "bottom-end"
 (14ms)
    ✓ 
  appendToBody: false, trigger: "[ReactNode]", customStyle: {"width":{"required":true,"value":"150px"},"height":{"required":true,"value":"150px"}}, open: true, verticalOffset: 10, onToggle: "[Function]", dark: true, disabled: true
 (4ms)
    ✓ 
  appendToBody: false, trigger: "[ReactNode]", customStyle: {"width":{"required":true,"value":"150px"},"height":{"required":true,"value":"150px"}}, open: true, verticalOffset: 10, onToggle: "[Function]", dark: true, disabled: false
 (12ms)
    ✓ 
  appendToBody: false, trigger: "[ReactNode]", customStyle: {"width":{"required":true,"value":"150px"},"height":{"required":true,"value":"150px"}}, open: true, verticalOffset: 10, onToggle: "[Function]", dark: false, disabled: true
 (3ms)
    ✓ 
  appendToBody: false, trigger: "[ReactNode]", customStyle: {"width":{"required":true,"value":"150px"},"height":{"required":true,"value":"150px"}}, open: true, verticalOffset: 10, onToggle: "[Function]", dark: false, disabled: false
 (12ms)
  renders Popover component
    ✓ renders children with dark: false (10ms)
    ✓ Popover component with prop: dark (7ms)
    ✓ Popover component with customStyle (11ms)
  renders Popover component with prop: on
    ✓ renders Popover on trigger click (13ms)
    ✓ renders Popover on trigger hover (12ms)
  renders Popover component with prop: closeOnBackdropClick
    ✓ Popover component with default prop: closeOnBackdropClick (10ms)
    ✓ Popover component with closeOnBackdropClick: false (11ms)
  renders Popover component with prop: open and onToggle
    ✓ Popover component with open: false (2ms)
    ✓ Popover component with open and onToggle (7ms)
    ✓ Popover component with openDelay and onToggle (4ms)
  Popover component with overwrite class
    ✓ overwrite Popover class (10ms)
  Popover component with prop: disabled
    ✓ does not renders Popover component with prop: disabled for disabled trigger for click event (1ms)
    ✓ renders Popover component with prop: disabled for disabled trigger for click event (9ms)
    ✓ does not renders Popover component with prop: disabled for disabled trigger for hover event (2ms)
    ✓ renders Popover component with prop: disabled for disabled trigger for hover event (7ms)
    ✓ renders Popover component with prop:disabled as false with open=true  (10ms)
    ✓ does not renders Popover component with prop:disabled as true with open=true  (3ms)

  console.error node_modules/react/cjs/react.development.js:315
    Warning: Each child in a list should have a unique "key" prop. See https://fb.me/react-warning-keys for more information.
        in div
        in Unknown (created by AvatarSelection)
        in div (created by AvatarSelection)
        in AvatarSelection

  console.error node_modules/react-dom/cjs/react-dom.development.js:88
    Warning: Checkbox contains an input of type checkbox with both checked and defaultChecked props. Input elements must be either controlled or uncontrolled (specify either the checked prop, or the defaultChecked prop, but not both). Decide between using a controlled or uncontrolled input element and remove one of these props. More info: https://fb.me/react-controlled-components
        in input (created by Checkbox)
        in div (created by Checkbox)
        in div (created by Checkbox)
        in Checkbox (created by AvatarSelectionItem)
        in div (created by ListBody)
        in ListBody (created by Listbox.Item)
        in li (created by Listbox.Item)
        in Listbox.Item
        in Unknown (created by AvatarSelectionItem)
        in AvatarSelectionItem
        in ul (created by Listbox)
        in Listbox
        in Unknown
        in div
        in div
        in Unknown (created by AvatarSelection)
        in div (created by InnerPopper)
        in InnerPopper (created by Context.Consumer)
        in Popper (created by PopperWrapper)
        in Manager (created by PopperWrapper)
        in PopperWrapper (created by Popover)
        in Popover (created by AvatarSelection)
        in div (created by AvatarSelection)
        in AvatarSelection

PASS core/components/molecules/chatMessage/__tests__/ChatMessage.test.tsx
  ChatMessage component prop:type snapshot
    ✓ 
  type: "incoming", text: "Message Text"
 (7ms)
    ✓ 
  type: "outgoing", text: "Message Text"
 (1ms)
  ChatMessage component prop:isTyping snapshot
    ✓ 
  typingText: "Typing Text"
 (1ms)
    ✓ 
  typingText: "Typing Text", isTyping: true
 (1ms)
    ✓ 
  typingText: "Typing Text", isTyping: false
 (1ms)
  ChatMessage component prop:text snapshot
    ✓ 
  text: "Message Text"
 (2ms)
  ChatMessage component with different values of prop:type 
    ✓ check for Message Box to have class Box--incoming if type is incoming (1ms)
    ✓ check for Message Box to have class Box--outgoing if type is outgoing (1ms)
  ChatMessage component prop:isTyping
    ✓ check for properties when isTyping is true (1ms)
    ✓ check for text Message when isTyping is false (5ms)
  ChatMessage Component with overwrite class
    ✓ overwrite DesignSystem-ChatMessage class (1ms)
  ChatMessage component prop:statusOptions with type:failed
    ✓ check for statusOptions type:failed (4ms)
    ✓ check for statusOptions type:failed default props (1ms)
  ChatMessage component prop:statusOptions with type:sending
    ✓ check for statusOptions type:sending (2ms)
    ✓ check for statusOptions type:sending default props
  ChatMessage component prop:statusOptions with type:sent
    ✓ check for statusOptions type:sent with time:string (2ms)
    ✓ check for statusOptions type:sent with time:number (2ms)
  ChatMessage component prop:statusOptions with type:read
    ✓ check for statusOptions type:read (2ms)
    ✓ check for statusOptions type:read default props (1ms)
    ✓ check for statusOptions type:read with time prop (2ms)
  ChatMessage component prop:statusOptions with type:urgent
    ✓ check for statusOptions type:urgent (2ms)
    ✓ check for statusOptions type:urgent with time prop (2ms)

  console.error node_modules/react-dom/cjs/react-dom.development.js:88
    Warning: An update to AvatarSelection inside a test was not wrapped in act(...).
    
    When testing, code that causes React state updates should be wrapped into act(...):
    
    act(() => {
      /* fire events that update state */
    });
    /* assert on the output */
    
    This ensures that you're testing the behavior the user would see in the browser. Learn more at https://fb.me/react-wrap-tests-with-act
        in AvatarSelection

  console.error node_modules/react-dom/cjs/react-dom.development.js:88
    Warning: Can't perform a React state update on an unmounted component. This is a no-op, but it indicates a memory leak in your application. To fix, cancel all subscriptions and asynchronous tasks in a useEffect cleanup function.
        in AvatarSelection

PASS core/components/organisms/navigation/__tests__/Navigation.test.tsx
  Navigation component
    ✓ 
  type: "horizontal", align: "left", menus: [{"name":"tab1","label":"Tab #1","count":1,"icon":"event"},{"name":"tab2","label":"Tab #2","count":2,"subMenu":[{"name":"tab2child1","label":"tab2child1"},{"name":"tab2child2","label":"tab2child2"}]},{"name":"tab3","label":"Tab #3","count":3,"subMenu":[{"name":"tab3child1","label":"tab3child1"}]}], active: true, onClick: "[Function]", onToggle: "[Function]"
 (9ms)
    ✓ 
  type: "horizontal", align: "center", menus: [{"name":"tab1","label":"Tab #1","count":1,"icon":"event"},{"name":"tab2","label":"Tab #2","count":2,"subMenu":[{"name":"tab2child1","label":"tab2child1"},{"name":"tab2child2","label":"tab2child2"}]},{"name":"tab3","label":"Tab #3","count":3,"subMenu":[{"name":"tab3child1","label":"tab3child1"}]}], active: true, onClick: "[Function]", onToggle: "[Function]"
 (3ms)
    ✓ 
  type: "vertical", menus: [{"name":"tab1","label":"Tab #1","count":1,"icon":"event"},{"name":"tab2","label":"Tab #2","count":2,"subMenu":[{"name":"tab2child1","label":"tab2child1"},{"name":"tab2child2","label":"tab2child2"}]},{"name":"tab3","label":"Tab #3","count":3,"subMenu":[{"name":"tab3child1","label":"tab3child1"}]}], autoCollapse: false, expanded: false, rounded: true, onClick: "[Function]", onToggle: "[Function]"
 (5ms)
    ✓ render horizontal nav when no type is passed (10ms)
    ✓ renders vertical nav when vertical type is passed (4ms)
    ✓ render vertical nav when active is true (7ms)
    ✓ render vertical nav when active is not passed (3ms)
  VerticalNavigation component
    ✓ render vertical nav when subMenu  is passed and menu tab is active (6ms)
    ✓ render vertical nav when subMenu  is not passed and menu tab is active (3ms)
    ✓ render vertical nav menu is expanded and rounded (3ms)
    ✓ render vertical nav menu is has icon (3ms)
    ✓ render vertical nav menu is has icon and menu is active (3ms)
  Vertical Navigation component prop: onClick
    ✓ renders vertical nav  component with  onClick without submenu  (3ms)
    ✓ renders vertical nav  component with onClick with subMenu and expanded false (3ms)
    ✓ renders vertical nav  component with onClick  on Submenu  (4ms)

  console.error node_modules/react-dom/cjs/react-dom.development.js:88
    Warning: An update to Backdrop inside a test was not wrapped in act(...).
    
    When testing, code that causes React state updates should be wrapped into act(...):
    
    act(() => {
      /* fire events that update state */
    });
    /* assert on the output */
    
    This ensures that you're testing the behavior the user would see in the browser. Learn more at https://fb.me/react-wrap-tests-with-act
        in Backdrop (created by Sidesheet)
        in Sidesheet

  console.warn node_modules/@jest/fake-timers/build/jestFakeTimers.js:358
    A function to advance timers was called but the timers API is not mocked with fake timers. Call `jest.useFakeTimers()` in this test or enable fake timers globally by setting `"timers": "fake"` in the configuration file. This warning is likely a result of a default configuration change in Jest 15.
    
    Release Blog Post: https://jestjs.io/blog/2016/09/01/jest-15.html
    Stack Trace:
    
          146 |
          147 |   afterEach(() => {
        > 148 |     jest.runOnlyPendingTimers();
              |          ^
          149 |     jest.useRealTimers();
          150 |   });
          151 |
    
          Error: 
          at FakeTimers._checkFakeTimers (node_modules/@jest/fake-timers/build/jestFakeTimers.js:368:13)
          at FakeTimers.runOnlyPendingTimers (node_modules/@jest/fake-timers/build/jestFakeTimers.js:222:10)
          at Object.<anonymous> (core/components/molecules/sidesheet/__tests__/Sidesheet.test.tsx:148:10)

PASS core/components/atoms/avatar/__tests__/Avatar.test.tsx
  Avatar component
    ✓ 
  appearance: "primary", disabled: true
 (6ms)
    ✓ 
  appearance: "primary", disabled: false
 (7ms)
    ✓ 
  appearance: "alert", disabled: true
 (5ms)
    ✓ 
  appearance: "alert", disabled: false
 (3ms)
    ✓ 
  appearance: "warning", disabled: true
 (3ms)
    ✓ 
  appearance: "warning", disabled: false
 (7ms)
    ✓ 
  appearance: "success", disabled: true
 (4ms)
    ✓ 
  appearance: "success", disabled: false
 (3ms)
    ✓ 
  appearance: "accent1", disabled: true
 (2ms)
    ✓ 
  appearance: "accent1", disabled: false
 (1ms)
    ✓ 
  appearance: "accent2", disabled: true
 (2ms)
    ✓ 
  appearance: "accent2", disabled: false
 (2ms)
    ✓ 
  appearance: "accent3", disabled: true
 (3ms)
    ✓ 
  appearance: "accent3", disabled: false
 (3ms)
    ✓ 
  appearance: "accent4", disabled: true
 (1ms)
    ✓ 
  appearance: "accent4", disabled: false
 (2ms)
    ✓ 
  size: "regular"
 (5ms)
    ✓ 
  size: "tiny"
 (4ms)
    ✓ 
  size: "micro"
 (7ms)
    ✓ 
  shape: "round"
 (4ms)
    ✓ 
  shape: "square"
 (4ms)
    ✓ renders initials when firstName,lastName,children are given (3ms)
    ✓ renders initials when only firstName is given (3ms)
    ✓ renders initials when only lastName is given (2ms)
    ✓ renders initials when only children is given (1ms)
    ✓ renders initials when firstName and lastName are given (4ms)
    ✓ renders fallback icon when there is no children (7ms)
  Avatar component tagName
    ✓ renders tagName (4ms)
  Avatar Component with overwrite class
    ✓ overwrite Avatar class (3ms)
  Avatar component with prop:appearance
    ✓ should have the Avatar--primary class when appearance=primary  (3ms)
    ✓ should have the Avatar--alert class when appearance=alert  (4ms)
    ✓ should have the Avatar--warning class when appearance=warning  (1ms)
    ✓ should have the Avatar--success class when appearance=success  (5ms)
    ✓ should have the Avatar--accent1 class when appearance=accent1  (6ms)
    ✓ should have the Avatar--accent2 class when appearance=accent2  (4ms)
    ✓ should have the Avatar--accent3 class when appearance=accent3  (6ms)
    ✓ should have the Avatar--accent4 class when appearance=accent4  (3ms)
  Avatar component accessibility
    ✓ should have the Avatar-content--secondary class when appearance is secondary (3ms)
    ✓ should have the Avatar-content--primary class when appearance is primary (2ms)
  Avatar component with prop:size
    ✓ should have the Avatar--regular class when size is regular (2ms)
    ✓ should have the Avatar--tiny class when size is tiny (3ms)
  Avatar component with prop:shape
    ✓ should have the Avatar-square class when shape is square (3ms)
    ✓ should have the Avatar class when shape is round (1ms)
    ✓ should have the Avatar--tiny class when shape is square (3ms)
    ✓ should have the Avatar--tiny class when shape is round (3ms)
  Avatar component with prop:disabled
    ✓ should have the Avatar--disabled class when disabled is true (2ms)
    ✓ should not have the Avatar--disabled class when disabled is false (1ms)
  Avatar component with tooltip
    ✓ should show the tooltip on hover (23ms)
    ✓ should show the tooltip with tooltip prefix on hover (10ms)
    ✓ should show the tooltip with tooltip prefix for children (12ms)
  Avatar component with prop:presence
    ✓ presence should be available for only round avatar (2ms)
    ✓ presence should not be available for square avatar (3ms)
    ✓ presence should not be available for disabled avatar (1ms)
    ✓ presence should have active class for prop presence:active (3ms)
    ✓ presence should have active class for prop presence:away (3ms)
    ✓ presence should have custom stroke color (1ms)
  Avatar component with prop:status
    ✓ should have the Avatar-status class when size is regular (3ms)
    ✓ should not have the Avatar-status class when size is tiny (2ms)
    ✓ should have the Avatar-status class when shape is round (1ms)
    ✓ should not have the Avatar-status class when shape is square (1ms)
    ✓ status should have custom stroke color (3ms)
  Avatar component with prop:shape square fallback icon
    ✓ should render groups icon when shape is square and no initials (2ms)
    ✓ should render person icon when shape is round and no initials (1ms)
    ✓ should render initials when shape is square and initials are provided (1ms)
  Avatar component with prop:size micro and presence/status
    ✓ should not render presence when size is micro (1ms)
    ✓ should not render status when size is micro (1ms)
    ✓ should render presence when size is regular (1ms)
    ✓ should render status when size is regular (1ms)
  Avatar component with Avatar.Image child and appearance
    ✓ should apply appearance background when Avatar.Image is child (1ms)
    ✓ should apply appearance background when Avatar.Icon is child (3ms)
    ✓ should apply appearance background when only initials are provided (3ms)
  Avatar component with prop:size micro
    ✓ should have the Avatar--micro class when size is micro (2ms)

PASS core/components/molecules/sidesheet/__tests__/Sidesheet.test.tsx
  Sidesheet component
    ✓ 
  open: true, backdropClose: false, dimension: "regular", headerOptions: {"backIcon":false,"heading":"Heading","subHeading":"Subheading"}, seperator: false, stickFooter: false
 (40ms)
    ✓ 
  open: true, backdropClose: false, dimension: "large", headerOptions: {"backIcon":false,"heading":"Heading","subHeading":"Subheading"}, seperator: false, stickFooter: false
 (15ms)
  sidesheet component
    ✓ renders children with props: headerOptions and footerOptions (6ms)
    ✓ renders children with props: header and footer (7ms)
    ✓ renders children without footer and footerOptions (9ms)
    ✓ renders children with footer sticked to bottom (5ms)
    ✓ renders children with seperator (13ms)
    ✓ calls onClose function with backdropClose being true (9ms)
  Sidesheet component with prop: dimension
    ✓ renders Sidesheet with dimension: large (4ms)
    ✓ renders Sidesheet with dimension: regular (4ms)
  Sidesheet component with prop: open
    ✓ renders Sidesheet with open: true (6ms)
    ✓ renders Sidesheet with open: false (10ms)
    ✓ focuses first focusable element when Sidesheet opens (79ms)
    ✓ Tab wraps focus within Sidesheet (header, body, footer) (80ms)
    ✓ Escape closes Sidesheet (36ms)
    ✓ renders Sidesheet with toggle of open (16ms)

PASS core/components/atoms/avatarSelection/__tests__/AvatarSelection.test.tsx
  AvatarSelection component snapshot
    ✓ 
  list: [{"firstName":"John","lastName":"Doe"},{"firstName":"Steven","lastName":"Packton"},{"firstName":"Nancy","lastName":"Wheeler"},{"firstName":"Monica","lastName":"Geller"},{"firstName":"Arya","lastName":"Stark"},{"firstName":"Rachel","lastName":"Green"}], size: "tiny", withSearch: "true"
 (30ms)
    ✓ 
  list: [{"firstName":"John","lastName":"Doe"},{"firstName":"Steven","lastName":"Packton"},{"firstName":"Nancy","lastName":"Wheeler"},{"firstName":"Monica","lastName":"Geller"},{"firstName":"Arya","lastName":"Stark"},{"firstName":"Rachel","lastName":"Green"}], size: "tiny", withSearch: "false"
 (31ms)
    ✓ 
  list: [{"firstName":"John","lastName":"Doe"},{"firstName":"Steven","lastName":"Packton"},{"firstName":"Nancy","lastName":"Wheeler"},{"firstName":"Monica","lastName":"Geller"},{"firstName":"Arya","lastName":"Stark"},{"firstName":"Rachel","lastName":"Green"}], size: "regular", withSearch: "true"
 (16ms)
    ✓ 
  list: [{"firstName":"John","lastName":"Doe"},{"firstName":"Steven","lastName":"Packton"},{"firstName":"Nancy","lastName":"Wheeler"},{"firstName":"Monica","lastName":"Geller"},{"firstName":"Arya","lastName":"Stark"},{"firstName":"Rachel","lastName":"Green"}], size: "regular", withSearch: "false"
 (15ms)
  AvatarSelection component
    ✓ renders all avatars without +x avatar (12ms)
    ✓ renders three avatars without +x avatar on list length three (8ms)
    ✓ renders avatars initials (8ms)
  AvatarSelection component with overwrite class
    ✓ overwrite Avatar class (18ms)
  AvatarSelection component with prop: borderColor
    ✓ renders avatars with prop: borderColor (17ms)
    ✓ renders avatars with default borderColor (12ms)
  AvatarSelection component with prop: max
    ✓ renders avatars with prop: max (7ms)
    ✓ renders avatars with default max (11ms)
  AvatarSelection component with prop:withSearch
    ✓ render search input for withSearch:true (57ms)
    ✓ render search input for searchComparator:true (39ms)
    ✓ render search input for withSearch:false (25ms)
    ✓ check for keyboard handler with prop:withSearch (36ms)
  AvatarSelection component with selected list
    ✓ check if avatar count trigger has selection class (10ms)
    ✓ check if avatar count trigger does not have selection class (5ms)
    ✓ check if avatar has selection class (5ms)
  AvatarSelection component callback function
    ✓ check if option is selected onClick event (54ms)
    ✓ check if option is deselected onClick event (37ms)
    ✓ check for avatar deselection (13ms)
  AvatarSelection component with keyboard interactions
    ✓ check for keyboard interaction from avatar count trigger (30ms)
    ✓ check for keyboard interaction from avatar element (8ms)
    ✓ check for keyboard interaction from disabled avatar element (6ms)
  AvatarSelection component test with disabled states
    ✓ check for avatar callbacks for disabled avatar (8ms)
    ✓ check if disabled option is selected onClick event (19ms)
  AvatarSelection component with status and presence
    ✓ renders avatars with status (13ms)
    ✓ renders avatars with presence (9ms)
  AvatarSelection component with shape in data
    ✓ should render avatars with square shape when shape is square in data (4ms)
    ✓ should render avatars with round shape by default when shape is not provided (6ms)
    ✓ should pass shape from data to popover avatars (18ms)
  AvatarSelection component with prop:size in popover
    ✓ should pass size prop to popover avatars (23ms)
    ✓ should pass micro size prop to popover avatars (14ms)
  AvatarSelection component with prop:size and selected state outline
    ✓ should have 2px outline when size is regular and avatar is selected (8ms)
    ✓ should have 1px outline when size is tiny and avatar is selected (8ms)
    ✓ should have 1px outline when size is micro and avatar is selected (12ms)
  AvatarSelection component with prop:size micro in count
    ✓ should apply micro size classes to count avatar text (11ms)
    ✓ should apply tiny size classes to count avatar text (7ms)

PASS core/components/atoms/breadcrumbs/__tests__/Breadcrumbs.test.tsx
  Breadcrumbs component
    ✓ renders empty breadcrumbs (15ms)
    ✓ renders four links (14ms)
    ✓ renders more than four links (114ms)
    ✓ on click is fired with current link (13ms)
    ✓ renders with custom className (2ms)
    ✓ renders with truncate after 160px (4ms)
  Breadcrumbs component with Tooltip
    ✓ check for prop showTooltip:true (12ms)

PASS core/components/organisms/calendar/__tests__/Calendar.test.tsx
  Calendar component
    ✓ 
  
 (33ms)
    ✓ 
  disabledAfter: 1584662400000
 (20ms)
    ✓ 
  disabledBefore: 1583798400000
 (19ms)
    ✓ 
  disabledBefore: 1583798400000, disabledAfter: 1584662400000
 (27ms)
    ✓ 
  firstDayOfWeek: "sunday"
 (17ms)
    ✓ 
  firstDayOfWeek: "monday"
 (19ms)
    ✓ 
  firstDayOfWeek: "tuesday"
 (15ms)
    ✓ 
  firstDayOfWeek: "wednesday"
 (50ms)
    ✓ 
  firstDayOfWeek: "thursday"
 (20ms)
    ✓ 
  firstDayOfWeek: "friday"
 (18ms)
    ✓ 
  firstDayOfWeek: "saturday"
 (25ms)
    ✓ 
  size: "small", view: "year"
 (7ms)
    ✓ 
  size: "small", view: "month"
 (9ms)
    ✓ 
  size: "small", view: "date"
 (23ms)
    ✓ 
  size: "large", view: "year"
 (8ms)
    ✓ 
  size: "large", view: "month"
 (6ms)
    ✓ 
  size: "large", view: "date"
 (15ms)
    ✓ 
  size: "small", monthsInView: 1
 (11ms)
    ✓ 
  size: "small", monthsInView: 2
 (15ms)
    ✓ 
  size: "small", monthsInView: 3
 (22ms)
    ✓ 
  size: "large", monthsInView: 1
 (15ms)
    ✓ 
  size: "large", monthsInView: 2
 (24ms)
    ✓ 
  size: "large", monthsInView: 3
 (21ms)
    ✓ with size: 'small', view: 'date' (10ms)
    ✓ with size: 'small', view: 'month' (5ms)
    ✓ with size: 'small', view: 'year' (6ms)
    ✓ with size: 'large', view: 'date' (10ms)
    ✓ with size: 'large', view: 'month' (5ms)
    ✓ with size: 'large', view: 'year' (4ms)
    ✓ renders events indicator on given date (10ms)
    ✓ renders events indicator on given dummy date (10ms)
    ✓ calls onClick handler when date is selected (12ms)
    ✓ calls onClick handler when date is selected and rangePicker is true (20ms)
    ✓ calls onMouseOver handler when rangePicker is true (27ms)
    ✓ calls onClick handler when jumpView is true (19ms)
    ✓ calls navIconClick handler when view is month (3ms)
    ✓ calls navIconClick handler when view is year (6ms)
    ✓ calls navIconClick handler when view is date (13ms)
    ✓ calls selectYear function when view is year (10ms)
    ✓ calls selectYear function when view is month (13ms)
    ✓ calls onMouseOver handler when date value is hovered (9ms)
    ✓ calls onMouseOver handler when month value is hovered (2ms)
    ✓ calls onMouseOver handler when year value is hovered (5ms)
    when first day of week is sunday
      ✓ should render dates in the correct format with respect to the day (7ms)
    when first day of week is monday
      ✓ should render dates in the correct format with respect to the day (9ms)
    when first day of week is tuesday
      ✓ should render dates in the correct format with respect to the day (8ms)
    when first day of week is wednesday
      ✓ should render dates in the correct format with respect to the day (4ms)
    when first day of week is thursday
      ✓ should render dates in the correct format with respect to the day (7ms)
    when first day of week is friday
      ✓ should render dates in the correct format with respect to the day (12ms)
    when first day of week is saturday
      ✓ should render dates in the correct format with respect to the day (6ms)
  text color for different states
    ✓ should have the text color as inverse when the state is default (9ms)
    ✓ should have text color as white when a date is selected (8ms)
    ✓ should have the text color as inverse-lightest when the state is disabled (3ms)
    ✓ should have the text color as primary-dark for current date  (6ms)
    ✓ should have the text color as primary-lighter when the state is disabled but with current year (3ms)

PASS core/components/atoms/actionCard/__tests__/ActionCard.test.tsx
  Action Card component snapshots
    ✓ 
  
 (11ms)
    ✓ 
  disabled: true
 (1ms)
    ✓ 
  disabled: false
 (2ms)
  Action Card component event handlers
    ✓ check for onClick handler with disabled (5ms)
    ✓ check for onClick handler with non disabled (4ms)
  Action Card component custom classes
    ✓ check for custom class (1ms)
  Action Card component default classes
    ✓ check for default classes
  Action Card component disabled state
    ✓ check for disabled class (1ms)
    ✓ check for disabled overlay (1ms)

PASS core/components/molecules/keyValuePair/__tests__/KeyValuePair.test.tsx
  KeyValue component snapshot
    ✓ 
  
 (7ms)
  KeyValue component with Key sub component
    ✓ check for prop:label (6ms)
    ✓ check for prop:icon with default alignment (3ms)
    ✓ check for prop:icon with iconAlign:right (2ms)
    ✓ check for prop:iconOptions (1ms)
    ✓ check for prop:children (1ms)
    ✓ check for prop:className (2ms)
  KeyValue component with Value sub component
    ✓ check for prop:value (1ms)
    ✓ check for prop:children (1ms)
    ✓ check for prop:className (2ms)

  console.error node_modules/react-dom/cjs/react-dom.development.js:88
    Warning: MultiSlider: getSnapshotBeforeUpdate() should be used with componentDidUpdate(). This component defines getSnapshotBeforeUpdate() only.
        in MultiSlider (created by Slider)
        in Slider

  console.error node_modules/react-dom/cjs/react-dom.development.js:88
    Warning: MultiSlider: getDerivedStateFromProps() is defined as an instance method and will be ignored. Instead, declare it as a static method.
        in MultiSlider (created by Slider)
        in Slider

  console.error node_modules/react-dom/cjs/react-dom.development.js:88
    Warning: MultiSlider: getDerivedStateFromProps() is defined as an instance method and will be ignored. Instead, declare it as a static method.
        in MultiSlider (created by Slider)
        in Slider

  console.error node_modules/react-dom/cjs/react-dom.development.js:88
    Warning: MultiSlider: getDerivedStateFromProps() is defined as an instance method and will be ignored. Instead, declare it as a static method.
        in MultiSlider (created by Slider)
        in Slider

PASS core/components/molecules/chat/dateSeparator/__tests__/DateSeparator.test.tsx
  Chat Date Separator component snapshot
    ✓ 
  date: "01 Jan 2025"
 (6ms)
  Chat Date Separator component
    ✓ renders children (2ms)
    ✓ Chat Date Separator Component with overwrite data-test attribute (1ms)
    Chat Date Separator Component with overwrite class
      ✓ overwrite Chat Date Separator class (1ms)

  console.error node_modules/react-dom/cjs/react-dom.development.js:88
    Warning: An update to Dropzone inside a test was not wrapped in act(...).
    
    When testing, code that causes React state updates should be wrapped into act(...):
    
    act(() => {
      /* fire events that update state */
    });
    /* assert on the output */
    
    This ensures that you're testing the behavior the user would see in the browser. Learn more at https://fb.me/react-wrap-tests-with-act
        in Dropzone

  console.error node_modules/react-dom/cjs/react-dom.development.js:88
    Warning: An update to Dropzone inside a test was not wrapped in act(...).
    
    When testing, code that causes React state updates should be wrapped into act(...):
    
    act(() => {
      /* fire events that update state */
    });
    /* assert on the output */
    
    This ensures that you're testing the behavior the user would see in the browser. Learn more at https://fb.me/react-wrap-tests-with-act
        in Dropzone

  console.error node_modules/react-dom/cjs/react-dom.development.js:88
    Warning: An update to Dropzone inside a test was not wrapped in act(...).
    
    When testing, code that causes React state updates should be wrapped into act(...):
    
    act(() => {
      /* fire events that update state */
    });
    /* assert on the output */
    
    This ensures that you're testing the behavior the user would see in the browser. Learn more at https://fb.me/react-wrap-tests-with-act
        in Dropzone

  console.error node_modules/react-dom/cjs/react-dom.development.js:88
    Warning: An update to Dropzone inside a test was not wrapped in act(...).
    
    When testing, code that causes React state updates should be wrapped into act(...):
    
    act(() => {
      /* fire events that update state */
    });
    /* assert on the output */
    
    This ensures that you're testing the behavior the user would see in the browser. Learn more at https://fb.me/react-wrap-tests-with-act
        in Dropzone

  console.error node_modules/react-dom/cjs/react-dom.development.js:88
    Warning: An update to Dropzone inside a test was not wrapped in act(...).
    
    When testing, code that causes React state updates should be wrapped into act(...):
    
    act(() => {
      /* fire events that update state */
    });
    /* assert on the output */
    
    This ensures that you're testing the behavior the user would see in the browser. Learn more at https://fb.me/react-wrap-tests-with-act
        in Dropzone

  console.error node_modules/react-dom/cjs/react-dom.development.js:88
    Warning: An update to Dropzone inside a test was not wrapped in act(...).
    
    When testing, code that causes React state updates should be wrapped into act(...):
    
    act(() => {
      /* fire events that update state */
    });
    /* assert on the output */
    
    This ensures that you're testing the behavior the user would see in the browser. Learn more at https://fb.me/react-wrap-tests-with-act
        in Dropzone

  console.error node_modules/react-dom/cjs/react-dom.development.js:88
    Warning: An update to Dropzone inside a test was not wrapped in act(...).
    
    When testing, code that causes React state updates should be wrapped into act(...):
    
    act(() => {
      /* fire events that update state */
    });
    /* assert on the output */
    
    This ensures that you're testing the behavior the user would see in the browser. Learn more at https://fb.me/react-wrap-tests-with-act
        in Dropzone

  console.error node_modules/react-dom/cjs/react-dom.development.js:88
    Warning: An update to Dropzone inside a test was not wrapped in act(...).
    
    When testing, code that causes React state updates should be wrapped into act(...):
    
    act(() => {
      /* fire events that update state */
    });
    /* assert on the output */
    
    This ensures that you're testing the behavior the user would see in the browser. Learn more at https://fb.me/react-wrap-tests-with-act
        in Dropzone

  console.error node_modules/react-dom/cjs/react-dom.development.js:88
    Warning: An update to Dropzone inside a test was not wrapped in act(...).
    
    When testing, code that causes React state updates should be wrapped into act(...):
    
    act(() => {
      /* fire events that update state */
    });
    /* assert on the output */
    
    This ensures that you're testing the behavior the user would see in the browser. Learn more at https://fb.me/react-wrap-tests-with-act
        in Dropzone

  console.error node_modules/react-dom/cjs/react-dom.development.js:88
    Warning: An update to Dropzone inside a test was not wrapped in act(...).
    
    When testing, code that causes React state updates should be wrapped into act(...):
    
    act(() => {
      /* fire events that update state */
    });
    /* assert on the output */
    
    This ensures that you're testing the behavior the user would see in the browser. Learn more at https://fb.me/react-wrap-tests-with-act
        in Dropzone

  console.error node_modules/react-dom/cjs/react-dom.development.js:88
    Warning: An update to Dropzone inside a test was not wrapped in act(...).
    
    When testing, code that causes React state updates should be wrapped into act(...):
    
    act(() => {
      /* fire events that update state */
    });
    /* assert on the output */
    
    This ensures that you're testing the behavior the user would see in the browser. Learn more at https://fb.me/react-wrap-tests-with-act
        in Dropzone

  console.error node_modules/react-dom/cjs/react-dom.development.js:88
    Warning: An update to Dropzone inside a test was not wrapped in act(...).
    
    When testing, code that causes React state updates should be wrapped into act(...):
    
    act(() => {
      /* fire events that update state */
    });
    /* assert on the output */
    
    This ensures that you're testing the behavior the user would see in the browser. Learn more at https://fb.me/react-wrap-tests-with-act
        in Dropzone

PASS core/components/atoms/slider/__tests__/Slider.test.tsx
  Slider component
    ✓ 
  defaultValue: 10
 (18ms)
    ✓ 
  value: 10
 (7ms)
  slider component
    ✓ check for onChange function call (15ms)

PASS core/components/molecules/dropzone/__tests__/Dropzone.test.tsx
  Dropzone component snapshot
    ✓ 
  formatLabel: "Accepted formats: PDF, JPG", sizeLabel: "Maximum size: 30 MB", disabled: true, type: "standard"
 (14ms)
    ✓ 
  formatLabel: "Accepted formats: PDF, JPG", sizeLabel: "Maximum size: 30 MB", disabled: true, type: "compressed"
 (3ms)
    ✓ 
  formatLabel: "Accepted formats: PDF, JPG", sizeLabel: "Maximum size: 30 MB", disabled: true, type: "tight"
 (4ms)
    ✓ 
  formatLabel: "Accepted formats: PDF, JPG", sizeLabel: "Maximum size: 30 MB", disabled: false, type: "standard"
 (5ms)
    ✓ 
  formatLabel: "Accepted formats: PDF, JPG", sizeLabel: "Maximum size: 30 MB", disabled: false, type: "compressed"
 (3ms)
    ✓ 
  formatLabel: "Accepted formats: PDF, JPG", sizeLabel: "Maximum size: 30 MB", disabled: false, type: "tight"
 (3ms)
    ✓ 
  maxSize: 300, minSize: 50, preventDropOnDocument: true, multiple: true
 (3ms)
    ✓ 
  maxSize: 300, minSize: 50, preventDropOnDocument: true, multiple: false
 (2ms)
    ✓ 
  maxSize: 300, minSize: 50, preventDropOnDocument: false, multiple: true
 (4ms)
    ✓ 
  maxSize: 300, minSize: 50, preventDropOnDocument: false, multiple: false
 (7ms)
  Dropzone component
    ✓ renders prop:formatLabel (13ms)
    ✓ renders prop:sizeLabel (4ms)
    ✓ renders prop:sizeLabel & prop:formatLabel (5ms)
    ✓ check for prop:disabled (2ms)
  Dropzone component with prop:type
    ✓ should have the Dropzone--standard class when type=standard  (4ms)
    ✓ should have the Dropzone--compressed class when type=compressed  (3ms)
    ✓ should have the Dropzone--tight class when type=tight  (3ms)
  Dropzone component prop:sampleFileLink
    ✓ check for sampleFileLink element (2ms)
  Dropzone component keyboard accessibility
    ✓ browse files link is keyboard-focusable when not disabled (2ms)
    ✓ browse files link has tabIndex -1 when disabled (1ms)
    ✓ clicking browse files link opens file dialog (6ms)
  Dropzone component event handlers
    ✓ checks for onDragLeave event (4ms)
    ✓ checks for onDragEnter event (7ms)
    ✓ checks for onDragOver event (6ms)
    ✓ checks for onDrop event (7ms)
    ✓ checks for onDropAccepted event (4ms)
    ✓ checks for onDropRejected	event (5ms)
    ✓ check for browse file onOpenDialog option (5ms)
    ✓ check for browse file onCloseDialog option (5ms)
  dropzone component prop:multiple
    ✓ renders component when multiple=false (6ms)
    ✓ renders component when multiple=true (5ms)
  dropzone component prop:accept
    ✓ checks when prop:accept is passed as an array (17ms)
  dropzone component prop:Size
    ✓ renders component when minSize exceeds file size (3ms)
    ✓ renders component when file size exceeds maxSize (1ms)
  DropzoneError Component
    ✓ check for error message (1ms)
  dropzone component prop:getFilesFromEvent
    ✓ checks for onDragEnter event (2ms)
    ✓ checks when dragEnter rejected event (4ms)
    ✓ checks for onDrop event (6ms)

PASS core/components/molecules/placeholder/__tests__/Placeholder.test.tsx
  Placeholder component
    ✓ 
  round: true, withImage: true
 (16ms)
    ✓ 
  round: true, withImage: false
 (3ms)
    ✓ 
  round: false, withImage: true
 (2ms)
    ✓ 
  round: false, withImage: false
 (1ms)
    ✓ 
  imageSize: "small"
 (1ms)
    ✓ 
  imageSize: "medium"
 (1ms)
    ✓ 
  imageSize: "large"
 (2ms)
    ✓ renders children without image (3ms)
    ✓ placeholder component with prop: withImage
  Placeholder Component with overwrite class
    ✓ overwrite Placeholder class (1ms)

PASS core/components/organisms/inlineMessage/__tests__/InlineMessage.test.tsx
  InlineMessage component
    ✓ 
  appearance: "default", description: "Inline Message here."
 (2ms)
    ✓ 
  appearance: "alert", description: "Inline Message here."
 (1ms)
    ✓ 
  appearance: "info", description: "Inline Message here."
 (1ms)
    ✓ 
  appearance: "success", description: "Inline Message here."
 (1ms)
    ✓ 
  appearance: "warning", description: "Inline Message here."
 (1ms)
  InlineMessage Component with overwrite class
    ✓ overwrite InlineMessage class (2ms)
  InlineMessage component with prop:appearance
    ✓ should have the InlineMessage-text--default class when appearance=default  (2ms)
    ✓ should have the InlineMessage-text--alert class when appearance=alert  (1ms)
    ✓ should have the InlineMessage-text--info class when appearance=info  (3ms)
    ✓ should have the InlineMessage-text--success class when appearance=success  (1ms)
    ✓ should have the InlineMessage-text--warning class when appearance=warning  (2ms)
  InlineMessage component 
    ✓ check for icon when appearance:default (1ms)
    ✓ render component when appearance is not default (2ms)
    ✓ check for icon in case of default props (2ms)
    ✓ check for description in case of default props (6ms)
  InlineMessage component with prop:size
    ✓ check for text size with prop size=small (3ms)
    ✓ check for text size with prop size=regular (3ms)
    ✓ check for text weight with prop size=small (2ms)
    ✓ check for icon size with prop size=small (12ms)
    ✓ check for icon size with prop size=regular (4ms)

  console.error node_modules/react-dom/cjs/react-dom.development.js:88
    Warning: An update to ChatInput inside a test was not wrapped in act(...).
    
    When testing, code that causes React state updates should be wrapped into act(...):
    
    act(() => {
      /* fire events that update state */
    });
    /* assert on the output */
    
    This ensures that you're testing the behavior the user would see in the browser. Learn more at https://fb.me/react-wrap-tests-with-act
        in ChatInput

  console.error node_modules/react-dom/cjs/react-dom.development.js:88
    Warning: Can't perform a React state update on an unmounted component. This is a no-op, but it indicates a memory leak in your application. To fix, cancel all subscriptions and asynchronous tasks in a useEffect cleanup function.
        in ChatInput

PASS core/components/atoms/dropdown/__tests__/Loading.test.tsx
  renders loading states
    ✓ DEFAULT options (42ms)
    ✓ WITH_ICON options (26ms)
    ✓ WITH_META options (29ms)
    ✓ ICON_WITH_META options (568ms)
    ✓ WITH_CHECKBOX options (19ms)

PASS core/components/molecules/chat/chatInput/__tests__/ChatInput.test.tsx
  ChatInput component
    ✓ 
  placeholder: "Custom placeholder", defaultValue: "Sample message", disabled: true, readOnly: true, showStopButton: true, onChange: "[Function]", onClick: "[Function]", onBlur: "[Function]", onFocus: "[Function]", onKeyDown: "[Function]", onSend: "[Function]", onStopGenerating: "[Function]"
 (9ms)
    ✓ 
  placeholder: "Custom placeholder", defaultValue: "Sample message", disabled: true, readOnly: true, showStopButton: false, onChange: "[Function]", onClick: "[Function]", onBlur: "[Function]", onFocus: "[Function]", onKeyDown: "[Function]", onSend: "[Function]", onStopGenerating: "[Function]"
 (3ms)
    ✓ 
  placeholder: "Custom placeholder", defaultValue: "Sample message", disabled: true, readOnly: false, showStopButton: true, onChange: "[Function]", onClick: "[Function]", onBlur: "[Function]", onFocus: "[Function]", onKeyDown: "[Function]", onSend: "[Function]", onStopGenerating: "[Function]"
 (2ms)
    ✓ 
  placeholder: "Custom placeholder", defaultValue: "Sample message", disabled: true, readOnly: false, showStopButton: false, onChange: "[Function]", onClick: "[Function]", onBlur: "[Function]", onFocus: "[Function]", onKeyDown: "[Function]", onSend: "[Function]", onStopGenerating: "[Function]"
 (2ms)
    ✓ 
  placeholder: "Custom placeholder", defaultValue: "Sample message", disabled: false, readOnly: true, showStopButton: true, onChange: "[Function]", onClick: "[Function]", onBlur: "[Function]", onFocus: "[Function]", onKeyDown: "[Function]", onSend: "[Function]", onStopGenerating: "[Function]"
 (2ms)
    ✓ 
  placeholder: "Custom placeholder", defaultValue: "Sample message", disabled: false, readOnly: true, showStopButton: false, onChange: "[Function]", onClick: "[Function]", onBlur: "[Function]", onFocus: "[Function]", onKeyDown: "[Function]", onSend: "[Function]", onStopGenerating: "[Function]"
 (2ms)
    ✓ 
  placeholder: "Custom placeholder", defaultValue: "Sample message", disabled: false, readOnly: false, showStopButton: true, onChange: "[Function]", onClick: "[Function]", onBlur: "[Function]", onFocus: "[Function]", onKeyDown: "[Function]", onSend: "[Function]", onStopGenerating: "[Function]"
 (3ms)
    ✓ 
  placeholder: "Custom placeholder", defaultValue: "Sample message", disabled: false, readOnly: false, showStopButton: false, onChange: "[Function]", onClick: "[Function]", onBlur: "[Function]", onFocus: "[Function]", onKeyDown: "[Function]", onSend: "[Function]", onStopGenerating: "[Function]"
 (1ms)
    ✓ renders with default props (3ms)
    ✓ handles input change correctly (4ms)
    ✓ handles send button click correctly (5ms)
    ✓ shows stop button when showStopButton is true (1ms)
    ✓ handles stop generating button click correctly (2ms)
    ✓ disables input and buttons when disabled prop is true (5ms)
    ✓ renders custom action renderer when provided (4ms)
    ✓ clears input after sending message (4ms)
    ✓ Should make input read-only when readOnly prop is true (2ms)
    ✓ Should allow sending message when readOnly but prevent editing (3ms)
    className and data-test attributes
      ✓ applies custom className to the container (3ms)
      ✓ applies correct classes when disabled (1ms)
      ✓ verifies data-test attributes on all interactive elements (3ms)
      ✓ verifies textarea has correct data-test attribute and class (2ms)

PASS core/components/atoms/divider/__tests__/Divider.test.tsx
  Divider component snapshots
    ✓ 
  vertical: true, appearance: "basic"
 (8ms)
    ✓ 
  vertical: true, appearance: "header"
 (1ms)
    ✓ 
  vertical: false, appearance: "basic"
 (2ms)
    ✓ 
  vertical: false, appearance: "header"
 (1ms)
  Divider component with orientation:horizontal
    ✓ test for horizontal divider type:Basic (3ms)
    ✓ test for horizontal divider type:Header (1ms)
  Divider component with orientation:vertical
    ✓ test for Vertical divider (1ms)

  console.error node_modules/react-dom/cjs/react-dom.development.js:88
    Warning: Unknown event handler property `onChangeHandler`. It will be ignored.
        in input (created by Input)
        in div (created by Input)
        in Input

  console.error node_modules/prop-types/checkPropTypes.js:20
    Warning: Failed prop type: You provided a `value` prop to a form field without an `onChange` handler. This will render a read-only field. If the field should be mutable use `defaultValue`. Otherwise, set either `onChange` or `readOnly`.
        in input (created by Input)
        in div (created by Input)
        in Input

  console.error core/components/atoms/input/Input.tsx:4212
    Error setting selection range: DOMException [InvalidStateError]: The object is in an invalid state.
        at HTMLInputElementImpl.setSelectionRange (/Users/abhiroop.chaudhuri/Desktop/DEVELOPMENT/MDS/design-system/node_modules/jest-environment-jsdom-fifteen/node_modules/jsdom/lib/jsdom/living/nodes/HTMLInputElement-impl.js:495:13)
        at HTMLInputElement.setSelectionRange (/Users/abhiroop.chaudhuri/Desktop/DEVELOPMENT/MDS/design-system/node_modules/jest-environment-jsdom-fifteen/node_modules/jsdom/lib/jsdom/living/generated/HTMLInputElement.js:187:23)
        at /Users/abhiroop.chaudhuri/Desktop/DEVELOPMENT/MDS/design-system/core/components/atoms/input/Input.tsx:4208:17
        at commitHookEffectListMount (/Users/abhiroop.chaudhuri/Desktop/DEVELOPMENT/MDS/design-system/node_modules/react-dom/cjs/react-dom.development.js:19731:26)
        at commitPassiveHookEffects (/Users/abhiroop.chaudhuri/Desktop/DEVELOPMENT/MDS/design-system/node_modules/react-dom/cjs/react-dom.development.js:19769:11)
        at HTMLUnknownElement.callCallback (/Users/abhiroop.chaudhuri/Desktop/DEVELOPMENT/MDS/design-system/node_modules/react-dom/cjs/react-dom.development.js:188:14)
        at innerInvokeEventListeners (/Users/abhiroop.chaudhuri/Desktop/DEVELOPMENT/MDS/design-system/node_modules/jest-environment-jsdom-fifteen/node_modules/jsdom/lib/jsdom/living/events/EventTarget-impl.js:316:27)
        at invokeEventListeners (/Users/abhiroop.chaudhuri/Desktop/DEVELOPMENT/MDS/design-system/node_modules/jest-environment-jsdom-fifteen/node_modules/jsdom/lib/jsdom/living/events/EventTarget-impl.js:267:3)
        at HTMLUnknownElementImpl._dispatch (/Users/abhiroop.chaudhuri/Desktop/DEVELOPMENT/MDS/design-system/node_modules/jest-environment-jsdom-fifteen/node_modules/jsdom/lib/jsdom/living/events/EventTarget-impl.js:214:9)
        at HTMLUnknownElementImpl.dispatchEvent (/Users/abhiroop.chaudhuri/Desktop/DEVELOPMENT/MDS/design-system/node_modules/jest-environment-jsdom-fifteen/node_modules/jsdom/lib/jsdom/living/events/EventTarget-impl.js:87:17)

  console.error core/components/atoms/input/Input.tsx:4212
    Error setting selection range: DOMException [InvalidStateError]: The object is in an invalid state.
        at HTMLInputElementImpl.setSelectionRange (/Users/abhiroop.chaudhuri/Desktop/DEVELOPMENT/MDS/design-system/node_modules/jest-environment-jsdom-fifteen/node_modules/jsdom/lib/jsdom/living/nodes/HTMLInputElement-impl.js:495:13)
        at HTMLInputElement.setSelectionRange (/Users/abhiroop.chaudhuri/Desktop/DEVELOPMENT/MDS/design-system/node_modules/jest-environment-jsdom-fifteen/node_modules/jsdom/lib/jsdom/living/generated/HTMLInputElement.js:187:23)
        at /Users/abhiroop.chaudhuri/Desktop/DEVELOPMENT/MDS/design-system/core/components/atoms/input/Input.tsx:4208:17
        at commitHookEffectListMount (/Users/abhiroop.chaudhuri/Desktop/DEVELOPMENT/MDS/design-system/node_modules/react-dom/cjs/react-dom.development.js:19731:26)
        at commitPassiveHookEffects (/Users/abhiroop.chaudhuri/Desktop/DEVELOPMENT/MDS/design-system/node_modules/react-dom/cjs/react-dom.development.js:19769:11)
        at HTMLUnknownElement.callCallback (/Users/abhiroop.chaudhuri/Desktop/DEVELOPMENT/MDS/design-system/node_modules/react-dom/cjs/react-dom.development.js:188:14)
        at innerInvokeEventListeners (/Users/abhiroop.chaudhuri/Desktop/DEVELOPMENT/MDS/design-system/node_modules/jest-environment-jsdom-fifteen/node_modules/jsdom/lib/jsdom/living/events/EventTarget-impl.js:316:27)
        at invokeEventListeners (/Users/abhiroop.chaudhuri/Desktop/DEVELOPMENT/MDS/design-system/node_modules/jest-environment-jsdom-fifteen/node_modules/jsdom/lib/jsdom/living/events/EventTarget-impl.js:267:3)
        at HTMLUnknownElementImpl._dispatch (/Users/abhiroop.chaudhuri/Desktop/DEVELOPMENT/MDS/design-system/node_modules/jest-environment-jsdom-fifteen/node_modules/jsdom/lib/jsdom/living/events/EventTarget-impl.js:214:9)
        at HTMLUnknownElementImpl.dispatchEvent (/Users/abhiroop.chaudhuri/Desktop/DEVELOPMENT/MDS/design-system/node_modules/jest-environment-jsdom-fifteen/node_modules/jsdom/lib/jsdom/living/events/EventTarget-impl.js:87:17)

  console.error core/components/atoms/input/Input.tsx:4212
    Error setting selection range: DOMException [InvalidStateError]: The object is in an invalid state.
        at HTMLInputElementImpl.setSelectionRange (/Users/abhiroop.chaudhuri/Desktop/DEVELOPMENT/MDS/design-system/node_modules/jest-environment-jsdom-fifteen/node_modules/jsdom/lib/jsdom/living/nodes/HTMLInputElement-impl.js:495:13)
        at HTMLInputElement.setSelectionRange (/Users/abhiroop.chaudhuri/Desktop/DEVELOPMENT/MDS/design-system/node_modules/jest-environment-jsdom-fifteen/node_modules/jsdom/lib/jsdom/living/generated/HTMLInputElement.js:187:23)
        at /Users/abhiroop.chaudhuri/Desktop/DEVELOPMENT/MDS/design-system/core/components/atoms/input/Input.tsx:4208:17
        at commitHookEffectListMount (/Users/abhiroop.chaudhuri/Desktop/DEVELOPMENT/MDS/design-system/node_modules/react-dom/cjs/react-dom.development.js:19731:26)
        at commitPassiveHookEffects (/Users/abhiroop.chaudhuri/Desktop/DEVELOPMENT/MDS/design-system/node_modules/react-dom/cjs/react-dom.development.js:19769:11)
        at HTMLUnknownElement.callCallback (/Users/abhiroop.chaudhuri/Desktop/DEVELOPMENT/MDS/design-system/node_modules/react-dom/cjs/react-dom.development.js:188:14)
        at innerInvokeEventListeners (/Users/abhiroop.chaudhuri/Desktop/DEVELOPMENT/MDS/design-system/node_modules/jest-environment-jsdom-fifteen/node_modules/jsdom/lib/jsdom/living/events/EventTarget-impl.js:316:27)
        at invokeEventListeners (/Users/abhiroop.chaudhuri/Desktop/DEVELOPMENT/MDS/design-system/node_modules/jest-environment-jsdom-fifteen/node_modules/jsdom/lib/jsdom/living/events/EventTarget-impl.js:267:3)
        at HTMLUnknownElementImpl._dispatch (/Users/abhiroop.chaudhuri/Desktop/DEVELOPMENT/MDS/design-system/node_modules/jest-environment-jsdom-fifteen/node_modules/jsdom/lib/jsdom/living/events/EventTarget-impl.js:214:9)
        at HTMLUnknownElementImpl.dispatchEvent (/Users/abhiroop.chaudhuri/Desktop/DEVELOPMENT/MDS/design-system/node_modules/jest-environment-jsdom-fifteen/node_modules/jsdom/lib/jsdom/living/events/EventTarget-impl.js:87:17)

PASS core/components/molecules/chat/chatBubble/__tests__/ChatBubble.test.tsx
  ChatBubble component snapshot
    ✓ 
  type: "incoming", incomingOptions: {"time":"1:00 AM","metaData":"Meta Data","avatarData":{"firstName":"John","lastName":"Doe"},"showAvatar":true,"urgentMessage":"[Function]"}, outgoingOptions: {"status":true,"time":"1:00 AM","metaData":"Meta Data","urgentMessage":"[Function]"}, children: "[ReactNode]"
 (12ms)
    ✓ 
  type: "outgoing", incomingOptions: {"time":"1:00 AM","metaData":"Meta Data","avatarData":{"firstName":"John","lastName":"Doe"},"showAvatar":true,"urgentMessage":"[Function]"}, outgoingOptions: {"status":true,"time":"1:00 AM","metaData":"Meta Data","urgentMessage":"[Function]"}, children: "[ReactNode]"
 (6ms)
  ChatBubble Component type: Incoming
    ✓ renders incoming chat bubble correctly (6ms)
    ✓ shows action bar on mouse enter and hides on mouse leave for incoming bubble (7ms)
    ✓ applies custom className to incoming chat bubble (3ms)
  ChatBubble Component type: Outgoing
    ✓ renders outgoing chat bubble correctly (3ms)
    ✓ shows action bar on mouse enter and hides on mouse leave for outgoing bubble (5ms)
    ✓ renders outgoing chat bubble with failed message correctly (3ms)
    ✓ applies custom className to outgoing chat bubble (2ms)

PASS core/components/organisms/grid/__tests__/GridCell.test.tsx
  renders GridCell with no cellType 
    ✓ renders Grid with  no cellType , loading true  (8ms)
    ✓ renders Grid with  no cellType , loading false  (11ms)
  renders GridCell with cellType WITH_META_LIST
    ✓ renders Grid with loading true  (2ms)
    ✓ renders Grid with loading false (3ms)
  renders GridCell with cellType AVATAR
    ✓ renders Grid with loading true  (3ms)
    ✓ renders Grid with loading false (8ms)
  renders GridCell with cellType AVATAR_WITH_TEXT
    ✓ renders Grid with loading true  (1ms)
    ✓ renders Grid with loading false (3ms)
  renders GridCell with cellType AVATAR_WITH_META_LIST
    ✓ renders Grid with loading true  (2ms)
    ✓ renders Grid with loading false (3ms)
  renders GridCell with cellType ICON
    ✓ renders Grid with loading true  (1ms)
    ✓ renders Grid with loading false (4ms)
  renders GridCell with cellType STATUS_HINT
    ✓ renders Grid with loading true  (2ms)
    ✓ renders Grid with loading false (3ms)

PASS core/components/atoms/input/__tests__/Input.test.tsx
  Input Component - Size Variants Snapshot Tests
    ✓ 
  name: "name", size: "tiny", onChangeHandler: "[Function]"
 (8ms)
    ✓ 
  name: "name", size: "regular", onChangeHandler: "[Function]"
 (4ms)
    ✓ 
  name: "name", size: "large", onChangeHandler: "[Function]"
 (1ms)
  Input Component - Input Type Variants Snapshot Tests
    ✓ 
  name: "name", type: "text", onChangeHandler: "[Function]"
 (2ms)
    ✓ 
  name: "name", type: "password", onChangeHandler: "[Function]"
 (2ms)
    ✓ 
  name: "name", type: "number", onChangeHandler: "[Function]"
 (2ms)
  Input Component - Number Type with Inline Label Snapshot Tests
    ✓ 
  name: "name", size: "tiny", type: "number", inlineLabel: "USD", onChangeHandler: "[Function]"
 (3ms)
    ✓ 
  name: "name", size: "regular", type: "number", inlineLabel: "USD", onChangeHandler: "[Function]"
 (2ms)
    ✓ 
  name: "name", size: "large", type: "number", inlineLabel: "USD", onChangeHandler: "[Function]"
 (2ms)
  Input Component - Icon and Placeholder Variants Snapshot Tests
    ✓ 
  name: "name", placeholder: "Placeholder", onChangeHandler: "[Function]"
 (2ms)
    ✓ 
  name: "name", placeholder: "Placeholder", onChangeHandler: "[Function]", icon: "events"
 (4ms)
    ✓ 
  name: "name", placeholder: "Placeholder", onChangeHandler: "[Function]", value: "value"
 (3ms)
    ✓ 
  name: "name", placeholder: "Placeholder", onChangeHandler: "[Function]", value: "value", icon: "events"
 (2ms)
  Input Component - Disabled State with Icon Snapshot Tests
    ✓ 
  name: "name", value: "value", disabled: true, onChangeHandler: "[Function]"
 (2ms)
    ✓ 
  name: "name", value: "value", disabled: true, onChangeHandler: "[Function]", icon: "events"
 (6ms)
  Input Component - Disabled State without Change Handler Snapshot Tests
    ✓ 
  name: "name", value: "value", disabled: true
 (2ms)
    ✓ 
  name: "name", value: "value", disabled: true, icon: "events"
 (2ms)
  Input Component - ReadOnly State with Icon Snapshot Tests
    ✓ 
  name: "name", value: "value", readOnly: true
 (2ms)
    ✓ 
  name: "name", value: "value", readOnly: true, icon: "events"
 (2ms)
  Input Component - Error State with Icon Snapshot Tests
    ✓ 
  name: "name", value: "value", error: true, onChangeHandler: "[Function]"
 (2ms)
    ✓ 
  name: "name", value: "value", error: true, onChangeHandler: "[Function]", icon: "events"
 (2ms)
  Input Component - Selection Range Management on Type Change
    ✓ through Action Button (8ms)
  Input Component - Comprehensive Behavior Tests
    Input Component - Basic Rendering and Props Validation
      ✓ renders with all basic props (18ms)
      ✓ renders with icon on the left (4ms)
      ✓ renders with inline label (6ms)
      ✓ applies correct CSS classes based on props (1ms)
      ✓ sets correct minWidth based on type (1ms)
      ✓ sets custom minWidth when provided (2ms)
    Input Component - Event Handler Functionality
      ✓ calls onChange handler when input value changes (2ms)
      ✓ calls onFocus handler when input gains focus (2ms)
      ✓ calls onBlur handler when input loses focus (2ms)
      ✓ calls onClick handler when input is clicked (2ms)
      ✓ calls onPaste handler when content is pasted (2ms)
      ✓ focuses input when wrapper is clicked (2ms)
    Input Component - Clear Button Functionality
      ✓ shows clear icon when onClear is provided and input has value (3ms)
      ✓ does not show clear icon when input is empty (2ms)
      ✓ calls onClear when clear icon is clicked (2ms)
      ✓ focuses input after clear icon is clicked (3ms)
      ✓ shows clear icon with defaultValue when onClear is provided (2ms)
    Input Component - Custom Action Icon Functionality
      ✓ renders custom action icon when provided with value (2ms)
      ✓ does not render action icon when input is empty (4ms)
      ✓ prioritizes action icon over clear button (3ms)
    Input Component - Info Tooltip Functionality
      ✓ renders info tooltip when info prop is provided (7ms)
      ✓ does not render info tooltip when disabled (2ms)
    Input Component - Focus Management and Accessibility
      ✓ focuses input programmatically when needed (2ms)
      ✓ sets tabIndex to -1 when readOnly is true (1ms)
      ✓ does not set tabIndex when readOnly is false (2ms)
    Input Component - Internal State Management
      ✓ updates isInputBlank state when wrapper loses focus (3ms)
    Input Component - Error Handling and Edge Cases
      ✓ handles cursor positioning error gracefully (2ms)
    Input Component - HTML Input Type Support
      ✓ renders correctly with type="text" (1ms)
      ✓ renders correctly with type="password" (2ms)
      ✓ renders correctly with type="number" (3ms)
      ✓ renders correctly with type="email" (2ms)
      ✓ renders correctly with type="tel" (1ms)
      ✓ renders correctly with type="url" (2ms)
    Input Component - Size Variant Rendering
      ✓ renders correctly with size="tiny" (2ms)
      ✓ renders icon correctly with size="tiny" (2ms)
      ✓ renders correctly with size="regular" (2ms)
      ✓ renders icon correctly with size="regular" (2ms)
      ✓ renders correctly with size="large" (2ms)
      ✓ renders icon correctly with size="large" (2ms)
    Input Component - Controlled vs Uncontrolled Behavior
      ✓ works as controlled component with value prop (3ms)
      ✓ works as uncontrolled component with defaultValue prop (2ms)
    Input Component - Accessibility Features and ARIA Support
      ✓ sets correct ARIA attributes for required input (1ms)
      ✓ renders with proper label association (1ms)
      ✓ supports keyboard navigation for info icon (3ms)
    Input Component - HTML Validation Attributes
      ✓ applies validation attributes correctly (2ms)
    Input Component - CSS State Classes and Visual Behaviors
      ✓ applies correct CSS classes for different input states (2ms)
      ✓ maintains wrapper element integrity during hover interactions (2ms)
      ✓ maintains correct DOM structure during focus state changes (6ms)
      ✓ preserves error state styling during focus interactions (3ms)
      ✓ applies disabled state CSS correctly (1ms)
      ✓ applies readOnly state CSS correctly (1ms)
      ✓ applies tiny size icon styling correctly using utility classes (2ms)
    Input Component - Icon Type Variants and State Styling
      ✓ renders icon with specified iconType (2ms)
      ✓ handles input blank state for icon styling (6ms)
      ✓ applies error state to icon correctly (4ms)
    Input Component - Tiny Size Icon Support and Styling
      ✓ renders icons for tiny inputs (new functionality) (3ms)
      ✓ applies tiny-specific icon utility classes for proper spacing (3ms)
      ✓ applies base tiny size class when tiny size has icon (2ms)
      ✓ applies base tiny size class when tiny size without icon (1ms)
      ✓ applies correct input class for tiny size (1ms)
      ✓ works with different icon types for tiny size using utility classes (5ms)
      ✓ works with tiny size in different states using utility classes (5ms)
      ✓ supports clear functionality with tiny icons using utility classes (4ms)
      ✓ supports action icons with tiny icons using utility classes (3ms)
    Input Component - Programmatic Focus Behavior
      ✓ can be focused programmatically (2ms)
      ✓ maintains focus when explicitly focused (2ms)
    Input Component - Right Icon Wrapper Interaction Handling
      ✓ handles keyboard focus on right icon wrapper for info tooltip (19ms)
      ✓ handles mouse interactions on right icon wrapper (15ms)
      ✓ handles keyboard events on right icon wrapper (7ms)
    Input Component - Minimum Width Calculation and Application
      ✓ applies default minWidth for non-number input types (3ms)
      ✓ does not apply default minWidth for number input type (2ms)
      ✓ applies custom minWidth when provided (4ms)
    Input Component - Size-Specific CSS Class Application
      ✓ applies tiny-specific input styling classes (1ms)
      ✓ applies regular-specific input styling classes (2ms)
      ✓ applies large-specific input styling classes (1ms)
    Input Component - Utility CSS Class Conditional Application
      ✓ applies margin-right utility class when actionIcon is present (3ms)
      ✓ applies margin-right utility class when onClear is provided (2ms)
      ✓ applies margin-right utility class when info tooltip is provided (4ms)
      ✓ does not apply margin-right utility class when no right-side elements are present (3ms)
    Input Component - Icon Size Calculation Logic
      ✓ uses correct icon size for tiny inputs (14px) (2ms)
      ✓ uses standard size mapping for regular and large inputs (3ms)

PASS core/components/atoms/collapsible/__tests__/Collapsible.test.tsx
  Collapsible component
    ✓ 
  expanded: true, hoverable: true, height: "100vh", expandedWidth: 250, onToggle: "[Function]"
 (7ms)
    ✓ 
  expanded: false, hoverable: true, height: "100vh", expandedWidth: 250, onToggle: "[Function]"
 (7ms)
    ✓ 
  expanded: true, hoverable: false, height: "100vh", onToggle: "[Function]"
 (3ms)
    ✓ 
  expanded: false, hoverable: false, height: "100vh", onToggle: "[Function]"
 (2ms)
  Collapsible component with prop: children
    ✓ renders collapsed state (3ms)
    ✓ renders expanded state (3ms)
  Collapsible component with dimensions
    ✓ renders collapsible component with height (7ms)
    ✓ renders collapsible component with expandedWidth (3ms)
  Collapsible component with prop: onToggle
    ✓ calls onToggle callback on click (3ms)
    ✓ collapsible component with hover effects (4ms)
    ✓ calls onToggle callback on Enter or Space key press, but not on other keys (5ms)

PASS core/components/atoms/input/actionButton/__tests__/ActionButton.test.tsx
  ActionButton component
    ✓ 
  name: "events", size: 16, onClick: "[Function]"
 (13ms)
    ✓ 
  name: "events", size: 16, type: "outlined", onClick: "[Function]"
 (3ms)
    ✓ 
  name: "events", size: 16, type: "rounded", onClick: "[Function]"
 (1ms)
    ✓ renders action button with children (2ms)
  ActionButton component states
    ✓ renders action button with hover state (18ms)
    ✓ renders action button with active state (4ms)

PASS core/components/molecules/inputMask/__tests__/InputMask.test.tsx
  Input Mask component
    ✓ 
  mask: [{},{},{},{}," ",{},{},{},{}," ",{},{},{},{}," ",{},{},{},{}], caption: "card", placeholderChar: [null,"*"], onChange: [null], onBlur: [null], onClear: [null]
 (4ms)
  Input Mask component with prop mask
    ✓ render Input (1ms)
  Input Mask component prop: onFocusHandler
    ✓ calls onFocusHandler callback without value (3ms)
    ✓ calls onFocusHandler callback with value (1ms)
  Input Mask component prop: onBlurHandler
    ✓ calls onBlurHandler callback  when clearOnEmptyBlur is false (3ms)
    ✓ calls onBlurHandler callback  when clearOnEmptyBlur is true (2ms)
  Input Mask component prop: onChangeHandler
    ✓ calls onChangeHandler callback  (3ms)
  Input Mask component prop: onClearHandler
    ✓ calls onClearHandler callback without value (3ms)
    ✓ with onClearHandler available only when user inputs value (2ms)

PASS core/ai-components/AIIconButton/__tests__/IconButton.test.tsx
  AIIconButton Component
    ✓ renders without crashing (5ms)
    ✓ renders with default props (3ms)
    ✓ triggers onClick event handler when clicked (3ms)
    ✓ is disabled when disabled prop is true (1ms)
    ✓ renders custom icon when provided (9ms)
    ✓ has the correct size when size prop is provided (6ms)
    ✓ has the correct class when position prop is provided (1ms)
    ✓ has the correct class when position prop is provided with disabled (1ms)
    ✓ can pass additional className to the component (2ms)

PASS core/components/molecules/chat/unreadMessage/__tests__/UnreadMessage.test.tsx
  Chat Unread Message component snapshot
    ✓ 
  text: "2 Unread Messages"
 (6ms)
  Chat Unread Message component
    ✓ renders children (2ms)
    ✓ overwrite Chat Unread Message class (1ms)
    ✓ Chat Unread Message Component with overwrite data-test attribute

  console.error node_modules/react-dom/cjs/react-dom.development.js:88
    Warning: MultiSlider: getSnapshotBeforeUpdate() should be used with componentDidUpdate(). This component defines getSnapshotBeforeUpdate() only.
        in MultiSlider (created by Slider)
        in Slider

  console.error node_modules/react-dom/cjs/react-dom.development.js:88
    Warning: MultiSlider: getDerivedStateFromProps() is defined as an instance method and will be ignored. Instead, declare it as a static method.
        in MultiSlider (created by Slider)
        in Slider

  console.error node_modules/react-dom/cjs/react-dom.development.js:88
    Warning: MultiSlider: getDerivedStateFromProps() is defined as an instance method and will be ignored. Instead, declare it as a static method.
        in MultiSlider (created by RangeSlider)
        in RangeSlider

PASS core/utils/__tests__/TS.test.tsx
  TS
    ✓ renders children (207ms)

PASS core/components/molecules/tabs/__tests__/TabsWrapper.test.tsx
  TabsWrapper component
    ✓ 
  activeTab: 0, onTabChange: "[Function]"
 (13ms)
    ✓ 
  activeTab: 1, onTabChange: "[Function]"
 (8ms)
    ✓ renders single tab (2ms)
    ✓ renders active tab and children (2ms)
    ✓ renders default tab as 0 (2ms)
    ✓ default tab is 0 if activeTab > total tabs length (1ms)
    ✓ renders disabled tab (1ms)
  TabsWrapper component with prop: onTabChange
    ✓ TabsWrapper component with onTabChange callback (5ms)
  TabsWrapper component with prop:size
    ✓ should have the Tab--regular class when size=regular (2ms)
    ✓ should have the Tab--small class when size=small (1ms)

PASS core/components/molecules/overlayFooter/__tests__/OverlayFooter.test.tsx
  OverlayFooter component
    ✓ 
  
 (19ms)
  OverlayFooter component with props: children
    ✓ renders children (2ms)
  OverlayFooter with overwrite class
    ✓ overwrite OverlayFooter class (2ms)

PASS core/components/molecules/editableDropdown/__tests__/EditableDropdown.test.tsx
  EditableDropdown component
    ✓ 
  placeholer: "Select Option", dropdownOptions: {"options":[{"label":"Option 1","value":"Option 1"},{"label":"Option 2","value":"Option 2"},{"label":"Option 3","value":"Option 3"},{"label":"Option 4","value":"Option 4"},{"label":"Option 5","value":"Option 5"},{"label":"Option 6","value":"Option 6"},{"label":"Option 7","value":"Option 7"},{"label":"Option 8","value":"Option 8"},{"label":"Option 9","value":"Option 9"},{"label":"Option 10","value":"Option 10"}],"optionType":"DEFAULT","onChange":"[Function]"}
 (16ms)
    ✓ renders children (4ms)
    ✓ renders default div initially (4ms)
    ✓ renders dropdown on hover (8ms)
    ✓ renders default div on mouseLeave (8ms)
    ✓ updates label and renders default div on selecting an option (69ms)
  EditableDropdown Component with overwrite class
    ✓ overwrite EditableDropdown class (4ms)

PASS core/components/atoms/chipGroup/__tests__/chipGroup.test.tsx
  ChipGroup component
    ✓ 
  list: [{"label":"Action","icon":"assessment","clearButton":true,"disabled":false,"name":"1","type":"action"},{"label":"Input","icon":"assessment","clearButton":true,"disabled":false,"name":"2","type":"input"},{"label":"Selection","icon":"assessment","clearButton":true,"disabled":false,"selected":true,"name":"3","type":"selection"},{"label":"Selection","icon":"assessment","clearButton":true,"disabled":false,"name":"4","type":"selection"}], onclick: "[Function]", onClose: "[Function]"
 (9ms)
    ✓ renders chipGroup component (2ms)
    ✓ renders ChipGroup component with prop onClick (3ms)
    ✓ renders ChipGroup component with prop onClose (1ms)

PASS core/components/atoms/cardFooter/__tests__/CardFooter.test.tsx
  CardFooter component
    ✓ 
  withSeperator: true
 (9ms)
    ✓ 
  withSeperator: false
 (1ms)
    ✓ renders actions (1ms)
    ✓ renders className (2ms)
  CardFooter component with prop : withSeperator
    ✓ renders seperator by default (2ms)
    ✓ does not render seperator if withSeperator = false (1ms)

PASS core/components/molecules/stepper/__tests__/Stepper.test.tsx
  Stepper component
    ✓ 
  steps: [{"label":"Step A","value":"Step1"},{"label":"Step B","value":"Step2"},{"label":"Step C","value":"Step3"},{"label":"Step D","value":"Step4"}], active: 1, completed: 0, onChange: "[Function]"
 (16ms)
    ✓ renders steps (2ms)
    ✓ renders steps label (23ms)
    ✓ renders default active step (3ms)
  Stepper Component with overwrite class
    ✓ overwrite Stepper class (2ms)
  Stepper component with prop: active
    ✓ adds Step--active and color-primary-dark class (1ms)
    ✓ renders Text inside active step (2ms)
    ✓ renders Icon inside active step (10ms)
    ✓ renders stepper with equal active and completed prop (1ms)
  Stepper component with prop: completed
    ✓ renders Icon inside completed step (5ms)
    ✓ renders Text inside completed step (2ms)
  Stepper component with disabled steps
    ✓ adds Step--disabled class (1ms)
    ✓ renders Icon inside disabled step (12ms)
    ✓ renders Text inside disabled step (2ms)
  Stepper component with onChange callback
    ✓ calls onChange callback (2ms)
    ✓ upcoming steps are disabled  (2ms)

PASS core/components/molecules/fileList/__tests__/FileList.test.tsx
  FileList component
    ✓ 
  fileList: [{"file":{"name":"Audio File.mp3","size":"3 MB","type":"audio"},"status":"uploading","progress":45,"id":1},{"file":{"name":"Video File.mp4","size":"3 MB","type":"video"},"status":"completed","fileSize":"4 MB","id":2},{"file":{"name":"Image File.jpeg","size":"3 MB","type":"image"},"status":"error","errorMessage":"Network failure","id":3},{"file":{"name":"Document File.pdf","size":"3 MB","type":"application"},"status":"completed","id":4},{"file":{"name":"Other File","size":"3 MB","type":"others"},"status":"completed"}], onClick: "[Function]", actionRenderer: "[Function]"
 (18ms)
    ✓ does not render if file list is empty (19ms)
    ✓ renders list of files (5ms)
    ✓ renders name of file (5ms)
    ✓ renders size of file (4ms)
    ✓ renders file with status: completed (3ms)
    ✓ renders file with status: uploading (2ms)
    ✓ renders file with status: error (1ms)
  FileList component with prop: onClick
    ✓ onClick callback is called (7ms)
  FileList component with different file icons
    ✓ renders video file icon (3ms)
    ✓ renders document file icon (3ms)
    ✓ renders other file icon (1ms)
  FileList component with prop: actionRenderer
    ✓ onClick callback is called (9ms)

PASS core/components/atoms/multiSlider/__tests__/Handle.test.tsx
  renders handle inside multislider component
    ✓ renders handle children (5ms)
    ✓ calls mouseOver, mouseLeave, keyUp, keyDown (7ms)
    ✓ calls mouseDown, mouseMove and mouseDown events (6ms)

PASS core/components/molecules/dialog/__tests__/Dialog.test.tsx
  Dialog component
    ✓ 
  onClose: "[Function]", open: true, heading: "Sample String", icon: "Sample String", title: "Sample String", description: "Sample String", closeOnBackdrop: "[Function]", primaryButtonLabel: "Sample String", secondaryButtonLabel: "Sample String", primaryButtonCallback: "[Function]", primaryButtonAppearance: "basic"
 (45ms)
    ✓ 
  onClose: "[Function]", open: true, heading: "Sample String", icon: "Sample String", title: "Sample String", description: "Sample String", closeOnBackdrop: "[Function]", primaryButtonLabel: "Sample String", secondaryButtonLabel: "Sample String", primaryButtonCallback: "[Function]", primaryButtonAppearance: "primary"
 (39ms)
    ✓ 
  onClose: "[Function]", open: true, heading: "Sample String", icon: "Sample String", title: "Sample String", description: "Sample String", closeOnBackdrop: "[Function]", primaryButtonLabel: "Sample String", secondaryButtonLabel: "Sample String", primaryButtonCallback: "[Function]", primaryButtonAppearance: "success"
 (14ms)
    ✓ 
  onClose: "[Function]", open: true, heading: "Sample String", icon: "Sample String", title: "Sample String", description: "Sample String", closeOnBackdrop: "[Function]", primaryButtonLabel: "Sample String", secondaryButtonLabel: "Sample String", primaryButtonCallback: "[Function]", primaryButtonAppearance: "alert"
 (15ms)
    ✓ 
  onClose: "[Function]", open: true, heading: "Sample String", icon: "Sample String", title: "Sample String", description: "Sample String", closeOnBackdrop: "[Function]", primaryButtonLabel: "Sample String", secondaryButtonLabel: "Sample String", primaryButtonCallback: "[Function]", primaryButtonAppearance: "transparent"
 (19ms)
    ✓ 
  open: true, icon: "Sample String", title: "Sample String", heading: "Sample String", onClose: "[Function]", description: "Sample String", primaryButtonLabel: "Sample String", secondaryButtonLabel: "Sample String", secondaryButtonCallback: "[Function]", secondaryButtonAppearance: "basic"
 (13ms)
    ✓ 
  open: true, icon: "Sample String", title: "Sample String", heading: "Sample String", onClose: "[Function]", description: "Sample String", primaryButtonLabel: "Sample String", secondaryButtonLabel: "Sample String", secondaryButtonCallback: "[Function]", secondaryButtonAppearance: "primary"
 (8ms)
    ✓ 
  open: true, icon: "Sample String", title: "Sample String", heading: "Sample String", onClose: "[Function]", description: "Sample String", primaryButtonLabel: "Sample String", secondaryButtonLabel: "Sample String", secondaryButtonCallback: "[Function]", secondaryButtonAppearance: "success"
 (16ms)
    ✓ 
  open: true, icon: "Sample String", title: "Sample String", heading: "Sample String", onClose: "[Function]", description: "Sample String", primaryButtonLabel: "Sample String", secondaryButtonLabel: "Sample String", secondaryButtonCallback: "[Function]", secondaryButtonAppearance: "alert"
 (21ms)
    ✓ 
  open: true, icon: "Sample String", title: "Sample String", heading: "Sample String", onClose: "[Function]", description: "Sample String", primaryButtonLabel: "Sample String", secondaryButtonLabel: "Sample String", secondaryButtonCallback: "[Function]", secondaryButtonAppearance: "transparent"
 (17ms)
    ✓ 
  open: true, icon: "Sample String", title: "Sample String", heading: "Sample String", onClose: "[Function]", description: "Sample String", primaryButtonLabel: "Sample String", secondaryButtonLabel: "Sample String", dimension: "small"
 (17ms)
    ✓ 
  open: true, icon: "Sample String", title: "Sample String", heading: "Sample String", onClose: "[Function]", description: "Sample String", primaryButtonLabel: "Sample String", secondaryButtonLabel: "Sample String", dimension: "medium"
 (15ms)
    ✓ 
  open: true, icon: "Sample String", title: "Sample String", heading: "Sample String", onClose: "[Function]", description: "Sample String", primaryButtonLabel: "Sample String", secondaryButtonLabel: "Sample String", dimension: "large"
 (7ms)
  Dialog component with props
    ✓ renders Modal (19ms)
    ✓ renders default dimension (23ms)
    ✓ renders default primary button appearance (14ms)
    ✓ renders default secondary button appearance (13ms)
  Dialog Component with overwrite class
    ✓ overwrite Dialog class (16ms)

PASS core/components/atoms/mdsGrid/__tests__/GridItem.test.tsx
  GridItem component
    ✓ 
  columnSpan: 1
 (10ms)
    ✓ 
  columnSpan: 2
 (1ms)
    ✓ 
  columnSpan: 3
 (2ms)
    ✓ 
  columnSpan: 4
 (2ms)
    ✓ 
  columnSpan: 6
 (2ms)
    ✓ 
  columnSpan: 12
 (3ms)
  GridItem component with rowSpan
    ✓ 
  rowSpan: 1
 (2ms)
    ✓ 
  rowSpan: 2
 (6ms)
    ✓ 
  rowSpan: 3
 (2ms)
  GridItem component specifics
    ✓ renders children (3ms)
    GridItem Component with overwrite class
      ✓ applies custom className (2ms)
    GridItem component with prop:columnSpan
      ✓ applies className for columnSpan=1 (2ms)
      ✓ applies className for columnSpan=2
      ✓ applies className for columnSpan=3 (1ms)
      ✓ applies className for columnSpan=4 (2ms)
      ✓ applies className for columnSpan=6 (1ms)
      ✓ applies className for columnSpan=12 (1ms)
    GridItem component with prop:rowSpan
      ✓ applies className for rowSpan=1 (1ms)
      ✓ applies className for rowSpan=2 (1ms)
      ✓ applies className for rowSpan=3 (1ms)
    GridItem component with prop:columnStart
      ✓ applies className for columnStart=1 (1ms)
      ✓ applies className for columnStart=2 (2ms)
      ✓ applies className for columnStart=3 (2ms)
      ✓ applies className for columnStart=4 (1ms)
    GridItem component with prop:rowStart
      ✓ applies className for rowStart=1 (1ms)
      ✓ applies className for rowStart=2 (2ms)
      ✓ applies className for rowStart=3 (1ms)
    GridItem component with prop:justifySelf
      ✓ applies className for justifySelf=start (1ms)
      ✓ applies className for justifySelf=center (1ms)
      ✓ applies className for justifySelf=end (2ms)
      ✓ applies className for justifySelf=stretch (1ms)
    GridItem component with prop:alignSelf
      ✓ applies className for alignSelf=start (1ms)
      ✓ applies className for alignSelf=center (1ms)
      ✓ applies className for alignSelf=end (1ms)
      ✓ applies className for alignSelf=stretch (1ms)

PASS core/accessibility/utils/__tests__/isSpaceKey.test.tsx
  isSpaceKey
    ✓ returns true if the space key is pressed
    ✓ returns false if any other key is pressed (1ms)
    ✓ returns false if the key is undefined

PASS core/components/molecules/fileUploader/__tests__/FileUploaderList.test.tsx
  FileUploaderList component
    ✓ 
  fileList: [{"file":{"name":"Audio File.mp3","size":"3 MB","type":"audio"},"status":"uploading","progress":45,"id":1},{"file":{"name":"Video File.mp4","size":"3 MB","type":"video"},"status":"completed","id":2},{"file":{"name":"Image File.jpeg","size":"3 MB","type":"image"},"status":"error","errorMessage":"Network failure","id":3}], onClick: "[Function]", onDelete: "[Function]", onRetry: "[Function]"
 (16ms)
  FileUploaderList component prop:fileList
    ✓ renders component if fileList is empty (2ms)
    ✓ renders component if fileList is not empty (5ms)
  FileUploaderList component Event Handler
    ✓ check for onClick Event Handler (4ms)
    ✓ check for onDelete Event Handler (5ms)
    ✓ check for onRetry Event Handler (4ms)
    ✓ check for Error Caption (3ms)

PASS core/components/atoms/chip/__tests__/Chip.test.tsx
  Chip component
    ✓ 
  type: "Action"
 (11ms)
    ✓ 
  type: "Selection"
 (2ms)
    ✓ 
  type: "Input"
 (1ms)
    ✓ 
  type: "Input", disabled: true
 (2ms)
    ✓ 
  type: "Input", disabled: false
 (1ms)
    ✓ 
  type: "Action", disabled: true
 (1ms)
    ✓ 
  type: "Action", disabled: false
 (1ms)
    ✓ 
  type: "Selection", disabled: true
 (3ms)
    ✓ 
  type: "Selection", disabled: false
 (2ms)
    ✓ 
  type: "Selection", selected: true
 (1ms)
    ✓ 
  type: "Selection", selected: false
 (1ms)
    ✓ renders chip component (2ms)
    ✓ renders chip component with prop: disabled (3ms)
    ✓ renders chip component with prop: selected and disabled (1ms)
    ✓ renders chip component with onClick (3ms)
    ✓ renders chip component with onClose (5ms)
    ✓ renders chip component with prop: selected, disabled and type selection (2ms)
    ✓ renders chip component with custom label (2ms)
    ✓ renders chip component with multiple labels (8ms)
    ✓ renders chip component with styled labels (2ms)
    ✓ renders chip component with onClick event trigger (1ms)
    ✓ renders chip component with onClose event trigger (1ms)
    ✓ renders chip component with label of type string (1ms)
    ✓ renders chip component with label of type ReactElement (1ms)
  Chip component size functionality
    ✓ renders chip component with default size prop as regular (1ms)
    ✓ renders chip component with size prop set to regular
    ✓ renders chip component with size prop set to small (1ms)
    ✓ passes size prop to GenericChip component correctly (12ms)
    ✓ renders chip with small size and proper text size (1ms)

PASS core/components/atoms/badge/__tests__/Badge.test.tsx
  Badge component
    ✓ 
  appearance: "primary", subtle: true
 (4ms)
    ✓ 
  appearance: "primary", subtle: false

    ✓ 
  appearance: "alert", subtle: true
 (1ms)
    ✓ 
  appearance: "alert", subtle: false
 (1ms)
    ✓ 
  appearance: "warning", subtle: true
 (2ms)
    ✓ 
  appearance: "warning", subtle: false
 (1ms)
    ✓ 
  appearance: "success", subtle: true

    ✓ 
  appearance: "success", subtle: false
 (1ms)
    ✓ 
  appearance: "accent1", subtle: true
 (2ms)
    ✓ 
  appearance: "accent1", subtle: false
 (1ms)
    ✓ 
  appearance: "accent2", subtle: true
 (1ms)
    ✓ 
  appearance: "accent2", subtle: false
 (1ms)
    ✓ 
  appearance: "accent3", subtle: true
 (1ms)
    ✓ 
  appearance: "accent3", subtle: false
 (1ms)
    ✓ 
  appearance: "accent4", subtle: true
 (2ms)
    ✓ 
  appearance: "accent4", subtle: false
 (4ms)
    ✓ renders children (5ms)
    Badge Component with overwrite class
      ✓ overwrite badge class (2ms)
    Badge component tagName
      ✓ should have span element (1ms)
    Badge component with prop:appearance
      ✓ should have the Badge--primary class when appearance=primary  (3ms)
      ✓ should have the Badge--alert class when appearance=alert  (2ms)
      ✓ should have the Badge--warning class when appearance=warning 
      ✓ should have the Badge--success class when appearance=success  (1ms)
      ✓ should have the Badge--accent1 class when appearance=accent1  (1ms)
      ✓ should have the Badge--accent2 class when appearance=accent2  (1ms)
      ✓ should have the Badge--accent3 class when appearance=accent3 
      ✓ should have the Badge--accent4 class when appearance=accent4  (1ms)
    Badge component with prop:subtle
      ✓ should have the Badge--subtle-primary class when appearance=primary  (1ms)
      ✓ should have the Badge--subtle-alert class when appearance=alert 
      ✓ should have the Badge--subtle-warning class when appearance=warning  (2ms)
      ✓ should have the Badge--subtle-success class when appearance=success  (1ms)
      ✓ should have the Badge--subtle-accent1 class when appearance=accent1 
      ✓ should have the Badge--subtle-accent2 class when appearance=accent2 
      ✓ should have the Badge--subtle-accent3 class when appearance=accent3 
      ✓ should have the Badge--subtle-accent4 class when appearance=accent4 
  Badge component hover event
    ✓ should handle mouse enter event (2ms)
    ✓ should handle mouse leave event (2ms)
  Badge component accessibility
    ✓ supports aria-label for additional context (2ms)
    ✓ allows passing a role attribute (1ms)

PASS core/components/molecules/tabs/__tests__/Tab.test.tsx
  Tab component
    ✓ 
  label: "[ReactNode]", disabled: true
 (11ms)
    ✓ 
  label: "[ReactNode]", disabled: false
 (1ms)
    ✓ renders children (2ms)
    ✓ renders without children

PASS core/components/atoms/cardHeader/__tests__/CardHeader.test.tsx
  CardHeader component
    ✓ 
  
 (6ms)
    ✓ renders children (3ms)
    ✓ renders className (2ms)

PASS core/components/atoms/cardSubdued/__tests__/CardSubdued.test.tsx
  CardSubdued component
    ✓ 
  border: "top"
 (4ms)
    ✓ 
  border: "left"
 (6ms)
    ✓ 
  border: "right"
 (1ms)
    ✓ 
  border: "bottom"
 (1ms)
    ✓ renders children (2ms)
    ✓ renders className (1ms)
    ✓ renders border-top (7ms)
    ✓ renders border-left (4ms)
    ✓ renders border-right (3ms)
    ✓ renders border-bottom (4ms)

PASS core/components/organisms/timePicker/__tests__/TimePicker.test.tsx
  TimePicker component prop:inputFormat snapshot
    ✓ 
  inputFormat: "hh:mm AM", onTimeChange: "[Function]"
 (6ms)
    ✓ 
  inputFormat: "hh:mm", onTimeChange: "[Function]"
 (1ms)
  TimePicker component prop:outputFormat snapshot
    ✓ 
  outputFormat: "hh:mm AM", onTimeChange: "[Function]"
 (1ms)
    ✓ 
  outputFormat: "hh:mm", onTimeChange: "[Function]"
 (2ms)
  TimePicker component prop:validators snapshot
    ✓ 
  validators: true
 (2ms)
    ✓ 
  validators: false
 (4ms)
  TimePicker component prop:error snapshot
    ✓ 
  error: true
 (3ms)
    ✓ 
  error: false
 (3ms)
  TimePicker component prop:time snapshot
    ✓ 
  time: 1629880121
 (3ms)
    ✓ 
  time: "3:30 AM"
 (3ms)
  TimePicker component with different prop:time values
    ✓ check time if prop:time is passed as number  (3ms)
    ✓ check time if prop:time is passed as string  (2ms)
  TimePicker component with different prop:inputFormat values
    ✓ check format if prop:inputFormat is hh:mm (2ms)
    ✓ check format if prop:inputFormat is hh:mm AM (2ms)
  TimePicker component event handler
    ✓ onBlur Event handler  (4ms)
    ✓ onChange Event handler  (1ms)
    ✓ onClear Event handler  (4ms)
  TimePicker component placeholder
    ✓ check placeholder if inputFormat is default  (7ms)
    ✓ check placeholder if inputFormat is hh:mm  (5ms)
  TimePicker component with different time format
    ✓ check when inputFormat and outputFormat is different (3ms)
  TimePicker component with different placeholder
    ✓ TimePicker with "__:__ _M" format (1ms)
    ✓ TimePicker with "__:__" format (3ms)
  TimePicker component with error state true
    ✓ renders with input--error class (3ms)

PASS core/components/molecules/pagination/__tests__/Pagination.test.tsx
  Pagination component
    ✓ 
  type: "basic", page: 10, totalPages: 50, onPageChange: "[Function]"
 (16ms)
    ✓ 
  type: "jump", page: 10, totalPages: 50, onPageChange: "[Function]"
 (14ms)
  Pagination component with props: page and onPageChange
    ✓ should render currentPage initially (6ms)
    ✓ should render correct total page count (6ms)
    ✓ render page due to Input change (65ms)
    ✓ current page should be incremented on click of next button (11ms)
    ✓ current page should be decremented on click of previous button (6ms)
    ✓ current page should be last page number when clicked on last page icon (7ms)
    ✓ current page should be first page when clicked on first page icon (6ms)
    ✓ current page should be first page if page no. is 1 and previous button is clicked (3ms)
    ✓ current page should be last page even if page >= totalPage (2ms)
    ✓ should update current page on change of prop: page (8ms)
  Pagination component with prop: type
    ✓ renders default prop: type (3ms)
    ✓ renders default prop: type (6ms)
  Pagination Component with overwrite class
    ✓ overwrite Pagination class (4ms)

PASS core/components/molecules/tooltip/__tests__/Tooltip.test.tsx
  Tooltip component
    ✓ 
  position: "top", size: "small", tooltip: "Sample string"
 (19ms)
    ✓ 
  position: "top", size: "regular", tooltip: "Sample string"
 (31ms)
    ✓ 
  position: "top-start", size: "small", tooltip: "Sample string"
 (3ms)
    ✓ 
  position: "top-start", size: "regular", tooltip: "Sample string"
 (4ms)
    ✓ 
  position: "top-end", size: "small", tooltip: "Sample string"
 (3ms)
    ✓ 
  position: "top-end", size: "regular", tooltip: "Sample string"
 (3ms)
    ✓ 
  position: "bottom", size: "small", tooltip: "Sample string"
 (4ms)
    ✓ 
  position: "bottom", size: "regular", tooltip: "Sample string"
 (3ms)
    ✓ 
  position: "bottom-start", size: "small", tooltip: "Sample string"
 (3ms)
    ✓ 
  position: "bottom-start", size: "regular", tooltip: "Sample string"
 (4ms)
    ✓ 
  position: "bottom-end", size: "small", tooltip: "Sample string"
 (2ms)
    ✓ 
  position: "bottom-end", size: "regular", tooltip: "Sample string"
 (4ms)
    ✓ 
  position: "left", size: "small", tooltip: "Sample string"
 (2ms)
    ✓ 
  position: "left", size: "regular", tooltip: "Sample string"
 (2ms)
    ✓ 
  position: "right", size: "small", tooltip: "Sample string"
 (2ms)
    ✓ 
  position: "right", size: "regular", tooltip: "Sample string"
 (3ms)
    ✓ should not render tooltip when showTooltip is false (21ms)
  Tooltip component with text overflow
    ✓ should render tooltip when showOnTruncation is false (33ms)
    ✓ should render tooltip when showOnTruncation is true with text overflow (10ms)
    ✓ should not render tooltip when showOnTruncation is true and no text overflow (11ms)
    ✓ should support custom class (21ms)
  Tooltip component with size prop
    ✓ should render tooltip with small size (20ms)
    ✓ should render tooltip with regular size (23ms)

PASS core/components/atoms/_text/__tests__/Text.test.tsx
  Text component
    ✓ should match the snapshot (4ms)

PASS core/components/atoms/mdsGrid/__tests__/MdsGrid.test.tsx
  MdsGrid component
    ✓ 
  templateColumns: "1fr"
 (6ms)
    ✓ 
  templateColumns: "repeat(3, 1fr)"
 (2ms)
    ✓ 
  templateColumns: "200px 1fr 1fr"
 (1ms)
    ✓ 
  templateColumns: "2fr 1fr 1fr"

    ✓ 
  templateColumns: "repeat(12, 1fr)"
 (1ms)
  MdsGrid component with templateRows
    ✓ 
  templateRows: "auto"
 (2ms)
    ✓ 
  templateRows: "repeat(3, auto)"
 (1ms)
    ✓ 
  templateRows: "100px auto 200px"
 (3ms)
    ✓ 
  templateRows: "1fr 2fr"
 (1ms)
  MdsGrid component with gap
    ✓ 
  gap: "spacing-10"
 (2ms)
    ✓ 
  gap: "spacing-20"

    ✓ 
  gap: "spacing-30"
 (1ms)
    ✓ 
  gap: "spacing-40"
 (1ms)
    ✓ 
  gap: "spacing-60"
 (2ms)
    ✓ 
  gap: "spacing-80"
 (1ms)
    ✓ 
  gap: "spacing-120"

    ✓ 
  gap: "spacing-160"
 (2ms)
  MdsGrid component specifics
    ✓ renders children (9ms)
    MdsGrid Component with overwrite class
      ✓ applies custom className (1ms)
    MdsGrid component with prop:templateColumns
      ✓ applies inline style for templateColumns=1fr (14ms)
      ✓ applies inline style for templateColumns=repeat(3, 1fr) (2ms)
      ✓ applies inline style for templateColumns=200px 1fr 1fr (1ms)
      ✓ applies inline style for templateColumns=2fr 1fr 1fr (2ms)
      ✓ applies inline style for templateColumns=repeat(12, 1fr) (1ms)
    MdsGrid component with prop:templateRows
      ✓ applies inline style for templateRows=auto (3ms)
      ✓ applies inline style for templateRows=repeat(3, auto) (2ms)
      ✓ applies inline style for templateRows=100px auto 200px (1ms)
      ✓ applies inline style for templateRows=1fr 2fr (2ms)
    MdsGrid component with responsive values
      ✓ applies responsive templateColumns (1ms)
      ✓ applies responsive templateRows (3ms)
      ✓ applies responsive gap (3ms)
    MdsGrid component with prop:gap
      ✓ applies inline style and className for gap=spacing-10 (3ms)
      ✓ applies inline style and className for gap=spacing-20 (1ms)
      ✓ applies inline style and className for gap=spacing-30 (2ms)
      ✓ applies inline style and className for gap=spacing-40 (1ms)
      ✓ applies inline style and className for gap=spacing-60 (3ms)
      ✓ applies inline style and className for gap=spacing-80 (3ms)
      ✓ applies inline style and className for gap=spacing-120 (1ms)
      ✓ applies inline style and className for gap=spacing-160 (2ms)
    MdsGrid component with prop:columnGap
      ✓ applies className for columnGap=spacing-10 (1ms)
      ✓ applies className for columnGap=spacing-20
      ✓ applies className for columnGap=spacing-30 (1ms)
      ✓ applies className for columnGap=spacing-40
      ✓ applies className for columnGap=spacing-60
      ✓ applies className for columnGap=spacing-80 (1ms)
      ✓ applies className for columnGap=spacing-120
      ✓ applies className for columnGap=spacing-160 (1ms)
    MdsGrid component with prop:rowGap
      ✓ applies className for rowGap=spacing-10
      ✓ applies className for rowGap=spacing-20
      ✓ applies className for rowGap=spacing-30 (1ms)
      ✓ applies className for rowGap=spacing-40 (1ms)
      ✓ applies className for rowGap=spacing-60 (1ms)
      ✓ applies className for rowGap=spacing-80
      ✓ applies className for rowGap=spacing-120 (3ms)
      ✓ applies className for rowGap=spacing-160 (1ms)
    MdsGrid component with prop:justifyItems
      ✓ applies className for justifyItems=start
      ✓ applies className for justifyItems=center
      ✓ applies className for justifyItems=end (1ms)
      ✓ applies className for justifyItems=stretch
    MdsGrid component with prop:alignItems
      ✓ applies className for alignItems=start (2ms)
      ✓ applies className for alignItems=center (1ms)
      ✓ applies className for alignItems=end
      ✓ applies className for alignItems=stretch (1ms)
    MdsGrid component with prop:autoFlow
      ✓ applies className for autoFlow=row
      ✓ applies className for autoFlow=column (1ms)
      ✓ applies className for autoFlow=row dense
      ✓ applies className for autoFlow=column dense (1ms)

PASS core/ai-components/AIButton/__tests__/AIButton.test.tsx
  AI Button Component
    ✓ renders with default props (5ms)
    ✓ renders a custom className (1ms)
    ✓ is disabled when `disabled` prop is true (1ms)
    ✓ does not calls the onClick function when disabled (2ms)
    ✓ calls the onClick function when clicked (1ms)
    ✓ renders the button with an icon
    ✓ renders button with children (1ms)
    ✓ renders with sparkle icon when withSparkle is true (1ms)
    ✓ renders without sparkle icon when withSparkle is false

PASS core/accessibility/utils/__tests__/isEnterKey.test.tsx
  isEnterKey
    ✓ returns true when Enter key is pressed (1ms)
    ✓ returns false when any other key is pressed (1ms)

PASS core/components/atoms/textarea/__tests__/Textarea.test.tsx
  Textarea component
    ✓ 
  name: "Textarea", placeholder: "Write something..", disabled: true, onChange: "[Function]", value: "Design System", size: "small"
 (9ms)
    ✓ 
  name: "Textarea", placeholder: "Write something..", disabled: true, onChange: "[Function]", value: "Design System", size: "regular"
 (2ms)
    ✓ 
  name: "Textarea", placeholder: "Write something..", disabled: false, onChange: "[Function]", value: "Design System", size: "small"
 (2ms)
    ✓ 
  name: "Textarea", placeholder: "Write something..", disabled: false, onChange: "[Function]", value: "Design System", size: "regular"
 (2ms)
    ✓ renders textarea element (3ms)
    ✓ renders disabled textarea (1ms)
    ✓ renders textarea with error (2ms)
    ✓ renders textarea with placeholder (1ms)
  Textarea component with prop: rows
    ✓ renders 6 rows (2ms)
    ✓ renders default rows (1ms)
  Textarea component with prop: resize
    ✓ resizes textarea (2ms)
    ✓ does not resize textarea (1ms)
  Textarea component with prop: size
    ✓ renders with default size (regular) (1ms)
    ✓ renders with regular size (1ms)
    ✓ renders with small size (1ms)
  Textarea component with size prop combinations
    ✓ renders small size with error state (6ms)
    ✓ renders regular size with error state (2ms)
    ✓ renders small size with disabled state (2ms)
    ✓ renders small size with readonly state (1ms)
    ✓ renders small size with resize disabled (1ms)
    ✓ renders small size with custom rows (1ms)
    ✓ renders all modifier classes together (1ms)
  Textarea component with size prop edge cases
    ✓ handles undefined size prop gracefully (1ms)
    ✓ handles null size prop gracefully (1ms)
    ✓ handles empty string size prop gracefully (2ms)
    ✓ handles invalid size prop gracefully (1ms)
    ✓ works with long placeholder text and small size (1ms)
    ✓ works with long value and small size (2ms)
  Textarea component with size prop accessibility
    ✓ preserves accessibility attributes with small size (1ms)
    ✓ preserves aria-labelledby with different sizes (2ms)
  Textarea component with size prop behavior
    ✓ handles size changes after initial render (2ms)
    ✓ maintains focus during size changes (3ms)
    ✓ preserves value during size changes (1ms)
  Textarea component event handling with size prop
    ✓ triggers onChange event properly with small size (3ms)
    ✓ triggers focus and blur events properly with small size (2ms)
    ✓ triggers click event properly with small size (1ms)
    ✓ handles multiple events with different sizes (2ms)
  Textarea component CSS styling with size prop
    ✓ applies correct CSS class for small size (1ms)
    ✓ does not apply small CSS class for regular size (1ms)
    ✓ applies both base and size-specific CSS classes (1ms)
    ✓ applies small size class with other modifier classes (1ms)
    ✓ maintains correct class order regardless of prop order (1ms)
    ✓ dynamically updates CSS classes when size changes (4ms)
    ✓ preserves custom className while applying size classes (2ms)
    ✓ handles multiple custom classes with size prop (2ms)
  Textarea component CSS module integration
    ✓ uses CSS modules correctly for base class (1ms)
    ✓ uses CSS modules correctly for small size modifier (1ms)
    ✓ applies CSS module classes in correct format (2ms)
  Textarea component size prop edge cases and regressions
    ✓ handles size prop with other custom props (2ms)
    ✓ maintains size styling during form interactions (2ms)
    ✓ preserves size during ref forwarding (2ms)
    ✓ works correctly with spread props and size (2ms)
  Textarea component size prop snapshot validation
    ✓ matches snapshot for small size basic configuration (2ms)
    ✓ matches snapshot for small size with all modifiers (2ms)
    ✓ matches snapshot for size prop transitions (3ms)
  Textarea component with prop: onChange
    ✓ renders textarea as uncontrolled component (2ms)
    ✓ renders textarea as controlled component (with no change) (1ms)
    ✓ renders textarea as controlled component (with change) (2ms)
    ✓ works with uncontrolled component and small size (2ms)
    ✓ works with controlled component and small size (2ms)

  console.error node_modules/prop-types/checkPropTypes.js:20
    Warning: Failed prop type: You provided a `value` prop to a form field without an `onChange` handler. This will render a read-only field. If the field should be mutable use `defaultValue`. Otherwise, set either `onChange` or `readOnly`.
        in textarea (created by Textarea)
        in Textarea

  console.error node_modules/react-dom/cjs/react-dom.development.js:88
    Warning: A component is changing an uncontrolled input of type checkbox to be controlled. Input elements should not switch from uncontrolled to controlled (or vice versa). Decide between using a controlled or uncontrolled input element for the lifetime of the component. More info: https://fb.me/react-controlled-components
        in input (created by Checkbox)
        in div (created by Checkbox)
        in div (created by Checkbox)
        in Checkbox

PASS core/components/atoms/checkbox/__tests__/Checkbox.test.tsx
  Checkbox component
    ✓ 
  size: "tiny", checked: true, label: "Checkbox", helpText: "Checkbox", name: "Checkbox", value: "Checkbox", onChange: "[Function]"
 (10ms)
    ✓ 
  size: "regular", checked: true, label: "Checkbox", helpText: "Checkbox", name: "Checkbox", value: "Checkbox", onChange: "[Function]"
 (3ms)
    ✓ 
  checked: true, disabled: true, label: "Checkbox", helpText: "Checkbox", name: "Checkbox", value: "Checkbox", onChange: "[Function]", error: true
 (4ms)
    ✓ 
  checked: true, disabled: true, label: "Checkbox", helpText: "Checkbox", name: "Checkbox", value: "Checkbox", onChange: "[Function]", error: false
 (3ms)
    ✓ 
  checked: true, disabled: false, label: "Checkbox", helpText: "Checkbox", name: "Checkbox", value: "Checkbox", onChange: "[Function]", error: true
 (2ms)
    ✓ 
  checked: true, disabled: false, label: "Checkbox", helpText: "Checkbox", name: "Checkbox", value: "Checkbox", onChange: "[Function]", error: false
 (3ms)
    ✓ 
  checked: false, disabled: true, label: "Checkbox", helpText: "Checkbox", name: "Checkbox", value: "Checkbox", onChange: "[Function]", error: true
 (2ms)
    ✓ 
  checked: false, disabled: true, label: "Checkbox", helpText: "Checkbox", name: "Checkbox", value: "Checkbox", onChange: "[Function]", error: false
 (3ms)
    ✓ 
  checked: false, disabled: false, label: "Checkbox", helpText: "Checkbox", name: "Checkbox", value: "Checkbox", onChange: "[Function]", error: true
 (8ms)
    ✓ 
  checked: false, disabled: false, label: "Checkbox", helpText: "Checkbox", name: "Checkbox", value: "Checkbox", onChange: "[Function]", error: false
 (3ms)
    ✓ 
  indeterminate: true, size: "tiny", disabled: true, label: "Checkbox", helpText: "Checkbox", name: "Checkbox", value: "Checkbox", onChange: "[Function]", wrapLabel: true
 (4ms)
    ✓ 
  indeterminate: true, size: "tiny", disabled: true, label: "Checkbox", helpText: "Checkbox", name: "Checkbox", value: "Checkbox", onChange: "[Function]", wrapLabel: false
 (3ms)
    ✓ 
  indeterminate: true, size: "tiny", disabled: false, label: "Checkbox", helpText: "Checkbox", name: "Checkbox", value: "Checkbox", onChange: "[Function]", wrapLabel: true
 (3ms)
    ✓ 
  indeterminate: true, size: "tiny", disabled: false, label: "Checkbox", helpText: "Checkbox", name: "Checkbox", value: "Checkbox", onChange: "[Function]", wrapLabel: false
 (3ms)
    ✓ 
  indeterminate: true, size: "regular", disabled: true, label: "Checkbox", helpText: "Checkbox", name: "Checkbox", value: "Checkbox", onChange: "[Function]", wrapLabel: true
 (2ms)
    ✓ 
  indeterminate: true, size: "regular", disabled: true, label: "Checkbox", helpText: "Checkbox", name: "Checkbox", value: "Checkbox", onChange: "[Function]", wrapLabel: false
 (3ms)
    ✓ 
  indeterminate: true, size: "regular", disabled: false, label: "Checkbox", helpText: "Checkbox", name: "Checkbox", value: "Checkbox", onChange: "[Function]", wrapLabel: true
 (2ms)
    ✓ 
  indeterminate: true, size: "regular", disabled: false, label: "Checkbox", helpText: "Checkbox", name: "Checkbox", value: "Checkbox", onChange: "[Function]", wrapLabel: false
 (2ms)
    ✓ 
  indeterminate: false, size: "tiny", disabled: true, label: "Checkbox", helpText: "Checkbox", name: "Checkbox", value: "Checkbox", onChange: "[Function]", wrapLabel: true
 (2ms)
    ✓ 
  indeterminate: false, size: "tiny", disabled: true, label: "Checkbox", helpText: "Checkbox", name: "Checkbox", value: "Checkbox", onChange: "[Function]", wrapLabel: false
 (2ms)
    ✓ 
  indeterminate: false, size: "tiny", disabled: false, label: "Checkbox", helpText: "Checkbox", name: "Checkbox", value: "Checkbox", onChange: "[Function]", wrapLabel: true
 (2ms)
    ✓ 
  indeterminate: false, size: "tiny", disabled: false, label: "Checkbox", helpText: "Checkbox", name: "Checkbox", value: "Checkbox", onChange: "[Function]", wrapLabel: false
 (2ms)
    ✓ 
  indeterminate: false, size: "regular", disabled: true, label: "Checkbox", helpText: "Checkbox", name: "Checkbox", value: "Checkbox", onChange: "[Function]", wrapLabel: true
 (3ms)
    ✓ 
  indeterminate: false, size: "regular", disabled: true, label: "Checkbox", helpText: "Checkbox", name: "Checkbox", value: "Checkbox", onChange: "[Function]", wrapLabel: false
 (2ms)
    ✓ 
  indeterminate: false, size: "regular", disabled: false, label: "Checkbox", helpText: "Checkbox", name: "Checkbox", value: "Checkbox", onChange: "[Function]", wrapLabel: true
 (2ms)
    ✓ 
  indeterminate: false, size: "regular", disabled: false, label: "Checkbox", helpText: "Checkbox", name: "Checkbox", value: "Checkbox", onChange: "[Function]", wrapLabel: false
 (1ms)
    ✓ renders children (4ms)
    ✓ renders children : input (2ms)
    ✓ renders children with label prop (3ms)
    ✓ renders label with wrapLabel applied (2ms)
    ✓ renders label without wrapLabel applied (2ms)
    ✓ renders children with helpText prop (3ms)
    ✓ calls onchange handler (10ms)
    ✓ calls onchange handler when box is checked (3ms)
    ✓ renders checkbox with error state (1ms)
    ✓ renders checkbox with default state (2ms)
  Checkbox component accessibility
    ✓ associates help text using aria-describedby (2ms)
    ✓ merges provided aria-describedby with help text id (3ms)
    ✓ sets aria-invalid when error is true (2ms)
    ✓ sets aria-checked to mixed when indeterminate (2ms)

PASS core/components/atoms/pills/__tests__/Pills.test.tsx
  Pills component
    ✓ 
  appearance: "primary", subtle: true
 (4ms)
    ✓ 
  appearance: "primary", subtle: false
 (2ms)
    ✓ 
  appearance: "alert", subtle: true
 (1ms)
    ✓ 
  appearance: "alert", subtle: false
 (1ms)
    ✓ 
  appearance: "warning", subtle: true
 (1ms)
    ✓ 
  appearance: "warning", subtle: false
 (1ms)
    ✓ 
  appearance: "success", subtle: true
 (1ms)
    ✓ 
  appearance: "success", subtle: false
 (1ms)
    ✓ 
  appearance: "accent1", subtle: true
 (1ms)
    ✓ 
  appearance: "accent1", subtle: false
 (5ms)
    ✓ 
  appearance: "accent2", subtle: true
 (2ms)
    ✓ 
  appearance: "accent2", subtle: false
 (1ms)
    ✓ 
  appearance: "accent3", subtle: true
 (1ms)
    ✓ 
  appearance: "accent3", subtle: false

    ✓ 
  appearance: "accent4", subtle: true
 (2ms)
    ✓ 
  appearance: "accent4", subtle: false
 (1ms)
    ✓ renders children (2ms)
    Pill component tagName
      ✓ renders tagName (1ms)
    Pills Component with overwrite class
      ✓ overwrite Pills class (1ms)
    Pills component with prop:appearance
      ✓ should have the Badge--primary class when appearance=primary  (1ms)
      ✓ should have the Badge--alert class when appearance=alert  (1ms)
      ✓ should have the Badge--warning class when appearance=warning  (1ms)
      ✓ should have the Badge--success class when appearance=success  (1ms)
      ✓ should have the Badge--accent1 class when appearance=accent1  (1ms)
      ✓ should have the Badge--accent2 class when appearance=accent2  (1ms)
      ✓ should have the Badge--accent3 class when appearance=accent3  (1ms)
      ✓ should have the Badge--accent4 class when appearance=accent4  (1ms)
    Pills component with prop:subtle
      ✓ should have the Badge--subtle-primary class when appearance=primary  (1ms)
      ✓ should have the Badge--subtle-alert class when appearance=alert  (1ms)
      ✓ should have the Badge--subtle-warning class when appearance=warning  (1ms)
      ✓ should have the Badge--subtle-success class when appearance=success 
      ✓ should have the Badge--subtle-accent1 class when appearance=accent1 
      ✓ should have the Badge--subtle-accent2 class when appearance=accent2  (1ms)
      ✓ should have the Badge--subtle-accent3 class when appearance=accent3  (2ms)
      ✓ should have the Badge--subtle-accent4 class when appearance=accent4 

PASS core/components/atoms/placeholderImage/__tests__/PlaceholderImage.test.tsx
  Image placeholder component
    ✓ 
  round: true
 (4ms)
    ✓ 
  round: false
 (4ms)
    ✓ 
  size: "small"
 (1ms)
    ✓ 
  size: "medium"
 (1ms)
    ✓ 
  size: "large"


PASS core/accessibility/utils/__tests__/useAccessibilityProps.test.tsx
  useAccessibilityProps
    ✓ calls onClick when element is clicked (16ms)
    ✓ calls onKeyDown when a key is pressed (5ms)
    ✓ only calls onClick for allowed keys (Enter) (4ms)
    ✓ only calls onClick for allowed keys ( ) (9ms)
    ✓ only calls onClick for allowed keys (Spacebar) (5ms)
    ✓ only calls onClick for allowed keys (Escape) (4ms)
    ✓ role, tabIndex and aria-label are set correctly when onClick is provided (5ms)
    ✓ does not add interactive props when onClick is not provided (avoids nested button/link) (1ms)
    ✓ preserves non-interactive ARIA props when onClick is not provided (1ms)
    ✓ No trigger for callback on event of not allowed aria roles (4ms)
    ✓ trigger for callback on event when default role (2ms)

PASS core/components/atoms/statusHint/__tests__/StatusHint.test.tsx
  StatusHint component
    ✓ 
  appearance: "default", size: "small"
 (5ms)
    ✓ 
  appearance: "default", size: "regular"
 (6ms)
    ✓ 
  appearance: "alert", size: "small"
 (1ms)
    ✓ 
  appearance: "alert", size: "regular"
 (1ms)
    ✓ 
  appearance: "info", size: "small"
 (1ms)
    ✓ 
  appearance: "info", size: "regular"
 (1ms)
    ✓ 
  appearance: "warning", size: "small"
 (1ms)
    ✓ 
  appearance: "warning", size: "regular"
 (1ms)
    ✓ 
  appearance: "success", size: "small"
 (2ms)
    ✓ 
  appearance: "success", size: "regular"
 (1ms)
    ✓ renders children (2ms)
    ✓ renders children (2ms)
  StatusHint Component with overwrite class
    ✓ overwrite StatusHint class (1ms)
  StatusHint component with prop:appearance
    ✓ should have the StatusHint--default class when appearance=default  (1ms)
    ✓ should have the StatusHint--alert class when appearance=alert  (1ms)
    ✓ should have the StatusHint--info class when appearance=info  (1ms)
    ✓ should have the StatusHint--warning class when appearance=warning 
    ✓ should have the StatusHint--success class when appearance=success  (1ms)
  StatusHint component with prop:truncateLabel
    ✓ check for label truncate (1ms)
    ✓ check for label wrap (1ms)
    ✓ should render status hint icon with small size (1ms)
    ✓ should render status hint icon with regular size (2ms)
    ✓ should render status hint text with small size (1ms)
    ✓ should render status hint text with regular size (1ms)

PASS core/components/atoms/toast/__tests__/Toast.test.tsx
  Toast component
    ✓ 
  title: "Sample Toast", appearance: "info", onClose: "[Function]"
 (6ms)
    ✓ 
  title: "Sample Toast", appearance: "success", onClose: "[Function]"
 (2ms)
    ✓ 
  title: "Sample Toast", appearance: "alert", onClose: "[Function]"
 (2ms)
    ✓ 
  title: "Sample Toast", appearance: "warning", onClose: "[Function]"
 (2ms)
    ✓ 
  title: "Sample Toast", message: "Sample string", appearance: "info", onClose: "[Function]"
 (6ms)
    ✓ 
  title: "Sample Toast", message: "Sample string", appearance: "info", onClose: "[Function]", actions: [{"label":"Action 1","onClick":"[Function]"}]
 (3ms)
    ✓ 
  title: "Sample Toast", message: "Sample string", appearance: "success", onClose: "[Function]"
 (2ms)
    ✓ 
  title: "Sample Toast", message: "Sample string", appearance: "success", onClose: "[Function]", actions: [{"label":"Action 1","onClick":"[Function]"}]
 (2ms)
    ✓ 
  title: "Sample Toast", message: "Sample string", appearance: "alert", onClose: "[Function]"
 (3ms)
    ✓ 
  title: "Sample Toast", message: "Sample string", appearance: "alert", onClose: "[Function]", actions: [{"label":"Action 1","onClick":"[Function]"}]
 (2ms)
    ✓ 
  title: "Sample Toast", message: "Sample string", appearance: "warning", onClose: "[Function]"
 (2ms)
    ✓ 
  title: "Sample Toast", message: "Sample string", appearance: "warning", onClose: "[Function]", actions: [{"label":"Action 1","onClick":"[Function]"}]
 (2ms)

PASS core/components/molecules/modalDescription/__tests__/ModalDescription.test.tsx
  ModalDescription component
    ✓ 
  title: "Sample String", description: "Sample String"
 (7ms)
  ModalDescription component with props
    ✓ renders default props (2ms)
    ✓ ModalDescription with prop: title (1ms)
    ✓ ModalDescription with prop: description (2ms)
  ModalDescription with overwrite class
    ✓ overwrite ModalDescription class (1ms)

PASS core/components/atoms/flex/__tests__/Flex.test.tsx
  Flex component
    ✓ 
  direction: "row"
 (5ms)
    ✓ 
  direction: "column"
 (10ms)
    ✓ 
  direction: "row-reverse"
 (1ms)
    ✓ 
  direction: "column-reverse"
 (1ms)
  Flex component with justifyContent
    ✓ 
  justifyContent: "flex-start"
 (1ms)
    ✓ 
  justifyContent: "flex-end"
 (1ms)
    ✓ 
  justifyContent: "center"
 (1ms)
    ✓ 
  justifyContent: "space-between"

    ✓ 
  justifyContent: "space-around"
 (2ms)
    ✓ 
  justifyContent: "space-evenly"
 (1ms)
  Flex component with alignItems
    ✓ 
  alignItems: "flex-start"
 (1ms)
    ✓ 
  alignItems: "flex-end"
 (1ms)
    ✓ 
  alignItems: "center"
 (1ms)
    ✓ 
  alignItems: "baseline"
 (1ms)
    ✓ 
  alignItems: "stretch"
 (1ms)
  Flex component with wrap
    ✓ 
  wrap: "wrap"
 (2ms)
    ✓ 
  wrap: "nowrap"
 (1ms)
    ✓ 
  wrap: "wrap-reverse"
 (1ms)
  Flex component with gap
    ✓ 
  gap: "spacing-10"
 (2ms)
    ✓ 
  gap: "spacing-20"
 (1ms)
    ✓ 
  gap: "spacing-30"

    ✓ 
  gap: "spacing-40"
 (1ms)
    ✓ 
  gap: "spacing-60"

    ✓ 
  gap: "spacing-80"
 (1ms)
    ✓ 
  gap: "spacing-120"
 (1ms)
    ✓ 
  gap: "spacing-160"
 (1ms)
  Flex component with columnGap
    ✓ 
  columnGap: "spacing-10"
 (1ms)
    ✓ 
  columnGap: "spacing-20"
 (1ms)
    ✓ 
  columnGap: "spacing-30"
 (1ms)
    ✓ 
  columnGap: "spacing-40"
 (1ms)
    ✓ 
  columnGap: "spacing-60"
 (1ms)
    ✓ 
  columnGap: "spacing-80"

    ✓ 
  columnGap: "spacing-120"
 (1ms)
    ✓ 
  columnGap: "spacing-160"
 (1ms)
  Flex component with rowGap
    ✓ 
  rowGap: "spacing-10"
 (1ms)
    ✓ 
  rowGap: "spacing-20"
 (1ms)
    ✓ 
  rowGap: "spacing-30"
 (1ms)
    ✓ 
  rowGap: "spacing-40"
 (1ms)
    ✓ 
  rowGap: "spacing-60"
 (1ms)
    ✓ 
  rowGap: "spacing-80"
 (5ms)
    ✓ 
  rowGap: "spacing-120"
 (1ms)
    ✓ 
  rowGap: "spacing-160"
 (1ms)
  Flex component specifics
    ✓ renders children (2ms)
    ✓ applies custom className (2ms)
    ✓ applies inline style for direction (6ms)
    ✓ applies inline style for justifyContent (3ms)
    ✓ applies inline style for alignItems (4ms)
    ✓ applies inline style for wrap (3ms)
    ✓ applies responsive direction (2ms)
    ✓ applies responsive justifyContent (3ms)
    ✓ applies responsive alignItems (3ms)
    ✓ applies responsive wrap (3ms)
    ✓ applies responsive gap (2ms)
    Flex component with prop:gap
      ✓ applies inline style and className for gap=spacing-10 (3ms)
      ✓ applies inline style and className for gap=spacing-20 (2ms)
      ✓ applies inline style and className for gap=spacing-30 (2ms)
      ✓ applies inline style and className for gap=spacing-40 (2ms)
      ✓ applies inline style and className for gap=spacing-60 (2ms)
      ✓ applies inline style and className for gap=spacing-80 (4ms)
      ✓ applies inline style and className for gap=spacing-120 (3ms)
      ✓ applies inline style and className for gap=spacing-160 (2ms)
    Flex component with prop:columnGap
      ✓ applies className for columnGap=spacing-10 (1ms)
      ✓ applies className for columnGap=spacing-20 (1ms)
      ✓ applies className for columnGap=spacing-30 (1ms)
      ✓ applies className for columnGap=spacing-40 (2ms)
      ✓ applies className for columnGap=spacing-60 (1ms)
      ✓ applies className for columnGap=spacing-80 (1ms)
      ✓ applies className for columnGap=spacing-120 (1ms)
      ✓ applies className for columnGap=spacing-160 (1ms)
    Flex component with prop:rowGap
      ✓ applies className for rowGap=spacing-10 (1ms)
      ✓ applies className for rowGap=spacing-20 (1ms)
      ✓ applies className for rowGap=spacing-30 (1ms)
      ✓ applies className for rowGap=spacing-40 (1ms)
      ✓ applies className for rowGap=spacing-60 (1ms)
      ✓ applies className for rowGap=spacing-80 (1ms)
      ✓ applies className for rowGap=spacing-120 (1ms)
      ✓ applies className for rowGap=spacing-160 (1ms)
    Flex component with prop:direction
      ✓ applies className for direction=row (1ms)
      ✓ applies className for direction=column (1ms)
      ✓ applies className for direction=row-reverse (1ms)
      ✓ applies className for direction=column-reverse
    Flex component with prop:justifyContent
      ✓ applies className for justifyContent=flex-start (1ms)
      ✓ applies className for justifyContent=flex-end (1ms)
      ✓ applies className for justifyContent=center (1ms)
      ✓ applies className for justifyContent=space-between (1ms)
      ✓ applies className for justifyContent=space-around (1ms)
      ✓ applies className for justifyContent=space-evenly (1ms)
    Flex component with prop:alignItems
      ✓ applies className for alignItems=flex-start (1ms)
      ✓ applies className for alignItems=flex-end (1ms)
      ✓ applies className for alignItems=center (1ms)
      ✓ applies className for alignItems=baseline (1ms)
      ✓ applies className for alignItems=stretch (1ms)
    Flex component with prop:wrap
      ✓ applies className for wrap=wrap (1ms)
      ✓ applies className for wrap=nowrap (1ms)
      ✓ applies className for wrap=wrap-reverse (1ms)

PASS core/components/atoms/legend/__tests__/Legend.test.tsx
  Legend component
    ✓ 
  labelWeight: "strong", label: "Legend"
 (4ms)
    ✓ 
  labelWeight: "medium", label: "Legend"
 (1ms)
    ✓ 
  labelAppearance: "default", label: "Legend"
 (2ms)
    ✓ 
  labelAppearance: "white", label: "Legend"
 (2ms)
    ✓ 
  labelAppearance: "destructive", label: "Legend"
 (1ms)
    ✓ 
  labelAppearance: "subtle", label: "Legend"
 (2ms)
    ✓ 
  labelAppearance: "disabled", label: "Legend"
 (1ms)
    ✓ 
  iconAppearance: "primary", label: "Legend"
 (5ms)
    ✓ 
  iconAppearance: "secondary", label: "Legend"
 (3ms)
    ✓ 
  iconAppearance: "success", label: "Legend"
 (2ms)
    ✓ 
  iconAppearance: "alert", label: "Legend"
 (2ms)
    ✓ 
  iconAppearance: "warning", label: "Legend"
 (1ms)
    ✓ 
  iconAppearance: "accent1", label: "Legend"
 (1ms)
    ✓ 
  iconAppearance: "accent2", label: "Legend"
 (2ms)
    ✓ 
  iconAppearance: "accent3", label: "Legend"
 (1ms)
    ✓ 
  iconAppearance: "accent4", label: "Legend"
 (2ms)
    ✓ 
  iconAppearance: "inverse", label: "Legend"
 (1ms)

PASS core/components/organisms/menu/__tests__/utils.test.tsx
  Menu Utils - handleKeyDown function for Menu component keyboard navigation and interactions
    Basic Navigation - Arrow key navigation within menu items
      ✓ should navigate up when ArrowUp is pressed (1ms)
      ✓ should navigate down when ArrowDown is pressed (7ms)
      ✓ should wrap to last item when navigating up from first item (1ms)
      ✓ should wrap to first item when navigating down from last item
      ✓ should handle navigation when no item is focused (1ms)
      ✓ should handle navigation up when no item is focused
    Enter Key Handling - Activating focused menu items
      ✓ should click focused option and close popover when Enter is pressed (1ms)
    Escape Key Handling - Closing menu and restoring focus
      ✓ should close popover and focus trigger when Escape is pressed (not submenu)
      ✓ should close popover and focus menu trigger when Escape is pressed (submenu) (1ms)
    Tab Key Handling - Closing menu on tab navigation
      ✓ should close popover when Tab is pressed (1ms)
    SubMenu Navigation - Horizontal arrow key navigation between parent and child menus
      ✓ should navigate into right-placed submenu when ArrowRight is pressed (1ms)
      ✓ should navigate into left-placed submenu when ArrowLeft is pressed
      ✓ should navigate back to parent trigger from right-placed submenu (1ms)
      ✓ should navigate back to parent trigger from left-placed submenu
      ✓ should not navigate when direction does not match placement (1ms)
    ScrollIntoView Handling - Ensuring focused items are visible in scrollable menus
      ✓ should call scrollIntoView when navigating
    Edge Cases - Error handling and graceful degradation for Menu utils
      ✓ should handle missing listRef gracefully (3ms)
      ✓ should handle empty list items (1ms)
      ✓ should handle unknown key gracefully
  MenuTrigger Utils - handleKeyDown function for Menu trigger keyboard interactions
    Arrow Key Navigation - Opening menu and highlighting first/last items from trigger
      ✓ should open popover and highlight first item on ArrowDown (1ms)
      ✓ should open popover and highlight last item on ArrowUp (1ms)
    Escape and Tab Keys - Closing menu from trigger without opening
      ✓ should close popover on Escape key
      ✓ should close popover on Tab key
    Unknown Keys - Graceful handling of unsupported key presses on trigger
      ✓ should handle unknown keys gracefully (1ms)
  MenuTrigger Utils - focusListItem utility for programmatic focus management in Menu
    Focus First Item - Focusing the first menu item when navigating down
      ✓ should focus first item when position is down (1ms)
    Focus Last Item - Focusing the last menu item when navigating up
      ✓ should focus last item when position is up
    Edge Cases - Error handling and graceful degradation for focusListItem utility
      ✓ should handle empty list gracefully (6ms)
      ✓ should handle missing listRef gracefully
      ✓ should handle missing setFocusedOption gracefully (1ms)
      ✓ should handle item without scrollIntoView method
    Unknown Position - Default behavior for unsupported position values
      ✓ should handle unknown position by focusing last item (default else case) (1ms)

PASS core/components/atoms/text/__tests__/Text.test.tsx
  Text component
    ✓ 
  children: "Sample String", size: "small"
 (3ms)
    ✓ 
  children: "Sample String", size: "regular"
 (5ms)
    ✓ 
  children: "Sample String", size: "large"
 (1ms)
    ✓ 
  children: "Sample String", appearance: "default"
 (1ms)
    ✓ 
  children: "Sample String", appearance: "white"
 (1ms)
    ✓ 
  children: "Sample String", appearance: "destructive"
 (2ms)
    ✓ 
  children: "Sample String", appearance: "disabled"
 (1ms)
    ✓ 
  children: "Sample String", appearance: "subtle"
 (1ms)
    ✓ 
  children: "Sample String", appearance: "success"
 (2ms)
    ✓ 
  children: "Sample String", appearance: "link"
 (1ms)
    ✓ 
  children: "Sample String", weight: "strong"

    ✓ 
  children: "Sample String", weight: "medium"
 (1ms)
    ✓ 
  children: "Sample String", small: true
 (2ms)
    ✓ 
  children: "Sample String", small: false
 (1ms)
    ✓ should render the text (2ms)
    ✓ should render componentType="span"
    Text Component with overwrite class
      ✓ overwrite Text class (1ms)
    Text Component with Prop:weight
      ✓ should have the class Text--strong when weight="strong" (2ms)
      ✓ should have the class Text--medium when weight="medium" (1ms)
    Text Component with Prop:small
      ✓ should have the class Text--small when small="true"
    Text Component with Prop:appearances
      ✓ should have the class Text--default when appearances="default" (2ms)
      ✓ should have the Text--default class when appearances=default  (1ms)
      ✓ should have the Text--white class when appearances=white  (1ms)
      ✓ should have the Text--destructive class when appearances=destructive  (1ms)
      ✓ should have the Text--disabled class when appearances=disabled  (1ms)
      ✓ should have the Text--subtle class when appearances=subtle  (1ms)
      ✓ should have the Text--success class when appearances=success 
      ✓ should have the Text--link class when appearances=link  (1ms)
  Text Component with Prop:color
    ✓ should have the text color as accent1 when prop color="accent1" (1ms)
    ✓ should given preference to color over appearance prop (1ms)

PASS core/components/atoms/backdrop/__tests__/Backdrop.test.tsx
  Backdrop component
    ✓ 
  open: true
 (4ms)
    ✓ 
  open: false
 (5ms)
    Backdrop component with prop:open
      ✓ should have class Backdrop--open when open={true} (3ms)
      ✓ should have class Backdrop--animation--open when animate={true} (1ms)
      ✓ should have class Backdrop--animation--close when open={false} (1ms)
      Backdrop Component with overwrite class
        ✓ overwrite Backdrop class (1ms)

PASS core/components/atoms/caption/__tests__/Caption.test.tsx
  Caption component
    ✓ 
  error: true
 (5ms)
    ✓ 
  error: false
 (1ms)

PASS core/ai-components/Sara/__tests__/Sara.test.tsx
  Sara Component
    ✓ renders with default props (4ms)
    ✓ calls onClick prop when Sara is clicked (2ms)
    ✓ applies `data-test` attribute properly (2ms)
    ✓ applies custom className (23ms)

PASS core/components/atoms/paragraph/__tests__/Paragraph.test.tsx
  Paragraph component
    ✓ 
  appearance: "default"
 (3ms)
    ✓ 
  appearance: "white"
 (1ms)
    ✓ 
  appearance: "destructive"
 (2ms)
    ✓ 
  appearance: "subtle"
 (1ms)
    ✓ 
  appearance: "disabled"
 (2ms)
    ✓ renders children (5ms)
    Paragraph Component with overwrite class
      ✓ overwrite Paragraph class (2ms)
    Paragraph component with prop:appearance
      ✓ should have the Text--default class when appearance=default  (1ms)
      ✓ should have the Text--white class when appearance=white  (1ms)
      ✓ should have the Text--destructive class when appearance=destructive  (1ms)
      ✓ should have the Text--subtle class when appearance=subtle  (1ms)
      ✓ should have the Text--disabled class when appearance=disabled  (1ms)
    Paragraph component tagName
      ✓ should have the tagname p (1ms)
  Paragraph Component with Prop:color
    ✓ should have the paragraph color as accent1 when prop color="accent1" (1ms)
    ✓ should given preference to color over appearance prop (1ms)

PASS core/components/atoms/multiSlider/__tests__/SliderUtils.test.tsx
  ✓ function countDecimalPlaces with respective value
  ✓ function arrayEqual with respective args (1ms)
  ✓ function argMin with respective args
  ✓ function fillValues with respective args

PASS core/components/atoms/switchInput/__tests__/Switch.test.tsx
  Switch component
    ✓ 
  checked: true, disabled: true
 (5ms)
    ✓ 
  checked: true, disabled: false
 (2ms)
    ✓ 
  checked: true
 (1ms)
    ✓ 
  checked: true, size: "tiny"
 (1ms)
    ✓ 
  checked: true, size: "regular"
 (2ms)

PASS core/components/atoms/segmentedControl/__tests__/utils.test.ts
  SegmentedControl Utils - calculateIndicatorPosition
    ✓ calculates indicator position for middle segment (1ms)
    ✓ calculates indicator position for first segment (1ms)
    ✓ calculates indicator position for last segment
    ✓ handles missing left divider (1ms)
    ✓ handles missing right divider
    ✓ handles zero border width
  SegmentedControl Utils - measureButtonWidths
    ✓ returns null for empty buttons array (1ms)
    ✓ calculates equal width based on largest content (1ms)
    ✓ constrains width when maxWidth is smaller than content (1ms)
    ✓ handles numeric maxWidth
    ✓ handles string maxWidth with units (1ms)
    ✓ handles undefined maxWidth as Infinity
    ✓ handles invalid string maxWidth
    ✓ restores original button styles after measurement (6ms)
    ✓ sets button styles to auto during measurement (1ms)
    ✓ returns isConstrained false when content fits within maxWidth (1ms)
    ✓ handles maxWidth exactly equal to content width (1ms)
    ✓ handles single button

PASS core/components/molecules/overlayBody/__tests__/OverlayBody.test.tsx
  OverlayBody component
    ✓ 
  
 (5ms)
  OverlayBody with overwrite class
    ✓ overwrite ModalBody class (5ms)

PASS core/utils/__tests__/TimeZone.test.tsx
  Timezones
    ✓ should always be UTC (1ms)

PASS core/components/atoms/editable/__tests__/Editable.test.tsx
  Editable component
    ✓ 
  editing: true, onChange: "[Function]"
 (4ms)
    ✓ renders children (2ms)
    ✓ Editable component with props editing (true) and onChange (3ms)
    ✓ triggers edit shortcut keys even when editing is true (3ms)
    ✓ Editable component with props editing (false) and onChange (2ms)
    ✓ triggers edit on Enter and Space key when wrapper is focused (1ms)
    ✓ triggers edit on Spacebar key alias when wrapper is focused (2ms)
    ✓ does not trigger edit shortcut when key is pressed inside child input (2ms)
  Editable Component with overwrite class
    ✓ overwrite Editable class (1ms)

PASS core/components/atoms/placeholderParagraph/__tests__/PlaceholderParagraph.test.tsx
  Image placeholder component
    ✓ 
  length: "small"
 (3ms)
    ✓ 
  length: "medium"
 (1ms)
    ✓ 
  length: "large"
 (1ms)

PASS core/components/organisms/grid/__tests__/rowUtility.test.tsx
  test updateBatchData
    ✓ updates data at provided rowIndexes  (1ms)
    ✓ check if it updates disabled rows data when selectDisabledRow set as true (1ms)
    ✓ check if disabled rows data remains same when selectDisabledRow set as false
  test translateData
    ✓ translate data with title
    ✓ translate data when schema.translate present 
  test filterData
    ✓  test filterData  
  test sortData
    ✓  test sortData   (10ms)

PASS core/components/atoms/avatarSelection/__tests__/utility.test.tsx
  handleKeyDown function
    ✓ should navigate up when ArrowUp is pressed (2ms)
    ✓ should navigate down when ArrowDown is pressed
    ✓ should call handleEnterKey and reset highlights when Enter is pressed (2ms)
    ✓ should close popover and clear focused option when Escape is pressed

PASS core/components/molecules/dropzone/__tests__/Utilities.test.tsx
  ✓ dropzone component: check for fileError function (6ms)
  ✓ dropzone component: check for fileError function
  ✓ dropzone component: check for browser compatibility
  ✓ dropzone component: checks isKindFile function
  ✓ dropzone component: checks for isPropagationStopped function (1ms)

PASS core/components/organisms/calendar/__tests__/utility.test.tsx
  ✓ call getIndexOfDay function with day args (1ms)
  ✓ call getYearBlock function with year args
  ✓ call getDaysInMonth function with year and month args
  ✓ call getFirstDayOfMonth function with year and month args
  ✓ call getDateInfo function with date args
  ✓ call convertToDate function with date args (1ms)
  ✓ call compareYearBlock function with date, operator = less and current decade args
  ✓ call compareYearBlock function with date, operator = more and current decade args
  ✓ call compareYearBlock function with date, operator = equal and current decade args
  ✓ call compareDate function with date, operator, current decade, current month and current date args (1ms)
  ✓ call translateToString function with format args
  ✓ call translateToDate function with format and value args

PASS core/components/atoms/card/__tests__/Card.test.tsx
  Card component
    ✓ 
  shadow: "shadow10", style: {"width":"150px","height":"150px"}
 (4ms)
    ✓ 
  shadow: "shadow20", style: {"width":"150px","height":"150px"}
 (2ms)
    ✓ 
  shadow: "shadow30", style: {"width":"150px","height":"150px"}
 (1ms)
  Card component shadow
    ✓ should have the Card--shadow10 class when shadow=shadow10  (1ms)
    ✓ should have the Card--shadow20 class when shadow=shadow20  (1ms)
    ✓ should have the Card--shadow30 class when shadow=shadow30  (1ms)

PASS core/components/atoms/avatarSelection/__tests__/utils.test.tsx
  AvatarSelection component focusListItem utility test
    ✓ should focus on the first item when position is "down" (1ms)
    ✓ should focus on the last item when position is not "down" (4ms)
    ✓ should set popover open and highlight last item when "ArrowUp" is pressed (1ms)
    ✓ should set popover open and highlight first item when "ArrowDown" is pressed
    ✓ should set popover open and highlight first item when "Enter" is pressed (1ms)

PASS core/components/atoms/progressBar/__tests__/ProgressBar.test.tsx
  ProgressBar component
    ✓ 
  value: 10, size: "regular", state: "default"
 (4ms)
    ✓ 
  value: 10, size: "regular", state: "indeterminate"
 (1ms)
    ✓ 
  value: 10, size: "small", state: "default"
 (2ms)
    ✓ 
  value: 10, size: "small", state: "indeterminate"
 (1ms)
    ✓ renders style when value>0 (7ms)
    ✓ renders style when value<0 (7ms)
    ✓ renders style when value>max (3ms)
    ProgressBar Component with overwrite class
      ✓ overwrite ProgressBar class (1ms)
  ProgressBar component size variant
    ✓ check for regular size of progress bar (1ms)
    ✓ check for small size of progress bar (1ms)
  ProgressBar component state variant
    ✓ check for indeterminate state of progress bar (1ms)

PASS core/components/organisms/listbox/__tests__/Utils.test.tsx
  ✓ arrayMove (1ms)
  ✓ binarySearch

PASS core/components/atoms/heading/__tests__/Heading.test.tsx
  Heading component
    ✓ 
  appearance: "default"
 (3ms)
    ✓ 
  appearance: "subtle"
 (4ms)
    ✓ 
  appearance: "disabled"
 (2ms)
    ✓ 
  appearance: "white"
 (1ms)
    ✓ 
  size: "s"
 (1ms)
    ✓ 
  size: "m"
 (1ms)
    ✓ 
  size: "l"
 (1ms)
    ✓ 
  size: "xl"
 (1ms)
    ✓ 
  size: "xxl"
 (1ms)
    ✓ renders children (2ms)
    Heading Component with overwrite class
      ✓ overwrite Heading class (1ms)
    Heading component with prop:appearance
      ✓ should have the Heading--default class when appearance=default  (1ms)
      ✓ should have the Heading--subtle class when appearance=subtle  (1ms)
      ✓ should have the Heading--disabled class when appearance=disabled  (1ms)
      ✓ should have the Heading--white class when appearance=white  (1ms)
    Heading component with prop:size
      ✓ should have the Heading--s class when appearance=s  (1ms)
      ✓ should have the Heading--m class when appearance=m  (1ms)
      ✓ should have the Heading--l class when appearance=l  (1ms)
      ✓ should have the Heading--xl class when appearance=xl  (1ms)
      ✓ should have the Heading--xxl class when appearance=xxl  (1ms)
    Heading component attribute componentType
      ✓ should have the Heading--s class when appearance=s  (1ms)
      ✓ should have the Heading--m class when appearance=m  (1ms)
      ✓ should have the Heading--l class when appearance=l  (1ms)
      ✓ should have the Heading--xl class when appearance=xl 
      ✓ should have the Heading--xxl class when appearance=xxl  (1ms)
  Heading Component with Prop:color
    ✓ should have the heading color as accent1 when prop color="accent1" (1ms)
    ✓ should given preference to color over appearance prop (2ms)

PASS core/components/organisms/combobox/__tests__/utility.test.tsx
  handleKeyDown function
    ✓ should navigate up when ArrowUp is pressed (1ms)
    ✓ should navigate down when ArrowDown is pressed
    ✓ should call handleEnterKey and reset highlights when Enter is pressed (1ms)
    ✓ should close popover and clear focused option when Escape is pressed (1ms)

PASS core/components/organisms/select/__test__/utils.test.tsx
  mapInitialValue function
    ✓ should return array when multiSelect is true and selectedValue is an object (1ms)
    ✓ should return empty array when multiSelect is true and selectedValue is undefined (5ms)
    ✓ should return the array unchanged when multiSelect is true and selectedValue is an array
    ✓ should return a default object when multiSelect is false and selectedValue is undefined
    ✓ should return selectedValue as-is when multiSelect is false and selectedValue is object
  elementExist function
    ✓ should find element and return its index when targetObject exists in mainList
    ✓ should return -1 if targetObject does not exist in mainList
    ✓ should return 0 if targetObject matches the single mainList object
    ✓ should return -1 if targetObject does not match the single mainList object (1ms)
    ✓ should use the id when provided to distinguish options with the same label
    ✓ should fall back to the label when optionIDs are not provided
    ✓ should prioritize id comparison when both options have optionIDs, otherwise compare by label (1ms)
  removeOrAddToList function
    ✓ should remove targetObject from prevList if it exists
    ✓ should add targetObject to prevList if it does not exist
  computeValue function
    ✓ should return custom labels if multiSelect is true and selectValue is an array of length <= 2
    ✓ should return comma-separated labels if multiSelect is true and selectValue is an array of length <= 2
    ✓ should return the custom label if multiSelect is true and selectValue is an array of length > 2
    ✓ should return the trimmed label if multiSelect is false and custom label is not passed (1ms)
    ✓ should return empty string if selectValue.label is an empty string
    ✓ should return the label if multiSelect is undefined and selectValue.label has leading/trailing spaces
  handleKeyDownTrigger function
    ✓ should call setOpenPopover(true) and setHighlightFirstItem(true) when "Enter" key is pressed (1ms)
    ✓ should call setOpenPopover(true) and setHighlightFirstItem(true) when "ArrowDown" key is pressed
    ✓ should call setOpenPopover(true) and setHighlightLastItem(true) when "ArrowUp" key is pressed (1ms)
    ✓ should not call any setter functions when an unrecognized key is pressed
    ✓ should not call any setter functions when they are not provided as arguments
  handleKeyDown function
    ✓ should navigate options upwards when "ArrowUp" key is pressed (1ms)
    ✓ should navigate options downwards when "ArrowDown" key is pressed (1ms)
    ✓ should handle "Enter" key press
    ✓ should not call any functions if an unrecognized key is pressed (1ms)
  focusListItem function
    ✓ should focus on the first item when position is "down" (1ms)
    ✓ should focus on the search input when position is "down" and no list items are available (1ms)
    ✓ should focus on the last item when position is not "down"
  handleEnterKey function
    ✓ should call click on the focused option element (1ms)
    ✓ should not throw an error if focusedOption is undefined
  navigateOptions function
    ✓ should focus on the previous option when direction is "up" (1ms)
    ✓ should focus on the next option when direction is "down"
    ✓ should not focus on the search input when withSearch is false (1ms)
  handleInputKeyDown function
    ✓ should focus on the last option when "ArrowUp" key is pressed
    ✓ should focus on the first option when "ArrowDown" key is pressed (1ms)
    ✓ should close popover, focus on triggerRef, and clear focused option when "Escape" key is pressed

PASS core/components/atoms/subheading/__tests__/Subheading.test.tsx
  Subheading component
    ✓ 
  appearance: "default"
 (3ms)
    ✓ 
  appearance: "subtle"
 (2ms)
    ✓ 
  appearance: "disabled"
 (1ms)
    ✓ 
  appearance: "white"
 (1ms)
    ✓ renders children (1ms)
    Subheading Component with overwrite class
      ✓ overwrite Subheading class (3ms)
    Subheading Component tagName
      ✓ renders tagName (1ms)
    Subheading component with prop:appearance
      ✓ should have the Subheading--default class when appearance=default  (1ms)
      ✓ should have the Subheading--subtle class when appearance=subtle  (2ms)
      ✓ should have the Subheading--disabled class when appearance=disabled  (1ms)
      ✓ should have the Subheading--white class when appearance=white  (1ms)
  Subheading Component with Prop:color
    ✓ should have the subheading color as accent1 when prop color="accent1" (1ms)
    ✓ should given preference to color over appearance prop (2ms)

PASS core/components/atoms/progressRing/__tests__/ProgressRing.test.tsx
  ProgressRing component
    ✓ 
  value: 30, size: "small"
 (4ms)
    ✓ 
  value: 30, size: "regular"
 (4ms)
    ✓ 
  value: 30, size: "large"
 (2ms)
    ✓ should contain an SVG with the svg class, and a circle with the circle class (2ms)
    ProgressRing Component with overwrite class
      ✓ overwrite ProgressRing class (2ms)
    ProgressRing component with prop: size
      ✓ should have the Ring--regular class when size={regular} (1ms)
      ✓ ProgressRing component should have the Ring--small class when size={small} (1ms)
      ✓ ProgressRing component should have the Ring--large class when size={large} (1ms)

PASS core/ai-components/SaraSparkle/__tests__/SaraSparkle.test.tsx
  SaraSparkle Component
    ✓ renders with default props (4ms)
    ✓ calls onClick prop when SaraSparkle is clicked (2ms)
    ✓ applies `data-test` attribute properly (1ms)
    ✓ applies custom className (23ms)

PASS core/components/organisms/dateRangePicker/__tests__/Utilities.test.tsx
  dateRangePicker Component: renders date utilities
    ✓ checks getCurrentMonth utility
    ✓ checks getCurrentYear utility (4ms)
    ✓ checks getCurrentWeek utility (1ms)
    ✓ checks getPreviousWeek utility
    ✓ checks getPreviousMonth utility
    ✓ checks getPrevious90Days utility (1ms)
    ✓ checks getCustomDates utility

PASS core/components/atoms/spinner/__tests__/Spinner.test.tsx
  Spinner component
    ✓ 
  appearance: "primary"
 (3ms)
    ✓ 
  appearance: "secondary"
 (1ms)
    ✓ 
  appearance: "white"
 (2ms)
    ✓ 
  appearance: "alert"
 (1ms)
    ✓ 
  size: "xsmall"
 (1ms)
    ✓ 
  size: "small"
 (1ms)
    ✓ 
  size: "medium"
 (1ms)
    ✓ 
  size: "large"


PASS core/components/organisms/combobox/__tests__/utils.test.tsx
  Combobox component focusListItem utility test
    ✓ should focus on the first item when position is "down" (1ms)
    ✓ should focus on the last item when position is not "down" (1ms)
    ✓ should set popover open and highlight last item when "ArrowUp" is pressed
    ✓ should set popover open and highlight first item when "ArrowDown" is pressed (1ms)
    ✓ should close popover when "Escape" is pressed
    ✓ should not call any setters when a irrelevant key is pressed (1ms)

FAIL .rollup.cache/Users/abhiroop.chaudhuri/Desktop/DEVELOPMENT/MDS/design-system/dist/types/core/components/organisms/select/__test__/utils.test.js
  ● Test suite failed to run

    /Users/abhiroop.chaudhuri/Desktop/DEVELOPMENT/MDS/design-system/.rollup.cache/Users/abhiroop.chaudhuri/Desktop/DEVELOPMENT/MDS/design-system/dist/types/core/components/organisms/select/__test__/utils.test.js:1
    ({"Object.<anonymous>":function(module,exports,require,__dirname,__filename,global,jest){import { __spreadArrays } from "tslib";
                                                                                             ^^^^^^

    SyntaxError: Cannot use import statement outside a module

      at ScriptTransformer._transformAndBuildScript (node_modules/jest-runtime/node_modules/@jest/transform/build/ScriptTransformer.js:537:17)

FAIL .rollup.cache/Users/abhiroop.chaudhuri/Desktop/DEVELOPMENT/MDS/design-system/dist/types/core/components/organisms/select/__test__/Select.test.js
  ● Test suite failed to run

    /Users/abhiroop.chaudhuri/Desktop/DEVELOPMENT/MDS/design-system/.rollup.cache/Users/abhiroop.chaudhuri/Desktop/DEVELOPMENT/MDS/design-system/dist/types/core/components/organisms/select/__test__/Select.test.js:1
    ({"Object.<anonymous>":function(module,exports,require,__dirname,__filename,global,jest){import { __assign } from "tslib";
                                                                                             ^^^^^^

    SyntaxError: Cannot use import statement outside a module

      at ScriptTransformer._transformAndBuildScript (node_modules/jest-runtime/node_modules/@jest/transform/build/ScriptTransformer.js:537:17)

FAIL .rollup.cache/Users/abhiroop.chaudhuri/Desktop/DEVELOPMENT/MDS/design-system/dist/types/core/components/organisms/textField/__test__/Textarea.test.js
  ● Test suite failed to run

    /Users/abhiroop.chaudhuri/Desktop/DEVELOPMENT/MDS/design-system/.rollup.cache/Users/abhiroop.chaudhuri/Desktop/DEVELOPMENT/MDS/design-system/dist/types/core/components/organisms/textField/__test__/Textarea.test.js:1
    ({"Object.<anonymous>":function(module,exports,require,__dirname,__filename,global,jest){import { __assign } from "tslib";
                                                                                             ^^^^^^

    SyntaxError: Cannot use import statement outside a module

      at ScriptTransformer._transformAndBuildScript (node_modules/jest-runtime/node_modules/@jest/transform/build/ScriptTransformer.js:537:17)

FAIL .rollup.cache/Users/abhiroop.chaudhuri/Desktop/DEVELOPMENT/MDS/design-system/dist/types/core/components/molecules/emptyState/_tests_/EmptyState.test.js
  ● Test suite failed to run

    /Users/abhiroop.chaudhuri/Desktop/DEVELOPMENT/MDS/design-system/.rollup.cache/Users/abhiroop.chaudhuri/Desktop/DEVELOPMENT/MDS/design-system/dist/types/core/components/molecules/emptyState/_tests_/EmptyState.test.js:1
    ({"Object.<anonymous>":function(module,exports,require,__dirname,__filename,global,jest){import { __assign } from "tslib";
                                                                                             ^^^^^^

    SyntaxError: Cannot use import statement outside a module

      at ScriptTransformer._transformAndBuildScript (node_modules/jest-runtime/node_modules/@jest/transform/build/ScriptTransformer.js:537:17)

--------------------------------------------------------|----------|----------|----------|----------|-------------------|
File                                                    |  % Stmts | % Branch |  % Funcs |  % Lines | Uncovered Line #s |
--------------------------------------------------------|----------|----------|----------|----------|-------------------|
All files                                               |    88.98 |    75.46 |    80.75 |    89.36 |                   |
 core                                                   |      100 |      100 |     87.5 |      100 |                   |
  index.tsx                                             |      100 |      100 |     87.5 |      100 |                   |
 core/accessibility/utils                               |      100 |       96 |      100 |      100 |                   |
  index.ts                                              |      100 |      100 |      100 |      100 |                   |
  isEnterKey.ts                                         |      100 |      100 |      100 |      100 |                   |
  isSpaceKey.ts                                         |      100 |      100 |      100 |      100 |                   |
  useAccessibilityProps.ts                              |      100 |    95.45 |      100 |      100 |                47 |
 core/ai-components/AIButton                            |      100 |      100 |      100 |      100 |                   |
  index.tsx                                             |      100 |      100 |      100 |      100 |                   |
 core/ai-components/AIChip                              |      100 |      100 |      100 |      100 |                   |
  index.tsx                                             |      100 |      100 |      100 |      100 |                   |
 core/ai-components/AIIconButton                        |      100 |    95.45 |      100 |      100 |                   |
  SaraIcon.tsx                                          |      100 |      100 |      100 |      100 |                   |
  index.tsx                                             |      100 |    91.67 |      100 |      100 |                65 |
 core/ai-components/AIIconButton/icons                  |      100 |      100 |      100 |      100 |                   |
  SaraIconDefault.tsx                                   |      100 |      100 |      100 |      100 |                   |
  SaraIconDisabled.tsx                                  |      100 |      100 |      100 |      100 |                   |
 core/ai-components/AIResponse                          |      100 |      100 |      100 |      100 |                   |
  ChatActionBar.tsx                                     |      100 |      100 |      100 |      100 |                   |
  ChatBody.tsx                                          |      100 |      100 |      100 |      100 |                   |
  ChatBox.tsx                                           |      100 |      100 |      100 |      100 |                   |
  ChatButton.tsx                                        |      100 |      100 |      100 |      100 |                   |
  index.tsx                                             |      100 |      100 |      100 |      100 |                   |
 core/ai-components/Sara                                |      100 |      100 |      100 |      100 |                   |
  index.tsx                                             |      100 |      100 |      100 |      100 |                   |
 core/ai-components/SaraSparkle                         |      100 |       80 |      100 |      100 |                   |
  index.tsx                                             |      100 |       80 |      100 |      100 |                63 |
 core/components/atoms/_chip                            |    89.71 |    68.66 |    90.91 |    89.06 |                   |
  index.tsx                                             |    89.71 |    68.66 |    90.91 |    89.06 |... 62,163,164,165 |
 core/components/atoms/_text                            |      100 |       50 |      100 |      100 |                   |
  index.tsx                                             |      100 |       50 |      100 |      100 |                10 |
 core/components/atoms/actionCard                       |    89.47 |    61.54 |       50 |    88.24 |                   |
  ActionCard.tsx                                        |     87.5 |    61.54 |    66.67 |    86.67 |             38,39 |
  index.tsx                                             |      100 |      100 |        0 |      100 |                   |
 core/components/atoms/avatar                           |      100 |    93.67 |    83.33 |      100 |                   |
  Avatar.tsx                                            |      100 |    93.67 |      100 |      100 |... 76,181,198,215 |
  AvatarProvider.tsx                                    |      100 |      100 |      100 |      100 |                   |
  constants.ts                                          |      100 |      100 |      100 |      100 |                   |
  index.tsx                                             |      100 |      100 |        0 |      100 |                   |
 core/components/atoms/avatar/avatarIcon                |      100 |    77.78 |      100 |      100 |                   |
  AvatarIcon.tsx                                        |      100 |    77.78 |      100 |      100 |             23,26 |
  index.tsx                                             |      100 |      100 |      100 |      100 |                   |
 core/components/atoms/avatar/avatarImage               |      100 |       85 |      100 |      100 |                   |
  AvatarImage.tsx                                       |      100 |       85 |      100 |      100 |          37,48,71 |
  index.tsx                                             |      100 |      100 |      100 |      100 |                   |
 core/components/atoms/avatarGroup                      |      100 |    79.45 |    92.31 |      100 |                   |
  AvatarCount.tsx                                       |      100 |       50 |      100 |      100 |                 8 |
  AvatarGroup.tsx                                       |      100 |    76.19 |      100 |      100 |... 32,134,136,140 |
  AvatarGroupEmptyState.tsx                             |      100 |    83.33 |      100 |      100 |                24 |
  AvatarInput.tsx                                       |      100 |      100 |      100 |      100 |                   |
  AvatarOptionItem.tsx                                  |      100 |     62.5 |      100 |      100 |                12 |
  AvatarPopperBody.tsx                                  |      100 |    84.38 |      100 |      100 |         50,51,108 |
  Avatars.tsx                                           |      100 |      100 |      100 |      100 |                   |
  index.tsx                                             |      100 |      100 |        0 |      100 |                   |
 core/components/atoms/avatarSelection                  |      100 |    90.91 |       90 |      100 |                   |
  AvatarSelection.tsx                                   |      100 |    90.91 |      100 |      100 |           238,267 |
  AvatarSelectionContext.tsx                            |      100 |      100 |      100 |      100 |                   |
  index.tsx                                             |      100 |      100 |        0 |      100 |                   |
 core/components/atoms/avatarSelection/avatarPopover    |    96.32 |    77.99 |      100 |    96.08 |                   |
  AvatarSelectionEmptyState.tsx                         |      100 |    83.33 |      100 |      100 |                24 |
  AvatarSelectionInput.tsx                              |      100 |      100 |      100 |      100 |                   |
  AvatarSelectionList.tsx                               |      100 |      100 |      100 |      100 |                   |
  AvatarSelectionOption.tsx                             |      100 |    79.17 |      100 |      100 |    63,65,71,72,94 |
  AvatarSelectionPopover.tsx                            |      100 |    78.85 |      100 |      100 |... 96,103,104,150 |
  index.tsx                                             |      100 |      100 |      100 |      100 |                   |
  utils.tsx                                             |    88.24 |    76.62 |      100 |    88.24 | 34,64,66,68,69,70 |
 core/components/atoms/avatarSelection/avatarsSelection |       97 |    78.69 |      100 |    96.81 |                   |
  AvatarSelectionCount.tsx                              |      100 |    83.33 |      100 |      100 |                36 |
  SelectionAvatar.tsx                                   |      100 |       75 |      100 |      100 |                22 |
  SelectionAvatarsWrapper.tsx                           |    94.74 |    76.32 |      100 |    94.59 |             34,51 |
  index.tsx                                             |      100 |      100 |      100 |      100 |                   |
  utils.tsx                                             |       96 |    79.73 |      100 |       96 |                23 |
 core/components/atoms/backdrop                         |      100 |      100 |     87.5 |      100 |                   |
  Backdrop.tsx                                          |      100 |      100 |      100 |      100 |                   |
  index.tsx                                             |      100 |      100 |       50 |      100 |                   |
 core/components/atoms/badge                            |      100 |      100 |       50 |      100 |                   |
  Badge.tsx                                             |      100 |      100 |      100 |      100 |                   |
  index.tsx                                             |      100 |      100 |        0 |      100 |                   |
 core/components/atoms/breadcrumbs                      |    94.74 |     62.5 |       80 |    93.33 |                   |
  Breadcrumbs.tsx                                       |    94.29 |     62.5 |    88.89 |    92.86 |           116,117 |
  index.tsx                                             |      100 |      100 |        0 |      100 |                   |
 core/components/atoms/button                           |      100 |      100 |       75 |      100 |                   |
  Button.tsx                                            |      100 |      100 |      100 |      100 |                   |
  index.tsx                                             |      100 |      100 |        0 |      100 |                   |
 core/components/atoms/caption                          |      100 |       50 |       50 |      100 |                   |
  Caption.tsx                                           |      100 |       50 |      100 |      100 |             47,52 |
  index.tsx                                             |      100 |      100 |        0 |      100 |                   |
 core/components/atoms/card                             |      100 |       50 |       50 |      100 |                   |
  Card.tsx                                              |      100 |       50 |      100 |      100 |                19 |
  index.tsx                                             |      100 |      100 |        0 |      100 |                   |
 core/components/atoms/cardBody                         |      100 |      100 |       50 |      100 |                   |
  CardBody.tsx                                          |      100 |      100 |      100 |      100 |                   |
  index.tsx                                             |      100 |      100 |        0 |      100 |                   |
 core/components/atoms/cardFooter                       |      100 |      100 |       50 |      100 |                   |
  CardFooter.tsx                                        |      100 |      100 |      100 |      100 |                   |
  index.tsx                                             |      100 |      100 |        0 |      100 |                   |
 core/components/atoms/cardHeader                       |      100 |      100 |       50 |      100 |                   |
  CardHeader.tsx                                        |      100 |      100 |      100 |      100 |                   |
  index.tsx                                             |      100 |      100 |        0 |      100 |                   |
 core/components/atoms/cardSubdued                      |      100 |      100 |       50 |      100 |                   |
  CardSubdued.tsx                                       |      100 |      100 |      100 |      100 |                   |
  index.tsx                                             |      100 |      100 |        0 |      100 |                   |
 core/components/atoms/checkbox                         |    96.49 |    96.49 |     87.5 |    96.23 |                   |
  Checkbox.tsx                                          |    97.78 |    98.08 |    83.33 |    97.62 |               112 |
  CheckboxIcon.tsx                                      |    88.89 |       80 |      100 |    88.89 |                46 |
  index.tsx                                             |      100 |      100 |      100 |      100 |                   |
 core/components/atoms/chip                             |      100 |     91.3 |       75 |      100 |                   |
  Chip.tsx                                              |      100 |     91.3 |      100 |      100 |           103,106 |
  index.tsx                                             |      100 |      100 |        0 |      100 |                   |
 core/components/atoms/chipGroup                        |      100 |       50 |    85.71 |      100 |                   |
  ChipGroup.tsx                                         |      100 |       50 |      100 |      100 |          42,45,58 |
  index.tsx                                             |      100 |      100 |        0 |      100 |                   |
 core/components/atoms/collapsible                      |    97.73 |    90.91 |    83.33 |      100 |                   |
  Collapsible.tsx                                       |    97.56 |    90.91 |      100 |      100 |          53,83,85 |
  index.tsx                                             |      100 |      100 |        0 |      100 |                   |
 core/components/atoms/column                           |      100 |      100 |       50 |      100 |                   |
  Column.tsx                                            |      100 |      100 |      100 |      100 |                   |
  index.tsx                                             |      100 |      100 |        0 |      100 |                   |
 core/components/atoms/divider                          |      100 |      100 |       50 |      100 |                   |
  Divider.tsx                                           |      100 |      100 |      100 |      100 |                   |
  index.tsx                                             |      100 |      100 |        0 |      100 |                   |
 core/components/atoms/dropdown                         |    88.59 |    77.96 |    84.68 |    88.52 |                   |
  Dropdown.tsx                                          |    85.94 |    74.41 |    86.27 |    85.38 |... 65,776,780,788 |
  DropdownButton.tsx                                    |      100 |    90.32 |      100 |      100 |          64,65,80 |
  DropdownList.tsx                                      |    90.31 |    78.93 |    81.58 |    89.95 |... 39,740,741,747 |
  ErrorTemplate.tsx                                     |    92.31 |      100 |       50 |       90 |                51 |
  Loading.tsx                                           |    93.33 |      100 |      100 |    93.33 |                41 |
  index.tsx                                             |      100 |      100 |        0 |      100 |                   |
  utility.tsx                                           |    92.45 |    83.67 |    94.12 |    91.67 |       36,45,47,54 |
 core/components/atoms/dropdown/option                  |    78.15 |    61.11 |    68.42 |    82.96 |                   |
  CheckboxOption.tsx                                    |    71.43 |    58.33 |    66.67 |    77.42 |... 49,51,52,53,66 |
  DefaultOption.tsx                                     |    64.29 |    44.44 |       50 |    69.23 |       21,23,24,25 |
  IconOption.tsx                                        |    70.59 |       50 |       50 |       75 |       32,34,35,36 |
  IconWithMetaOption.tsx                                |    70.59 |    40.91 |       50 |       75 |       34,36,37,38 |
  MetaOption.tsx                                        |    64.29 |       40 |       50 |    69.23 |       22,24,25,26 |
  index.tsx                                             |    94.44 |    84.38 |      100 |      100 |... 49,159,160,194 |
 core/components/atoms/editable                         |      100 |    90.48 |      100 |      100 |                   |
  Editable.tsx                                          |      100 |    90.48 |      100 |      100 |                24 |
  index.tsx                                             |      100 |      100 |      100 |      100 |                   |
 core/components/atoms/flex                             |    97.01 |    75.76 |       75 |    98.44 |                   |
  Flex.tsx                                              |    96.88 |    75.76 |      100 |    98.39 |                66 |
  index.tsx                                             |      100 |      100 |        0 |      100 |                   |
 core/components/atoms/heading                          |      100 |      100 |      100 |      100 |                   |
  Heading.tsx                                           |      100 |      100 |      100 |      100 |                   |
  index.tsx                                             |      100 |      100 |      100 |      100 |                   |
 core/components/atoms/helpText                         |      100 |      100 |       50 |      100 |                   |
  HelpText.tsx                                          |      100 |      100 |      100 |      100 |                   |
  index.tsx                                             |      100 |      100 |        0 |      100 |                   |
 core/components/atoms/icon                             |      100 |      100 |      100 |      100 |                   |
  Icon.tsx                                              |      100 |      100 |      100 |      100 |                   |
  index.tsx                                             |      100 |      100 |      100 |      100 |                   |
 core/components/atoms/input                            |      100 |    93.65 |     87.5 |      100 |                   |
  Input.tsx                                             |      100 |    93.65 |      100 |      100 |   197,267,269,323 |
  index.tsx                                             |      100 |      100 |        0 |      100 |                   |
 core/components/atoms/input/actionButton               |      100 |      100 |      100 |      100 |                   |
  ActionButton.tsx                                      |      100 |      100 |      100 |      100 |                   |
  index.tsx                                             |      100 |      100 |      100 |      100 |                   |
 core/components/atoms/label                            |      100 |      100 |       75 |      100 |                   |
  Label.tsx                                             |      100 |      100 |      100 |      100 |                   |
  index.tsx                                             |      100 |      100 |        0 |      100 |                   |
 core/components/atoms/legend                           |    70.37 |       10 |    16.67 |    69.23 |                   |
  Legend.tsx                                            |    66.67 |       10 |       20 |    66.67 |... 64,65,88,90,91 |
  index.tsx                                             |      100 |      100 |        0 |      100 |                   |
 core/components/atoms/link                             |      100 |      100 |      100 |      100 |                   |
  Link.tsx                                              |      100 |      100 |      100 |      100 |                   |
  index.tsx                                             |      100 |      100 |      100 |      100 |                   |
 core/components/atoms/linkButton                       |      100 |      100 |       50 |      100 |                   |
  LinkButton.tsx                                        |      100 |      100 |      100 |      100 |                   |
  index.tsx                                             |      100 |      100 |        0 |      100 |                   |
 core/components/atoms/mdsGrid                          |    96.72 |    84.21 |       80 |    98.25 |                   |
  GridItem.tsx                                          |      100 |      100 |      100 |      100 |                   |
  MdsGrid.tsx                                           |    95.83 |    84.21 |      100 |    97.83 |                62 |
  index.tsx                                             |      100 |      100 |        0 |      100 |                   |
 core/components/atoms/message                          |    96.67 |    88.46 |    66.67 |    96.43 |                   |
  Message.tsx                                           |     96.3 |    88.46 |      100 |    96.15 |               101 |
  index.tsx                                             |      100 |      100 |        0 |      100 |                   |
 core/components/atoms/metaList                         |      100 |       90 |       75 |      100 |                   |
  Meta.tsx                                              |      100 |      100 |      100 |      100 |                   |
  MetaList.tsx                                          |      100 |    83.33 |      100 |      100 |                88 |
  index.tsx                                             |      100 |      100 |        0 |      100 |                   |
 core/components/atoms/meter                            |    94.87 |    77.78 |     87.5 |      100 |                   |
  Meter.tsx                                             |      100 |    90.91 |      100 |      100 |               149 |
  Step.tsx                                              |      100 |      100 |      100 |      100 |                   |
  index.tsx                                             |      100 |      100 |        0 |      100 |                   |
  useMeterValues.tsx                                    |    89.19 |    58.33 |      100 |      100 |      5,6,27,28,40 |
 core/components/atoms/metricInput                      |    98.75 |    90.91 |    92.31 |      100 |                   |
  MetricInput.tsx                                       |     98.7 |    90.91 |      100 |      100 |   125,128,172,235 |
  index.tsx                                             |      100 |      100 |        0 |      100 |                   |
 core/components/atoms/multiSlider                      |    91.25 |    72.73 |    86.67 |    92.01 |                   |
  Handle.tsx                                            |     95.9 |    75.86 |      100 |    97.89 |             63,72 |
  SliderUtils.tsx                                       |     87.8 |    72.22 |      100 |    91.67 |          23,47,48 |
  index.tsx                                             |    89.25 |    70.51 |    79.59 |    89.01 |... 13,445,446,447 |
 core/components/atoms/outsideClick                     |      100 |      100 |    83.33 |      100 |                   |
  OutsideClick.tsx                                      |      100 |      100 |      100 |      100 |                   |
  index.tsx                                             |      100 |      100 |        0 |      100 |                   |
 core/components/atoms/paragraph                        |      100 |       75 |       50 |      100 |                   |
  Paragraph.tsx                                         |      100 |       75 |      100 |      100 |                27 |
  index.tsx                                             |      100 |      100 |        0 |      100 |                   |
 core/components/atoms/pills                            |      100 |       75 |       50 |      100 |                   |
  Pills.tsx                                             |      100 |       75 |      100 |      100 |                44 |
  index.tsx                                             |      100 |      100 |        0 |      100 |                   |
 core/components/atoms/placeholderImage                 |      100 |       50 |      100 |      100 |                   |
  PlaceholderImage.tsx                                  |      100 |       50 |      100 |      100 |                20 |
  index.tsx                                             |      100 |      100 |      100 |      100 |                   |
 core/components/atoms/placeholderParagraph             |      100 |      100 |      100 |      100 |                   |
  PlaceholderParagraph.tsx                              |      100 |      100 |      100 |      100 |                   |
  index.tsx                                             |      100 |      100 |      100 |      100 |                   |
 core/components/atoms/popperWrapper                    |    82.27 |    70.89 |    71.88 |    81.03 |                   |
  PopperWrapper.tsx                                     |    82.03 |    70.89 |    74.19 |    80.81 |... 29,465,466,467 |
  index.tsx                                             |      100 |      100 |        0 |      100 |                   |
 core/components/atoms/progressBar                      |      100 |      100 |       50 |      100 |                   |
  ProgressBar.tsx                                       |      100 |      100 |      100 |      100 |                   |
  index.tsx                                             |      100 |      100 |        0 |      100 |                   |
 core/components/atoms/progressRing                     |      100 |      100 |       50 |      100 |                   |
  ProgressRing.tsx                                      |      100 |      100 |      100 |      100 |                   |
  index.tsx                                             |      100 |      100 |        0 |      100 |                   |
 core/components/atoms/radio                            |       96 |    95.45 |    33.33 |    95.83 |                   |
  Radio.tsx                                             |    95.45 |    95.45 |       50 |    95.45 |                82 |
  index.tsx                                             |      100 |      100 |        0 |      100 |                   |
 core/components/atoms/rangeSlider                      |    80.77 |    57.14 |       60 |    80.95 |                   |
  RangeSlider.tsx                                       |    78.26 |    57.14 |       75 |    78.95 |       45,50,51,53 |
  index.tsx                                             |      100 |      100 |        0 |      100 |                   |
 core/components/atoms/row                              |      100 |      100 |       50 |      100 |                   |
  Row.tsx                                               |      100 |      100 |      100 |      100 |                   |
  index.tsx                                             |      100 |      100 |        0 |      100 |                   |
 core/components/atoms/segmentedControl                 |    93.33 |    82.02 |       90 |    94.12 |                   |
  SegmentedControl.tsx                                  |     91.8 |    76.92 |    94.12 |     93.4 |... 68,170,178,226 |
  SegmentedControlContext.tsx                           |      100 |      100 |      100 |      100 |                   |
  SegmentedControlItem.tsx                              |    91.49 |    85.71 |    83.33 |    91.11 |     76,77,138,139 |
  index.tsx                                             |      100 |      100 |        0 |      100 |                   |
  utils.ts                                              |    97.96 |    93.75 |      100 |    97.87 |               119 |
 core/components/atoms/selectionCard                    |     96.3 |    94.44 |       80 |      100 |                   |
  SelectionCard.tsx                                     |    95.83 |    94.44 |      100 |      100 |                65 |
  index.tsx                                             |      100 |      100 |        0 |      100 |                   |
 core/components/atoms/selectionCard/hooks              |      100 |    83.33 |      100 |      100 |                   |
  index.tsx                                             |      100 |      100 |      100 |      100 |                   |
  useMultiSelect.tsx                                    |      100 |      100 |      100 |      100 |                   |
  useSingleSelect.tsx                                   |      100 |       75 |      100 |      100 |                20 |
 core/components/atoms/slider                           |    95.65 |       75 |       75 |    94.44 |                   |
  Slider.tsx                                            |       95 |       75 |      100 |    93.75 |                44 |
  index.tsx                                             |      100 |      100 |        0 |      100 |                   |
 core/components/atoms/spinner                          |      100 |       50 |       50 |      100 |                   |
  Spinner.tsx                                           |      100 |       50 |      100 |      100 |                26 |
  index.tsx                                             |      100 |      100 |        0 |      100 |                   |
 core/components/atoms/statusHint                       |    76.47 |    30.77 |    28.57 |    78.13 |                   |
  StatusHint.tsx                                        |    74.19 |    30.77 |    33.33 |    76.67 |... 61,100,102,103 |
  index.tsx                                             |      100 |      100 |        0 |      100 |                   |
 core/components/atoms/subheading                       |      100 |       75 |       50 |      100 |                   |
  Subheading.tsx                                        |      100 |       75 |      100 |      100 |                25 |
  index.tsx                                             |      100 |      100 |        0 |      100 |                   |
 core/components/atoms/switchInput                      |    65.71 |    45.83 |       40 |    65.52 |                   |
  Switch.tsx                                            |     62.5 |    45.83 |       50 |    62.96 |... 12,113,114,115 |
  index.tsx                                             |      100 |      100 |        0 |      100 |                   |
 core/components/atoms/text                             |    78.26 |    41.67 |    66.67 |    73.68 |                   |
  Text.tsx                                              |       75 |    41.67 |       50 |    70.59 |    71,72,73,74,75 |
  index.tsx                                             |      100 |      100 |      100 |      100 |                   |
 core/components/atoms/textarea                         |      100 |      100 |       50 |      100 |                   |
  Textarea.tsx                                          |      100 |      100 |      100 |      100 |                   |
  index.tsx                                             |      100 |      100 |        0 |      100 |                   |
 core/components/atoms/toast                            |    89.58 |    84.38 |    57.14 |    93.33 |                   |
  ActionButton.tsx                                      |    81.25 |        0 |       50 |    86.67 |             25,26 |
  Toast.tsx                                             |     93.1 |       90 |       75 |    96.43 |               105 |
  index.tsx                                             |      100 |      100 |        0 |      100 |                   |
 core/components/molecules/chat                         |      100 |      100 |       50 |      100 |                   |
  Chat.tsx                                              |      100 |      100 |      100 |      100 |                   |
  index.tsx                                             |      100 |      100 |        0 |      100 |                   |
 core/components/molecules/chat/chatBubble              |      100 |      100 |      100 |      100 |                   |
  ChatBubble.tsx                                        |      100 |      100 |      100 |      100 |                   |
  IncomingBubble.tsx                                    |      100 |      100 |      100 |      100 |                   |
  OutgoingBubble.tsx                                    |      100 |      100 |      100 |      100 |                   |
  index.tsx                                             |      100 |      100 |      100 |      100 |                   |
 core/components/molecules/chat/chatInput               |    89.47 |    81.08 |       90 |    90.38 |                   |
  ChatInput.tsx                                         |    94.44 |    81.08 |      100 |       94 |       122,124,126 |
  index.tsx                                             |        0 |      100 |        0 |        0 |               1,2 |
 core/components/molecules/chat/dateSeparator           |      100 |      100 |      100 |      100 |                   |
  DateSeparator.tsx                                     |      100 |      100 |      100 |      100 |                   |
  index.tsx                                             |      100 |      100 |      100 |      100 |                   |
 core/components/molecules/chat/newMessage              |      100 |      100 |      100 |      100 |                   |
  NewMessage.tsx                                        |      100 |      100 |      100 |      100 |                   |
  index.tsx                                             |      100 |      100 |      100 |      100 |                   |
 core/components/molecules/chat/typingIndicator         |      100 |      100 |      100 |      100 |                   |
  TypingIndicator.tsx                                   |      100 |      100 |      100 |      100 |                   |
  index.tsx                                             |      100 |      100 |      100 |      100 |                   |
 core/components/molecules/chat/unreadMessage           |      100 |      100 |      100 |      100 |                   |
  UnreadMessage.tsx                                     |      100 |      100 |      100 |      100 |                   |
  index.tsx                                             |      100 |      100 |      100 |      100 |                   |
 core/components/molecules/chatMessage                  |    92.11 |    72.55 |    71.43 |    92.96 |                   |
  Box.tsx                                               |    72.22 |       25 |       50 |    76.47 |       27,29,30,31 |
  ChatMessage.tsx                                       |      100 |      100 |      100 |      100 |                   |
  MessageText.tsx                                       |      100 |      100 |      100 |      100 |                   |
  Status.tsx                                            |    96.77 |    91.67 |      100 |    96.43 |               105 |
  index.tsx                                             |      100 |      100 |        0 |      100 |                   |
 core/components/molecules/chipInput                    |       88 |    66.34 |       80 |    87.78 |                   |
  ChipInput.tsx                                         |    87.63 |    66.34 |    85.71 |     87.5 |... 81,291,292,293 |
  index.tsx                                             |      100 |      100 |        0 |      100 |                   |
 core/components/molecules/dialog                       |      100 |      100 |    66.67 |      100 |                   |
  Dialog.tsx                                            |      100 |      100 |      100 |      100 |                   |
  index.tsx                                             |      100 |      100 |       50 |      100 |                   |
 core/components/molecules/dropzone                     |    83.04 |    71.97 |    72.41 |    82.92 |                   |
  Dropzone.tsx                                          |      100 |      100 |      100 |      100 |                   |
  DropzoneActive.tsx                                    |      100 |      100 |      100 |      100 |                   |
  DropzoneBase.tsx                                      |    90.74 |     66.3 |    85.71 |    90.41 |... 98,302,329,349 |
  DropzoneError.tsx                                     |      100 |      100 |      100 |      100 |                   |
  DropzoneIcon.tsx                                      |      100 |      100 |      100 |      100 |                   |
  FileErrors.tsx                                        |    89.13 |    70.45 |      100 |    88.64 |    49,50,51,52,81 |
  FileSelectorUtils.tsx                                 |    39.47 |    39.53 |    32.14 |    39.71 |... 03,305,306,309 |
  index.tsx                                             |      100 |      100 |        0 |      100 |                   |
  utils.tsx                                             |    96.49 |    91.49 |      100 |     96.3 |             23,26 |
 core/components/molecules/editableChipInput            |    80.25 |    65.71 |    71.43 |     80.3 |                   |
  EditableChipInput.tsx                                 |    79.49 |    65.71 |    76.92 |    79.69 |... 15,116,119,135 |
  index.tsx                                             |      100 |      100 |        0 |      100 |                   |
 core/components/molecules/editableDropdown             |    84.91 |    54.55 |    71.43 |    85.71 |                   |
  EditableDropdown.tsx                                  |       84 |    54.55 |    83.33 |       85 | 60,61,62,78,79,80 |
  index.tsx                                             |      100 |      100 |        0 |      100 |                   |
 core/components/molecules/editableInput                |    88.16 |    78.95 |    72.73 |     87.1 |                   |
  EditableInput.tsx                                     |    87.67 |    78.95 |       80 |    86.67 |... 42,143,145,146 |
  index.tsx                                             |      100 |      100 |        0 |      100 |                   |
 core/components/molecules/emptyState                   |      100 |       80 |    85.71 |      100 |                   |
  EmptyState.tsx                                        |      100 |    81.25 |      100 |      100 |87,103,105,130,136 |
  EmptyStateActions.tsx                                 |      100 |       50 |      100 |      100 |                19 |
  EmptyStateContext.tsx                                 |      100 |      100 |      100 |      100 |                   |
  EmptyStateDescription.tsx                             |      100 |       50 |      100 |      100 |                21 |
  EmptyStateImage.tsx                                   |      100 |       90 |      100 |      100 |                73 |
  EmptyStateTitle.tsx                                   |      100 |       75 |      100 |      100 |                21 |
  index.tsx                                             |      100 |      100 |        0 |      100 |                   |
 core/components/molecules/fileList                     |    92.19 |    66.67 |    85.71 |    93.33 |                   |
  FileIcon.tsx                                          |      100 |       70 |      100 |      100 |          26,27,52 |
  FileList.tsx                                          |      100 |      100 |      100 |      100 |                   |
  FileListItem.tsx                                      |    79.17 |    56.25 |    66.67 |    82.61 |       82,84,85,86 |
  index.tsx                                             |      100 |      100 |      100 |      100 |                   |
 core/components/molecules/fileUploader                 |    94.68 |    70.73 |    91.67 |     95.6 |                   |
  FileUploader.tsx                                      |      100 |      100 |      100 |      100 |                   |
  FileUploaderButton.tsx                                |      100 |    66.67 |      100 |      100 |             66,67 |
  FileUploaderFormat.tsx                                |      100 |      100 |      100 |      100 |                   |
  FileUploaderItem.tsx                                  |       80 |    58.33 |       80 |    83.33 |       50,52,53,54 |
  FileUploaderList.tsx                                  |      100 |      100 |      100 |      100 |                   |
  FileUploaderStatus.tsx                                |      100 |      100 |      100 |      100 |                   |
  index.tsx                                             |      100 |      100 |      100 |      100 |                   |
 core/components/molecules/fullscreenModal              |    71.19 |    70.31 |       55 |    72.38 |                   |
  FullscreenModal.tsx                                   |    70.18 |    70.31 |    55.56 |    71.84 |... 09,211,236,237 |
  index.tsx                                             |      100 |      100 |       50 |      100 |                   |
 core/components/molecules/inputMask                    |       83 |    70.67 |    78.57 |    82.22 |                   |
  InputMask.tsx                                         |    82.01 |    70.27 |       80 |     81.4 |... 03,304,313,314 |
  index.tsx                                             |      100 |      100 |        0 |      100 |                   |
  utilites.tsx                                          |      100 |      100 |      100 |      100 |                   |
 core/components/molecules/keyValuePair                 |      100 |      100 |       75 |      100 |                   |
  KeyElement.tsx                                        |      100 |      100 |      100 |      100 |                   |
  KeyValuePair.tsx                                      |      100 |      100 |      100 |      100 |                   |
  ValueElement.tsx                                      |      100 |      100 |      100 |      100 |                   |
  index.tsx                                             |      100 |      100 |        0 |      100 |                   |
 core/components/molecules/modal                        |     98.9 |    93.14 |    95.65 |      100 |                   |
  Modal.tsx                                             |    98.52 |       94 |      100 |      100 |... 07,294,318,421 |
  ModalBody.tsx                                         |      100 |      100 |      100 |      100 |                   |
  ModalFooter.tsx                                       |      100 |      100 |      100 |      100 |                   |
  ModalHeader.tsx                                       |      100 |       50 |      100 |      100 |                50 |
  index.tsx                                             |      100 |      100 |       50 |      100 |                   |
 core/components/molecules/modalDescription             |      100 |      100 |       50 |      100 |                   |
  ModalDescription.tsx                                  |      100 |      100 |      100 |      100 |                   |
  index.tsx                                             |      100 |      100 |        0 |      100 |                   |
 core/components/molecules/overlayBody                  |      100 |      100 |       50 |      100 |                   |
  OverlayBody.tsx                                       |      100 |      100 |      100 |      100 |                   |
  index.tsx                                             |      100 |      100 |        0 |      100 |                   |
 core/components/molecules/overlayFooter                |    89.66 |    92.31 |       60 |    92.31 |                   |
  OverlayFooter.tsx                                     |    88.46 |    92.31 |       75 |    91.67 |             49,50 |
  index.tsx                                             |      100 |      100 |        0 |      100 |                   |
 core/components/molecules/overlayHeader                |      100 |      100 |       50 |      100 |                   |
  OverlayHeader.tsx                                     |      100 |      100 |      100 |      100 |                   |
  index.tsx                                             |      100 |      100 |        0 |      100 |                   |
 core/components/molecules/pagination                   |    96.97 |    85.71 |    83.33 |    96.36 |                   |
  Pagination.tsx                                        |    96.83 |    85.71 |    90.91 |    96.23 |           105,106 |
  index.tsx                                             |      100 |      100 |        0 |      100 |                   |
 core/components/molecules/placeholder                  |      100 |      100 |      100 |      100 |                   |
  Placeholder.tsx                                       |      100 |      100 |      100 |      100 |                   |
  index.tsx                                             |      100 |      100 |      100 |      100 |                   |
 core/components/molecules/popover                      |    97.06 |    64.29 |       80 |    96.43 |                   |
  Popover.tsx                                           |    96.77 |    64.29 |      100 |    96.15 |               146 |
  index.tsx                                             |      100 |      100 |        0 |      100 |                   |
 core/components/molecules/sidesheet                    |    87.16 |    79.51 |    80.95 |    89.55 |                   |
  Sidesheet.tsx                                         |    86.81 |    79.51 |    84.21 |    89.39 |... 72,294,295,372 |
  index.tsx                                             |      100 |      100 |       50 |      100 |                   |
 core/components/molecules/stepper                      |    91.84 |    79.41 |    66.67 |    91.11 |                   |
  Step.tsx                                              |    82.61 |       76 |       50 |    80.95 |       44,45,46,56 |
  Stepper.tsx                                           |      100 |    88.89 |      100 |      100 |                62 |
  index.tsx                                             |      100 |      100 |        0 |      100 |                   |
 core/components/molecules/tabs                         |    94.58 |     85.8 |    89.66 |    94.44 |                   |
  Tab.tsx                                               |      100 |      100 |      100 |      100 |                   |
  Tabs.tsx                                              |    96.67 |    88.11 |    90.91 |    96.15 |   271,272,273,291 |
  TabsWrapper.tsx                                       |    86.49 |    73.08 |    83.33 |     87.1 |       75,77,78,79 |
  index.tsx                                             |      100 |      100 |      100 |      100 |                   |
 core/components/molecules/tooltip                      |      100 |       90 |       80 |      100 |                   |
  Tooltip.tsx                                           |      100 |       90 |      100 |      100 |            86,131 |
  index.tsx                                             |      100 |      100 |        0 |      100 |                   |
 core/components/molecules/verificationCodeInput        |      100 |    88.73 |    93.33 |      100 |                   |
  VerificationCodeInput.tsx                             |      100 |    88.73 |      100 |      100 |... 89,196,205,248 |
  index.tsx                                             |      100 |      100 |       50 |      100 |                   |
 core/components/organisms/calendar                     |    90.01 |    82.56 |    85.07 |    89.35 |                   |
  Calendar.tsx                                          |    88.95 |    81.85 |    83.02 |     87.5 |... 1208,1209,1210 |
  config.ts                                             |      100 |      100 |      100 |      100 |                   |
  index.tsx                                             |      100 |      100 |        0 |      100 |                   |
  utility.ts                                            |    93.57 |    86.41 |      100 |    95.45 |... 16,117,174,199 |
 core/components/organisms/choiceList                   |       94 |       74 |       80 |    95.65 |                   |
  ChoiceList.tsx                                        |    93.62 |       74 |    88.89 |    95.45 |           254,255 |
  index.tsx                                             |      100 |      100 |        0 |      100 |                   |
 core/components/organisms/combobox                     |    92.12 |    76.23 |    78.26 |     92.2 |                   |
  Combobox.tsx                                          |    94.74 |    82.76 |    76.92 |    95.89 |       196,244,250 |
  ComboboxContext.tsx                                   |      100 |      100 |      100 |      100 |                   |
  ComboboxList.tsx                                      |      100 |      100 |      100 |      100 |                   |
  ComboboxOption.tsx                                    |    88.89 |    73.33 |    66.67 |    88.24 |             73,80 |
  index.tsx                                             |      100 |      100 |        0 |      100 |                   |
  utils.tsx                                             |       85 |    68.09 |      100 |       85 | 34,47,57,58,59,78 |
 core/components/organisms/combobox/trigger             |     84.9 |    68.51 |    77.78 |    85.08 |                   |
  ChipInputBox.tsx                                      |      100 |    84.44 |      100 |      100 |... 37,38,44,45,51 |
  ComboboxTrigger.tsx                                   |      100 |      100 |      100 |      100 |                   |
  InputBox.tsx                                          |       92 |    75.86 |       75 |       92 |             43,44 |
  MultiselectTrigger.tsx                                |    76.64 |    55.66 |    68.75 |    76.29 |... 38,339,340,341 |
  index.tsx                                             |        0 |      100 |      100 |        0 |                 1 |
  utils.tsx                                             |       95 |    73.47 |      100 |       95 |                43 |
 core/components/organisms/datePicker                   |    81.61 |    61.22 |    77.78 |    82.14 |                   |
  DatePicker.tsx                                        |    88.89 |       75 |      100 |    88.78 |... 91,193,215,216 |
  Trigger.tsx                                           |       60 |    42.86 |       50 |       65 |... 42,43,46,58,79 |
  index.tsx                                             |      100 |      100 |        0 |      100 |                   |
 core/components/organisms/dateRangePicker              |    77.78 |    61.11 |    79.17 |    78.55 |                   |
  DateRangePicker.tsx                                   |    94.87 |    86.96 |      100 |    94.63 |... 28,330,355,356 |
  SingleInputTrigger.tsx                                |    61.25 |    58.14 |       80 |    64.79 |... 05,107,126,164 |
  Trigger.tsx                                           |    54.92 |    46.58 |    61.11 |     58.1 |... 98,201,233,236 |
  index.tsx                                             |      100 |      100 |        0 |      100 |                   |
  utilities.tsx                                         |      100 |      100 |      100 |      100 |                   |
 core/components/organisms/grid                         |    77.49 |    60.09 |    74.83 |    76.61 |                   |
  Cell.tsx                                              |     74.5 |    67.69 |    60.87 |    73.77 |... 22,423,427,432 |
  Grid.tsx                                              |    81.36 |    62.65 |    73.33 |    81.44 |... 88,593,623,624 |
  GridBody.tsx                                          |    56.35 |    22.81 |       45 |    55.45 |... 55,256,259,270 |
  GridCell.tsx                                          |    89.52 |    82.19 |    90.91 |    89.32 |... 76,288,313,480 |
  GridContext.ts                                        |      100 |      100 |        0 |      100 |                   |
  GridHead.tsx                                          |      100 |    95.45 |      100 |      100 |                75 |
  GridNestedRow.tsx                                     |      100 |      100 |      100 |      100 |                   |
  GridRow.tsx                                           |    95.08 |    82.05 |    92.86 |    94.23 |          53,54,55 |
  VirtualList.tsx                                       |    51.26 |       20 |       75 |    48.18 |... 63,164,165,166 |
  columnUtility.tsx                                     |    80.95 |    70.83 |    66.67 |    78.79 |... 41,42,48,49,50 |
  defaultProps.tsx                                      |      100 |      100 |      100 |      100 |                   |
  index.tsx                                             |      100 |      100 |        0 |      100 |                   |
  rowUtility.tsx                                        |      100 |    75.61 |      100 |      100 |... 58,60,62,69,79 |
  utility.tsx                                           |    91.11 |       75 |      100 |    92.11 |          14,63,69 |
 core/components/organisms/horizontalNav                |    93.62 |       90 |       75 |    93.48 |                   |
  HorizontalNav.tsx                                     |    93.18 |       90 |    85.71 |    93.18 |         43,44,150 |
  index.tsx                                             |      100 |      100 |        0 |      100 |                   |
 core/components/organisms/inlineMessage                |      100 |      100 |      100 |      100 |                   |
  InlineMessage.tsx                                     |      100 |      100 |      100 |      100 |                   |
  index.tsx                                             |      100 |      100 |      100 |      100 |                   |
 core/components/organisms/list                         |      100 |      100 |       50 |      100 |                   |
  List.tsx                                              |      100 |      100 |      100 |      100 |                   |
  index.tsx                                             |      100 |      100 |        0 |      100 |                   |
 core/components/organisms/listbox                      |       98 |    86.49 |    85.71 |    97.92 |                   |
  Listbox.tsx                                           |      100 |      100 |      100 |      100 |                   |
  index.tsx                                             |      100 |      100 |        0 |      100 |                   |
  utils.ts                                              |     96.3 |    84.85 |      100 |     96.3 |                45 |
 core/components/organisms/listbox/listboxItem          |      100 |     87.5 |      100 |      100 |                   |
  ListBody.tsx                                          |      100 |    91.67 |      100 |      100 |                43 |
  ListboxItem.tsx                                       |      100 |    83.33 |      100 |      100 |            74,106 |
  index.tsx                                             |      100 |      100 |      100 |      100 |                   |
 core/components/organisms/listbox/nestedList           |    82.61 |    47.37 |    55.56 |    78.95 |                   |
  Animation.tsx                                         |    63.64 |     37.5 |    33.33 |    55.56 |          4,8,9,13 |
  NestedList.tsx                                        |    88.24 |    54.55 |    66.67 |    85.71 |       33,36,37,45 |
  index.tsx                                             |      100 |      100 |      100 |      100 |                   |
 core/components/organisms/listbox/reorderList          |    72.81 |    58.82 |    81.48 |     73.2 |                   |
  Draggable.tsx                                         |    66.02 |    54.84 |    74.36 |    66.67 |... 07,409,412,415 |
  DraggableList.tsx                                     |      100 |      100 |      100 |      100 |                   |
  index.tsx                                             |      100 |      100 |      100 |      100 |                   |
  utils.ts                                              |    93.62 |    78.79 |      100 |    95.35 |             60,69 |
 core/components/organisms/menu                         |    99.03 |    83.33 |       88 |    98.94 |                   |
  Menu.tsx                                              |      100 |      100 |      100 |      100 |                   |
  MenuContext.tsx                                       |      100 |      100 |      100 |      100 |                   |
  MenuGroup.tsx                                         |      100 |      100 |      100 |      100 |                   |
  MenuItem.tsx                                          |    95.65 |    79.03 |       75 |    95.56 |             66,70 |
  MenuList.tsx                                          |      100 |      100 |      100 |      100 |                   |
  SubMenu.tsx                                           |      100 |    76.92 |      100 |      100 | 65,69,71,72,77,78 |
  SubMenuContext.tsx                                    |      100 |      100 |      100 |      100 |                   |
  index.tsx                                             |      100 |      100 |        0 |      100 |                   |
  utils.tsx                                             |      100 |    83.85 |      100 |      100 |... 5,96,97,99,100 |
 core/components/organisms/menu/trigger                 |      100 |    89.09 |      100 |      100 |                   |
  MenuTrigger.tsx                                       |      100 |      100 |      100 |      100 |                   |
  utils.tsx                                             |      100 |    88.68 |      100 |      100 | 12,13,17,18,22,45 |
 core/components/organisms/navigation                   |    85.06 |    66.67 |    71.43 |    87.18 |                   |
  Navigation.tsx                                        |      100 |      100 |      100 |      100 |                   |
  VerticalNavigation.tsx                                |    80.88 |       64 |    72.73 |    83.33 |... 02,203,204,241 |
  index.tsx                                             |      100 |      100 |        0 |      100 |                   |
 core/components/organisms/pageHeader                   |    97.78 |    97.37 |     87.5 |    97.73 |                   |
  PageHeader.tsx                                        |      100 |      100 |      100 |      100 |                   |
  index.tsx                                             |      100 |      100 |        0 |      100 |                   |
  utils.tsx                                             |       96 |    95.65 |      100 |       96 |                57 |
 core/components/organisms/select                       |    86.97 |    76.36 |    71.43 |    87.77 |                   |
  SearchInput.tsx                                       |    79.17 |    58.33 |       40 |       85 |          38,42,56 |
  Select.tsx                                            |    88.57 |    75.76 |    72.22 |    89.29 |... 32,233,253,270 |
  SelectContext.tsx                                     |      100 |      100 |      100 |      100 |                   |
  SelectEmptyTemplate.tsx                               |    41.67 |        0 |        0 |    45.45 | 22,24,26,28,30,34 |
  SelectFooter.tsx                                      |      100 |      100 |      100 |      100 |                   |
  SelectList.tsx                                        |      100 |      100 |      100 |      100 |                   |
  SelectOption.tsx                                      |    90.91 |    82.35 |       50 |    93.33 |           108,129 |
  SelectTrigger.tsx                                     |    86.36 |    76.67 |       50 |    86.36 |... 17,218,219,220 |
  index.tsx                                             |      100 |      100 |        0 |      100 |                   |
  utils.tsx                                             |    87.96 |    79.35 |      100 |    87.74 |... 75,176,177,214 |
 core/components/organisms/table                        |    83.39 |    73.32 |     81.2 |    84.39 |                   |
  DraggableDropdown.tsx                                 |    97.87 |       80 |    94.44 |     97.3 |                43 |
  FilterSelect.tsx                                      |    86.82 |    89.66 |       90 |    84.47 |... 96,197,241,242 |
  Header.tsx                                            |    87.85 |    76.52 |    85.71 |    86.67 |... 37,238,240,270 |
  Table.tsx                                             |     76.9 |     61.4 |       65 |    80.61 |... 1106,1110,1114 |
  index.tsx                                             |      100 |      100 |        0 |      100 |                   |
  utils.tsx                                             |       96 |       90 |      100 |    95.83 |                27 |
 core/components/organisms/textField                    |    91.25 |    80.43 |    66.67 |    90.16 |                   |
  TextField.tsx                                         |      100 |      100 |      100 |      100 |                   |
  TextFieldCommon.tsx                                   |      100 |      100 |      100 |      100 |                   |
  TextFieldWithInput.tsx                                |      100 |    81.25 |      100 |      100 |          23,29,34 |
  TextFieldWithTextarea.tsx                             |    80.56 |    72.73 |       50 |    80.65 | 52,53,62,63,64,72 |
  index.tsx                                             |      100 |      100 |        0 |      100 |                   |
 core/components/organisms/timePicker                   |    91.67 |    70.43 |    86.67 |    92.17 |                   |
  TimePicker.tsx                                        |      100 |      100 |      100 |      100 |                   |
  TimePickerWithInput.tsx                               |    82.61 |    59.46 |    66.67 |    86.11 |   73,74,76,77,106 |
  TimePickerWithSearch.tsx                              |    90.74 |       80 |    90.91 |    88.89 |... 42,143,173,174 |
  index.tsx                                             |      100 |      100 |        0 |      100 |                   |
  utils.tsx                                             |     96.2 |    73.21 |      100 |    95.89 |          34,36,42 |
 core/components/organisms/timePicker/utility           |    93.73 |    84.96 |    97.62 |    93.39 |                   |
  searchUtils.tsx                                       |    89.26 |    77.61 |    95.45 |    88.57 |... 13,214,215,218 |
  timePickerUtility.tsx                                 |      100 |    95.65 |      100 |      100 |           167,180 |
 core/components/organisms/verticalNav                  |    83.69 |    74.63 |    84.78 |    89.18 |                   |
  MenuItem.tsx                                          |    87.27 |    88.89 |    58.33 |    88.24 |... 70,171,172,174 |
  VerticalNav.tsx                                       |    94.23 |    81.32 |      100 |     98.8 |               136 |
  index.tsx                                             |      100 |      100 |        0 |      100 |                   |
  utils.ts                                              |    75.46 |    63.41 |       95 |    83.33 |... 01,204,218,274 |
--------------------------------------------------------|----------|----------|----------|----------|-------------------|

=============================== Coverage summary ===============================
Statements   : 88.98% ( 10749/12080 )
Branches     : 75.46% ( 6547/8676 )
Functions    : 80.75% ( 1502/1860 )
Lines        : 89.36% ( 9336/10448 )
================================================================================
Summary of all failing tests
FAIL .rollup.cache/Users/abhiroop.chaudhuri/Desktop/DEVELOPMENT/MDS/design-system/dist/types/core/components/organisms/select/__test__/utils.test.js
  ● Test suite failed to run

    /Users/abhiroop.chaudhuri/Desktop/DEVELOPMENT/MDS/design-system/.rollup.cache/Users/abhiroop.chaudhuri/Desktop/DEVELOPMENT/MDS/design-system/dist/types/core/components/organisms/select/__test__/utils.test.js:1
    ({"Object.<anonymous>":function(module,exports,require,__dirname,__filename,global,jest){import { __spreadArrays } from "tslib";
                                                                                             ^^^^^^

    SyntaxError: Cannot use import statement outside a module

      at ScriptTransformer._transformAndBuildScript (node_modules/jest-runtime/node_modules/@jest/transform/build/ScriptTransformer.js:537:17)

FAIL .rollup.cache/Users/abhiroop.chaudhuri/Desktop/DEVELOPMENT/MDS/design-system/dist/types/core/components/organisms/select/__test__/Select.test.js
  ● Test suite failed to run

    /Users/abhiroop.chaudhuri/Desktop/DEVELOPMENT/MDS/design-system/.rollup.cache/Users/abhiroop.chaudhuri/Desktop/DEVELOPMENT/MDS/design-system/dist/types/core/components/organisms/select/__test__/Select.test.js:1
    ({"Object.<anonymous>":function(module,exports,require,__dirname,__filename,global,jest){import { __assign } from "tslib";
                                                                                             ^^^^^^

    SyntaxError: Cannot use import statement outside a module

      at ScriptTransformer._transformAndBuildScript (node_modules/jest-runtime/node_modules/@jest/transform/build/ScriptTransformer.js:537:17)

FAIL .rollup.cache/Users/abhiroop.chaudhuri/Desktop/DEVELOPMENT/MDS/design-system/dist/types/core/components/organisms/textField/__test__/Textarea.test.js
  ● Test suite failed to run

    /Users/abhiroop.chaudhuri/Desktop/DEVELOPMENT/MDS/design-system/.rollup.cache/Users/abhiroop.chaudhuri/Desktop/DEVELOPMENT/MDS/design-system/dist/types/core/components/organisms/textField/__test__/Textarea.test.js:1
    ({"Object.<anonymous>":function(module,exports,require,__dirname,__filename,global,jest){import { __assign } from "tslib";
                                                                                             ^^^^^^

    SyntaxError: Cannot use import statement outside a module

      at ScriptTransformer._transformAndBuildScript (node_modules/jest-runtime/node_modules/@jest/transform/build/ScriptTransformer.js:537:17)

FAIL .rollup.cache/Users/abhiroop.chaudhuri/Desktop/DEVELOPMENT/MDS/design-system/dist/types/core/components/molecules/emptyState/_tests_/EmptyState.test.js
  ● Test suite failed to run

    /Users/abhiroop.chaudhuri/Desktop/DEVELOPMENT/MDS/design-system/.rollup.cache/Users/abhiroop.chaudhuri/Desktop/DEVELOPMENT/MDS/design-system/dist/types/core/components/molecules/emptyState/_tests_/EmptyState.test.js:1
    ({"Object.<anonymous>":function(module,exports,require,__dirname,__filename,global,jest){import { __assign } from "tslib";
                                                                                             ^^^^^^

    SyntaxError: Cannot use import statement outside a module

      at ScriptTransformer._transformAndBuildScript (node_modules/jest-runtime/node_modules/@jest/transform/build/ScriptTransformer.js:537:17)


Test Suites: 4 failed, 142 passed, 146 total
Tests:       9048 passed, 9048 total
Snapshots:   6842 passed, 6842 total
Time:        43.837s
Ran all test suites.
