// Jest Snapshot v1, https://goo.gl/fbAQLP

exports[`Text component 
  children: "Sample String", appearances: "default"
 1`] = `
<GenericText
  className="Text Text--default"
  componentType="span"
  data-test="DesignSystem-Text"
>
  Sample String
</GenericText>
`;

exports[`Text component 
  children: "Sample String", appearances: "destructive"
 1`] = `
<GenericText
  className="Text Text--default"
  componentType="span"
  data-test="DesignSystem-Text"
>
  Sample String
</GenericText>
`;

exports[`Text component 
  children: "Sample String", appearances: "disabled"
 1`] = `
<GenericText
  className="Text Text--default"
  componentType="span"
  data-test="DesignSystem-Text"
>
  Sample String
</GenericText>
`;

exports[`Text component 
  children: "Sample String", appearances: "subtle"
 1`] = `
<GenericText
  className="Text Text--default"
  componentType="span"
  data-test="DesignSystem-Text"
>
  Sample String
</GenericText>
`;

exports[`Text component 
  children: "Sample String", appearances: "white"
 1`] = `
<GenericText
  className="Text Text--default"
  componentType="span"
  data-test="DesignSystem-Text"
>
  Sample String
</GenericText>
`;

exports[`Text component 
  children: "Sample String", small: false
 1`] = `
<GenericText
  className="Text Text--default"
  componentType="span"
  data-test="DesignSystem-Text"
>
  Sample String
</GenericText>
`;

exports[`Text component 
  children: "Sample String", small: true
 1`] = `
<GenericText
  className="Text Text--default Text--small"
  componentType="span"
  data-test="DesignSystem-Text"
>
  Sample String
</GenericText>
`;

exports[`Text component 
  children: "Sample String", weight: "medium"
 1`] = `
<GenericText
  className="Text Text--default Text--medium"
  componentType="span"
  data-test="DesignSystem-Text"
>
  Sample String
</GenericText>
`;

exports[`Text component 
  children: "Sample String", weight: "strong"
 1`] = `
<GenericText
  className="Text Text--default Text--strong"
  componentType="span"
  data-test="DesignSystem-Text"
>
  Sample String
</GenericText>
`;
