// Jest Snapshot v1, https://goo.gl/fbAQLP

exports[`Legend component 
  iconAppearance: "accent1", label: "Legend"
 1`] = `
<body>
  <div>
    <div
      class="Legend"
    >
      <span
        class="Legend-icon"
        style="height: 16px; width: 16px;"
      />
      <span
        class="Text Text--default Text--regular"
        data-test="DesignSystem-Text"
      >
        Legend
      </span>
    </div>
  </div>
</body>
`;

exports[`Legend component 
  iconAppearance: "accent2", label: "Legend"
 1`] = `
<body>
  <div>
    <div
      class="Legend"
    >
      <span
        class="Legend-icon"
        style="height: 16px; width: 16px;"
      />
      <span
        class="Text Text--default Text--regular"
        data-test="DesignSystem-Text"
      >
        Legend
      </span>
    </div>
  </div>
</body>
`;

exports[`Legend component 
  iconAppearance: "accent3", label: "Legend"
 1`] = `
<body>
  <div>
    <div
      class="Legend"
    >
      <span
        class="Legend-icon"
        style="height: 16px; width: 16px;"
      />
      <span
        class="Text Text--default Text--regular"
        data-test="DesignSystem-Text"
      >
        Legend
      </span>
    </div>
  </div>
</body>
`;

exports[`Legend component 
  iconAppearance: "accent4", label: "Legend"
 1`] = `
<body>
  <div>
    <div
      class="Legend"
    >
      <span
        class="Legend-icon"
        style="height: 16px; width: 16px;"
      />
      <span
        class="Text Text--default Text--regular"
        data-test="DesignSystem-Text"
      >
        Legend
      </span>
    </div>
  </div>
</body>
`;

exports[`Legend component 
  iconAppearance: "alert", label: "Legend"
 1`] = `
<body>
  <div>
    <div
      class="Legend"
    >
      <span
        class="Legend-icon"
        style="height: 16px; width: 16px;"
      />
      <span
        class="Text Text--default Text--regular"
        data-test="DesignSystem-Text"
      >
        Legend
      </span>
    </div>
  </div>
</body>
`;

exports[`Legend component 
  iconAppearance: "inverse", label: "Legend"
 1`] = `
<body>
  <div>
    <div
      class="Legend"
    >
      <span
        class="Legend-icon"
        style="height: 16px; width: 16px;"
      />
      <span
        class="Text Text--default Text--regular"
        data-test="DesignSystem-Text"
      >
        Legend
      </span>
    </div>
  </div>
</body>
`;

exports[`Legend component 
  iconAppearance: "primary", label: "Legend"
 1`] = `
<body>
  <div>
    <div
      class="Legend"
    >
      <span
        class="Legend-icon"
        style="height: 16px; width: 16px;"
      />
      <span
        class="Text Text--default Text--regular"
        data-test="DesignSystem-Text"
      >
        Legend
      </span>
    </div>
  </div>
</body>
`;

exports[`Legend component 
  iconAppearance: "secondary", label: "Legend"
 1`] = `
<body>
  <div>
    <div
      class="Legend"
    >
      <span
        class="Legend-icon"
        style="height: 16px; width: 16px;"
      />
      <span
        class="Text Text--default Text--regular"
        data-test="DesignSystem-Text"
      >
        Legend
      </span>
    </div>
  </div>
</body>
`;

exports[`Legend component 
  iconAppearance: "success", label: "Legend"
 1`] = `
<body>
  <div>
    <div
      class="Legend"
    >
      <span
        class="Legend-icon"
        style="height: 16px; width: 16px;"
      />
      <span
        class="Text Text--default Text--regular"
        data-test="DesignSystem-Text"
      >
        Legend
      </span>
    </div>
  </div>
</body>
`;

exports[`Legend component 
  iconAppearance: "warning", label: "Legend"
 1`] = `
<body>
  <div>
    <div
      class="Legend"
    >
      <span
        class="Legend-icon"
        style="height: 16px; width: 16px;"
      />
      <span
        class="Text Text--default Text--regular"
        data-test="DesignSystem-Text"
      >
        Legend
      </span>
    </div>
  </div>
</body>
`;

exports[`Legend component 
  labelAppearance: "default", label: "Legend"
 1`] = `
<body>
  <div>
    <div
      class="Legend"
    >
      <span
        class="Legend-icon"
        style="height: 16px; width: 16px;"
      />
      <span
        class="Text Text--default Text--regular"
        data-test="DesignSystem-Text"
      >
        Legend
      </span>
    </div>
  </div>
</body>
`;

exports[`Legend component 
  labelAppearance: "destructive", label: "Legend"
 1`] = `
<body>
  <div>
    <div
      class="Legend"
    >
      <span
        class="Legend-icon"
        style="height: 16px; width: 16px;"
      />
      <span
        class="Text Text--destructive Text--regular"
        data-test="DesignSystem-Text"
      >
        Legend
      </span>
    </div>
  </div>
</body>
`;

exports[`Legend component 
  labelAppearance: "disabled", label: "Legend"
 1`] = `
<body>
  <div>
    <div
      class="Legend"
    >
      <span
        class="Legend-icon"
        style="height: 16px; width: 16px;"
      />
      <span
        class="Text Text--disabled Text--regular"
        data-test="DesignSystem-Text"
      >
        Legend
      </span>
    </div>
  </div>
</body>
`;

exports[`Legend component 
  labelAppearance: "subtle", label: "Legend"
 1`] = `
<body>
  <div>
    <div
      class="Legend"
    >
      <span
        class="Legend-icon"
        style="height: 16px; width: 16px;"
      />
      <span
        class="Text Text--subtle Text--regular"
        data-test="DesignSystem-Text"
      >
        Legend
      </span>
    </div>
  </div>
</body>
`;

exports[`Legend component 
  labelAppearance: "white", label: "Legend"
 1`] = `
<body>
  <div>
    <div
      class="Legend"
    >
      <span
        class="Legend-icon"
        style="height: 16px; width: 16px;"
      />
      <span
        class="Text Text--white Text--regular"
        data-test="DesignSystem-Text"
      >
        Legend
      </span>
    </div>
  </div>
</body>
`;

exports[`Legend component 
  labelWeight: "medium", label: "Legend"
 1`] = `
<body>
  <div>
    <div
      class="Legend"
    >
      <span
        class="Legend-icon"
        style="height: 16px; width: 16px;"
      />
      <span
        class="Text Text--default Text--medium Text--regular"
        data-test="DesignSystem-Text"
      >
        Legend
      </span>
    </div>
  </div>
</body>
`;

exports[`Legend component 
  labelWeight: "strong", label: "Legend"
 1`] = `
<body>
  <div>
    <div
      class="Legend"
    >
      <span
        class="Legend-icon"
        style="height: 16px; width: 16px;"
      />
      <span
        class="Text Text--default Text--strong Text--regular"
        data-test="DesignSystem-Text"
      >
        Legend
      </span>
    </div>
  </div>
</body>
`;
