// Jest Snapshot v1, https://goo.gl/fbAQLP

exports[`Checkbox component 
  checked: false, disabled: false, label: "Checkbox", name: "Checkbox", value: "Checkbox", onChange: "[Function]"
 1`] = `
<div
  className="Checkbox Checkbox--regular"
>
  <div
    className="Checkbox-outerWrapper"
  >
    <input
      checked={false}
      className="Checkbox-input"
      disabled={false}
      id="Checkbox-Checkbox-5643dd3b-9699-4e3f-af2d-dad38b0af5e5"
      name="Checkbox"
      onChange={[Function]}
      tabIndex={0}
      type="checkbox"
      value="Checkbox"
    />
    <span
      className="Checkbox-wrapper Checkbox-wrapper--regular"
    />
  </div>
  <label
    className="Checkbox-label Checkbox-label--regular"
    htmlFor="Checkbox-Checkbox-5643dd3b-9699-4e3f-af2d-dad38b0af5e5"
  >
    <Text
      appearance="default"
      size="regular"
    >
      Checkbox
    </Text>
  </label>
</div>
`;

exports[`Checkbox component 
  checked: false, disabled: true, label: "Checkbox", name: "Checkbox", value: "Checkbox", onChange: "[Function]"
 1`] = `
<div
  className="Checkbox Checkbox--disabled Checkbox--regular"
>
  <div
    className="Checkbox-outerWrapper"
  >
    <input
      checked={false}
      className="Checkbox-input"
      disabled={true}
      id="Checkbox-Checkbox-b387ff1f-1dde-4e4a-84af-a16c9eb27432"
      name="Checkbox"
      onChange={[Function]}
      tabIndex={0}
      type="checkbox"
      value="Checkbox"
    />
    <span
      className="Checkbox-wrapper Checkbox-wrapper--regular"
    />
  </div>
  <label
    className="Checkbox-label Checkbox-label--regular"
    htmlFor="Checkbox-Checkbox-b387ff1f-1dde-4e4a-84af-a16c9eb27432"
  >
    <Text
      appearance="default"
      size="regular"
    >
      Checkbox
    </Text>
  </label>
</div>
`;

exports[`Checkbox component 
  checked: true, disabled: false, label: "Checkbox", name: "Checkbox", value: "Checkbox", onChange: "[Function]"
 1`] = `
<div
  className="Checkbox Checkbox--regular"
>
  <div
    className="Checkbox-outerWrapper"
  >
    <input
      checked={true}
      className="Checkbox-input Checkbox-input--checked"
      disabled={false}
      id="Checkbox-Checkbox-9afdabc0-0af5-43ca-9d88-84202a35b5e8"
      name="Checkbox"
      onChange={[Function]}
      tabIndex={0}
      type="checkbox"
      value="Checkbox"
    />
    <span
      className="Checkbox-wrapper Checkbox-wrapper--regular"
    >
      <Icon
        appearance="white"
        name="check"
        size={16}
      />
    </span>
  </div>
  <label
    className="Checkbox-label Checkbox-label--regular"
    htmlFor="Checkbox-Checkbox-9afdabc0-0af5-43ca-9d88-84202a35b5e8"
  >
    <Text
      appearance="default"
      size="regular"
    >
      Checkbox
    </Text>
  </label>
</div>
`;

exports[`Checkbox component 
  checked: true, disabled: true, label: "Checkbox", name: "Checkbox", value: "Checkbox", onChange: "[Function]"
 1`] = `
<div
  className="Checkbox Checkbox--disabled Checkbox--regular"
>
  <div
    className="Checkbox-outerWrapper"
  >
    <input
      checked={true}
      className="Checkbox-input Checkbox-input--checked"
      disabled={true}
      id="Checkbox-Checkbox-7c1bd1b3-0f89-4c03-9027-8db5159d3bfa"
      name="Checkbox"
      onChange={[Function]}
      tabIndex={0}
      type="checkbox"
      value="Checkbox"
    />
    <span
      className="Checkbox-wrapper Checkbox-wrapper--regular"
    >
      <Icon
        appearance="white"
        name="check"
        size={16}
      />
    </span>
  </div>
  <label
    className="Checkbox-label Checkbox-label--regular"
    htmlFor="Checkbox-Checkbox-7c1bd1b3-0f89-4c03-9027-8db5159d3bfa"
  >
    <Text
      appearance="default"
      size="regular"
    >
      Checkbox
    </Text>
  </label>
</div>
`;

exports[`Checkbox component 
  indeterminate: true, disabled: false, label: "Checkbox", name: "Checkbox", value: "Checkbox", onChange: "[Function]"
 1`] = `
<div
  className="Checkbox Checkbox--regular"
>
  <div
    className="Checkbox-outerWrapper"
  >
    <input
      className="Checkbox-input Checkbox-input--indeterminate"
      disabled={false}
      id="Checkbox-Checkbox-def7b868-ed0d-4407-9769-cdbdbafa0b01"
      name="Checkbox"
      onChange={[Function]}
      tabIndex={0}
      type="checkbox"
      value="Checkbox"
    />
    <span
      className="Checkbox-wrapper Checkbox-wrapper--regular"
    >
      <Icon
        appearance="white"
        name="remove"
        size={16}
      />
    </span>
  </div>
  <label
    className="Checkbox-label Checkbox-label--regular"
    htmlFor="Checkbox-Checkbox-def7b868-ed0d-4407-9769-cdbdbafa0b01"
  >
    <Text
      appearance="default"
      size="regular"
    >
      Checkbox
    </Text>
  </label>
</div>
`;

exports[`Checkbox component 
  indeterminate: true, disabled: true, label: "Checkbox", name: "Checkbox", value: "Checkbox", onChange: "[Function]"
 1`] = `
<div
  className="Checkbox Checkbox--disabled Checkbox--regular"
>
  <div
    className="Checkbox-outerWrapper"
  >
    <input
      className="Checkbox-input Checkbox-input--indeterminate"
      disabled={true}
      id="Checkbox-Checkbox-6add4d90-a5f2-41c9-86a5-dbe9a6f97505"
      name="Checkbox"
      onChange={[Function]}
      tabIndex={0}
      type="checkbox"
      value="Checkbox"
    />
    <span
      className="Checkbox-wrapper Checkbox-wrapper--regular"
    >
      <Icon
        appearance="white"
        name="remove"
        size={16}
      />
    </span>
  </div>
  <label
    className="Checkbox-label Checkbox-label--regular"
    htmlFor="Checkbox-Checkbox-6add4d90-a5f2-41c9-86a5-dbe9a6f97505"
  >
    <Text
      appearance="default"
      size="regular"
    >
      Checkbox
    </Text>
  </label>
</div>
`;

exports[`Checkbox component 
  size: "regular", checked: true, label: "Checkbox", name: "Checkbox", value: "Checkbox", onChange: "[Function]"
 1`] = `
<div
  className="Checkbox Checkbox--regular"
>
  <div
    className="Checkbox-outerWrapper"
  >
    <input
      checked={true}
      className="Checkbox-input Checkbox-input--checked"
      id="Checkbox-Checkbox-20d23cd3-796e-4a73-a7a3-970390fc0c8e"
      name="Checkbox"
      onChange={[Function]}
      tabIndex={0}
      type="checkbox"
      value="Checkbox"
    />
    <span
      className="Checkbox-wrapper Checkbox-wrapper--regular"
    >
      <Icon
        appearance="white"
        name="check"
        size={16}
      />
    </span>
  </div>
  <label
    className="Checkbox-label Checkbox-label--regular"
    htmlFor="Checkbox-Checkbox-20d23cd3-796e-4a73-a7a3-970390fc0c8e"
  >
    <Text
      appearance="default"
      size="regular"
    >
      Checkbox
    </Text>
  </label>
</div>
`;

exports[`Checkbox component 
  size: "tiny", checked: true, label: "Checkbox", name: "Checkbox", value: "Checkbox", onChange: "[Function]"
 1`] = `
<div
  className="Checkbox Checkbox--tiny"
>
  <div
    className="Checkbox-outerWrapper"
  >
    <input
      checked={true}
      className="Checkbox-input Checkbox-input--checked"
      id="Checkbox-Checkbox-1fb1c964-fe1e-4092-b096-71615ca3f382"
      name="Checkbox"
      onChange={[Function]}
      tabIndex={0}
      type="checkbox"
      value="Checkbox"
    />
    <span
      className="Checkbox-wrapper Checkbox-wrapper--tiny"
    >
      <Icon
        appearance="white"
        name="check"
        size={8}
      />
    </span>
  </div>
  <label
    className="Checkbox-label Checkbox-label--tiny"
    htmlFor="Checkbox-Checkbox-1fb1c964-fe1e-4092-b096-71615ca3f382"
  >
    <Text
      appearance="default"
      size="small"
    >
      Checkbox
    </Text>
  </label>
</div>
`;
