// Jest Snapshot v1, https://goo.gl/fbAQLP

exports[`Image placeholder component 
  imagesize: "large"
 1`] = `
<div
  className="Placeholder-image Placeholder--animation Placeholder-image--small"
/>
`;

exports[`Image placeholder component 
  imagesize: "medium"
 1`] = `
<div
  className="Placeholder-image Placeholder--animation Placeholder-image--small"
/>
`;

exports[`Image placeholder component 
  imagesize: "small"
 1`] = `
<div
  className="Placeholder-image Placeholder--animation Placeholder-image--small"
/>
`;

exports[`Image placeholder component 
  round: false
 1`] = `
<div
  className="Placeholder-image Placeholder--animation Placeholder-image--small"
/>
`;

exports[`Image placeholder component 
  round: true
 1`] = `
<div
  className="Placeholder-image Placeholder--animation Placeholder-image--round Placeholder-image--small"
/>
`;
