// Jest Snapshot v1, https://goo.gl/fbAQLP

exports[`Modal component 
  onClose: "[Function]", open: false
 1`] = `
<div>
  <Portal
    containerInfo={<body />}
  >
    <div
      className="Modal-container"
    >
      <div
        className="Modal"
      />
    </div>
  </Portal>
  <Backdrop
    open={false}
  />
</div>
`;

exports[`Modal component 
  onClose: "[Function]", open: false, backdrop: false
 1`] = `
<div>
  <Portal
    containerInfo={<body />}
  >
    <div
      className="Modal-container"
    >
      <div
        className="Modal"
      />
    </div>
  </Portal>
  <Backdrop
    open={false}
  />
</div>
`;

exports[`Modal component 
  onClose: "[Function]", open: false, backdrop: false, children: "[ReactNode]"
 1`] = `
<div>
  <Portal
    containerInfo={<body />}
  >
    <div
      className="Modal-container"
    >
      <div
        className="Modal"
      >
        <ModalHeader
          heading="Heading"
          icon="pan_tool"
          onClose={[Function]}
          subHeading="Subheading"
        />
      </div>
    </div>
  </Portal>
  <Backdrop
    open={false}
  />
</div>
`;

exports[`Modal component 
  onClose: "[Function]", open: false, backdrop: false, closeOnEscape: false
 1`] = `
<div>
  <Portal
    containerInfo={<body />}
  >
    <div
      className="Modal-container"
    >
      <div
        className="Modal"
      />
    </div>
  </Portal>
  <Backdrop
    open={false}
  />
</div>
`;

exports[`Modal component 
  onClose: "[Function]", open: false, backdrop: false, closeOnEscape: false, children: "[ReactNode]"
 1`] = `
<div>
  <Portal
    containerInfo={<body />}
  >
    <div
      className="Modal-container"
    >
      <div
        className="Modal"
      >
        <ModalHeader
          heading="Heading"
          icon="pan_tool"
          onClose={[Function]}
          subHeading="Subheading"
        />
      </div>
    </div>
  </Portal>
  <Backdrop
    open={false}
  />
</div>
`;

exports[`Modal component 
  onClose: "[Function]", open: false, backdrop: false, closeOnEscape: false, dimension: "large"
 1`] = `
<div>
  <Portal
    containerInfo={<body />}
  >
    <div
      className="Modal-container"
    >
      <div
        className="Modal"
      />
    </div>
  </Portal>
  <Backdrop
    open={false}
  />
</div>
`;

exports[`Modal component 
  onClose: "[Function]", open: false, backdrop: false, closeOnEscape: false, dimension: "large", children: "[ReactNode]"
 1`] = `
<div>
  <Portal
    containerInfo={<body />}
  >
    <div
      className="Modal-container"
    >
      <div
        className="Modal"
      >
        <ModalHeader
          heading="Heading"
          icon="pan_tool"
          onClose={[Function]}
          subHeading="Subheading"
        />
      </div>
    </div>
  </Portal>
  <Backdrop
    open={false}
  />
</div>
`;

exports[`Modal component 
  onClose: "[Function]", open: false, backdrop: false, closeOnEscape: false, dimension: "medium"
 1`] = `
<div>
  <Portal
    containerInfo={<body />}
  >
    <div
      className="Modal-container"
    >
      <div
        className="Modal"
      />
    </div>
  </Portal>
  <Backdrop
    open={false}
  />
</div>
`;

exports[`Modal component 
  onClose: "[Function]", open: false, backdrop: false, closeOnEscape: false, dimension: "medium", children: "[ReactNode]"
 1`] = `
<div>
  <Portal
    containerInfo={<body />}
  >
    <div
      className="Modal-container"
    >
      <div
        className="Modal"
      >
        <ModalHeader
          heading="Heading"
          icon="pan_tool"
          onClose={[Function]}
          subHeading="Subheading"
        />
      </div>
    </div>
  </Portal>
  <Backdrop
    open={false}
  />
</div>
`;

exports[`Modal component 
  onClose: "[Function]", open: false, backdrop: false, closeOnEscape: false, dimension: "small"
 1`] = `
<div>
  <Portal
    containerInfo={<body />}
  >
    <div
      className="Modal-container"
    >
      <div
        className="Modal"
      />
    </div>
  </Portal>
  <Backdrop
    open={false}
  />
</div>
`;

exports[`Modal component 
  onClose: "[Function]", open: false, backdrop: false, closeOnEscape: false, dimension: "small", children: "[ReactNode]"
 1`] = `
<div>
  <Portal
    containerInfo={<body />}
  >
    <div
      className="Modal-container"
    >
      <div
        className="Modal"
      >
        <ModalHeader
          heading="Heading"
          icon="pan_tool"
          onClose={[Function]}
          subHeading="Subheading"
        />
      </div>
    </div>
  </Portal>
  <Backdrop
    open={false}
  />
</div>
`;

exports[`Modal component 
  onClose: "[Function]", open: false, backdrop: false, closeOnEscape: true
 1`] = `
<div>
  <Portal
    containerInfo={<body />}
  >
    <div
      className="Modal-container"
    >
      <div
        className="Modal"
      />
    </div>
  </Portal>
  <Backdrop
    open={false}
  />
</div>
`;

exports[`Modal component 
  onClose: "[Function]", open: false, backdrop: false, closeOnEscape: true, children: "[ReactNode]"
 1`] = `
<div>
  <Portal
    containerInfo={<body />}
  >
    <div
      className="Modal-container"
    >
      <div
        className="Modal"
      >
        <ModalHeader
          heading="Heading"
          icon="pan_tool"
          onClose={[Function]}
          subHeading="Subheading"
        />
      </div>
    </div>
  </Portal>
  <Backdrop
    open={false}
  />
</div>
`;

exports[`Modal component 
  onClose: "[Function]", open: false, backdrop: false, closeOnEscape: true, dimension: "large"
 1`] = `
<div>
  <Portal
    containerInfo={<body />}
  >
    <div
      className="Modal-container"
    >
      <div
        className="Modal"
      />
    </div>
  </Portal>
  <Backdrop
    open={false}
  />
</div>
`;

exports[`Modal component 
  onClose: "[Function]", open: false, backdrop: false, closeOnEscape: true, dimension: "large", children: "[ReactNode]"
 1`] = `
<div>
  <Portal
    containerInfo={<body />}
  >
    <div
      className="Modal-container"
    >
      <div
        className="Modal"
      >
        <ModalHeader
          heading="Heading"
          icon="pan_tool"
          onClose={[Function]}
          subHeading="Subheading"
        />
      </div>
    </div>
  </Portal>
  <Backdrop
    open={false}
  />
</div>
`;

exports[`Modal component 
  onClose: "[Function]", open: false, backdrop: false, closeOnEscape: true, dimension: "medium"
 1`] = `
<div>
  <Portal
    containerInfo={<body />}
  >
    <div
      className="Modal-container"
    >
      <div
        className="Modal"
      />
    </div>
  </Portal>
  <Backdrop
    open={false}
  />
</div>
`;

exports[`Modal component 
  onClose: "[Function]", open: false, backdrop: false, closeOnEscape: true, dimension: "medium", children: "[ReactNode]"
 1`] = `
<div>
  <Portal
    containerInfo={<body />}
  >
    <div
      className="Modal-container"
    >
      <div
        className="Modal"
      >
        <ModalHeader
          heading="Heading"
          icon="pan_tool"
          onClose={[Function]}
          subHeading="Subheading"
        />
      </div>
    </div>
  </Portal>
  <Backdrop
    open={false}
  />
</div>
`;

exports[`Modal component 
  onClose: "[Function]", open: false, backdrop: false, closeOnEscape: true, dimension: "small"
 1`] = `
<div>
  <Portal
    containerInfo={<body />}
  >
    <div
      className="Modal-container"
    >
      <div
        className="Modal"
      />
    </div>
  </Portal>
  <Backdrop
    open={false}
  />
</div>
`;

exports[`Modal component 
  onClose: "[Function]", open: false, backdrop: false, closeOnEscape: true, dimension: "small", children: "[ReactNode]"
 1`] = `
<div>
  <Portal
    containerInfo={<body />}
  >
    <div
      className="Modal-container"
    >
      <div
        className="Modal"
      >
        <ModalHeader
          heading="Heading"
          icon="pan_tool"
          onClose={[Function]}
          subHeading="Subheading"
        />
      </div>
    </div>
  </Portal>
  <Backdrop
    open={false}
  />
</div>
`;

exports[`Modal component 
  onClose: "[Function]", open: false, backdrop: false, dimension: "large"
 1`] = `
<div>
  <Portal
    containerInfo={<body />}
  >
    <div
      className="Modal-container"
    >
      <div
        className="Modal"
      />
    </div>
  </Portal>
  <Backdrop
    open={false}
  />
</div>
`;

exports[`Modal component 
  onClose: "[Function]", open: false, backdrop: false, dimension: "large", children: "[ReactNode]"
 1`] = `
<div>
  <Portal
    containerInfo={<body />}
  >
    <div
      className="Modal-container"
    >
      <div
        className="Modal"
      >
        <ModalHeader
          heading="Heading"
          icon="pan_tool"
          onClose={[Function]}
          subHeading="Subheading"
        />
      </div>
    </div>
  </Portal>
  <Backdrop
    open={false}
  />
</div>
`;

exports[`Modal component 
  onClose: "[Function]", open: false, backdrop: false, dimension: "medium"
 1`] = `
<div>
  <Portal
    containerInfo={<body />}
  >
    <div
      className="Modal-container"
    >
      <div
        className="Modal"
      />
    </div>
  </Portal>
  <Backdrop
    open={false}
  />
</div>
`;

exports[`Modal component 
  onClose: "[Function]", open: false, backdrop: false, dimension: "medium", children: "[ReactNode]"
 1`] = `
<div>
  <Portal
    containerInfo={<body />}
  >
    <div
      className="Modal-container"
    >
      <div
        className="Modal"
      >
        <ModalHeader
          heading="Heading"
          icon="pan_tool"
          onClose={[Function]}
          subHeading="Subheading"
        />
      </div>
    </div>
  </Portal>
  <Backdrop
    open={false}
  />
</div>
`;

exports[`Modal component 
  onClose: "[Function]", open: false, backdrop: false, dimension: "small"
 1`] = `
<div>
  <Portal
    containerInfo={<body />}
  >
    <div
      className="Modal-container"
    >
      <div
        className="Modal"
      />
    </div>
  </Portal>
  <Backdrop
    open={false}
  />
</div>
`;

exports[`Modal component 
  onClose: "[Function]", open: false, backdrop: false, dimension: "small", children: "[ReactNode]"
 1`] = `
<div>
  <Portal
    containerInfo={<body />}
  >
    <div
      className="Modal-container"
    >
      <div
        className="Modal"
      >
        <ModalHeader
          heading="Heading"
          icon="pan_tool"
          onClose={[Function]}
          subHeading="Subheading"
        />
      </div>
    </div>
  </Portal>
  <Backdrop
    open={false}
  />
</div>
`;

exports[`Modal component 
  onClose: "[Function]", open: false, backdrop: true
 1`] = `
<div>
  <Portal
    containerInfo={<body />}
  >
    <OutsideClick
      onOutsideClick={[Function]}
    >
      <div
        className="Modal-container"
      >
        <div
          className="Modal"
        />
      </div>
    </OutsideClick>
  </Portal>
  <Backdrop
    open={false}
  />
</div>
`;

exports[`Modal component 
  onClose: "[Function]", open: false, backdrop: true, children: "[ReactNode]"
 1`] = `
<div>
  <Portal
    containerInfo={<body />}
  >
    <OutsideClick
      onOutsideClick={[Function]}
    >
      <div
        className="Modal-container"
      >
        <div
          className="Modal"
        >
          <ModalHeader
            heading="Heading"
            icon="pan_tool"
            onClose={[Function]}
            subHeading="Subheading"
          />
        </div>
      </div>
    </OutsideClick>
  </Portal>
  <Backdrop
    open={false}
  />
</div>
`;

exports[`Modal component 
  onClose: "[Function]", open: false, backdrop: true, closeOnEscape: false
 1`] = `
<div>
  <Portal
    containerInfo={<body />}
  >
    <OutsideClick
      onOutsideClick={[Function]}
    >
      <div
        className="Modal-container"
      >
        <div
          className="Modal"
        />
      </div>
    </OutsideClick>
  </Portal>
  <Backdrop
    open={false}
  />
</div>
`;

exports[`Modal component 
  onClose: "[Function]", open: false, backdrop: true, closeOnEscape: false, children: "[ReactNode]"
 1`] = `
<div>
  <Portal
    containerInfo={<body />}
  >
    <OutsideClick
      onOutsideClick={[Function]}
    >
      <div
        className="Modal-container"
      >
        <div
          className="Modal"
        >
          <ModalHeader
            heading="Heading"
            icon="pan_tool"
            onClose={[Function]}
            subHeading="Subheading"
          />
        </div>
      </div>
    </OutsideClick>
  </Portal>
  <Backdrop
    open={false}
  />
</div>
`;

exports[`Modal component 
  onClose: "[Function]", open: false, backdrop: true, closeOnEscape: false, dimension: "large"
 1`] = `
<div>
  <Portal
    containerInfo={<body />}
  >
    <OutsideClick
      onOutsideClick={[Function]}
    >
      <div
        className="Modal-container"
      >
        <div
          className="Modal"
        />
      </div>
    </OutsideClick>
  </Portal>
  <Backdrop
    open={false}
  />
</div>
`;

exports[`Modal component 
  onClose: "[Function]", open: false, backdrop: true, closeOnEscape: false, dimension: "large", children: "[ReactNode]"
 1`] = `
<div>
  <Portal
    containerInfo={<body />}
  >
    <OutsideClick
      onOutsideClick={[Function]}
    >
      <div
        className="Modal-container"
      >
        <div
          className="Modal"
        >
          <ModalHeader
            heading="Heading"
            icon="pan_tool"
            onClose={[Function]}
            subHeading="Subheading"
          />
        </div>
      </div>
    </OutsideClick>
  </Portal>
  <Backdrop
    open={false}
  />
</div>
`;

exports[`Modal component 
  onClose: "[Function]", open: false, backdrop: true, closeOnEscape: false, dimension: "medium"
 1`] = `
<div>
  <Portal
    containerInfo={<body />}
  >
    <OutsideClick
      onOutsideClick={[Function]}
    >
      <div
        className="Modal-container"
      >
        <div
          className="Modal"
        />
      </div>
    </OutsideClick>
  </Portal>
  <Backdrop
    open={false}
  />
</div>
`;

exports[`Modal component 
  onClose: "[Function]", open: false, backdrop: true, closeOnEscape: false, dimension: "medium", children: "[ReactNode]"
 1`] = `
<div>
  <Portal
    containerInfo={<body />}
  >
    <OutsideClick
      onOutsideClick={[Function]}
    >
      <div
        className="Modal-container"
      >
        <div
          className="Modal"
        >
          <ModalHeader
            heading="Heading"
            icon="pan_tool"
            onClose={[Function]}
            subHeading="Subheading"
          />
        </div>
      </div>
    </OutsideClick>
  </Portal>
  <Backdrop
    open={false}
  />
</div>
`;

exports[`Modal component 
  onClose: "[Function]", open: false, backdrop: true, closeOnEscape: false, dimension: "small"
 1`] = `
<div>
  <Portal
    containerInfo={<body />}
  >
    <OutsideClick
      onOutsideClick={[Function]}
    >
      <div
        className="Modal-container"
      >
        <div
          className="Modal"
        />
      </div>
    </OutsideClick>
  </Portal>
  <Backdrop
    open={false}
  />
</div>
`;

exports[`Modal component 
  onClose: "[Function]", open: false, backdrop: true, closeOnEscape: false, dimension: "small", children: "[ReactNode]"
 1`] = `
<div>
  <Portal
    containerInfo={<body />}
  >
    <OutsideClick
      onOutsideClick={[Function]}
    >
      <div
        className="Modal-container"
      >
        <div
          className="Modal"
        >
          <ModalHeader
            heading="Heading"
            icon="pan_tool"
            onClose={[Function]}
            subHeading="Subheading"
          />
        </div>
      </div>
    </OutsideClick>
  </Portal>
  <Backdrop
    open={false}
  />
</div>
`;

exports[`Modal component 
  onClose: "[Function]", open: false, backdrop: true, closeOnEscape: true
 1`] = `
<div>
  <Portal
    containerInfo={<body />}
  >
    <OutsideClick
      onOutsideClick={[Function]}
    >
      <div
        className="Modal-container"
      >
        <div
          className="Modal"
        />
      </div>
    </OutsideClick>
  </Portal>
  <Backdrop
    open={false}
  />
</div>
`;

exports[`Modal component 
  onClose: "[Function]", open: false, backdrop: true, closeOnEscape: true, children: "[ReactNode]"
 1`] = `
<div>
  <Portal
    containerInfo={<body />}
  >
    <OutsideClick
      onOutsideClick={[Function]}
    >
      <div
        className="Modal-container"
      >
        <div
          className="Modal"
        >
          <ModalHeader
            heading="Heading"
            icon="pan_tool"
            onClose={[Function]}
            subHeading="Subheading"
          />
        </div>
      </div>
    </OutsideClick>
  </Portal>
  <Backdrop
    open={false}
  />
</div>
`;

exports[`Modal component 
  onClose: "[Function]", open: false, backdrop: true, closeOnEscape: true, dimension: "large"
 1`] = `
<div>
  <Portal
    containerInfo={<body />}
  >
    <OutsideClick
      onOutsideClick={[Function]}
    >
      <div
        className="Modal-container"
      >
        <div
          className="Modal"
        />
      </div>
    </OutsideClick>
  </Portal>
  <Backdrop
    open={false}
  />
</div>
`;

exports[`Modal component 
  onClose: "[Function]", open: false, backdrop: true, closeOnEscape: true, dimension: "large", children: "[ReactNode]"
 1`] = `
<div>
  <Portal
    containerInfo={<body />}
  >
    <OutsideClick
      onOutsideClick={[Function]}
    >
      <div
        className="Modal-container"
      >
        <div
          className="Modal"
        >
          <ModalHeader
            heading="Heading"
            icon="pan_tool"
            onClose={[Function]}
            subHeading="Subheading"
          />
        </div>
      </div>
    </OutsideClick>
  </Portal>
  <Backdrop
    open={false}
  />
</div>
`;

exports[`Modal component 
  onClose: "[Function]", open: false, backdrop: true, closeOnEscape: true, dimension: "medium"
 1`] = `
<div>
  <Portal
    containerInfo={<body />}
  >
    <OutsideClick
      onOutsideClick={[Function]}
    >
      <div
        className="Modal-container"
      >
        <div
          className="Modal"
        />
      </div>
    </OutsideClick>
  </Portal>
  <Backdrop
    open={false}
  />
</div>
`;

exports[`Modal component 
  onClose: "[Function]", open: false, backdrop: true, closeOnEscape: true, dimension: "medium", children: "[ReactNode]"
 1`] = `
<div>
  <Portal
    containerInfo={<body />}
  >
    <OutsideClick
      onOutsideClick={[Function]}
    >
      <div
        className="Modal-container"
      >
        <div
          className="Modal"
        >
          <ModalHeader
            heading="Heading"
            icon="pan_tool"
            onClose={[Function]}
            subHeading="Subheading"
          />
        </div>
      </div>
    </OutsideClick>
  </Portal>
  <Backdrop
    open={false}
  />
</div>
`;

exports[`Modal component 
  onClose: "[Function]", open: false, backdrop: true, closeOnEscape: true, dimension: "small"
 1`] = `
<div>
  <Portal
    containerInfo={<body />}
  >
    <OutsideClick
      onOutsideClick={[Function]}
    >
      <div
        className="Modal-container"
      >
        <div
          className="Modal"
        />
      </div>
    </OutsideClick>
  </Portal>
  <Backdrop
    open={false}
  />
</div>
`;

exports[`Modal component 
  onClose: "[Function]", open: false, backdrop: true, closeOnEscape: true, dimension: "small", children: "[ReactNode]"
 1`] = `
<div>
  <Portal
    containerInfo={<body />}
  >
    <OutsideClick
      onOutsideClick={[Function]}
    >
      <div
        className="Modal-container"
      >
        <div
          className="Modal"
        >
          <ModalHeader
            heading="Heading"
            icon="pan_tool"
            onClose={[Function]}
            subHeading="Subheading"
          />
        </div>
      </div>
    </OutsideClick>
  </Portal>
  <Backdrop
    open={false}
  />
</div>
`;

exports[`Modal component 
  onClose: "[Function]", open: false, backdrop: true, dimension: "large"
 1`] = `
<div>
  <Portal
    containerInfo={<body />}
  >
    <OutsideClick
      onOutsideClick={[Function]}
    >
      <div
        className="Modal-container"
      >
        <div
          className="Modal"
        />
      </div>
    </OutsideClick>
  </Portal>
  <Backdrop
    open={false}
  />
</div>
`;

exports[`Modal component 
  onClose: "[Function]", open: false, backdrop: true, dimension: "large", children: "[ReactNode]"
 1`] = `
<div>
  <Portal
    containerInfo={<body />}
  >
    <OutsideClick
      onOutsideClick={[Function]}
    >
      <div
        className="Modal-container"
      >
        <div
          className="Modal"
        >
          <ModalHeader
            heading="Heading"
            icon="pan_tool"
            onClose={[Function]}
            subHeading="Subheading"
          />
        </div>
      </div>
    </OutsideClick>
  </Portal>
  <Backdrop
    open={false}
  />
</div>
`;

exports[`Modal component 
  onClose: "[Function]", open: false, backdrop: true, dimension: "medium"
 1`] = `
<div>
  <Portal
    containerInfo={<body />}
  >
    <OutsideClick
      onOutsideClick={[Function]}
    >
      <div
        className="Modal-container"
      >
        <div
          className="Modal"
        />
      </div>
    </OutsideClick>
  </Portal>
  <Backdrop
    open={false}
  />
</div>
`;

exports[`Modal component 
  onClose: "[Function]", open: false, backdrop: true, dimension: "medium", children: "[ReactNode]"
 1`] = `
<div>
  <Portal
    containerInfo={<body />}
  >
    <OutsideClick
      onOutsideClick={[Function]}
    >
      <div
        className="Modal-container"
      >
        <div
          className="Modal"
        >
          <ModalHeader
            heading="Heading"
            icon="pan_tool"
            onClose={[Function]}
            subHeading="Subheading"
          />
        </div>
      </div>
    </OutsideClick>
  </Portal>
  <Backdrop
    open={false}
  />
</div>
`;

exports[`Modal component 
  onClose: "[Function]", open: false, backdrop: true, dimension: "small"
 1`] = `
<div>
  <Portal
    containerInfo={<body />}
  >
    <OutsideClick
      onOutsideClick={[Function]}
    >
      <div
        className="Modal-container"
      >
        <div
          className="Modal"
        />
      </div>
    </OutsideClick>
  </Portal>
  <Backdrop
    open={false}
  />
</div>
`;

exports[`Modal component 
  onClose: "[Function]", open: false, backdrop: true, dimension: "small", children: "[ReactNode]"
 1`] = `
<div>
  <Portal
    containerInfo={<body />}
  >
    <OutsideClick
      onOutsideClick={[Function]}
    >
      <div
        className="Modal-container"
      >
        <div
          className="Modal"
        >
          <ModalHeader
            heading="Heading"
            icon="pan_tool"
            onClose={[Function]}
            subHeading="Subheading"
          />
        </div>
      </div>
    </OutsideClick>
  </Portal>
  <Backdrop
    open={false}
  />
</div>
`;

exports[`Modal component 
  onClose: "[Function]", open: false, children: "[ReactNode]"
 1`] = `
<div>
  <Portal
    containerInfo={<body />}
  >
    <div
      className="Modal-container"
    >
      <div
        className="Modal"
      >
        <ModalHeader
          heading="Heading"
          icon="pan_tool"
          onClose={[Function]}
          subHeading="Subheading"
        />
      </div>
    </div>
  </Portal>
  <Backdrop
    open={false}
  />
</div>
`;

exports[`Modal component 
  onClose: "[Function]", open: false, closeOnEscape: false
 1`] = `
<div>
  <Portal
    containerInfo={<body />}
  >
    <div
      className="Modal-container"
    >
      <div
        className="Modal"
      />
    </div>
  </Portal>
  <Backdrop
    open={false}
  />
</div>
`;

exports[`Modal component 
  onClose: "[Function]", open: false, closeOnEscape: false, children: "[ReactNode]"
 1`] = `
<div>
  <Portal
    containerInfo={<body />}
  >
    <div
      className="Modal-container"
    >
      <div
        className="Modal"
      >
        <ModalHeader
          heading="Heading"
          icon="pan_tool"
          onClose={[Function]}
          subHeading="Subheading"
        />
      </div>
    </div>
  </Portal>
  <Backdrop
    open={false}
  />
</div>
`;

exports[`Modal component 
  onClose: "[Function]", open: false, closeOnEscape: false, dimension: "large"
 1`] = `
<div>
  <Portal
    containerInfo={<body />}
  >
    <div
      className="Modal-container"
    >
      <div
        className="Modal"
      />
    </div>
  </Portal>
  <Backdrop
    open={false}
  />
</div>
`;

exports[`Modal component 
  onClose: "[Function]", open: false, closeOnEscape: false, dimension: "large", children: "[ReactNode]"
 1`] = `
<div>
  <Portal
    containerInfo={<body />}
  >
    <div
      className="Modal-container"
    >
      <div
        className="Modal"
      >
        <ModalHeader
          heading="Heading"
          icon="pan_tool"
          onClose={[Function]}
          subHeading="Subheading"
        />
      </div>
    </div>
  </Portal>
  <Backdrop
    open={false}
  />
</div>
`;

exports[`Modal component 
  onClose: "[Function]", open: false, closeOnEscape: false, dimension: "medium"
 1`] = `
<div>
  <Portal
    containerInfo={<body />}
  >
    <div
      className="Modal-container"
    >
      <div
        className="Modal"
      />
    </div>
  </Portal>
  <Backdrop
    open={false}
  />
</div>
`;

exports[`Modal component 
  onClose: "[Function]", open: false, closeOnEscape: false, dimension: "medium", children: "[ReactNode]"
 1`] = `
<div>
  <Portal
    containerInfo={<body />}
  >
    <div
      className="Modal-container"
    >
      <div
        className="Modal"
      >
        <ModalHeader
          heading="Heading"
          icon="pan_tool"
          onClose={[Function]}
          subHeading="Subheading"
        />
      </div>
    </div>
  </Portal>
  <Backdrop
    open={false}
  />
</div>
`;

exports[`Modal component 
  onClose: "[Function]", open: false, closeOnEscape: false, dimension: "small"
 1`] = `
<div>
  <Portal
    containerInfo={<body />}
  >
    <div
      className="Modal-container"
    >
      <div
        className="Modal"
      />
    </div>
  </Portal>
  <Backdrop
    open={false}
  />
</div>
`;

exports[`Modal component 
  onClose: "[Function]", open: false, closeOnEscape: false, dimension: "small", children: "[ReactNode]"
 1`] = `
<div>
  <Portal
    containerInfo={<body />}
  >
    <div
      className="Modal-container"
    >
      <div
        className="Modal"
      >
        <ModalHeader
          heading="Heading"
          icon="pan_tool"
          onClose={[Function]}
          subHeading="Subheading"
        />
      </div>
    </div>
  </Portal>
  <Backdrop
    open={false}
  />
</div>
`;

exports[`Modal component 
  onClose: "[Function]", open: false, closeOnEscape: true
 1`] = `
<div>
  <Portal
    containerInfo={<body />}
  >
    <div
      className="Modal-container"
    >
      <div
        className="Modal"
      />
    </div>
  </Portal>
  <Backdrop
    open={false}
  />
</div>
`;

exports[`Modal component 
  onClose: "[Function]", open: false, closeOnEscape: true, children: "[ReactNode]"
 1`] = `
<div>
  <Portal
    containerInfo={<body />}
  >
    <div
      className="Modal-container"
    >
      <div
        className="Modal"
      >
        <ModalHeader
          heading="Heading"
          icon="pan_tool"
          onClose={[Function]}
          subHeading="Subheading"
        />
      </div>
    </div>
  </Portal>
  <Backdrop
    open={false}
  />
</div>
`;

exports[`Modal component 
  onClose: "[Function]", open: false, closeOnEscape: true, dimension: "large"
 1`] = `
<div>
  <Portal
    containerInfo={<body />}
  >
    <div
      className="Modal-container"
    >
      <div
        className="Modal"
      />
    </div>
  </Portal>
  <Backdrop
    open={false}
  />
</div>
`;

exports[`Modal component 
  onClose: "[Function]", open: false, closeOnEscape: true, dimension: "large", children: "[ReactNode]"
 1`] = `
<div>
  <Portal
    containerInfo={<body />}
  >
    <div
      className="Modal-container"
    >
      <div
        className="Modal"
      >
        <ModalHeader
          heading="Heading"
          icon="pan_tool"
          onClose={[Function]}
          subHeading="Subheading"
        />
      </div>
    </div>
  </Portal>
  <Backdrop
    open={false}
  />
</div>
`;

exports[`Modal component 
  onClose: "[Function]", open: false, closeOnEscape: true, dimension: "medium"
 1`] = `
<div>
  <Portal
    containerInfo={<body />}
  >
    <div
      className="Modal-container"
    >
      <div
        className="Modal"
      />
    </div>
  </Portal>
  <Backdrop
    open={false}
  />
</div>
`;

exports[`Modal component 
  onClose: "[Function]", open: false, closeOnEscape: true, dimension: "medium", children: "[ReactNode]"
 1`] = `
<div>
  <Portal
    containerInfo={<body />}
  >
    <div
      className="Modal-container"
    >
      <div
        className="Modal"
      >
        <ModalHeader
          heading="Heading"
          icon="pan_tool"
          onClose={[Function]}
          subHeading="Subheading"
        />
      </div>
    </div>
  </Portal>
  <Backdrop
    open={false}
  />
</div>
`;

exports[`Modal component 
  onClose: "[Function]", open: false, closeOnEscape: true, dimension: "small"
 1`] = `
<div>
  <Portal
    containerInfo={<body />}
  >
    <div
      className="Modal-container"
    >
      <div
        className="Modal"
      />
    </div>
  </Portal>
  <Backdrop
    open={false}
  />
</div>
`;

exports[`Modal component 
  onClose: "[Function]", open: false, closeOnEscape: true, dimension: "small", children: "[ReactNode]"
 1`] = `
<div>
  <Portal
    containerInfo={<body />}
  >
    <div
      className="Modal-container"
    >
      <div
        className="Modal"
      >
        <ModalHeader
          heading="Heading"
          icon="pan_tool"
          onClose={[Function]}
          subHeading="Subheading"
        />
      </div>
    </div>
  </Portal>
  <Backdrop
    open={false}
  />
</div>
`;

exports[`Modal component 
  onClose: "[Function]", open: false, dimension: "large"
 1`] = `
<div>
  <Portal
    containerInfo={<body />}
  >
    <div
      className="Modal-container"
    >
      <div
        className="Modal"
      />
    </div>
  </Portal>
  <Backdrop
    open={false}
  />
</div>
`;

exports[`Modal component 
  onClose: "[Function]", open: false, dimension: "large", children: "[ReactNode]"
 1`] = `
<div>
  <Portal
    containerInfo={<body />}
  >
    <div
      className="Modal-container"
    >
      <div
        className="Modal"
      >
        <ModalHeader
          heading="Heading"
          icon="pan_tool"
          onClose={[Function]}
          subHeading="Subheading"
        />
      </div>
    </div>
  </Portal>
  <Backdrop
    open={false}
  />
</div>
`;

exports[`Modal component 
  onClose: "[Function]", open: false, dimension: "medium"
 1`] = `
<div>
  <Portal
    containerInfo={<body />}
  >
    <div
      className="Modal-container"
    >
      <div
        className="Modal"
      />
    </div>
  </Portal>
  <Backdrop
    open={false}
  />
</div>
`;

exports[`Modal component 
  onClose: "[Function]", open: false, dimension: "medium", children: "[ReactNode]"
 1`] = `
<div>
  <Portal
    containerInfo={<body />}
  >
    <div
      className="Modal-container"
    >
      <div
        className="Modal"
      >
        <ModalHeader
          heading="Heading"
          icon="pan_tool"
          onClose={[Function]}
          subHeading="Subheading"
        />
      </div>
    </div>
  </Portal>
  <Backdrop
    open={false}
  />
</div>
`;

exports[`Modal component 
  onClose: "[Function]", open: false, dimension: "small"
 1`] = `
<div>
  <Portal
    containerInfo={<body />}
  >
    <div
      className="Modal-container"
    >
      <div
        className="Modal"
      />
    </div>
  </Portal>
  <Backdrop
    open={false}
  />
</div>
`;

exports[`Modal component 
  onClose: "[Function]", open: false, dimension: "small", children: "[ReactNode]"
 1`] = `
<div>
  <Portal
    containerInfo={<body />}
  >
    <div
      className="Modal-container"
    >
      <div
        className="Modal"
      >
        <ModalHeader
          heading="Heading"
          icon="pan_tool"
          onClose={[Function]}
          subHeading="Subheading"
        />
      </div>
    </div>
  </Portal>
  <Backdrop
    open={false}
  />
</div>
`;

exports[`Modal component 
  onClose: "[Function]", open: true
 1`] = `
<div>
  <Portal
    containerInfo={<body />}
  >
    <div
      className="Modal-container"
    >
      <div
        className="Modal"
      />
    </div>
  </Portal>
  <Backdrop
    open={true}
  />
</div>
`;

exports[`Modal component 
  onClose: "[Function]", open: true, backdrop: false
 1`] = `
<div>
  <Portal
    containerInfo={<body />}
  >
    <div
      className="Modal-container"
    >
      <div
        className="Modal"
      />
    </div>
  </Portal>
  <Backdrop
    open={true}
  />
</div>
`;

exports[`Modal component 
  onClose: "[Function]", open: true, backdrop: false, children: "[ReactNode]"
 1`] = `
<div>
  <Portal
    containerInfo={<body />}
  >
    <div
      className="Modal-container"
    >
      <div
        className="Modal"
      >
        <ModalHeader
          heading="Heading"
          icon="pan_tool"
          onClose={[Function]}
          subHeading="Subheading"
        />
      </div>
    </div>
  </Portal>
  <Backdrop
    open={true}
  />
</div>
`;

exports[`Modal component 
  onClose: "[Function]", open: true, backdrop: false, closeOnEscape: false
 1`] = `
<div>
  <Portal
    containerInfo={<body />}
  >
    <div
      className="Modal-container"
    >
      <div
        className="Modal"
      />
    </div>
  </Portal>
  <Backdrop
    open={true}
  />
</div>
`;

exports[`Modal component 
  onClose: "[Function]", open: true, backdrop: false, closeOnEscape: false, children: "[ReactNode]"
 1`] = `
<div>
  <Portal
    containerInfo={<body />}
  >
    <div
      className="Modal-container"
    >
      <div
        className="Modal"
      >
        <ModalHeader
          heading="Heading"
          icon="pan_tool"
          onClose={[Function]}
          subHeading="Subheading"
        />
      </div>
    </div>
  </Portal>
  <Backdrop
    open={true}
  />
</div>
`;

exports[`Modal component 
  onClose: "[Function]", open: true, backdrop: false, closeOnEscape: false, dimension: "large"
 1`] = `
<div>
  <Portal
    containerInfo={<body />}
  >
    <div
      className="Modal-container"
    >
      <div
        className="Modal"
      />
    </div>
  </Portal>
  <Backdrop
    open={true}
  />
</div>
`;

exports[`Modal component 
  onClose: "[Function]", open: true, backdrop: false, closeOnEscape: false, dimension: "large", children: "[ReactNode]"
 1`] = `
<div>
  <Portal
    containerInfo={<body />}
  >
    <div
      className="Modal-container"
    >
      <div
        className="Modal"
      >
        <ModalHeader
          heading="Heading"
          icon="pan_tool"
          onClose={[Function]}
          subHeading="Subheading"
        />
      </div>
    </div>
  </Portal>
  <Backdrop
    open={true}
  />
</div>
`;

exports[`Modal component 
  onClose: "[Function]", open: true, backdrop: false, closeOnEscape: false, dimension: "medium"
 1`] = `
<div>
  <Portal
    containerInfo={<body />}
  >
    <div
      className="Modal-container"
    >
      <div
        className="Modal"
      />
    </div>
  </Portal>
  <Backdrop
    open={true}
  />
</div>
`;

exports[`Modal component 
  onClose: "[Function]", open: true, backdrop: false, closeOnEscape: false, dimension: "medium", children: "[ReactNode]"
 1`] = `
<div>
  <Portal
    containerInfo={<body />}
  >
    <div
      className="Modal-container"
    >
      <div
        className="Modal"
      >
        <ModalHeader
          heading="Heading"
          icon="pan_tool"
          onClose={[Function]}
          subHeading="Subheading"
        />
      </div>
    </div>
  </Portal>
  <Backdrop
    open={true}
  />
</div>
`;

exports[`Modal component 
  onClose: "[Function]", open: true, backdrop: false, closeOnEscape: false, dimension: "small"
 1`] = `
<div>
  <Portal
    containerInfo={<body />}
  >
    <div
      className="Modal-container"
    >
      <div
        className="Modal"
      />
    </div>
  </Portal>
  <Backdrop
    open={true}
  />
</div>
`;

exports[`Modal component 
  onClose: "[Function]", open: true, backdrop: false, closeOnEscape: false, dimension: "small", children: "[ReactNode]"
 1`] = `
<div>
  <Portal
    containerInfo={<body />}
  >
    <div
      className="Modal-container"
    >
      <div
        className="Modal"
      >
        <ModalHeader
          heading="Heading"
          icon="pan_tool"
          onClose={[Function]}
          subHeading="Subheading"
        />
      </div>
    </div>
  </Portal>
  <Backdrop
    open={true}
  />
</div>
`;

exports[`Modal component 
  onClose: "[Function]", open: true, backdrop: false, closeOnEscape: true
 1`] = `
<div>
  <Portal
    containerInfo={<body />}
  >
    <div
      className="Modal-container"
    >
      <div
        className="Modal"
      />
    </div>
  </Portal>
  <Backdrop
    open={true}
  />
</div>
`;

exports[`Modal component 
  onClose: "[Function]", open: true, backdrop: false, closeOnEscape: true, children: "[ReactNode]"
 1`] = `
<div>
  <Portal
    containerInfo={<body />}
  >
    <div
      className="Modal-container"
    >
      <div
        className="Modal"
      >
        <ModalHeader
          heading="Heading"
          icon="pan_tool"
          onClose={[Function]}
          subHeading="Subheading"
        />
      </div>
    </div>
  </Portal>
  <Backdrop
    open={true}
  />
</div>
`;

exports[`Modal component 
  onClose: "[Function]", open: true, backdrop: false, closeOnEscape: true, dimension: "large"
 1`] = `
<div>
  <Portal
    containerInfo={<body />}
  >
    <div
      className="Modal-container"
    >
      <div
        className="Modal"
      />
    </div>
  </Portal>
  <Backdrop
    open={true}
  />
</div>
`;

exports[`Modal component 
  onClose: "[Function]", open: true, backdrop: false, closeOnEscape: true, dimension: "large", children: "[ReactNode]"
 1`] = `
<div>
  <Portal
    containerInfo={<body />}
  >
    <div
      className="Modal-container"
    >
      <div
        className="Modal"
      >
        <ModalHeader
          heading="Heading"
          icon="pan_tool"
          onClose={[Function]}
          subHeading="Subheading"
        />
      </div>
    </div>
  </Portal>
  <Backdrop
    open={true}
  />
</div>
`;

exports[`Modal component 
  onClose: "[Function]", open: true, backdrop: false, closeOnEscape: true, dimension: "medium"
 1`] = `
<div>
  <Portal
    containerInfo={<body />}
  >
    <div
      className="Modal-container"
    >
      <div
        className="Modal"
      />
    </div>
  </Portal>
  <Backdrop
    open={true}
  />
</div>
`;

exports[`Modal component 
  onClose: "[Function]", open: true, backdrop: false, closeOnEscape: true, dimension: "medium", children: "[ReactNode]"
 1`] = `
<div>
  <Portal
    containerInfo={<body />}
  >
    <div
      className="Modal-container"
    >
      <div
        className="Modal"
      >
        <ModalHeader
          heading="Heading"
          icon="pan_tool"
          onClose={[Function]}
          subHeading="Subheading"
        />
      </div>
    </div>
  </Portal>
  <Backdrop
    open={true}
  />
</div>
`;

exports[`Modal component 
  onClose: "[Function]", open: true, backdrop: false, closeOnEscape: true, dimension: "small"
 1`] = `
<div>
  <Portal
    containerInfo={<body />}
  >
    <div
      className="Modal-container"
    >
      <div
        className="Modal"
      />
    </div>
  </Portal>
  <Backdrop
    open={true}
  />
</div>
`;

exports[`Modal component 
  onClose: "[Function]", open: true, backdrop: false, closeOnEscape: true, dimension: "small", children: "[ReactNode]"
 1`] = `
<div>
  <Portal
    containerInfo={<body />}
  >
    <div
      className="Modal-container"
    >
      <div
        className="Modal"
      >
        <ModalHeader
          heading="Heading"
          icon="pan_tool"
          onClose={[Function]}
          subHeading="Subheading"
        />
      </div>
    </div>
  </Portal>
  <Backdrop
    open={true}
  />
</div>
`;

exports[`Modal component 
  onClose: "[Function]", open: true, backdrop: false, dimension: "large"
 1`] = `
<div>
  <Portal
    containerInfo={<body />}
  >
    <div
      className="Modal-container"
    >
      <div
        className="Modal"
      />
    </div>
  </Portal>
  <Backdrop
    open={true}
  />
</div>
`;

exports[`Modal component 
  onClose: "[Function]", open: true, backdrop: false, dimension: "large", children: "[ReactNode]"
 1`] = `
<div>
  <Portal
    containerInfo={<body />}
  >
    <div
      className="Modal-container"
    >
      <div
        className="Modal"
      >
        <ModalHeader
          heading="Heading"
          icon="pan_tool"
          onClose={[Function]}
          subHeading="Subheading"
        />
      </div>
    </div>
  </Portal>
  <Backdrop
    open={true}
  />
</div>
`;

exports[`Modal component 
  onClose: "[Function]", open: true, backdrop: false, dimension: "medium"
 1`] = `
<div>
  <Portal
    containerInfo={<body />}
  >
    <div
      className="Modal-container"
    >
      <div
        className="Modal"
      />
    </div>
  </Portal>
  <Backdrop
    open={true}
  />
</div>
`;

exports[`Modal component 
  onClose: "[Function]", open: true, backdrop: false, dimension: "medium", children: "[ReactNode]"
 1`] = `
<div>
  <Portal
    containerInfo={<body />}
  >
    <div
      className="Modal-container"
    >
      <div
        className="Modal"
      >
        <ModalHeader
          heading="Heading"
          icon="pan_tool"
          onClose={[Function]}
          subHeading="Subheading"
        />
      </div>
    </div>
  </Portal>
  <Backdrop
    open={true}
  />
</div>
`;

exports[`Modal component 
  onClose: "[Function]", open: true, backdrop: false, dimension: "small"
 1`] = `
<div>
  <Portal
    containerInfo={<body />}
  >
    <div
      className="Modal-container"
    >
      <div
        className="Modal"
      />
    </div>
  </Portal>
  <Backdrop
    open={true}
  />
</div>
`;

exports[`Modal component 
  onClose: "[Function]", open: true, backdrop: false, dimension: "small", children: "[ReactNode]"
 1`] = `
<div>
  <Portal
    containerInfo={<body />}
  >
    <div
      className="Modal-container"
    >
      <div
        className="Modal"
      >
        <ModalHeader
          heading="Heading"
          icon="pan_tool"
          onClose={[Function]}
          subHeading="Subheading"
        />
      </div>
    </div>
  </Portal>
  <Backdrop
    open={true}
  />
</div>
`;

exports[`Modal component 
  onClose: "[Function]", open: true, backdrop: true
 1`] = `
<div>
  <Portal
    containerInfo={<body />}
  >
    <OutsideClick
      onOutsideClick={[Function]}
    >
      <div
        className="Modal-container"
      >
        <div
          className="Modal"
        />
      </div>
    </OutsideClick>
  </Portal>
  <Backdrop
    open={true}
  />
</div>
`;

exports[`Modal component 
  onClose: "[Function]", open: true, backdrop: true, children: "[ReactNode]"
 1`] = `
<div>
  <Portal
    containerInfo={<body />}
  >
    <OutsideClick
      onOutsideClick={[Function]}
    >
      <div
        className="Modal-container"
      >
        <div
          className="Modal"
        >
          <ModalHeader
            heading="Heading"
            icon="pan_tool"
            onClose={[Function]}
            subHeading="Subheading"
          />
        </div>
      </div>
    </OutsideClick>
  </Portal>
  <Backdrop
    open={true}
  />
</div>
`;

exports[`Modal component 
  onClose: "[Function]", open: true, backdrop: true, closeOnEscape: false
 1`] = `
<div>
  <Portal
    containerInfo={<body />}
  >
    <OutsideClick
      onOutsideClick={[Function]}
    >
      <div
        className="Modal-container"
      >
        <div
          className="Modal"
        />
      </div>
    </OutsideClick>
  </Portal>
  <Backdrop
    open={true}
  />
</div>
`;

exports[`Modal component 
  onClose: "[Function]", open: true, backdrop: true, closeOnEscape: false, children: "[ReactNode]"
 1`] = `
<div>
  <Portal
    containerInfo={<body />}
  >
    <OutsideClick
      onOutsideClick={[Function]}
    >
      <div
        className="Modal-container"
      >
        <div
          className="Modal"
        >
          <ModalHeader
            heading="Heading"
            icon="pan_tool"
            onClose={[Function]}
            subHeading="Subheading"
          />
        </div>
      </div>
    </OutsideClick>
  </Portal>
  <Backdrop
    open={true}
  />
</div>
`;

exports[`Modal component 
  onClose: "[Function]", open: true, backdrop: true, closeOnEscape: false, dimension: "large"
 1`] = `
<div>
  <Portal
    containerInfo={<body />}
  >
    <OutsideClick
      onOutsideClick={[Function]}
    >
      <div
        className="Modal-container"
      >
        <div
          className="Modal"
        />
      </div>
    </OutsideClick>
  </Portal>
  <Backdrop
    open={true}
  />
</div>
`;

exports[`Modal component 
  onClose: "[Function]", open: true, backdrop: true, closeOnEscape: false, dimension: "large", children: "[ReactNode]"
 1`] = `
<div>
  <Portal
    containerInfo={<body />}
  >
    <OutsideClick
      onOutsideClick={[Function]}
    >
      <div
        className="Modal-container"
      >
        <div
          className="Modal"
        >
          <ModalHeader
            heading="Heading"
            icon="pan_tool"
            onClose={[Function]}
            subHeading="Subheading"
          />
        </div>
      </div>
    </OutsideClick>
  </Portal>
  <Backdrop
    open={true}
  />
</div>
`;

exports[`Modal component 
  onClose: "[Function]", open: true, backdrop: true, closeOnEscape: false, dimension: "medium"
 1`] = `
<div>
  <Portal
    containerInfo={<body />}
  >
    <OutsideClick
      onOutsideClick={[Function]}
    >
      <div
        className="Modal-container"
      >
        <div
          className="Modal"
        />
      </div>
    </OutsideClick>
  </Portal>
  <Backdrop
    open={true}
  />
</div>
`;

exports[`Modal component 
  onClose: "[Function]", open: true, backdrop: true, closeOnEscape: false, dimension: "medium", children: "[ReactNode]"
 1`] = `
<div>
  <Portal
    containerInfo={<body />}
  >
    <OutsideClick
      onOutsideClick={[Function]}
    >
      <div
        className="Modal-container"
      >
        <div
          className="Modal"
        >
          <ModalHeader
            heading="Heading"
            icon="pan_tool"
            onClose={[Function]}
            subHeading="Subheading"
          />
        </div>
      </div>
    </OutsideClick>
  </Portal>
  <Backdrop
    open={true}
  />
</div>
`;

exports[`Modal component 
  onClose: "[Function]", open: true, backdrop: true, closeOnEscape: false, dimension: "small"
 1`] = `
<div>
  <Portal
    containerInfo={<body />}
  >
    <OutsideClick
      onOutsideClick={[Function]}
    >
      <div
        className="Modal-container"
      >
        <div
          className="Modal"
        />
      </div>
    </OutsideClick>
  </Portal>
  <Backdrop
    open={true}
  />
</div>
`;

exports[`Modal component 
  onClose: "[Function]", open: true, backdrop: true, closeOnEscape: false, dimension: "small", children: "[ReactNode]"
 1`] = `
<div>
  <Portal
    containerInfo={<body />}
  >
    <OutsideClick
      onOutsideClick={[Function]}
    >
      <div
        className="Modal-container"
      >
        <div
          className="Modal"
        >
          <ModalHeader
            heading="Heading"
            icon="pan_tool"
            onClose={[Function]}
            subHeading="Subheading"
          />
        </div>
      </div>
    </OutsideClick>
  </Portal>
  <Backdrop
    open={true}
  />
</div>
`;

exports[`Modal component 
  onClose: "[Function]", open: true, backdrop: true, closeOnEscape: true
 1`] = `
<div>
  <Portal
    containerInfo={<body />}
  >
    <OutsideClick
      onOutsideClick={[Function]}
    >
      <div
        className="Modal-container"
      >
        <div
          className="Modal"
        />
      </div>
    </OutsideClick>
  </Portal>
  <Backdrop
    open={true}
  />
</div>
`;

exports[`Modal component 
  onClose: "[Function]", open: true, backdrop: true, closeOnEscape: true, children: "[ReactNode]"
 1`] = `
<div>
  <Portal
    containerInfo={<body />}
  >
    <OutsideClick
      onOutsideClick={[Function]}
    >
      <div
        className="Modal-container"
      >
        <div
          className="Modal"
        >
          <ModalHeader
            heading="Heading"
            icon="pan_tool"
            onClose={[Function]}
            subHeading="Subheading"
          />
        </div>
      </div>
    </OutsideClick>
  </Portal>
  <Backdrop
    open={true}
  />
</div>
`;

exports[`Modal component 
  onClose: "[Function]", open: true, backdrop: true, closeOnEscape: true, dimension: "large"
 1`] = `
<div>
  <Portal
    containerInfo={<body />}
  >
    <OutsideClick
      onOutsideClick={[Function]}
    >
      <div
        className="Modal-container"
      >
        <div
          className="Modal"
        />
      </div>
    </OutsideClick>
  </Portal>
  <Backdrop
    open={true}
  />
</div>
`;

exports[`Modal component 
  onClose: "[Function]", open: true, backdrop: true, closeOnEscape: true, dimension: "large", children: "[ReactNode]"
 1`] = `
<div>
  <Portal
    containerInfo={<body />}
  >
    <OutsideClick
      onOutsideClick={[Function]}
    >
      <div
        className="Modal-container"
      >
        <div
          className="Modal"
        >
          <ModalHeader
            heading="Heading"
            icon="pan_tool"
            onClose={[Function]}
            subHeading="Subheading"
          />
        </div>
      </div>
    </OutsideClick>
  </Portal>
  <Backdrop
    open={true}
  />
</div>
`;

exports[`Modal component 
  onClose: "[Function]", open: true, backdrop: true, closeOnEscape: true, dimension: "medium"
 1`] = `
<div>
  <Portal
    containerInfo={<body />}
  >
    <OutsideClick
      onOutsideClick={[Function]}
    >
      <div
        className="Modal-container"
      >
        <div
          className="Modal"
        />
      </div>
    </OutsideClick>
  </Portal>
  <Backdrop
    open={true}
  />
</div>
`;

exports[`Modal component 
  onClose: "[Function]", open: true, backdrop: true, closeOnEscape: true, dimension: "medium", children: "[ReactNode]"
 1`] = `
<div>
  <Portal
    containerInfo={<body />}
  >
    <OutsideClick
      onOutsideClick={[Function]}
    >
      <div
        className="Modal-container"
      >
        <div
          className="Modal"
        >
          <ModalHeader
            heading="Heading"
            icon="pan_tool"
            onClose={[Function]}
            subHeading="Subheading"
          />
        </div>
      </div>
    </OutsideClick>
  </Portal>
  <Backdrop
    open={true}
  />
</div>
`;

exports[`Modal component 
  onClose: "[Function]", open: true, backdrop: true, closeOnEscape: true, dimension: "small"
 1`] = `
<div>
  <Portal
    containerInfo={<body />}
  >
    <OutsideClick
      onOutsideClick={[Function]}
    >
      <div
        className="Modal-container"
      >
        <div
          className="Modal"
        />
      </div>
    </OutsideClick>
  </Portal>
  <Backdrop
    open={true}
  />
</div>
`;

exports[`Modal component 
  onClose: "[Function]", open: true, backdrop: true, closeOnEscape: true, dimension: "small", children: "[ReactNode]"
 1`] = `
<div>
  <Portal
    containerInfo={<body />}
  >
    <OutsideClick
      onOutsideClick={[Function]}
    >
      <div
        className="Modal-container"
      >
        <div
          className="Modal"
        >
          <ModalHeader
            heading="Heading"
            icon="pan_tool"
            onClose={[Function]}
            subHeading="Subheading"
          />
        </div>
      </div>
    </OutsideClick>
  </Portal>
  <Backdrop
    open={true}
  />
</div>
`;

exports[`Modal component 
  onClose: "[Function]", open: true, backdrop: true, dimension: "large"
 1`] = `
<div>
  <Portal
    containerInfo={<body />}
  >
    <OutsideClick
      onOutsideClick={[Function]}
    >
      <div
        className="Modal-container"
      >
        <div
          className="Modal"
        />
      </div>
    </OutsideClick>
  </Portal>
  <Backdrop
    open={true}
  />
</div>
`;

exports[`Modal component 
  onClose: "[Function]", open: true, backdrop: true, dimension: "large", children: "[ReactNode]"
 1`] = `
<div>
  <Portal
    containerInfo={<body />}
  >
    <OutsideClick
      onOutsideClick={[Function]}
    >
      <div
        className="Modal-container"
      >
        <div
          className="Modal"
        >
          <ModalHeader
            heading="Heading"
            icon="pan_tool"
            onClose={[Function]}
            subHeading="Subheading"
          />
        </div>
      </div>
    </OutsideClick>
  </Portal>
  <Backdrop
    open={true}
  />
</div>
`;

exports[`Modal component 
  onClose: "[Function]", open: true, backdrop: true, dimension: "medium"
 1`] = `
<div>
  <Portal
    containerInfo={<body />}
  >
    <OutsideClick
      onOutsideClick={[Function]}
    >
      <div
        className="Modal-container"
      >
        <div
          className="Modal"
        />
      </div>
    </OutsideClick>
  </Portal>
  <Backdrop
    open={true}
  />
</div>
`;

exports[`Modal component 
  onClose: "[Function]", open: true, backdrop: true, dimension: "medium", children: "[ReactNode]"
 1`] = `
<div>
  <Portal
    containerInfo={<body />}
  >
    <OutsideClick
      onOutsideClick={[Function]}
    >
      <div
        className="Modal-container"
      >
        <div
          className="Modal"
        >
          <ModalHeader
            heading="Heading"
            icon="pan_tool"
            onClose={[Function]}
            subHeading="Subheading"
          />
        </div>
      </div>
    </OutsideClick>
  </Portal>
  <Backdrop
    open={true}
  />
</div>
`;

exports[`Modal component 
  onClose: "[Function]", open: true, backdrop: true, dimension: "small"
 1`] = `
<div>
  <Portal
    containerInfo={<body />}
  >
    <OutsideClick
      onOutsideClick={[Function]}
    >
      <div
        className="Modal-container"
      >
        <div
          className="Modal"
        />
      </div>
    </OutsideClick>
  </Portal>
  <Backdrop
    open={true}
  />
</div>
`;

exports[`Modal component 
  onClose: "[Function]", open: true, backdrop: true, dimension: "small", children: "[ReactNode]"
 1`] = `
<div>
  <Portal
    containerInfo={<body />}
  >
    <OutsideClick
      onOutsideClick={[Function]}
    >
      <div
        className="Modal-container"
      >
        <div
          className="Modal"
        >
          <ModalHeader
            heading="Heading"
            icon="pan_tool"
            onClose={[Function]}
            subHeading="Subheading"
          />
        </div>
      </div>
    </OutsideClick>
  </Portal>
  <Backdrop
    open={true}
  />
</div>
`;

exports[`Modal component 
  onClose: "[Function]", open: true, children: "[ReactNode]"
 1`] = `
<div>
  <Portal
    containerInfo={<body />}
  >
    <div
      className="Modal-container"
    >
      <div
        className="Modal"
      >
        <ModalHeader
          heading="Heading"
          icon="pan_tool"
          onClose={[Function]}
          subHeading="Subheading"
        />
      </div>
    </div>
  </Portal>
  <Backdrop
    open={true}
  />
</div>
`;

exports[`Modal component 
  onClose: "[Function]", open: true, closeOnEscape: false
 1`] = `
<div>
  <Portal
    containerInfo={<body />}
  >
    <div
      className="Modal-container"
    >
      <div
        className="Modal"
      />
    </div>
  </Portal>
  <Backdrop
    open={true}
  />
</div>
`;

exports[`Modal component 
  onClose: "[Function]", open: true, closeOnEscape: false, children: "[ReactNode]"
 1`] = `
<div>
  <Portal
    containerInfo={<body />}
  >
    <div
      className="Modal-container"
    >
      <div
        className="Modal"
      >
        <ModalHeader
          heading="Heading"
          icon="pan_tool"
          onClose={[Function]}
          subHeading="Subheading"
        />
      </div>
    </div>
  </Portal>
  <Backdrop
    open={true}
  />
</div>
`;

exports[`Modal component 
  onClose: "[Function]", open: true, closeOnEscape: false, dimension: "large"
 1`] = `
<div>
  <Portal
    containerInfo={<body />}
  >
    <div
      className="Modal-container"
    >
      <div
        className="Modal"
      />
    </div>
  </Portal>
  <Backdrop
    open={true}
  />
</div>
`;

exports[`Modal component 
  onClose: "[Function]", open: true, closeOnEscape: false, dimension: "large", children: "[ReactNode]"
 1`] = `
<div>
  <Portal
    containerInfo={<body />}
  >
    <div
      className="Modal-container"
    >
      <div
        className="Modal"
      >
        <ModalHeader
          heading="Heading"
          icon="pan_tool"
          onClose={[Function]}
          subHeading="Subheading"
        />
      </div>
    </div>
  </Portal>
  <Backdrop
    open={true}
  />
</div>
`;

exports[`Modal component 
  onClose: "[Function]", open: true, closeOnEscape: false, dimension: "medium"
 1`] = `
<div>
  <Portal
    containerInfo={<body />}
  >
    <div
      className="Modal-container"
    >
      <div
        className="Modal"
      />
    </div>
  </Portal>
  <Backdrop
    open={true}
  />
</div>
`;

exports[`Modal component 
  onClose: "[Function]", open: true, closeOnEscape: false, dimension: "medium", children: "[ReactNode]"
 1`] = `
<div>
  <Portal
    containerInfo={<body />}
  >
    <div
      className="Modal-container"
    >
      <div
        className="Modal"
      >
        <ModalHeader
          heading="Heading"
          icon="pan_tool"
          onClose={[Function]}
          subHeading="Subheading"
        />
      </div>
    </div>
  </Portal>
  <Backdrop
    open={true}
  />
</div>
`;

exports[`Modal component 
  onClose: "[Function]", open: true, closeOnEscape: false, dimension: "small"
 1`] = `
<div>
  <Portal
    containerInfo={<body />}
  >
    <div
      className="Modal-container"
    >
      <div
        className="Modal"
      />
    </div>
  </Portal>
  <Backdrop
    open={true}
  />
</div>
`;

exports[`Modal component 
  onClose: "[Function]", open: true, closeOnEscape: false, dimension: "small", children: "[ReactNode]"
 1`] = `
<div>
  <Portal
    containerInfo={<body />}
  >
    <div
      className="Modal-container"
    >
      <div
        className="Modal"
      >
        <ModalHeader
          heading="Heading"
          icon="pan_tool"
          onClose={[Function]}
          subHeading="Subheading"
        />
      </div>
    </div>
  </Portal>
  <Backdrop
    open={true}
  />
</div>
`;

exports[`Modal component 
  onClose: "[Function]", open: true, closeOnEscape: true
 1`] = `
<div>
  <Portal
    containerInfo={<body />}
  >
    <div
      className="Modal-container"
    >
      <div
        className="Modal"
      />
    </div>
  </Portal>
  <Backdrop
    open={true}
  />
</div>
`;

exports[`Modal component 
  onClose: "[Function]", open: true, closeOnEscape: true, children: "[ReactNode]"
 1`] = `
<div>
  <Portal
    containerInfo={<body />}
  >
    <div
      className="Modal-container"
    >
      <div
        className="Modal"
      >
        <ModalHeader
          heading="Heading"
          icon="pan_tool"
          onClose={[Function]}
          subHeading="Subheading"
        />
      </div>
    </div>
  </Portal>
  <Backdrop
    open={true}
  />
</div>
`;

exports[`Modal component 
  onClose: "[Function]", open: true, closeOnEscape: true, dimension: "large"
 1`] = `
<div>
  <Portal
    containerInfo={<body />}
  >
    <div
      className="Modal-container"
    >
      <div
        className="Modal"
      />
    </div>
  </Portal>
  <Backdrop
    open={true}
  />
</div>
`;

exports[`Modal component 
  onClose: "[Function]", open: true, closeOnEscape: true, dimension: "large", children: "[ReactNode]"
 1`] = `
<div>
  <Portal
    containerInfo={<body />}
  >
    <div
      className="Modal-container"
    >
      <div
        className="Modal"
      >
        <ModalHeader
          heading="Heading"
          icon="pan_tool"
          onClose={[Function]}
          subHeading="Subheading"
        />
      </div>
    </div>
  </Portal>
  <Backdrop
    open={true}
  />
</div>
`;

exports[`Modal component 
  onClose: "[Function]", open: true, closeOnEscape: true, dimension: "medium"
 1`] = `
<div>
  <Portal
    containerInfo={<body />}
  >
    <div
      className="Modal-container"
    >
      <div
        className="Modal"
      />
    </div>
  </Portal>
  <Backdrop
    open={true}
  />
</div>
`;

exports[`Modal component 
  onClose: "[Function]", open: true, closeOnEscape: true, dimension: "medium", children: "[ReactNode]"
 1`] = `
<div>
  <Portal
    containerInfo={<body />}
  >
    <div
      className="Modal-container"
    >
      <div
        className="Modal"
      >
        <ModalHeader
          heading="Heading"
          icon="pan_tool"
          onClose={[Function]}
          subHeading="Subheading"
        />
      </div>
    </div>
  </Portal>
  <Backdrop
    open={true}
  />
</div>
`;

exports[`Modal component 
  onClose: "[Function]", open: true, closeOnEscape: true, dimension: "small"
 1`] = `
<div>
  <Portal
    containerInfo={<body />}
  >
    <div
      className="Modal-container"
    >
      <div
        className="Modal"
      />
    </div>
  </Portal>
  <Backdrop
    open={true}
  />
</div>
`;

exports[`Modal component 
  onClose: "[Function]", open: true, closeOnEscape: true, dimension: "small", children: "[ReactNode]"
 1`] = `
<div>
  <Portal
    containerInfo={<body />}
  >
    <div
      className="Modal-container"
    >
      <div
        className="Modal"
      >
        <ModalHeader
          heading="Heading"
          icon="pan_tool"
          onClose={[Function]}
          subHeading="Subheading"
        />
      </div>
    </div>
  </Portal>
  <Backdrop
    open={true}
  />
</div>
`;

exports[`Modal component 
  onClose: "[Function]", open: true, dimension: "large"
 1`] = `
<div>
  <Portal
    containerInfo={<body />}
  >
    <div
      className="Modal-container"
    >
      <div
        className="Modal"
      />
    </div>
  </Portal>
  <Backdrop
    open={true}
  />
</div>
`;

exports[`Modal component 
  onClose: "[Function]", open: true, dimension: "large", children: "[ReactNode]"
 1`] = `
<div>
  <Portal
    containerInfo={<body />}
  >
    <div
      className="Modal-container"
    >
      <div
        className="Modal"
      >
        <ModalHeader
          heading="Heading"
          icon="pan_tool"
          onClose={[Function]}
          subHeading="Subheading"
        />
      </div>
    </div>
  </Portal>
  <Backdrop
    open={true}
  />
</div>
`;

exports[`Modal component 
  onClose: "[Function]", open: true, dimension: "medium"
 1`] = `
<div>
  <Portal
    containerInfo={<body />}
  >
    <div
      className="Modal-container"
    >
      <div
        className="Modal"
      />
    </div>
  </Portal>
  <Backdrop
    open={true}
  />
</div>
`;

exports[`Modal component 
  onClose: "[Function]", open: true, dimension: "medium", children: "[ReactNode]"
 1`] = `
<div>
  <Portal
    containerInfo={<body />}
  >
    <div
      className="Modal-container"
    >
      <div
        className="Modal"
      >
        <ModalHeader
          heading="Heading"
          icon="pan_tool"
          onClose={[Function]}
          subHeading="Subheading"
        />
      </div>
    </div>
  </Portal>
  <Backdrop
    open={true}
  />
</div>
`;

exports[`Modal component 
  onClose: "[Function]", open: true, dimension: "small"
 1`] = `
<div>
  <Portal
    containerInfo={<body />}
  >
    <div
      className="Modal-container"
    >
      <div
        className="Modal"
      />
    </div>
  </Portal>
  <Backdrop
    open={true}
  />
</div>
`;

exports[`Modal component 
  onClose: "[Function]", open: true, dimension: "small", children: "[ReactNode]"
 1`] = `
<div>
  <Portal
    containerInfo={<body />}
  >
    <div
      className="Modal-container"
    >
      <div
        className="Modal"
      >
        <ModalHeader
          heading="Heading"
          icon="pan_tool"
          onClose={[Function]}
          subHeading="Subheading"
        />
      </div>
    </div>
  </Portal>
  <Backdrop
    open={true}
  />
</div>
`;
