// Jest Snapshot v1, https://goo.gl/fbAQLP

exports[`Modal component 
  backdropClose: "[Function]", onClose: "[Function]", backdrop: false, dimension: "large", open: true
 1`] = `
<body
  style="overflow: hidden;"
>
  <div
    class="Modal-wrapper"
  >
    <div
      class="Modal-container Modal-container--open"
      data-layer="true"
      data-test="DesignSystem-ModalContainer"
    >
      <div
        class="Modal Modal--large Modal--open Modal-animation--open"
        data-test="DesignSystem-Modal"
      >
        <div
          class="Modal-header-wrapper"
        >
          <div
            class="Modal-header"
            data-test="DesignSystem-ModalHeader"
          >
            <div
              class="Modal-header-icon"
              data-test="DesignSystem-ModalHeader--Icon"
            >
              <i
                class="material-icons Icon Icon--default"
                style="font-size: 16px; width: 16px;"
              >
                pan_tool_undefined
              </i>
            </div>
            <div>
              <h4
                class="Heading Heading--m Heading--default"
                data-test="DesignSystem-Heading"
              >
                Heading
              </h4>
            </div>
            <div
              class="Modal-close-icon"
              data-test="DesignSystem-ModalHeader--CloseIcon"
            >
              <i
                class="material-icons Icon Icon--default"
                style="font-size: 16px; width: 16px;"
              >
                close_undefined
              </i>
            </div>
          </div>
          <div
            class="Modal-header-subheader Modal-header-subheader--withIcon"
            data-test="DesignSystem-ModalHeader--Subheading"
          >
            <span
              class="Text Text--subtle Text--regular"
              data-test="DesignSystem-Text"
            >
              Subheading
            </span>
          </div>
        </div>
      </div>
    </div>
  </div>
  <div>
    <div />
  </div>
  <div
    class="Backdrop Backdrop--open Backdrop-animation--open"
    data-test="DesignSystem-Backdrop"
  />
</body>
`;

exports[`Modal component 
  backdropClose: "[Function]", onClose: "[Function]", backdrop: false, dimension: "medium", open: true
 1`] = `
<body
  style="overflow: hidden;"
>
  <div
    class="Modal-wrapper"
  >
    <div
      class="Modal-container Modal-container--open"
      data-layer="true"
      data-test="DesignSystem-ModalContainer"
    >
      <div
        class="Modal Modal--medium Modal--open Modal-animation--open"
        data-test="DesignSystem-Modal"
      >
        <div
          class="Modal-header-wrapper"
        >
          <div
            class="Modal-header"
            data-test="DesignSystem-ModalHeader"
          >
            <div
              class="Modal-header-icon"
              data-test="DesignSystem-ModalHeader--Icon"
            >
              <i
                class="material-icons Icon Icon--default"
                style="font-size: 16px; width: 16px;"
              >
                pan_tool_undefined
              </i>
            </div>
            <div>
              <h4
                class="Heading Heading--m Heading--default"
                data-test="DesignSystem-Heading"
              >
                Heading
              </h4>
            </div>
            <div
              class="Modal-close-icon"
              data-test="DesignSystem-ModalHeader--CloseIcon"
            >
              <i
                class="material-icons Icon Icon--default"
                style="font-size: 16px; width: 16px;"
              >
                close_undefined
              </i>
            </div>
          </div>
          <div
            class="Modal-header-subheader Modal-header-subheader--withIcon"
            data-test="DesignSystem-ModalHeader--Subheading"
          >
            <span
              class="Text Text--subtle Text--regular"
              data-test="DesignSystem-Text"
            >
              Subheading
            </span>
          </div>
        </div>
      </div>
    </div>
  </div>
  <div>
    <div />
  </div>
  <div
    class="Backdrop Backdrop--open Backdrop-animation--open"
    data-test="DesignSystem-Backdrop"
  />
</body>
`;

exports[`Modal component 
  backdropClose: "[Function]", onClose: "[Function]", backdrop: false, dimension: "small", open: true
 1`] = `
<body
  style="overflow: hidden;"
>
  <div
    class="Modal-wrapper"
  >
    <div
      class="Modal-container Modal-container--open"
      data-layer="true"
      data-test="DesignSystem-ModalContainer"
    >
      <div
        class="Modal Modal--small Modal--open Modal-animation--open"
        data-test="DesignSystem-Modal"
      >
        <div
          class="Modal-header-wrapper"
        >
          <div
            class="Modal-header"
            data-test="DesignSystem-ModalHeader"
          >
            <div
              class="Modal-header-icon"
              data-test="DesignSystem-ModalHeader--Icon"
            >
              <i
                class="material-icons Icon Icon--default"
                style="font-size: 16px; width: 16px;"
              >
                pan_tool_undefined
              </i>
            </div>
            <div>
              <h4
                class="Heading Heading--m Heading--default"
                data-test="DesignSystem-Heading"
              >
                Heading
              </h4>
            </div>
            <div
              class="Modal-close-icon"
              data-test="DesignSystem-ModalHeader--CloseIcon"
            >
              <i
                class="material-icons Icon Icon--default"
                style="font-size: 16px; width: 16px;"
              >
                close_undefined
              </i>
            </div>
          </div>
          <div
            class="Modal-header-subheader Modal-header-subheader--withIcon"
            data-test="DesignSystem-ModalHeader--Subheading"
          >
            <span
              class="Text Text--subtle Text--regular"
              data-test="DesignSystem-Text"
            >
              Subheading
            </span>
          </div>
        </div>
      </div>
    </div>
  </div>
  <div>
    <div />
  </div>
  <div
    class="Backdrop Backdrop--open Backdrop-animation--open"
    data-test="DesignSystem-Backdrop"
  />
</body>
`;

exports[`Modal component 
  backdropClose: "[Function]", onClose: "[Function]", backdrop: true, dimension: "large", open: true
 1`] = `
<body
  style="overflow: hidden;"
>
  <div
    class="Modal-wrapper"
  >
    <div
      class="Modal-container Modal-container--open"
      data-layer="true"
      data-test="DesignSystem-ModalContainer"
    >
      <div
        class="Modal Modal--large Modal--open Modal-animation--open"
        data-test="DesignSystem-Modal"
      >
        <div
          class="Modal-header-wrapper"
        >
          <div
            class="Modal-header"
            data-test="DesignSystem-ModalHeader"
          >
            <div
              class="Modal-header-icon"
              data-test="DesignSystem-ModalHeader--Icon"
            >
              <i
                class="material-icons Icon Icon--default"
                style="font-size: 16px; width: 16px;"
              >
                pan_tool_undefined
              </i>
            </div>
            <div>
              <h4
                class="Heading Heading--m Heading--default"
                data-test="DesignSystem-Heading"
              >
                Heading
              </h4>
            </div>
            <div
              class="Modal-close-icon"
              data-test="DesignSystem-ModalHeader--CloseIcon"
            >
              <i
                class="material-icons Icon Icon--default"
                style="font-size: 16px; width: 16px;"
              >
                close_undefined
              </i>
            </div>
          </div>
          <div
            class="Modal-header-subheader Modal-header-subheader--withIcon"
            data-test="DesignSystem-ModalHeader--Subheading"
          >
            <span
              class="Text Text--subtle Text--regular"
              data-test="DesignSystem-Text"
            >
              Subheading
            </span>
          </div>
        </div>
      </div>
    </div>
  </div>
  <div>
    <div />
  </div>
  <div
    class="Backdrop Backdrop--open Backdrop-animation--open"
    data-test="DesignSystem-Backdrop"
  />
</body>
`;

exports[`Modal component 
  backdropClose: "[Function]", onClose: "[Function]", backdrop: true, dimension: "medium", open: true
 1`] = `
<body
  style="overflow: hidden;"
>
  <div
    class="Modal-wrapper"
  >
    <div
      class="Modal-container Modal-container--open"
      data-layer="true"
      data-test="DesignSystem-ModalContainer"
    >
      <div
        class="Modal Modal--medium Modal--open Modal-animation--open"
        data-test="DesignSystem-Modal"
      >
        <div
          class="Modal-header-wrapper"
        >
          <div
            class="Modal-header"
            data-test="DesignSystem-ModalHeader"
          >
            <div
              class="Modal-header-icon"
              data-test="DesignSystem-ModalHeader--Icon"
            >
              <i
                class="material-icons Icon Icon--default"
                style="font-size: 16px; width: 16px;"
              >
                pan_tool_undefined
              </i>
            </div>
            <div>
              <h4
                class="Heading Heading--m Heading--default"
                data-test="DesignSystem-Heading"
              >
                Heading
              </h4>
            </div>
            <div
              class="Modal-close-icon"
              data-test="DesignSystem-ModalHeader--CloseIcon"
            >
              <i
                class="material-icons Icon Icon--default"
                style="font-size: 16px; width: 16px;"
              >
                close_undefined
              </i>
            </div>
          </div>
          <div
            class="Modal-header-subheader Modal-header-subheader--withIcon"
            data-test="DesignSystem-ModalHeader--Subheading"
          >
            <span
              class="Text Text--subtle Text--regular"
              data-test="DesignSystem-Text"
            >
              Subheading
            </span>
          </div>
        </div>
      </div>
    </div>
  </div>
  <div>
    <div />
  </div>
  <div
    class="Backdrop Backdrop--open Backdrop-animation--open"
    data-test="DesignSystem-Backdrop"
  />
</body>
`;

exports[`Modal component 
  backdropClose: "[Function]", onClose: "[Function]", backdrop: true, dimension: "small", open: true
 1`] = `
<body
  style="overflow: hidden;"
>
  <div>
    <div />
  </div>
  <div
    class="Modal-wrapper"
  >
    <div
      class="Modal-container Modal-container--open"
      data-layer="true"
      data-test="DesignSystem-ModalContainer"
    >
      <div
        class="Modal Modal--small Modal--open Modal-animation--open"
        data-test="DesignSystem-Modal"
      >
        <div
          class="Modal-header-wrapper"
        >
          <div
            class="Modal-header"
            data-test="DesignSystem-ModalHeader"
          >
            <div
              class="Modal-header-icon"
              data-test="DesignSystem-ModalHeader--Icon"
            >
              <i
                class="material-icons Icon Icon--default"
                style="font-size: 16px; width: 16px;"
              >
                pan_tool_undefined
              </i>
            </div>
            <div>
              <h4
                class="Heading Heading--m Heading--default"
                data-test="DesignSystem-Heading"
              >
                Heading
              </h4>
            </div>
            <div
              class="Modal-close-icon"
              data-test="DesignSystem-ModalHeader--CloseIcon"
            >
              <i
                class="material-icons Icon Icon--default"
                style="font-size: 16px; width: 16px;"
              >
                close_undefined
              </i>
            </div>
          </div>
          <div
            class="Modal-header-subheader Modal-header-subheader--withIcon"
            data-test="DesignSystem-ModalHeader--Subheading"
          >
            <span
              class="Text Text--subtle Text--regular"
              data-test="DesignSystem-Text"
            >
              Subheading
            </span>
          </div>
        </div>
      </div>
    </div>
  </div>
  <div
    class="Backdrop Backdrop--open Backdrop-animation--open"
    data-test="DesignSystem-Backdrop"
  />
</body>
`;
