// Jest Snapshot v1, https://goo.gl/fbAQLP

exports[`Popover component 
  appendToBody: false, trigger: "[ReactNode]", customStyle: {"width":{"required":true,"value":"150px"},"height":{"required":true,"value":"150px"}}, open: true, verticalOffset: 10, onToggle: "[Function]", dark: false, disabled: false
 1`] = `
<DocumentFragment>
  <div>
    <div
      aria-controls=":ri:"
      aria-expanded="true"
      aria-haspopup="dialog"
      data-state="open"
    >
      <button
        class="Button Button--regular Button--basic Button--iconAlign-left"
        data-test="DesignSystem-PopoverTrigger"
        tabindex="0"
      >
        <span
          class="Button-text"
        >
          Open Popup
        </span>
      </button>
    </div>
  </div>
  <div
    class="Popover"
    data-floating-ui-focusable=""
    data-layer="true"
    data-opened="true"
    data-test="DesignSystem-Popover"
    id=":ri:"
    role="dialog"
    style="position: absolute; left: 0px; top: 0px; visibility: hidden; opacity: 0; pointer-events: none; transform: translate(0px, 0px);"
    tabindex="-1"
  >
    <div
      style="opacity: 0;"
    >
      Popover
    </div>
  </div>
</DocumentFragment>
`;

exports[`Popover component 
  appendToBody: false, trigger: "[ReactNode]", customStyle: {"width":{"required":true,"value":"150px"},"height":{"required":true,"value":"150px"}}, open: true, verticalOffset: 10, onToggle: "[Function]", dark: false, disabled: true
 1`] = `
<DocumentFragment>
  <div>
    <div
      aria-expanded="false"
      aria-haspopup="dialog"
      data-state="closed"
    >
      <button
        class="Button Button--regular Button--basic Button--iconAlign-left"
        data-test="DesignSystem-PopoverTrigger"
        tabindex="0"
      >
        <span
          class="Button-text"
        >
          Open Popup
        </span>
      </button>
    </div>
  </div>
</DocumentFragment>
`;

exports[`Popover component 
  appendToBody: false, trigger: "[ReactNode]", customStyle: {"width":{"required":true,"value":"150px"},"height":{"required":true,"value":"150px"}}, open: true, verticalOffset: 10, onToggle: "[Function]", dark: true, disabled: false
 1`] = `
<DocumentFragment>
  <div>
    <div
      aria-controls=":re:"
      aria-expanded="true"
      aria-haspopup="dialog"
      data-state="open"
    >
      <button
        class="Button Button--regular Button--basic Button--iconAlign-left"
        data-test="DesignSystem-PopoverTrigger"
        tabindex="0"
      >
        <span
          class="Button-text"
        >
          Open Popup
        </span>
      </button>
    </div>
  </div>
  <div
    class="Popover Popover--dark"
    data-floating-ui-focusable=""
    data-layer="true"
    data-opened="true"
    data-test="DesignSystem-Popover"
    id=":re:"
    role="dialog"
    style="position: absolute; left: 0px; top: 0px; visibility: hidden; opacity: 0; pointer-events: none; transform: translate(0px, 0px);"
    tabindex="-1"
  >
    <div
      style="opacity: 0;"
    >
      Popover
    </div>
  </div>
</DocumentFragment>
`;

exports[`Popover component 
  appendToBody: false, trigger: "[ReactNode]", customStyle: {"width":{"required":true,"value":"150px"},"height":{"required":true,"value":"150px"}}, open: true, verticalOffset: 10, onToggle: "[Function]", dark: true, disabled: true
 1`] = `
<DocumentFragment>
  <div>
    <div
      aria-expanded="false"
      aria-haspopup="dialog"
      data-state="closed"
    >
      <button
        class="Button Button--regular Button--basic Button--iconAlign-left"
        data-test="DesignSystem-PopoverTrigger"
        tabindex="0"
      >
        <span
          class="Button-text"
        >
          Open Popup
        </span>
      </button>
    </div>
  </div>
</DocumentFragment>
`;

exports[`Popover component 
  appendToBody: false, trigger: "[ReactNode]", customStyle: {"width":{"required":true,"value":"150px"},"height":{"required":true,"value":"150px"}}, open: true, verticalOffset: 10, onToggle: "[Function]", position: "bottom"
 1`] = `
<DocumentFragment>
  <div>
    <div
      aria-controls=":r6:"
      aria-expanded="true"
      aria-haspopup="dialog"
      data-state="open"
    >
      <button
        class="Button Button--regular Button--basic Button--iconAlign-left"
        data-test="DesignSystem-PopoverTrigger"
        tabindex="0"
      >
        <span
          class="Button-text"
        >
          Open Popup
        </span>
      </button>
    </div>
  </div>
  <div
    class="Popover"
    data-floating-ui-focusable=""
    data-layer="true"
    data-opened="true"
    data-test="DesignSystem-Popover"
    id=":r6:"
    role="dialog"
    style="position: absolute; left: 0px; top: 0px; visibility: hidden; opacity: 0; pointer-events: none; transform: translate(0px, 0px);"
    tabindex="-1"
  >
    <div
      style="opacity: 0;"
    >
      Popover
    </div>
  </div>
</DocumentFragment>
`;

exports[`Popover component 
  appendToBody: false, trigger: "[ReactNode]", customStyle: {"width":{"required":true,"value":"150px"},"height":{"required":true,"value":"150px"}}, open: true, verticalOffset: 10, onToggle: "[Function]", position: "bottom-end"
 1`] = `
<DocumentFragment>
  <div>
    <div
      aria-controls=":ra:"
      aria-expanded="true"
      aria-haspopup="dialog"
      data-state="open"
    >
      <button
        class="Button Button--regular Button--basic Button--iconAlign-left"
        data-test="DesignSystem-PopoverTrigger"
        tabindex="0"
      >
        <span
          class="Button-text"
        >
          Open Popup
        </span>
      </button>
    </div>
  </div>
  <div
    class="Popover"
    data-floating-ui-focusable=""
    data-layer="true"
    data-opened="true"
    data-test="DesignSystem-Popover"
    id=":ra:"
    role="dialog"
    style="position: absolute; left: 0px; top: 0px; visibility: hidden; opacity: 0; pointer-events: none; transform: translate(0px, 0px);"
    tabindex="-1"
  >
    <div
      style="opacity: 0;"
    >
      Popover
    </div>
  </div>
</DocumentFragment>
`;

exports[`Popover component 
  appendToBody: false, trigger: "[ReactNode]", customStyle: {"width":{"required":true,"value":"150px"},"height":{"required":true,"value":"150px"}}, open: true, verticalOffset: 10, onToggle: "[Function]", position: "bottom-start"
 1`] = `
<DocumentFragment>
  <div>
    <div
      aria-controls=":r8:"
      aria-expanded="true"
      aria-haspopup="dialog"
      data-state="open"
    >
      <button
        class="Button Button--regular Button--basic Button--iconAlign-left"
        data-test="DesignSystem-PopoverTrigger"
        tabindex="0"
      >
        <span
          class="Button-text"
        >
          Open Popup
        </span>
      </button>
    </div>
  </div>
  <div
    class="Popover"
    data-floating-ui-focusable=""
    data-layer="true"
    data-opened="true"
    data-test="DesignSystem-Popover"
    id=":r8:"
    role="dialog"
    style="position: absolute; left: 0px; top: 0px; visibility: hidden; opacity: 0; pointer-events: none; transform: translate(0px, 0px);"
    tabindex="-1"
  >
    <div
      style="opacity: 0;"
    >
      Popover
    </div>
  </div>
</DocumentFragment>
`;

exports[`Popover component 
  appendToBody: false, trigger: "[ReactNode]", customStyle: {"width":{"required":true,"value":"150px"},"height":{"required":true,"value":"150px"}}, open: true, verticalOffset: 10, onToggle: "[Function]", position: "top"
 1`] = `
<DocumentFragment>
  <div>
    <div
      aria-controls=":r0:"
      aria-expanded="true"
      aria-haspopup="dialog"
      data-state="open"
    >
      <button
        class="Button Button--regular Button--basic Button--iconAlign-left"
        data-test="DesignSystem-PopoverTrigger"
        tabindex="0"
      >
        <span
          class="Button-text"
        >
          Open Popup
        </span>
      </button>
    </div>
  </div>
  <div
    class="Popover"
    data-floating-ui-focusable=""
    data-layer="true"
    data-opened="true"
    data-test="DesignSystem-Popover"
    id=":r0:"
    role="dialog"
    style="position: absolute; left: 0px; top: 0px; visibility: hidden; opacity: 0; pointer-events: none; transform: translate(0px, 0px);"
    tabindex="-1"
  >
    <div
      style="opacity: 0;"
    >
      Popover
    </div>
  </div>
</DocumentFragment>
`;

exports[`Popover component 
  appendToBody: false, trigger: "[ReactNode]", customStyle: {"width":{"required":true,"value":"150px"},"height":{"required":true,"value":"150px"}}, open: true, verticalOffset: 10, onToggle: "[Function]", position: "top-end"
 1`] = `
<DocumentFragment>
  <div>
    <div
      aria-controls=":r4:"
      aria-expanded="true"
      aria-haspopup="dialog"
      data-state="open"
    >
      <button
        class="Button Button--regular Button--basic Button--iconAlign-left"
        data-test="DesignSystem-PopoverTrigger"
        tabindex="0"
      >
        <span
          class="Button-text"
        >
          Open Popup
        </span>
      </button>
    </div>
  </div>
  <div
    class="Popover"
    data-floating-ui-focusable=""
    data-layer="true"
    data-opened="true"
    data-test="DesignSystem-Popover"
    id=":r4:"
    role="dialog"
    style="position: absolute; left: 0px; top: 0px; visibility: hidden; opacity: 0; pointer-events: none; transform: translate(0px, 0px);"
    tabindex="-1"
  >
    <div
      style="opacity: 0;"
    >
      Popover
    </div>
  </div>
</DocumentFragment>
`;

exports[`Popover component 
  appendToBody: false, trigger: "[ReactNode]", customStyle: {"width":{"required":true,"value":"150px"},"height":{"required":true,"value":"150px"}}, open: true, verticalOffset: 10, onToggle: "[Function]", position: "top-start"
 1`] = `
<DocumentFragment>
  <div>
    <div
      aria-controls=":r2:"
      aria-expanded="true"
      aria-haspopup="dialog"
      data-state="open"
    >
      <button
        class="Button Button--regular Button--basic Button--iconAlign-left"
        data-test="DesignSystem-PopoverTrigger"
        tabindex="0"
      >
        <span
          class="Button-text"
        >
          Open Popup
        </span>
      </button>
    </div>
  </div>
  <div
    class="Popover"
    data-floating-ui-focusable=""
    data-layer="true"
    data-opened="true"
    data-test="DesignSystem-Popover"
    id=":r2:"
    role="dialog"
    style="position: absolute; left: 0px; top: 0px; visibility: hidden; opacity: 0; pointer-events: none; transform: translate(0px, 0px);"
    tabindex="-1"
  >
    <div
      style="opacity: 0;"
    >
      Popover
    </div>
  </div>
</DocumentFragment>
`;
