// Jest Snapshot v1, https://goo.gl/fbAQLP

exports[`Popover component 
  appendToBody: false, trigger: "[ReactNode]", customStyle: {"width":{"required":true,"value":"150px"},"height":{"required":true,"value":"150px"}}, open: true, verticalOffset: 10, onToggle: "[Function]", dark: false, disabled: false
 1`] = `
<DocumentFragment>
  <div>
    <div
      aria-controls=":rr:"
      aria-expanded="true"
      aria-haspopup="dialog"
      data-state="open"
    >
      <button
        class="Button Button--regular Button--basic Button--iconAlign-left"
        data-test="DesignSystem-PopoverTrigger"
        tabindex="0"
      >
        <span
          class="Button-text"
        >
          Open Popup
        </span>
      </button>
    </div>
  </div>
</DocumentFragment>
`;

exports[`Popover component 
  appendToBody: false, trigger: "[ReactNode]", customStyle: {"width":{"required":true,"value":"150px"},"height":{"required":true,"value":"150px"}}, open: true, verticalOffset: 10, onToggle: "[Function]", dark: false, disabled: true
 1`] = `
<DocumentFragment>
  <div>
    <div
      aria-expanded="false"
      aria-haspopup="dialog"
      data-state="closed"
    >
      <button
        class="Button Button--regular Button--basic Button--iconAlign-left"
        data-test="DesignSystem-PopoverTrigger"
        tabindex="0"
      >
        <span
          class="Button-text"
        >
          Open Popup
        </span>
      </button>
    </div>
  </div>
</DocumentFragment>
`;

exports[`Popover component 
  appendToBody: false, trigger: "[ReactNode]", customStyle: {"width":{"required":true,"value":"150px"},"height":{"required":true,"value":"150px"}}, open: true, verticalOffset: 10, onToggle: "[Function]", dark: true, disabled: false
 1`] = `
<DocumentFragment>
  <div>
    <div
      aria-controls=":rl:"
      aria-expanded="true"
      aria-haspopup="dialog"
      data-state="open"
    >
      <button
        class="Button Button--regular Button--basic Button--iconAlign-left"
        data-test="DesignSystem-PopoverTrigger"
        tabindex="0"
      >
        <span
          class="Button-text"
        >
          Open Popup
        </span>
      </button>
    </div>
  </div>
</DocumentFragment>
`;

exports[`Popover component 
  appendToBody: false, trigger: "[ReactNode]", customStyle: {"width":{"required":true,"value":"150px"},"height":{"required":true,"value":"150px"}}, open: true, verticalOffset: 10, onToggle: "[Function]", dark: true, disabled: true
 1`] = `
<DocumentFragment>
  <div>
    <div
      aria-expanded="false"
      aria-haspopup="dialog"
      data-state="closed"
    >
      <button
        class="Button Button--regular Button--basic Button--iconAlign-left"
        data-test="DesignSystem-PopoverTrigger"
        tabindex="0"
      >
        <span
          class="Button-text"
        >
          Open Popup
        </span>
      </button>
    </div>
  </div>
</DocumentFragment>
`;

exports[`Popover component 
  appendToBody: false, trigger: "[ReactNode]", customStyle: {"width":{"required":true,"value":"150px"},"height":{"required":true,"value":"150px"}}, open: true, verticalOffset: 10, onToggle: "[Function]", position: "bottom"
 1`] = `
<DocumentFragment>
  <div>
    <div
      aria-controls=":r9:"
      aria-expanded="true"
      aria-haspopup="dialog"
      data-state="open"
    >
      <button
        class="Button Button--regular Button--basic Button--iconAlign-left"
        data-test="DesignSystem-PopoverTrigger"
        tabindex="0"
      >
        <span
          class="Button-text"
        >
          Open Popup
        </span>
      </button>
    </div>
  </div>
</DocumentFragment>
`;

exports[`Popover component 
  appendToBody: false, trigger: "[ReactNode]", customStyle: {"width":{"required":true,"value":"150px"},"height":{"required":true,"value":"150px"}}, open: true, verticalOffset: 10, onToggle: "[Function]", position: "bottom-end"
 1`] = `
<DocumentFragment>
  <div>
    <div
      aria-controls=":rf:"
      aria-expanded="true"
      aria-haspopup="dialog"
      data-state="open"
    >
      <button
        class="Button Button--regular Button--basic Button--iconAlign-left"
        data-test="DesignSystem-PopoverTrigger"
        tabindex="0"
      >
        <span
          class="Button-text"
        >
          Open Popup
        </span>
      </button>
    </div>
  </div>
</DocumentFragment>
`;

exports[`Popover component 
  appendToBody: false, trigger: "[ReactNode]", customStyle: {"width":{"required":true,"value":"150px"},"height":{"required":true,"value":"150px"}}, open: true, verticalOffset: 10, onToggle: "[Function]", position: "bottom-start"
 1`] = `
<DocumentFragment>
  <div>
    <div
      aria-controls=":rc:"
      aria-expanded="true"
      aria-haspopup="dialog"
      data-state="open"
    >
      <button
        class="Button Button--regular Button--basic Button--iconAlign-left"
        data-test="DesignSystem-PopoverTrigger"
        tabindex="0"
      >
        <span
          class="Button-text"
        >
          Open Popup
        </span>
      </button>
    </div>
  </div>
</DocumentFragment>
`;

exports[`Popover component 
  appendToBody: false, trigger: "[ReactNode]", customStyle: {"width":{"required":true,"value":"150px"},"height":{"required":true,"value":"150px"}}, open: true, verticalOffset: 10, onToggle: "[Function]", position: "top"
 1`] = `
<DocumentFragment>
  <div>
    <div
      aria-controls=":r0:"
      aria-expanded="true"
      aria-haspopup="dialog"
      data-state="open"
    >
      <button
        class="Button Button--regular Button--basic Button--iconAlign-left"
        data-test="DesignSystem-PopoverTrigger"
        tabindex="0"
      >
        <span
          class="Button-text"
        >
          Open Popup
        </span>
      </button>
    </div>
  </div>
</DocumentFragment>
`;

exports[`Popover component 
  appendToBody: false, trigger: "[ReactNode]", customStyle: {"width":{"required":true,"value":"150px"},"height":{"required":true,"value":"150px"}}, open: true, verticalOffset: 10, onToggle: "[Function]", position: "top-end"
 1`] = `
<DocumentFragment>
  <div>
    <div
      aria-controls=":r6:"
      aria-expanded="true"
      aria-haspopup="dialog"
      data-state="open"
    >
      <button
        class="Button Button--regular Button--basic Button--iconAlign-left"
        data-test="DesignSystem-PopoverTrigger"
        tabindex="0"
      >
        <span
          class="Button-text"
        >
          Open Popup
        </span>
      </button>
    </div>
  </div>
</DocumentFragment>
`;

exports[`Popover component 
  appendToBody: false, trigger: "[ReactNode]", customStyle: {"width":{"required":true,"value":"150px"},"height":{"required":true,"value":"150px"}}, open: true, verticalOffset: 10, onToggle: "[Function]", position: "top-start"
 1`] = `
<DocumentFragment>
  <div>
    <div
      aria-controls=":r3:"
      aria-expanded="true"
      aria-haspopup="dialog"
      data-state="open"
    >
      <button
        class="Button Button--regular Button--basic Button--iconAlign-left"
        data-test="DesignSystem-PopoverTrigger"
        tabindex="0"
      >
        <span
          class="Button-text"
        >
          Open Popup
        </span>
      </button>
    </div>
  </div>
</DocumentFragment>
`;
