// Jest Snapshot v1, https://goo.gl/fbAQLP

exports[`Menu component snapshot 
  open: false
 1`] = `
<body>
  <div>
    <div
      class="PopperWrapper-trigger"
    />
  </div>
</body>
`;

exports[`Menu component snapshot 
  open: true
 1`] = `
<body>
  <div>
    <div
      class="PopperWrapper-trigger"
    />
  </div>
  <div
    style="position: absolute; left: 0px; top: 0px; transform: translate(0px, 0px);"
  >
    <div
      class="Popover"
      data-layer="true"
      data-opened="true"
      data-placement="bottom-start"
      data-test="DesignSystem-Popover"
      style="width: 176px; position: absolute; left: 0px; top: 0px; margin-top: 4px; animation: popper-open- 120ms cubic-bezier(0, 0, 0.38, 0.9), popper-fade-in 120ms; overflow: hidden; transform: translate(0px, 0px); z-index: 501;"
    >
      <div
        class="Menu"
        data-test="DesignSystem-Menu-Wrapper"
        role="menu"
        style="max-height: 256px;"
      >
        <nav
          class="Listbox"
          data-test="DesignSystem-Menu-List"
        >
          <a
            class="Listbox-item-wrapper"
            data-test="DesignSystem-Menu-ListItem"
            role="menuitem"
            tabindex="-1"
          >
            <div
              class="Listbox-item Listbox-item--compressed Listbox-item--option Menu-Item"
              data-test="DesignSystem-Listbox-ItemWrapper"
              role="tablist"
              tabindex="-1"
            >
              Menu Item 1
            </div>
          </a>
          <a
            class="Listbox-item-wrapper"
            data-test="DesignSystem-Menu-ListItem"
            role="menuitem"
            tabindex="-1"
          >
            <div
              class="Listbox-item Listbox-item--compressed Listbox-item--option Menu-Item"
              data-test="DesignSystem-Listbox-ItemWrapper"
              role="tablist"
              tabindex="-1"
            >
              Menu Item 2
            </div>
          </a>
        </nav>
      </div>
    </div>
  </div>
</body>
`;

exports[`Menu component with Nesting snapshot 
  open: false
 1`] = `
<body>
  <div>
    <div
      class="PopperWrapper-trigger"
    />
  </div>
</body>
`;

exports[`Menu component with Nesting snapshot 
  open: true
 1`] = `
<body>
  <div>
    <div
      class="PopperWrapper-trigger"
    />
  </div>
  <div
    style="position: absolute; left: 0px; top: 0px; transform: translate(0px, 0px);"
  >
    <div
      class="Popover"
      data-layer="true"
      data-opened="true"
      data-placement="bottom-start"
      data-test="DesignSystem-Popover"
      style="width: 176px; position: absolute; left: 0px; top: 0px; margin-top: 4px; animation: popper-open- 120ms cubic-bezier(0, 0, 0.38, 0.9), popper-fade-in 120ms; overflow: hidden; transform: translate(0px, 0px); z-index: 501;"
    >
      <div
        class="Menu"
        data-test="DesignSystem-Menu-Wrapper"
        role="menu"
        style="max-height: 256px;"
      >
        <nav
          class="Listbox"
          data-test="DesignSystem-Menu-List"
        >
          <a
            class="Listbox-item-wrapper"
            data-test="DesignSystem-Menu-ListItem"
            role="menuitem"
            tabindex="-1"
          >
            <div
              class="Listbox-item Listbox-item--compressed Listbox-item--option Menu-Item"
              data-test="DesignSystem-Listbox-ItemWrapper"
              role="tablist"
              tabindex="-1"
            >
              Menu Item 1
            </div>
          </a>
          <a
            class="Listbox-item-wrapper"
            data-test="DesignSystem-Menu-ListItem"
            role="menuitem"
            tabindex="-1"
          >
            <div
              class="Listbox-item Listbox-item--compressed Listbox-item--option Menu-Item"
              data-test="DesignSystem-Listbox-ItemWrapper"
              role="tablist"
              tabindex="-1"
            >
              Menu Item 2
            </div>
          </a>
          <div
            class="PopperWrapper-trigger"
          >
            <a
              aria-controls="DesignSystem-Menu--Popover-Test-uid"
              aria-expanded="false"
              aria-haspopup="menu"
              class="Listbox-item-wrapper"
              data-test="DesignSystem-Menu-ListItem"
              id="DesignSystem-Menu--Trigger-Test-uid"
              role="menuitem"
              tabindex="-1"
            >
              <div
                class="Listbox-item Listbox-item--compressed Listbox-item--option Menu-Item d-flex align-items-center justify-content-between w-100"
                data-test="DesignSystem-Listbox-ItemWrapper"
                role="tablist"
                tabindex="-1"
              >
                Menu Item 3
                <i
                  class="material-symbols material-symbols-rounded Icon"
                  data-test="DesignSystem-Icon"
                  role="button"
                  style="font-size: 16px; width: 16px;"
                >
                  chevron_right
                </i>
              </div>
            </a>
          </div>
        </nav>
      </div>
    </div>
  </div>
</body>
`;

exports[`Menu component with Trigger snapshot 
  open: false
 1`] = `
<body>
  <div>
    <div
      class="PopperWrapper-trigger"
    >
      <button
        aria-expanded="false"
        aria-haspopup="true"
        aria-label="Open menu"
        class="Button Button--regular Button--regularSquare Button--basic"
        data-test="DesignSystem-Menu-Trigger"
        tabindex="0"
      >
        <div
          class="Button-icon"
          data-test="DesignSystem-Button--Icon-Wrapper"
        >
          <i
            class="material-symbols material-symbols-rounded Icon"
            data-test="DesignSystem-Button--Icon"
            role="button"
            style="font-size: 16px; width: 16px;"
          >
            more_horiz
          </i>
        </div>
      </button>
    </div>
  </div>
</body>
`;

exports[`Menu component with Trigger snapshot 
  open: true
 1`] = `
<body>
  <div>
    <div
      class="PopperWrapper-trigger"
    >
      <button
        aria-expanded="true"
        aria-haspopup="true"
        aria-label="Open menu"
        class="Button Button--regular Button--regularSquare Button--basic Menu-Trigger--active"
        data-test="DesignSystem-Menu-Trigger"
        tabindex="0"
      >
        <div
          class="Button-icon"
          data-test="DesignSystem-Button--Icon-Wrapper"
        >
          <i
            class="material-symbols material-symbols-rounded Icon"
            data-test="DesignSystem-Button--Icon"
            role="button"
            style="font-size: 16px; width: 16px;"
          >
            more_horiz
          </i>
        </div>
      </button>
    </div>
  </div>
  <div
    style="position: absolute; left: 0px; top: 0px; transform: translate(0px, 0px);"
  >
    <div
      class="Popover"
      data-layer="true"
      data-opened="true"
      data-placement="bottom-start"
      data-test="DesignSystem-Popover"
      style="width: 176px; position: absolute; left: 0px; top: 0px; margin-top: 4px; animation: popper-open- 120ms cubic-bezier(0, 0, 0.38, 0.9), popper-fade-in 120ms; overflow: hidden; transform: translate(0px, 0px); z-index: 501;"
    >
      <div
        class="Menu"
        data-test="DesignSystem-Menu-Wrapper"
        role="menu"
        style="max-height: 256px;"
      >
        <nav
          class="Listbox"
          data-test="DesignSystem-Menu-List"
        >
          <a
            class="Listbox-item-wrapper"
            data-test="DesignSystem-Menu-ListItem"
            role="menuitem"
            tabindex="-1"
          >
            <div
              class="Listbox-item Listbox-item--compressed Listbox-item--option Menu-Item"
              data-test="DesignSystem-Listbox-ItemWrapper"
              role="tablist"
              tabindex="-1"
            >
              Menu Item 1
            </div>
          </a>
          <a
            class="Listbox-item-wrapper"
            data-test="DesignSystem-Menu-ListItem"
            role="menuitem"
            tabindex="-1"
          >
            <div
              class="Listbox-item Listbox-item--compressed Listbox-item--option Menu-Item"
              data-test="DesignSystem-Listbox-ItemWrapper"
              role="tablist"
              tabindex="-1"
            >
              Menu Item 2
            </div>
          </a>
        </nav>
      </div>
    </div>
  </div>
</body>
`;
