// Jest Snapshot v1, https://goo.gl/fbAQLP

exports[`ProgressBar component 
  value: 10, size: "regular", state: "default"
 1`] = `
<body>
  <div>
    <div
      class="ProgressBar ProgressBar-indicator--regular"
      data-test="DesignSystem-ProgressBar"
    >
      <div
        class="ProgressBar-indicator"
        data-test="DesignSystem-ProgressBar-Indicator"
        style="width: 10%;"
      />
    </div>
  </div>
</body>
`;

exports[`ProgressBar component 
  value: 10, size: "regular", state: "indeterminate"
 1`] = `
<body>
  <div>
    <div
      class="ProgressBar ProgressBar-indicator--regular position-relative overflow-hidden"
      data-test="DesignSystem-ProgressBar"
    >
      <div
        class="ProgressBar-indicator ProgressBar-indicator--indeterminate"
        data-test="DesignSystem-ProgressBar-Indicator"
      />
    </div>
  </div>
</body>
`;

exports[`ProgressBar component 
  value: 10, size: "small", state: "default"
 1`] = `
<body>
  <div>
    <div
      class="ProgressBar ProgressBar-indicator--small"
      data-test="DesignSystem-ProgressBar"
    >
      <div
        class="ProgressBar-indicator"
        data-test="DesignSystem-ProgressBar-Indicator"
        style="width: 10%;"
      />
    </div>
  </div>
</body>
`;

exports[`ProgressBar component 
  value: 10, size: "small", state: "indeterminate"
 1`] = `
<body>
  <div>
    <div
      class="ProgressBar ProgressBar-indicator--small position-relative overflow-hidden"
      data-test="DesignSystem-ProgressBar"
    >
      <div
        class="ProgressBar-indicator ProgressBar-indicator--indeterminate"
        data-test="DesignSystem-ProgressBar-Indicator"
      />
    </div>
  </div>
</body>
`;
