// Jest Snapshot v1, https://goo.gl/fbAQLP

exports[`Stepper component 
  steps: [{"label":"Step A","value":"Step1"},{"label":"Step B","value":"Step2"},{"label":"Step C","value":"Step3"},{"label":"Step D","value":"Step4"}], active: 1, completed: 0, onChange: "[Function]"
 1`] = `
<DocumentFragment>
  <div
    class="Stepper"
    data-test="DesignSystem-Stepper"
  >
    <div
      class="Step Stepper-animate Step--completed"
      data-test="DesignSystem-Step"
      tabindex="0"
    >
      <i
        class="material-symbols material-symbols-rounded Icon mr-3 my-4 Stepper-animate"
        data-test="DesignSystem-Step--Icon"
        role="button"
        style="font-size: 16px; width: 16px;"
      >
        check_circle
      </i>
      <span
        class="Text Text--medium Text--regular color-inverse Stepper-animate Stepper-text"
        data-test="DesignSystem-Text"
      >
        Step A
      </span>
    </div>
    <div
      class="Step Stepper-animate Step--active"
      data-test="DesignSystem-Step"
      tabindex="0"
    >
      <i
        class="material-symbols material-symbols-outlined Icon mr-3 my-4 Stepper-animate"
        data-test="DesignSystem-Step--Icon"
        role="button"
        style="font-size: 16px; width: 16px;"
      >
        radio_button_unchecked
      </i>
      <span
        class="Text Text--medium Text--regular color-primary-dark Stepper-animate Stepper-text"
        data-test="DesignSystem-Text"
      >
        Step B
      </span>
    </div>
    <div
      class="Step Stepper-animate Step--disabled"
      data-test="DesignSystem-Step"
      tabindex="-1"
    >
      <i
        class="material-symbols material-symbols-outlined Icon mr-3 my-4 Stepper-animate"
        data-test="DesignSystem-Step--Icon"
        role="button"
        style="font-size: 16px; width: 16px;"
      >
        radio_button_unchecked
      </i>
      <span
        class="Text Text--medium Text--regular color-inverse-lightest Stepper-animate Stepper-text"
        data-test="DesignSystem-Text"
      >
        Step C
      </span>
    </div>
    <div
      class="Step Stepper-animate Step--disabled"
      data-test="DesignSystem-Step"
      tabindex="-1"
    >
      <i
        class="material-symbols material-symbols-outlined Icon mr-3 my-4 Stepper-animate"
        data-test="DesignSystem-Step--Icon"
        role="button"
        style="font-size: 16px; width: 16px;"
      >
        radio_button_unchecked
      </i>
      <span
        class="Text Text--medium Text--regular color-inverse-lightest Stepper-animate Stepper-text"
        data-test="DesignSystem-Text"
      >
        Step D
      </span>
    </div>
  </div>
</DocumentFragment>
`;
