// Jest Snapshot v1, https://goo.gl/fbAQLP

exports[`TS renders children 1`] = `
<DocumentFragment>
  <span
    class="Mds-Avatar Mds-Avatar--regular Mds-Avatar--secondary Mds-Avatar--disabled Mds-overflow-hidden"
    data-test="DesignSystem-Avatar"
  >
    <i
      class="material-icons material-icons-round Icon Icon--white Mds-Avatar-content--secondary"
      data-test="DesignSystem-Avatar--Icon"
      role="button"
      style="font-size: 16px; width: 16px;"
    >
      person_round
    </i>
  </span>
  <span
    class="Mds-Badge Mds-Badge--secondary"
    data-test="DesignSystem-Badge"
    role="status"
  >
    Badge
  </span>
  <b
    data-test="DesignSystem-Bold"
  >
    Hello World!
  </b>
  <button
    class="Mds-Button Mds-Button--regular Mds-Button--regularSquare Mds-Button--basic"
    data-test="DesignSystem-Button"
    tabindex="0"
  />
  <i
    data-test="DesignSystem-Italic"
  >
    Hello World!
  </i>
  <p
    class="Text Text--default"
    data-test="DesignSystem-Paragraph"
  >
    Hello World!
  </p>
  <span
    class="Mds-Pills Mds-Badge--secondary"
    data-test="DesignSystem-Pills"
    role="status"
  >
    Hello World!
  </span>
  <s
    data-test="DesignSystem-Strikethrough"
  >
    Hello World!
  </s>
  <u
    data-test="DesignSystem-Underline"
  >
    Hello World!
  </u>
</DocumentFragment>
`;
