// Jest Snapshot v1, https://goo.gl/fbAQLP

exports[`Caption component 
  error: false
 1`] = `
<body>
  <div>
    <div
      class="Caption"
      data-test="DesignSystem-Caption"
    >
      <span
        class="Text Text--subtle Text--medium Text--small"
        data-test="DesignSystem-Text"
      >
        Caption
      </span>
    </div>
  </div>
</body>
`;

exports[`Caption component 
  error: true
 1`] = `
<body>
  <div>
    <div
      class="Caption"
      data-test="DesignSystem-Caption"
    >
      <span
        class="Text Text--subtle Text--medium Text--small"
        data-test="DesignSystem-Text"
      >
        Caption
      </span>
    </div>
  </div>
</body>
`;
