// Jest Snapshot v1, https://goo.gl/fbAQLP

exports[`DatePicker component 
  open: false
 1`] = `
<Popover
  appendToBody={true}
  closeOnBackdropClick={true}
  customStyle={Object {}}
  on="click"
  onToggle={[Function]}
  open={false}
  position="bottom-start"
  trigger={
    <InputMask
      caption=""
      icon="events"
      mask={
        Array [
          /\\[01\\]/,
          /\\\\d/,
          "/",
          /\\[0123\\]/,
          /\\\\d/,
          "/",
          /\\\\d/,
          /\\\\d/,
          /\\\\d/,
          /\\\\d/,
        ]
      }
      onBlur={[Function]}
      onChange={[Function]}
      onClear={[Function]}
      onFocus={[Function]}
      placeholder="mm/dd/yyyy"
      validators={
        Array [
          [Function],
        ]
      }
      value="03/01/2020"
    />
  }
  triggerClass="w-100"
>
  <Calendar
    date={2020-03-01T00:00:00.000Z}
    firstDayOfWeek="sunday"
    monthsInView={1}
    onDateChange={[Function]}
    view="date"
  />
</Popover>
`;

exports[`DatePicker component 
  open: true
 1`] = `
<Popover
  appendToBody={true}
  closeOnBackdropClick={true}
  customStyle={Object {}}
  on="click"
  onToggle={[Function]}
  open={true}
  position="bottom-start"
  trigger={
    <InputMask
      caption=""
      icon="events"
      mask={
        Array [
          /\\[01\\]/,
          /\\\\d/,
          "/",
          /\\[0123\\]/,
          /\\\\d/,
          "/",
          /\\\\d/,
          /\\\\d/,
          /\\\\d/,
          /\\\\d/,
        ]
      }
      onBlur={[Function]}
      onChange={[Function]}
      onClear={[Function]}
      onFocus={[Function]}
      placeholder="mm/dd/yyyy"
      validators={
        Array [
          [Function],
        ]
      }
      value="03/01/2020"
    />
  }
  triggerClass="w-100"
>
  <Calendar
    date={2020-03-01T00:00:00.000Z}
    firstDayOfWeek="sunday"
    monthsInView={1}
    onDateChange={[Function]}
    view="date"
  />
</Popover>
`;

exports[`DatePicker component 
  view: "date"
 1`] = `
<Calendar
  date={2020-03-01T00:00:00.000Z}
  firstDayOfWeek="sunday"
  monthsInView={1}
  onDateChange={[Function]}
  view="date"
/>
`;

exports[`DatePicker component 
  view: "month"
 1`] = `
<Calendar
  date={2020-03-01T00:00:00.000Z}
  firstDayOfWeek="sunday"
  monthsInView={1}
  onDateChange={[Function]}
  view="month"
/>
`;

exports[`DatePicker component 
  view: "year"
 1`] = `
<Calendar
  date={2020-03-01T00:00:00.000Z}
  firstDayOfWeek="sunday"
  monthsInView={1}
  onDateChange={[Function]}
  view="year"
/>
`;

exports[`DatePicker component 
  withInput: false
 1`] = `
<Calendar
  date={2020-03-01T00:00:00.000Z}
  firstDayOfWeek="sunday"
  monthsInView={1}
  onDateChange={[Function]}
  view="date"
/>
`;

exports[`DatePicker component 
  withInput: true
 1`] = `
<Popover
  appendToBody={true}
  closeOnBackdropClick={true}
  customStyle={Object {}}
  on="click"
  onToggle={[Function]}
  open={false}
  position="bottom-start"
  trigger={
    <InputMask
      caption=""
      icon="events"
      mask={
        Array [
          /\\[01\\]/,
          /\\\\d/,
          "/",
          /\\[0123\\]/,
          /\\\\d/,
          "/",
          /\\\\d/,
          /\\\\d/,
          /\\\\d/,
          /\\\\d/,
        ]
      }
      onBlur={[Function]}
      onChange={[Function]}
      onClear={[Function]}
      onFocus={[Function]}
      placeholder="mm/dd/yyyy"
      validators={
        Array [
          [Function],
        ]
      }
      value="03/01/2020"
    />
  }
  triggerClass="w-100"
>
  <Calendar
    date={2020-03-01T00:00:00.000Z}
    firstDayOfWeek="sunday"
    monthsInView={1}
    onDateChange={[Function]}
    view="date"
  />
</Popover>
`;
