// Jest Snapshot v1, https://goo.gl/fbAQLP

exports[`DatePicker component 
  open: false
 1`] = `
<Popover
  appendToBody={true}
  closeOnBackdropClick={true}
  customStyle={Object {}}
  hideOnReferenceEscape={true}
  on="click"
  onToggle={[Function]}
  open={false}
  position="bottom-start"
  trigger={
    <Unknown
      inputFormat="mm/dd/yyyy"
      inputOptions={Object {}}
      setState={[Function]}
      state={
        Object {
          "date": 2020-03-01T00:00:00.000Z,
          "error": false,
          "init": false,
          "open": false,
        }
      }
      validators={
        Array [
          [Function],
        ]
      }
    />
  }
  triggerClass="w-100"
>
  <Calendar
    date={2020-03-01T00:00:00.000Z}
    firstDayOfWeek="sunday"
    monthsInView={1}
    onDateChange={[Function]}
    view="date"
  />
</Popover>
`;

exports[`DatePicker component 
  open: true
 1`] = `
<Popover
  appendToBody={true}
  closeOnBackdropClick={true}
  customStyle={Object {}}
  hideOnReferenceEscape={true}
  on="click"
  onToggle={[Function]}
  open={true}
  position="bottom-start"
  trigger={
    <Unknown
      inputFormat="mm/dd/yyyy"
      inputOptions={Object {}}
      setState={[Function]}
      state={
        Object {
          "date": 2020-03-01T00:00:00.000Z,
          "error": false,
          "init": false,
          "open": true,
        }
      }
      validators={
        Array [
          [Function],
        ]
      }
    />
  }
  triggerClass="w-100"
>
  <Calendar
    date={2020-03-01T00:00:00.000Z}
    firstDayOfWeek="sunday"
    monthsInView={1}
    onDateChange={[Function]}
    view="date"
  />
</Popover>
`;

exports[`DatePicker component 
  view: "date"
 1`] = `
<Calendar
  date={2020-03-01T00:00:00.000Z}
  firstDayOfWeek="sunday"
  monthsInView={1}
  onDateChange={[Function]}
  view="date"
/>
`;

exports[`DatePicker component 
  view: "month"
 1`] = `
<Calendar
  date={2020-03-01T00:00:00.000Z}
  firstDayOfWeek="sunday"
  monthsInView={1}
  onDateChange={[Function]}
  view="month"
/>
`;

exports[`DatePicker component 
  view: "year"
 1`] = `
<Calendar
  date={2020-03-01T00:00:00.000Z}
  firstDayOfWeek="sunday"
  monthsInView={1}
  onDateChange={[Function]}
  view="year"
/>
`;

exports[`DatePicker component 
  withInput: false
 1`] = `
<Calendar
  date={2020-03-01T00:00:00.000Z}
  firstDayOfWeek="sunday"
  monthsInView={1}
  onDateChange={[Function]}
  view="date"
/>
`;

exports[`DatePicker component 
  withInput: true
 1`] = `
<Popover
  appendToBody={true}
  closeOnBackdropClick={true}
  customStyle={Object {}}
  hideOnReferenceEscape={true}
  on="click"
  onToggle={[Function]}
  open={false}
  position="bottom-start"
  trigger={
    <Unknown
      inputFormat="mm/dd/yyyy"
      inputOptions={Object {}}
      setState={[Function]}
      state={
        Object {
          "date": 2020-03-01T00:00:00.000Z,
          "error": false,
          "init": false,
          "open": false,
        }
      }
      validators={
        Array [
          [Function],
        ]
      }
    />
  }
  triggerClass="w-100"
>
  <Calendar
    date={2020-03-01T00:00:00.000Z}
    firstDayOfWeek="sunday"
    monthsInView={1}
    onDateChange={[Function]}
    view="date"
  />
</Popover>
`;
