// Jest Snapshot v1, https://goo.gl/fbAQLP

exports[`Chip component 
  label: "ChipLabel", icon: "events", clearButton: false, disabled: false, selected: false, name: "Chip", onclose: "[Function]", onClick: "[Function]"
 1`] = `
<body>
  <div>
    <div
      class="Chip-wrapper"
      data-test="DesignSystem-GenericChip--Wrapper"
      role="button"
      style="max-width: var(--spacing-640);"
      tabindex="0"
    >
      <i
        class="material-symbols material-symbols-rounded Icon Icon--inverse Chip-icon Chip-icon--left"
        data-test="DesignSystem-GenericChip--Icon"
        role="button"
        style="font-size: 16px; width: 16px;"
      >
        events
      </i>
      <div
        class="Chip-text--truncate"
      >
        <span
          class="Text Text--regular color-inverse Chip-text"
          data-test="DesignSystem-GenericChip--Text"
        >
          ChipLabel
        </span>
      </div>
    </div>
  </div>
</body>
`;

exports[`Chip component 
  label: "ChipLabel", icon: "events", clearButton: false, disabled: false, selected: true, name: "Chip", onclose: "[Function]", onClick: "[Function]"
 1`] = `
<body>
  <div>
    <div
      class="Chip-wrapper"
      data-test="DesignSystem-GenericChip--Wrapper"
      role="button"
      style="max-width: var(--spacing-640);"
      tabindex="0"
    >
      <i
        class="material-symbols material-symbols-rounded Icon Icon--primaryDark Chip-icon Chip-icon--left"
        data-test="DesignSystem-GenericChip--Icon"
        role="button"
        style="font-size: 16px; width: 16px;"
      >
        events
      </i>
      <div
        class="Chip-text--truncate"
      >
        <span
          class="Text Text--regular color-primary-dark Chip-text"
          data-test="DesignSystem-GenericChip--Text"
        >
          ChipLabel
        </span>
      </div>
    </div>
  </div>
</body>
`;

exports[`Chip component 
  label: "ChipLabel", icon: "events", clearButton: false, disabled: true, selected: false, name: "Chip", onclose: "[Function]", onClick: "[Function]"
 1`] = `
<body>
  <div>
    <div
      class="Chip-wrapper"
      data-test="DesignSystem-GenericChip--Wrapper"
      role="button"
      style="max-width: var(--spacing-640);"
      tabindex="-1"
    >
      <i
        class="material-symbols material-symbols-rounded Icon Icon--inverse Chip-icon Chip-icon--left"
        data-test="DesignSystem-GenericChip--Icon"
        role="button"
        style="font-size: 16px; width: 16px;"
      >
        events
      </i>
      <div
        class="Chip-text--truncate"
      >
        <span
          class="Text Text--default Text--regular Chip-text"
          data-test="DesignSystem-GenericChip--Text"
        >
          ChipLabel
        </span>
      </div>
    </div>
  </div>
</body>
`;

exports[`Chip component 
  label: "ChipLabel", icon: "events", clearButton: false, disabled: true, selected: true, name: "Chip", onclose: "[Function]", onClick: "[Function]"
 1`] = `
<body>
  <div>
    <div
      class="Chip-wrapper"
      data-test="DesignSystem-GenericChip--Wrapper"
      role="button"
      style="max-width: var(--spacing-640);"
      tabindex="-1"
    >
      <i
        class="material-symbols material-symbols-rounded Icon Icon--primaryDark Chip-icon Chip-icon--left"
        data-test="DesignSystem-GenericChip--Icon"
        role="button"
        style="font-size: 16px; width: 16px;"
      >
        events
      </i>
      <div
        class="Chip-text--truncate"
      >
        <span
          class="Text Text--regular color-primary-dark Chip-text"
          data-test="DesignSystem-GenericChip--Text"
        >
          ChipLabel
        </span>
      </div>
    </div>
  </div>
</body>
`;

exports[`Chip component 
  label: "ChipLabel", icon: "events", clearButton: true, disabled: false, selected: false, name: "Chip", onclose: "[Function]", onClick: "[Function]"
 1`] = `
<body>
  <div>
    <div
      class="Chip-wrapper"
      data-test="DesignSystem-GenericChip--Wrapper"
      role="button"
      style="max-width: var(--spacing-640);"
      tabindex="0"
    >
      <i
        class="material-symbols material-symbols-rounded Icon Icon--inverse Chip-icon Chip-icon--left"
        data-test="DesignSystem-GenericChip--Icon"
        role="button"
        style="font-size: 16px; width: 16px;"
      >
        events
      </i>
      <div
        class="Chip-text--truncate"
      >
        <span
          class="Text Text--regular color-inverse Chip-text"
          data-test="DesignSystem-GenericChip--Text"
        >
          ChipLabel
        </span>
      </div>
      <div
        class="Chip-icon Chip-icon--right cursor-pointer"
        data-test="DesignSystem-GenericChip--clearButton"
        role="button"
        tabindex="0"
      >
        <i
          class="material-symbols material-symbols-rounded Icon Icon--subtle p-2"
          data-test="DesignSystem-Icon"
          role="button"
          style="font-size: 16px; width: 16px;"
        >
          clear
        </i>
      </div>
    </div>
  </div>
</body>
`;

exports[`Chip component 
  label: "ChipLabel", icon: "events", clearButton: true, disabled: false, selected: true, name: "Chip", onclose: "[Function]", onClick: "[Function]"
 1`] = `
<body>
  <div>
    <div
      class="Chip-wrapper"
      data-test="DesignSystem-GenericChip--Wrapper"
      role="button"
      style="max-width: var(--spacing-640);"
      tabindex="0"
    >
      <i
        class="material-symbols material-symbols-rounded Icon Icon--primaryDark Chip-icon Chip-icon--left"
        data-test="DesignSystem-GenericChip--Icon"
        role="button"
        style="font-size: 16px; width: 16px;"
      >
        events
      </i>
      <div
        class="Chip-text--truncate"
      >
        <span
          class="Text Text--regular color-primary-dark Chip-text"
          data-test="DesignSystem-GenericChip--Text"
        >
          ChipLabel
        </span>
      </div>
      <div
        class="Chip-icon Chip-icon--right cursor-pointer Chip-icon--selected"
        data-test="DesignSystem-GenericChip--clearButton"
        role="button"
        tabindex="0"
      >
        <i
          class="material-symbols material-symbols-rounded Icon Icon--primaryDark p-2"
          data-test="DesignSystem-Icon"
          role="button"
          style="font-size: 16px; width: 16px;"
        >
          clear
        </i>
      </div>
    </div>
  </div>
</body>
`;

exports[`Chip component 
  label: "ChipLabel", icon: "events", clearButton: true, disabled: true, selected: false, name: "Chip", onclose: "[Function]", onClick: "[Function]"
 1`] = `
<body>
  <div>
    <div
      class="Chip-wrapper"
      data-test="DesignSystem-GenericChip--Wrapper"
      role="button"
      style="max-width: var(--spacing-640);"
      tabindex="-1"
    >
      <i
        class="material-symbols material-symbols-rounded Icon Icon--inverse Chip-icon Chip-icon--left"
        data-test="DesignSystem-GenericChip--Icon"
        role="button"
        style="font-size: 16px; width: 16px;"
      >
        events
      </i>
      <div
        class="Chip-text--truncate"
      >
        <span
          class="Text Text--default Text--regular Chip-text"
          data-test="DesignSystem-GenericChip--Text"
        >
          ChipLabel
        </span>
      </div>
      <div
        class="Chip-icon Chip-icon--right Chip-icon-disabled--right"
        data-test="DesignSystem-GenericChip--clearButton"
        role="button"
        tabindex="-1"
      >
        <i
          class="material-symbols material-symbols-rounded Icon Icon--subtle p-2"
          data-test="DesignSystem-Icon"
          role="button"
          style="font-size: 16px; width: 16px;"
        >
          clear
        </i>
      </div>
    </div>
  </div>
</body>
`;

exports[`Chip component 
  label: "ChipLabel", icon: "events", clearButton: true, disabled: true, selected: true, name: "Chip", onclose: "[Function]", onClick: "[Function]"
 1`] = `
<body>
  <div>
    <div
      class="Chip-wrapper"
      data-test="DesignSystem-GenericChip--Wrapper"
      role="button"
      style="max-width: var(--spacing-640);"
      tabindex="-1"
    >
      <i
        class="material-symbols material-symbols-rounded Icon Icon--primaryDark Chip-icon Chip-icon--left"
        data-test="DesignSystem-GenericChip--Icon"
        role="button"
        style="font-size: 16px; width: 16px;"
      >
        events
      </i>
      <div
        class="Chip-text--truncate"
      >
        <span
          class="Text Text--regular color-primary-dark Chip-text"
          data-test="DesignSystem-GenericChip--Text"
        >
          ChipLabel
        </span>
      </div>
      <div
        class="Chip-icon Chip-icon--right Chip-icon-disabled--right Chip-icon--selected"
        data-test="DesignSystem-GenericChip--clearButton"
        role="button"
        tabindex="-1"
      >
        <i
          class="material-symbols material-symbols-rounded Icon Icon--primaryDark p-2"
          data-test="DesignSystem-Icon"
          role="button"
          style="font-size: 16px; width: 16px;"
        >
          clear
        </i>
      </div>
    </div>
  </div>
</body>
`;
