// Jest Snapshot v1, https://goo.gl/fbAQLP

exports[`Avatar component 
  children: "JD"
 1`] = `
<span
  className="Avatar Avatar--primary"
>
  JD
</span>
`;

exports[`Avatar component 
  children: "JD", appearance: "accent1"
 1`] = `
<span
  className="Avatar Avatar--accent1"
>
  JD
</span>
`;

exports[`Avatar component 
  children: "JD", appearance: "accent2"
 1`] = `
<span
  className="Avatar Avatar--accent2"
>
  JD
</span>
`;

exports[`Avatar component 
  children: "JD", appearance: "accent3"
 1`] = `
<span
  className="Avatar Avatar--accent3"
>
  JD
</span>
`;

exports[`Avatar component 
  children: "JD", appearance: "accent4"
 1`] = `
<span
  className="Avatar Avatar--accent4"
>
  JD
</span>
`;

exports[`Avatar component 
  children: "JD", appearance: "alert"
 1`] = `
<span
  className="Avatar Avatar--alert"
>
  JD
</span>
`;

exports[`Avatar component 
  children: "JD", appearance: "primary"
 1`] = `
<span
  className="Avatar Avatar--primary"
>
  JD
</span>
`;

exports[`Avatar component 
  children: "JD", appearance: "success"
 1`] = `
<span
  className="Avatar Avatar--success"
>
  JD
</span>
`;

exports[`Avatar component 
  children: "JD", appearance: "warning"
 1`] = `
<span
  className="Avatar Avatar--warning"
>
  JD
</span>
`;
