// Jest Snapshot v1, https://goo.gl/fbAQLP

exports[`Tooltip component 
  position: "bottom", tooltip: "Sample string"
 1`] = `
<body>
  <div>
    <div
      class="PopperWrapper-trigger"
    >
      <button
        class="Button Button--regular Button--basic Button--iconAlign-left"
        data-test="DesignSystem-Button"
        tabindex="0"
      >
        <span
          class="Button-text"
        >
          Button
        </span>
      </button>
    </div>
  </div>
</body>
`;

exports[`Tooltip component 
  position: "bottom-end", tooltip: "Sample string"
 1`] = `
<body>
  <div>
    <div
      class="PopperWrapper-trigger"
    >
      <button
        class="Button Button--regular Button--basic Button--iconAlign-left"
        data-test="DesignSystem-Button"
        tabindex="0"
      >
        <span
          class="Button-text"
        >
          Button
        </span>
      </button>
    </div>
  </div>
</body>
`;

exports[`Tooltip component 
  position: "bottom-start", tooltip: "Sample string"
 1`] = `
<body>
  <div>
    <div
      class="PopperWrapper-trigger"
    >
      <button
        class="Button Button--regular Button--basic Button--iconAlign-left"
        data-test="DesignSystem-Button"
        tabindex="0"
      >
        <span
          class="Button-text"
        >
          Button
        </span>
      </button>
    </div>
  </div>
</body>
`;

exports[`Tooltip component 
  position: "left", tooltip: "Sample string"
 1`] = `
<body>
  <div>
    <div
      class="PopperWrapper-trigger"
    >
      <button
        class="Button Button--regular Button--basic Button--iconAlign-left"
        data-test="DesignSystem-Button"
        tabindex="0"
      >
        <span
          class="Button-text"
        >
          Button
        </span>
      </button>
    </div>
  </div>
</body>
`;

exports[`Tooltip component 
  position: "right", tooltip: "Sample string"
 1`] = `
<body>
  <div>
    <div
      class="PopperWrapper-trigger"
    >
      <button
        class="Button Button--regular Button--basic Button--iconAlign-left"
        data-test="DesignSystem-Button"
        tabindex="0"
      >
        <span
          class="Button-text"
        >
          Button
        </span>
      </button>
    </div>
  </div>
</body>
`;

exports[`Tooltip component 
  position: "top", tooltip: "Sample string"
 1`] = `
<body>
  <div>
    <div
      class="PopperWrapper-trigger"
    >
      <button
        class="Button Button--regular Button--basic Button--iconAlign-left"
        data-test="DesignSystem-Button"
        tabindex="0"
      >
        <span
          class="Button-text"
        >
          Button
        </span>
      </button>
    </div>
  </div>
</body>
`;

exports[`Tooltip component 
  position: "top-end", tooltip: "Sample string"
 1`] = `
<body>
  <div>
    <div
      class="PopperWrapper-trigger"
    >
      <button
        class="Button Button--regular Button--basic Button--iconAlign-left"
        data-test="DesignSystem-Button"
        tabindex="0"
      >
        <span
          class="Button-text"
        >
          Button
        </span>
      </button>
    </div>
  </div>
</body>
`;

exports[`Tooltip component 
  position: "top-start", tooltip: "Sample string"
 1`] = `
<body>
  <div>
    <div
      class="PopperWrapper-trigger"
    >
      <button
        class="Button Button--regular Button--basic Button--iconAlign-left"
        data-test="DesignSystem-Button"
        tabindex="0"
      >
        <span
          class="Button-text"
        >
          Button
        </span>
      </button>
    </div>
  </div>
</body>
`;

exports[`Tooltip component should not render tooltip when showTooltip is false 1`] = `
<body>
  <div>
    <button
      class="Button Button--regular Button--basic Button--iconAlign-left"
      data-test="DesignSystem-Button"
      tabindex="0"
    >
      <span
        class="Button-text"
      >
        Button
      </span>
    </button>
  </div>
</body>
`;
