// Jest Snapshot v1, https://goo.gl/fbAQLP

exports[`EmptyState component 
  size: "compressed"
 1`] = `
<body>
  <div>
    <div
      class="d-flex justify-content-center align-item-center w-100 h-100"
    >
      <div
        class="EmptyState-Wrapper"
        data-test="DesignSystem-EmptyState--Wrapper"
        style="max-width: 400px;"
      >
        <span
          class="Text Text--default Text--medium Text--large EmptyState-text EmptyState-title--compressed"
          data-test="DesignSystem-EmptyState--Heading"
        >
          title must be passed here
        </span>
        <span
          class="Text Text--subtle Text--regular EmptyState-text mt-3"
          data-test="DesignSystem-EmptyState--Text"
        >
          Description must be passed here
        </span>
        <div
          class="d-flex justify-content-center"
          style="max-height: 150px;"
        >
          <i
            class="material-symbols material-symbols-rounded Icon"
            data-test="DesignSystem-Icon"
            role="button"
            style="font-size: 32px; width: 32px;"
          >
            events
          </i>
        </div>
        <div
          class="EmptyState-actions--compressed EmptyState-actions"
          data-test="DesignSystem-EmptyState--Actions"
        >
          <button
            class="Button Button--regular Button--basic Button--iconAlign-left"
            data-test="DesignSystem-Button"
            tabindex="0"
          >
            <span
              class="Button-text"
            >
              click me
            </span>
          </button>
        </div>
      </div>
    </div>
  </div>
</body>
`;

exports[`EmptyState component 
  size: "large", title: "Manage your outreach campaigns", description: "Campaigns let you reach out to patients with text messages, emails and voice calls", imageSrc: "noContent"
 1`] = `
<body>
  <div>
    <div
      class="EmptyState"
      data-test="DesignSystem-EmptyState"
    >
      <img
        data-test="DesignSystem-EmptyState--Img"
        height="256px"
        src="noContent"
      />
      <h3
        class="Heading Heading--l Heading--default EmptyState-title EmptyState-title--large"
        data-test="DesignSystem-EmptyState--Heading"
      >
        Manage your outreach campaigns
      </h3>
      <span
        class="Text Text--subtle Text--large EmptyState-description"
        data-test="DesignSystem-EmptyState--Text"
      >
        Campaigns let you reach out to patients with text messages, emails and voice calls
      </span>
    </div>
  </div>
</body>
`;

exports[`EmptyState component 
  size: "small", title: "Manage your outreach campaigns", description: "Campaigns let you reach out to patients with text messages, emails and voice calls", imageSrc: "noContent"
 1`] = `
<body>
  <div>
    <div
      class="EmptyState"
      data-test="DesignSystem-EmptyState"
    >
      <img
        data-test="DesignSystem-EmptyState--Img"
        height="128px"
        src="noContent"
      />
      <h4
        class="Heading Heading--m Heading--default EmptyState-title EmptyState-title--small"
        data-test="DesignSystem-EmptyState--Heading"
      >
        Manage your outreach campaigns
      </h4>
      <span
        class="Text Text--subtle Text--regular EmptyState-description"
        data-test="DesignSystem-EmptyState--Text"
      >
        Campaigns let you reach out to patients with text messages, emails and voice calls
      </span>
    </div>
  </div>
</body>
`;

exports[`EmptyState component 
  size: "standard"
 1`] = `
<body>
  <div>
    <div
      class="d-flex justify-content-center align-item-center w-100 h-100"
    >
      <div
        class="EmptyState-Wrapper"
        data-test="DesignSystem-EmptyState--Wrapper"
        style="max-width: 480px;"
      >
        <h4
          class="Heading Heading--m Heading--default EmptyState-text EmptyState-title--standard"
          data-test="DesignSystem-EmptyState--Heading"
        >
          title must be passed here
        </h4>
        <span
          class="Text Text--subtle Text--regular EmptyState-text mt-3"
          data-test="DesignSystem-EmptyState--Text"
        >
          Description must be passed here
        </span>
        <div
          class="d-flex justify-content-center"
          style="max-height: 200px;"
        >
          <i
            class="material-symbols material-symbols-rounded Icon"
            data-test="DesignSystem-Icon"
            role="button"
            style="font-size: 32px; width: 32px;"
          >
            events
          </i>
        </div>
        <div
          class="EmptyState-actions--standard EmptyState-actions"
          data-test="DesignSystem-EmptyState--Actions"
        >
          <button
            class="Button Button--regular Button--basic Button--iconAlign-left"
            data-test="DesignSystem-Button"
            tabindex="0"
          >
            <span
              class="Button-text"
            >
              click me
            </span>
          </button>
        </div>
      </div>
    </div>
  </div>
</body>
`;

exports[`EmptyState component 
  size: "tight"
 1`] = `
<body>
  <div>
    <div
      class="d-flex justify-content-center align-item-center w-100 h-100"
    >
      <div
        class="EmptyState-Wrapper"
        data-test="DesignSystem-EmptyState--Wrapper"
        style="max-width: 320px;"
      >
        <span
          class="Text Text--default Text--medium Text--regular EmptyState-text EmptyState-title--tight"
          data-test="DesignSystem-EmptyState--Heading"
        >
          title must be passed here
        </span>
        <span
          class="Text Text--subtle Text--small EmptyState-text mt-3"
          data-test="DesignSystem-EmptyState--Text"
        >
          Description must be passed here
        </span>
        <div
          class="d-flex justify-content-center"
          style="max-height: 100px;"
        >
          <i
            class="material-symbols material-symbols-rounded Icon"
            data-test="DesignSystem-Icon"
            role="button"
            style="font-size: 32px; width: 32px;"
          >
            events
          </i>
        </div>
        <div
          class="EmptyState-actions--tight EmptyState-actions"
          data-test="DesignSystem-EmptyState--Actions"
        >
          <button
            class="Button Button--regular Button--basic Button--iconAlign-left"
            data-test="DesignSystem-Button"
            tabindex="0"
          >
            <span
              class="Button-text"
            >
              click me
            </span>
          </button>
        </div>
      </div>
    </div>
  </div>
</body>
`;
